2026-03-21 16:11:54 | INFO | log file: E:\フォートナイト\Picture\Loot Pool\TEST4\New Loot\System Update\期間限定\BetterFishing\output\logs\pipeline_2026-03-21_16-11-54.log
2026-03-21 16:11:54 | INFO | ===== BetterFishing: pipeline start =====
2026-03-21 16:11:54 | INFO | paths: lt=E:\フォートナイト\Picture\Loot Pool\TEST4\New Loot\System Update\期間限定\BetterFishing\input\AthenaLootTierData_Client__final.json lp=E:\フォートナイト\Picture\Loot Pool\TEST4\New Loot\System Update\期間限定\BetterFishing\input\AthenaLootPackages_Client__final.json minlist=E:\フォートナイト\Picture\Loot Pool\TEST4\New Loot\System Update\期間限定\BetterFishing\input\items_unique_min.json
2026-03-21 16:11:54 | INFO | output: summary=E:\フォートナイト\Picture\Loot Pool\TEST4\New Loot\System Update\期間限定\BetterFishing\output\summary lootdata=E:\フォートナイト\Picture\Loot Pool\TEST4\New Loot\System Update\戦利品データ\期間限定\BetterFishing
2026-03-21 16:11:54 | INFO | flags: hotfix=True prewarm=True image=True workers=8
2026-03-21 16:11:54 | INFO | hotfix start: E:\フォートナイト\Picture\Loot Pool\TEST4\New Loot\System Update\LootPackage.py
2026-03-21 16:11:54 | INFO | hotfix lp stdout: [STEP1-1] base e:\Fmodel\Exports\FortniteGame\Plugins\GameFeatures\BetterFishing\Content\DataTables\BetterFishing_LootPackages.json
[HOTFIX:SEASON1] target=/BetterFishing/DataTables/BetterFishing_LootPackages
[HOTFIX:SEASON1] Addrow(TableUpdate) なし -> スキップ
[HOTFIX:SEASON1] done: applied=0, deleted=0, skipped=0
[WRITE] final -> E:\フォートナイト\Picture\Loot Pool\TEST4\New Loot\System Update\期間限定\BetterFishing\input\AthenaLootPackages_Client__final.json
[WRITE] per-input -> E:\フォートナイト\Picture\Loot Pool\TEST4\New Loot\System Update\期間限定\BetterFishing\input\BetterFishing_LootPackages__final.json
2026-03-21 16:11:54 | INFO | hotfix start: E:\フォートナイト\Picture\Loot Pool\TEST4\New Loot\System Update\LootTier.py
2026-03-21 16:11:54 | INFO | hotfix lt stdout: [STEP1-1] base e:\Fmodel\Exports\FortniteGame\Plugins\GameFeatures\BetterFishing\Content\DataTables\BetterFishing_LootTierData.json
[HOTFIX:SEASON1] target=/BetterFishing/DataTables/BetterFishing_LootTierData
[HOTFIX:SEASON1] done: applied=0, deleted=0, skipped=0
[WRITE] final -> E:\フォートナイト\Picture\Loot Pool\TEST4\New Loot\System Update\期間限定\BetterFishing\input\AthenaLootTierData_Client__final.json
[WRITE] per-input -> E:\フォートナイト\Picture\Loot Pool\TEST4\New Loot\System Update\期間限定\BetterFishing\input\BetterFishing_LootTierData__final.json
2026-03-21 16:11:54 | INFO | ✓ Hotfix 適用完了 (0.70s)
2026-03-21 16:11:54 | INFO | load lt: E:\フォートナイト\Picture\Loot Pool\TEST4\New Loot\System Update\期間限定\BetterFishing\input\AthenaLootTierData_Client__final.json
2026-03-21 16:11:54 | INFO | load lp: E:\フォートナイト\Picture\Loot Pool\TEST4\New Loot\System Update\期間限定\BetterFishing\input\AthenaLootPackages_Client__final.json
2026-03-21 16:11:54 | INFO | load done (0.00s)
2026-03-21 16:11:54 | INFO | build summary start
2026-03-21 16:11:55 | INFO | build summary done (1.04s)
2026-03-21 16:11:55 | INFO | enrich summary with names start
2026-03-21 16:11:56 | INFO | enrich summary done (0.55s)
2026-03-21 16:11:56 | INFO | ✅ まとめJSONを作成: E:\フォートナイト\Picture\Loot Pool\TEST4\New Loot\System Update\期間限定\BetterFishing\output\summary\v39.30_2026-03-21_16-11.json
2026-03-21 16:11:56 | INFO | build BR_LootData start
2026-03-21 16:11:56 | INFO | build BR_LootData done (0.00s)
2026-03-21 16:11:56 | INFO | ✅ BR_LootData を作成: E:\フォートナイト\Picture\Loot Pool\TEST4\New Loot\System Update\戦利品データ\期間限定\BetterFishing\BetterFishing_LootData_2026-03-21_16-11.json
2026-03-21 16:11:56 | INFO | ✅ Web LootPool を更新: E:\フォートナイト\Web\assets\data\Loot\BetterFishing_LootPool.json
2026-03-21 16:11:56 | INFO | LootSummary start: E:\フォートナイト\Picture\Loot Pool\TEST4\New Loot\System Update\期間限定\BetterFishing\scripts\LootSummary.py
2026-03-21 16:11:56 | INFO | LootSummary stdout: 🔎 抽出用: 最新ファイル = E:\フォートナイト\Picture\Loot Pool\TEST4\New Loot\System Update\期間限定\BetterFishing\output\summary\v39.30_2026-03-21_16-11.json
✅ 抽出件数: 9
💾 保存: E:\フォートナイト\Picture\Loot Pool\TEST4\New Loot\System Update\期間限定\BetterFishing\input\items_unique_min.json
🔎 比較用: base   = E:\フォートナイト\Picture\Loot Pool\TEST4\New Loot\System Update\期間限定\BetterFishing\output\summary\v39.30_2026-03-21_15-52.json
🔎 比較用: target = E:\フォートナイト\Picture\Loot Pool\TEST4\New Loot\System Update\期間限定\BetterFishing\output\summary\v39.30_2026-03-21_16-11.json
✅ 差分作成 完了
  追加   : 9 / 削除 : 14 / 変更 : 0 / 変化なし : 0
💾 差分: E:\フォートナイト\Picture\Loot Pool\TEST4\New Loot\System Update\期間限定\BetterFishing\output\history\BR_20260321_1611\items_unique_min_diff.json
2026-03-21 16:11:56 | WARNING | LootSummary stderr: E:\フォートナイト\Picture\Loot Pool\TEST4\New Loot\System Update\期間限定\BetterFishing\scripts\LootSummary.py:2: SyntaxWarning: invalid escape sequence '\B'
  """
2026-03-21 16:11:56 | INFO | ✅ LootSummary 実行完了（抽出→比較） (0.23s)
2026-03-21 16:11:56 | INFO | prewarm start
