2026-03-21 15:52:44 | INFO | log file: E:\フォートナイト\Picture\Loot Pool\TEST4\New Loot\System Update\期間限定\HazelnutSpread\output\logs\pipeline_2026-03-21_15-52-44.log
2026-03-21 15:52:44 | INFO | ===== HazelnutSpread: pipeline start =====
2026-03-21 15:52:44 | INFO | paths: lt=E:\フォートナイト\Picture\Loot Pool\TEST4\New Loot\System Update\期間限定\HazelnutSpread\input\AthenaLootTierData_Client__final.json lp=E:\フォートナイト\Picture\Loot Pool\TEST4\New Loot\System Update\期間限定\HazelnutSpread\input\AthenaLootPackages_Client__final.json minlist=E:\フォートナイト\Picture\Loot Pool\TEST4\New Loot\System Update\期間限定\HazelnutSpread\input\items_unique_min.json
2026-03-21 15:52:44 | INFO | output: summary=E:\フォートナイト\Picture\Loot Pool\TEST4\New Loot\System Update\期間限定\HazelnutSpread\output\summary lootdata=E:\フォートナイト\Picture\Loot Pool\TEST4\New Loot\System Update\戦利品データ\期間限定\HazelnutSpread
2026-03-21 15:52:44 | INFO | flags: hotfix=True prewarm=True image=True workers=8
2026-03-21 15:52:44 | INFO | hotfix start: E:\フォートナイト\Picture\Loot Pool\TEST4\New Loot\System Update\LootPackage.py
2026-03-21 15:52:44 | INFO | hotfix lp stdout: [STEP1-1] base e:\Fmodel\Exports\FortniteGame\Plugins\GameFeatures\HazelnutSpread\Content\DataTables\HazelnutSpread_AthenaLootPackages.json
[HOTFIX:SEASON1] target=/HazelnutSpread/DataTables/HazelnutSpread_AthenaLootPackages
[380] RowUpdate VendItemList.HazelnutSpread.Consumables.02.Weight=0.000000 -> OK
[501] RowUpdate VendItemList.HazelnutSpread.Consumables04.01.CountRange=(X=5,Y=5) -> OK
[HOTFIX:SEASON1] Addrow(TableUpdate) なし -> スキップ
[HOTFIX:SEASON1] done: applied=2, deleted=0, skipped=0
[STEP1-2] merge e:\Fmodel\Exports\FortniteGame\Plugins\GameFeatures\HazelnutSpread\Content\DataTables\HazelnutSpread_AthenaLootPackages_Override.json : replaced=0, added=0
[HOTFIX:SEASON2] target=/HazelnutSpread/DataTables/HazelnutSpread_AthenaLootPackages_Override
[HOTFIX:SEASON2] Addrow(TableUpdate) なし -> スキップ
[HOTFIX:SEASON2] done: applied=0, deleted=0, skipped=0
[WRITE] final -> E:\フォートナイト\Picture\Loot Pool\TEST4\New Loot\System Update\期間限定\HazelnutSpread\input\AthenaLootPackages_Client__final.json
[WRITE] per-input -> E:\フォートナイト\Picture\Loot Pool\TEST4\New Loot\System Update\期間限定\HazelnutSpread\input\HazelnutSpread_AthenaLootPackages__final.json
[WRITE] per-input -> E:\フォートナイト\Picture\Loot Pool\TEST4\New Loot\System Update\期間限定\HazelnutSpread\input\HazelnutSpread_AthenaLootPackages_Override__final.json
2026-03-21 15:52:44 | INFO | hotfix start: E:\フォートナイト\Picture\Loot Pool\TEST4\New Loot\System Update\LootTier.py
2026-03-21 15:52:44 | INFO | hotfix lt stdout: [STEP1-1] base e:\Fmodel\Exports\FortniteGame\Plugins\GameFeatures\HazelnutSpread\Content\DataTables\HazelnutSpread_AthenaLootTierData.json
[HOTFIX:SEASON1] target=/HazelnutSpread/DataTables/HazelnutSpread_AthenaLootTierData
[378] RowUpdate LTG_Vend_HazelnutSpread_SeasonalWeapons_Explosive_01.Weight=0.000000 -> OK
[379] RowUpdate LTG_Vend_HazelnutSpread_SeasonalWeapons_Gauntlets_01.Weight=1.000000 -> OK
[HOTFIX:SEASON1] done: applied=2, deleted=0, skipped=0
[STEP1-2] merge e:\Fmodel\Exports\FortniteGame\Plugins\GameFeatures\HazelnutSpread\Content\DataTables\HazelnutSpread_AthenaLootTierData_Override.json : replaced=0, added=0
[HOTFIX:SEASON2] target=/HazelnutSpread/DataTables/HazelnutSpread_AthenaLootTierData_Override
[HOTFIX:SEASON2] done: applied=0, deleted=0, skipped=0
[WRITE] final -> E:\フォートナイト\Picture\Loot Pool\TEST4\New Loot\System Update\期間限定\HazelnutSpread\input\AthenaLootTierData_Client__final.json
[WRITE] per-input -> E:\フォートナイト\Picture\Loot Pool\TEST4\New Loot\System Update\期間限定\HazelnutSpread\input\HazelnutSpread_AthenaLootTierData__final.json
[WRITE] per-input -> E:\フォートナイト\Picture\Loot Pool\TEST4\New Loot\System Update\期間限定\HazelnutSpread\input\HazelnutSpread_AthenaLootTierData_Override__final.json
2026-03-21 15:52:44 | INFO | ✓ Hotfix 適用完了 (0.34s)
2026-03-21 15:52:44 | INFO | load lt: E:\フォートナイト\Picture\Loot Pool\TEST4\New Loot\System Update\期間限定\HazelnutSpread\input\AthenaLootTierData_Client__final.json
2026-03-21 15:52:44 | INFO | load lp: E:\フォートナイト\Picture\Loot Pool\TEST4\New Loot\System Update\期間限定\HazelnutSpread\input\AthenaLootPackages_Client__final.json
2026-03-21 15:52:44 | INFO | load done (0.00s)
2026-03-21 15:52:44 | INFO | build summary start
2026-03-21 15:52:44 | INFO | build summary done (0.00s)
2026-03-21 15:52:44 | INFO | enrich summary with names start
2026-03-21 15:52:44 | INFO | enrich summary done (0.00s)
2026-03-21 15:52:44 | INFO | ✅ まとめJSONを作成: E:\フォートナイト\Picture\Loot Pool\TEST4\New Loot\System Update\期間限定\HazelnutSpread\output\summary\v39.30_2026-03-21_15-52.json
2026-03-21 15:52:44 | INFO | build BR_LootData start
2026-03-21 15:52:44 | INFO | build BR_LootData done (0.00s)
2026-03-21 15:52:44 | INFO | ✅ BR_LootData を作成: E:\フォートナイト\Picture\Loot Pool\TEST4\New Loot\System Update\戦利品データ\期間限定\HazelnutSpread\HazelnutSpread_LootData_2026-03-21_15-52.json
2026-03-21 15:52:44 | INFO | ✅ Web LootPool を更新: E:\フォートナイト\Web\assets\data\Loot\HazelnutSpread_LootPool.json
2026-03-21 15:52:44 | INFO | LootSummary start: E:\フォートナイト\Picture\Loot Pool\TEST4\New Loot\System Update\期間限定\HazelnutSpread\scripts\LootSummary.py
2026-03-21 15:52:45 | INFO | LootSummary stdout: 🔎 抽出用: 最新ファイル = E:\フォートナイト\Picture\Loot Pool\TEST4\New Loot\System Update\期間限定\HazelnutSpread\output\summary\v39.30_2026-03-21_15-52.json
✅ 抽出件数: 14
💾 保存: E:\フォートナイト\Picture\Loot Pool\TEST4\New Loot\System Update\期間限定\HazelnutSpread\input\items_unique_min.json
🔎 比較用: base   = E:\フォートナイト\Picture\Loot Pool\TEST4\New Loot\System Update\期間限定\HazelnutSpread\output\summary\v39.30_2026-03-21_15-42.json
🔎 比較用: target = E:\フォートナイト\Picture\Loot Pool\TEST4\New Loot\System Update\期間限定\HazelnutSpread\output\summary\v39.30_2026-03-21_15-52.json
✅ 差分作成 完了
  追加   : 1 / 削除 : 0 / 変更 : 0 / 変化なし : 13
💾 差分: E:\フォートナイト\Picture\Loot Pool\TEST4\New Loot\System Update\期間限定\HazelnutSpread\output\history\BR_20260321_1552\items_unique_min_diff.json
2026-03-21 15:52:45 | WARNING | LootSummary stderr: E:\フォートナイト\Picture\Loot Pool\TEST4\New Loot\System Update\期間限定\HazelnutSpread\scripts\LootSummary.py:2: SyntaxWarning: invalid escape sequence '\B'
  """
2026-03-21 15:52:45 | INFO | ✅ LootSummary 実行完了（抽出→比較） (0.13s)
2026-03-21 15:52:45 | INFO | prewarm start
2026-03-21 15:52:45 | INFO | ✅ アイコンキャッシュ プリウォーム完了 (0.24s)
2026-03-21 15:52:45 | INFO | 画像化タスク数: 14
2026-03-21 15:52:45 | INFO | 画像生成 進捗: 1/14
2026-03-21 15:52:45 | INFO | 画像生成 進捗: 14/14
2026-03-21 15:52:45 | INFO | ✅ 画像生成 完了（MinListベース）
2026-03-21 15:52:45 | INFO | ✅ Loot diff を作成: E:\フォートナイト\Web\assets\data\Loot\diff\HazelnutSpread_2026-03-21_15-52-45.json (added=1 removed=0 change=4)
2026-03-21 15:52:45 | INFO | ✅ AddedItems 画像を保存: E:\フォートナイト\Picture\Loot Pool\TEST4\New Loot\System Update\shared\images\HazelnutSpread\AddedItems\2026-03-21_15-52-45 (copied=1 missing=0)
2026-03-21 15:52:45 | INFO | git add: E:\フォートナイト\Picture\Loot Pool\TEST4\New Loot\System Update
2026-03-21 15:52:50 | INFO | git commit stdout: [main 5ccec56] HazelnutSpread update 2026-03-21 15:52:47
 12 files changed, 1005 insertions(+), 94 deletions(-)
 create mode 100644 "System Update/shared/images/HazelnutSpread/AddedItems/2026-03-21_15-52-45/\343\203\206\343\202\243\343\202\2424 - \343\202\273\343\203\226\343\203\263\343\201\256\343\203\221\343\203\257\343\203\274\343\202\260\343\203\255\343\203\274\343\203\226.png"
 create mode 100644 "System Update/shared/images/\346\234\237\351\226\223\351\231\220\345\256\232/HazelnutSpread/\343\202\273\343\203\226\343\203\263\343\201\256\343\203\221\343\203\257\343\203\274\343\202\260\343\203\255\343\203\274\343\203\226 - \343\203\206\343\202\243\343\202\2424.png"
 create mode 100644 "System Update/\346\210\246\345\210\251\345\223\201\343\203\207\343\203\274\343\202\277/\346\234\237\351\226\223\351\231\220\345\256\232/HazelnutSpread/HazelnutSpread_LootData_2026-03-21_15-52.json"
 create mode 100644 "System Update/\346\234\237\351\226\223\351\231\220\345\256\232/HazelnutSpread/output/history/BR_20260321_1552/items_unique_min_diff.json"
 create mode 100644 "System Update/\346\234\237\351\226\223\351\231\220\345\256\232/HazelnutSpread/output/logs/pipeline_2026-03-21_15-52-44.log"
 create mode 100644 "System Update/\346\234\237\351\226\223\351\231\220\345\256\232/HazelnutSpread/output/summary/v39.30_2026-03-21_15-52.json"
2026-03-21 15:52:53 | WARNING | git push stderr: To https://github.com/Greenfox0833/New-Loot.git
   b8d1a62..5ccec56  main -> main
2026-03-21 15:52:53 | INFO | ✓ GitHub Push 完了
2026-03-21 15:52:53 | INFO | ===== HazelnutSpread: pipeline end =====
