2026-04-17 19:04:43 | INFO | log file (Figment_NoBuild): E:\フォートナイト\Picture\Loot Pool\TEST4\New Loot\System Update\Figment_NoBuild\output\logs\pipeline_2026-04-17_19-04-43.log
2026-04-17 19:04:43 | INFO | ===== Figment_NoBuild: pipeline start =====
2026-04-17 19:04:43 | INFO | paths: lt=E:\フォートナイト\Picture\Loot Pool\TEST4\New Loot\System Update\Figment_NoBuild\input\AthenaLootTierData_Client__final.json lp=E:\フォートナイト\Picture\Loot Pool\TEST4\New Loot\System Update\Figment_NoBuild\input\AthenaLootPackages_Client__final.json minlist=E:\フォートナイト\Picture\Loot Pool\TEST4\New Loot\System Update\Figment_NoBuild\input\items_unique_min.json
2026-04-17 19:04:43 | INFO | output: summary=E:\フォートナイト\Picture\Loot Pool\TEST4\New Loot\System Update\Figment_NoBuild\output\summary lootdata=E:\フォートナイト\Picture\Loot Pool\TEST4\New Loot\System Update\戦利品データ\Figment_NoBuild
2026-04-17 19:04:43 | INFO | flags: hotfix=True prewarm=True image=True workers=8
2026-04-17 19:04:43 | INFO | hotfix start: E:\フォートナイト\Picture\Loot Pool\TEST4\New Loot\System Update\LootPackage.py
2026-04-17 19:04:43 | INFO | hotfix lp stdout: [STEP1-1] base E:\Fmodel\Exports\FortniteGame\Plugins\GameFeatures\Figment\Figment_LootTables\Content\DataTables\FigmentLootPackages.json
[HOTFIX:SEASON1] target=/Figment_LootTables/DataTables/FigmentLootPackages
[529] RowUpdate WorldList.AthenaLoot.VendingMachine.Weapons.Legendary.Shells.01.Weight=0.000000 -> OK
[530] RowUpdate WorldList.AthenaLoot.Weapon.Shotgun.11.Weight=0.000000 -> OK
[531] RowUpdate WorldList.AthenaLoot.Weapon.HighShotgun.11.Weight=0.000000 -> OK
[532] RowUpdate WorldList.AthenaSupplyDrop.Weapon.Shotgun.03.Weight=0.000000 -> OK
[533] RowUpdate WorldList.AthenaLoot.Weapon.AssaultAuto.29.ItemDefinition=/Figment_Assault_Heavy_Athena/Gameplay/WID_Figment_Assault_Heavy_Athena_C_Ore_T04.WID_Figment_Assault_Heavy_Athena_C_Ore_T04 -> OK
[534] RowUpdate WorldList.AthenaLoot.Weapon.AssaultAuto.30.ItemDefinition=/Figment_Assault_Heavy_Athena/Gameplay/WID_Figment_Assault_Heavy_Athena_UC_Ore_T04.WID_Figment_Assault_Heavy_Athena_UC_Ore_T04 -> OK
[535] RowUpdate WorldList.AthenaLoot.Weapon.HighAssaultAuto.15.ItemDefinition=/Figment_Assault_Heavy_Athena/Gameplay/WID_Figment_Assault_Heavy_Athena_UC_Ore_T04.WID_Figment_Assault_Heavy_Athena_UC_Ore_T04 -> OK
[536] RowUpdate WorldList.AthenaLoot.Weapon.AssaultAuto.27.Weight=0.000000 -> OK
[537] RowUpdate WorldList.AthenaLoot.Weapon.AssaultAuto.28.Weight=0.000000 -> OK
[538] RowUpdate WorldList.AthenaLoot.Weapon.HighAssaultAuto.24.Weight=0.000000 -> OK
[539] RowUpdate WorldList.AthenaLoot.Weapon.HighAssaultAuto.25.Weight=0.000000 -> OK
[540] RowUpdate WorldList.AthenaSupplyDrop.Weapon.Assault.11.Weight=0.000000 -> OK
[541] RowUpdate WorldList.AthenaHighConsumables.35.Weight=0.000000 -> OK
[542] RowUpdate WorldList.AthenaSupplyDropConsumables.34.Weight=0.000000 -> OK
[543] RowUpdate WorldList.AthenaConsumables.30.Weight=0.000000 -> OK
[544] RowUpdate WorldList.AthenaLoot.VendingMachine.Consumables.Uncommon.03.Weight=0.000000 -> OK
[545] RowUpdate WorldList.AthenaTraps.14.Weight=0.000000 -> OK
[546] RowUpdate WorldList.ForagedItem.Banana.01.Weight=0.000000 -> OK
[547] RowUpdate WorldList.ForagedItem.Pepper.01.Weight=0.000000 -> OK
[548] RowUpdate WorldList.ForagedItem.Coconut.01.Weight=0.000000 -> OK
[629] RowUpdate WorldList.AthenaLoot.VendingMachine.Weapons.Rare.Rocket.01.ItemDefinition=/Figment_Launcher_Grenade_Athena/Gameplay/WID_Figment_Launcher_Egg_Athena_R_Ore_T03.WID_Figment_Launcher_Egg_Athena_R_Ore_T03 -> OK
[630] RowUpdate WorldList.AthenaLoot.VendingMachine.Weapons.Epic.Rocket.03.ItemDefinition=/Figment_Launcher_Grenade_Athena/Gameplay/WID_Figment_Launcher_Egg_Athena_VR_Ore_T03.WID_Figment_Launcher_Egg_Athena_VR_Ore_T03 -> OK
[631] RowUpdate WorldList.AthenaLoot.Weapon.Rocket.08.ItemDefinition=/Figment_Launcher_Grenade_Athena/Gameplay/WID_Figment_Launcher_Egg_Athena_R_Ore_T03.WID_Figment_Launcher_Egg_Athena_R_Ore_T03 -> OK
[632] RowUpdate WorldList.AthenaLoot.Weapon.Rocket.09.ItemDefinition=/Figment_Launcher_Grenade_Athena/Gameplay/WID_Figment_Launcher_Egg_Athena_VR_Ore_T03.WID_Figment_Launcher_Egg_Athena_VR_Ore_T03 -> OK
[633] RowUpdate WorldList.AthenaLoot.Weapon.Rocket.10.ItemDefinition=/Figment_Launcher_Grenade_Athena/Gameplay/WID_Figment_Launcher_Egg_Athena_SR_Ore_T03.WID_Figment_Launcher_Egg_Athena_SR_Ore_T03 -> OK
[634] RowUpdate WorldList.AthenaLoot.Weapon.HighRocket.18.ItemDefinition=/Figment_Launcher_Grenade_Athena/Gameplay/WID_Figment_Launcher_Egg_Athena_R_Ore_T03.WID_Figment_Launcher_Egg_Athena_R_Ore_T03 -> OK
[635] RowUpdate WorldList.AthenaLoot.Weapon.HighRocket.19.ItemDefinition=/Figment_Launcher_Grenade_Athena/Gameplay/WID_Figment_Launcher_Egg_Athena_VR_Ore_T03.WID_Figment_Launcher_Egg_Athena_VR_Ore_T03 -> OK
[636] RowUpdate WorldList.AthenaLoot.Weapon.HighRocket.20.ItemDefinition=/Figment_Launcher_Grenade_Athena/Gameplay/WID_Figment_Launcher_Egg_Athena_SR_Ore_T03.WID_Figment_Launcher_Egg_Athena_SR_Ore_T03 -> OK
[637] RowUpdate WorldList.ApolloLoot.Weapon.Rocket.08.ItemDefinition=/Figment_Launcher_Grenade_Athena/Gameplay/WID_Figment_Launcher_Egg_Athena_VR_Ore_T03.WID_Figment_Launcher_Egg_Athena_VR_Ore_T03 -> OK
[638] RowUpdate WorldList.ApolloLoot.Weapon.Rocket.09.ItemDefinition=/Figment_Launcher_Grenade_Athena/Gameplay/WID_Figment_Launcher_Egg_Athena_SR_Ore_T03.WID_Figment_Launcher_Egg_Athena_SR_Ore_T03 -> OK
[639] RowUpdate WorldList.AthenaSupplyDrop.Weapon.Rocket.02.Weight=1.000000 -> OK
[640] RowUpdate WorldList.AthenaSupplyDrop.Weapon.Rocket.02.ItemDefinition=/Figment_Launcher_Grenade_Athena/Gameplay/WID_Figment_Launcher_Egg_Athena_SR_Ore_T03.WID_Figment_Launcher_Egg_Athena_SR_Ore_T03 -> OK
[HOTFIX:SEASON1] Addrow(TableUpdate) なし -> スキップ
[HOTFIX:SEASON1] done: applied=32, deleted=0, skipped=0
[STEP1-2] merge E:\Fmodel\Exports\FortniteGame\Plugins\GameFeatures\Figment\Figment_LootTables\Content\DataTables\NoBuild\NoBuildFigmentLootPackages_Override.json : replaced=75, added=0
[HOTFIX:SEASON2] target=/Figment_LootTables/DataTables/NoBuild/NoBuildFigmentLootPackages_Override
[HOTFIX:SEASON2] Addrow(TableUpdate) なし -> スキップ
[HOTFIX:SEASON2] done: applied=0, deleted=0, skipped=0
[WRITE] final -> E:\フォートナイト\Picture\Loot Pool\TEST4\New Loot\System Update\Figment_NoBuild\input\AthenaLootPackages_Client__final.json
[WRITE] per-input -> E:\フォートナイト\Picture\Loot Pool\TEST4\New Loot\System Update\Figment_NoBuild\input\FigmentLootPackages__final.json
[WRITE] per-input -> E:\フォートナイト\Picture\Loot Pool\TEST4\New Loot\System Update\Figment_NoBuild\input\NoBuildFigmentLootPackages_Override__final.json
2026-04-17 19:04:43 | INFO | hotfix start: E:\フォートナイト\Picture\Loot Pool\TEST4\New Loot\System Update\LootTier.py
2026-04-17 19:04:43 | INFO | hotfix lt stdout: [STEP1-1] base E:\Fmodel\Exports\FortniteGame\Plugins\GameFeatures\Figment\Figment_LootTables\Content\DataTables\FigmentLootTierData.json
[HOTFIX:SEASON1] target=/Figment_LootTables/DataTables/FigmentLootPackages
[529] RowUpdate WorldList.AthenaLoot.VendingMachine.Weapons.Legendary.Shells.01.Weight=0.000000 -> SKIP(no row)
[530] RowUpdate WorldList.AthenaLoot.Weapon.Shotgun.11.Weight=0.000000 -> SKIP(no row)
[531] RowUpdate WorldList.AthenaLoot.Weapon.HighShotgun.11.Weight=0.000000 -> SKIP(no row)
[532] RowUpdate WorldList.AthenaSupplyDrop.Weapon.Shotgun.03.Weight=0.000000 -> SKIP(no row)
[533] RowUpdate WorldList.AthenaLoot.Weapon.AssaultAuto.29.ItemDefinition=/Figment_Assault_Heavy_Athena/Gameplay/WID_Figment_Assault_Heavy_Athena_C_Ore_T04.WID_Figment_Assault_Heavy_Athena_C_Ore_T04 -> SKIP(no row)
[534] RowUpdate WorldList.AthenaLoot.Weapon.AssaultAuto.30.ItemDefinition=/Figment_Assault_Heavy_Athena/Gameplay/WID_Figment_Assault_Heavy_Athena_UC_Ore_T04.WID_Figment_Assault_Heavy_Athena_UC_Ore_T04 -> SKIP(no row)
[535] RowUpdate WorldList.AthenaLoot.Weapon.HighAssaultAuto.15.ItemDefinition=/Figment_Assault_Heavy_Athena/Gameplay/WID_Figment_Assault_Heavy_Athena_UC_Ore_T04.WID_Figment_Assault_Heavy_Athena_UC_Ore_T04 -> SKIP(no row)
[536] RowUpdate WorldList.AthenaLoot.Weapon.AssaultAuto.27.Weight=0.000000 -> SKIP(no row)
[537] RowUpdate WorldList.AthenaLoot.Weapon.AssaultAuto.28.Weight=0.000000 -> SKIP(no row)
[538] RowUpdate WorldList.AthenaLoot.Weapon.HighAssaultAuto.24.Weight=0.000000 -> SKIP(no row)
[539] RowUpdate WorldList.AthenaLoot.Weapon.HighAssaultAuto.25.Weight=0.000000 -> SKIP(no row)
[540] RowUpdate WorldList.AthenaSupplyDrop.Weapon.Assault.11.Weight=0.000000 -> SKIP(no row)
[541] RowUpdate WorldList.AthenaHighConsumables.35.Weight=0.000000 -> SKIP(no row)
[542] RowUpdate WorldList.AthenaSupplyDropConsumables.34.Weight=0.000000 -> SKIP(no row)
[543] RowUpdate WorldList.AthenaConsumables.30.Weight=0.000000 -> SKIP(no row)
[544] RowUpdate WorldList.AthenaLoot.VendingMachine.Consumables.Uncommon.03.Weight=0.000000 -> SKIP(no row)
[545] RowUpdate WorldList.AthenaTraps.14.Weight=0.000000 -> SKIP(no row)
[546] RowUpdate WorldList.ForagedItem.Banana.01.Weight=0.000000 -> SKIP(no row)
[547] RowUpdate WorldList.ForagedItem.Pepper.01.Weight=0.000000 -> SKIP(no row)
[548] RowUpdate WorldList.ForagedItem.Coconut.01.Weight=0.000000 -> SKIP(no row)
[629] RowUpdate WorldList.AthenaLoot.VendingMachine.Weapons.Rare.Rocket.01.ItemDefinition=/Figment_Launcher_Grenade_Athena/Gameplay/WID_Figment_Launcher_Egg_Athena_R_Ore_T03.WID_Figment_Launcher_Egg_Athena_R_Ore_T03 -> SKIP(no row)
[630] RowUpdate WorldList.AthenaLoot.VendingMachine.Weapons.Epic.Rocket.03.ItemDefinition=/Figment_Launcher_Grenade_Athena/Gameplay/WID_Figment_Launcher_Egg_Athena_VR_Ore_T03.WID_Figment_Launcher_Egg_Athena_VR_Ore_T03 -> SKIP(no row)
[631] RowUpdate WorldList.AthenaLoot.Weapon.Rocket.08.ItemDefinition=/Figment_Launcher_Grenade_Athena/Gameplay/WID_Figment_Launcher_Egg_Athena_R_Ore_T03.WID_Figment_Launcher_Egg_Athena_R_Ore_T03 -> SKIP(no row)
[632] RowUpdate WorldList.AthenaLoot.Weapon.Rocket.09.ItemDefinition=/Figment_Launcher_Grenade_Athena/Gameplay/WID_Figment_Launcher_Egg_Athena_VR_Ore_T03.WID_Figment_Launcher_Egg_Athena_VR_Ore_T03 -> SKIP(no row)
[633] RowUpdate WorldList.AthenaLoot.Weapon.Rocket.10.ItemDefinition=/Figment_Launcher_Grenade_Athena/Gameplay/WID_Figment_Launcher_Egg_Athena_SR_Ore_T03.WID_Figment_Launcher_Egg_Athena_SR_Ore_T03 -> SKIP(no row)
[634] RowUpdate WorldList.AthenaLoot.Weapon.HighRocket.18.ItemDefinition=/Figment_Launcher_Grenade_Athena/Gameplay/WID_Figment_Launcher_Egg_Athena_R_Ore_T03.WID_Figment_Launcher_Egg_Athena_R_Ore_T03 -> SKIP(no row)
[635] RowUpdate WorldList.AthenaLoot.Weapon.HighRocket.19.ItemDefinition=/Figment_Launcher_Grenade_Athena/Gameplay/WID_Figment_Launcher_Egg_Athena_VR_Ore_T03.WID_Figment_Launcher_Egg_Athena_VR_Ore_T03 -> SKIP(no row)
[636] RowUpdate WorldList.AthenaLoot.Weapon.HighRocket.20.ItemDefinition=/Figment_Launcher_Grenade_Athena/Gameplay/WID_Figment_Launcher_Egg_Athena_SR_Ore_T03.WID_Figment_Launcher_Egg_Athena_SR_Ore_T03 -> SKIP(no row)
[637] RowUpdate WorldList.ApolloLoot.Weapon.Rocket.08.ItemDefinition=/Figment_Launcher_Grenade_Athena/Gameplay/WID_Figment_Launcher_Egg_Athena_VR_Ore_T03.WID_Figment_Launcher_Egg_Athena_VR_Ore_T03 -> SKIP(no row)
[638] RowUpdate WorldList.ApolloLoot.Weapon.Rocket.09.ItemDefinition=/Figment_Launcher_Grenade_Athena/Gameplay/WID_Figment_Launcher_Egg_Athena_SR_Ore_T03.WID_Figment_Launcher_Egg_Athena_SR_Ore_T03 -> SKIP(no row)
[639] RowUpdate WorldList.AthenaSupplyDrop.Weapon.Rocket.02.Weight=1.000000 -> SKIP(no row)
[640] RowUpdate WorldList.AthenaSupplyDrop.Weapon.Rocket.02.ItemDefinition=/Figment_Launcher_Grenade_Athena/Gameplay/WID_Figment_Launcher_Egg_Athena_SR_Ore_T03.WID_Figment_Launcher_Egg_Athena_SR_Ore_T03 -> SKIP(no row)
[HOTFIX:SEASON1] done: applied=0, deleted=0, skipped=32
[STEP1-2] merge E:\Fmodel\Exports\FortniteGame\Plugins\GameFeatures\Figment\Figment_LootTables\Content\DataTables\NoBuild\NoBuildFigmentLootTierData_Override.json : replaced=0, added=0
[HOTFIX:SEASON2] target=/Figment_LootTables/DataTables/NoBuild/NoBuildFigmentLootPackages_Override
[HOTFIX:SEASON2] done: applied=0, deleted=0, skipped=0
[WRITE] final -> E:\フォートナイト\Picture\Loot Pool\TEST4\New Loot\System Update\Figment_NoBuild\input\AthenaLootTierData_Client__final.json
[WRITE] per-input -> E:\フォートナイト\Picture\Loot Pool\TEST4\New Loot\System Update\Figment_NoBuild\input\FigmentLootTierData__final.json
[WRITE] per-input -> E:\フォートナイト\Picture\Loot Pool\TEST4\New Loot\System Update\Figment_NoBuild\input\NoBuildFigmentLootTierData_Override__final.json
2026-04-17 19:04:43 | INFO | ✓ Hotfix 適用完了 (0.46s)
2026-04-17 19:04:43 | INFO | load lt: E:\フォートナイト\Picture\Loot Pool\TEST4\New Loot\System Update\Figment_NoBuild\input\AthenaLootTierData_Client__final.json
2026-04-17 19:04:43 | INFO | load lp: E:\フォートナイト\Picture\Loot Pool\TEST4\New Loot\System Update\Figment_NoBuild\input\AthenaLootPackages_Client__final.json
2026-04-17 19:04:43 | INFO | load done (0.01s)
2026-04-17 19:04:43 | INFO | build summary start
2026-04-17 19:04:43 | INFO | build summary done (0.02s)
2026-04-17 19:04:43 | INFO | enrich summary with names start
2026-04-17 19:04:43 | INFO | enrich summary done (0.00s)
2026-04-17 19:04:43 | INFO | ✅ まとめJSONを作成: E:\フォートナイト\Picture\Loot Pool\TEST4\New Loot\System Update\Figment_NoBuild\output\summary\v39.30_2026-04-17_19-04.json
2026-04-17 19:04:43 | INFO | build Figment_NoBuild_LootData start
2026-04-17 19:04:43 | INFO | build BR_LootData done (0.00s)
2026-04-17 19:04:43 | INFO | ✅ Figment_NoBuild_LootData を作成: E:\フォートナイト\Picture\Loot Pool\TEST4\New Loot\System Update\戦利品データ\Figment_NoBuild\Figment_NoBuild_LootData_2026-04-17_19-04.json
2026-04-17 19:04:43 | INFO | ✅ Web LootPool を更新: E:\フォートナイト\Web\assets\data\Loot\ORIGIN_ZB_LootPool.json
2026-04-17 19:04:43 | INFO | LootSummary start: E:\フォートナイト\Picture\Loot Pool\TEST4\New Loot\System Update\Figment_NoBuild\scripts\LootSummary.py
2026-04-17 19:04:43 | INFO | LootSummary stdout: 🔎 抽出用: 最新ファイル = E:\フォートナイト\Picture\Loot Pool\TEST4\New Loot\System Update\Figment_NoBuild\output\summary\v39.30_2026-04-17_19-04.json
✅ 抽出件数: 105
💾 保存: E:\フォートナイト\Picture\Loot Pool\TEST4\New Loot\System Update\Figment_NoBuild\input\items_unique_min.json
🔎 比較用: base   = E:\フォートナイト\Picture\Loot Pool\TEST4\New Loot\System Update\Figment_NoBuild\output\summary\v39.30_2026-04-01_23-00.json
🔎 比較用: target = E:\フォートナイト\Picture\Loot Pool\TEST4\New Loot\System Update\Figment_NoBuild\output\summary\v39.30_2026-04-17_19-04.json
✅ 差分作成 完了
  追加   : 5 / 削除 : 0 / 変更 : 0 / 変化なし : 100
💾 差分: E:\フォートナイト\Picture\Loot Pool\TEST4\New Loot\System Update\Figment_NoBuild\output\history\BR_20260417_1904\items_unique_min_diff.json
2026-04-17 19:04:43 | WARNING | LootSummary stderr: E:\フォートナイト\Picture\Loot Pool\TEST4\New Loot\System Update\Figment_NoBuild\scripts\LootSummary.py:2: SyntaxWarning: invalid escape sequence '\B'
  """
2026-04-17 19:04:43 | INFO | ✅ LootSummary 実行完了（抽出→比較） (0.18s)
2026-04-17 19:04:43 | INFO | prewarm start
2026-04-17 19:04:44 | INFO | ✅ アイコンキャッシュ プリウォーム完了 (0.91s)
2026-04-17 19:04:44 | INFO | 画像化タスク数: 105
2026-04-17 19:04:44 | INFO | 画像生成 進捗: 1/105
2026-04-17 19:04:45 | INFO | 画像生成 進捗: 50/105
2026-04-17 19:04:45 | INFO | 画像生成 進捗: 100/105
2026-04-17 19:04:45 | INFO | 画像生成 進捗: 105/105
2026-04-17 19:04:45 | INFO | ✅ 画像生成 完了（MinListベース）
2026-04-17 19:04:45 | INFO | ✅ Loot diff を作成: E:\フォートナイト\Web\assets\data\Loot\diff\Figment_NoBuild_2026-04-17_19-04-45.json (added=5 removed=3 change=17)
2026-04-17 19:04:45 | INFO | ✅ AddedItems 画像を保存: E:\フォートナイト\Picture\Loot Pool\TEST4\New Loot\System Update\shared\images\Figment_NoBuild\AddedItems\2026-04-17_19-04-45 (copied=5 missing=0)
2026-04-17 19:04:45 | INFO | git add: E:\フォートナイト\Picture\Loot Pool\TEST4\New Loot
2026-04-17 19:04:47 | INFO | git commit stdout: [main 50fb245] Figment_NoBuild update 2026-04-17 19:04:46
 23 files changed, 25427 insertions(+), 303 deletions(-)
 create mode 100644 System Update/Figment_NoBuild/output/history/BR_20260417_1904/items_unique_min_diff.json
 create mode 100644 System Update/Figment_NoBuild/output/logs/pipeline_2026-04-17_19-04-43.log
 create mode 100644 System Update/Figment_NoBuild/output/summary/v39.30_2026-04-17_19-04.json
 create mode 100644 "System Update/shared/images/Figment_NoBuild/AddedItems/2026-04-17_19-04-45/\343\203\206\343\202\243\343\202\2421 - \343\203\230\343\203\223\343\203\274\343\202\242\343\202\265\343\203\253\343\203\210\343\203\251\343\202\244\343\203\225\343\203\253.png"
 create mode 100644 "System Update/shared/images/Figment_NoBuild/AddedItems/2026-04-17_19-04-45/\343\203\206\343\202\243\343\202\2422 - \343\203\230\343\203\223\343\203\274\343\202\242\343\202\265\343\203\253\343\203\210\343\203\251\343\202\244\343\203\225\343\203\253.png"
 create mode 100644 "System Update/shared/images/Figment_NoBuild/AddedItems/2026-04-17_19-04-45/\343\203\206\343\202\243\343\202\2423 - \343\202\250\343\203\203\343\202\260\343\203\251\343\203\263\343\203\201\343\203\243\343\203\274  .png"
 create mode 100644 "System Update/shared/images/Figment_NoBuild/AddedItems/2026-04-17_19-04-45/\343\203\206\343\202\243\343\202\2424 - \343\202\250\343\203\203\343\202\260\343\203\251\343\203\263\343\203\201\343\203\243\343\203\274  .png"
 create mode 100644 "System Update/shared/images/Figment_NoBuild/AddedItems/2026-04-17_19-04-45/\343\203\206\343\202\243\343\202\2425 - \343\202\250\343\203\203\343\202\260\343\203\251\343\203\263\343\203\201\343\203\243\343\203\274  .png"
 create mode 100644 "System Update/shared/images/Figment_NoBuild/\343\202\250\343\203\203\343\202\260\343\203\251\343\203\263\343\203\201\343\203\243\343\203\274   - \343\203\206\343\202\243\343\202\2423.png"
 create mode 100644 "System Update/shared/images/Figment_NoBuild/\343\202\250\343\203\203\343\202\260\343\203\251\343\203\263\343\203\201\343\203\243\343\203\274   - \343\203\206\343\202\243\343\202\2424.png"
 create mode 100644 "System Update/shared/images/Figment_NoBuild/\343\202\250\343\203\203\343\202\260\343\203\251\343\203\263\343\203\201\343\203\243\343\203\274   - \343\203\206\343\202\243\343\202\2425.png"
 create mode 100644 "System Update/shared/images/Figment_NoBuild/\343\203\230\343\203\223\343\203\274\343\202\242\343\202\265\343\203\253\343\203\210\343\203\251\343\202\244\343\203\225\343\203\253 - \343\203\206\343\202\243\343\202\2421.png"
 create mode 100644 "System Update/shared/images/Figment_NoBuild/\343\203\230\343\203\223\343\203\274\343\202\242\343\202\265\343\203\253\343\203\210\343\203\251\343\202\244\343\203\225\343\203\253 - \343\203\206\343\202\243\343\202\2422.png"
 create mode 100644 "System Update/\346\210\246\345\210\251\345\223\201\343\203\207\343\203\274\343\202\277/Figment_NoBuild/Figment_NoBuild_LootData_2026-04-17_19-04.json"
2026-04-17 19:04:51 | WARNING | git push stderr: To https://github.com/Greenfox0833/New-Loot.git
   9ffb4c2..50fb245  main -> main
2026-04-17 19:04:51 | INFO | ✓ GitHub Push 完了
2026-04-17 19:04:51 | INFO | ===== Figment_NoBuild: pipeline end =====
