2026-03-05 23:29:46 | INFO | log file (Figment_NoBuild): E:\フォートナイト\Picture\Loot Pool\TEST4\New Loot\System Update\Figment_NoBuild\output\logs\pipeline_2026-03-05_23-29-46.log
2026-03-05 23:29:46 | INFO | ===== Figment_NoBuild: pipeline start =====
2026-03-05 23:29:46 | INFO | paths: lt=E:\フォートナイト\Picture\Loot Pool\TEST4\New Loot\System Update\Figment_NoBuild\input\AthenaLootTierData_Client__final.json lp=E:\フォートナイト\Picture\Loot Pool\TEST4\New Loot\System Update\Figment_NoBuild\input\AthenaLootPackages_Client__final.json minlist=E:\フォートナイト\Picture\Loot Pool\TEST4\New Loot\System Update\Figment_NoBuild\input\items_unique_min.json
2026-03-05 23:29:46 | INFO | output: summary=E:\フォートナイト\Picture\Loot Pool\TEST4\New Loot\System Update\Figment_NoBuild\output\summary lootdata=E:\フォートナイト\Picture\Loot Pool\TEST4\New Loot\System Update\戦利品データ\Figment_NoBuild
2026-03-05 23:29:46 | INFO | flags: hotfix=True prewarm=True image=True workers=8
2026-03-05 23:29:46 | INFO | hotfix start: E:\フォートナイト\Picture\Loot Pool\TEST4\New Loot\System Update\LootPackage.py
2026-03-05 23:29:46 | INFO | hotfix lp stdout: [STEP1-1] base E:\Fmodel\Exports\FortniteGame\Plugins\GameFeatures\Figment\Figment_LootTables\Content\DataTables\FigmentLootPackages.json
[HOTFIX:SEASON1] target=/Figment_LootTables/DataTables/FigmentLootPackages
[430] RowUpdate WorldList.AthenaSupplyDrop.Weapon.Handgun.02.Weight=0.000000 -> OK
[572] RowUpdate WorldList.AthenaLoot.Weapon.AssaultAuto.39.Weight=0.050000 -> OK
[573] RowUpdate WorldList.AthenaLoot.Weapon.HighAssaultAuto.19.Weight=0.060000 -> OK
[574] RowUpdate WorldList.AthenaLoot.Weapon.Sniper.15.Weight=0.500000 -> OK
[575] RowUpdate WorldList.AthenaLoot.Weapon.HighSniper.22.Weight=0.050000 -> OK
[HOTFIX:SEASON1] Addrow(TableUpdate) なし -> スキップ
[HOTFIX:SEASON1] done: applied=5, deleted=0, skipped=0
[STEP1-2] merge E:\Fmodel\Exports\FortniteGame\Plugins\GameFeatures\Figment\Figment_LootTables\Content\DataTables\NoBuild\NoBuildFigmentLootPackages_Override.json : replaced=75, added=0
[HOTFIX:SEASON2] target=/Figment_LootTables/DataTables/NoBuild/NoBuildFigmentLootPackages_Override
[HOTFIX:SEASON2] Addrow(TableUpdate) なし -> スキップ
[HOTFIX:SEASON2] done: applied=0, deleted=0, skipped=0
[WRITE] final -> E:\フォートナイト\Picture\Loot Pool\TEST4\New Loot\System Update\Figment_NoBuild\input\AthenaLootPackages_Client__final.json
[WRITE] per-input -> E:\フォートナイト\Picture\Loot Pool\TEST4\New Loot\System Update\Figment_NoBuild\input\FigmentLootPackages__final.json
[WRITE] per-input -> E:\フォートナイト\Picture\Loot Pool\TEST4\New Loot\System Update\Figment_NoBuild\input\NoBuildFigmentLootPackages_Override__final.json
2026-03-05 23:29:46 | INFO | hotfix start: E:\フォートナイト\Picture\Loot Pool\TEST4\New Loot\System Update\LootTier.py
2026-03-05 23:29:46 | INFO | hotfix lt stdout: [STEP1-1] base E:\Fmodel\Exports\FortniteGame\Plugins\GameFeatures\Figment\Figment_LootTables\Content\DataTables\FigmentLootTierData.json
[HOTFIX:SEASON1] target=/Figment_LootTables/DataTables/FigmentLootPackages
[430] RowUpdate WorldList.AthenaSupplyDrop.Weapon.Handgun.02.Weight=0.000000 -> SKIP(no row)
[572] RowUpdate WorldList.AthenaLoot.Weapon.AssaultAuto.39.Weight=0.050000 -> SKIP(no row)
[573] RowUpdate WorldList.AthenaLoot.Weapon.HighAssaultAuto.19.Weight=0.060000 -> SKIP(no row)
[574] RowUpdate WorldList.AthenaLoot.Weapon.Sniper.15.Weight=0.500000 -> SKIP(no row)
[575] RowUpdate WorldList.AthenaLoot.Weapon.HighSniper.22.Weight=0.050000 -> SKIP(no row)
[HOTFIX:SEASON1] done: applied=0, deleted=0, skipped=5
[STEP1-2] merge E:\Fmodel\Exports\FortniteGame\Plugins\GameFeatures\Figment\Figment_LootTables\Content\DataTables\NoBuild\NoBuildFigmentLootTierData_Override.json : replaced=0, added=0
[HOTFIX:SEASON2] target=/Figment_LootTables/DataTables/NoBuild/NoBuildFigmentLootPackages_Override
[HOTFIX:SEASON2] done: applied=0, deleted=0, skipped=0
[WRITE] final -> E:\フォートナイト\Picture\Loot Pool\TEST4\New Loot\System Update\Figment_NoBuild\input\AthenaLootTierData_Client__final.json
[WRITE] per-input -> E:\フォートナイト\Picture\Loot Pool\TEST4\New Loot\System Update\Figment_NoBuild\input\FigmentLootTierData__final.json
[WRITE] per-input -> E:\フォートナイト\Picture\Loot Pool\TEST4\New Loot\System Update\Figment_NoBuild\input\NoBuildFigmentLootTierData_Override__final.json
2026-03-05 23:29:46 | INFO | ✓ Hotfix 適用完了 (0.48s)
2026-03-05 23:29:46 | INFO | load lt: E:\フォートナイト\Picture\Loot Pool\TEST4\New Loot\System Update\Figment_NoBuild\input\AthenaLootTierData_Client__final.json
2026-03-05 23:29:46 | INFO | load lp: E:\フォートナイト\Picture\Loot Pool\TEST4\New Loot\System Update\Figment_NoBuild\input\AthenaLootPackages_Client__final.json
2026-03-05 23:29:46 | INFO | load done (0.02s)
2026-03-05 23:29:46 | INFO | build summary start
2026-03-05 23:29:46 | INFO | build summary done (0.02s)
2026-03-05 23:29:46 | INFO | enrich summary with names start
2026-03-05 23:29:46 | INFO | enrich summary done (0.00s)
2026-03-05 23:29:46 | INFO | ✅ まとめJSONを作成: E:\フォートナイト\Picture\Loot Pool\TEST4\New Loot\System Update\Figment_NoBuild\output\summary\v39.30_2026-03-05_23-29.json
2026-03-05 23:29:46 | INFO | build Figment_NoBuild_LootData start
2026-03-05 23:29:46 | INFO | build BR_LootData done (0.00s)
2026-03-05 23:29:46 | INFO | ✅ Figment_NoBuild_LootData を作成: E:\フォートナイト\Picture\Loot Pool\TEST4\New Loot\System Update\戦利品データ\Figment_NoBuild\Figment_NoBuild_LootData_2026-03-05_23-29.json
2026-03-05 23:29:46 | INFO | ✅ Web LootPool を更新: E:\フォートナイト\Web\assets\data\Loot\ORIGIN_ZB_LootPool.json
2026-03-05 23:29:46 | INFO | LootSummary start: E:\フォートナイト\Picture\Loot Pool\TEST4\New Loot\System Update\Figment_NoBuild\scripts\LootSummary.py
2026-03-05 23:29:47 | INFO | LootSummary stdout: 🔎 抽出用: 最新ファイル = E:\フォートナイト\Picture\Loot Pool\TEST4\New Loot\System Update\Figment_NoBuild\output\summary\v39.30_2026-03-05_23-29.json
✅ 抽出件数: 93
💾 保存: E:\フォートナイト\Picture\Loot Pool\TEST4\New Loot\System Update\Figment_NoBuild\input\items_unique_min.json
🔎 比較用: base   = E:\フォートナイト\Picture\Loot Pool\TEST4\New Loot\System Update\Figment_NoBuild\output\summary\v39.30_2026-02-17_07-13.json
🔎 比較用: target = E:\フォートナイト\Picture\Loot Pool\TEST4\New Loot\System Update\Figment_NoBuild\output\summary\v39.30_2026-03-05_23-29.json
✅ 差分作成 完了
  追加   : 0 / 削除 : 0 / 変更 : 0 / 変化なし : 93
💾 差分: E:\フォートナイト\Picture\Loot Pool\TEST4\New Loot\System Update\Figment_NoBuild\output\history\BR_20260305_2329\items_unique_min_diff.json
2026-03-05 23:29:47 | WARNING | LootSummary stderr: E:\フォートナイト\Picture\Loot Pool\TEST4\New Loot\System Update\Figment_NoBuild\scripts\LootSummary.py:2: SyntaxWarning: invalid escape sequence '\B'
  """
2026-03-05 23:29:47 | INFO | ✅ LootSummary 実行完了（抽出→比較） (0.19s)
2026-03-05 23:29:47 | INFO | prewarm start
2026-03-05 23:29:47 | INFO | ✅ アイコンキャッシュ プリウォーム完了 (0.64s)
2026-03-05 23:29:47 | INFO | 画像化タスク数: 93
2026-03-05 23:29:47 | INFO | 画像生成 進捗: 1/93
