2026-02-14 17:10:30 | INFO | log file (Figment_NoBuild): E:\フォートナイト\Picture\Loot Pool\TEST4\New Loot\System Update\Figment_NoBuild\output\logs\pipeline_2026-02-14_17-10-30.log
2026-02-14 17:10:30 | INFO | ===== Figment_NoBuild: pipeline start =====
2026-02-14 17:10:30 | INFO | paths: lt=E:\フォートナイト\Picture\Loot Pool\TEST4\New Loot\System Update\Figment_NoBuild\input\AthenaLootTierData_Client__final.json lp=E:\フォートナイト\Picture\Loot Pool\TEST4\New Loot\System Update\Figment_NoBuild\input\AthenaLootPackages_Client__final.json minlist=E:\フォートナイト\Picture\Loot Pool\TEST4\New Loot\System Update\Figment_NoBuild\input\items_unique_min.json
2026-02-14 17:10:30 | INFO | output: summary=E:\フォートナイト\Picture\Loot Pool\TEST4\New Loot\System Update\Figment_NoBuild\output\summary lootdata=E:\フォートナイト\Picture\Loot Pool\TEST4\New Loot\System Update\戦利品データ\Figment_NoBuild
2026-02-14 17:10:30 | INFO | flags: hotfix=True prewarm=True image=True workers=8
2026-02-14 17:10:30 | INFO | hotfix start: E:\フォートナイト\Picture\Loot Pool\TEST4\New Loot\System Update\LootPackage.py
2026-02-14 17:10:31 | INFO | hotfix lp stdout: [STEP1-2] merge E:\Fmodel\Exports\FortniteGame\Plugins\GameFeatures\Figment\Figment_LootTables\Content\DataTables\NoBuild\NoBuildFigmentLootPackages_Override.json : replaced=75, added=0
[HOTFIX:SEASON1] target=/Figment_LootTables/DataTables/FigmentLootPackages
[629] RowUpdate WorldList.AthenaSupplyDrop.Weapon.Handgun.02.Weight=0.000000) -> OK
[780] RowUpdate WorldList.AthenaLoot.Weapon.AssaultAuto.14.Weight=0.000000 -> OK
[781] RowUpdate WorldList.AthenaLoot.Weapon.AssaultAuto.15.Weight=0.000000 -> OK
[782] RowUpdate WorldList.AthenaLoot.Weapon.HighAssaultAuto.43.Weight=0.000000 -> OK
[783] RowUpdate WorldList.AthenaLoot.Weapon.HighAssaultAuto.44.Weight=0.000000 -> OK
[784] RowUpdate WorldList.AthenaSupplyDrop.Weapon.Assault.06.Weight=0.000000) -> OK
[786] RowUpdate WorldList.AthenaLoot.Weapon.AssaultAuto.39.Weight=0.050000 -> OK
[787] RowUpdate WorldList.AthenaLoot.Weapon.AssaultAuto.39.ItemDefinition=/Figment_Sniper_Crossbow_Athena/Gameplay/WID_Figment_Sniper_Valentine_Athena_VR_Ore_T03.WID_Figment_Sniper_Valentine_Athena_VR_Ore_T03 -> OK
[788] RowUpdate WorldList.AthenaLoot.Weapon.HighAssaultAuto.19.Weight=0.060000 -> OK
[789] RowUpdate WorldList.AthenaLoot.Weapon.HighAssaultAuto.19.ItemDefinition=/Figment_Sniper_Crossbow_Athena/Gameplay/WID_Figment_Sniper_Valentine_Athena_VR_Ore_T03.WID_Figment_Sniper_Valentine_Athena_VR_Ore_T03 -> OK
[790] RowUpdate WorldList.AthenaLoot.Weapon.Sniper.15.Weight=0.500000 -> OK
[791] RowUpdate WorldList.AthenaLoot.Weapon.Sniper.15.ItemDefinition=/Figment_Sniper_Crossbow_Athena/Gameplay/WID_Figment_Sniper_Valentine_Athena_VR_Ore_T03.WID_Figment_Sniper_Valentine_Athena_VR_Ore_T03 -> OK
[792] RowUpdate WorldList.AthenaLoot.Weapon.HighSniper.22.Weight=0.050000 -> OK
[793] RowUpdate WorldList.AthenaLoot.Weapon.HighSniper.22.ItemDefinition=/Figment_Sniper_Crossbow_Athena/Gameplay/WID_Figment_Sniper_Valentine_Athena_VR_Ore_T03.WID_Figment_Sniper_Valentine_Athena_VR_Ore_T03 -> OK
[HOTFIX:SEASON1] Addrow(TableUpdate) なし -> スキップ
[HOTFIX:SEASON1] done: applied=14, deleted=0, skipped=0
[HOTFIX:SEASON2] target=/Figment_LootTables/DataTables/NoBuild/NoBuildFigmentLootPackages_Override
[HOTFIX:SEASON2] Addrow(TableUpdate) なし -> スキップ
[HOTFIX:SEASON2] done: applied=0, deleted=0, skipped=0
[WRITE] final -> E:\フォートナイト\Picture\Loot Pool\TEST4\New Loot\System Update\Figment_NoBuild\input\AthenaLootPackages_Client__final.json
[WRITE] per-input -> E:\フォートナイト\Picture\Loot Pool\TEST4\New Loot\System Update\Figment_NoBuild\input\FigmentLootPackages__final.json
[WRITE] per-input -> E:\フォートナイト\Picture\Loot Pool\TEST4\New Loot\System Update\Figment_NoBuild\input\NoBuildFigmentLootPackages_Override__final.json
2026-02-14 17:10:31 | INFO | hotfix start: E:\フォートナイト\Picture\Loot Pool\TEST4\New Loot\System Update\LootTier.py
2026-02-14 17:10:31 | INFO | hotfix lt stdout: [STEP1-2] merge E:\Fmodel\Exports\FortniteGame\Plugins\GameFeatures\Figment\Figment_LootTables\Content\DataTables\NoBuild\NoBuildFigmentLootTierData_Override.json : replaced=0, added=0
[HOTFIX:SEASON1] target=/Figment_LootTables/DataTables/FigmentLootPackages
[629] RowUpdate WorldList.AthenaSupplyDrop.Weapon.Handgun.02.Weight=0.000000) -> SKIP(no row)
[780] RowUpdate WorldList.AthenaLoot.Weapon.AssaultAuto.14.Weight=0.000000 -> SKIP(no row)
[781] RowUpdate WorldList.AthenaLoot.Weapon.AssaultAuto.15.Weight=0.000000 -> SKIP(no row)
[782] RowUpdate WorldList.AthenaLoot.Weapon.HighAssaultAuto.43.Weight=0.000000 -> SKIP(no row)
[783] RowUpdate WorldList.AthenaLoot.Weapon.HighAssaultAuto.44.Weight=0.000000 -> SKIP(no row)
[784] RowUpdate WorldList.AthenaSupplyDrop.Weapon.Assault.06.Weight=0.000000) -> SKIP(no row)
[786] RowUpdate WorldList.AthenaLoot.Weapon.AssaultAuto.39.Weight=0.050000 -> SKIP(no row)
[787] RowUpdate WorldList.AthenaLoot.Weapon.AssaultAuto.39.ItemDefinition=/Figment_Sniper_Crossbow_Athena/Gameplay/WID_Figment_Sniper_Valentine_Athena_VR_Ore_T03.WID_Figment_Sniper_Valentine_Athena_VR_Ore_T03 -> SKIP(no row)
[788] RowUpdate WorldList.AthenaLoot.Weapon.HighAssaultAuto.19.Weight=0.060000 -> SKIP(no row)
[789] RowUpdate WorldList.AthenaLoot.Weapon.HighAssaultAuto.19.ItemDefinition=/Figment_Sniper_Crossbow_Athena/Gameplay/WID_Figment_Sniper_Valentine_Athena_VR_Ore_T03.WID_Figment_Sniper_Valentine_Athena_VR_Ore_T03 -> SKIP(no row)
[790] RowUpdate WorldList.AthenaLoot.Weapon.Sniper.15.Weight=0.500000 -> SKIP(no row)
[791] RowUpdate WorldList.AthenaLoot.Weapon.Sniper.15.ItemDefinition=/Figment_Sniper_Crossbow_Athena/Gameplay/WID_Figment_Sniper_Valentine_Athena_VR_Ore_T03.WID_Figment_Sniper_Valentine_Athena_VR_Ore_T03 -> SKIP(no row)
[792] RowUpdate WorldList.AthenaLoot.Weapon.HighSniper.22.Weight=0.050000 -> SKIP(no row)
[793] RowUpdate WorldList.AthenaLoot.Weapon.HighSniper.22.ItemDefinition=/Figment_Sniper_Crossbow_Athena/Gameplay/WID_Figment_Sniper_Valentine_Athena_VR_Ore_T03.WID_Figment_Sniper_Valentine_Athena_VR_Ore_T03 -> SKIP(no row)
[HOTFIX:SEASON1] done: applied=0, deleted=0, skipped=14
[HOTFIX:SEASON2] target=/Figment_LootTables/DataTables/NoBuild/NoBuildFigmentLootPackages_Override
[HOTFIX:SEASON2] done: applied=0, deleted=0, skipped=0
[WRITE] final -> E:\フォートナイト\Picture\Loot Pool\TEST4\New Loot\System Update\Figment_NoBuild\input\AthenaLootTierData_Client__final.json
[WRITE] per-input -> E:\フォートナイト\Picture\Loot Pool\TEST4\New Loot\System Update\Figment_NoBuild\input\FigmentLootTierData__final.json
[WRITE] per-input -> E:\フォートナイト\Picture\Loot Pool\TEST4\New Loot\System Update\Figment_NoBuild\input\NoBuildFigmentLootTierData_Override__final.json
2026-02-14 17:10:31 | INFO | ✓ Hotfix 適用完了 (1.00s)
2026-02-14 17:10:31 | INFO | load lt: E:\フォートナイト\Picture\Loot Pool\TEST4\New Loot\System Update\Figment_NoBuild\input\AthenaLootTierData_Client__final.json
2026-02-14 17:10:31 | INFO | load lp: E:\フォートナイト\Picture\Loot Pool\TEST4\New Loot\System Update\Figment_NoBuild\input\AthenaLootPackages_Client__final.json
2026-02-14 17:10:31 | INFO | load done (0.02s)
2026-02-14 17:10:31 | INFO | build summary start
2026-02-14 17:10:31 | INFO | build summary done (0.01s)
2026-02-14 17:10:31 | INFO | enrich summary with names start
2026-02-14 17:10:31 | INFO | enrich summary done (0.00s)
2026-02-14 17:10:31 | INFO | ✅ まとめJSONを作成: E:\フォートナイト\Picture\Loot Pool\TEST4\New Loot\System Update\Figment_NoBuild\output\summary\v39.30_2026-02-14_17-10.json
2026-02-14 17:10:31 | INFO | build Figment_NoBuild_LootData start
2026-02-14 17:10:31 | INFO | build BR_LootData done (0.00s)
2026-02-14 17:10:31 | INFO | ✅ Figment_NoBuild_LootData を作成: E:\フォートナイト\Picture\Loot Pool\TEST4\New Loot\System Update\戦利品データ\Figment_NoBuild\Figment_NoBuild_LootData_2026-02-14_17-10.json
2026-02-14 17:10:31 | INFO | ✅ Web LootPool を更新: E:\フォートナイト\Web\assets\data\Loot\ORIGIN_ZB_LootPool.json
2026-02-14 17:10:31 | INFO | LootSummary start: E:\フォートナイト\Picture\Loot Pool\TEST4\New Loot\System Update\Figment_NoBuild\scripts\LootSummary.py
2026-02-14 17:10:32 | INFO | LootSummary stdout: 🔎 抽出用: 最新ファイル = E:\フォートナイト\Picture\Loot Pool\TEST4\New Loot\System Update\Figment_NoBuild\output\summary\v39.30_2026-02-14_17-10.json
✅ 抽出件数: 93
💾 保存: E:\フォートナイト\Picture\Loot Pool\TEST4\New Loot\System Update\Figment_NoBuild\input\items_unique_min.json
🔎 比較用: base   = E:\フォートナイト\Picture\Loot Pool\TEST4\New Loot\System Update\Figment_NoBuild\output\summary\v39.30_2026-02-14_10-59.json
🔎 比較用: target = E:\フォートナイト\Picture\Loot Pool\TEST4\New Loot\System Update\Figment_NoBuild\output\summary\v39.30_2026-02-14_17-10.json
✅ 差分作成 完了
  追加   : 0 / 削除 : 0 / 変更 : 0 / 変化なし : 93
💾 差分: E:\フォートナイト\Picture\Loot Pool\TEST4\New Loot\System Update\Figment_NoBuild\output\history\BR_20260214_1710\items_unique_min_diff.json
2026-02-14 17:10:32 | WARNING | LootSummary stderr: E:\フォートナイト\Picture\Loot Pool\TEST4\New Loot\System Update\Figment_NoBuild\scripts\LootSummary.py:2: SyntaxWarning: invalid escape sequence '\B'
  """
2026-02-14 17:10:32 | INFO | ✅ LootSummary 実行完了（抽出→比較） (0.24s)
2026-02-14 17:10:32 | INFO | prewarm start
2026-02-14 17:10:51 | INFO | ✅ アイコンキャッシュ プリウォーム完了 (19.25s)
2026-02-14 17:10:51 | INFO | 画像化タスク数: 93
2026-02-14 17:10:51 | INFO | 画像生成 進捗: 1/93
2026-02-14 17:10:53 | INFO | 画像生成 進捗: 50/93
2026-02-14 17:10:55 | INFO | 画像生成 進捗: 93/93
2026-02-14 17:10:55 | INFO | ✅ 画像生成 完了（MinListベース）
2026-02-14 17:10:55 | INFO | ✅ Loot diff: 変更なし（作成スキップ）
2026-02-14 17:10:55 | INFO | ℹ️ BR_Discord が見つかりません: E:\フォートナイト\Picture\Loot Pool\TEST4\New Loot\System Update\Figment_NoBuild\scripts\BR_Discor.py
2026-02-14 17:10:55 | INFO | git add: E:\フォートナイト\Picture\Loot Pool\TEST4\New Loot
2026-02-14 17:11:00 | INFO | git commit stdout: [main 792c999] Figment_NoBuild update 2026-02-14 17:10:59
 5 files changed, 20759 insertions(+)
 create mode 100644 System Update/Figment_NoBuild/output/history/BR_20260214_1710/items_unique_min_diff.json
 create mode 100644 System Update/Figment_NoBuild/output/logs/pipeline_2026-02-14_17-10-30.log
 create mode 100644 System Update/Figment_NoBuild/output/summary/v39.30_2026-02-14_17-10.json
 create mode 100644 "System Update/\346\210\246\345\210\251\345\223\201\343\203\207\343\203\274\343\202\277/Figment_NoBuild/Figment_NoBuild_LootData_2026-02-14_17-10.json"
2026-02-14 17:11:05 | WARNING | git push stderr: To https://github.com/Greenfox0833/New-Loot.git
   badd210..792c999  main -> main
2026-02-14 17:11:05 | INFO | ✓ GitHub Push 完了
2026-02-14 17:11:05 | INFO | ===== Figment_NoBuild: pipeline end =====
