2026-02-06 07:57:14 | INFO | log file (Figment_NoBuild): E:\フォートナイト\Picture\Loot Pool\TEST4\New Loot\System Update\Figment_NoBuild\output\logs\pipeline_2026-02-06_07-57-14.log
2026-02-06 07:57:14 | INFO | ===== Figment_NoBuild: pipeline start =====
2026-02-06 07:57:14 | INFO | paths: lt=E:\フォートナイト\Picture\Loot Pool\TEST4\New Loot\System Update\Figment_NoBuild\input\AthenaLootTierData_Client__final.json lp=E:\フォートナイト\Picture\Loot Pool\TEST4\New Loot\System Update\Figment_NoBuild\input\AthenaLootPackages_Client__final.json minlist=E:\フォートナイト\Picture\Loot Pool\TEST4\New Loot\System Update\Figment_NoBuild\input\items_unique_min.json
2026-02-06 07:57:14 | INFO | output: summary=E:\フォートナイト\Picture\Loot Pool\TEST4\New Loot\System Update\Figment_NoBuild\output\summary lootdata=E:\フォートナイト\Picture\Loot Pool\TEST4\New Loot\System Update\戦利品データ\Figment_NoBuild
2026-02-06 07:57:14 | INFO | flags: hotfix=True prewarm=True image=True workers=8
2026-02-06 07:57:14 | INFO | hotfix start: E:\フォートナイト\Picture\Loot Pool\TEST4\New Loot\System Update\LootPackage.py
2026-02-06 07:57:14 | INFO | hotfix lp stdout: [STEP1-2] merge E:\Fmodel\Exports\FortniteGame\Plugins\GameFeatures\Figment\Figment_LootTables\Content\DataTables\NoBuild\NoBuildFigmentLootPackages_Override.json : replaced=75, added=0
[HOTFIX:SEASON1] target=/Figment_LootTables/DataTables/FigmentLootPackages
[614] RowUpdate WorldList.AthenaSupplyDrop.Weapon.Handgun.02.Weight=0.000000) -> OK
[HOTFIX:SEASON1] Addrow(TableUpdate) なし -> スキップ
[HOTFIX:SEASON1] done: applied=1, deleted=0, skipped=0
[HOTFIX:SEASON2] target=/Figment_LootTables/DataTables/NoBuild/NoBuildFigmentLootPackages_Override
[HOTFIX:SEASON2] Addrow(TableUpdate) なし -> スキップ
[HOTFIX:SEASON2] done: applied=0, deleted=0, skipped=0
[WRITE] final -> E:\フォートナイト\Picture\Loot Pool\TEST4\New Loot\System Update\Figment_NoBuild\input\AthenaLootPackages_Client__final.json
[WRITE] per-input -> E:\フォートナイト\Picture\Loot Pool\TEST4\New Loot\System Update\Figment_NoBuild\input\FigmentLootPackages__final.json
[WRITE] per-input -> E:\フォートナイト\Picture\Loot Pool\TEST4\New Loot\System Update\Figment_NoBuild\input\NoBuildFigmentLootPackages_Override__final.json
2026-02-06 07:57:14 | INFO | hotfix start: E:\フォートナイト\Picture\Loot Pool\TEST4\New Loot\System Update\LootTier.py
2026-02-06 07:57:14 | INFO | hotfix lt stdout: [STEP1-2] merge E:\Fmodel\Exports\FortniteGame\Plugins\GameFeatures\Figment\Figment_LootTables\Content\DataTables\NoBuild\NoBuildFigmentLootTierData_Override.json : replaced=0, added=0
[HOTFIX:SEASON1] target=/Figment_LootTables/DataTables/FigmentLootPackages
[614] RowUpdate WorldList.AthenaSupplyDrop.Weapon.Handgun.02.Weight=0.000000) -> SKIP(no row)
[HOTFIX:SEASON1] done: applied=0, deleted=0, skipped=1
[HOTFIX:SEASON2] target=/Figment_LootTables/DataTables/NoBuild/NoBuildFigmentLootPackages_Override
[HOTFIX:SEASON2] done: applied=0, deleted=0, skipped=0
[WRITE] final -> E:\フォートナイト\Picture\Loot Pool\TEST4\New Loot\System Update\Figment_NoBuild\input\AthenaLootTierData_Client__final.json
[WRITE] per-input -> E:\フォートナイト\Picture\Loot Pool\TEST4\New Loot\System Update\Figment_NoBuild\input\FigmentLootTierData__final.json
[WRITE] per-input -> E:\フォートナイト\Picture\Loot Pool\TEST4\New Loot\System Update\Figment_NoBuild\input\NoBuildFigmentLootTierData_Override__final.json
2026-02-06 07:57:14 | INFO | ✓ Hotfix 適用完了 (0.42s)
2026-02-06 07:57:14 | INFO | load lt: E:\フォートナイト\Picture\Loot Pool\TEST4\New Loot\System Update\Figment_NoBuild\input\AthenaLootTierData_Client__final.json
2026-02-06 07:57:14 | INFO | load lp: E:\フォートナイト\Picture\Loot Pool\TEST4\New Loot\System Update\Figment_NoBuild\input\AthenaLootPackages_Client__final.json
2026-02-06 07:57:14 | INFO | load done (0.01s)
2026-02-06 07:57:14 | INFO | build summary start
2026-02-06 07:57:14 | INFO | build summary done (0.01s)
2026-02-06 07:57:14 | INFO | enrich summary with names start
2026-02-06 07:57:14 | INFO | enrich summary done (0.00s)
2026-02-06 07:57:14 | INFO | ✅ まとめJSONを作成: E:\フォートナイト\Picture\Loot Pool\TEST4\New Loot\System Update\Figment_NoBuild\output\summary\v39.30_2026-02-06_07-57.json
2026-02-06 07:57:14 | INFO | build Figment_NoBuild_LootData start
2026-02-06 07:57:14 | INFO | build BR_LootData done (0.00s)
2026-02-06 07:57:14 | INFO | ✅ Figment_NoBuild_LootData を作成: E:\フォートナイト\Picture\Loot Pool\TEST4\New Loot\System Update\戦利品データ\Figment_NoBuild\Figment_NoBuild_LootData_2026-02-06_07-57.json
2026-02-06 07:57:14 | INFO | ✅ Web LootPool を更新: E:\フォートナイト\Web\assets\data\Loot\ORIGIN_ZB_LootPool.json
2026-02-06 07:57:14 | INFO | LootSummary start: E:\フォートナイト\Picture\Loot Pool\TEST4\New Loot\System Update\Figment_NoBuild\scripts\LootSummary.py
2026-02-06 07:57:14 | INFO | LootSummary stdout: 🔎 抽出用: 最新ファイル = E:\フォートナイト\Picture\Loot Pool\TEST4\New Loot\System Update\Figment_NoBuild\output\summary\v39.30_2026-02-06_07-57.json
✅ 抽出件数: 92
💾 保存: E:\フォートナイト\Picture\Loot Pool\TEST4\New Loot\System Update\Figment_NoBuild\input\items_unique_min.json
🔎 比較用: base   = E:\フォートナイト\Picture\Loot Pool\TEST4\New Loot\System Update\Figment_NoBuild\output\summary\v39.30_2026-01-23_21-22.json
🔎 比較用: target = E:\フォートナイト\Picture\Loot Pool\TEST4\New Loot\System Update\Figment_NoBuild\output\summary\v39.30_2026-02-06_07-57.json
✅ 差分作成 完了
  追加   : 11 / 削除 : 11 / 変更 : 0 / 変化なし : 81
💾 差分: E:\フォートナイト\Picture\Loot Pool\TEST4\New Loot\System Update\Figment_NoBuild\output\history\BR_20260206_0757\items_unique_min_diff.json
2026-02-06 07:57:14 | WARNING | LootSummary stderr: E:\フォートナイト\Picture\Loot Pool\TEST4\New Loot\System Update\Figment_NoBuild\scripts\LootSummary.py:2: SyntaxWarning: invalid escape sequence '\B'
  """
2026-02-06 07:57:14 | INFO | ✅ LootSummary 実行完了（抽出→比較） (0.17s)
2026-02-06 07:57:14 | INFO | prewarm start
2026-02-06 07:57:32 | INFO | ✅ アイコンキャッシュ プリウォーム完了 (18.17s)
2026-02-06 07:57:32 | INFO | 画像化タスク数: 92
2026-02-06 07:57:33 | INFO | 画像生成 進捗: 1/92
2026-02-06 07:57:34 | INFO | 画像生成 進捗: 50/92
2026-02-06 07:57:35 | INFO | 画像生成 進捗: 92/92
2026-02-06 07:57:35 | INFO | ✅ 画像生成 完了（MinListベース）
2026-02-06 07:57:35 | INFO | ✅ Loot diff を作成: E:\フォートナイト\Web\assets\data\Loot\diff\Figment_NoBuild_2026-02-06_07-57-35.json (added=19 removed=33 change=68)
2026-02-06 07:57:35 | INFO | ℹ️ BR_Discord が見つかりません: E:\フォートナイト\Picture\Loot Pool\TEST4\New Loot\System Update\Figment_NoBuild\scripts\BR_Discor.py
2026-02-06 07:57:35 | INFO | git add: E:\フォートナイト\Picture\Loot Pool\TEST4\New Loot
2026-02-06 07:57:38 | INFO | git commit stdout: [main e6ec1a3] Figment_NoBuild update 2026-02-06 07:57:36
 22 files changed, 21749 insertions(+), 851 deletions(-)
 create mode 100644 System Update/Figment_NoBuild/output/history/BR_20260206_0757/items_unique_min_diff.json
 create mode 100644 System Update/Figment_NoBuild/output/logs/pipeline_2026-02-06_07-57-14.log
 create mode 100644 System Update/Figment_NoBuild/output/summary/v39.30_2026-02-06_07-57.json
 create mode 100644 "System Update/shared/images/Figment_NoBuild/\343\201\217\343\201\243\343\201\244\343\201\215\347\210\206\345\274\276 - \343\203\206\343\202\243\343\202\2422.png"
 create mode 100644 "System Update/shared/images/Figment_NoBuild/\343\202\244\343\203\263\343\203\225\343\202\241\343\203\263\343\203\210\343\203\252\343\203\274\343\203\251\343\202\244\343\203\225\343\203\253 - \343\203\206\343\202\243\343\202\2421.png"
 create mode 100644 "System Update/shared/images/Figment_NoBuild/\343\202\244\343\203\263\343\203\225\343\202\241\343\203\263\343\203\210\343\203\252\343\203\274\343\203\251\343\202\244\343\203\225\343\203\253 - \343\203\206\343\202\243\343\202\2422.png"
 create mode 100644 "System Update/shared/images/Figment_NoBuild/\343\202\244\343\203\263\343\203\225\343\202\241\343\203\263\343\203\210\343\203\252\343\203\274\343\203\251\343\202\244\343\203\225\343\203\253 - \343\203\206\343\202\243\343\202\2423.png"
 create mode 100644 "System Update/shared/images/Figment_NoBuild/\343\202\265\343\202\244\343\203\254\343\203\263\343\202\265\343\203\274\344\273\230\343\201\215\343\202\265\343\203\226\343\203\236\343\202\267\343\203\263\343\202\254\343\203\263 - \343\203\206\343\202\243\343\202\2421.png"
 create mode 100644 "System Update/shared/images/Figment_NoBuild/\343\202\265\343\202\244\343\203\254\343\203\263\343\202\265\343\203\274\344\273\230\343\201\215\343\202\265\343\203\226\343\203\236\343\202\267\343\203\263\343\202\254\343\203\263 - \343\203\206\343\202\243\343\202\2422.png"
 create mode 100644 "System Update/shared/images/Figment_NoBuild/\343\202\265\343\202\244\343\203\254\343\203\263\343\202\265\343\203\274\344\273\230\343\201\215\343\202\265\343\203\226\343\203\236\343\202\267\343\203\263\343\202\254\343\203\263 - \343\203\206\343\202\243\343\202\2423.png"
 create mode 100644 "System Update/shared/images/Figment_NoBuild/\343\202\271\343\203\213\343\203\274\343\202\255\343\203\274\343\202\271\343\203\216\343\203\274\343\203\236\343\203\263 - \343\203\206\343\202\243\343\202\2421.png"
 create mode 100644 "System Update/shared/images/Figment_NoBuild/\343\203\201\343\203\251\343\203\274\343\202\260\343\203\254\343\203\215\343\203\274\343\203\211 - \343\203\206\343\202\243\343\202\2421.png"
 create mode 100644 "System Update/shared/images/Figment_NoBuild/\343\203\255\343\202\261\343\203\203\343\203\210\350\212\261\347\201\253 - \343\203\206\343\202\243\343\202\2422.png"
 create mode 100644 "System Update/\346\210\246\345\210\251\345\223\201\343\203\207\343\203\274\343\202\277/Figment_NoBuild/Figment_NoBuild_LootData_2026-02-06_07-57.json"
2026-02-06 07:57:40 | WARNING | git push stderr: To https://github.com/Greenfox0833/New-Loot.git
   e37650b..e6ec1a3  main -> main
2026-02-06 07:57:40 | INFO | ✓ GitHub Push 完了
2026-02-06 07:57:40 | INFO | ===== Figment_NoBuild: pipeline end =====
