2026-01-23 21:22:11 | INFO | log file (Figment_NoBuild): E:\フォートナイト\Picture\Loot Pool\TEST4\New Loot\System Update\Figment_NoBuild\output\logs\pipeline_2026-01-23_21-22-11.log
2026-01-23 21:22:11 | INFO | ===== Figment_NoBuild: pipeline start =====
2026-01-23 21:22:11 | INFO | paths: lt=E:\フォートナイト\Picture\Loot Pool\TEST4\New Loot\System Update\Figment_NoBuild\input\AthenaLootTierData_Client__final.json lp=E:\フォートナイト\Picture\Loot Pool\TEST4\New Loot\System Update\Figment_NoBuild\input\AthenaLootPackages_Client__final.json minlist=E:\フォートナイト\Picture\Loot Pool\TEST4\New Loot\System Update\Figment_NoBuild\input\items_unique_min.json
2026-01-23 21:22:11 | INFO | output: summary=E:\フォートナイト\Picture\Loot Pool\TEST4\New Loot\System Update\Figment_NoBuild\output\summary lootdata=E:\フォートナイト\Picture\Loot Pool\TEST4\New Loot\System Update\戦利品データ\Figment_NoBuild
2026-01-23 21:22:11 | INFO | flags: hotfix=True prewarm=True image=True workers=8
2026-01-23 21:22:11 | INFO | hotfix start: E:\フォートナイト\Picture\Loot Pool\TEST4\New Loot\System Update\LootPackage.py
2026-01-23 21:22:12 | INFO | hotfix lp stdout: [STEP1-2] merge E:\Fmodel\Exports\FortniteGame\Plugins\GameFeatures\Figment\Figment_LootTables\Content\DataTables\NoBuild\NoBuildFigmentLootPackages_Override.json : replaced=75, added=0
[HOTFIX:SEASON1] target=/Figment_LootTables/DataTables/FigmentLootPackages
[424] RowUpdate WorldList.AthenaLoot.VendingMachine.Weapons.Common.Medium.01.Weight=0.000000 -> OK
[425] RowUpdate WorldList.AthenaLoot.VendingMachine.Weapons.Uncommon.Medium.01.Weight=0.000000 -> OK
[426] RowUpdate WorldList.AthenaLoot.Weapon.AssaultAuto.24.Weight=0.000000 -> OK
[427] RowUpdate WorldList.AthenaLoot.Weapon.AssaultAuto.25.Weight=0.000000 -> OK
[428] RowUpdate WorldList.AthenaLoot.Weapon.AssaultAuto.26.Weight=0.000000 -> OK
[429] RowUpdate WorldList.AthenaLoot.Weapon.HighAssaultAuto.21.Weight=0.000000 -> OK
[430] RowUpdate WorldList.AthenaLoot.Weapon.HighAssaultAuto.22.Weight=0.000000 -> OK
[431] RowUpdate WorldList.AthenaLoot.Weapon.HighAssaultAuto.23.Weight=0.000000 -> OK
[432] RowUpdate WorldList.AthenaHighConsumables.33.Weight=0.000000 -> OK
[433] RowUpdate WorldList.AthenaSupplyDropConsumables.32.Weight=0.000000 -> OK
[434] RowUpdate WorldList.AthenaConsumables.28.Weight=0.000000 -> OK
[435] RowUpdate WorldList.AthenaHighConsumables.32.Weight=0.000000 -> OK
[436] RowUpdate WorldList.AthenaSupplyDropConsumables.31.Weight=0.000000 -> OK
[437] RowUpdate WorldList.AthenaConsumables.27.Weight=0.000000 -> OK
[438] RowUpdate WorldList.AthenaHighConsumables.31.Weight=0.000000 -> OK
[439] RowUpdate WorldList.AthenaSupplyDropConsumables.30.Weight=0.000000 -> OK
[440] RowUpdate WorldList.AthenaConsumables.26.Weight=0.000000 -> OK
[479] RowUpdate WorldList.AthenaSupplyDrop.Weapon.Handgun.02.Weight=0.000000 -> OK
[HOTFIX:SEASON1] Addrow(TableUpdate) なし -> スキップ
[HOTFIX:SEASON1] done: applied=18, deleted=0, skipped=0
[HOTFIX:SEASON2] target=/Figment_LootTables/DataTables/NoBuild/NoBuildFigmentLootPackages_Override
[HOTFIX:SEASON2] Addrow(TableUpdate) なし -> スキップ
[HOTFIX:SEASON2] done: applied=0, deleted=0, skipped=0
[WRITE] final -> E:\フォートナイト\Picture\Loot Pool\TEST4\New Loot\System Update\Figment_NoBuild\input\AthenaLootPackages_Client__final.json
[WRITE] per-input -> E:\フォートナイト\Picture\Loot Pool\TEST4\New Loot\System Update\Figment_NoBuild\input\FigmentLootPackages__final.json
[WRITE] per-input -> E:\フォートナイト\Picture\Loot Pool\TEST4\New Loot\System Update\Figment_NoBuild\input\NoBuildFigmentLootPackages_Override__final.json
2026-01-23 21:22:12 | INFO | hotfix start: E:\フォートナイト\Picture\Loot Pool\TEST4\New Loot\System Update\LootTier.py
2026-01-23 21:22:12 | INFO | hotfix lt stdout: [STEP1-2] merge E:\Fmodel\Exports\FortniteGame\Plugins\GameFeatures\Figment\Figment_LootTables\Content\DataTables\NoBuild\NoBuildFigmentLootTierData_Override.json : replaced=0, added=0
[HOTFIX:SEASON1] target=/Figment_LootTables/DataTables/FigmentLootPackages
[424] RowUpdate WorldList.AthenaLoot.VendingMachine.Weapons.Common.Medium.01.Weight=0.000000 -> SKIP(no row)
[425] RowUpdate WorldList.AthenaLoot.VendingMachine.Weapons.Uncommon.Medium.01.Weight=0.000000 -> SKIP(no row)
[426] RowUpdate WorldList.AthenaLoot.Weapon.AssaultAuto.24.Weight=0.000000 -> SKIP(no row)
[427] RowUpdate WorldList.AthenaLoot.Weapon.AssaultAuto.25.Weight=0.000000 -> SKIP(no row)
[428] RowUpdate WorldList.AthenaLoot.Weapon.AssaultAuto.26.Weight=0.000000 -> SKIP(no row)
[429] RowUpdate WorldList.AthenaLoot.Weapon.HighAssaultAuto.21.Weight=0.000000 -> SKIP(no row)
[430] RowUpdate WorldList.AthenaLoot.Weapon.HighAssaultAuto.22.Weight=0.000000 -> SKIP(no row)
[431] RowUpdate WorldList.AthenaLoot.Weapon.HighAssaultAuto.23.Weight=0.000000 -> SKIP(no row)
[432] RowUpdate WorldList.AthenaHighConsumables.33.Weight=0.000000 -> SKIP(no row)
[433] RowUpdate WorldList.AthenaSupplyDropConsumables.32.Weight=0.000000 -> SKIP(no row)
[434] RowUpdate WorldList.AthenaConsumables.28.Weight=0.000000 -> SKIP(no row)
[435] RowUpdate WorldList.AthenaHighConsumables.32.Weight=0.000000 -> SKIP(no row)
[436] RowUpdate WorldList.AthenaSupplyDropConsumables.31.Weight=0.000000 -> SKIP(no row)
[437] RowUpdate WorldList.AthenaConsumables.27.Weight=0.000000 -> SKIP(no row)
[438] RowUpdate WorldList.AthenaHighConsumables.31.Weight=0.000000 -> SKIP(no row)
[439] RowUpdate WorldList.AthenaSupplyDropConsumables.30.Weight=0.000000 -> SKIP(no row)
[440] RowUpdate WorldList.AthenaConsumables.26.Weight=0.000000 -> SKIP(no row)
[479] RowUpdate WorldList.AthenaSupplyDrop.Weapon.Handgun.02.Weight=0.000000 -> SKIP(no row)
[HOTFIX:SEASON1] done: applied=0, deleted=0, skipped=18
[HOTFIX:SEASON2] target=/Figment_LootTables/DataTables/NoBuild/NoBuildFigmentLootPackages_Override
[HOTFIX:SEASON2] done: applied=0, deleted=0, skipped=0
[WRITE] final -> E:\フォートナイト\Picture\Loot Pool\TEST4\New Loot\System Update\Figment_NoBuild\input\AthenaLootTierData_Client__final.json
[WRITE] per-input -> E:\フォートナイト\Picture\Loot Pool\TEST4\New Loot\System Update\Figment_NoBuild\input\FigmentLootTierData__final.json
[WRITE] per-input -> E:\フォートナイト\Picture\Loot Pool\TEST4\New Loot\System Update\Figment_NoBuild\input\NoBuildFigmentLootTierData_Override__final.json
2026-01-23 21:22:12 | INFO | ✓ Hotfix 適用完了 (0.86s)
2026-01-23 21:22:12 | INFO | load lt: E:\フォートナイト\Picture\Loot Pool\TEST4\New Loot\System Update\Figment_NoBuild\input\AthenaLootTierData_Client__final.json
2026-01-23 21:22:12 | INFO | load lp: E:\フォートナイト\Picture\Loot Pool\TEST4\New Loot\System Update\Figment_NoBuild\input\AthenaLootPackages_Client__final.json
2026-01-23 21:22:12 | INFO | load done (0.01s)
2026-01-23 21:22:12 | INFO | build summary start
2026-01-23 21:22:12 | INFO | build summary done (0.02s)
2026-01-23 21:22:12 | INFO | enrich summary with names start
2026-01-23 21:22:12 | INFO | enrich summary done (0.00s)
2026-01-23 21:22:12 | INFO | ✅ まとめJSONを作成: E:\フォートナイト\Picture\Loot Pool\TEST4\New Loot\System Update\Figment_NoBuild\output\summary\v39.30_2026-01-23_21-22.json
2026-01-23 21:22:12 | INFO | build Figment_NoBuild_LootData start
2026-01-23 21:22:12 | INFO | build BR_LootData done (0.00s)
2026-01-23 21:22:12 | INFO | ✅ Figment_NoBuild_LootData を作成: E:\フォートナイト\Picture\Loot Pool\TEST4\New Loot\System Update\戦利品データ\Figment_NoBuild\Figment_NoBuild_LootData_2026-01-23_21-22.json
2026-01-23 21:22:12 | INFO | ✅ Web LootPool を更新: E:\フォートナイト\Web\assets\data\Loot\ORIGIN_ZB_LootPool.json
2026-01-23 21:22:12 | INFO | LootSummary start: E:\フォートナイト\Picture\Loot Pool\TEST4\New Loot\System Update\Figment_NoBuild\scripts\LootSummary.py
2026-01-23 21:22:13 | INFO | LootSummary stdout: 🔎 抽出用: 最新ファイル = E:\フォートナイト\Picture\Loot Pool\TEST4\New Loot\System Update\Figment_NoBuild\output\summary\v39.30_2026-01-23_21-22.json
✅ 抽出件数: 92
💾 保存: E:\フォートナイト\Picture\Loot Pool\TEST4\New Loot\System Update\Figment_NoBuild\input\items_unique_min.json
🔎 比較用: base   = E:\フォートナイト\Picture\Loot Pool\TEST4\New Loot\System Update\Figment_NoBuild\output\summary\v39.30_2026-01-23_20-28.json
🔎 比較用: target = E:\フォートナイト\Picture\Loot Pool\TEST4\New Loot\System Update\Figment_NoBuild\output\summary\v39.30_2026-01-23_21-22.json
✅ 差分作成 完了
  追加   : 0 / 削除 : 0 / 変更 : 0 / 変化なし : 92
💾 差分: E:\フォートナイト\Picture\Loot Pool\TEST4\New Loot\System Update\Figment_NoBuild\output\history\BR_20260123_2122\items_unique_min_diff.json
2026-01-23 21:22:13 | WARNING | LootSummary stderr: E:\フォートナイト\Picture\Loot Pool\TEST4\New Loot\System Update\Figment_NoBuild\scripts\LootSummary.py:2: SyntaxWarning: invalid escape sequence '\B'
  """
2026-01-23 21:22:13 | INFO | ✅ LootSummary 実行完了（抽出→比較） (0.41s)
2026-01-23 21:22:13 | INFO | prewarm start
