2026-02-17 07:13:55 | INFO | log file (Figment_NoBuild): E:\フォートナイト\Picture\Loot Pool\TEST4\New Loot\System Update\Figment_NoBuild\output\logs\pipeline_2026-02-17_07-13-55.log
2026-02-17 07:13:55 | INFO | ===== Figment_NoBuild: pipeline start =====
2026-02-17 07:13:55 | INFO | paths: lt=E:\フォートナイト\Picture\Loot Pool\TEST4\New Loot\System Update\Figment_NoBuild\input\AthenaLootTierData_Client__final.json lp=E:\フォートナイト\Picture\Loot Pool\TEST4\New Loot\System Update\Figment_NoBuild\input\AthenaLootPackages_Client__final.json minlist=E:\フォートナイト\Picture\Loot Pool\TEST4\New Loot\System Update\Figment_NoBuild\input\items_unique_min.json
2026-02-17 07:13:55 | INFO | output: summary=E:\フォートナイト\Picture\Loot Pool\TEST4\New Loot\System Update\Figment_NoBuild\output\summary lootdata=E:\フォートナイト\Picture\Loot Pool\TEST4\New Loot\System Update\戦利品データ\Figment_NoBuild
2026-02-17 07:13:55 | INFO | flags: hotfix=True prewarm=True image=True workers=8
2026-02-17 07:13:55 | INFO | hotfix start: E:\フォートナイト\Picture\Loot Pool\TEST4\New Loot\System Update\LootPackage.py
2026-02-17 07:13:55 | INFO | hotfix lp stdout: [STEP1-1] base E:\Fmodel\Exports\FortniteGame\Plugins\GameFeatures\Figment\Figment_LootTables\Content\DataTables\FigmentLootPackages.json
[HOTFIX:SEASON1] target=/Figment_LootTables/DataTables/FigmentLootPackages
[620] RowUpdate WorldList.AthenaSupplyDrop.Weapon.Handgun.02.Weight=0.000000) -> OK
[765] RowUpdate WorldList.AthenaLoot.Weapon.AssaultAuto.39.Weight=0.050000 -> OK
[766] RowUpdate WorldList.AthenaLoot.Weapon.HighAssaultAuto.19.Weight=0.060000 -> OK
[767] RowUpdate WorldList.AthenaLoot.Weapon.Sniper.15.Weight=0.500000 -> OK
[768] RowUpdate WorldList.AthenaLoot.Weapon.HighSniper.22.Weight=0.050000 -> OK
[HOTFIX:SEASON1] Addrow(TableUpdate) なし -> スキップ
[HOTFIX:SEASON1] done: applied=5, deleted=0, skipped=0
[STEP1-2] merge E:\Fmodel\Exports\FortniteGame\Plugins\GameFeatures\Figment\Figment_LootTables\Content\DataTables\NoBuild\NoBuildFigmentLootPackages_Override.json : replaced=75, added=0
[HOTFIX:SEASON2] target=/Figment_LootTables/DataTables/NoBuild/NoBuildFigmentLootPackages_Override
[HOTFIX:SEASON2] Addrow(TableUpdate) なし -> スキップ
[HOTFIX:SEASON2] done: applied=0, deleted=0, skipped=0
[WRITE] final -> E:\フォートナイト\Picture\Loot Pool\TEST4\New Loot\System Update\Figment_NoBuild\input\AthenaLootPackages_Client__final.json
[WRITE] per-input -> E:\フォートナイト\Picture\Loot Pool\TEST4\New Loot\System Update\Figment_NoBuild\input\FigmentLootPackages__final.json
[WRITE] per-input -> E:\フォートナイト\Picture\Loot Pool\TEST4\New Loot\System Update\Figment_NoBuild\input\NoBuildFigmentLootPackages_Override__final.json
2026-02-17 07:13:55 | INFO | hotfix start: E:\フォートナイト\Picture\Loot Pool\TEST4\New Loot\System Update\LootTier.py
2026-02-17 07:13:56 | INFO | hotfix lt stdout: [STEP1-1] base E:\Fmodel\Exports\FortniteGame\Plugins\GameFeatures\Figment\Figment_LootTables\Content\DataTables\FigmentLootTierData.json
[HOTFIX:SEASON1] target=/Figment_LootTables/DataTables/FigmentLootPackages
[620] RowUpdate WorldList.AthenaSupplyDrop.Weapon.Handgun.02.Weight=0.000000) -> SKIP(no row)
[765] RowUpdate WorldList.AthenaLoot.Weapon.AssaultAuto.39.Weight=0.050000 -> SKIP(no row)
[766] RowUpdate WorldList.AthenaLoot.Weapon.HighAssaultAuto.19.Weight=0.060000 -> SKIP(no row)
[767] RowUpdate WorldList.AthenaLoot.Weapon.Sniper.15.Weight=0.500000 -> SKIP(no row)
[768] RowUpdate WorldList.AthenaLoot.Weapon.HighSniper.22.Weight=0.050000 -> SKIP(no row)
[HOTFIX:SEASON1] done: applied=0, deleted=0, skipped=5
[STEP1-2] merge E:\Fmodel\Exports\FortniteGame\Plugins\GameFeatures\Figment\Figment_LootTables\Content\DataTables\NoBuild\NoBuildFigmentLootTierData_Override.json : replaced=0, added=0
[HOTFIX:SEASON2] target=/Figment_LootTables/DataTables/NoBuild/NoBuildFigmentLootPackages_Override
[HOTFIX:SEASON2] done: applied=0, deleted=0, skipped=0
[WRITE] final -> E:\フォートナイト\Picture\Loot Pool\TEST4\New Loot\System Update\Figment_NoBuild\input\AthenaLootTierData_Client__final.json
[WRITE] per-input -> E:\フォートナイト\Picture\Loot Pool\TEST4\New Loot\System Update\Figment_NoBuild\input\FigmentLootTierData__final.json
[WRITE] per-input -> E:\フォートナイト\Picture\Loot Pool\TEST4\New Loot\System Update\Figment_NoBuild\input\NoBuildFigmentLootTierData_Override__final.json
2026-02-17 07:13:56 | INFO | ✓ Hotfix 適用完了 (0.76s)
2026-02-17 07:13:56 | INFO | load lt: E:\フォートナイト\Picture\Loot Pool\TEST4\New Loot\System Update\Figment_NoBuild\input\AthenaLootTierData_Client__final.json
2026-02-17 07:13:56 | INFO | load lp: E:\フォートナイト\Picture\Loot Pool\TEST4\New Loot\System Update\Figment_NoBuild\input\AthenaLootPackages_Client__final.json
2026-02-17 07:13:56 | INFO | load done (0.01s)
2026-02-17 07:13:56 | INFO | build summary start
2026-02-17 07:13:56 | INFO | build summary done (0.01s)
2026-02-17 07:13:56 | INFO | enrich summary with names start
2026-02-17 07:13:56 | INFO | enrich summary done (0.00s)
2026-02-17 07:13:56 | INFO | ✅ まとめJSONを作成: E:\フォートナイト\Picture\Loot Pool\TEST4\New Loot\System Update\Figment_NoBuild\output\summary\v39.30_2026-02-17_07-13.json
2026-02-17 07:13:56 | INFO | build Figment_NoBuild_LootData start
2026-02-17 07:13:56 | INFO | build BR_LootData done (0.00s)
2026-02-17 07:13:56 | INFO | ✅ Figment_NoBuild_LootData を作成: E:\フォートナイト\Picture\Loot Pool\TEST4\New Loot\System Update\戦利品データ\Figment_NoBuild\Figment_NoBuild_LootData_2026-02-17_07-13.json
2026-02-17 07:13:56 | INFO | ✅ Web LootPool を更新: E:\フォートナイト\Web\assets\data\Loot\ORIGIN_ZB_LootPool.json
2026-02-17 07:13:56 | INFO | LootSummary start: E:\フォートナイト\Picture\Loot Pool\TEST4\New Loot\System Update\Figment_NoBuild\scripts\LootSummary.py
2026-02-17 07:13:56 | INFO | LootSummary stdout: 🔎 抽出用: 最新ファイル = E:\フォートナイト\Picture\Loot Pool\TEST4\New Loot\System Update\Figment_NoBuild\output\summary\v39.30_2026-02-17_07-13.json
✅ 抽出件数: 93
💾 保存: E:\フォートナイト\Picture\Loot Pool\TEST4\New Loot\System Update\Figment_NoBuild\input\items_unique_min.json
🔎 比較用: base   = E:\フォートナイト\Picture\Loot Pool\TEST4\New Loot\System Update\Figment_NoBuild\output\summary\v39.30_2026-02-14_17-10.json
🔎 比較用: target = E:\フォートナイト\Picture\Loot Pool\TEST4\New Loot\System Update\Figment_NoBuild\output\summary\v39.30_2026-02-17_07-13.json
✅ 差分作成 完了
  追加   : 1 / 削除 : 1 / 変更 : 0 / 変化なし : 92
💾 差分: E:\フォートナイト\Picture\Loot Pool\TEST4\New Loot\System Update\Figment_NoBuild\output\history\BR_20260217_0713\items_unique_min_diff.json
2026-02-17 07:13:56 | WARNING | LootSummary stderr: E:\フォートナイト\Picture\Loot Pool\TEST4\New Loot\System Update\Figment_NoBuild\scripts\LootSummary.py:2: SyntaxWarning: invalid escape sequence '\B'
  """
2026-02-17 07:13:56 | INFO | ✅ LootSummary 実行完了（抽出→比較） (0.17s)
2026-02-17 07:13:56 | INFO | prewarm start
2026-02-17 07:14:14 | INFO | ✅ アイコンキャッシュ プリウォーム完了 (18.29s)
2026-02-17 07:14:14 | INFO | 画像化タスク数: 93
2026-02-17 07:14:14 | INFO | 画像生成 進捗: 1/93
2026-02-17 07:14:16 | INFO | 画像生成 進捗: 50/93
2026-02-17 07:14:17 | INFO | 画像生成 進捗: 93/93
2026-02-17 07:14:17 | INFO | ✅ 画像生成 完了（MinListベース）
2026-02-17 07:14:17 | INFO | ✅ Loot diff を作成: E:\フォートナイト\Web\assets\data\Loot\diff\Figment_NoBuild_2026-02-17_07-14-17.json (added=3 removed=1 change=16)
2026-02-17 07:14:17 | INFO | ℹ️ BR_Discord が見つかりません: E:\フォートナイト\Picture\Loot Pool\TEST4\New Loot\System Update\Figment_NoBuild\scripts\BR_Discor.py
2026-02-17 07:14:17 | INFO | git add: E:\フォートナイト\Picture\Loot Pool\TEST4\New Loot
2026-02-17 07:14:23 | INFO | git commit stdout: [main 8f05141] Figment_NoBuild update 2026-02-17 07:14:20
 12 files changed, 20980 insertions(+), 38 deletions(-)
 create mode 100644 System Update/Figment_NoBuild/output/history/BR_20260217_0713/items_unique_min_diff.json
 create mode 100644 System Update/Figment_NoBuild/output/logs/pipeline_2026-02-17_07-13-55.log
 create mode 100644 System Update/Figment_NoBuild/output/summary/v39.30_2026-02-17_07-13.json
 create mode 100644 "System Update/shared/images/Figment_NoBuild/\343\203\207\343\203\223\343\203\253\343\203\217\343\203\263\343\202\277\343\203\274 - \343\203\206\343\202\243\343\202\2424.png"
 create mode 100644 "System Update/\346\210\246\345\210\251\345\223\201\343\203\207\343\203\274\343\202\277/Figment_NoBuild/Figment_NoBuild_LootData_2026-02-17_07-13.json"
2026-02-17 07:14:25 | WARNING | git push stderr: To https://github.com/Greenfox0833/New-Loot.git
   729016f..8f05141  main -> main
2026-02-17 07:14:25 | INFO | ✓ GitHub Push 完了
2026-02-17 07:14:25 | INFO | ===== Figment_NoBuild: pipeline end =====
