2026-04-01 23:00:34 | INFO | log file (Figment_NoBuild): E:\フォートナイト\Picture\Loot Pool\TEST4\New Loot\System Update\Figment_NoBuild\output\logs\pipeline_2026-04-01_23-00-34.log
2026-04-01 23:00:34 | INFO | ===== Figment_NoBuild: pipeline start =====
2026-04-01 23:00:34 | INFO | paths: lt=E:\フォートナイト\Picture\Loot Pool\TEST4\New Loot\System Update\Figment_NoBuild\input\AthenaLootTierData_Client__final.json lp=E:\フォートナイト\Picture\Loot Pool\TEST4\New Loot\System Update\Figment_NoBuild\input\AthenaLootPackages_Client__final.json minlist=E:\フォートナイト\Picture\Loot Pool\TEST4\New Loot\System Update\Figment_NoBuild\input\items_unique_min.json
2026-04-01 23:00:34 | INFO | output: summary=E:\フォートナイト\Picture\Loot Pool\TEST4\New Loot\System Update\Figment_NoBuild\output\summary lootdata=E:\フォートナイト\Picture\Loot Pool\TEST4\New Loot\System Update\戦利品データ\Figment_NoBuild
2026-04-01 23:00:34 | INFO | flags: hotfix=True prewarm=True image=True workers=8
2026-04-01 23:00:34 | INFO | hotfix start: E:\フォートナイト\Picture\Loot Pool\TEST4\New Loot\System Update\LootPackage.py
2026-04-01 23:00:34 | INFO | hotfix lp stdout: [STEP1-1] base E:\Fmodel\Exports\FortniteGame\Plugins\GameFeatures\Figment\Figment_LootTables\Content\DataTables\FigmentLootPackages.json
[HOTFIX:SEASON1] target=/Figment_LootTables/DataTables/FigmentLootPackages
[515] RowUpdate WorldList.AthenaLoot.VendingMachine.Weapons.Legendary.Shells.01.Weight=0.000000 -> OK
[516] RowUpdate WorldList.AthenaLoot.Weapon.Shotgun.11.Weight=0.000000 -> OK
[517] RowUpdate WorldList.AthenaLoot.Weapon.HighShotgun.11.Weight=0.000000 -> OK
[518] RowUpdate WorldList.AthenaSupplyDrop.Weapon.Shotgun.03.Weight=0.000000 -> OK
[519] RowUpdate WorldList.AthenaLoot.Weapon.AssaultAuto.29.Weight=0.000000 -> OK
[520] RowUpdate WorldList.AthenaLoot.Weapon.AssaultAuto.30.Weight=0.000000 -> OK
[521] RowUpdate WorldList.AthenaLoot.Weapon.HighAssaultAuto.15.Weight=0.000000 -> OK
[522] RowUpdate WorldList.AthenaLoot.Weapon.AssaultAuto.27.Weight=0.000000 -> OK
[523] RowUpdate WorldList.AthenaLoot.Weapon.AssaultAuto.28.Weight=0.000000 -> OK
[524] RowUpdate WorldList.AthenaLoot.Weapon.HighAssaultAuto.24.Weight=0.000000 -> OK
[525] RowUpdate WorldList.AthenaLoot.Weapon.HighAssaultAuto.25.Weight=0.000000 -> OK
[526] RowUpdate WorldList.AthenaSupplyDrop.Weapon.Assault.11.Weight=0.000000 -> OK
[527] RowUpdate WorldList.AthenaHighConsumables.35.Weight=0.000000 -> OK
[528] RowUpdate WorldList.AthenaSupplyDropConsumables.34.Weight=0.000000 -> OK
[529] RowUpdate WorldList.AthenaConsumables.30.Weight=0.000000 -> OK
[530] RowUpdate WorldList.AthenaLoot.VendingMachine.Consumables.Uncommon.03.Weight=0.000000 -> OK
[531] RowUpdate WorldList.AthenaTraps.14.Weight=0.000000 -> OK
[532] RowUpdate WorldList.ForagedItem.Banana.01.Weight=0.000000 -> OK
[533] RowUpdate WorldList.ForagedItem.Pepper.01.Weight=0.000000 -> OK
[534] RowUpdate WorldList.ForagedItem.Coconut.01.Weight=0.000000 -> OK
[HOTFIX:SEASON1] Addrow(TableUpdate) なし -> スキップ
[HOTFIX:SEASON1] done: applied=20, deleted=0, skipped=0
[STEP1-2] merge E:\Fmodel\Exports\FortniteGame\Plugins\GameFeatures\Figment\Figment_LootTables\Content\DataTables\NoBuild\NoBuildFigmentLootPackages_Override.json : replaced=75, added=0
[HOTFIX:SEASON2] target=/Figment_LootTables/DataTables/NoBuild/NoBuildFigmentLootPackages_Override
[HOTFIX:SEASON2] Addrow(TableUpdate) なし -> スキップ
[HOTFIX:SEASON2] done: applied=0, deleted=0, skipped=0
[WRITE] final -> E:\フォートナイト\Picture\Loot Pool\TEST4\New Loot\System Update\Figment_NoBuild\input\AthenaLootPackages_Client__final.json
[WRITE] per-input -> E:\フォートナイト\Picture\Loot Pool\TEST4\New Loot\System Update\Figment_NoBuild\input\FigmentLootPackages__final.json
[WRITE] per-input -> E:\フォートナイト\Picture\Loot Pool\TEST4\New Loot\System Update\Figment_NoBuild\input\NoBuildFigmentLootPackages_Override__final.json
2026-04-01 23:00:34 | INFO | hotfix start: E:\フォートナイト\Picture\Loot Pool\TEST4\New Loot\System Update\LootTier.py
2026-04-01 23:00:35 | INFO | hotfix lt stdout: [STEP1-1] base E:\Fmodel\Exports\FortniteGame\Plugins\GameFeatures\Figment\Figment_LootTables\Content\DataTables\FigmentLootTierData.json
[HOTFIX:SEASON1] target=/Figment_LootTables/DataTables/FigmentLootPackages
[515] RowUpdate WorldList.AthenaLoot.VendingMachine.Weapons.Legendary.Shells.01.Weight=0.000000 -> SKIP(no row)
[516] RowUpdate WorldList.AthenaLoot.Weapon.Shotgun.11.Weight=0.000000 -> SKIP(no row)
[517] RowUpdate WorldList.AthenaLoot.Weapon.HighShotgun.11.Weight=0.000000 -> SKIP(no row)
[518] RowUpdate WorldList.AthenaSupplyDrop.Weapon.Shotgun.03.Weight=0.000000 -> SKIP(no row)
[519] RowUpdate WorldList.AthenaLoot.Weapon.AssaultAuto.29.Weight=0.000000 -> SKIP(no row)
[520] RowUpdate WorldList.AthenaLoot.Weapon.AssaultAuto.30.Weight=0.000000 -> SKIP(no row)
[521] RowUpdate WorldList.AthenaLoot.Weapon.HighAssaultAuto.15.Weight=0.000000 -> SKIP(no row)
[522] RowUpdate WorldList.AthenaLoot.Weapon.AssaultAuto.27.Weight=0.000000 -> SKIP(no row)
[523] RowUpdate WorldList.AthenaLoot.Weapon.AssaultAuto.28.Weight=0.000000 -> SKIP(no row)
[524] RowUpdate WorldList.AthenaLoot.Weapon.HighAssaultAuto.24.Weight=0.000000 -> SKIP(no row)
[525] RowUpdate WorldList.AthenaLoot.Weapon.HighAssaultAuto.25.Weight=0.000000 -> SKIP(no row)
[526] RowUpdate WorldList.AthenaSupplyDrop.Weapon.Assault.11.Weight=0.000000 -> SKIP(no row)
[527] RowUpdate WorldList.AthenaHighConsumables.35.Weight=0.000000 -> SKIP(no row)
[528] RowUpdate WorldList.AthenaSupplyDropConsumables.34.Weight=0.000000 -> SKIP(no row)
[529] RowUpdate WorldList.AthenaConsumables.30.Weight=0.000000 -> SKIP(no row)
[530] RowUpdate WorldList.AthenaLoot.VendingMachine.Consumables.Uncommon.03.Weight=0.000000 -> SKIP(no row)
[531] RowUpdate WorldList.AthenaTraps.14.Weight=0.000000 -> SKIP(no row)
[532] RowUpdate WorldList.ForagedItem.Banana.01.Weight=0.000000 -> SKIP(no row)
[533] RowUpdate WorldList.ForagedItem.Pepper.01.Weight=0.000000 -> SKIP(no row)
[534] RowUpdate WorldList.ForagedItem.Coconut.01.Weight=0.000000 -> SKIP(no row)
[HOTFIX:SEASON1] done: applied=0, deleted=0, skipped=20
[STEP1-2] merge E:\Fmodel\Exports\FortniteGame\Plugins\GameFeatures\Figment\Figment_LootTables\Content\DataTables\NoBuild\NoBuildFigmentLootTierData_Override.json : replaced=0, added=0
[HOTFIX:SEASON2] target=/Figment_LootTables/DataTables/NoBuild/NoBuildFigmentLootPackages_Override
[HOTFIX:SEASON2] done: applied=0, deleted=0, skipped=0
[WRITE] final -> E:\フォートナイト\Picture\Loot Pool\TEST4\New Loot\System Update\Figment_NoBuild\input\AthenaLootTierData_Client__final.json
[WRITE] per-input -> E:\フォートナイト\Picture\Loot Pool\TEST4\New Loot\System Update\Figment_NoBuild\input\FigmentLootTierData__final.json
[WRITE] per-input -> E:\フォートナイト\Picture\Loot Pool\TEST4\New Loot\System Update\Figment_NoBuild\input\NoBuildFigmentLootTierData_Override__final.json
2026-04-01 23:00:35 | INFO | ✓ Hotfix 適用完了 (0.60s)
2026-04-01 23:00:35 | INFO | load lt: E:\フォートナイト\Picture\Loot Pool\TEST4\New Loot\System Update\Figment_NoBuild\input\AthenaLootTierData_Client__final.json
2026-04-01 23:00:35 | INFO | load lp: E:\フォートナイト\Picture\Loot Pool\TEST4\New Loot\System Update\Figment_NoBuild\input\AthenaLootPackages_Client__final.json
2026-04-01 23:00:35 | INFO | load done (0.02s)
2026-04-01 23:00:35 | INFO | build summary start
2026-04-01 23:00:35 | INFO | build summary done (0.02s)
2026-04-01 23:00:35 | INFO | enrich summary with names start
2026-04-01 23:00:35 | INFO | enrich summary done (0.00s)
2026-04-01 23:00:35 | INFO | ✅ まとめJSONを作成: E:\フォートナイト\Picture\Loot Pool\TEST4\New Loot\System Update\Figment_NoBuild\output\summary\v39.30_2026-04-01_23-00.json
2026-04-01 23:00:35 | INFO | build Figment_NoBuild_LootData start
2026-04-01 23:00:35 | INFO | build BR_LootData done (0.00s)
2026-04-01 23:00:35 | INFO | ✅ Figment_NoBuild_LootData を作成: E:\フォートナイト\Picture\Loot Pool\TEST4\New Loot\System Update\戦利品データ\Figment_NoBuild\Figment_NoBuild_LootData_2026-04-01_23-00.json
2026-04-01 23:00:35 | INFO | ✅ Web LootPool を更新: E:\フォートナイト\Web\assets\data\Loot\ORIGIN_ZB_LootPool.json
2026-04-01 23:00:35 | INFO | LootSummary start: E:\フォートナイト\Picture\Loot Pool\TEST4\New Loot\System Update\Figment_NoBuild\scripts\LootSummary.py
2026-04-01 23:00:35 | INFO | LootSummary stdout: 🔎 抽出用: 最新ファイル = E:\フォートナイト\Picture\Loot Pool\TEST4\New Loot\System Update\Figment_NoBuild\output\summary\v39.30_2026-04-01_23-00.json
✅ 抽出件数: 100
💾 保存: E:\フォートナイト\Picture\Loot Pool\TEST4\New Loot\System Update\Figment_NoBuild\input\items_unique_min.json
🔎 比較用: base   = E:\フォートナイト\Picture\Loot Pool\TEST4\New Loot\System Update\Figment_NoBuild\output\summary\v39.30_2026-03-06_07-12.json
🔎 比較用: target = E:\フォートナイト\Picture\Loot Pool\TEST4\New Loot\System Update\Figment_NoBuild\output\summary\v39.30_2026-04-01_23-00.json
✅ 差分作成 完了
  追加   : 13 / 削除 : 5 / 変更 : 0 / 変化なし : 87
💾 差分: E:\フォートナイト\Picture\Loot Pool\TEST4\New Loot\System Update\Figment_NoBuild\output\history\BR_20260401_2300\items_unique_min_diff.json
2026-04-01 23:00:35 | WARNING | LootSummary stderr: E:\フォートナイト\Picture\Loot Pool\TEST4\New Loot\System Update\Figment_NoBuild\scripts\LootSummary.py:2: SyntaxWarning: invalid escape sequence '\B'
  """
2026-04-01 23:00:35 | INFO | ✅ LootSummary 実行完了（抽出→比較） (0.22s)
2026-04-01 23:00:35 | INFO | prewarm start
