2026-06-07 18:20:55 | INFO | log file: E:\フォートナイト\Picture\Loot Pool\TEST4\New Loot\System Update\BR\output\logs\pipeline_2026-06-07_18-20-55.log
2026-06-07 18:20:55 | INFO | ===== BR: pipeline start =====
2026-06-07 18:20:55 | INFO | paths: lt=E:\フォートナイト\Picture\Loot Pool\TEST4\New Loot\System Update\BR\input\AthenaLootTierData_Client__final.json lp=E:\フォートナイト\Picture\Loot Pool\TEST4\New Loot\System Update\BR\input\AthenaLootPackages_Client__final.json minlist=E:\フォートナイト\Picture\Loot Pool\TEST4\New Loot\System Update\BR\input\items_unique_min.json
2026-06-07 18:20:55 | INFO | output: summary=E:\フォートナイト\Picture\Loot Pool\TEST4\New Loot\System Update\BR\output\summary lootdata=E:\フォートナイト\Picture\Loot Pool\TEST4\New Loot\System Update\戦利品データ\BR
2026-06-07 18:20:55 | INFO | flags: hotfix=True prewarm=True image=True workers=8
2026-06-07 18:20:55 | INFO | hotfix start: E:\フォートナイト\Picture\Loot Pool\TEST4\New Loot\System Update\LootPackage.py
2026-06-07 18:20:56 | INFO | hotfix lp stdout: [STEP1-1] base e:\Fmodel\Exports\FortniteGame\Content\Items\DataTables\AthenaLootPackages_Client.json
[HOTFIX:SEASON1] target=/Game/Items/DataTables/AthenaLootPackages_Client
[HOTFIX:SEASON1] Addrow(TableUpdate) なし -> スキップ
[HOTFIX:SEASON1] done: applied=0, deleted=0, skipped=0
[STEP1-2] merge e:\Fmodel\Exports\FortniteGame\Plugins\GameFeatures\OrangeRemoteLoot\Content\DataTables\OrangeRemoteLootPackages_Client.json : replaced=134, added=636
[HOTFIX:SEASON2] target=/OrangeRemoteLoot/DataTables/OrangeRemoteLootPackages_Client
[1014] RowUpdate LIST_Weapons_Rare_Handgun_02.Weight=1.15 -> OK
[1015] RowUpdate LIST_Weapons_Epic_Handgun_02.Weight=1.15 -> OK
[1016] RowUpdate LIST_Weapons_Legendary_Handgun_02.Weight=1.15 -> OK
[1107] RowUpdate LIST_RelicVaultKey_01.Weight=0.1625 -> OK
[1108] RowUpdate LIST_RelicVaultKey_02.Weight=0.0875 -> OK
[1109] RowUpdate LIST_Chest_Consumables_Utility_03.Weight=5.500000 -> OK
[1110] RowUpdate LIST_FloorLoot_Consumables_Utility_03.Weight=1.350000 -> OK
[HOTFIX:SEASON2] Addrow(TableUpdate) なし -> スキップ
[HOTFIX:SEASON2] done: applied=7, deleted=0, skipped=0
[WRITE] final -> E:\フォートナイト\Picture\Loot Pool\TEST4\New Loot\System Update\BR\input\AthenaLootPackages_Client__final.json
[WRITE] per-input -> E:\フォートナイト\Picture\Loot Pool\TEST4\New Loot\System Update\BR\input\OrangeRemoteLootPackages_Client__final.json
2026-06-07 18:20:56 | INFO | hotfix start: E:\フォートナイト\Picture\Loot Pool\TEST4\New Loot\System Update\LootTier.py
2026-06-07 18:20:56 | INFO | hotfix lt stdout: [STEP1-1] base e:\Fmodel\Exports\FortniteGame\Content\Items\DataTables\AthenaLootTierData_Client.json
[HOTFIX:SEASON1] target=/Game/Items/DataTables/AthenaLootTierData_Client
[HOTFIX:SEASON1] done: applied=0, deleted=0, skipped=0
[STEP1-2] merge e:\Fmodel\Exports\FortniteGame\Plugins\GameFeatures\OrangeRemoteLoot\Content\DataTables\OrangeRemoteLootTierData_Client.json : replaced=0, added=101
[HOTFIX:SEASON2] target=/OrangeRemoteLoot/DataTables/OrangeRemoteLootTierData_Client
[HOTFIX:SEASON2] done: applied=0, deleted=0, skipped=0
[WRITE] final -> E:\フォートナイト\Picture\Loot Pool\TEST4\New Loot\System Update\BR\input\AthenaLootTierData_Client__final.json
[WRITE] per-input -> E:\フォートナイト\Picture\Loot Pool\TEST4\New Loot\System Update\BR\input\OrangeRemoteLootTierData_Client__final.json
2026-06-07 18:20:56 | INFO | ✓ Hotfix 適用完了 (1.64s)
2026-06-07 18:20:56 | INFO | load lt: E:\フォートナイト\Picture\Loot Pool\TEST4\New Loot\System Update\BR\input\AthenaLootTierData_Client__final.json
2026-06-07 18:20:56 | INFO | load lp: E:\フォートナイト\Picture\Loot Pool\TEST4\New Loot\System Update\BR\input\AthenaLootPackages_Client__final.json
2026-06-07 18:20:56 | INFO | load done (0.03s)
2026-06-07 18:20:56 | INFO | build summary start
2026-06-07 18:20:56 | INFO | build summary done (0.09s)
2026-06-07 18:20:56 | INFO | enrich summary with names start
2026-06-07 18:20:56 | INFO | enrich summary done (0.00s)
2026-06-07 18:20:56 | INFO | ✅ まとめJSONを作成: E:\フォートナイト\Picture\Loot Pool\TEST4\New Loot\System Update\BR\output\summary\v39.30_2026-06-07_18-20.json
2026-06-07 18:20:56 | INFO | build item metadata start
2026-06-07 18:21:42 | INFO | ✅ アイテム名・説明・タグJSONを更新: E:\フォートナイト\Picture\Loot Pool\TEST4\New Loot\System Update\shared\cache\item_metadata.json (45.51s)
2026-06-07 18:21:42 | INFO | build BR_LootData start
2026-06-07 18:21:42 | INFO | build BR_LootData done (0.00s)
2026-06-07 18:21:42 | INFO | ✅ BR_LootData を作成: E:\フォートナイト\Picture\Loot Pool\TEST4\New Loot\System Update\戦利品データ\BR\BR_LootData_2026-06-07_18-21.json
2026-06-07 18:21:42 | INFO | ✅ Web LootPool を更新: E:\フォートナイト\Web\assets\data\Loot\BR_LootPool.json
2026-06-07 18:21:42 | INFO | LootSummary start: E:\フォートナイト\Picture\Loot Pool\TEST4\New Loot\System Update\BR\scripts\LootSummary.py
2026-06-07 18:21:43 | INFO | LootSummary stdout: 🔎 抽出用: 最新ファイル = E:\フォートナイト\Picture\Loot Pool\TEST4\New Loot\System Update\BR\output\summary\v39.30_2026-06-07_18-20.json
✅ 抽出件数: 128
💾 保存: E:\フォートナイト\Picture\Loot Pool\TEST4\New Loot\System Update\BR\input\items_unique_min.json
🔎 比較用: base   = E:\フォートナイト\Picture\Loot Pool\TEST4\New Loot\System Update\BR\output\summary\v39.30_2026-06-07_06-36.json
🔎 比較用: target = E:\フォートナイト\Picture\Loot Pool\TEST4\New Loot\System Update\BR\output\summary\v39.30_2026-06-07_18-20.json
✅ 差分作成 完了
  追加   : 0 / 削除 : 0 / 変更 : 14 / 変化なし : 114
💾 差分: E:\フォートナイト\Picture\Loot Pool\TEST4\New Loot\System Update\BR\output\history\BR_20260607_1821\items_unique_min_diff.json
2026-06-07 18:21:43 | WARNING | LootSummary stderr: E:\フォートナイト\Picture\Loot Pool\TEST4\New Loot\System Update\BR\scripts\LootSummary.py:2: SyntaxWarning: invalid escape sequence '\B'
  """
2026-06-07 18:21:43 | INFO | ✅ LootSummary 実行完了（抽出→比較） (0.85s)
2026-06-07 18:21:43 | INFO | prewarm start
2026-06-07 18:21:52 | INFO | ✅ アイコンキャッシュ プリウォーム完了 (9.41s)
2026-06-07 18:21:52 | INFO | 画像化タスク数: 128
2026-06-07 18:21:53 | INFO | 画像生成 進捗: 1/128
2026-06-07 18:21:54 | INFO | 画像生成 進捗: 50/128
2026-06-07 18:21:55 | INFO | 画像生成 進捗: 100/128
2026-06-07 18:21:56 | INFO | 画像生成 進捗: 128/128
2026-06-07 18:21:56 | INFO | ✅ 画像生成 完了（MinListベース）
2026-06-07 18:21:56 | INFO | ✅ Loot diff: 変更なし（作成スキップ）
2026-06-07 18:21:56 | INFO | git add: E:\フォートナイト\Picture\Loot Pool\TEST4\New Loot
2026-06-07 18:22:08 | INFO | git commit stdout: [main 18219b9] BR update 2026-06-07 18:22:03
 34 files changed, 57410 insertions(+), 376 deletions(-)
 create mode 100644 System Update/BR/output/history/BR_20260607_1821/items_unique_min_diff.json
 create mode 100644 System Update/BR/output/logs/pipeline_2026-06-07_18-20-55.log
 create mode 100644 System Update/BR/output/summary/v39.30_2026-06-07_18-20.json
 create mode 100644 System Update/BR/scripts/__pycache__/fill_unknown_names.cpython-312.pyc
 create mode 100644 System Update/BR/scripts/fill_unknown_names.py
 create mode 100644 "System Update/shared/images/BR/\343\202\256\343\203\243\343\203\251\343\202\257\343\202\267\343\203\274 \343\202\274\343\203\255\343\203\235\343\202\244\343\203\263\343\203\210\347\262\276\351\234\212 - \343\203\206\343\202\243\343\202\2427.png"
 create mode 100644 "System Update/shared/images/BR/\343\202\256\343\203\243\343\203\251\343\202\257\343\202\267\343\203\274 \343\203\200\343\203\203\343\202\257\347\262\276\351\234\212 - \343\203\206\343\202\243\343\202\2424.png"
 create mode 100644 "System Update/shared/images/BR/\343\202\256\343\203\243\343\203\251\343\202\257\343\202\267\343\203\274 \343\203\207\343\203\274\343\203\242\343\203\263\347\262\276\351\234\212 - \343\203\206\343\202\243\343\202\2424.png"
 create mode 100644 "System Update/shared/images/BR/\343\202\256\343\203\243\343\203\251\343\202\257\343\202\267\343\203\274 \343\203\221\343\203\263\343\202\257\343\201\256\347\262\276\351\234\212 - \343\203\206\343\202\243\343\202\2425.png"
 create mode 100644 "System Update/shared/images/BR/\343\202\256\343\203\243\343\203\251\343\202\257\343\202\267\343\203\274 \345\234\260\343\201\256\347\262\276\351\234\212 - \343\203\206\343\202\243\343\202\2423.png"
 create mode 100644 "System Update/shared/images/BR/\343\202\256\343\203\243\343\203\251\343\202\257\343\202\267\343\203\274 \346\260\264\343\201\256\347\262\276\351\234\212 - \343\203\206\343\202\243\343\202\2423.png"
 create mode 100644 "System Update/shared/images/BR/\343\202\256\343\203\243\343\203\251\343\202\257\343\202\267\343\203\274 \347\202\216\343\201\256\347\262\276\351\234\212 - \343\203\206\343\202\243\343\202\2423.png"
 create mode 100644 "System Update/shared/images/BR/\343\202\264\343\203\274\343\203\253\343\203\211 \343\202\274\343\203\255\343\203\235\343\202\244\343\203\263\343\203\210\347\262\276\351\234\212 - \343\203\206\343\202\243\343\202\2427.png"
 create mode 100644 "System Update/shared/images/BR/\343\202\264\343\203\274\343\203\253\343\203\211 \343\203\200\343\203\203\343\202\257\347\262\276\351\234\212 - \343\203\206\343\202\243\343\202\2424.png"
 create mode 100644 "System Update/shared/images/BR/\343\202\264\343\203\274\343\203\253\343\203\211 \343\203\207\343\203\274\343\203\242\343\203\263\347\262\276\351\234\212 - \343\203\206\343\202\243\343\202\2424.png"
 create mode 100644 "System Update/shared/images/BR/\343\202\264\343\203\274\343\203\253\343\203\211 \343\203\221\343\203\263\343\202\257\343\201\256\347\262\276\351\234\212 - \343\203\206\343\202\243\343\202\2425.png"
 create mode 100644 "System Update/shared/images/BR/\343\202\264\343\203\274\343\203\253\343\203\211 \345\234\260\343\201\256\347\262\276\351\234\212 - \343\203\206\343\202\243\343\202\2423.png"
 create mode 100644 "System Update/shared/images/BR/\343\202\264\343\203\274\343\203\253\343\203\211 \346\260\264\343\201\256\347\262\276\351\234\212 - \343\203\206\343\202\243\343\202\2423.png"
 create mode 100644 "System Update/shared/images/BR/\343\202\264\343\203\274\343\203\253\343\203\211 \347\202\216\343\201\256\347\262\276\351\234\212 - \343\203\206\343\202\243\343\202\2423.png"
 create mode 100644 "System Update/\346\210\246\345\210\251\345\223\201\343\203\207\343\203\274\343\202\277/BR/BR_LootData_2026-06-07_18-21.json"
2026-06-07 18:22:19 | WARNING | git push stderr: To https://github.com/Greenfox0833/New-Loot.git
   24a4cb0..18219b9  main -> main
2026-06-07 18:22:19 | INFO | ✓ GitHub Push 完了
2026-06-07 18:22:19 | INFO | ===== BR: pipeline end =====
