2026-09-17 17:35:09 | INFO | log file: E:\フォートナイト\Picture\Loot Pool\TEST4\New Loot\System Update\BR\output\logs\pipeline_2026-09-17_17-35-09.log
2026-09-17 17:35:09 | INFO | ===== BR: pipeline start =====
2026-09-17 17:35:09 | INFO | paths: lt=E:\フォートナイト\Picture\Loot Pool\TEST4\New Loot\System Update\BR\input\AthenaLootTierData_Client__final.json lp=E:\フォートナイト\Picture\Loot Pool\TEST4\New Loot\System Update\BR\input\AthenaLootPackages_Client__final.json minlist=E:\フォートナイト\Picture\Loot Pool\TEST4\New Loot\System Update\BR\input\items_unique_min.json
2026-09-17 17:35:09 | INFO | output: summary=E:\フォートナイト\Picture\Loot Pool\TEST4\New Loot\System Update\BR\output\summary lootdata=E:\フォートナイト\Picture\Loot Pool\TEST4\New Loot\System Update\戦利品データ\BR
2026-09-17 17:35:09 | INFO | flags: hotfix=True prewarm=True image=True workers=8
2026-09-17 17:35:09 | INFO | hotfix start: E:\フォートナイト\Picture\Loot Pool\TEST4\New Loot\System Update\LootPackage.py
2026-09-17 17:35:12 | INFO | hotfix lp stdout: [STEP1-1] base http://localhost:3849/api/v1/export?path=FortniteGame/Content/Items/DataTables/AthenaLootPackages_Client.uasset
[STEP1-2] merge http://localhost:3849/api/v1/export?path=FortniteGame/Plugins/GameFeatures/CosmicThunderLoot/Content/DataTables/CosmicThunderLootPackages_Client.uasset : replaced=142, added=624
[HOTFIX:SEASON1] target=/Game/Items/DataTables/AthenaLootPackages_Client
[771] RowUpdate PKG_Chest_Weapon_Shotgun_16.Weight=0.025000 -> OK
[772] RowUpdate PKG_Chest_Weapon_Handgun_16.Weight=0.025000 -> OK
[773] RowUpdate PKG_Chest_Weapon_SMG_16.Weight=0.025000 -> OK
[774] RowUpdate PKG_Chest_Weapon_Assault_16.Weight=0.025000 -> OK
[775] RowUpdate PKG_Chest_Weapon_Sniper_16.Weight=0.025000 -> OK
[776] RowUpdate PKG_RareChest_Weapon_Shotgun_14.Weight=0.060000 -> OK
[777] RowUpdate PKG_RareChest_Weapon_Handgun_14.Weight=0.060000 -> OK
[778] RowUpdate PKG_RareChest_Weapon_SMG_14.Weight=0.060000 -> OK
[779] RowUpdate PKG_RareChest_Weapon_Assault_14.Weight=0.060000 -> OK
[780] RowUpdate PKG_RareChest_Weapon_Sniper_14.Weight=0.060000 -> OK
[781] RowUpdate PKG_RareAmmoBox_09.Weight=0.000000 -> OK
[791] RowUpdate PKG_Chest_Weapon_Assault_08.Weight=0.0000 -> OK
[792] RowUpdate PKG_Chest_Weapon_Sniper_08.Weight=0.00000 -> OK
[793] RowUpdate PKG_RareChest_Weapon_Handgun_06.Weight=0.00000 -> OK
[794] RowUpdate PKG_RareChest_Weapon_SMG_06.Weight=0.00000 -> OK
[795] RowUpdate PKG_RareChest_Weapon_Assault_06.Weight=0.00000 -> OK
[796] RowUpdate PKG_RareChest_Weapon_Sniper_06.Weight=0.00000 -> OK
[797] RowUpdate PKG_Chest_Weapon_Shotgun_07.Weight=0.120000 -> OK
[798] RowUpdate PKG_Chest_Weapon_Handgun_07.Weight=0.120000 -> OK
[799] RowUpdate PKG_Chest_Weapon_SMG_07.Weight=0.120000 -> OK
[800] RowUpdate PKG_Chest_Weapon_Assault_07.Weight=0.120000 -> OK
[801] RowUpdate PKG_Chest_Weapon_Sniper_07.Weight=0.120000 -> OK
[802] RowUpdate PKG_Chest_Weapon_Launcher_07.Weight=0.120000 -> OK
[803] RowUpdate PKG_RareChest_Weapon_Shotgun_05.Weight=0.140000 -> OK
[804] RowUpdate PKG_RareChest_Weapon_Handgun_05.Weight=0.140000 -> OK
[805] RowUpdate PKG_RareChest_Weapon_SMG_05.Weight=0.140000 -> OK
[806] RowUpdate PKG_RareChest_Weapon_Assault_05.Weight=0.140000 -> OK
[807] RowUpdate PKG_RareChest_Weapon_Sniper_05.Weight=0.140000 -> OK
[808] RowUpdate PKG_RareChest_Weapon_Launcher_05.Weight=0.140000 -> OK
[1176] RowUpdate LIST_Gold_Small_01.CountRange=(X=150,Y=150) -> OK
[1177] RowUpdate LIST_Gold_Small_02.CountRange=(X=185,Y=185) -> OK
[1178] RowUpdate LIST_Gold_Small_03.CountRange=(X=260,Y=260) -> OK
[1179] RowUpdate LIST_Gold_Small_04.CountRange=(X=400,Y=400) -> OK
[1180] RowUpdate LIST_Gold_Small_05.CountRange=(X=550,Y=550) -> OK
[1181] RowUpdate LIST_Gold_Medium_01.CountRange=(X=375,Y=375) -> OK
[1182] RowUpdate LIST_Gold_Large_01.CountRange=(X=450,Y=450) -> OK
[1183] RowUpdate LIST_Gold_ExtraLarge_01.CountRange=(X=750,Y=750) -> OK
[1184] RowUpdate LIST_Gold_ExtraLarge_02.CountRange=(X=900,Y=900) -> OK
[1185] RowUpdate LIST_Gold_ExtraLarge_03.CountRange=(X=1125,Y=1125) -> OK
[1186] RowUpdate LIST_Gold_ExtraLarge_04.CountRange=(X=1300,Y=1300) -> OK
[1187] RowUpdate LIST_Gold_ExtraLarge_05.CountRange=(X=2250,Y=2250) -> OK
[1188] RowUpdate LIST_Gold_Register_01.CountRange=(X=150,Y=150) -> OK
[1189] RowUpdate LIST_Gold_Register_02.CountRange=(X=185,Y=185) -> OK
[1190] RowUpdate LIST_Gold_Register_03.CountRange=(X=260,Y=260) -> OK
[1191] RowUpdate LIST_Gold_Register_04.CountRange=(X=375,Y=375) -> OK
[1192] RowUpdate LIST_Gold_Register_05.CountRange=(X=560,Y=560) -> OK
[1193] RowUpdate LIST_Gold_Safe_01.CountRange=(X=150,Y=150) -> OK
[1194] RowUpdate LIST_Gold_Safe_02.CountRange=(X=185,Y=185) -> OK
[1195] RowUpdate LIST_Gold_Safe_03.CountRange=(X=260,Y=260) -> OK
[1196] RowUpdate LIST_Gold_Safe_04.CountRange=(X=375,Y=375) -> OK
[1197] RowUpdate LIST_Gold_Safe_05.CountRange=(X=560,Y=560) -> OK
[1198] RowUpdate LIST_Chest_Gold_01.CountRange=(X=55,Y=55) -> OK
[1199] RowUpdate LIST_Chest_Gold_02.CountRange=(X=70,Y=70) -> OK
[1200] RowUpdate LIST_Chest_Gold_03.CountRange=(X=85,Y=85) -> OK
[1201] RowUpdate LIST_Chest_Gold_04.CountRange=(X=110,Y=110) -> OK
[1202] RowUpdate LIST_Chest_Gold_05.CountRange=(X=225,Y=225) -> OK
[1203] RowUpdate LIST_RareChest_Gold_01.CountRange=(X=95,Y=95) -> OK
[1204] RowUpdate LIST_RareChest_Gold_02.CountRange=(X=115,Y=115) -> OK
[1205] RowUpdate LIST_RareChest_Gold_03.CountRange=(X=150,Y=150) -> OK
[1206] RowUpdate LIST_RareChest_Gold_04.CountRange=(X=240,Y=240) -> OK
[1207] RowUpdate LIST_RareChest_Gold_05.CountRange=(X=375,Y=375) -> OK
[1208] RowUpdate LIST_Fishing_Gold_01.CountRange=(X=375,Y=3753) -> OK
[1209] RowUpdate LIST_FishingHole_Gold_01.CountRange=(X=750,Y=750) -> OK
[1285] RowUpdate PKG_FishingDefault_Consumable_03.Weight=0.010000 -> OK
[1286] RowUpdate PKG_FishingHole_Consumable_03.Weight=0.010000 -> OK
[1319] RowUpdate PKG_FishingDefault_Light_05.Weight=0.000000 -> OK
[1320] RowUpdate PKG_FishingHole_Light_05.Weight=0.000000 -> OK
[1321] RowUpdate PKG_FishingDefault_Light_05.Weight=0.000000 -> OK
[1322] RowUpdate PKG_FishingHole_Light_05.Weight=0.000000 -> OK
[1330] RowUpdate PKG_FishingDefault_Consumable_03.Weight=0.008000 -> OK
[1372] RowUpdate LIST_RareRodBox_05.Weight=0.000000 -> OK
[1373] RowUpdate LIST_RareRodBox_Harpoon_01.Weight=0.000000 -> OK
[1944] RowUpdate PKG_FishingDefault_Consumable_01.Weight=0.030000 -> OK
[1945] RowUpdate PKG_FishingDefault_Consumable_02.Weight=0.000000 -> OK
[1946] RowUpdate PKG_FishingDefault_Consumable_03.Weight=0.000000 -> OK
[1947] RowUpdate PKG_FishingDefault_Consumable_07.Weight=0.970000 -> OK
[1948] RowUpdate PKG_FishingDefault_Consumable_07.LootPackageCall=LIST_Ammo_Random -> OK
[HOTFIX:SEASON1] Addrow(TableUpdate) なし -> スキップ
[HOTFIX:SEASON1] done: applied=77, deleted=0, skipped=0
[HOTFIX:SEASON2] target=/CosmicThunderLoot/DataTables/CosmicThunderLootPackages_Client
[1174] RowUpdate LIST_Boss_Gold_01.CountRange=(X=750,Y=750) -> OK
[1175] RowUpdate LIST_LlamaSupply_Gold_01.CountRange=(X=750,Y=750) -> OK
[1282] RowUpdate LIST_Vend_Item_Seasonal_2_01.Weight=1.000000 -> OK
[1283] RowUpdate LIST_Vend_Item_Seasonal_2_01.CountRange=(X=3,Y=3) -> OK
[1284] RowUpdate LIST_Vend_Item_Seasonal_2_01.ItemDefinition=/ImpulseGrenade/Gameplay/StimpulseGrenade/Athena_Stimpulse.Athena_Stimpulse -> OK
[1287] RowUpdate LIST_FishingHole_Legendary_Consumable_04.Weight=0.5000 -> OK
[1362] RowUpdate LIST_Weapons_Common_Shotgun_06.Weight=1.000000 -> OK
[1363] RowUpdate LIST_Weapons_Common_Shotgun_06.ItemDefinition=/CrimsonMist/Gameplay/Weapons/SemiAuto_Shotgun/WID_CrimsonMist_TacSG_C.WID_CrimsonMist_TacSG_C -> OK
[1364] RowUpdate LIST_Weapons_Uncommon_Shotgun_06.Weight=1.000000 -> OK
[1365] RowUpdate LIST_Weapons_Uncommon_Shotgun_06.ItemDefinition=/CrimsonMist/Gameplay/Weapons/SemiAuto_Shotgun/WID_CrimsonMist_TacSG_UC.WID_CrimsonMist_TacSG_UC -> OK
[1366] RowUpdate LIST_Weapons_Rare_Shotgun_06.Weight=1.000000 -> OK
[1367] RowUpdate LIST_Weapons_Rare_Shotgun_06.ItemDefinition=/CrimsonMist/Gameplay/Weapons/SemiAuto_Shotgun/WID_CrimsonMist_TacSG_R.WID_CrimsonMist_TacSG_R -> OK
[1368] RowUpdate LIST_Weapons_Epic_Shotgun_06.Weight=1.000000 -> OK
[1369] RowUpdate LIST_Weapons_Epic_Shotgun_06.ItemDefinition=/CrimsonMist/Gameplay/Weapons/SemiAuto_Shotgun/WID_CrimsonMist_TacSG_VR.WID_CrimsonMist_TacSG_VR -> OK
[1370] RowUpdate LIST_Weapons_Legendary_Shotgun_06.Weight=1.000000 -> OK
[1371] RowUpdate LIST_Weapons_Legendary_Shotgun_06.ItemDefinition=/CrimsonMist/Gameplay/Weapons/SemiAuto_Shotgun/WID_CrimsonMist_TacSG_SR.WID_CrimsonMist_TacSG_SR -> OK
[1569] RowUpdate LIST_Vend_Item_Seasonal_1_01.ItemDefinition=/DrivingNebula/Gameplay/WID_DrivingNebula.WID_DrivingNebula -> OK
[1949] RowUpdate LIST_FishingDefault_Consumables_Healing_01.Weight=1.000000 -> OK
[1950] RowUpdate LIST_FishingDefault_Consumables_Healing_02.Weight=0.000000 -> OK
[HOTFIX:SEASON2] Addrow(TableUpdate) なし -> スキップ
[HOTFIX:SEASON2] done: applied=19, deleted=0, skipped=0
[WRITE] final -> E:\フォートナイト\Picture\Loot Pool\TEST4\New Loot\System Update\BR\input\AthenaLootPackages_Client__final.json
[WRITE] per-input -> E:\フォートナイト\Picture\Loot Pool\TEST4\New Loot\System Update\BR\input\CosmicThunderLootPackages_Client__final.json
2026-09-17 17:35:12 | INFO | hotfix start: E:\フォートナイト\Picture\Loot Pool\TEST4\New Loot\System Update\LootTier.py
2026-09-17 17:35:15 | INFO | hotfix lt stdout: [STEP1-1] base http://localhost:3849/api/v1/export?path=FortniteGame/Content/Items/DataTables/AthenaLootTierData_Client.uasset
[STEP1-2] merge http://localhost:3849/api/v1/export?path=FortniteGame/Plugins/GameFeatures/CosmicThunderLoot/Content/DataTables/CosmicThunderLootTiers_Client.uasset : replaced=1, added=47
[HOTFIX:SEASON1] target=/Game/Items/DataTables/AthenaLootTierData_Client
[1020] RowUpdate Loot_AthenaFloorLoot_02.Weight=0.600000 -> OK
[1021] RowUpdate Loot_AthenaTreasure_02.Weight=0.120000 -> OK
[1022] RowUpdate Loot_ApolloTreasure_Rare_02.Weight=0.100000 -> OK
[1582] RowUpdate Loot_AthenaWadSafe_01.Weight=1.000000 -> OK
[HOTFIX:SEASON1] done: applied=4, deleted=0, skipped=0
[HOTFIX:SEASON2] target=/CosmicThunderLoot/DataTables/CosmicThunderLootTiers_Client
[HOTFIX:SEASON2] done: applied=0, deleted=0, skipped=0
[WRITE] final -> E:\フォートナイト\Picture\Loot Pool\TEST4\New Loot\System Update\BR\input\AthenaLootTierData_Client__final.json
[WRITE] per-input -> E:\フォートナイト\Picture\Loot Pool\TEST4\New Loot\System Update\BR\input\CosmicThunderLootTiers_Client__final.json
2026-09-17 17:35:15 | INFO | ✓ Hotfix 適用完了 (6.86s)
2026-09-17 17:35:15 | INFO | load lt: E:\フォートナイト\Picture\Loot Pool\TEST4\New Loot\System Update\BR\input\AthenaLootTierData_Client__final.json
2026-09-17 17:35:15 | INFO | load lp: E:\フォートナイト\Picture\Loot Pool\TEST4\New Loot\System Update\BR\input\AthenaLootPackages_Client__final.json
2026-09-17 17:35:15 | INFO | load done (0.01s)
2026-09-17 17:35:15 | INFO | build summary start
2026-09-17 17:35:32 | INFO | build summary done (16.34s)
2026-09-17 17:35:32 | INFO | enrich summary with names start
2026-09-17 17:36:11 | INFO | enrich summary done (38.83s)
2026-09-17 17:36:11 | INFO | ✅ まとめJSONを作成: E:\フォートナイト\Picture\Loot Pool\TEST4\New Loot\System Update\BR\output\summary\v39.30_2026-09-17_17-36.json
2026-09-17 17:36:11 | INFO | build item metadata start
2026-09-17 17:36:24 | INFO | ✅ アイテム名・説明・タグJSONを更新: E:\フォートナイト\Picture\Loot Pool\TEST4\New Loot\System Update\shared\cache\item_metadata.json (13.27s)
2026-09-17 17:36:24 | INFO | build BR_LootData start
2026-09-17 17:36:24 | INFO | build BR_LootData done (0.01s)
2026-09-17 17:36:24 | INFO | ✅ BR_LootData を作成: E:\フォートナイト\Picture\Loot Pool\TEST4\New Loot\System Update\戦利品データ\BR\BR_LootData_2026-09-17_17-36.json
2026-09-17 17:36:24 | INFO | ✅ Web LootPool を更新: E:\フォートナイト\Web\loot\data\BR_LootPool.json
2026-09-17 17:36:24 | INFO | LootSummary start: E:\フォートナイト\Picture\Loot Pool\TEST4\New Loot\System Update\BR\scripts\LootSummary.py
2026-09-17 17:36:25 | INFO | LootSummary stdout: 🔎 抽出用: 最新ファイル = E:\フォートナイト\Picture\Loot Pool\TEST4\New Loot\System Update\BR\output\summary\v39.30_2026-09-17_17-36.json
✅ 抽出件数: 88
💾 保存: E:\フォートナイト\Picture\Loot Pool\TEST4\New Loot\System Update\BR\input\items_unique_min.json
🔎 比較用: base   = E:\フォートナイト\Picture\Loot Pool\TEST4\New Loot\System Update\BR\output\summary\v39.30_2026-09-03_18-00.json
🔎 比較用: target = E:\フォートナイト\Picture\Loot Pool\TEST4\New Loot\System Update\BR\output\summary\v39.30_2026-09-17_17-36.json
✅ 差分作成 完了
  追加   : 18 / 削除 : 2 / 変更 : 0 / 変化なし : 70
💾 差分: E:\フォートナイト\Picture\Loot Pool\TEST4\New Loot\System Update\BR\output\history\BR_20260917_1736\items_unique_min_diff.json
2026-09-17 17:36:25 | WARNING | LootSummary stderr: E:\フォートナイト\Picture\Loot Pool\TEST4\New Loot\System Update\BR\scripts\LootSummary.py:2: SyntaxWarning: invalid escape sequence '\B'
  """
2026-09-17 17:36:25 | INFO | ✅ LootSummary 実行完了（抽出→比較） (0.68s)
2026-09-17 17:36:25 | INFO | prewarm start
2026-09-17 17:36:35 | INFO | ✅ アイコンキャッシュ プリウォーム完了 (10.17s)
2026-09-17 17:36:35 | INFO | 画像化タスク数: 88
2026-09-17 17:36:35 | INFO | 画像生成 進捗: 1/88
2026-09-17 17:36:36 | INFO | 画像生成 進捗: 50/88
2026-09-17 17:36:37 | INFO | 画像生成 進捗: 88/88
2026-09-17 17:36:37 | INFO | ✅ 画像生成 完了（MinListベース）
2026-09-17 17:36:37 | INFO | ✅ Loot diff を作成: E:\フォートナイト\Web\loot\data\diff\BR_2026-09-17_17-36-37.json (added=56 removed=7 change=23)
2026-09-17 17:36:38 | INFO | ✅ AddedItems 画像を保存: E:\フォートナイト\Picture\Loot Pool\TEST4\New Loot\System Update\shared\images\BR\AddedItems\2026-09-17_17-36-37 (copied=47 missing=6)
2026-09-17 17:36:38 | INFO | git add: E:\フォートナイト\Picture\Loot Pool\TEST4\New Loot
2026-09-17 17:37:14 | INFO | git commit stdout: [main 666d693] BR update 2026-09-17 17:37:00
 374 files changed, 1639290 insertions(+), 12376 deletions(-)
 create mode 100644 System Update/BR/output/history/BR_20260917_1736/items_unique_min_diff.json
 create mode 100644 System Update/BR/output/logs/pipeline_2026-09-17_17-34-23.log
 create mode 100644 System Update/BR/output/logs/pipeline_2026-09-17_17-35-09.log
 create mode 100644 System Update/BR/output/summary/v39.30_2026-09-17_17-36.json
 create mode 100644 System Update/BR/scripts/__pycache__/LootSummary.cpython-312.pyc
 create mode 100644 System Update/BR_Comp/scripts/__pycache__/LootSummary.cpython-312.pyc
 create mode 100644 System Update/BR_Comp_Test/__pycache__/compare_schema_v2.cpython-312.pyc
 create mode 100644 System Update/BR_Comp_Test/__pycache__/config.cpython-312.pyc
 create mode 100644 System Update/BR_Comp_Test/__pycache__/generate_schema_v2.cpython-312.pyc
 create mode 100644 System Update/BR_Comp_Test/__pycache__/pipeline.cpython-312.pyc
 create mode 100644 System Update/BR_Comp_Test/__pycache__/summary.cpython-312.pyc
 create mode 100644 System Update/BR_Comp_Test/compare_schema_v2.py
 create mode 100644 System Update/BR_Comp_Test/config.py
 create mode 100644 System Update/BR_Comp_Test/generate_schema_v2.py
 create mode 100644 System Update/BR_Comp_Test/input/AthenaLootPackages_Client__final.json
 create mode 100644 System Update/BR_Comp_Test/input/AthenaLootTierData_Client__final.json
 create mode 100644 System Update/BR_Comp_Test/input/CosmicThunderLootPackages_Client__final.json
 create mode 100644 System Update/BR_Comp_Test/input/CosmicThunderLootTiers_Client__final.json
 create mode 100644 System Update/BR_Comp_Test/input/CosmicThunder_Override_LootPackages_Client_Comp__final.json
 create mode 100644 System Update/BR_Comp_Test/input/CosmicThunder_Override_LootPackages_Comp_BACKUP__final.json
 create mode 100644 System Update/BR_Comp_Test/input/CosmicThunder_Override_LootTiers_Comp__final.json
 create mode 100644 System Update/BR_Comp_Test/input/DragonCartLootPackages_Client_Comp_Backup__final.json
 create mode 100644 System Update/BR_Comp_Test/input/DragonCartLootPackages_Client_Comp__final.json
 create mode 100644 System Update/BR_Comp_Test/input/DragonCartLootPackages_Client__final.json
 create mode 100644 System Update/BR_Comp_Test/input/DragonCartLootTierData_Client_Comp_Backup__final.json
 create mode 100644 System Update/BR_Comp_Test/input/DragonCartLootTierData_Client_Comp__final.json
 create mode 100644 System Update/BR_Comp_Test/input/DragonCartLootTierData_Client__final.json
 create mode 100644 System Update/BR_Comp_Test/input/OrangeRemoteLootPackages_Client_Comp_Backup__final.json
 create mode 100644 System Update/BR_Comp_Test/input/OrangeRemoteLootPackages_Client_Comp__final.json
 create mode 100644 System Update/BR_Comp_Test/input/OrangeRemoteLootPackages_Client__final.json
 create mode 100644 System Update/BR_Comp_Test/input/OrangeRemoteLootTierData_Client_Comp_Backup__final.json
 create mode 100644 System Update/BR_Comp_Test/input/OrangeRemoteLootTierData_Client_Comp__final.json
 create mode 100644 System Update/BR_Comp_Test/input/OrangeRemoteLootTierData_Client__final.json
 create mode 100644 System Update/BR_Comp_Test/input/OverrideLootPackagesData_Backup__final.json
 create mode 100644 System Update/BR_Comp_Test/input/OverrideLootPackagesData__final.json
 create mode 100644 System Update/BR_Comp_Test/input/OverrideLootTierData__final.json
 create mode 100644 System Update/BR_Comp_Test/input/TeaCakeLootPackages_Client_Comp_Backup__final.json
 create mode 100644 System Update/BR_Comp_Test/input/TeaCakeLootPackages_Client_Comp__final.json
 create mode 100644 System Update/BR_Comp_Test/input/TeaCakeLootPackages_Client__final.json
 create mode 100644 System Update/BR_Comp_Test/input/TeaCakeLootTierData_Client_Comp_Backup__final.json
 create mode 100644 System Update/BR_Comp_Test/input/TeaCakeLootTierData_Client_Comp__final.json
 create mode 100644 System Update/BR_Comp_Test/input/TeaCakeLootTierData_Client__final.json
 create mode 100644 System Update/BR_Comp_Test/input/items_unique_min.json
 create mode 100644 System Update/BR_Comp_Test/output/history/BR_20260910_0839/items_unique_min_diff.json
 create mode 100644 System Update/BR_Comp_Test/output/history/BR_20260910_1429/items_unique_min_diff.json
 create mode 100644 System Update/BR_Comp_Test/output/history/BR_20260910_1449/items_unique_min_diff.json
 create mode 100644 System Update/BR_Comp_Test/output/logs/pipeline_2026-09-10_08-22-40.log
 create mode 100644 System Update/BR_Comp_Test/output/logs/pipeline_2026-09-10_08-27-56.log
 create mode 100644 System Update/BR_Comp_Test/output/logs/pipeline_2026-09-10_08-34-09.log
 create mode 100644 System Update/BR_Comp_Test/output/logs/pipeline_2026-09-10_08-38-59.log
 create mode 100644 System Update/BR_Comp_Test/output/logs/pipeline_2026-09-10_14-28-11.log
 create mode 100644 System Update/BR_Comp_Test/output/logs/pipeline_2026-09-10_14-29-48.log
 create mode 100644 System Update/BR_Comp_Test/output/logs/pipeline_2026-09-10_14-49-42.log
 create mode 100644 System Update/BR_Comp_Test/output/schema_v2/BR_Comp_TEST_schema_v2_2026-09-10_14-47-20.comparison.json
 create mode 100644 System Update/BR_Comp_Test/output/schema_v2/BR_Comp_TEST_schema_v2_2026-09-10_14-47-20.json
 create mode 100644 System Update/BR_Comp_Test/output/schema_v2/BR_Comp_TEST_schema_v2_2026-09-10_14-47-20.validation.json
 create mode 100644 System Update/BR_Comp_Test/output/schema_v2/BR_Comp_TEST_schema_v2_2026-09-10_14-51-49.json
 create mode 100644 System Update/BR_Comp_Test/output/schema_v2/BR_Comp_TEST_schema_v2_2026-09-10_14-51-49.validation.json
 create mode 100644 System Update/BR_Comp_Test/output/summary/v39.30_2026-09-10_08-34.json
 create mode 100644 System Update/BR_Comp_Test/output/summary/v39.30_2026-09-10_08-39.json
 create mode 100644 System Update/BR_Comp_Test/output/summary/v39.30_2026-09-10_14-29.json
 create mode 100644 System Update/BR_Comp_Test/output/summary/v39.30_2026-09-10_14-49.json
 create mode 100644 System Update/BR_Comp_Test/pipeline.py
 create mode 100644 System Update/BR_Comp_Test/scripts/LootSummary.py
 create mode 100644 System Update/BR_Comp_Test/scripts/__pycache__/LootSummary.cpython-312.pyc
 create mode 100644 System Update/BR_Comp_Test/summary.py
 create mode 100644 System Update/Figment/scripts/__pycache__/LootSummary.cpython-312.pyc
 create mode 100644 System Update/Figment_NoBuild/scripts/__pycache__/LootSummary.cpython-312.pyc
 create mode 100644 System Update/ForbiddenFruit/scripts/__pycache__/LootSummary.cpython-312.pyc
 create mode 100644 System Update/NoBuild/scripts/__pycache__/LootSummary.cpython-312.pyc
 create mode 100644 System Update/NoBuild_Comp/scripts/__pycache__/LootSummary.cpython-312.pyc
 create mode 100644 System Update/Reload/DashBerry/scripts/__pycache__/LootSummary.cpython-312.pyc
 create mode 100644 System Update/Reload/PiperBoot/scripts/__pycache__/LootSummary.cpython-312.pyc
 create mode 100644 System Update/Reload/PunchBerry/scripts/__pycache__/LootSummary.cpython-312.pyc
 create mode 100644 System Update/Reload/Sunflower/scripts/__pycache__/LootSummary.cpython-312.pyc
 create mode 100644 System Update/Reload_NoBuild_Ranked/scripts/__pycache__/LootSummary.cpython-312.pyc
 create mode 100644 System Update/Reload_Ranked/scripts/__pycache__/LootSummary.cpython-312.pyc
 create mode 100644 System Update/__pycache__/diff_loot_gui.cpython-312.pyc
 create mode 100644 System Update/__pycache__/hotfix_fetch_once.cpython-312.pyc
 create mode 100644 System Update/__pycache__/hotfix_filter.cpython-312.pyc
 create mode 100644 System Update/hotfix_filter.py
 create mode 100644 System Update/hotfix_profiles.json
 create mode 100644 System Update/shared/icon_cache/ArcadeWeaponGameplay__Assets__Icons__T_Icon_Weapons_Shotgun_EightBitBlaster_Exotic_L.png
 create mode 100644 System Update/shared/icon_cache/CosmicThunderWeapons__Gameplay__ExoticPump__Icons__T_Icon_Weapons_Pump_Exotic_L.png
 create mode 100644 System Update/shared/icon_cache/CosmicThunderWeapons__Gameplay__ExoticScar__Icons__T_Icon_Weapons_Scar_Exotic_L.png
 create mode 100644 System Update/shared/icon_cache/DentureSay_DentRemover__Assets__t_PLACEHOLDER_DentureSay_DentRemove.png
 create mode 100644 System Update/shared/icon_cache/DentureSay__Assets__Icons__T_Icon_BR_Sharp_ThriftFence_L.png
 create mode 100644 System Update/shared/icon_cache/HeatSnake_Drift__Gameplay__Icons__T_Icon_Weapons_Heatsnake_L.png
 create mode 100644 System Update/shared/icon_cache/WeaponsUpdated__Gameplay__DrumGun__Icons__T_Icon_Weapons_SMG_Drum_Exotic_L.png
 create mode 100644 "System Update/shared/images/BR/AddedItems/2026-09-17_17-36-37/\343\203\206\343\202\243\343\202\2421 - \343\202\255\343\203\243\343\203\231\343\203\204.png"
 create mode 100644 "System Update/shared/images/BR/AddedItems/2026-09-17_17-36-37/\343\203\206\343\202\243\343\202\2421 - \343\202\263\343\202\263\343\203\212\343\203\203\343\203\204.png"
 create mode 100644 "System Update/shared/images/BR/AddedItems/2026-09-17_17-36-37/\343\203\206\343\202\243\343\202\2421 - \343\202\264\343\203\274\343\203\253\343\203\211.png"
 create mode 100644 "System Update/shared/images/BR/AddedItems/2026-09-17_17-36-37/\343\203\206\343\202\243\343\202\2421 - \343\203\232\343\203\203\343\203\221\343\203\274.png"
 create mode 100644 "System Update/shared/images/BR/AddedItems/2026-09-17_17-36-37/\343\203\206\343\202\243\343\202\2421 - \343\203\252\343\203\263\343\202\264.png"
 create mode 100644 "System Update/shared/images/BR/AddedItems/2026-09-17_17-36-37/\343\203\206\343\202\243\343\202\2421 - \345\274\276\350\226\254_ \344\270\255\345\217\243\345\276\204\345\274\276.png"
 create mode 100644 "System Update/shared/images/BR/AddedItems/2026-09-17_17-36-37/\343\203\206\343\202\243\343\202\2421 - \345\274\276\350\226\254_ \345\244\247\345\217\243\345\276\204\345\274\276.png"
 create mode 100644 "System Update/shared/images/BR/AddedItems/2026-09-17_17-36-37/\343\203\206\343\202\243\343\202\2421 - \345\274\276\350\226\254_ \345\260\217\345\217\243\345\276\204\345\274\276.png"
 create mode 100644 "System Update/shared/images/BR/AddedItems/2026-09-17_17-36-37/\343\203\206\343\202\243\343\202\2421 - \345\274\276\350\226\254_ \346\225\243\345\274\276.png"
 create mode 100644 "System Update/shared/images/BR/AddedItems/2026-09-17_17-36-37/\343\203\206\343\202\243\343\202\2422 - \343\203\232\343\203\203\343\203\221\343\203\274.png"
 create mode 100644 "System Update/shared/images/BR/AddedItems/2026-09-17_17-36-37/\343\203\206\343\202\243\343\202\2422 - \343\203\252\343\203\263\343\202\264.png"
 create mode 100644 "System Update/shared/images/BR/AddedItems/2026-09-17_17-36-37/\343\203\206\343\202\243\343\202\2422 - \345\214\273\347\231\202\343\202\255\343\203\203\343\203\210.png"
 create mode 100644 "System Update/shared/images/BR/AddedItems/2026-09-17_17-36-37/\343\203\206\343\202\243\343\202\2423 - 8\343\203\223\343\203\203\343\203\210\343\202\267\343\203\247\343\203\203\343\203\210\343\202\254\343\203\263.png"
 create mode 100644 "System Update/shared/images/BR/AddedItems/2026-09-17_17-36-37/\343\203\206\343\202\243\343\202\2423 - ___.png"
 create mode 100644 "System Update/shared/images/BR/AddedItems/2026-09-17_17-36-37/\343\203\206\343\202\243\343\202\2423 - \343\202\252\343\203\274\343\203\220\343\203\274\343\203\211\343\203\251\343\202\244\343\203\226 \343\202\260\343\203\254\343\203\215\343\203\274\343\203\211.png"
 create mode 100644 "System Update/shared/images/BR/AddedItems/2026-09-17_17-36-37/\343\203\206\343\202\243\343\202\2423 - \343\202\267\343\203\274\343\203\253\343\203\211\343\203\235\343\203\274\343\202\267\343\203\247\343\203\263.png"
 create mode 100644 "System Update/shared/images/BR/AddedItems/2026-09-17_17-36-37/\343\203\206\343\202\243\343\202\2423 - \343\202\271\343\202\244\343\203\274\343\203\221\343\203\274\343\202\267\343\203\247\343\203\203\343\203\210\343\202\254\343\203\263.png"
 create mode 100644 "System Update/shared/images/BR/AddedItems/2026-09-17_17-36-37/\343\203\206\343\202\243\343\202\2423 - \343\202\277\343\202\257\343\203\206\343\202\243\343\202\253\343\203\253\343\203\224\343\202\271\343\203\210\343\203\253.png"
 create mode 100644 "System Update/shared/images/BR/AddedItems/2026-09-17_17-36-37/\343\203\206\343\202\243\343\202\2423 - \343\203\211\343\203\251\343\203\240\343\202\254\343\203\263.png"
 create mode 100644 "System Update/shared/images/BR/AddedItems/2026-09-17_17-36-37/\343\203\206\343\202\243\343\202\2423 - \343\203\235\343\203\263\343\203\227\343\202\267\343\203\247\343\203\203\343\203\210\343\202\254\343\203\263.png"
 create mode 100644 "System Update/shared/images/BR/AddedItems/2026-09-17_17-36-37/\343\203\206\343\202\243\343\202\2423 - \343\203\254\343\203\263\343\202\270\343\203\243\343\203\274\343\202\242\343\202\265\343\203\253\343\203\210\343\203\251\343\202\244\343\203\225\343\203\253.png"
 create mode 100644 "System Update/shared/images/BR/AddedItems/2026-09-17_17-36-37/\343\203\206\343\202\243\343\202\2423 - \343\203\255\343\203\203\343\202\257\343\203\220\343\202\271\343\202\277\343\203\274.png"
 create mode 100644 "System Update/shared/images/BR/AddedItems/2026-09-17_17-36-37/\343\203\206\343\202\243\343\202\2424 - 8\343\203\223\343\203\203\343\203\210\343\202\267\343\203\247\343\203\203\343\203\210\343\202\254\343\203\263.png"
 create mode 100644 "System Update/shared/images/BR/AddedItems/2026-09-17_17-36-37/\343\203\206\343\202\243\343\202\2424 - ___.png"
 create mode 100644 "System Update/shared/images/BR/AddedItems/2026-09-17_17-36-37/\343\203\206\343\202\243\343\202\2424 - \343\202\271\343\202\244\343\203\274\343\203\221\343\203\274\343\202\267\343\203\247\343\203\203\343\203\210\343\202\254\343\203\263.png"
 create mode 100644 "System Update/shared/images/BR/AddedItems/2026-09-17_17-36-37/\343\203\206\343\202\243\343\202\2424 - \343\202\275\343\203\213\343\203\203\343\202\257 \343\203\221\343\203\257\343\203\274\343\202\271\343\203\213\343\203\274\343\202\253\343\203\274.png"
 create mode 100644 "System Update/shared/images/BR/AddedItems/2026-09-17_17-36-37/\343\203\206\343\202\243\343\202\2424 - \343\202\277\343\202\257\343\203\206\343\202\243\343\202\253\343\203\253\343\203\224\343\202\271\343\203\210\343\203\253.png"
 create mode 100644 "System Update/shared/images/BR/AddedItems/2026-09-17_17-36-37/\343\203\206\343\202\243\343\202\2424 - \343\203\206\343\203\210\343\203\252\343\202\271\343\203\252\343\203\225\343\203\210.png"
 create mode 100644 "System Update/shared/images/BR/AddedItems/2026-09-17_17-36-37/\343\203\206\343\202\243\343\202\2424 - \343\203\211\343\203\251\343\203\240\343\202\254\343\203\263.png"
 create mode 100644 "System Update/shared/images/BR/AddedItems/2026-09-17_17-36-37/\343\203\206\343\202\243\343\202\2424 - \343\203\235\343\203\263\343\203\227\343\202\267\343\203\247\343\203\203\343\203\210\343\202\254\343\203\263.png"
 create mode 100644 "System Update/shared/images/BR/AddedItems/2026-09-17_17-36-37/\343\203\206\343\202\243\343\202\2424 - \343\203\254\343\203\263\343\202\270\343\203\243\343\203\274\343\202\242\343\202\265\343\203\253\343\203\210\343\203\251\343\202\244\343\203\225\343\203\253.png"
 create mode 100644 "System Update/shared/images/BR/AddedItems/2026-09-17_17-36-37/\343\203\206\343\202\243\343\202\2425 - 8\343\203\223\343\203\203\343\203\210\343\202\267\343\203\247\343\203\203\343\203\210\343\202\254\343\203\263.png"
 create mode 100644 "System Update/shared/images/BR/AddedItems/2026-09-17_17-36-37/\343\203\206\343\202\243\343\202\2425 - ___.png"
 create mode 100644 "System Update/shared/images/BR/AddedItems/2026-09-17_17-36-37/\343\203\206\343\202\243\343\202\2425 - \343\202\271\343\202\244\343\203\274\343\203\221\343\203\274\343\202\267\343\203\247\343\203\203\343\203\210\343\202\254\343\203\263.png"
 create mode 100644 "System Update/shared/images/BR/AddedItems/2026-09-17_17-36-37/\343\203\206\343\202\243\343\202\2425 - \343\202\277\343\202\257\343\203\206\343\202\243\343\202\253\343\203\253\343\203\224\343\202\271\343\203\210\343\203\253.png"
 create mode 100644 "System Update/shared/images/BR/AddedItems/2026-09-17_17-36-37/\343\203\206\343\202\243\343\202\2425 - \343\203\201\343\203\243\343\202\260\343\202\270\343\203\243\343\202\260.png"
 create mode 100644 "System Update/shared/images/BR/AddedItems/2026-09-17_17-36-37/\343\203\206\343\202\243\343\202\2425 - \343\203\211\343\203\251\343\203\240\343\202\254\343\203\263.png"
 create mode 100644 "System Update/shared/images/BR/AddedItems/2026-09-17_17-36-37/\343\203\206\343\202\243\343\202\2425 - \343\203\235\343\203\263\343\203\227\343\202\267\343\203\247\343\203\203\343\203\210\343\202\254\343\203\263.png"
 create mode 100644 "System Update/shared/images/BR/AddedItems/2026-09-17_17-36-37/\343\203\206\343\202\243\343\202\2425 - \343\203\254\343\203\263\343\202\270\343\203\243\343\203\274\343\202\242\343\202\265\343\203\253\343\203\210\343\203\251\343\202\244\343\203\225\343\203\253.png"
 create mode 100644 "System Update/shared/images/BR/AddedItems/2026-09-17_17-36-37/\343\203\206\343\202\243\343\202\2425 - \350\277\275\345\212\240\343\203\251\343\202\244\343\203\225\343\203\210\343\203\274\343\202\257\343\203\263.png"
 create mode 100644 "System Update/shared/images/BR/AddedItems/2026-09-17_17-36-37/\343\203\206\343\202\243\343\202\2426 - \343\202\252\343\203\274\343\203\220\343\203\274\343\202\257\343\203\255\343\203\203\343\202\257 8\343\203\223\343\203\203\343\203\210 \343\202\267\343\203\247\343\203\203\343\203\210\343\202\254\343\203\263.png"
 create mode 100644 "System Update/shared/images/BR/AddedItems/2026-09-17_17-36-37/\343\203\206\343\202\243\343\202\2426 - \343\203\211\343\203\251\343\203\240\343\202\254\343\203\263(\343\202\250\343\202\255\343\202\276\343\203\201\343\203\203\343\202\257).png"
 create mode 100644 "System Update/shared/images/BR/AddedItems/2026-09-17_17-36-37/\343\203\206\343\202\243\343\202\2426 - \343\203\235\343\203\263\343\203\227\343\202\267\343\203\247\343\203\203\343\203\210\343\202\254\343\203\263(\343\202\250\343\202\255\343\202\276\343\203\201\343\203\203\343\202\257).png"
 create mode 100644 "System Update/shared/images/BR/AddedItems/2026-09-17_17-36-37/\343\203\206\343\202\243\343\202\2426 - \351\207\221\343\201\256\343\203\252\343\203\263\343\202\264.png"
 create mode 100644 "System Update/shared/images/BR/AddedItems/2026-09-17_17-36-37/\343\203\206\343\202\243\343\202\2427 - ___.png"
 create mode 100644 "System Update/shared/images/BR/AddedItems/2026-09-17_17-36-37/\343\203\206\343\202\243\343\202\2427 - \343\202\264\343\203\274\343\203\253\343\203\207\343\203\263\343\203\210\343\203\252\343\203\245\343\203\225.png"
 create mode 100644 "System Update/shared/images/BR/AddedItems/2026-09-17_17-36-37/\343\203\206\343\202\243\343\202\2427 - \343\202\271\343\202\244\343\203\274\343\203\221\343\203\274\343\202\267\343\203\247\343\203\203\343\203\210\343\202\254\343\203\263.png"
 create mode 100644 "System Update/shared/images/BR/Kingdom Key - \343\203\206\343\202\243\343\202\2424.png"
 create mode 100644 "System Update/shared/images/BR/Kingdom Key - \343\203\206\343\202\243\343\202\2427.png"
 create mode 100644 "System Update/shared/images/BR/Rebecca's Guns - \343\203\206\343\202\243\343\202\2422.png"
 create mode 100644 "System Update/shared/images/BR/Rebecca's Guns - \343\203\206\343\202\243\343\202\2423.png"
 create mode 100644 "System Update/shared/images/BR/Rebecca's Guns - \343\203\206\343\202\243\343\202\2424.png"
 create mode 100644 "System Update/shared/images/BR/Rebecca's Guns - \343\203\206\343\202\243\343\202\2425.png"
 create mode 100644 "System Update/shared/images/BR/Rebecca's Guns - \343\203\206\343\202\243\343\202\2426.png"
 create mode 100644 "System Update/shared/images/BR/Rebecca's Guns - \343\203\206\343\202\243\343\202\2427.png"
 create mode 100644 "System Update/shared/images/BR/Sea Salt Ice Cream - \343\203\206\343\202\243\343\202\2423.png"
 create mode 100644 "System Update/shared/images/BR/\343\202\242\343\202\265\343\203\253\343\203\210\343\203\251\343\202\244\343\203\225\343\203\253(\343\202\250\343\202\255\343\202\276\343\203\201\343\203\203\343\202\257)   - \343\203\206\343\202\243\343\202\2426.png"
 create mode 100644 "System Update/shared/images/BR/\343\202\252\343\203\274\343\203\220\343\203\274\343\202\257\343\203\255\343\203\203\343\202\257 8\343\203\223\343\203\203\343\203\210 \343\202\267\343\203\247\343\203\203\343\203\210\343\202\254\343\203\263 - \343\203\206\343\202\243\343\202\2426.png"
 create mode 100644 "System Update/shared/images/BR/\343\202\271\343\202\244\343\203\274\343\203\221\343\203\274\343\202\267\343\203\247\343\203\203\343\203\210\343\202\254\343\203\263 - \343\203\206\343\202\243\343\202\2427.png"
 create mode 100644 "System Update/shared/images/BR/\343\203\211\343\203\251\343\203\240\343\202\254\343\203\263(\343\202\250\343\202\255\343\202\276\343\203\201\343\203\203\343\202\257) - \343\203\206\343\202\243\343\202\2426.png"
 create mode 100644 "System Update/shared/images/BR/\343\203\232\343\203\203\343\203\221\343\203\274 - \343\203\206\343\202\243\343\202\2421.png"
 create mode 100644 "System Update/shared/images/BR/\343\203\235\343\203\263\343\203\227\343\202\267\343\203\247\343\203\203\343\203\210\343\202\254\343\203\263(\343\202\250\343\202\255\343\202\276\343\203\201\343\203\203\343\202\257) - \343\203\206\343\202\243\343\202\2426.png"
 create mode 100644 "System Update/shared/images/BR_Comp_Test/8\343\203\223\343\203\203\343\203\210\343\202\267\343\203\247\343\203\203\343\203\210\343\202\254\343\203\263 - \343\203\206\343\202\243\343\202\2421.png"
 create mode 100644 "System Update/shared/images/BR_Comp_Test/8\343\203\223\343\203\203\343\203\210\343\202\267\343\203\247\343\203\203\343\203\210\343\202\254\343\203\263 - \343\203\206\343\202\243\343\202\2422.png"
 create mode 100644 "System Update/shared/images/BR_Comp_Test/8\343\203\223\343\203\203\343\203\210\343\202\267\343\203\247\343\203\203\343\203\210\343\202\254\343\203\263 - \343\203\206\343\202\243\343\202\2423.png"
 create mode 100644 "System Update/shared/images/BR_Comp_Test/8\343\203\223\343\203\203\343\203\210\343\202\267\343\203\247\343\203\203\343\203\210\343\202\254\343\203\263 - \343\203\206\343\202\243\343\202\2424.png"
 create mode 100644 "System Update/shared/images/BR_Comp_Test/8\343\203\223\343\203\203\343\203\210\343\202\267\343\203\247\343\203\203\343\203\210\343\202\254\343\203\263 - \343\203\206\343\202\243\343\202\2425.png"
 create mode 100644 "System Update/shared/images/BR_Comp_Test/\343\202\242\343\202\265\343\203\253\343\203\210\343\203\251\343\202\244\343\203\225\343\203\253   - \343\203\206\343\202\243\343\202\2421.png"
 create mode 100644 "System Update/shared/images/BR_Comp_Test/\343\202\242\343\202\265\343\203\253\343\203\210\343\203\251\343\202\244\343\203\225\343\203\253   - \343\203\206\343\202\243\343\202\2422.png"
 create mode 100644 "System Update/shared/images/BR_Comp_Test/\343\202\242\343\202\265\343\203\253\343\203\210\343\203\251\343\202\244\343\203\225\343\203\253   - \343\203\206\343\202\243\343\202\2423.png"
 create mode 100644 "System Update/shared/images/BR_Comp_Test/\343\202\242\343\202\265\343\203\253\343\203\210\343\203\251\343\202\244\343\203\225\343\203\253   - \343\203\206\343\202\243\343\202\2424.png"
 create mode 100644 "System Update/shared/images/BR_Comp_Test/\343\202\242\343\202\265\343\203\253\343\203\210\343\203\251\343\202\244\343\203\225\343\203\253   - \343\203\206\343\202\243\343\202\2425.png"
 create mode 100644 "System Update/shared/images/BR_Comp_Test/\343\202\252\343\203\274\343\203\220\343\203\274\343\203\211\343\203\251\343\202\244\343\203\226 \343\202\260\343\203\254\343\203\215\343\203\274\343\203\211 - \343\203\206\343\202\243\343\202\2423.png"
 create mode 100644 "System Update/shared/images/BR_Comp_Test/\343\202\263\343\202\263\343\203\212\343\203\203\343\203\204 - \343\203\206\343\202\243\343\202\2421.png"
 create mode 100644 "System Update/shared/images/BR_Comp_Test/\343\202\264\343\203\274\343\203\253\343\203\211 - \343\203\206\343\202\243\343\202\2421.png"
 create mode 100644 "System Update/shared/images/BR_Comp_Test/\343\202\267\343\203\274\343\203\253\343\203\211\343\203\225\343\202\243\343\203\203\343\202\267\343\203\245 - \343\203\206\343\202\243\343\202\2423.png"
 create mode 100644 "System Update/shared/images/BR_Comp_Test/\343\202\267\343\203\274\343\203\253\343\203\211\343\203\235\343\203\274\343\202\267\343\203\247\343\203\263 - \343\203\206\343\202\243\343\202\2423.png"
 create mode 100644 "System Update/shared/images/BR_Comp_Test/\343\202\270\343\202\247\343\203\252\343\203\274\343\203\225\343\202\243\343\203\203\343\202\267\343\203\245 - \343\203\206\343\202\243\343\202\2423.png"
 create mode 100644 "System Update/shared/images/BR_Comp_Test/\343\202\271\343\202\244\343\203\274\343\203\221\343\203\274\343\202\267\343\203\247\343\203\203\343\203\210\343\202\254\343\203\263 - \343\203\206\343\202\243\343\202\2421.png"
 create mode 100644 "System Update/shared/images/BR_Comp_Test/\343\202\271\343\202\244\343\203\274\343\203\221\343\203\274\343\202\267\343\203\247\343\203\203\343\203\210\343\202\254\343\203\263 - \343\203\206\343\202\243\343\202\2422.png"
 create mode 100644 "System Update/shared/images/BR_Comp_Test/\343\202\271\343\202\244\343\203\274\343\203\221\343\203\274\343\202\267\343\203\247\343\203\203\343\203\210\343\202\254\343\203\263 - \343\203\206\343\202\243\343\202\2423.png"
 create mode 100644 "System Update/shared/images/BR_Comp_Test/\343\202\271\343\202\244\343\203\274\343\203\221\343\203\274\343\202\267\343\203\247\343\203\203\343\203\210\343\202\254\343\203\263 - \343\203\206\343\202\243\343\202\2424.png"
 create mode 100644 "System Update/shared/images/BR_Comp_Test/\343\202\271\343\202\244\343\203\274\343\203\221\343\203\274\343\202\267\343\203\247\343\203\203\343\203\210\343\202\254\343\203\263 - \343\203\206\343\202\243\343\202\2425.png"
 create mode 100644 "System Update/shared/images/BR_Comp_Test/\343\202\271\343\203\242\343\203\274\343\203\253\343\203\225\343\202\243\343\203\203\343\202\267\343\203\245 - \343\203\206\343\202\243\343\202\2421.png"
 create mode 100644 "System Update/shared/images/BR_Comp_Test/\343\202\271\343\203\251\343\203\274\343\203\227\343\203\225\343\202\243\343\203\203\343\202\267\343\203\245 - \343\203\206\343\202\243\343\202\2424.png"
 create mode 100644 "System Update/shared/images/BR_Comp_Test/\343\202\275\343\203\213\343\203\203\343\202\257 \343\203\221\343\203\257\343\203\274\343\202\271\343\203\213\343\203\274\343\202\253\343\203\274 - \343\203\206\343\202\243\343\202\2424.png"
 create mode 100644 "System Update/shared/images/BR_Comp_Test/\343\202\275\343\203\213\343\203\203\343\202\257 \343\203\221\343\203\257\343\203\274\343\202\271\343\203\213\343\203\274\343\202\253\343\203\274 - \343\203\206\343\202\243\343\202\2427.png"
 create mode 100644 "System Update/shared/images/BR_Comp_Test/\343\202\277\343\202\257\343\203\206\343\202\243\343\202\253\343\203\253\343\203\224\343\202\271\343\203\210\343\203\253 - \343\203\206\343\202\243\343\202\2421.png"
 create mode 100644 "System Update/shared/images/BR_Comp_Test/\343\202\277\343\202\257\343\203\206\343\202\243\343\202\253\343\203\253\343\203\224\343\202\271\343\203\210\343\203\253 - \343\203\206\343\202\243\343\202\2422.png"
 create mode 100644 "System Update/shared/images/BR_Comp_Test/\343\202\277\343\202\257\343\203\206\343\202\243\343\202\253\343\203\253\343\203\224\343\202\271\343\203\210\343\203\253 - \343\203\206\343\202\243\343\202\2423.png"
 create mode 100644 "System Update/shared/images/BR_Comp_Test/\343\202\277\343\202\257\343\203\206\343\202\243\343\202\253\343\203\253\343\203\224\343\202\271\343\203\210\343\203\253 - \343\203\206\343\202\243\343\202\2424.png"
 create mode 100644 "System Update/shared/images/BR_Comp_Test/\343\202\277\343\202\257\343\203\206\343\202\243\343\202\253\343\203\253\343\203\224\343\202\271\343\203\210\343\203\253 - \343\203\206\343\202\243\343\202\2425.png"
 create mode 100644 "System Update/shared/images/BR_Comp_Test/\343\203\201\343\203\243\343\202\260\343\202\270\343\203\243\343\202\260 - \343\203\206\343\202\243\343\202\2425.png"
 create mode 100644 "System Update/shared/images/BR_Comp_Test/\343\203\201\343\203\243\343\202\260\343\202\271\343\203\227\343\203\251\343\203\203\343\202\267\343\203\245 - \343\203\206\343\202\243\343\202\2423.png"
 create mode 100644 "System Update/shared/images/BR_Comp_Test/\343\203\206\343\203\210\343\203\252\343\202\271\343\203\252\343\203\225\343\203\210 - \343\203\206\343\202\243\343\202\2424.png"
 create mode 100644 "System Update/shared/images/BR_Comp_Test/\343\203\211\343\203\251\343\203\240\343\202\254\343\203\263 - \343\203\206\343\202\243\343\202\2421.png"
 create mode 100644 "System Update/shared/images/BR_Comp_Test/\343\203\211\343\203\251\343\203\240\343\202\254\343\203\263 - \343\203\206\343\202\243\343\202\2422.png"
 create mode 100644 "System Update/shared/images/BR_Comp_Test/\343\203\211\343\203\251\343\203\240\343\202\254\343\203\263 - \343\203\206\343\202\243\343\202\2423.png"
 create mode 100644 "System Update/shared/images/BR_Comp_Test/\343\203\211\343\203\251\343\203\240\343\202\254\343\203\263 - \343\203\206\343\202\243\343\202\2424.png"
 create mode 100644 "System Update/shared/images/BR_Comp_Test/\343\203\211\343\203\251\343\203\240\343\202\254\343\203\263 - \343\203\206\343\202\243\343\202\2425.png"
 create mode 100644 "System Update/shared/images/BR_Comp_Test/\343\203\217\343\203\274\343\203\227\343\203\274\343\203\263\343\202\254\343\203\263 - \343\203\206\343\202\243\343\202\2423.png"
 create mode 100644 "System Update/shared/images/BR_Comp_Test/\343\203\225\343\202\243\343\203\203\343\202\267\343\203\263\343\202\260\343\203\225\343\203\203\343\202\257 - \343\203\206\343\202\243\343\202\2421.png"
 create mode 100644 "System Update/shared/images/BR_Comp_Test/\343\203\225\343\203\255\343\203\203\343\203\221\343\203\274 - \343\203\206\343\202\243\343\202\2422.png"
 create mode 100644 "System Update/shared/images/BR_Comp_Test/\343\203\227\343\203\255\347\224\250\343\203\225\343\202\243\343\203\203\343\202\267\343\203\263\343\202\260\343\203\225\343\203\203\343\202\257 - \343\203\206\343\202\243\343\202\2423.png"
 create mode 100644 "System Update/shared/images/BR_Comp_Test/\343\203\232\343\203\203\343\203\221\343\203\274 - \343\203\206\343\202\243\343\202\2422.png"
 create mode 100644 "System Update/shared/images/BR_Comp_Test/\343\203\235\343\203\263\343\203\227\343\202\267\343\203\247\343\203\203\343\203\210\343\202\254\343\203\263 - \343\203\206\343\202\243\343\202\2421.png"
 create mode 100644 "System Update/shared/images/BR_Comp_Test/\343\203\235\343\203\263\343\203\227\343\202\267\343\203\247\343\203\203\343\203\210\343\202\254\343\203\263 - \343\203\206\343\202\243\343\202\2422.png"
 create mode 100644 "System Update/shared/images/BR_Comp_Test/\343\203\235\343\203\263\343\203\227\343\202\267\343\203\247\343\203\203\343\203\210\343\202\254\343\203\263 - \343\203\206\343\202\243\343\202\2423.png"
 create mode 100644 "System Update/shared/images/BR_Comp_Test/\343\203\235\343\203\263\343\203\227\343\202\267\343\203\247\343\203\203\343\203\210\343\202\254\343\203\263 - \343\203\206\343\202\243\343\202\2424.png"
 create mode 100644 "System Update/shared/images/BR_Comp_Test/\343\203\235\343\203\263\343\203\227\343\202\267\343\203\247\343\203\203\343\203\210\343\202\254\343\203\263 - \343\203\206\343\202\243\343\202\2425.png"
 create mode 100644 "System Update/shared/images/BR_Comp_Test/\343\203\236\343\202\244\343\203\200\343\202\271\343\201\256\345\202\221\344\275\234 - \343\203\206\343\202\243\343\202\2427.png"
 create mode 100644 "System Update/shared/images/BR_Comp_Test/\343\203\236\343\202\244\343\203\200\343\202\271\343\203\225\343\203\255\343\203\203\343\203\221\343\203\274 - \343\203\206\343\202\243\343\202\2425.png"
 create mode 100644 "System Update/shared/images/BR_Comp_Test/\343\203\237\343\203\213\343\202\267\343\203\274\343\203\253\343\203\211\343\203\235\343\203\274\343\202\267\343\203\247\343\203\263 - \343\203\206\343\202\243\343\202\2422.png"
 create mode 100644 "System Update/shared/images/BR_Comp_Test/\343\203\252\343\203\263\343\202\264 - \343\203\206\343\202\243\343\202\2422.png"
 create mode 100644 "System Update/shared/images/BR_Comp_Test/\343\203\254\343\203\263\343\202\270\343\203\243\343\203\274\343\202\242\343\202\265\343\203\253\343\203\210\343\203\251\343\202\244\343\203\225\343\203\253 - \343\203\206\343\202\243\343\202\2421.png"
 create mode 100644 "System Update/shared/images/BR_Comp_Test/\343\203\254\343\203\263\343\202\270\343\203\243\343\203\274\343\202\242\343\202\265\343\203\253\343\203\210\343\203\251\343\202\244\343\203\225\343\203\253 - \343\203\206\343\202\243\343\202\2422.png"
 create mode 100644 "System Update/shared/images/BR_Comp_Test/\343\203\254\343\203\263\343\202\270\343\203\243\343\203\274\343\202\242\343\202\265\343\203\253\343\203\210\343\203\251\343\202\244\343\203\225\343\203\253 - \343\203\206\343\202\243\343\202\2423.png"
 create mode 100644 "System Update/shared/images/BR_Comp_Test/\343\203\254\343\203\263\343\202\270\343\203\243\343\203\274\343\202\242\343\202\265\343\203\253\343\203\210\343\203\251\343\202\244\343\203\225\343\203\253 - \343\203\206\343\202\243\343\202\2424.png"
 create mode 100644 "System Update/shared/images/BR_Comp_Test/\343\203\254\343\203\263\343\202\270\343\203\243\343\203\274\343\202\242\343\202\265\343\203\253\343\203\210\343\203\251\343\202\244\343\203\225\343\203\253 - \343\203\206\343\202\243\343\202\2425.png"
 create mode 100644 "System Update/shared/images/BR_Comp_Test/\343\203\255\343\203\234\343\203\210\343\203\213\343\203\203\343\202\257\343\201\2568\343\203\223\343\203\203\343\203\210 \343\202\267\343\203\247\343\203\203\343\203\210\343\202\254\343\203\263 - \343\203\206\343\202\243\343\202\2427.png"
 create mode 100644 "System Update/shared/images/BR_Comp_Test/\345\214\205\345\270\257 - \343\203\206\343\202\243\343\202\2421.png"
 create mode 100644 "System Update/shared/images/BR_Comp_Test/\345\214\273\347\231\202\343\202\255\343\203\203\343\203\210 - \343\203\206\343\202\243\343\202\2422.png"
 create mode 100644 "System Update/shared/images/BR_Comp_Test/\345\274\267\345\214\226\345\236\213\343\202\242\343\202\265\343\203\253\343\203\210\343\203\251\343\202\244\343\203\225\343\203\253   - \343\203\206\343\202\243\343\202\2427.png"
 create mode 100644 "System Update/shared/images/BR_Comp_Test/\345\274\276\350\226\254_ \343\203\255\343\202\261\343\203\203\343\203\210\345\274\276 - \343\203\206\343\202\243\343\202\2421.png"
 create mode 100644 "System Update/shared/images/BR_Comp_Test/\345\274\276\350\226\254_ \344\270\255\345\217\243\345\276\204\345\274\276 - \343\203\206\343\202\243\343\202\2421.png"
 create mode 100644 "System Update/shared/images/BR_Comp_Test/\345\274\276\350\226\254_ \345\244\247\345\217\243\345\276\204\345\274\276 - \343\203\206\343\202\243\343\202\2421.png"
 create mode 100644 "System Update/shared/images/BR_Comp_Test/\345\274\276\350\226\254_ \345\260\217\345\217\243\345\276\204\345\274\276 - \343\203\206\343\202\243\343\202\2421.png"
 create mode 100644 "System Update/shared/images/BR_Comp_Test/\345\274\276\350\226\254_ \346\225\243\345\274\276 - \343\203\206\343\202\243\343\202\2421.png"
 create mode 100644 "System Update/shared/images/BR_Comp_Test/\346\234\250\346\235\220 - \343\203\206\343\202\243\343\202\2421.png"
 create mode 100644 "System Update/shared/images/BR_Comp_Test/\347\204\241\346\225\265\343\203\251\343\203\236 - \343\203\206\343\202\243\343\202\2425.png"
 create mode 100644 "System Update/shared/images/BR_Comp_Test/\347\237\263\346\235\220 - \343\203\206\343\202\243\343\202\2421.png"
 create mode 100644 "System Update/shared/images/BR_Comp_Test/\350\277\275\345\212\240\343\203\251\343\202\244\343\203\225\343\203\210\343\203\274\343\202\257\343\203\263 - \343\203\206\343\202\243\343\202\2425.png"
 create mode 100644 "System Update/shared/images/BR_Comp_Test/\351\207\221\343\201\256\343\203\252\343\203\263\343\202\264 - \343\203\206\343\202\243\343\202\2426.png"
 create mode 100644 "System Update/shared/images/BR_Comp_Test/\351\207\221\345\261\236 - \343\203\206\343\202\243\343\202\2421.png"
 create mode 100644 "System Update/\346\210\246\345\210\251\345\223\201\343\203\207\343\203\274\343\202\277/BR/BR_LootData_2026-09-17_17-36.json"
 create mode 100644 "System Update/\346\210\246\345\210\251\345\223\201\343\203\207\343\203\274\343\202\277/BR_Comp_Test/BR_Comp_Test_LootData_2026-09-10_08-34.json"
 create mode 100644 "System Update/\346\210\246\345\210\251\345\223\201\343\203\207\343\203\274\343\202\277/BR_Comp_Test/BR_Comp_Test_LootData_2026-09-10_08-39.json"
 create mode 100644 "System Update/\346\210\246\345\210\251\345\223\201\343\203\207\343\203\274\343\202\277/BR_Comp_Test/BR_Comp_Test_LootData_2026-09-10_14-29.json"
 create mode 100644 "System Update/\346\210\246\345\210\251\345\223\201\343\203\207\343\203\274\343\202\277/BR_Comp_Test/BR_Comp_Test_LootData_2026-09-10_14-49.json"
 create mode 100644 "System Update/\346\234\237\351\226\223\351\231\220\345\256\232/Reload_Comp_20260326/scripts/__pycache__/LootSummary.cpython-312.pyc"
2026-09-17 17:37:23 | WARNING | git push stderr: To https://github.com/Greenfox0833/New-Loot.git
   4d952d9..666d693  main -> main
2026-09-17 17:37:23 | INFO | ✓ GitHub Push 完了
2026-09-17 17:37:23 | INFO | ===== BR: pipeline end =====
