2026-01-23 21:10:38 | INFO | log file: E:\フォートナイト\Picture\Loot Pool\TEST4\New Loot\System Update\BR\output\logs\pipeline_2026-01-23_21-10-38.log
2026-01-23 21:10:38 | INFO | ===== BR: pipeline start =====
2026-01-23 21:10:38 | INFO | paths: lt=E:\フォートナイト\Picture\Loot Pool\TEST4\New Loot\System Update\BR\input\AthenaLootTierData_Client__final.json lp=E:\フォートナイト\Picture\Loot Pool\TEST4\New Loot\System Update\BR\input\AthenaLootPackages_Client__final.json minlist=E:\フォートナイト\Picture\Loot Pool\TEST4\New Loot\System Update\BR\input\items_unique_min.json
2026-01-23 21:10:38 | INFO | output: summary=E:\フォートナイト\Picture\Loot Pool\TEST4\New Loot\System Update\BR\output\summary lootdata=E:\フォートナイト\Picture\Loot Pool\TEST4\New Loot\System Update\戦利品データ\BR
2026-01-23 21:10:38 | INFO | flags: hotfix=True prewarm=True image=True workers=8
2026-01-23 21:10:38 | INFO | hotfix start: E:\フォートナイト\Picture\Loot Pool\TEST4\New Loot\System Update\LootPackage.py
2026-01-23 21:10:39 | INFO | hotfix lp stdout: [STEP1-2] merge e:\Fmodel\Exports\FortniteGame\Plugins\GameFeatures\DragonCartLoot\Content\DataTables\DragonCartLootPackages_Client.json : replaced=435, added=742
[HOTFIX:SEASON1] target=/Game/Items/DataTables/AthenaLootPackages_Client
[HOTFIX:SEASON1] Addrow(TableUpdate) なし -> スキップ
[HOTFIX:SEASON1] done: applied=0, deleted=0, skipped=0
[HOTFIX:SEASON2] target=/DragonCartLoot/DataTables/DragonCartLootPackages_Client
[332] AddRow -> ADD WorldPKG.Specialist.Supply.Extra.Loot.01
[336] RowUpdate WorldList.AthenaHighConsumables.23.Weight=0.050000 -> OK
[337] RowUpdate WorldList.AthenaHighConsumablesRare.24.Weight=0.050000 -> OK
[338] RowUpdate WorldList.AthenaSupplyDropConsumables.23.Weight=0.050000 -> OK
[339] RowUpdate WorldList.AthenaConsumables.24.Weight=0.050000 -> OK
[346] RowUpdate PKG_ThemeParkCannon_Solo.01.Weight=0.250000 -> OK
[347] RowUpdate PKG_ThemeParkCannon_Solo.02.Weight=0.750000 -> OK
[348] RowUpdate PKG_ThemeParkCannon_Solo.02.LootPackageCall=WorldList.Weapons.Rarity.Epic -> OK
[349] RowUpdate PKG_ThemeParkCannon_Solo.04.Weight=0.000000 -> OK
[350] RowUpdate PKG_ThemeParkCannon_Duo.01.Weight=0.250000 -> OK
[351] RowUpdate PKG_ThemeParkCannon_Duo.02.Weight=0.750000 -> OK
[352] RowUpdate PKG_ThemeParkCannon_Duo.02.LootPackageCall=WorldList.Weapons.Rarity.Epic -> OK
[353] RowUpdate PKG_ThemeParkCannon_Duo.04.Weight=0.000000 -> OK
[354] RowUpdate PKG_ThemeParkCannon_Trio.01.Weight=0.250000 -> OK
[355] RowUpdate PKG_ThemeParkCannon_Trio.02.Weight=0.750000 -> OK
[356] RowUpdate PKG_ThemeParkCannon_Trio.02.LootPackageCall=WorldList.Weapons.Rarity.Epic -> OK
[357] RowUpdate PKG_ThemeParkCannon_Trio.04.Weight=0.000000 -> OK
[358] RowUpdate PKG_ThemeParkCannon_Squad.01.Weight=0.250000 -> OK
[359] RowUpdate PKG_ThemeParkCannon_Squad.02.Weight=0.750000 -> OK
[360] RowUpdate PKG_ThemeParkCannon_Squad.02.LootPackageCall=WorldList.Weapons.Rarity.Epic -> OK
[361] RowUpdate PKG_ThemeParkCannon_Squad.04.Weight=0.000000 -> OK
[362] RowUpdate LIST_Vend_Item_Sniper_Ammo.01.CountRange=(X=10,Y=10) -> OK
[363] RowUpdate LIST_ThemeParkCannon_Consumable.05.Weight=0.100000 -> OK
[364] RowUpdate LIST_ThemeParkCannon_Consumable.05.CountRange=(X=2,Y=2) -> OK
[365] RowUpdate LIST_ThemeParkCannon_Consumable.05.ItemDefinition=/PaprikaConsumables/Gameplay/ShieldRefresh/WID_Paprika_ShieldPot.WID_Paprika_ShieldPot -> OK
[366] RowUpdate LIST_ThemeParkCannon_Consumable.06.Weight=0.100000 -> OK
[367] RowUpdate LIST_ThemeParkCannon_Consumable.06.CountRange=(X=1,Y=1) -> OK
[368] RowUpdate LIST_ThemeParkCannon_Consumable.06.ItemDefinition=/PaprikaConsumables/Gameplay/MedRefresh/WID_Paprika_MedBox.WID_Paprika_MedBox -> OK
[369] RowUpdate LIST_Vend_Item_Sniper_Ammo.01.CountRange=(X=10,Y=10) -> OK
[407] RowUpdate LIST_Vend_Item_Sniper_Ammo.01.CountRange=(X=10,Y=10) -> OK
[449] RowUpdate WorldList.AthenaHighConsumables.19.Weight=0.040000 -> OK
[450] RowUpdate WorldList.AthenaConsumables.18.Weight=0.010000 -> OK
[451] RowUpdate WorldList.Weapons.Rarity.Legendary.20.Weight=1.000000 -> OK
[492] RowUpdate WorldList.AthenaHighConsumables.20.CountRange=(X=2,Y=2) -> OK
[493] RowUpdate WorldList.AthenaHighConsumablesRare.20.CountRange=(X=2,Y=2) -> OK
[494] RowUpdate WorldList.AthenaSupplyDropConsumables.22.CountRange=(X=2,Y=2) -> OK
[495] RowUpdate WorldList.AthenaConsumables.20.CountRange=(X=2,Y=2) -> OK
[496] RowUpdate LIST_Boss_Gamma_Consumable.01.CountRange=(X=2,Y=2) -> OK
[497] RowUpdate LIST_Balloon_Item.02.CountRange=(X=2,Y=2) -> OK
[498] RowUpdate PKG_CareDrop.04.LootPackageCall=WorldList.AthenaHighConsumables -> OK
[515] RowUpdate WorldList.AthenaHighConsumables.14.Weight=0.000000 -> OK
[516] RowUpdate WorldList.AthenaHighConsumablesRare.14.Weight=0.000000 -> OK
[517] RowUpdate WorldList.AthenaSupplyDropConsumables.13.Weight=0.000000 -> OK
[518] RowUpdate WorldList.AthenaConsumables.14.Weight=0.000000 -> OK
[528] RowUpdate WorldList.AthenaHighConsumables.14.CountRange=(X=3,Y=3) -> OK
[531] RowUpdate WorldList.AthenaHighConsumables.20.Weight=0.150000 -> OK
[532] RowUpdate WorldList.AthenaHighConsumables.20.CountRange=(X=3,Y=3) -> OK
[533] RowUpdate WorldList.AthenaHighConsumablesRare.20.Weight=0.200000 -> OK
[534] RowUpdate WorldList.AthenaHighConsumablesRare.20.CountRange=(X=3,Y=3) -> OK
[535] RowUpdate WorldList.AthenaSupplyDropConsumables.22.Weight=0.200000 -> OK
[536] RowUpdate WorldList.AthenaSupplyDropConsumables.22.CountRange=(X=3,Y=3) -> OK
[537] RowUpdate WorldList.AthenaConsumables.20.CountRange=(X=3,Y=3) -> OK
[538] RowUpdate LIST_Boss_Gamma_Consumable.01.CountRange=(X=3,Y=3) -> OK
[539] RowUpdate LIST_Balloon_Item.02.CountRange=(X=3,Y=3) -> OK
[HOTFIX:SEASON2] done: applied=54, deleted=0, skipped=0
[WRITE] final -> E:\フォートナイト\Picture\Loot Pool\TEST4\New Loot\System Update\BR\input\AthenaLootPackages_Client__final.json
[WRITE] per-input -> E:\フォートナイト\Picture\Loot Pool\TEST4\New Loot\System Update\BR\input\DragonCartLootPackages_Client__final.json
2026-01-23 21:10:39 | INFO | hotfix start: E:\フォートナイト\Picture\Loot Pool\TEST4\New Loot\System Update\LootTier.py
2026-01-23 21:10:39 | INFO | hotfix lt stdout: [STEP1-2] merge e:\Fmodel\Exports\FortniteGame\Plugins\GameFeatures\DragonCartLoot\Content\DataTables\DragonCartLootTierData_Client.json : replaced=0, added=88
[HOTFIX:SEASON1] target=/Game/Items/DataTables/AthenaLootTierData_Client
[304] RowUpdate Loot_AthenaTreasure_04.Weight=0.050000 -> OK
[305] RowUpdate Loot_ApolloTreasure_Rare_04.Weight=0.150000 -> OK
[306] RowUpdate Loot_AthenaSupplyDrop_03.Weight=0.300000 -> OK
[372] RowUpdate Loot_AthenaFlopper_High_01.Weight=0.000000 -> OK
[373] RowUpdate Loot_AthenaFlopper_High_02.Weight=0.000000 -> OK
[374] RowUpdate Loot_AthenaFlopper_High_03.Weight=0.000000 -> OK
[HOTFIX:SEASON1] done: applied=6, deleted=0, skipped=0
[HOTFIX:SEASON2] target=/DragonCartLoot/DataTables/DragonCartLootTierData_Client
[331] AddRow -> ADD Loot_Specialist_Supply_Extra_01
[HOTFIX:SEASON2] done: applied=1, deleted=0, skipped=0
[WRITE] final -> E:\フォートナイト\Picture\Loot Pool\TEST4\New Loot\System Update\BR\input\AthenaLootTierData_Client__final.json
[WRITE] per-input -> E:\フォートナイト\Picture\Loot Pool\TEST4\New Loot\System Update\BR\input\DragonCartLootTierData_Client__final.json
2026-01-23 21:10:39 | INFO | ✓ Hotfix 適用完了 (0.90s)
2026-01-23 21:10:39 | INFO | load lt: E:\フォートナイト\Picture\Loot Pool\TEST4\New Loot\System Update\BR\input\AthenaLootTierData_Client__final.json
2026-01-23 21:10:39 | INFO | load lp: E:\フォートナイト\Picture\Loot Pool\TEST4\New Loot\System Update\BR\input\AthenaLootPackages_Client__final.json
2026-01-23 21:10:39 | INFO | load done (0.02s)
2026-01-23 21:10:39 | INFO | build summary start
2026-01-23 21:10:39 | INFO | build summary done (0.01s)
2026-01-23 21:10:39 | INFO | enrich summary with names start
2026-01-23 21:10:39 | INFO | enrich summary done (0.00s)
2026-01-23 21:10:39 | INFO | ✅ まとめJSONを作成: E:\フォートナイト\Picture\Loot Pool\TEST4\New Loot\System Update\BR\output\summary\v39.30_2026-01-23_21-10.json
2026-01-23 21:10:39 | INFO | build BR_LootData start
2026-01-23 21:10:39 | INFO | build BR_LootData done (0.00s)
2026-01-23 21:10:39 | INFO | ✅ BR_LootData を作成: E:\フォートナイト\Picture\Loot Pool\TEST4\New Loot\System Update\戦利品データ\BR\BR_LootData_2026-01-23_21-10.json
2026-01-23 21:10:39 | INFO | ✅ Web LootPool を更新: E:\フォートナイト\Web\assets\data\Loot\BR_LootPool.json
2026-01-23 21:10:39 | INFO | LootSummary start: E:\フォートナイト\Picture\Loot Pool\TEST4\New Loot\System Update\BR\scripts\LootSummary.py
2026-01-23 21:10:40 | INFO | LootSummary stdout: 🔎 抽出用: 最新ファイル = E:\フォートナイト\Picture\Loot Pool\TEST4\New Loot\System Update\BR\output\summary\v39.30_2026-01-23_21-10.json
✅ 抽出件数: 115
💾 保存: E:\フォートナイト\Picture\Loot Pool\TEST4\New Loot\System Update\BR\input\items_unique_min.json
🔎 比較用: base   = E:\フォートナイト\Picture\Loot Pool\TEST4\New Loot\System Update\BR\output\summary\v39.30_2026-01-23_20-51.json
🔎 比較用: target = E:\フォートナイト\Picture\Loot Pool\TEST4\New Loot\System Update\BR\output\summary\v39.30_2026-01-23_21-10.json
✅ 差分作成 完了
  追加   : 0 / 削除 : 0 / 変更 : 0 / 変化なし : 115
💾 差分: E:\フォートナイト\Picture\Loot Pool\TEST4\New Loot\System Update\BR\output\history\BR_20260123_2110\items_unique_min_diff.json
2026-01-23 21:10:40 | WARNING | LootSummary stderr: E:\フォートナイト\Picture\Loot Pool\TEST4\New Loot\System Update\BR\scripts\LootSummary.py:2: SyntaxWarning: invalid escape sequence '\B'
  """
2026-01-23 21:10:40 | INFO | ✅ LootSummary 実行完了（抽出→比較） (0.24s)
2026-01-23 21:10:40 | INFO | prewarm start
2026-01-23 21:11:03 | INFO | ✅ アイコンキャッシュ プリウォーム完了 (23.46s)
2026-01-23 21:11:03 | INFO | 画像化タスク数: 115
2026-01-23 21:11:04 | INFO | 画像生成 進捗: 1/115
2026-01-23 21:11:05 | INFO | 画像生成 進捗: 50/115
2026-01-23 21:11:07 | INFO | 画像生成 進捗: 100/115
2026-01-23 21:11:07 | INFO | 画像生成 進捗: 115/115
2026-01-23 21:11:07 | INFO | ✅ 画像生成 完了（MinListベース）
2026-01-23 21:11:07 | INFO | ℹ️ BR_Discord が見つかりません: E:\フォートナイト\Picture\Loot Pool\TEST4\New Loot\System Update\BR\scripts\BR_Discor.py
2026-01-23 21:11:07 | INFO | git add: E:\フォートナイト\Picture\Loot Pool\TEST4\New Loot
2026-01-23 21:11:11 | INFO | git commit stdout: [main 398bb8a] BR update 2026-01-23 21:11:09
 344 files changed, 48357 insertions(+)
 create mode 100644 System Update/BR/output/history/BR_20260123_2110/items_unique_min_diff.json
 create mode 100644 System Update/BR/output/logs/pipeline_2026-01-23_21-10-38.log
 create mode 100644 System Update/BR/output/summary/v39.30_2026-01-23_21-10.json
 delete mode 100644 "System Update/shared/images/Blitz \343\203\235\343\203\263\343\203\227\343\202\267\343\203\247\343\203\203\343\203\210\343\202\254\343\203\263 - \343\203\206\343\202\243\343\202\2427.png"
 delete mode 100644 "System Update/shared/images/O.X.R.\343\203\251\343\202\244\343\203\225\343\203\253 - \343\203\206\343\202\243\343\202\2422.png"
 delete mode 100644 "System Update/shared/images/O.X.R.\343\203\251\343\202\244\343\203\225\343\203\253 - \343\203\206\343\202\243\343\202\2423.png"
 delete mode 100644 "System Update/shared/images/O.X.R.\343\203\251\343\202\244\343\203\225\343\203\253 - \343\203\206\343\202\243\343\202\2424.png"
 delete mode 100644 "System Update/shared/images/O.X.R.\343\203\251\343\202\244\343\203\225\343\203\253 - \343\203\206\343\202\243\343\202\2425.png"
 delete mode 100644 "System Update/shared/images/O.X.R.\343\203\251\343\202\244\343\203\225\343\203\253 - \343\203\206\343\202\243\343\202\2427.png"
 delete mode 100644 "System Update/shared/images/\343\201\217\343\201\243\343\201\244\343\201\215\347\210\206\345\274\276 - \343\203\206\343\202\243\343\202\2422.png"
 delete mode 100644 "System Update/shared/images/\343\202\242\343\202\244\343\202\242\343\203\263\343\203\235\343\203\263\343\203\227\343\202\267\343\203\247\343\203\203\343\203\210\343\202\254\343\203\263 - \343\203\206\343\202\243\343\202\2421.png"
 delete mode 100644 "System Update/shared/images/\343\202\242\343\202\244\343\202\242\343\203\263\343\203\235\343\203\263\343\203\227\343\202\267\343\203\247\343\203\203\343\203\210\343\202\254\343\203\263 - \343\203\206\343\202\243\343\202\2422.png"
 delete mode 100644 "System Update/shared/images/\343\202\242\343\202\244\343\202\242\343\203\263\343\203\235\343\203\263\343\203\227\343\202\267\343\203\247\343\203\203\343\203\210\343\202\254\343\203\263 - \343\203\206\343\202\243\343\202\2423.png"
 delete mode 100644 "System Update/shared/images/\343\202\242\343\202\244\343\202\242\343\203\263\343\203\235\343\203\263\343\203\227\343\202\267\343\203\247\343\203\203\343\203\210\343\202\254\343\203\263 - \343\203\206\343\202\243\343\202\2424.png"
 delete mode 100644 "System Update/shared/images/\343\202\242\343\202\244\343\202\242\343\203\263\343\203\235\343\203\263\343\203\227\343\202\267\343\203\247\343\203\203\343\203\210\343\202\254\343\203\263 - \343\203\206\343\202\243\343\202\2425.png"
 delete mode 100644 "System Update/shared/images/\343\202\242\343\202\244\343\202\267\343\203\274\343\203\273\343\203\225\343\202\243\343\203\274\343\203\210 - \343\203\206\343\202\243\343\202\2423.png"
 delete mode 100644 "System Update/shared/images/\343\202\242\343\202\246\343\203\210\343\203\255\343\203\274\343\202\267\343\203\247\343\203\203\343\203\210\343\202\254\343\203\263 - \343\203\206\343\202\243\343\202\2422.png"
 delete mode 100644 "System Update/shared/images/\343\202\242\343\202\246\343\203\210\343\203\255\343\203\274\343\202\267\343\203\247\343\203\203\343\203\210\343\202\254\343\203\263 - \343\203\206\343\202\243\343\202\2423.png"
 delete mode 100644 "System Update/shared/images/\343\202\242\343\202\246\343\203\210\343\203\255\343\203\274\343\202\267\343\203\247\343\203\203\343\203\210\343\202\254\343\203\263 - \343\203\206\343\202\243\343\202\2424.png"
 delete mode 100644 "System Update/shared/images/\343\202\242\343\202\246\343\203\210\343\203\255\343\203\274\343\202\267\343\203\247\343\203\203\343\203\210\343\202\254\343\203\263 - \343\203\206\343\202\243\343\202\2425.png"
 delete mode 100644 "System Update/shared/images/\343\202\242\343\202\265\343\203\253\343\203\210\343\203\251\343\202\244\343\203\225\343\203\253   - \343\203\206\343\202\243\343\202\2421.png"
 delete mode 100644 "System Update/shared/images/\343\202\242\343\202\265\343\203\253\343\203\210\343\203\251\343\202\244\343\203\225\343\203\253   - \343\203\206\343\202\243\343\202\2423.png"
 delete mode 100644 "System Update/shared/images/\343\202\242\343\202\265\343\203\253\343\203\210\343\203\251\343\202\244\343\203\225\343\203\253   - \343\203\206\343\202\243\343\202\2424.png"
 delete mode 100644 "System Update/shared/images/\343\202\242\343\203\263\343\202\271\343\203\206\343\203\274\343\203\226\343\203\253 \343\202\265\343\203\263\343\203\200\343\203\274\343\202\257\343\203\251\343\203\203\343\203\227DMR - \343\203\206\343\202\243\343\202\2426.png"
 delete mode 100644 "System Update/shared/images/\343\202\242\343\203\263\343\202\271\343\203\206\343\203\274\343\203\226\343\203\253 \343\203\225\343\203\255\343\202\271\343\203\210\343\203\225\343\202\241\343\202\244\343\202\242\343\203\273\343\202\267\343\203\247\343\203\203\343\203\210\343\202\254\343\203\263 - \343\203\206\343\202\243\343\202\2426.png"
 delete mode 100644 "System Update/shared/images/\343\202\242\343\203\263\343\202\271\343\203\206\343\203\274\343\203\226\343\203\253 \343\203\250\343\202\244\343\203\263\343\202\257\343\203\273\343\202\267\343\203\247\343\203\203\343\203\210\343\202\254\343\203\263 - \343\203\206\343\202\243\343\202\2426.png"
 delete mode 100644 "System Update/shared/images/\343\202\242\343\203\263\343\202\271\343\203\206\343\203\274\343\203\226\343\203\253 \343\203\264\343\202\251\343\203\253\343\203\206\343\203\274\343\202\270\343\203\273\343\203\220\343\203\274\343\202\271\343\203\210\343\203\224\343\202\271\343\203\210\343\203\253 - \343\203\206\343\202\243\343\202\2426.png"
 delete mode 100644 "System Update/shared/images/\343\202\242\343\203\274\343\202\257\343\203\273\343\203\251\343\202\244\343\203\210\343\203\213\343\203\263\343\202\260\343\202\254\343\203\263 - \343\203\206\343\202\243\343\202\2424.png"
 delete mode 100644 "System Update/shared/images/\343\202\242\343\203\274\343\202\257\343\203\273\343\203\251\343\202\244\343\203\210\343\203\213\343\203\263\343\202\260\343\202\254\343\203\263 - \343\203\206\343\202\243\343\202\2425.png"
 delete mode 100644 "System Update/shared/images/\343\202\244\343\203\263\343\203\225\343\202\241\343\203\263\343\203\210\343\203\252\343\203\274\343\203\251\343\202\244\343\203\225\343\203\253 - \343\203\206\343\202\243\343\202\2423.png"
 delete mode 100644 "System Update/shared/images/\343\202\244\343\203\263\343\203\225\343\202\241\343\203\263\343\203\210\343\203\252\343\203\274\343\203\251\343\202\244\343\203\225\343\203\253 - \343\203\206\343\202\243\343\202\2424.png"
 delete mode 100644 "System Update/shared/images/\343\202\244\343\203\263\343\203\225\343\202\243\343\203\213\343\203\206\343\202\243\343\203\226\343\203\254\343\202\244\343\203\211 - \343\203\206\343\202\243\343\202\2427.png"
 delete mode 100644 "System Update/shared/images/\343\202\246\343\202\244\343\203\263\343\202\260\343\202\271\343\203\274\343\203\204 - \343\203\206\343\202\243\343\202\2424.png"
 delete mode 100644 "System Update/shared/images/\343\202\250\343\203\251\343\203\207\343\202\243\343\202\261\343\203\274\343\202\277\343\203\274 O.X.R.\343\203\251\343\202\244\343\203\225\343\203\253 - \343\203\206\343\202\243\343\202\2426.png"
 delete mode 100644 "System Update/shared/images/\343\202\250\343\203\251\343\203\207\343\202\243\343\202\261\343\203\274\343\202\277\343\203\274 \343\202\267\343\203\243\343\203\211\343\203\274\343\203\273\343\203\227\343\203\254\343\202\267\343\202\270\343\203\247\343\203\263SMG - \343\203\206\343\202\243\343\202\2426.png"
 delete mode 100644 "System Update/shared/images/\343\202\250\343\203\251\343\203\207\343\202\243\343\202\261\343\203\274\343\202\277\343\203\274 \343\202\267\343\203\247\343\203\203\343\202\257&\343\202\271\343\203\255\343\203\274\343\203\273\343\202\267\343\203\247\343\203\203\343\202\257\343\202\246\343\202\247\343\203\274\343\203\226\343\203\251\343\203\263\343\203\201\343\203\243\343\203\274 - \343\203\206\343\202\243\343\202\2426.png"
 delete mode 100644 "System Update/shared/images/\343\202\250\343\203\251\343\203\207\343\202\243\343\202\261\343\203\274\343\202\277\343\203\274 \343\203\233\343\203\203\343\203\227\343\203\255\343\203\203\343\202\257\343\203\273\343\203\225\343\203\245\343\203\274\343\203\252\343\203\274 \343\202\242\343\202\265\343\203\253\343\203\210\343\203\251\343\202\244\343\203\225\343\203\253 - \343\203\206\343\202\243\343\202\2426.png"
 delete mode 100644 "System Update/shared/images/\343\202\250\343\203\251\343\203\207\343\202\243\343\202\261\343\203\274\343\202\277\343\203\274 \343\203\236\343\203\274\343\202\257\343\202\271\343\203\236\343\203\263\343\203\273\343\203\254\343\203\203\343\202\253\343\203\274\343\203\252\343\203\234\343\203\253\343\203\220\343\203\274 - \343\203\206\343\202\243\343\202\2426.png"
 delete mode 100644 "System Update/shared/images/\343\202\250\343\203\263\343\203\217\343\203\263\343\202\271\343\203\211 \343\202\244\343\203\263\343\203\225\343\202\243\343\203\253\343\203\210\343\203\254\343\203\274\343\202\277\343\203\274 \343\203\235\343\203\263\343\203\227\343\202\267\343\203\247\343\203\203\343\203\210\343\202\254\343\203\263 - \343\203\206\343\202\243\343\202\2427.png"
 delete mode 100644 "System Update/shared/images/\343\202\250\343\203\263\343\203\217\343\203\263\343\202\271\343\203\211 \343\203\217\343\203\263\343\203\211\343\202\255\343\203\243\343\203\216\343\203\263 - \343\203\206\343\202\243\343\202\2427.png"
 delete mode 100644 "System Update/shared/images/\343\202\250\343\203\263\343\203\217\343\203\263\343\202\271\343\203\211\343\203\217\343\203\234\343\203\203\343\202\257\343\202\267\343\203\247\343\203\203\343\203\210\343\202\254\343\203\263 - \343\203\206\343\202\243\343\202\2427.png"
 delete mode 100644 "System Update/shared/images/\343\202\250\343\203\263\343\203\217\343\203\263\343\202\271\343\203\211\343\203\225\343\203\251\343\203\203\343\203\227\343\202\270\343\203\243\343\203\203\343\202\257\343\203\251\343\202\244\343\203\225\343\203\253 - \343\203\206\343\202\243\343\202\2427.png"
 delete mode 100644 "System Update/shared/images/\343\202\250\343\203\263\343\203\217\343\203\263\343\202\271\343\203\211\343\203\273\343\202\263\343\203\251\343\203\206\343\203\251\343\203\253\343\203\200\343\203\241\343\203\274\343\202\270 \343\202\242\343\202\265\343\203\253\343\203\210\343\203\251\343\202\244\343\203\225\343\203\253 - \343\203\206\343\202\243\343\202\2427.png"
 delete mode 100644 "System Update/shared/images/\343\202\250\343\203\263\343\203\225\343\202\251\343\203\274\343\202\265\343\203\274 \343\202\242\343\202\265\343\203\253\343\203\210\343\203\251\343\202\244\343\203\225\343\203\253 - \343\203\206\343\202\243\343\202\2421.png"
 delete mode 100644 "System Update/shared/images/\343\202\250\343\203\263\343\203\225\343\202\251\343\203\274\343\202\265\343\203\274 \343\202\242\343\202\265\343\203\253\343\203\210\343\203\251\343\202\244\343\203\225\343\203\253 - \343\203\206\343\202\243\343\202\2422.png"
 delete mode 100644 "System Update/shared/images/\343\202\250\343\203\263\343\203\225\343\202\251\343\203\274\343\202\265\343\203\274 \343\202\242\343\202\265\343\203\253\343\203\210\343\203\251\343\202\244\343\203\225\343\203\253 - \343\203\206\343\202\243\343\202\2423.png"
 delete mode 100644 "System Update/shared/images/\343\202\250\343\203\263\343\203\225\343\202\251\343\203\274\343\202\265\343\203\274 \343\202\242\343\202\265\343\203\253\343\203\210\343\203\251\343\202\244\343\203\225\343\203\253 - \343\203\206\343\202\243\343\202\2424.png"
 delete mode 100644 "System Update/shared/images/\343\202\250\343\203\263\343\203\225\343\202\251\343\203\274\343\202\265\343\203\274 \343\202\242\343\202\265\343\203\253\343\203\210\343\203\251\343\202\244\343\203\225\343\203\253 - \343\203\206\343\202\243\343\202\2425.png"
 delete mode 100644 "System Update/shared/images/\343\202\252\343\202\271\343\202\253\343\203\274\343\201\256\343\203\225\343\203\254\343\203\263\343\202\270\343\203\274 \343\202\252\343\203\274\343\203\210\343\202\267\343\203\247\343\203\203\343\203\210\343\202\254\343\203\263 - \343\203\206\343\202\243\343\202\2427.png"
 delete mode 100644 "System Update/shared/images/\343\202\252\343\203\213 \343\202\267\343\203\247\343\203\203\343\203\210\343\202\254\343\203\263 - \343\203\206\343\202\243\343\202\2422.png"
 delete mode 100644 "System Update/shared/images/\343\202\252\343\203\213 \343\202\267\343\203\247\343\203\203\343\203\210\343\202\254\343\203\263 - \343\203\206\343\202\243\343\202\2423.png"
 delete mode 100644 "System Update/shared/images/\343\202\252\343\203\213 \343\202\267\343\203\247\343\203\203\343\203\210\343\202\254\343\203\263 - \343\203\206\343\202\243\343\202\2424.png"
 delete mode 100644 "System Update/shared/images/\343\202\252\343\203\213 \343\202\267\343\203\247\343\203\203\343\203\210\343\202\254\343\203\263 - \343\203\206\343\202\243\343\202\2425.png"
 delete mode 100644 "System Update/shared/images/\343\202\252\343\203\274\343\202\267\343\203\243\343\203\263\343\201\256\343\203\220\343\203\274\343\202\271\343\203\210\343\202\242\343\202\265\343\203\253\343\203\210\343\203\251\343\202\244\343\203\225\343\203\253 - \343\203\206\343\202\243\343\202\2427.png"
 delete mode 100644 "System Update/shared/images/\343\202\252\343\203\274\343\203\220\343\203\274\343\202\257\343\203\255\343\203\203\343\202\257\343\203\221\343\203\253\343\202\271\343\203\251\343\202\244\343\203\225\343\203\253 - \343\203\206\343\202\243\343\202\2427.png"
 delete mode 100644 "System Update/shared/images/\343\202\252\343\203\274\343\203\220\343\203\274\343\203\211\343\203\251\343\202\244\343\203\226 \343\202\277\343\202\257\343\203\206\343\202\243\343\202\253\343\203\253\343\203\224\343\202\271\343\203\210\343\203\253 - \343\203\206\343\202\243\343\202\2427.png"
 delete mode 100644 "System Update/shared/images/\343\202\254\343\202\272\343\203\253\343\202\270\343\203\245\343\203\274\343\202\271 - \343\203\206\343\202\243\343\202\2422.png"
 delete mode 100644 "System Update/shared/images/\343\202\255\343\203\203\343\203\210\343\201\256\343\202\267\343\203\247\343\203\203\343\202\257\343\202\246\343\202\247\343\203\274\343\203\226\343\203\251\343\203\263\343\203\201\343\203\243\343\203\274 - \343\203\206\343\202\243\343\202\2427.png"
 delete mode 100644 "System Update/shared/images/\343\202\255\343\203\203\343\203\210\343\201\256\343\203\201\343\203\243\343\203\274\343\202\270\343\202\267\343\203\247\343\203\203\343\203\210\343\202\254\343\203\263 - \343\203\206\343\202\243\343\202\2427.png"
 delete mode 100644 "System Update/shared/images/\343\202\255\343\203\243\343\203\231\343\203\204 - \343\203\206\343\202\243\343\202\2421.png"
 delete mode 100644 "System Update/shared/images/\343\202\257\343\203\251\343\203\203\343\202\267\343\203\245\343\203\221\343\203\203\343\203\211Jr. - \343\203\206\343\202\243\343\202\2422.png"
 delete mode 100644 "System Update/shared/images/\343\202\260\343\203\251\343\203\203\343\203\227\343\203\251\343\203\274 - \343\203\206\343\202\243\343\202\2424.png"
 delete mode 100644 "System Update/shared/images/\343\202\260\343\203\254\343\203\215\343\203\274\343\203\211 - \343\203\206\343\202\243\343\202\2421.png"
 delete mode 100644 "System Update/shared/images/\343\202\260\343\203\263\343\203\212\343\203\274\343\201\256\343\202\271\343\203\206\343\202\243\343\203\263\343\202\254\343\203\274\343\202\265\343\203\226\343\203\236\343\202\267\343\203\263\343\202\254\343\203\263 - \343\203\206\343\202\243\343\202\2427.png"
 delete mode 100644 "System Update/shared/images/\343\202\261\343\203\213\343\203\274\343\201\256\343\203\252\343\202\271\343\203\235\343\203\274\343\203\263\343\203\210\343\203\274\343\202\257\343\203\263 - \343\203\206\343\202\243\343\202\2427.png"
 delete mode 100644 "System Update/shared/images/\343\202\263\343\202\263\343\203\212\343\203\203\343\203\204 - \343\203\206\343\202\243\343\202\2421.png"
 delete mode 100644 "System Update/shared/images/\343\202\263\343\203\251\343\203\206\343\203\251\343\203\253\343\203\200\343\203\241\343\203\274\343\202\270 \343\202\242\343\202\265\343\203\253\343\203\210\343\203\251\343\202\244\343\203\225\343\203\253 - \343\203\206\343\202\243\343\202\2422.png"
 delete mode 100644 "System Update/shared/images/\343\202\263\343\203\251\343\203\206\343\203\251\343\203\253\343\203\200\343\203\241\343\203\274\343\202\270 \343\202\242\343\202\265\343\203\253\343\203\210\343\203\251\343\202\244\343\203\225\343\203\253 - \343\203\206\343\202\243\343\202\2423.png"
 delete mode 100644 "System Update/shared/images/\343\202\263\343\203\251\343\203\206\343\203\251\343\203\253\343\203\200\343\203\241\343\203\274\343\202\270 \343\202\242\343\202\265\343\203\253\343\203\210\343\203\251\343\202\244\343\203\225\343\203\253 - \343\203\206\343\202\243\343\202\2424.png"
 delete mode 100644 "System Update/shared/images/\343\202\263\343\203\251\343\203\206\343\203\251\343\203\253\343\203\200\343\203\241\343\203\274\343\202\270 \343\202\242\343\202\265\343\203\253\343\203\210\343\203\251\343\202\244\343\203\225\343\203\253 - \343\203\206\343\202\243\343\202\2425.png"
 delete mode 100644 "System Update/shared/images/\343\202\263\343\203\253\343\201\256\343\203\207\343\203\203\343\203\211\343\202\242\343\202\244DMR - \343\203\206\343\202\243\343\202\2427.png"
 delete mode 100644 "System Update/shared/images/\343\202\263\343\203\274\343\203\263 - \343\203\206\343\202\243\343\202\2421.png"
 delete mode 100644 "System Update/shared/images/\343\202\264\343\203\274\343\203\253\343\203\211 - \343\203\206\343\202\243\343\202\2421.png"
 delete mode 100644 "System Update/shared/images/\343\202\265\343\202\244\343\203\254\343\203\263\343\202\265\343\203\274\344\273\230\343\201\215\343\203\224\343\202\271\343\203\210\343\203\253 - \343\203\206\343\202\243\343\202\2421.png"
 delete mode 100644 "System Update/shared/images/\343\202\265\343\202\244\343\203\254\343\203\263\343\202\265\343\203\274\344\273\230\343\201\215\343\203\224\343\202\271\343\203\210\343\203\253 - \343\203\206\343\202\243\343\202\2422.png"
 delete mode 100644 "System Update/shared/images/\343\202\265\343\202\244\343\203\254\343\203\263\343\202\265\343\203\274\344\273\230\343\201\215\343\203\224\343\202\271\343\203\210\343\203\253 - \343\203\206\343\202\243\343\202\2423.png"
 delete mode 100644 "System Update/shared/images/\343\202\265\343\202\244\343\203\254\343\203\263\343\202\265\343\203\274\344\273\230\343\201\215\343\203\224\343\202\271\343\203\210\343\203\253 - \343\203\206\343\202\243\343\202\2424.png"
 delete mode 100644 "System Update/shared/images/\343\202\265\343\202\244\343\203\254\343\203\263\343\202\265\343\203\274\344\273\230\343\201\215\343\203\224\343\202\271\343\203\210\343\203\253 - \343\203\206\343\202\243\343\202\2425.png"
 delete mode 100644 "System Update/shared/images/\343\202\265\343\202\244\343\203\254\343\203\263\343\202\265\343\203\274\344\273\230\343\201\215\343\203\224\343\202\271\343\203\210\343\203\253 - \343\203\206\343\202\243\343\202\2427.png"
 delete mode 100644 "System Update/shared/images/\343\202\265\343\203\226\343\203\236\343\202\267\343\203\263\343\202\254\343\203\263 - \343\203\206\343\202\243\343\202\2423.png"
 delete mode 100644 "System Update/shared/images/\343\202\265\343\203\226\343\203\236\343\202\267\343\203\263\343\202\254\343\203\263 - \343\203\206\343\202\243\343\202\2424.png"
 delete mode 100644 "System Update/shared/images/\343\202\265\343\203\263\343\203\200\343\203\274\343\202\267\343\203\247\343\203\203\343\203\210\343\202\254\343\203\263 - \343\203\206\343\202\243\343\202\2422.png"
 delete mode 100644 "System Update/shared/images/\343\202\265\343\203\263\343\203\200\343\203\274\343\202\267\343\203\247\343\203\203\343\203\210\343\202\254\343\203\263 - \343\203\206\343\202\243\343\202\2423.png"
 delete mode 100644 "System Update/shared/images/\343\202\265\343\203\263\343\203\200\343\203\274\343\202\267\343\203\247\343\203\203\343\203\210\343\202\254\343\203\263 - \343\203\206\343\202\243\343\202\2424.png"
 delete mode 100644 "System Update/shared/images/\343\202\265\343\203\263\343\203\200\343\203\274\343\202\267\343\203\247\343\203\203\343\203\210\343\202\254\343\203\263 - \343\203\206\343\202\243\343\202\2425.png"
 delete mode 100644 "System Update/shared/images/\343\202\265\343\203\274\343\202\270\343\203\225\343\202\241\343\202\244\343\202\242SMG - \343\203\206\343\202\243\343\202\2422.png"
 delete mode 100644 "System Update/shared/images/\343\202\265\343\203\274\343\202\270\343\203\225\343\202\241\343\202\244\343\202\242SMG - \343\203\206\343\202\243\343\202\2423.png"
 delete mode 100644 "System Update/shared/images/\343\202\265\343\203\274\343\202\270\343\203\225\343\202\241\343\202\244\343\202\242SMG - \343\203\206\343\202\243\343\202\2424.png"
 delete mode 100644 "System Update/shared/images/\343\202\265\343\203\274\343\202\270\343\203\225\343\202\241\343\202\244\343\202\242SMG - \343\203\206\343\202\243\343\202\2425.png"
 delete mode 100644 "System Update/shared/images/\343\202\265\343\203\274\343\203\236\343\203\253\343\203\225\343\202\243\343\203\203\343\202\267\343\203\245 - \343\203\206\343\202\243\343\202\2425.png"
 delete mode 100644 "System Update/shared/images/\343\202\267\343\203\203\343\202\257\343\202\271\343\202\267\343\203\245\343\203\274\343\202\277\343\203\274 - \343\203\206\343\202\243\343\202\2423.png"
 delete mode 100644 "System Update/shared/images/\343\202\267\343\203\203\343\202\257\343\202\271\343\202\267\343\203\245\343\203\274\343\202\277\343\203\274 - \343\203\206\343\202\243\343\202\2424.png"
 delete mode 100644 "System Update/shared/images/\343\202\267\343\203\243\343\203\211\343\203\274\343\203\210\343\203\251\343\203\203\343\202\253\343\203\274 - \343\203\206\343\202\243\343\202\2426.png"
 delete mode 100644 "System Update/shared/images/\343\202\267\343\203\243\343\203\211\343\203\274\343\203\236\343\202\244\343\203\200\343\202\271\343\201\256\343\203\211\343\203\251\343\203\240\343\202\254\343\203\263 - \343\203\206\343\202\243\343\202\2427.png"
 delete mode 100644 "System Update/shared/images/\343\202\267\343\203\247\343\203\203\343\202\257\343\202\246\343\202\247\343\203\274\343\203\226\343\202\260\343\203\254\343\203\215\343\203\274\343\203\211 - \343\203\206\343\202\243\343\202\2424.png"
 delete mode 100644 "System Update/shared/images/\343\202\267\343\203\274\343\203\253\343\203\211\343\202\255\343\203\216\343\202\263 - \343\203\206\343\202\243\343\202\2421.png"
 delete mode 100644 "System Update/shared/images/\343\202\267\343\203\274\343\203\253\343\203\211\343\202\261\343\202\260 - \343\203\206\343\202\243\343\202\2423.png"
 delete mode 100644 "System Update/shared/images/\343\202\267\343\203\274\343\203\253\343\203\211\343\203\220\343\203\226\343\203\253Jr. - \343\203\206\343\202\243\343\202\2422.png"
 delete mode 100644 "System Update/shared/images/\343\202\267\343\203\274\343\203\253\343\203\211\343\203\225\343\202\243\343\203\203\343\202\267\343\203\245 - \343\203\206\343\202\243\343\202\2423.png"
 delete mode 100644 "System Update/shared/images/\343\202\267\343\203\274\343\203\253\343\203\211\343\203\235\343\203\274\343\202\267\343\203\247\343\203\263 - \343\203\206\343\202\243\343\202\2423.png"
 delete mode 100644 "System Update/shared/images/\343\202\270\343\203\243\343\203\263\343\203\227\343\203\221\343\203\203\343\203\211 - \343\203\206\343\202\243\343\202\2423.png"
 delete mode 100644 "System Update/shared/images/\343\202\270\343\203\245\343\203\274\343\203\253\343\202\272\343\201\256\343\202\260\343\203\251\343\202\244\343\203\200\343\203\274\343\202\254\343\203\263 - \343\203\206\343\202\243\343\202\2427.png"
 delete mode 100644 "System Update/shared/images/\343\202\270\343\203\245\343\203\274\343\203\253\343\202\272\343\201\256\343\203\211\343\203\251\343\203\240\343\202\254\343\203\263 - \343\203\206\343\202\243\343\202\2427.png"
 delete mode 100644 "System Update/shared/images/\343\202\271\343\202\244\343\203\274\343\203\221\343\203\274\343\202\267\343\203\247\343\203\203\343\203\210\343\202\254\343\203\263 - \343\203\206\343\202\243\343\202\2422.png"
 delete mode 100644 "System Update/shared/images/\343\202\271\343\202\244\343\203\274\343\203\221\343\203\274\343\202\267\343\203\247\343\203\203\343\203\210\343\202\254\343\203\263 - \343\203\206\343\202\243\343\202\2423.png"
 delete mode 100644 "System Update/shared/images/\343\202\271\343\202\244\343\203\274\343\203\221\343\203\274\343\202\267\343\203\247\343\203\203\343\203\210\343\202\254\343\203\263 - \343\203\206\343\202\243\343\202\2424.png"
 delete mode 100644 "System Update/shared/images/\343\202\271\343\202\244\343\203\274\343\203\221\343\203\274\343\202\267\343\203\247\343\203\203\343\203\210\343\202\254\343\203\263 - \343\203\206\343\202\243\343\202\2425.png"
 delete mode 100644 "System Update/shared/images/\343\202\271\343\202\244\343\203\274\343\203\221\343\203\274\343\202\267\343\203\247\343\203\203\343\203\210\343\202\254\343\203\263 - \343\203\206\343\202\243\343\202\2427.png"
 delete mode 100644 "System Update/shared/images/\343\202\271\343\202\253\343\202\244\343\201\256\343\202\242\343\202\265\343\203\253\343\203\210\343\203\251\343\202\244\343\203\225\343\203\253 - \343\203\206\343\202\243\343\202\2427.png"
 delete mode 100644 "System Update/shared/images/\343\202\271\343\202\253\343\202\244\343\201\256\343\202\260\343\203\251\343\203\203\343\203\227\343\203\251\343\203\274 - \343\203\206\343\202\243\343\202\2427.png"
 delete mode 100644 "System Update/shared/images/\343\202\271\343\203\206\343\203\253\343\202\271 \343\202\271\343\203\227\343\203\251\343\203\203\343\202\267\343\203\245 - \343\203\206\343\202\243\343\202\2423.png"
 delete mode 100644 "System Update/shared/images/\343\202\271\343\203\210\343\203\251\343\202\244\343\202\253\343\203\274\343\203\220\343\203\274\343\202\271\343\203\210\343\203\251\343\202\244\343\203\225\343\203\253 - \343\203\206\343\202\243\343\202\2421.png"
 delete mode 100644 "System Update/shared/images/\343\202\271\343\203\210\343\203\251\343\202\244\343\202\253\343\203\274\343\203\220\343\203\274\343\202\271\343\203\210\343\203\251\343\202\244\343\203\225\343\203\253 - \343\203\206\343\202\243\343\202\2422.png"
 delete mode 100644 "System Update/shared/images/\343\202\271\343\203\210\343\203\251\343\202\244\343\202\253\343\203\274\343\203\220\343\203\274\343\202\271\343\203\210\343\203\251\343\202\244\343\203\225\343\203\253 - \343\203\206\343\202\243\343\202\2423.png"
 delete mode 100644 "System Update/shared/images/\343\202\271\343\203\210\343\203\251\343\202\244\343\202\253\343\203\274\343\203\220\343\203\274\343\202\271\343\203\210\343\203\251\343\202\244\343\203\225\343\203\253 - \343\203\206\343\202\243\343\202\2425.png"
 delete mode 100644 "System Update/shared/images/\343\202\271\343\203\216\343\203\274\343\203\234\343\203\274\343\203\253\343\203\251\343\203\263\343\203\201\343\203\243\343\203\274 - \343\203\206\343\202\243\343\202\2422.png"
 delete mode 100644 "System Update/shared/images/\343\202\271\343\203\216\343\203\274\343\203\234\343\203\274\343\203\253\343\203\251\343\203\263\343\203\201\343\203\243\343\203\274 - \343\203\206\343\202\243\343\202\2423.png"
 delete mode 100644 "System Update/shared/images/\343\202\271\343\203\216\343\203\274\343\203\234\343\203\274\343\203\253\343\203\251\343\203\263\343\203\201\343\203\243\343\203\274 - \343\203\206\343\202\243\343\202\2424.png"
 delete mode 100644 "System Update/shared/images/\343\202\271\343\203\216\343\203\274\343\203\234\343\203\274\343\203\253\343\203\251\343\203\263\343\203\201\343\203\243\343\203\274 - \343\203\206\343\202\243\343\202\2425.png"
 delete mode 100644 "System Update/shared/images/\343\202\271\343\203\221\343\202\244\343\202\242\343\203\273\343\203\251\343\202\244\343\203\225\343\203\253 - \343\203\206\343\202\243\343\202\2422.png"
 delete mode 100644 "System Update/shared/images/\343\202\271\343\203\221\343\202\244\343\202\242\343\203\273\343\203\251\343\202\244\343\203\225\343\203\253 - \343\203\206\343\202\243\343\202\2423.png"
 delete mode 100644 "System Update/shared/images/\343\202\271\343\203\221\343\202\244\343\202\242\343\203\273\343\203\251\343\202\244\343\203\225\343\203\253 - \343\203\206\343\202\243\343\202\2424.png"
 delete mode 100644 "System Update/shared/images/\343\202\271\343\203\221\343\202\244\343\202\242\343\203\273\343\203\251\343\202\244\343\203\225\343\203\253 - \343\203\206\343\202\243\343\202\2425.png"
 delete mode 100644 "System Update/shared/images/\343\202\271\343\203\242\343\203\274\343\203\253\343\203\225\343\202\243\343\203\203\343\202\267\343\203\245 - \343\203\206\343\202\243\343\202\2421.png"
 delete mode 100644 "System Update/shared/images/\343\202\271\343\203\251\343\203\203\343\203\227\343\202\270\343\203\245\343\203\274\343\202\271 - \343\203\206\343\202\243\343\202\2423.png"
 delete mode 100644 "System Update/shared/images/\343\202\271\343\203\251\343\203\203\343\203\227\343\203\231\343\203\252\343\203\274 - \343\203\206\343\202\243\343\202\2422.png"
 delete mode 100644 "System Update/shared/images/\343\202\271\343\203\251\343\203\203\343\203\227\343\203\231\343\203\252\343\203\274\343\203\273\343\203\225\343\202\243\343\202\272(\343\202\250\343\202\255\343\202\276\343\203\201\343\203\203\343\202\257) - \343\203\206\343\202\243\343\202\2426.png"
 delete mode 100644 "System Update/shared/images/\343\202\271\343\203\251\343\203\203\343\203\227\343\203\273\343\202\271\343\203\227\343\203\251\343\203\203\343\202\267\343\203\245 - \343\203\206\343\202\243\343\202\2423.png"
 delete mode 100644 "System Update/shared/images/\343\202\271\343\203\251\343\203\274\343\203\227\343\202\255\343\203\216\343\202\263 - \343\203\206\343\202\243\343\202\2421.png"
 delete mode 100644 "System Update/shared/images/\343\202\271\343\203\251\343\203\274\343\203\227\343\202\270\343\203\245\343\203\274\343\202\271 - \343\203\206\343\202\243\343\202\2424.png"
 delete mode 100644 "System Update/shared/images/\343\202\271\343\203\251\343\203\274\343\203\227\343\202\270\343\203\245\343\203\274\343\202\271 - \343\203\206\343\202\243\343\202\2425.png"
 delete mode 100644 "System Update/shared/images/\343\202\271\343\203\274\343\203\221\343\203\274\343\202\270\343\203\243\343\203\263\343\203\227\343\203\221\343\203\203\343\203\211 - \343\203\206\343\202\243\343\202\2424.png"
 delete mode 100644 "System Update/shared/images/\343\202\273\343\203\263\343\203\201\343\203\215\343\203\253 \343\203\235\343\203\263\343\203\227\343\202\267\343\203\247\343\203\203\343\203\210\343\202\254\343\203\263 - \343\203\206\343\202\243\343\202\2421.png"
 delete mode 100644 "System Update/shared/images/\343\202\273\343\203\263\343\203\201\343\203\215\343\203\253 \343\203\235\343\203\263\343\203\227\343\202\267\343\203\247\343\203\203\343\203\210\343\202\254\343\203\263 - \343\203\206\343\202\243\343\202\2422.png"
 delete mode 100644 "System Update/shared/images/\343\202\273\343\203\263\343\203\201\343\203\215\343\203\253 \343\203\235\343\203\263\343\203\227\343\202\267\343\203\247\343\203\203\343\203\210\343\202\254\343\203\263 - \343\203\206\343\202\243\343\202\2423.png"
 delete mode 100644 "System Update/shared/images/\343\202\273\343\203\263\343\203\201\343\203\215\343\203\253 \343\203\235\343\203\263\343\203\227\343\202\267\343\203\247\343\203\203\343\203\210\343\202\254\343\203\263 - \343\203\206\343\202\243\343\202\2424.png"
 delete mode 100644 "System Update/shared/images/\343\202\273\343\203\263\343\203\201\343\203\215\343\203\253 \343\203\235\343\203\263\343\203\227\343\202\267\343\203\247\343\203\203\343\203\210\343\202\254\343\203\263 - \343\203\206\343\202\243\343\202\2425.png"
 delete mode 100644 "System Update/shared/images/\343\202\275\343\203\264\343\203\252\343\203\263\343\202\267\343\203\247\343\203\203\343\203\210\343\202\254\343\203\263 - \343\203\206\343\202\243\343\202\2421.png"
 delete mode 100644 "System Update/shared/images/\343\202\275\343\203\264\343\203\252\343\203\263\343\202\267\343\203\247\343\203\203\343\203\210\343\202\254\343\203\263 - \343\203\206\343\202\243\343\202\2422.png"
 delete mode 100644 "System Update/shared/images/\343\202\275\343\203\264\343\203\252\343\203\263\343\202\267\343\203\247\343\203\203\343\203\210\343\202\254\343\203\263 - \343\203\206\343\202\243\343\202\2423.png"
 delete mode 100644 "System Update/shared/images/\343\202\275\343\203\264\343\203\252\343\203\263\343\202\267\343\203\247\343\203\203\343\203\210\343\202\254\343\203\263 - \343\203\206\343\202\243\343\202\2424.png"
 delete mode 100644 "System Update/shared/images/\343\202\275\343\203\264\343\203\252\343\203\263\343\202\267\343\203\247\343\203\203\343\203\210\343\202\254\343\203\263 - \343\203\206\343\202\243\343\202\2425.png"
 delete mode 100644 "System Update/shared/images/\343\202\277\343\202\257\343\203\206\343\202\243\343\202\253\343\203\253\343\202\242\343\202\265\343\203\253\343\203\210\343\203\251\343\202\244\343\203\225\343\203\253 - \343\203\206\343\202\243\343\202\2421.png"
 delete mode 100644 "System Update/shared/images/\343\202\277\343\202\257\343\203\206\343\202\243\343\202\253\343\203\253\343\202\242\343\202\265\343\203\253\343\203\210\343\203\251\343\202\244\343\203\225\343\203\253 - \343\203\206\343\202\243\343\202\2422.png"
 delete mode 100644 "System Update/shared/images/\343\202\277\343\202\257\343\203\206\343\202\243\343\202\253\343\203\253\343\202\242\343\202\265\343\203\253\343\203\210\343\203\251\343\202\244\343\203\225\343\203\253 - \343\203\206\343\202\243\343\202\2423.png"
 delete mode 100644 "System Update/shared/images/\343\202\277\343\202\257\343\203\206\343\202\243\343\202\253\343\203\253\343\202\242\343\202\265\343\203\253\343\203\210\343\203\251\343\202\244\343\203\225\343\203\253 - \343\203\206\343\202\243\343\202\2424.png"
 delete mode 100644 "System Update/shared/images/\343\202\277\343\202\257\343\203\206\343\202\243\343\202\253\343\203\253\343\202\242\343\202\265\343\203\253\343\203\210\343\203\251\343\202\244\343\203\225\343\203\253 - \343\203\206\343\202\243\343\202\2425.png"
 delete mode 100644 "System Update/shared/images/\343\202\277\343\202\257\343\203\206\343\202\243\343\202\253\343\203\253\343\203\224\343\202\271\343\203\210\343\203\253 - \343\203\206\343\202\243\343\202\2421.png"
 delete mode 100644 "System Update/shared/images/\343\202\277\343\202\257\343\203\206\343\202\243\343\202\253\343\203\253\343\203\224\343\202\271\343\203\210\343\203\253 - \343\203\206\343\202\243\343\202\2422.png"
 delete mode 100644 "System Update/shared/images/\343\202\277\343\202\257\343\203\206\343\202\243\343\202\253\343\203\253\343\203\224\343\202\271\343\203\210\343\203\253 - \343\203\206\343\202\243\343\202\2423.png"
 delete mode 100644 "System Update/shared/images/\343\202\277\343\202\257\343\203\206\343\202\243\343\202\253\343\203\253\343\203\224\343\202\271\343\203\210\343\203\253 - \343\203\206\343\202\243\343\202\2424.png"
 delete mode 100644 "System Update/shared/images/\343\202\277\343\202\257\343\203\206\343\202\243\343\202\253\343\203\253\343\203\224\343\202\271\343\203\210\343\203\253 - \343\203\206\343\202\243\343\202\2425.png"
 delete mode 100644 "System Update/shared/images/\343\203\200\343\202\244\343\203\212\343\203\236\343\202\244\343\203\210 - \343\203\206\343\202\243\343\202\2422.png"
 delete mode 100644 "System Update/shared/images/\343\203\200\343\203\226 - \343\203\206\343\202\243\343\202\2426.png"
 delete mode 100644 "System Update/shared/images/\343\203\200\343\203\226\343\203\253 - \343\203\206\343\202\243\343\202\2426.png"
 delete mode 100644 "System Update/shared/images/\343\203\201\343\203\243\343\202\260\343\202\255\343\203\243\343\203\216\343\203\263 - \343\203\206\343\202\243\343\202\2426.png"
 delete mode 100644 "System Update/shared/images/\343\203\201\343\203\243\343\202\260\343\202\270\343\203\243\343\202\260 - \343\203\206\343\202\243\343\202\2425.png"
 delete mode 100644 "System Update/shared/images/\343\203\201\343\203\274\343\202\270\343\203\274\343\203\227\343\203\274\343\203\225 - \343\203\206\343\202\243\343\202\2422.png"
 delete mode 100644 "System Update/shared/images/\343\203\204\343\202\244\343\203\263\343\203\217\343\203\263\343\203\236\343\203\274\343\202\267\343\203\247\343\203\203\343\203\210\343\202\254\343\203\263 - \343\203\206\343\202\243\343\202\2421.png"
 delete mode 100644 "System Update/shared/images/\343\203\204\343\202\244\343\203\263\343\203\217\343\203\263\343\203\236\343\203\274\343\202\267\343\203\247\343\203\203\343\203\210\343\202\254\343\203\263 - \343\203\206\343\202\243\343\202\2422.png"
 delete mode 100644 "System Update/shared/images/\343\203\204\343\202\244\343\203\263\343\203\217\343\203\263\343\203\236\343\203\274\343\202\267\343\203\247\343\203\203\343\203\210\343\202\254\343\203\263 - \343\203\206\343\202\243\343\202\2423.png"
 delete mode 100644 "System Update/shared/images/\343\203\204\343\202\244\343\203\263\343\203\217\343\203\263\343\203\236\343\203\274\343\202\267\343\203\247\343\203\203\343\203\210\343\202\254\343\203\263 - \343\203\206\343\202\243\343\202\2424.png"
 delete mode 100644 "System Update/shared/images/\343\203\204\343\202\244\343\203\263\343\203\217\343\203\263\343\203\236\343\203\274\343\202\267\343\203\247\343\203\203\343\203\210\343\202\254\343\203\263 - \343\203\206\343\202\243\343\202\2425.png"
 delete mode 100644 "System Update/shared/images/\343\203\204\343\202\244\343\203\263\343\203\225\343\202\241\343\202\244\343\202\242 \343\202\252\343\203\274\343\203\210\343\202\267\343\203\247\343\203\203\343\203\210\343\202\254\343\203\263 - \343\203\206\343\202\243\343\202\2422.png"
 delete mode 100644 "System Update/shared/images/\343\203\204\343\202\244\343\203\263\343\203\225\343\202\241\343\202\244\343\202\242 \343\202\252\343\203\274\343\203\210\343\202\267\343\203\247\343\203\203\343\203\210\343\202\254\343\203\263 - \343\203\206\343\202\243\343\202\2423.png"
 delete mode 100644 "System Update/shared/images/\343\203\204\343\202\244\343\203\263\343\203\225\343\202\241\343\202\244\343\202\242 \343\202\252\343\203\274\343\203\210\343\202\267\343\203\247\343\203\203\343\203\210\343\202\254\343\203\263 - \343\203\206\343\202\243\343\202\2424.png"
 delete mode 100644 "System Update/shared/images/\343\203\204\343\202\244\343\203\263\343\203\225\343\202\241\343\202\244\343\202\242 \343\202\252\343\203\274\343\203\210\343\202\267\343\203\247\343\203\203\343\203\210\343\202\254\343\203\263 - \343\203\206\343\202\243\343\202\2425.png"
 delete mode 100644 "System Update/shared/images/\343\203\204\343\202\244\343\203\263\343\203\236\343\202\260 \343\202\265\343\203\226\343\203\236\343\202\267\343\203\263\343\202\254\343\203\263 - \343\203\206\343\202\243\343\202\2422.png"
 delete mode 100644 "System Update/shared/images/\343\203\204\343\202\244\343\203\263\343\203\236\343\202\260 \343\202\265\343\203\226\343\203\236\343\202\267\343\203\263\343\202\254\343\203\263 - \343\203\206\343\202\243\343\202\2423.png"
 delete mode 100644 "System Update/shared/images/\343\203\204\343\202\244\343\203\263\343\203\236\343\202\260 \343\202\265\343\203\226\343\203\236\343\202\267\343\203\263\343\202\254\343\203\263 - \343\203\206\343\202\243\343\202\2424.png"
 delete mode 100644 "System Update/shared/images/\343\203\204\343\202\244\343\203\263\343\203\236\343\202\260 \343\202\265\343\203\226\343\203\236\343\202\267\343\203\263\343\202\254\343\203\263 - \343\203\206\343\202\243\343\202\2425.png"
 delete mode 100644 "System Update/shared/images/\343\203\207\343\203\203\343\203\211\343\202\242\343\202\244 \343\202\242\343\202\265\343\203\253\343\203\210\343\203\251\343\202\244\343\203\225\343\203\253 - \343\203\206\343\202\243\343\202\2421.png"
 delete mode 100644 "System Update/shared/images/\343\203\207\343\203\203\343\203\211\343\202\242\343\202\244 \343\202\242\343\202\265\343\203\253\343\203\210\343\203\251\343\202\244\343\203\225\343\203\253 - \343\203\206\343\202\243\343\202\2422.png"
 delete mode 100644 "System Update/shared/images/\343\203\207\343\203\203\343\203\211\343\202\242\343\202\244 \343\202\242\343\202\265\343\203\253\343\203\210\343\203\251\343\202\244\343\203\225\343\203\253 - \343\203\206\343\202\243\343\202\2423.png"
 delete mode 100644 "System Update/shared/images/\343\203\207\343\203\203\343\203\211\343\202\242\343\202\244 \343\202\242\343\202\265\343\203\253\343\203\210\343\203\251\343\202\244\343\203\225\343\203\253 - \343\203\206\343\202\243\343\202\2424.png"
 delete mode 100644 "System Update/shared/images/\343\203\207\343\203\203\343\203\211\343\202\242\343\202\244 \343\202\242\343\202\265\343\203\253\343\203\210\343\203\251\343\202\244\343\203\225\343\203\253 - \343\203\206\343\202\243\343\202\2425.png"
 delete mode 100644 "System Update/shared/images/\343\203\207\343\203\203\343\203\211\343\202\242\343\202\244DMR - \343\203\206\343\202\243\343\202\2422.png"
 delete mode 100644 "System Update/shared/images/\343\203\207\343\203\203\343\203\211\343\202\242\343\202\244DMR - \343\203\206\343\202\243\343\202\2423.png"
 delete mode 100644 "System Update/shared/images/\343\203\207\343\203\203\343\203\211\343\202\242\343\202\244DMR - \343\203\206\343\202\243\343\202\2424.png"
 delete mode 100644 "System Update/shared/images/\343\203\207\343\203\203\343\203\211\343\202\242\343\202\244DMR - \343\203\206\343\202\243\343\202\2425.png"
 delete mode 100644 "System Update/shared/images/\343\203\207\343\203\245\343\202\242\343\203\253\343\203\236\343\202\244\343\202\257\343\203\255\343\202\265\343\203\226\343\203\236\343\202\267\343\203\263\343\202\254\343\203\263 - \343\203\206\343\202\243\343\202\2421.png"
 delete mode 100644 "System Update/shared/images/\343\203\207\343\203\245\343\202\242\343\203\253\343\203\236\343\202\244\343\202\257\343\203\255\343\202\265\343\203\226\343\203\236\343\202\267\343\203\263\343\202\254\343\203\263 - \343\203\206\343\202\243\343\202\2422.png"
 delete mode 100644 "System Update/shared/images/\343\203\207\343\203\245\343\202\242\343\203\253\343\203\236\343\202\244\343\202\257\343\203\255\343\202\265\343\203\226\343\203\236\343\202\267\343\203\263\343\202\254\343\203\263 - \343\203\206\343\202\243\343\202\2423.png"
 delete mode 100644 "System Update/shared/images/\343\203\207\343\203\245\343\202\242\343\203\253\343\203\236\343\202\244\343\202\257\343\203\255\343\202\265\343\203\226\343\203\236\343\202\267\343\203\263\343\202\254\343\203\263 - \343\203\206\343\202\243\343\202\2424.png"
 delete mode 100644 "System Update/shared/images/\343\203\207\343\203\245\343\202\242\343\203\253\343\203\236\343\202\244\343\202\257\343\203\255\343\202\265\343\203\226\343\203\236\343\202\267\343\203\263\343\202\254\343\203\263 - \343\203\206\343\202\243\343\202\2425.png"
 delete mode 100644 "System Update/shared/images/\343\203\210\343\203\251\343\203\226\343\203\253 - \343\203\206\343\202\243\343\202\2426.png"
 delete mode 100644 "System Update/shared/images/\343\203\211\343\203\251\343\203\240\343\202\254\343\203\263 - \343\203\206\343\202\243\343\202\2423.png"
 delete mode 100644 "System Update/shared/images/\343\203\211\343\203\251\343\203\240\343\202\254\343\203\263 - \343\203\206\343\202\243\343\202\2424.png"
 delete mode 100644 "System Update/shared/images/\343\203\211\343\203\251\343\203\240\343\202\254\343\203\263 - \343\203\206\343\202\243\343\202\2425.png"
 delete mode 100644 "System Update/shared/images/\343\203\213\343\203\243\343\203\203\343\202\271\343\203\253\343\201\256\343\203\213\343\203\243\343\203\263\343\203\213\343\203\243\343\203\263\343\203\251\343\202\244\343\203\225\343\203\253 - \343\203\206\343\202\243\343\202\2427.png"
 delete mode 100644 "System Update/shared/images/\343\203\213\343\203\274\343\202\267\343\203\243\343\201\256\343\202\271\343\203\210\343\203\251\343\202\244\343\202\253\343\203\274 \343\202\242\343\202\265\343\203\253\343\203\210\343\203\251\343\202\244\343\203\225\343\203\253 - \343\203\206\343\202\243\343\202\2427.png"
 delete mode 100644 "System Update/shared/images/\343\203\217\343\202\244\343\202\253\343\203\274\343\203\211\343\201\256\343\203\217\343\203\234\343\203\203\343\202\257\343\202\265\343\202\244\343\203\254\343\203\263\343\202\265\343\203\274\344\273\230\343\201\215\343\203\251\343\202\244\343\203\225\343\203\253 - \343\203\206\343\202\243\343\202\2427.png"
 delete mode 100644 "System Update/shared/images/\343\203\217\343\202\244\343\202\271\343\203\206\343\203\203\343\203\211\343\203\273\343\202\242\343\202\257\343\202\273\343\203\251\343\203\251\343\203\263\343\203\210\343\203\273\343\202\267\343\203\247\343\203\203\343\203\210\343\202\254\343\203\263 - \343\203\206\343\202\243\343\202\2426.png"
 delete mode 100644 "System Update/shared/images/\343\203\217\343\202\244\343\202\271\343\203\206\343\203\203\343\203\211\343\203\273\343\203\226\343\203\252\343\203\263\343\202\257\343\203\236\343\202\260\343\203\273\343\202\265\343\203\226\343\203\236\343\202\267\343\203\263\343\202\254\343\203\263 - \343\203\206\343\202\243\343\202\2426.png"
 delete mode 100644 "System Update/shared/images/\343\203\217\343\202\244\343\202\271\343\203\206\343\203\203\343\203\211\343\203\273\343\203\226\343\203\252\343\203\274\343\203\201\343\203\243\343\203\274\343\203\273\343\202\267\343\203\247\343\203\203\343\203\210\343\202\254\343\203\263 - \343\203\206\343\202\243\343\202\2426.png"
 delete mode 100644 "System Update/shared/images/\343\203\217\343\202\244\343\202\271\343\203\206\343\203\203\343\203\211\343\203\273\343\203\251\343\203\263\343\203\273\343\202\242\343\203\263\343\203\211\343\203\273\343\202\254\343\203\263\343\203\273\343\202\265\343\203\226\343\203\236\343\202\267\343\203\263\343\202\254\343\203\263 - \343\203\206\343\202\243\343\202\2426.png"
 delete mode 100644 "System Update/shared/images/\343\203\217\343\202\244\343\203\221\343\203\274\343\203\220\343\203\274\343\202\271\343\203\210\343\203\273\343\203\224\343\202\271\343\203\210\343\203\253 - \343\203\206\343\202\243\343\202\2421.png"
 delete mode 100644 "System Update/shared/images/\343\203\217\343\202\244\343\203\221\343\203\274\343\203\220\343\203\274\343\202\271\343\203\210\343\203\273\343\203\224\343\202\271\343\203\210\343\203\253 - \343\203\206\343\202\243\343\202\2422.png"
 delete mode 100644 "System Update/shared/images/\343\203\217\343\202\244\343\203\221\343\203\274\343\203\220\343\203\274\343\202\271\343\203\210\343\203\273\343\203\224\343\202\271\343\203\210\343\203\253 - \343\203\206\343\202\243\343\202\2423.png"
 delete mode 100644 "System Update/shared/images/\343\203\217\343\202\244\343\203\221\343\203\274\343\203\220\343\203\274\343\202\271\343\203\210\343\203\273\343\203\224\343\202\271\343\203\210\343\203\253 - \343\203\206\343\202\243\343\202\2424.png"
 delete mode 100644 "System Update/shared/images/\343\203\217\343\202\244\343\203\221\343\203\274\343\203\220\343\203\274\343\202\271\343\203\210\343\203\273\343\203\224\343\202\271\343\203\210\343\203\253 - \343\203\206\343\202\243\343\202\2425.png"
 delete mode 100644 "System Update/shared/images/\343\203\217\343\203\203\343\202\267\343\203\245\343\201\256\343\203\207\343\203\203\343\203\211\343\202\242\343\202\244 \343\202\242\343\202\265\343\203\253\343\203\210\343\203\251\343\202\244\343\203\225\343\203\253 - \343\203\206\343\202\243\343\202\2427.png"
 delete mode 100644 "System Update/shared/images/\343\203\217\343\203\234\343\203\203\343\202\257\343\202\265\343\202\244\343\203\254\343\203\263\343\202\265\343\203\274\344\273\230\343\201\215\343\202\242\343\202\265\343\203\253\343\203\210\343\203\251\343\202\244\343\203\225\343\203\253 - \343\203\206\343\202\243\343\202\2422.png"
 delete mode 100644 "System Update/shared/images/\343\203\217\343\203\234\343\203\203\343\202\257\343\202\265\343\202\244\343\203\254\343\203\263\343\202\265\343\203\274\344\273\230\343\201\215\343\202\242\343\202\265\343\203\253\343\203\210\343\203\251\343\202\244\343\203\225\343\203\253 - \343\203\206\343\202\243\343\202\2423.png"
 delete mode 100644 "System Update/shared/images/\343\203\217\343\203\234\343\203\203\343\202\257\343\202\265\343\202\244\343\203\254\343\203\263\343\202\265\343\203\274\344\273\230\343\201\215\343\202\242\343\202\265\343\203\253\343\203\210\343\203\251\343\202\244\343\203\225\343\203\253 - \343\203\206\343\202\243\343\202\2424.png"
 delete mode 100644 "System Update/shared/images/\343\203\217\343\203\234\343\203\203\343\202\257\343\202\265\343\202\244\343\203\254\343\203\263\343\202\265\343\203\274\344\273\230\343\201\215\343\202\242\343\202\265\343\203\253\343\203\210\343\203\251\343\202\244\343\203\225\343\203\253 - \343\203\206\343\202\243\343\202\2425.png"
 delete mode 100644 "System Update/shared/images/\343\203\217\343\203\234\343\203\203\343\202\257\343\203\235\343\203\263\343\203\227\343\202\267\343\203\247\343\203\203\343\203\210\343\202\254\343\203\263 - \343\203\206\343\202\243\343\202\2422.png"
 delete mode 100644 "System Update/shared/images/\343\203\217\343\203\234\343\203\203\343\202\257\343\203\235\343\203\263\343\203\227\343\202\267\343\203\247\343\203\203\343\203\210\343\202\254\343\203\263 - \343\203\206\343\202\243\343\202\2423.png"
 delete mode 100644 "System Update/shared/images/\343\203\217\343\203\234\343\203\203\343\202\257\343\203\235\343\203\263\343\203\227\343\202\267\343\203\247\343\203\203\343\203\210\343\202\254\343\203\263 - \343\203\206\343\202\243\343\202\2424.png"
 delete mode 100644 "System Update/shared/images/\343\203\217\343\203\234\343\203\203\343\202\257\343\203\235\343\203\263\343\203\227\343\202\267\343\203\247\343\203\203\343\203\210\343\202\254\343\203\263 - \343\203\206\343\202\243\343\202\2425.png"
 delete mode 100644 "System Update/shared/images/\343\203\217\343\203\263\343\203\206\343\202\243\343\203\263\343\202\260\343\203\251\343\202\244\343\203\225\343\203\253 - \343\203\206\343\202\243\343\202\2422.png"
 delete mode 100644 "System Update/shared/images/\343\203\217\343\203\263\343\203\206\343\202\243\343\203\263\343\202\260\343\203\251\343\202\244\343\203\225\343\203\253 - \343\203\206\343\202\243\343\202\2423.png"
 delete mode 100644 "System Update/shared/images/\343\203\217\343\203\263\343\203\206\343\202\243\343\203\263\343\202\260\343\203\251\343\202\244\343\203\225\343\203\253 - \343\203\206\343\202\243\343\202\2424.png"
 delete mode 100644 "System Update/shared/images/\343\203\217\343\203\263\343\203\206\343\202\243\343\203\263\343\202\260\343\203\251\343\202\244\343\203\225\343\203\253 - \343\203\206\343\202\243\343\202\2425.png"
 delete mode 100644 "System Update/shared/images/\343\203\217\343\203\263\343\203\236\343\203\274\343\202\242\343\202\265\343\203\253\343\203\210\343\203\251\343\202\244\343\203\225\343\203\253 - \343\203\206\343\202\243\343\202\2422.png"
 delete mode 100644 "System Update/shared/images/\343\203\217\343\203\263\343\203\236\343\203\274\343\202\242\343\202\265\343\203\253\343\203\210\343\203\251\343\202\244\343\203\225\343\203\253 - \343\203\206\343\202\243\343\202\2423.png"
 delete mode 100644 "System Update/shared/images/\343\203\217\343\203\263\343\203\236\343\203\274\343\202\242\343\202\265\343\203\253\343\203\210\343\203\251\343\202\244\343\203\225\343\203\253 - \343\203\206\343\202\243\343\202\2424.png"
 delete mode 100644 "System Update/shared/images/\343\203\217\343\203\263\343\203\236\343\203\274\343\202\242\343\202\265\343\203\253\343\203\210\343\203\251\343\202\244\343\203\225\343\203\253 - \343\203\206\343\202\243\343\202\2425.png"
 delete mode 100644 "System Update/shared/images/\343\203\220\343\203\212\343\203\212 - \343\203\206\343\202\243\343\202\2421.png"
 delete mode 100644 "System Update/shared/images/\343\203\220\343\203\255\343\203\263\343\201\256\343\203\200\343\203\226\343\203\253\343\203\200\343\202\246\343\203\263\343\203\224\343\202\271\343\203\210\343\203\253 - \343\203\206\343\202\243\343\202\2427.png"
 delete mode 100644 "System Update/shared/images/\343\203\222\343\203\245\343\203\274\343\203\236\343\203\263 \343\203\223\343\203\253\343\201\256\343\202\242\343\203\274\343\202\257\343\203\273\343\203\251\343\202\244\343\203\210\343\203\213\343\203\263\343\202\260\343\202\254\343\203\263 - \343\203\206\343\202\243\343\202\2427.png"
 delete mode 100644 "System Update/shared/images/\343\203\223\343\203\203\343\202\260\343\203\226\343\203\203\343\202\267\343\203\245\343\203\234\343\203\240 - \343\203\206\343\202\243\343\202\2423.png"
 delete mode 100644 "System Update/shared/images/\343\203\224\343\202\266\343\203\221\343\203\274\343\203\206\343\202\243\343\203\274 - \343\203\206\343\202\243\343\202\2424.png"
 delete mode 100644 "System Update/shared/images/\343\203\224\343\203\263\343\203\235\343\202\244\343\203\263\343\203\210 \343\202\242\343\202\244\343\202\242\343\203\263\343\203\235\343\203\263\343\203\227\343\202\267\343\203\247\343\203\203\343\203\210\343\202\254\343\203\263 - \343\203\206\343\202\243\343\202\2427.png"
 delete mode 100644 "System Update/shared/images/\343\203\225\343\202\243\343\203\203\343\202\267\343\203\263\343\202\260\343\203\225\343\203\203\343\202\257 - \343\203\206\343\202\243\343\202\2421.png"
 delete mode 100644 "System Update/shared/images/\343\203\225\343\203\245\343\203\274\343\203\252\343\203\274 \343\202\242\343\202\265\343\203\253\343\203\210\343\203\251\343\202\244\343\203\225\343\203\253 - \343\203\206\343\202\243\343\202\2422.png"
 delete mode 100644 "System Update/shared/images/\343\203\225\343\203\245\343\203\274\343\203\252\343\203\274 \343\202\242\343\202\265\343\203\253\343\203\210\343\203\251\343\202\244\343\203\225\343\203\253 - \343\203\206\343\202\243\343\202\2423.png"
 delete mode 100644 "System Update/shared/images/\343\203\225\343\203\245\343\203\274\343\203\252\343\203\274 \343\202\242\343\202\265\343\203\253\343\203\210\343\203\251\343\202\244\343\203\225\343\203\253 - \343\203\206\343\202\243\343\202\2424.png"
 delete mode 100644 "System Update/shared/images/\343\203\225\343\203\245\343\203\274\343\203\252\343\203\274 \343\202\242\343\202\265\343\203\253\343\203\210\343\203\251\343\202\244\343\203\225\343\203\253 - \343\203\206\343\202\243\343\202\2425.png"
 delete mode 100644 "System Update/shared/images/\343\203\225\343\203\251\343\203\203\343\203\227\343\202\270\343\203\243\343\203\203\343\202\257\343\203\251\343\202\244\343\203\225\343\203\253 - \343\203\206\343\202\243\343\202\2423.png"
 delete mode 100644 "System Update/shared/images/\343\203\225\343\203\251\343\203\203\343\203\227\343\202\270\343\203\243\343\203\203\343\202\257\343\203\251\343\202\244\343\203\225\343\203\253 - \343\203\206\343\202\243\343\202\2424.png"
 delete mode 100644 "System Update/shared/images/\343\203\225\343\203\251\343\203\203\343\203\227\343\202\270\343\203\243\343\203\203\343\202\257\343\203\251\343\202\244\343\203\225\343\203\253 - \343\203\206\343\202\243\343\202\2425.png"
 delete mode 100644 "System Update/shared/images/\343\203\225\343\203\254\343\203\203\343\202\257\343\202\271 \343\202\265\343\203\226\343\203\236\343\202\267\343\203\263\343\202\254\343\203\263 - \343\203\206\343\202\243\343\202\2421.png"
 delete mode 100644 "System Update/shared/images/\343\203\225\343\203\254\343\203\203\343\202\257\343\202\271 \343\202\265\343\203\226\343\203\236\343\202\267\343\203\263\343\202\254\343\203\263 - \343\203\206\343\202\243\343\202\2422.png"
 delete mode 100644 "System Update/shared/images/\343\203\225\343\203\254\343\203\203\343\202\257\343\202\271 \343\202\265\343\203\226\343\203\236\343\202\267\343\203\263\343\202\254\343\203\263 - \343\203\206\343\202\243\343\202\2423.png"
 delete mode 100644 "System Update/shared/images/\343\203\225\343\203\254\343\203\203\343\202\257\343\202\271 \343\202\265\343\203\226\343\203\236\343\202\267\343\203\263\343\202\254\343\203\263 - \343\203\206\343\202\243\343\202\2424.png"
 delete mode 100644 "System Update/shared/images/\343\203\225\343\203\254\343\203\203\343\202\257\343\202\271 \343\202\265\343\203\226\343\203\236\343\202\267\343\203\263\343\202\254\343\203\263 - \343\203\206\343\202\243\343\202\2425.png"
 delete mode 100644 "System Update/shared/images/\343\203\225\343\203\254\343\203\203\343\202\257\343\202\271 \343\202\265\343\203\226\343\203\236\343\202\267\343\203\263\343\202\254\343\203\263 - \343\203\206\343\202\243\343\202\2427.png"
 delete mode 100644 "System Update/shared/images/\343\203\225\343\203\255\343\203\203\343\203\221\343\203\274 - \343\203\206\343\202\243\343\202\2422.png"
 delete mode 100644 "System Update/shared/images/\343\203\225\343\203\255\343\203\274\343\203\231\343\203\252\343\203\274\343\203\273\343\203\225\343\202\243\343\202\272 - \343\203\206\343\202\243\343\202\2423.png"
 delete mode 100644 "System Update/shared/images/\343\203\226\343\203\253\343\203\274\343\202\277\343\202\271\343\201\256\343\203\204\343\202\244\343\203\263\343\203\217\343\203\263\343\203\236\343\203\274\343\202\267\343\203\247\343\203\203\343\203\210\343\202\254\343\203\263 - \343\203\206\343\202\243\343\202\2427.png"
 delete mode 100644 "System Update/shared/images/\343\203\226\343\203\253\343\203\274\343\202\277\343\202\271\343\201\256\343\203\237\343\203\213\343\202\254\343\203\263 - \343\203\206\343\202\243\343\202\2427.png"
 delete mode 100644 "System Update/shared/images/\343\203\233\343\203\203\343\203\227\343\203\255\343\203\203\343\202\257\343\203\207\343\203\245\343\202\242\343\203\252\343\203\274 - \343\203\206\343\202\243\343\202\2426.png"
 delete mode 100644 "System Update/shared/images/\343\203\233\343\203\255\343\203\251\343\203\203\343\202\267\343\203\245 \343\202\265\343\203\226\343\203\236\343\202\267\343\203\263\343\202\254\343\203\263 - \343\203\206\343\202\243\343\202\2421.png"
 delete mode 100644 "System Update/shared/images/\343\203\233\343\203\255\343\203\251\343\203\203\343\202\267\343\203\245 \343\202\265\343\203\226\343\203\236\343\202\267\343\203\263\343\202\254\343\203\263 - \343\203\206\343\202\243\343\202\2422.png"
 delete mode 100644 "System Update/shared/images/\343\203\233\343\203\255\343\203\251\343\203\203\343\202\267\343\203\245 \343\202\265\343\203\226\343\203\236\343\202\267\343\203\263\343\202\254\343\203\263 - \343\203\206\343\202\243\343\202\2423.png"
 delete mode 100644 "System Update/shared/images/\343\203\233\343\203\255\343\203\251\343\203\203\343\202\267\343\203\245 \343\202\265\343\203\226\343\203\236\343\202\267\343\203\263\343\202\254\343\203\263 - \343\203\206\343\202\243\343\202\2424.png"
 delete mode 100644 "System Update/shared/images/\343\203\233\343\203\255\343\203\251\343\203\203\343\202\267\343\203\245 \343\202\265\343\203\226\343\203\236\343\202\267\343\203\263\343\202\254\343\203\263 - \343\203\206\343\202\243\343\202\2425.png"
 delete mode 100644 "System Update/shared/images/\343\203\235\343\203\263\343\203\227\343\202\267\343\203\247\343\203\203\343\203\210\343\202\254\343\203\263 - \343\203\206\343\202\243\343\202\2424.png"
 delete mode 100644 "System Update/shared/images/\343\203\236\343\202\244\343\203\200\343\202\271\343\201\256\343\202\256\343\203\253\343\203\207\343\203\203\343\203\211\343\202\242\343\202\244\343\203\211\343\203\251\343\203\240\343\202\254\343\203\263 - \343\203\206\343\202\243\343\202\2427.png"
 delete mode 100644 "System Update/shared/images/\343\203\236\343\202\244\343\203\200\343\202\271\343\201\256\343\203\211\343\203\251\343\203\240\343\202\254\343\203\263 - \343\203\206\343\202\243\343\202\2427.png"
 delete mode 100644 "System Update/shared/images/\343\203\237\343\202\267\343\203\203\343\202\257\343\202\264\343\203\274\343\203\253\343\203\211\343\203\225\343\202\243\343\203\203\343\202\267\343\203\245 - \343\203\206\343\202\243\343\202\2427.png"
 delete mode 100644 "System Update/shared/images/\343\203\237\343\203\213\343\202\254\343\203\263 - \343\203\206\343\202\243\343\202\2423.png"
 delete mode 100644 "System Update/shared/images/\343\203\237\343\203\213\343\202\254\343\203\263 - \343\203\206\343\202\243\343\202\2424.png"
 delete mode 100644 "System Update/shared/images/\343\203\237\343\203\213\343\202\267\343\203\274\343\203\253\343\203\211\343\203\235\343\203\274\343\202\267\343\203\247\343\203\263 - \343\203\206\343\202\243\343\202\2422.png"
 delete mode 100644 "System Update/shared/images/\343\203\241\343\202\244\343\203\264\343\202\241\343\203\263 \343\202\252\343\203\274\343\203\210\343\202\267\343\203\247\343\203\203\343\203\210\343\202\254\343\203\263 - \343\203\206\343\202\243\343\202\2422.png"
 delete mode 100644 "System Update/shared/images/\343\203\241\343\202\244\343\203\264\343\202\241\343\203\263 \343\202\252\343\203\274\343\203\210\343\202\267\343\203\247\343\203\203\343\203\210\343\202\254\343\203\263 - \343\203\206\343\202\243\343\202\2423.png"
 delete mode 100644 "System Update/shared/images/\343\203\241\343\202\244\343\203\264\343\202\241\343\203\263 \343\202\252\343\203\274\343\203\210\343\202\267\343\203\247\343\203\203\343\203\210\343\202\254\343\203\263 - \343\203\206\343\202\243\343\202\2424.png"
 delete mode 100644 "System Update/shared/images/\343\203\241\343\202\244\343\203\264\343\202\241\343\203\263 \343\202\252\343\203\274\343\203\210\343\202\267\343\203\247\343\203\203\343\203\210\343\202\254\343\203\263 - \343\203\206\343\202\243\343\202\2425.png"
 delete mode 100644 "System Update/shared/images/\343\203\242\343\203\253\343\203\225\343\202\241\343\202\244\343\203\210\343\203\273\343\202\242\343\202\265\343\203\253\343\203\210\343\203\251\343\202\244\343\203\225\343\203\253 - \343\203\206\343\202\243\343\202\2422.png"
 delete mode 100644 "System Update/shared/images/\343\203\242\343\203\253\343\203\225\343\202\241\343\202\244\343\203\210\343\203\273\343\202\242\343\202\265\343\203\253\343\203\210\343\203\251\343\202\244\343\203\225\343\203\253 - \343\203\206\343\202\243\343\202\2423.png"
 delete mode 100644 "System Update/shared/images/\343\203\242\343\203\253\343\203\225\343\202\241\343\202\244\343\203\210\343\203\273\343\202\242\343\202\265\343\203\253\343\203\210\343\203\251\343\202\244\343\203\225\343\203\253 - \343\203\206\343\202\243\343\202\2424.png"
 delete mode 100644 "System Update/shared/images/\343\203\242\343\203\253\343\203\225\343\202\241\343\202\244\343\203\210\343\203\273\343\202\265\343\203\226\343\203\236\343\202\267\343\203\263\343\202\254\343\203\263 - \343\203\206\343\202\243\343\202\2422.png"
 delete mode 100644 "System Update/shared/images/\343\203\242\343\203\253\343\203\225\343\202\241\343\202\244\343\203\210\343\203\273\343\202\265\343\203\226\343\203\236\343\202\267\343\203\263\343\202\254\343\203\263 - \343\203\206\343\202\243\343\202\2423.png"
 delete mode 100644 "System Update/shared/images/\343\203\242\343\203\253\343\203\225\343\202\241\343\202\244\343\203\210\343\203\273\343\202\265\343\203\226\343\203\236\343\202\267\343\203\263\343\202\254\343\203\263 - \343\203\206\343\202\243\343\202\2424.png"
 delete mode 100644 "System Update/shared/images/\343\203\242\343\203\253\343\203\225\343\202\241\343\202\244\343\203\210\343\203\273\343\202\277\343\202\257\343\203\206\343\202\243\343\202\253\343\203\253\343\202\267\343\203\247\343\203\203\343\203\210\343\202\254\343\203\263 - \343\203\206\343\202\243\343\202\2422.png"
 delete mode 100644 "System Update/shared/images/\343\203\242\343\203\253\343\203\225\343\202\241\343\202\244\343\203\210\343\203\273\343\202\277\343\202\257\343\203\206\343\202\243\343\202\253\343\203\253\343\202\267\343\203\247\343\203\203\343\203\210\343\202\254\343\203\263 - \343\203\206\343\202\243\343\202\2423.png"
 delete mode 100644 "System Update/shared/images/\343\203\242\343\203\253\343\203\225\343\202\241\343\202\244\343\203\210\343\203\273\343\202\277\343\202\257\343\203\206\343\202\243\343\202\253\343\203\253\343\202\267\343\203\247\343\203\203\343\203\210\343\202\254\343\203\263 - \343\203\206\343\202\243\343\202\2424.png"
 delete mode 100644 "System Update/shared/images/\343\203\242\343\203\253\343\203\225\343\202\241\343\202\244\343\203\210\343\203\273\343\203\217\343\203\263\343\203\211\343\202\255\343\203\243\343\203\216\343\203\263 - \343\203\206\343\202\243\343\202\2423.png"
 delete mode 100644 "System Update/shared/images/\343\203\242\343\203\253\343\203\225\343\202\241\343\202\244\343\203\210\343\203\273\343\203\217\343\203\263\343\203\211\343\202\255\343\203\243\343\203\216\343\203\263 - \343\203\206\343\202\243\343\202\2424.png"
 delete mode 100644 "System Update/shared/images/\343\203\242\343\203\253\343\203\225\343\202\241\343\202\244\343\203\210\343\203\273\343\203\230\343\203\223\343\203\274\343\202\242\343\202\265\343\203\253\343\203\210\343\203\251\343\202\244\343\203\225\343\203\253 - \343\203\206\343\202\243\343\202\2422.png"
 delete mode 100644 "System Update/shared/images/\343\203\242\343\203\253\343\203\225\343\202\241\343\202\244\343\203\210\343\203\273\343\203\230\343\203\223\343\203\274\343\202\242\343\202\265\343\203\253\343\203\210\343\203\251\343\202\244\343\203\225\343\203\253 - \343\203\206\343\202\243\343\202\2423.png"
 delete mode 100644 "System Update/shared/images/\343\203\242\343\203\253\343\203\225\343\202\241\343\202\244\343\203\210\343\203\273\343\203\235\343\203\263\343\203\227\343\202\267\343\203\247\343\203\203\343\203\210\343\202\254\343\203\263 - \343\203\206\343\202\243\343\202\2422.png"
 delete mode 100644 "System Update/shared/images/\343\203\242\343\203\253\343\203\225\343\202\241\343\202\244\343\203\210\343\203\273\343\203\235\343\203\263\343\203\227\343\202\267\343\203\247\343\203\203\343\203\210\343\202\254\343\203\263 - \343\203\206\343\202\243\343\202\2423.png"
 delete mode 100644 "System Update/shared/images/\343\203\242\343\203\253\343\203\225\343\202\241\343\202\244\343\203\210\343\203\273\343\203\235\343\203\263\343\203\227\343\202\267\343\203\247\343\203\203\343\203\210\343\202\254\343\203\263 - \343\203\206\343\202\243\343\202\2424.png"
 delete mode 100644 "System Update/shared/images/\343\203\242\343\203\263\343\202\277\343\202\256\343\203\245\343\203\274\343\201\256\343\202\250\343\203\263\343\203\225\343\202\251\343\203\274\343\202\265\343\203\274 \343\202\242\343\202\265\343\203\253\343\203\210\343\203\251\343\202\244\343\203\225\343\203\253 - \343\203\206\343\202\243\343\202\2427.png"
 delete mode 100644 "System Update/shared/images/\343\203\252\343\203\263\343\202\260\343\203\236\343\202\271\343\202\277\343\203\274\343\201\256\343\203\226\343\203\274\343\203\240\343\203\234\343\203\253\343\203\210 - \343\203\206\343\202\243\343\202\2427.png"
 delete mode 100644 "System Update/shared/images/\343\203\252\343\203\263\343\202\264 - \343\203\206\343\202\243\343\202\2421.png"
 delete mode 100644 "System Update/shared/images/\343\203\254\343\203\203\343\202\253\343\203\274\343\203\252\343\203\234\343\203\253\343\203\220\343\203\274 - \343\203\206\343\202\243\343\202\2422.png"
 delete mode 100644 "System Update/shared/images/\343\203\254\343\203\203\343\202\253\343\203\274\343\203\252\343\203\234\343\203\253\343\203\220\343\203\274 - \343\203\206\343\202\243\343\202\2423.png"
 delete mode 100644 "System Update/shared/images/\343\203\254\343\203\203\343\202\253\343\203\274\343\203\252\343\203\234\343\203\253\343\203\220\343\203\274 - \343\203\206\343\202\243\343\202\2424.png"
 delete mode 100644 "System Update/shared/images/\343\203\254\343\203\203\343\202\253\343\203\274\343\203\252\343\203\234\343\203\253\343\203\220\343\203\274 - \343\203\206\343\202\243\343\202\2425.png"
 delete mode 100644 "System Update/shared/images/\343\203\254\343\203\203\343\203\211\343\202\271\343\203\224\343\203\203\343\202\277\343\203\2743000 - \343\203\206\343\202\243\343\202\2424.png"
 delete mode 100644 "System Update/shared/images/\343\203\254\343\203\203\343\203\211\343\202\271\343\203\224\343\203\203\343\202\277\343\203\2743000 - \343\203\206\343\202\243\343\202\2427.png"
 delete mode 100644 "System Update/shared/images/\343\203\254\343\203\220\343\203\274\343\202\242\343\202\257\343\202\267\343\203\247\343\203\263\343\202\267\343\203\247\343\203\203\343\203\210\343\202\254\343\203\263 - \343\203\206\343\202\243\343\202\2423.png"
 delete mode 100644 "System Update/shared/images/\343\203\254\343\203\220\343\203\274\343\202\242\343\202\257\343\202\267\343\203\247\343\203\263\343\202\267\343\203\247\343\203\203\343\203\210\343\202\254\343\203\263 - \343\203\206\343\202\243\343\202\2424.png"
 delete mode 100644 "System Update/shared/images/\343\203\254\343\203\263\343\202\270\343\203\243\343\203\274\343\202\267\343\203\247\343\203\203\343\203\210\343\202\254\343\203\263 - \343\203\206\343\202\243\343\202\2422.png"
 delete mode 100644 "System Update/shared/images/\343\203\254\343\203\263\343\202\270\343\203\243\343\203\274\343\202\267\343\203\247\343\203\203\343\203\210\343\202\254\343\203\263 - \343\203\206\343\202\243\343\202\2423.png"
 delete mode 100644 "System Update/shared/images/\343\203\254\343\203\263\343\202\270\343\203\243\343\203\274\343\202\267\343\203\247\343\203\203\343\203\210\343\202\254\343\203\263 - \343\203\206\343\202\243\343\202\2424.png"
 delete mode 100644 "System Update/shared/images/\343\203\254\343\203\263\343\202\270\343\203\243\343\203\274\343\202\267\343\203\247\343\203\203\343\203\210\343\202\254\343\203\263 - \343\203\206\343\202\243\343\202\2425.png"
 delete mode 100644 "System Update/shared/images/\343\203\255\343\202\261\343\203\203\343\203\210\343\203\251\343\203\263\343\203\201\343\203\243\343\203\274    - \343\203\206\343\202\243\343\202\2423.png"
 delete mode 100644 "System Update/shared/images/\343\203\255\343\202\261\343\203\203\343\203\210\343\203\251\343\203\263\343\203\201\343\203\243\343\203\274    - \343\203\206\343\202\243\343\202\2424.png"
 delete mode 100644 "System Update/shared/images/\343\203\255\343\202\261\343\203\203\343\203\210\343\203\251\343\203\263\343\203\201\343\203\243\343\203\274    - \343\203\206\343\202\243\343\202\2425.png"
 delete mode 100644 "System Update/shared/images/\343\203\255\343\203\274\343\203\254\343\202\271 \343\202\242\343\202\257\343\202\273\343\203\251\343\203\251\343\203\263\343\203\210 \343\203\233\343\203\255\343\203\204\343\202\244\343\202\271\343\202\277\343\203\274 \343\202\242\343\202\265\343\203\253\343\203\210\343\203\251\343\202\244\343\203\225\343\203\253 - \343\203\206\343\202\243\343\202\2426.png"
 delete mode 100644 "System Update/shared/images/\343\203\255\343\203\274\343\203\254\343\202\271 \343\202\250\343\202\257\343\202\271\343\203\227\343\203\255\343\203\274\343\202\267\343\203\226 \343\203\236\343\203\263\343\203\242\343\202\271\343\203\224\343\202\271\343\203\210\343\203\253 - \343\203\206\343\202\243\343\202\2426.png"
 delete mode 100644 "System Update/shared/images/\343\203\255\343\203\274\343\203\254\343\202\271 \343\202\267\343\203\247\343\203\203\343\202\257\343\202\246\343\202\247\343\203\274\343\203\226\343\203\255\343\202\261\343\203\203\343\203\210\343\203\251\343\203\263\343\203\201\343\203\243\343\203\274 - \343\203\206\343\202\243\343\202\2426.png"
 delete mode 100644 "System Update/shared/images/\343\203\255\343\203\274\343\203\254\343\202\271 \343\202\271\343\203\206\343\202\243\343\203\263\343\202\257\343\203\251\343\202\244\343\203\225\343\203\253 - \343\203\206\343\202\243\343\202\2426.png"
 delete mode 100644 "System Update/shared/images/\343\203\255\343\203\274\343\203\254\343\202\271 \343\202\271\343\203\251\343\203\203\343\203\227\343\202\255\343\203\243\343\203\216\343\203\263 - \343\203\206\343\202\243\343\202\2426.png"
 delete mode 100644 "System Update/shared/images/\343\203\255\343\203\274\343\203\254\343\202\271 \343\202\271\343\203\251\343\203\203\343\203\227\343\202\270\343\203\243\343\202\260 - \343\203\206\343\202\243\343\202\2426.png"
 delete mode 100644 "System Update/shared/images/\343\203\255\343\203\274\343\203\254\343\202\271 \343\203\204\343\202\244\343\203\263\343\203\225\343\202\241\343\202\244\343\202\242 \343\202\271\343\203\251\343\203\203\343\203\227\343\202\267\343\203\247\343\203\203\343\203\210\343\202\254\343\203\263 - \343\203\206\343\202\243\343\202\2426.png"
 delete mode 100644 "System Update/shared/images/\343\203\255\343\203\274\343\203\254\343\202\271 \343\203\210\343\203\252\343\203\213\343\203\206\343\202\243\343\202\242\343\202\265\343\203\253\343\203\210\343\203\251\343\202\244\343\203\225\343\203\253 - \343\203\206\343\202\243\343\202\2426.png"
 delete mode 100644 "System Update/shared/images/\343\203\255\343\203\274\343\203\254\343\202\271 \343\203\230\343\203\223\343\203\274\343\202\244\343\203\263\343\203\221\343\202\257\343\203\210 \343\203\210\343\203\251\343\203\203\343\202\255\343\203\263\343\202\260\343\203\251\343\202\244\343\203\225\343\203\253 - \343\203\206\343\202\243\343\202\2426.png"
 delete mode 100644 "System Update/shared/images/\343\203\264\343\202\241\343\203\254\343\203\252\343\202\242\343\201\256\343\203\217\343\202\244\343\203\221\343\203\274\343\202\265\343\203\226\343\203\236\343\202\267\343\203\263\343\202\254\343\203\263 - \343\203\206\343\202\243\343\202\2427.png"
 delete mode 100644 "System Update/shared/images/\343\203\264\343\202\247\343\203\263\343\202\270\343\203\225\343\203\253\343\202\271\343\203\212\343\202\244\343\203\221\343\203\274\343\203\251\343\202\244\343\203\225\343\203\253 - \343\203\206\343\202\243\343\202\2423.png"
 delete mode 100644 "System Update/shared/images/\343\203\264\343\202\247\343\203\263\343\202\270\343\203\225\343\203\253\343\202\271\343\203\212\343\202\244\343\203\221\343\203\274\343\203\251\343\202\244\343\203\225\343\203\253 - \343\203\206\343\202\243\343\202\2424.png"
 delete mode 100644 "System Update/shared/images/\343\203\264\343\202\247\343\203\263\343\202\270\343\203\225\343\203\253\343\202\271\343\203\212\343\202\244\343\203\221\343\203\274\343\203\251\343\202\244\343\203\225\343\203\253 - \343\203\206\343\202\243\343\202\2425.png"
 delete mode 100644 "System Update/shared/images/\345\214\205\345\270\257 - \343\203\206\343\202\243\343\202\2421.png"
 delete mode 100644 "System Update/shared/images/\345\214\273\347\231\202\343\202\255\343\203\203\343\203\210 - \343\203\206\343\202\243\343\202\2422.png"
 delete mode 100644 "System Update/shared/images/\345\214\273\347\231\202\343\203\237\343\202\271\343\203\210 \343\202\271\343\203\242\343\203\274\343\202\257\343\202\260\343\203\254\343\203\215\343\203\274\343\203\211 - \343\203\206\343\202\243\343\202\2423.png"
 delete mode 100644 "System Update/shared/images/\345\274\267\345\214\226\345\236\213\343\202\242\343\202\246\343\203\210\343\203\255\343\203\274\343\202\267\343\203\247\343\203\203\343\203\210\343\202\254\343\203\263 - \343\203\206\343\202\243\343\202\2427.png"
 delete mode 100644 "System Update/shared/images/\345\274\267\345\214\226\345\236\213\343\202\250\343\203\263\343\203\225\343\202\251\343\203\274\343\202\265\343\203\274 \343\202\242\343\202\265\343\203\253\343\203\210\343\203\251\343\202\244\343\203\225\343\203\253 - \343\203\206\343\202\243\343\202\2427.png"
 delete mode 100644 "System Update/shared/images/\345\274\267\345\214\226\345\236\213\343\202\252\343\203\213 \343\202\267\343\203\247\343\203\203\343\203\210\343\202\254\343\203\263 - \343\203\206\343\202\243\343\202\2427.png"
 delete mode 100644 "System Update/shared/images/\345\274\267\345\214\226\345\236\213\343\202\265\343\203\274\343\202\270\343\203\225\343\202\241\343\202\244\343\202\242SMG - \343\203\206\343\202\243\343\202\2427.png"
 delete mode 100644 "System Update/shared/images/\345\274\267\345\214\226\345\236\213\343\202\271\343\203\210\343\203\251\343\202\244\343\202\253\343\203\274\343\203\220\343\203\274\343\202\271\343\203\210\343\203\251\343\202\244\343\203\225\343\203\253 - \343\203\206\343\202\243\343\202\2427.png"
 delete mode 100644 "System Update/shared/images/\345\274\267\345\214\226\345\236\213\343\202\271\343\203\221\343\202\244\343\202\242\343\203\273\343\203\251\343\202\244\343\203\225\343\203\253 - \343\203\206\343\202\243\343\202\2427.png"
 delete mode 100644 "System Update/shared/images/\345\274\267\345\214\226\345\236\213\343\202\273\343\203\263\343\203\201\343\203\215\343\203\253 \343\203\235\343\203\263\343\203\227\343\202\267\343\203\247\343\203\203\343\203\210\343\202\254\343\203\263 - \343\203\206\343\202\243\343\202\2427.png"
 delete mode 100644 "System Update/shared/images/\345\274\267\345\214\226\345\236\213\343\203\204\343\202\244\343\203\263\343\203\225\343\202\241\343\202\244\343\202\242 \343\202\252\343\203\274\343\203\210\343\202\267\343\203\247\343\203\203\343\203\210\343\202\254\343\203\263 - \343\203\206\343\202\243\343\202\2427.png"
 delete mode 100644 "System Update/shared/images/\345\274\267\345\214\226\345\236\213\343\203\217\343\202\244\343\203\221\343\203\274\343\203\220\343\203\274\343\202\271\343\203\210\343\203\273\343\203\224\343\202\271\343\203\210\343\203\253 - \343\203\206\343\202\243\343\202\2427.png"
 delete mode 100644 "System Update/shared/images/\345\274\267\345\214\226\345\236\213\343\203\225\343\203\245\343\203\274\343\203\252\343\203\274 \343\202\242\343\202\265\343\203\253\343\203\210\343\203\251\343\202\244\343\203\225\343\203\253 - \343\203\206\343\202\243\343\202\2427.png"
 delete mode 100644 "System Update/shared/images/\345\274\267\345\214\226\345\236\213\343\203\233\343\203\255\343\203\204\343\202\244\343\202\271\343\202\277\343\203\274 \343\202\242\343\202\265\343\203\253\343\203\210\343\203\251\343\202\244\343\203\225\343\203\253 - \343\203\206\343\202\243\343\202\2427.png"
 delete mode 100644 "System Update/shared/images/\345\274\267\345\214\226\345\236\213\343\203\254\343\203\203\343\202\253\343\203\274\343\203\252\343\203\234\343\203\253\343\203\220\343\203\274 - \343\203\206\343\202\243\343\202\2427.png"
 delete mode 100644 "System Update/shared/images/\345\274\276\350\226\254_ \343\203\255\343\202\261\343\203\203\343\203\210\345\274\276 - \343\203\206\343\202\243\343\202\2421.png"
 delete mode 100644 "System Update/shared/images/\345\274\276\350\226\254_ \344\270\255\345\217\243\345\276\204\345\274\276 - \343\203\206\343\202\243\343\202\2421.png"
 delete mode 100644 "System Update/shared/images/\345\274\276\350\226\254_ \345\244\247\345\217\243\345\276\204\345\274\276 - \343\203\206\343\202\243\343\202\2421.png"
 delete mode 100644 "System Update/shared/images/\345\274\276\350\226\254_ \345\260\217\345\217\243\345\276\204\345\274\276 - \343\203\206\343\202\243\343\202\2421.png"
 delete mode 100644 "System Update/shared/images/\345\274\276\350\226\254_ \346\225\243\345\274\276 - \343\203\206\343\202\243\343\202\2421.png"
 delete mode 100644 "System Update/shared/images/\346\234\250\346\235\220 - \343\203\206\343\202\243\343\202\2421.png"
 delete mode 100644 "System Update/shared/images/\347\216\213\350\200\205\343\202\250\343\202\244\343\202\270\343\203\254\343\202\271\343\201\256\343\202\267\343\203\247\343\203\203\343\202\257\343\202\246\343\202\247\343\203\274\343\203\226\343\203\217\343\203\263\343\203\236\343\203\274 - \343\203\206\343\202\243\343\202\2427.png"
 delete mode 100644 "System Update/shared/images/\347\234\237\345\256\237\343\201\256\346\235\226 - \343\203\206\343\202\243\343\202\2427.png"
 delete mode 100644 "System Update/shared/images/\347\237\263\346\235\220 - \343\203\206\343\202\243\343\202\2421.png"
 delete mode 100644 "System Update/shared/images/\347\240\264\343\202\211\343\202\214\343\201\237\350\252\223\343\201\204\343\201\256\345\210\200 - \343\203\206\343\202\243\343\202\2425.png"
 delete mode 100644 "System Update/shared/images/\347\245\236\343\200\205\343\201\256\343\203\220\343\203\212\343\203\212 - \343\203\206\343\202\243\343\202\2425.png"
 delete mode 100644 "System Update/shared/images/\351\207\221\345\261\236 - \343\203\206\343\202\243\343\202\2421.png"
 create mode 100644 "System Update/\346\210\246\345\210\251\345\223\201\343\203\207\343\203\274\343\202\277/BR/BR_LootData_2026-01-23_21-10.json"
2026-01-23 21:11:15 | WARNING | git push stderr: To https://github.com/Greenfox0833/New-Loot.git
   15ff2fa..398bb8a  main -> main
2026-01-23 21:11:15 | INFO | ✓ GitHub Push 完了
2026-01-23 21:11:15 | INFO | ===== BR: pipeline end =====
