2026-04-29 08:04:50 | INFO | log file: E:\フォートナイト\Picture\Loot Pool\TEST4\New Loot\System Update\BR\output\logs\pipeline_2026-04-29_08-04-50.log
2026-04-29 08:04:50 | INFO | ===== BR: pipeline start =====
2026-04-29 08:04:50 | INFO | paths: lt=E:\フォートナイト\Picture\Loot Pool\TEST4\New Loot\System Update\BR\input\AthenaLootTierData_Client__final.json lp=E:\フォートナイト\Picture\Loot Pool\TEST4\New Loot\System Update\BR\input\AthenaLootPackages_Client__final.json minlist=E:\フォートナイト\Picture\Loot Pool\TEST4\New Loot\System Update\BR\input\items_unique_min.json
2026-04-29 08:04:50 | INFO | output: summary=E:\フォートナイト\Picture\Loot Pool\TEST4\New Loot\System Update\BR\output\summary lootdata=E:\フォートナイト\Picture\Loot Pool\TEST4\New Loot\System Update\戦利品データ\BR
2026-04-29 08:04:50 | INFO | flags: hotfix=True prewarm=True image=True workers=8
2026-04-29 08:04:50 | INFO | hotfix start: E:\フォートナイト\Picture\Loot Pool\TEST4\New Loot\System Update\LootPackage.py
2026-04-29 08:04:50 | INFO | hotfix lp stdout: [STEP1-1] base e:\Fmodel\Exports\FortniteGame\Content\Items\DataTables\AthenaLootPackages_Client.json
[HOTFIX:SEASON1] target=/Game/Items/DataTables/AthenaLootPackages_Client
[HOTFIX:SEASON1] Addrow(TableUpdate) なし -> スキップ
[HOTFIX:SEASON1] done: applied=0, deleted=0, skipped=0
[STEP1-2] merge e:\Fmodel\Exports\FortniteGame\Plugins\GameFeatures\TeaCakeLoot\Content\DataTables\TeaCakeLootPackages_Client.json : replaced=428, added=1086
[HOTFIX:SEASON2] target=/TeaCakeLoot/DataTables/TeaCakeLootPackages_Client
[480] RowUpdate WorldList.ApolloLoot.Weapon.Rocket.01.Weight=0.000010 -> OK
[481] RowUpdate WorldList.ApolloLoot.Weapon.Rocket.01.CountRange=(X=1,Y=1) -> OK
[482] RowUpdate WorldList.ApolloLoot.Weapon.Rocket.01.ItemDefinition=/WeaponsUpdated/Gameplay/CombatAR/Hitscan/WID_Assault_MoonFlax_CombatAR_HS_Athena_SR.WID_Assault_MoonFlax_CombatAR_HS_Athena_SR -> OK
[486] RowUpdate WorldList.AthenaLoot.Ammo.Medium.01.CountRange=(X=36,Y=36) -> OK
[487] RowUpdate LIST_PaV_04_Boss_Weapon.01.ItemDefinition=/TeaCakeIceGauntlets/Gameplay/WID_IceGauntlets_BigBomb.WID_IceGauntlets_BigBomb -> OK
[488] RowUpdate LIST_PaV_04_Boss_Ammo.03.Weight=1.000000 -> OK
[489] RowUpdate LIST_PaV_04_Boss_Ammo.03.CountRange=(X=36,Y=36) -> OK
[490] RowUpdate LIST_PaV_04_Boss_Consume.01.Weight=0.500000 -> OK
[491] RowUpdate LIST_PaV_04_Boss_Consume.02.Weight=0.500000 -> OK
[492] RowUpdate LIST_PaV_04_Boss_Consume.03.Weight=0.000000 -> OK
[493] RowUpdate LIST_PaV_04_Boss_Consume.04.Weight=0.000000 -> OK
[534] RowUpdate PKG_DragRace_Winner.04.LootPackageCall=LIST_DragRace -> OK
[535] RowUpdate PKG_GoldenWaterfall_Weapon.04.Weight=0.600000 -> OK
[536] RowUpdate PKG_GoldenWaterfall_Weapon.04.LootPackageCall=WorldList.Weapons.Rarity.Rare -> OK
[537] RowUpdate PKG_GoldenWaterfall_Weapon.05.Weight=0.400000 -> OK
[538] RowUpdate PKG_GoldenWaterfall_Weapon.05.LootPackageCall=WorldList.Weapons.Rarity.Epic -> OK
[539] RowUpdate LIST_IceKingLieutenant_Weapon.01.ItemDefinition=/WeaponsUpdated/Gameplay/Pistol/WID_Pistol_Auto_HighTier_Athena_SR.WID_Pistol_Auto_HighTier_Athena_SR -> OK
[540] RowUpdate LIST_IceKingLieutenant_Weapon.02.ItemDefinition=/WeaponsUpdated/Gameplay/Pistol/WID_Pistol_Auto_HighTier_Athena_UR.WID_Pistol_Auto_HighTier_Athena_UR -> OK
[541] RowUpdate LIST_DeadliftRecord_Mythic.01.ItemDefinition=/DragonCartWeaponGameplay/Gameplay/DragonCart_Pump/WID_Shotgun_Pump_DragonCart_Athena_UR.WID_Shotgun_Pump_DragonCart_Athena_UR -> OK
[542] AddRow -> ADD LIST_DragRace.01
[543] RowUpdate WorldList.AthenaWadStash.Small.01.CountRange=(X=150,Y=150) -> OK
[544] RowUpdate WorldList.AthenaWadStash.Small.02.CountRange=(X=200,Y=200) -> OK
[545] RowUpdate WorldList.AthenaWadStash.Small.03.CountRange=(X=275,Y=275) -> OK
[546] RowUpdate WorldList.AthenaWadStash.Small.04.CountRange=(X=400,Y=400) -> OK
[547] RowUpdate WorldList.AthenaWadStash.Large.01.CountRange=(X=750,Y=750) -> OK
[548] RowUpdate WorldList.AthenaWadChests.01.CountRange=(X=50,Y=50) -> OK
[549] RowUpdate WorldList.AthenaWadChests.02.CountRange=(X=80,Y=80) -> OK
[550] RowUpdate WorldList.AthenaWadChests.03.CountRange=(X=100,Y=100) -> OK
[551] RowUpdate WorldList.FlopperDefault.Light.01.CountRange=(X=150,Y=150) -> OK
[552] RowUpdate WorldList.FlopperHigh.Light.01.CountRange=(X=150,Y=150) -> OK
[553] RowUpdate WorldList.FlopperHigh.Consumables.03.CountRange=(X=150,Y=150) -> OK
[554] RowUpdate WorldList.FlopperBetter.Light.01.CountRange=(X=150,Y=150) -> OK
[555] RowUpdate WorldList.FlopperBetter.Shell.01.CountRange=(X=150,Y=150) -> OK
[556] RowUpdate WorldList.FlopperBetter.Medium.18.CountRange=(X=150,Y=150) -> OK
[557] RowUpdate LIST_BountyBoard_Gold.01.CountRange=(X=1000,Y=1000) -> OK
[650] RowUpdate WorldList.AthenaHighConsumables.Healing.08.Weight=0.040000 -> OK
[651] RowUpdate WorldList.AthenaConsumables.Healing.08.Weight=0.010000 -> OK
[653] RowUpdate LIST_Llamanamoly.05.ItemDefinition=/RiftGauntletsGameplay/Items/WID_RiftGauntlets.WID_RiftGauntlets -> OK
[794] RowUpdate WorldList.AthenaHighConsumables.14.Weight=0.000000 -> OK
[795] RowUpdate WorldList.AthenaHighConsumablesRare.14.Weight=0.000000 -> OK
[796] RowUpdate WorldList.AthenaSupplyDropConsumables.13.Weight=0.000000 -> OK
[797] RowUpdate WorldList.AthenaConsumables.14.Weight=0.000000 -> OK
[882] RowUpdate LIST_Boss_Zadie_Weapon.01.ItemDefinition=/PaprikaCoreWeapons/Items/Weapons/PaprikaAR_Heavy/HitscanWIDs/WID_Assault_Paprika_Heavy_Athena_HS_SR.WID_Assault_Paprika_Heavy_Athena_HS_SR -> SKIP(no row)
[883] RowUpdate LIST_Boss_Zadie_Weapon.02.ItemDefinition=/PaprikaCoreWeapons/Items/Weapons/PaprikaAR_Heavy/HitscanWIDs/WID_Assault_Paprika_Heavy_Athena_HS_UR.WID_Assault_Paprika_Heavy_Athena_HS_UR -> SKIP(no row)
[HOTFIX:SEASON2] done: applied=42, deleted=0, skipped=2
[WRITE] final -> E:\フォートナイト\Picture\Loot Pool\TEST4\New Loot\System Update\BR\input\AthenaLootPackages_Client__final.json
[WRITE] per-input -> E:\フォートナイト\Picture\Loot Pool\TEST4\New Loot\System Update\BR\input\TeaCakeLootPackages_Client__final.json
2026-04-29 08:04:50 | INFO | hotfix start: E:\フォートナイト\Picture\Loot Pool\TEST4\New Loot\System Update\LootTier.py
2026-04-29 08:04:50 | INFO | hotfix lt stdout: [STEP1-1] base e:\Fmodel\Exports\FortniteGame\Content\Items\DataTables\AthenaLootTierData_Client.json
[HOTFIX:SEASON1] target=/Game/Items/DataTables/AthenaLootTierData_Client
[HOTFIX:SEASON1] done: applied=0, deleted=0, skipped=0
[STEP1-2] merge e:\Fmodel\Exports\FortniteGame\Plugins\GameFeatures\TeaCakeLoot\Content\DataTables\TeaCakeLootTierData_Client.json : replaced=1, added=120
[HOTFIX:SEASON2] target=/TeaCakeLoot/DataTables/TeaCakeLootTierData_Client
[HOTFIX:SEASON2] done: applied=0, deleted=0, skipped=0
[WRITE] final -> E:\フォートナイト\Picture\Loot Pool\TEST4\New Loot\System Update\BR\input\AthenaLootTierData_Client__final.json
[WRITE] per-input -> E:\フォートナイト\Picture\Loot Pool\TEST4\New Loot\System Update\BR\input\TeaCakeLootTierData_Client__final.json
2026-04-29 08:04:50 | INFO | ✓ Hotfix 適用完了 (0.77s)
2026-04-29 08:04:50 | INFO | load lt: E:\フォートナイト\Picture\Loot Pool\TEST4\New Loot\System Update\BR\input\AthenaLootTierData_Client__final.json
2026-04-29 08:04:50 | INFO | load lp: E:\フォートナイト\Picture\Loot Pool\TEST4\New Loot\System Update\BR\input\AthenaLootPackages_Client__final.json
2026-04-29 08:04:50 | INFO | load done (0.03s)
2026-04-29 08:04:50 | INFO | build summary start
2026-04-29 08:04:50 | INFO | build summary done (0.05s)
2026-04-29 08:04:50 | INFO | enrich summary with names start
2026-04-29 08:04:51 | INFO | enrich summary done (0.87s)
2026-04-29 08:04:51 | INFO | ✅ まとめJSONを作成: E:\フォートナイト\Picture\Loot Pool\TEST4\New Loot\System Update\BR\output\summary\v39.30_2026-04-29_08-04.json
2026-04-29 08:04:51 | INFO | build item metadata start
2026-04-29 08:05:12 | INFO | ✅ アイテム名・説明・タグJSONを更新: E:\フォートナイト\Picture\Loot Pool\TEST4\New Loot\System Update\shared\cache\BR_item_metadata.json (20.88s)
2026-04-29 08:05:12 | INFO | build BR_LootData start
2026-04-29 08:05:12 | INFO | build BR_LootData done (0.00s)
2026-04-29 08:05:12 | INFO | ✅ BR_LootData を作成: E:\フォートナイト\Picture\Loot Pool\TEST4\New Loot\System Update\戦利品データ\BR\BR_LootData_2026-04-29_08-05.json
2026-04-29 08:05:12 | INFO | ✅ Web LootPool を更新: E:\フォートナイト\Web\assets\data\Loot\BR_LootPool.json
2026-04-29 08:05:12 | INFO | LootSummary start: E:\フォートナイト\Picture\Loot Pool\TEST4\New Loot\System Update\BR\scripts\LootSummary.py
2026-04-29 08:05:13 | INFO | LootSummary stdout: 🔎 抽出用: 最新ファイル = E:\フォートナイト\Picture\Loot Pool\TEST4\New Loot\System Update\BR\output\summary\v39.30_2026-04-29_08-04.json
✅ 抽出件数: 109
💾 保存: E:\フォートナイト\Picture\Loot Pool\TEST4\New Loot\System Update\BR\input\items_unique_min.json
🔎 比較用: base   = E:\フォートナイト\Picture\Loot Pool\TEST4\New Loot\System Update\BR\output\summary\v39.30_2026-04-29_08-02.json
🔎 比較用: target = E:\フォートナイト\Picture\Loot Pool\TEST4\New Loot\System Update\BR\output\summary\v39.30_2026-04-29_08-04.json
✅ 差分作成 完了
  追加   : 0 / 削除 : 0 / 変更 : 0 / 変化なし : 109
💾 差分: E:\フォートナイト\Picture\Loot Pool\TEST4\New Loot\System Update\BR\output\history\BR_20260429_0805\items_unique_min_diff.json
2026-04-29 08:05:13 | WARNING | LootSummary stderr: E:\フォートナイト\Picture\Loot Pool\TEST4\New Loot\System Update\BR\scripts\LootSummary.py:2: SyntaxWarning: invalid escape sequence '\B'
  """
2026-04-29 08:05:13 | INFO | ✅ LootSummary 実行完了（抽出→比較） (0.44s)
2026-04-29 08:05:13 | INFO | prewarm start
2026-04-29 08:05:15 | INFO | ✅ アイコンキャッシュ プリウォーム完了 (1.80s)
2026-04-29 08:05:15 | INFO | 画像化タスク数: 109
2026-04-29 08:05:15 | INFO | 画像生成 進捗: 1/109
2026-04-29 08:05:15 | INFO | 画像生成 進捗: 50/109
2026-04-29 08:05:16 | INFO | 画像生成 進捗: 100/109
2026-04-29 08:05:17 | INFO | 画像生成 進捗: 109/109
2026-04-29 08:05:17 | INFO | ✅ 画像生成 完了（MinListベース）
2026-04-29 08:05:17 | INFO | ✅ Loot diff: 変更なし（作成スキップ）
2026-04-29 08:05:17 | INFO | git add: E:\フォートナイト\Picture\Loot Pool\TEST4\New Loot
2026-04-29 08:05:21 | INFO | git commit stdout: [main 0a8864a] BR update 2026-04-29 08:05:20
 9 files changed, 68474 insertions(+), 57 deletions(-)
 create mode 100644 System Update/BR/output/history/BR_20260429_0805/items_unique_min_diff.json
 create mode 100644 System Update/BR/output/logs/pipeline_2026-04-29_08-04-50.log
 create mode 100644 System Update/BR/output/summary/v39.30_2026-04-29_08-04.json
 create mode 100644 System Update/shared/cache/BR_item_metadata.json
 create mode 100644 "System Update/\346\210\246\345\210\251\345\223\201\343\203\207\343\203\274\343\202\277/BR/BR_LootData_2026-04-29_08-05.json"
2026-04-29 08:05:26 | WARNING | git push stderr: To https://github.com/Greenfox0833/New-Loot.git
   79ffb3e..0a8864a  main -> main
2026-04-29 08:05:26 | INFO | ✓ GitHub Push 完了
2026-04-29 08:05:26 | INFO | ===== BR: pipeline end =====
