2026-06-08 14:22:53 | INFO | log file: E:\フォートナイト\Picture\Loot Pool\TEST4\New Loot\System Update\BR\output\logs\pipeline_2026-06-08_14-22-53.log
2026-06-08 14:22:53 | INFO | ===== BR: pipeline start =====
2026-06-08 14:22:53 | INFO | paths: lt=E:\フォートナイト\Picture\Loot Pool\TEST4\New Loot\System Update\BR\input\AthenaLootTierData_Client__final.json lp=E:\フォートナイト\Picture\Loot Pool\TEST4\New Loot\System Update\BR\input\AthenaLootPackages_Client__final.json minlist=E:\フォートナイト\Picture\Loot Pool\TEST4\New Loot\System Update\BR\input\items_unique_min.json
2026-06-08 14:22:53 | INFO | output: summary=E:\フォートナイト\Picture\Loot Pool\TEST4\New Loot\System Update\BR\output\summary lootdata=E:\フォートナイト\Picture\Loot Pool\TEST4\New Loot\System Update\戦利品データ\BR
2026-06-08 14:22:53 | INFO | flags: hotfix=True prewarm=True image=True workers=8
2026-06-08 14:22:53 | INFO | hotfix start: E:\フォートナイト\Picture\Loot Pool\TEST4\New Loot\System Update\LootPackage.py
2026-06-08 14:22:53 | INFO | hotfix lp stdout: [STEP1-1] base e:\Fmodel\Exports\FortniteGame\Content\Items\DataTables\AthenaLootPackages_Client.json
[HOTFIX:SEASON1] target=/Game/Items/DataTables/AthenaLootPackages_Client
[HOTFIX:SEASON1] Addrow(TableUpdate) なし -> スキップ
[HOTFIX:SEASON1] done: applied=0, deleted=0, skipped=0
[STEP1-2] merge e:\Fmodel\Exports\FortniteGame\Plugins\GameFeatures\OrangeRemoteLoot\Content\DataTables\OrangeRemoteLootPackages_Client.json : replaced=134, added=636
[HOTFIX:SEASON2] target=/OrangeRemoteLoot/DataTables/OrangeRemoteLootPackages_Client
[1044] RowUpdate LIST_Weapons_Rare_Handgun_02.Weight=1.15 -> OK
[1045] RowUpdate LIST_Weapons_Epic_Handgun_02.Weight=1.15 -> OK
[1046] RowUpdate LIST_Weapons_Legendary_Handgun_02.Weight=1.15 -> OK
[1137] RowUpdate LIST_Chest_Consumables_Utility_03.Weight=5.500000 -> OK
[1138] RowUpdate LIST_FloorLoot_Consumables_Utility_03.Weight=1.350000 -> OK
[1172] RowUpdate LIST_FishingDefault_Consumables_Utility_02.Weight=0.070000 -> OK
[1173] RowUpdate LIST_FishingHole_Consumables_Utility_02.Weight=0.070000 -> OK
[1175] RowUpdate LIST_Chest_Consumables_Shielding_03.Weight=0.050000 -> OK
[1176] RowUpdate LIST_RareChest_Consumables_Shielding_02.Weight=0.250000 -> OK
[1551] RowUpdate LIST_Sprites_01.Weight=0.147 -> OK
[1552] RowUpdate LIST_Sprites_02.Weight=0.147 -> OK
[1553] RowUpdate LIST_Sprites_03.Weight=0.147 -> OK
[1554] RowUpdate LIST_Sprites_04.Weight=0.11 -> OK
[1555] RowUpdate LIST_Sprites_05.Weight=0.11 -> OK
[1556] RowUpdate LIST_Sprites_06.Weight=0.11 -> OK
[1557] RowUpdate LIST_Sprites_07.Weight=0.11 -> OK
[1558] RowUpdate LIST_Sprites_08.Weight=0.06 -> OK
[1559] RowUpdate LIST_Sprites_09.Weight=0.06 -> OK
[1560] RowUpdate LIST_Sprites_11.Weight=0.000005 -> OK
[HOTFIX:SEASON2] Addrow(TableUpdate) なし -> スキップ
[HOTFIX:SEASON2] done: applied=19, deleted=0, skipped=0
[WRITE] final -> E:\フォートナイト\Picture\Loot Pool\TEST4\New Loot\System Update\BR\input\AthenaLootPackages_Client__final.json
[WRITE] per-input -> E:\フォートナイト\Picture\Loot Pool\TEST4\New Loot\System Update\BR\input\OrangeRemoteLootPackages_Client__final.json
2026-06-08 14:22:53 | INFO | hotfix start: E:\フォートナイト\Picture\Loot Pool\TEST4\New Loot\System Update\LootTier.py
2026-06-08 14:22:53 | INFO | hotfix lt stdout: [STEP1-1] base e:\Fmodel\Exports\FortniteGame\Content\Items\DataTables\AthenaLootTierData_Client.json
[HOTFIX:SEASON1] target=/Game/Items/DataTables/AthenaLootTierData_Client
[HOTFIX:SEASON1] done: applied=0, deleted=0, skipped=0
[STEP1-2] merge e:\Fmodel\Exports\FortniteGame\Plugins\GameFeatures\OrangeRemoteLoot\Content\DataTables\OrangeRemoteLootTierData_Client.json : replaced=0, added=101
[HOTFIX:SEASON2] target=/OrangeRemoteLoot/DataTables/OrangeRemoteLootTierData_Client
[HOTFIX:SEASON2] done: applied=0, deleted=0, skipped=0
[WRITE] final -> E:\フォートナイト\Picture\Loot Pool\TEST4\New Loot\System Update\BR\input\AthenaLootTierData_Client__final.json
[WRITE] per-input -> E:\フォートナイト\Picture\Loot Pool\TEST4\New Loot\System Update\BR\input\OrangeRemoteLootTierData_Client__final.json
2026-06-08 14:22:53 | INFO | ✓ Hotfix 適用完了 (0.29s)
2026-06-08 14:22:53 | INFO | load lt: E:\フォートナイト\Picture\Loot Pool\TEST4\New Loot\System Update\BR\input\AthenaLootTierData_Client__final.json
2026-06-08 14:22:53 | INFO | load lp: E:\フォートナイト\Picture\Loot Pool\TEST4\New Loot\System Update\BR\input\AthenaLootPackages_Client__final.json
2026-06-08 14:22:53 | INFO | load done (0.02s)
2026-06-08 14:22:53 | INFO | build summary start
2026-06-08 14:22:53 | INFO | build summary done (0.03s)
2026-06-08 14:22:53 | INFO | enrich summary with names start
2026-06-08 14:22:53 | INFO | enrich summary done (0.00s)
2026-06-08 14:22:53 | INFO | ✅ まとめJSONを作成: E:\フォートナイト\Picture\Loot Pool\TEST4\New Loot\System Update\BR\output\summary\v39.30_2026-06-08_14-22.json
2026-06-08 14:22:53 | INFO | build item metadata start
2026-06-08 14:22:53 | INFO | ✅ アイテム名・説明・タグJSONを更新: E:\フォートナイト\Picture\Loot Pool\TEST4\New Loot\System Update\shared\cache\item_metadata.json (0.04s)
2026-06-08 14:22:53 | INFO | build BR_LootData start
2026-06-08 14:22:53 | INFO | build BR_LootData done (0.00s)
2026-06-08 14:22:53 | INFO | ✅ BR_LootData を作成: E:\フォートナイト\Picture\Loot Pool\TEST4\New Loot\System Update\戦利品データ\BR\BR_LootData_2026-06-08_14-22.json
2026-06-08 14:22:53 | INFO | ✅ Web LootPool を更新: E:\フォートナイト\Web\assets\data\Loot\BR_LootPool.json
2026-06-08 14:22:53 | INFO | LootSummary start: E:\フォートナイト\Picture\Loot Pool\TEST4\New Loot\System Update\BR\scripts\LootSummary.py
2026-06-08 14:22:54 | INFO | LootSummary stdout: 🔎 抽出用: 最新ファイル = E:\フォートナイト\Picture\Loot Pool\TEST4\New Loot\System Update\BR\output\summary\v39.30_2026-06-08_14-22.json
✅ 抽出件数: 128
💾 保存: E:\フォートナイト\Picture\Loot Pool\TEST4\New Loot\System Update\BR\input\items_unique_min.json
🔎 比較用: base   = E:\フォートナイト\Picture\Loot Pool\TEST4\New Loot\System Update\BR\output\summary\v39.30_2026-06-08_14-20.json
🔎 比較用: target = E:\フォートナイト\Picture\Loot Pool\TEST4\New Loot\System Update\BR\output\summary\v39.30_2026-06-08_14-22.json
✅ 差分作成 完了
  追加   : 0 / 削除 : 0 / 変更 : 0 / 変化なし : 128
💾 差分: E:\フォートナイト\Picture\Loot Pool\TEST4\New Loot\System Update\BR\output\history\BR_20260608_1422\items_unique_min_diff.json
2026-06-08 14:22:54 | WARNING | LootSummary stderr: E:\フォートナイト\Picture\Loot Pool\TEST4\New Loot\System Update\BR\scripts\LootSummary.py:2: SyntaxWarning: invalid escape sequence '\B'
  """
2026-06-08 14:22:54 | INFO | ✅ LootSummary 実行完了（抽出→比較） (0.15s)
2026-06-08 14:22:54 | INFO | prewarm start
2026-06-08 14:22:54 | INFO | ✅ アイコンキャッシュ プリウォーム完了 (0.61s)
2026-06-08 14:22:54 | INFO | 画像化タスク数: 128
2026-06-08 14:22:54 | INFO | 画像生成 進捗: 1/128
