2026-04-30 18:03:07 | INFO | log file: E:\フォートナイト\Picture\Loot Pool\TEST4\New Loot\System Update\BR\output\logs\pipeline_2026-04-30_18-03-07.log
2026-04-30 18:03:07 | INFO | ===== BR: pipeline start =====
2026-04-30 18:03:07 | INFO | paths: lt=E:\フォートナイト\Picture\Loot Pool\TEST4\New Loot\System Update\BR\input\AthenaLootTierData_Client__final.json lp=E:\フォートナイト\Picture\Loot Pool\TEST4\New Loot\System Update\BR\input\AthenaLootPackages_Client__final.json minlist=E:\フォートナイト\Picture\Loot Pool\TEST4\New Loot\System Update\BR\input\items_unique_min.json
2026-04-30 18:03:07 | INFO | output: summary=E:\フォートナイト\Picture\Loot Pool\TEST4\New Loot\System Update\BR\output\summary lootdata=E:\フォートナイト\Picture\Loot Pool\TEST4\New Loot\System Update\戦利品データ\BR
2026-04-30 18:03:07 | INFO | flags: hotfix=True prewarm=True image=True workers=8
2026-04-30 18:03:07 | INFO | hotfix start: E:\フォートナイト\Picture\Loot Pool\TEST4\New Loot\System Update\LootPackage.py
2026-04-30 18:03:07 | INFO | hotfix lp stdout: [STEP1-1] base e:\Fmodel\Exports\FortniteGame\Content\Items\DataTables\AthenaLootPackages_Client.json
[HOTFIX:SEASON1] target=/Game/Items/DataTables/AthenaLootPackages_Client
[HOTFIX:SEASON1] Addrow(TableUpdate) なし -> スキップ
[HOTFIX:SEASON1] done: applied=0, deleted=0, skipped=0
[STEP1-2] merge e:\Fmodel\Exports\FortniteGame\Plugins\GameFeatures\TeaCakeLoot\Content\DataTables\TeaCakeLootPackages_Client.json : replaced=434, added=1097
[HOTFIX:SEASON2] target=/TeaCakeLoot/DataTables/TeaCakeLootPackages_Client
[415] RowUpdate WorldList.ApolloLoot.Weapon.Rocket.01.Weight=0.000010 -> OK
[416] RowUpdate WorldList.ApolloLoot.Weapon.Rocket.01.CountRange=(X=1,Y=1) -> OK
[417] RowUpdate WorldList.ApolloLoot.Weapon.Rocket.01.ItemDefinition=/WeaponsUpdated/Gameplay/CombatAR/Hitscan/WID_Assault_MoonFlax_CombatAR_HS_Athena_SR.WID_Assault_MoonFlax_CombatAR_HS_Athena_SR -> OK
[421] RowUpdate WorldList.AthenaLoot.Ammo.Medium.01.CountRange=(X=36,Y=36) -> OK
[422] RowUpdate LIST_PaV_04_Boss_Weapon.01.ItemDefinition=/TeaCakeIceGauntlets/Gameplay/WID_IceGauntlets_BigBomb.WID_IceGauntlets_BigBomb -> OK
[423] RowUpdate LIST_PaV_04_Boss_Ammo.03.Weight=1.000000 -> OK
[424] RowUpdate LIST_PaV_04_Boss_Ammo.03.CountRange=(X=36,Y=36) -> OK
[425] RowUpdate LIST_PaV_04_Boss_Consume.01.Weight=0.500000 -> OK
[426] RowUpdate LIST_PaV_04_Boss_Consume.02.Weight=0.500000 -> OK
[427] RowUpdate LIST_PaV_04_Boss_Consume.03.Weight=0.000000 -> OK
[428] RowUpdate LIST_PaV_04_Boss_Consume.04.Weight=0.000000 -> OK
[469] RowUpdate PKG_DragRace_Winner.04.LootPackageCall=LIST_DragRace -> OK
[470] RowUpdate PKG_GoldenWaterfall_Weapon.04.Weight=0.600000 -> OK
[471] RowUpdate PKG_GoldenWaterfall_Weapon.04.LootPackageCall=WorldList.Weapons.Rarity.Rare -> OK
[472] RowUpdate PKG_GoldenWaterfall_Weapon.05.Weight=0.400000 -> OK
[473] RowUpdate PKG_GoldenWaterfall_Weapon.05.LootPackageCall=WorldList.Weapons.Rarity.Epic -> OK
[474] RowUpdate LIST_IceKingLieutenant_Weapon.01.ItemDefinition=/WeaponsUpdated/Gameplay/Pistol/WID_Pistol_Auto_HighTier_Athena_SR.WID_Pistol_Auto_HighTier_Athena_SR -> OK
[475] RowUpdate LIST_IceKingLieutenant_Weapon.02.ItemDefinition=/WeaponsUpdated/Gameplay/Pistol/WID_Pistol_Auto_HighTier_Athena_UR.WID_Pistol_Auto_HighTier_Athena_UR -> OK
[476] RowUpdate LIST_DeadliftRecord_Mythic.01.ItemDefinition=/DragonCartWeaponGameplay/Gameplay/DragonCart_Pump/WID_Shotgun_Pump_DragonCart_Athena_UR.WID_Shotgun_Pump_DragonCart_Athena_UR -> OK
[477] AddRow -> ADD LIST_DragRace.01
[478] RowUpdate WorldList.AthenaWadStash.Small.01.CountRange=(X=150,Y=150) -> OK
[479] RowUpdate WorldList.AthenaWadStash.Small.02.CountRange=(X=200,Y=200) -> OK
[480] RowUpdate WorldList.AthenaWadStash.Small.03.CountRange=(X=275,Y=275) -> OK
[481] RowUpdate WorldList.AthenaWadStash.Small.04.CountRange=(X=400,Y=400) -> OK
[482] RowUpdate WorldList.AthenaWadStash.Large.01.CountRange=(X=750,Y=750) -> OK
[483] RowUpdate WorldList.AthenaWadChests.01.CountRange=(X=50,Y=50) -> OK
[484] RowUpdate WorldList.AthenaWadChests.02.CountRange=(X=80,Y=80) -> OK
[485] RowUpdate WorldList.AthenaWadChests.03.CountRange=(X=100,Y=100) -> OK
[486] RowUpdate WorldList.FlopperDefault.Light.01.CountRange=(X=150,Y=150) -> OK
[487] RowUpdate WorldList.FlopperHigh.Light.01.CountRange=(X=150,Y=150) -> OK
[488] RowUpdate WorldList.FlopperHigh.Consumables.03.CountRange=(X=150,Y=150) -> OK
[489] RowUpdate WorldList.FlopperBetter.Light.01.CountRange=(X=150,Y=150) -> OK
[490] RowUpdate WorldList.FlopperBetter.Shell.01.CountRange=(X=150,Y=150) -> OK
[491] RowUpdate WorldList.FlopperBetter.Medium.18.CountRange=(X=150,Y=150) -> OK
[492] RowUpdate LIST_BountyBoard_Gold.01.CountRange=(X=1000,Y=1000) -> OK
[506] RowUpdate WorldList.AthenaHighConsumables.Healing.08.Weight=0.040000 -> OK
[507] RowUpdate WorldList.AthenaConsumables.Healing.08.Weight=0.010000 -> OK
[616] RowUpdate WorldList.AthenaHighConsumables.14.Weight=0.000000 -> OK
[617] RowUpdate WorldList.AthenaHighConsumablesRare.14.Weight=0.000000 -> OK
[618] RowUpdate WorldList.AthenaSupplyDropConsumables.13.Weight=0.000000 -> OK
[619] RowUpdate WorldList.AthenaConsumables.14.Weight=0.000000 -> OK
[684] RowUpdate LIST_Boss_Zadie_Weapon.01.ItemDefinition=/PaprikaCoreWeapons/Items/Weapons/PaprikaAR_Heavy/HitscanWIDs/WID_Assault_Paprika_Heavy_Athena_HS_SR.WID_Assault_Paprika_Heavy_Athena_HS_SR -> OK
[685] RowUpdate LIST_Boss_Zadie_Weapon.02.ItemDefinition=/PaprikaCoreWeapons/Items/Weapons/PaprikaAR_Heavy/HitscanWIDs/WID_Assault_Paprika_Heavy_Athena_HS_UR.WID_Assault_Paprika_Heavy_Athena_HS_UR -> OK
[HOTFIX:SEASON2] done: applied=43, deleted=0, skipped=0
[WRITE] final -> E:\フォートナイト\Picture\Loot Pool\TEST4\New Loot\System Update\BR\input\AthenaLootPackages_Client__final.json
[WRITE] per-input -> E:\フォートナイト\Picture\Loot Pool\TEST4\New Loot\System Update\BR\input\TeaCakeLootPackages_Client__final.json
2026-04-30 18:03:07 | INFO | hotfix start: E:\フォートナイト\Picture\Loot Pool\TEST4\New Loot\System Update\LootTier.py
2026-04-30 18:03:08 | INFO | hotfix lt stdout: [STEP1-1] base e:\Fmodel\Exports\FortniteGame\Content\Items\DataTables\AthenaLootTierData_Client.json
[HOTFIX:SEASON1] target=/Game/Items/DataTables/AthenaLootTierData_Client
[HOTFIX:SEASON1] done: applied=0, deleted=0, skipped=0
[STEP1-2] merge e:\Fmodel\Exports\FortniteGame\Plugins\GameFeatures\TeaCakeLoot\Content\DataTables\TeaCakeLootTierData_Client.json : replaced=1, added=130
[HOTFIX:SEASON2] target=/TeaCakeLoot/DataTables/TeaCakeLootTierData_Client
[HOTFIX:SEASON2] done: applied=0, deleted=0, skipped=0
[WRITE] final -> E:\フォートナイト\Picture\Loot Pool\TEST4\New Loot\System Update\BR\input\AthenaLootTierData_Client__final.json
[WRITE] per-input -> E:\フォートナイト\Picture\Loot Pool\TEST4\New Loot\System Update\BR\input\TeaCakeLootTierData_Client__final.json
2026-04-30 18:03:08 | INFO | ✓ Hotfix 適用完了 (0.81s)
2026-04-30 18:03:08 | INFO | load lt: E:\フォートナイト\Picture\Loot Pool\TEST4\New Loot\System Update\BR\input\AthenaLootTierData_Client__final.json
2026-04-30 18:03:08 | INFO | load lp: E:\フォートナイト\Picture\Loot Pool\TEST4\New Loot\System Update\BR\input\AthenaLootPackages_Client__final.json
2026-04-30 18:03:08 | INFO | load done (0.03s)
2026-04-30 18:03:08 | INFO | build summary start
2026-04-30 18:03:08 | INFO | build summary done (0.04s)
2026-04-30 18:03:08 | INFO | enrich summary with names start
2026-04-30 18:03:08 | INFO | enrich summary done (0.00s)
2026-04-30 18:03:08 | INFO | ✅ まとめJSONを作成: E:\フォートナイト\Picture\Loot Pool\TEST4\New Loot\System Update\BR\output\summary\v39.30_2026-04-30_18-03.json
2026-04-30 18:03:08 | INFO | build item metadata start
2026-04-30 18:03:33 | INFO | ✅ アイテム名・説明・タグJSONを更新: E:\フォートナイト\Picture\Loot Pool\TEST4\New Loot\System Update\shared\cache\item_metadata.json (24.90s)
2026-04-30 18:03:33 | INFO | build BR_LootData start
2026-04-30 18:03:33 | INFO | build BR_LootData done (0.00s)
2026-04-30 18:03:33 | INFO | ✅ BR_LootData を作成: E:\フォートナイト\Picture\Loot Pool\TEST4\New Loot\System Update\戦利品データ\BR\BR_LootData_2026-04-30_18-03.json
2026-04-30 18:03:33 | INFO | ✅ Web LootPool を更新: E:\フォートナイト\Web\assets\data\Loot\BR_LootPool.json
2026-04-30 18:03:33 | INFO | LootSummary start: E:\フォートナイト\Picture\Loot Pool\TEST4\New Loot\System Update\BR\scripts\LootSummary.py
2026-04-30 18:03:34 | INFO | LootSummary stdout: 🔎 抽出用: 最新ファイル = E:\フォートナイト\Picture\Loot Pool\TEST4\New Loot\System Update\BR\output\summary\v39.30_2026-04-30_18-03.json
✅ 抽出件数: 109
💾 保存: E:\フォートナイト\Picture\Loot Pool\TEST4\New Loot\System Update\BR\input\items_unique_min.json
🔎 比較用: base   = E:\フォートナイト\Picture\Loot Pool\TEST4\New Loot\System Update\BR\output\summary\v39.30_2026-04-29_08-11.json
🔎 比較用: target = E:\フォートナイト\Picture\Loot Pool\TEST4\New Loot\System Update\BR\output\summary\v39.30_2026-04-30_18-03.json
✅ 差分作成 完了
  追加   : 2 / 削除 : 2 / 変更 : 0 / 変化なし : 107
💾 差分: E:\フォートナイト\Picture\Loot Pool\TEST4\New Loot\System Update\BR\output\history\BR_20260430_1803\items_unique_min_diff.json
2026-04-30 18:03:34 | WARNING | LootSummary stderr: E:\フォートナイト\Picture\Loot Pool\TEST4\New Loot\System Update\BR\scripts\LootSummary.py:2: SyntaxWarning: invalid escape sequence '\B'
  """
2026-04-30 18:03:34 | INFO | ✅ LootSummary 実行完了（抽出→比較） (1.49s)
2026-04-30 18:03:34 | INFO | prewarm start
2026-04-30 18:03:38 | INFO | ✅ アイコンキャッシュ プリウォーム完了 (3.85s)
2026-04-30 18:03:38 | INFO | 画像化タスク数: 109
2026-04-30 18:03:38 | INFO | 画像生成 進捗: 1/109
2026-04-30 18:03:39 | INFO | 画像生成 進捗: 50/109
2026-04-30 18:03:39 | INFO | 画像生成 進捗: 100/109
2026-04-30 18:03:40 | INFO | 画像生成 進捗: 109/109
2026-04-30 18:03:40 | INFO | ✅ 画像生成 完了（MinListベース）
2026-04-30 18:03:40 | INFO | ✅ Loot diff を作成: E:\フォートナイト\Web\assets\data\Loot\diff\BR_2026-04-30_18-03-40.json (added=21 removed=7 change=56)
2026-04-30 18:03:40 | INFO | ✅ AddedItems 画像を保存: E:\フォートナイト\Picture\Loot Pool\TEST4\New Loot\System Update\shared\images\BR\AddedItems\2026-04-30_18-03-40 (copied=21 missing=0)
2026-04-30 18:03:40 | INFO | git add: E:\フォートナイト\Picture\Loot Pool\TEST4\New Loot
2026-04-30 18:03:49 | INFO | git commit stdout: [main ab5fa17] BR update 2026-04-30 18:03:45
 38 files changed, 75918 insertions(+), 724 deletions(-)
 create mode 100644 System Update/BR/output/history/BR_20260430_1803/items_unique_min_diff.json
 create mode 100644 System Update/BR/output/logs/pipeline_2026-04-30_18-03-07.log
 create mode 100644 System Update/BR/output/summary/v39.30_2026-04-30_18-03.json
 create mode 100644 "System Update/shared/images/BR/AddedItems/2026-04-30_18-03-40/\343\203\206\343\202\243\343\202\2421 - \343\202\264\343\203\274\343\203\253\343\203\211.png"
 create mode 100644 "System Update/shared/images/BR/AddedItems/2026-04-30_18-03-40/\343\203\206\343\202\243\343\202\2421 - \345\274\276\350\226\254_ \344\270\255\345\217\243\345\276\204\345\274\276.png"
 create mode 100644 "System Update/shared/images/BR/AddedItems/2026-04-30_18-03-40/\343\203\206\343\202\243\343\202\2423 - \343\202\267\343\203\274\343\203\253\343\203\211\343\203\235\343\203\274\343\202\267\343\203\247\343\203\263.png"
 create mode 100644 "System Update/shared/images/BR/AddedItems/2026-04-30_18-03-40/\343\203\206\343\202\243\343\202\2423 - \343\203\201\343\203\243\343\202\260\343\202\271\343\203\227\343\203\251\343\203\203\343\202\267\343\203\245.png"
 create mode 100644 "System Update/shared/images/BR/AddedItems/2026-04-30_18-03-40/\343\203\206\343\202\243\343\202\2424 - \343\202\255\343\203\245\343\203\274\343\203\226\343\203\251\343\202\244\343\203\225\343\203\253.png"
 create mode 100644 "System Update/shared/images/BR/AddedItems/2026-04-30_18-03-40/\343\203\206\343\202\243\343\202\2424 - \343\202\271\343\203\274\343\203\221\343\203\274\343\202\267\343\203\245\343\203\254\343\203\203\343\203\200\343\203\274  .png"
 create mode 100644 "System Update/shared/images/BR/AddedItems/2026-04-30_18-03-40/\343\203\206\343\202\243\343\202\2424 - \343\203\217\343\203\263\343\203\236\343\203\274\343\203\252\343\203\234\343\203\253\343\203\220\343\203\274.png"
 create mode 100644 "System Update/shared/images/BR/AddedItems/2026-04-30_18-03-40/\343\203\206\343\202\243\343\202\2425 - \343\202\242\343\202\244\343\202\242\343\203\263\343\203\235\343\203\263\343\203\227\343\202\267\343\203\247\343\203\203\343\203\210\343\202\254\343\203\263.png"
 create mode 100644 "System Update/shared/images/BR/AddedItems/2026-04-30_18-03-40/\343\203\206\343\202\243\343\202\2425 - \343\202\253\343\202\252\343\202\271\343\203\252\343\203\255\343\203\274\343\203\200\343\203\274\343\202\267\343\203\247\343\203\203\343\203\210\343\202\254\343\203\263.png"
 create mode 100644 "System Update/shared/images/BR/AddedItems/2026-04-30_18-03-40/\343\203\206\343\202\243\343\202\2425 - \343\202\255\343\203\245\343\203\274\343\203\226\343\203\251\343\202\244\343\203\225\343\203\253.png"
 create mode 100644 "System Update/shared/images/BR/AddedItems/2026-04-30_18-03-40/\343\203\206\343\202\243\343\202\2425 - \343\202\263\343\203\263\343\203\220\343\203\203\343\203\210\343\202\242\343\202\265\343\203\253\343\203\210\343\203\251\343\202\244\343\203\225\343\203\253.png"
 create mode 100644 "System Update/shared/images/BR/AddedItems/2026-04-30_18-03-40/\343\203\206\343\202\243\343\202\2425 - \343\202\265\343\203\263\343\203\200\343\203\274\343\203\220\343\203\274\343\202\271\343\203\210 \343\202\265\343\203\226\343\203\236\343\202\267\343\203\263\343\202\254\343\203\263.png"
 create mode 100644 "System Update/shared/images/BR/AddedItems/2026-04-30_18-03-40/\343\203\206\343\202\243\343\202\2425 - \343\202\271\343\203\274\343\203\221\343\203\274\343\202\267\343\203\245\343\203\254\343\203\203\343\203\200\343\203\274  .png"
 create mode 100644 "System Update/shared/images/BR/AddedItems/2026-04-30_18-03-40/\343\203\206\343\202\243\343\202\2425 - \343\203\201\343\203\243\343\202\260\343\202\270\343\203\243\343\202\260.png"
 create mode 100644 "System Update/shared/images/BR/AddedItems/2026-04-30_18-03-40/\343\203\206\343\202\243\343\202\2425 - \343\203\204\343\202\244\343\203\263\343\203\217\343\203\263\343\203\236\343\203\274\343\202\267\343\203\247\343\203\203\343\203\210\343\202\254\343\203\263.png"
 create mode 100644 "System Update/shared/images/BR/AddedItems/2026-04-30_18-03-40/\343\203\206\343\202\243\343\202\2425 - \343\203\204\343\202\244\343\203\263\343\203\236\343\202\260 \343\202\265\343\203\226\343\203\236\343\202\267\343\203\263\343\202\254\343\203\263.png"
 create mode 100644 "System Update/shared/images/BR/AddedItems/2026-04-30_18-03-40/\343\203\206\343\202\243\343\202\2425 - \343\203\215\343\203\241\343\202\267\343\202\271 \343\202\242\343\202\265\343\203\253\343\203\210\343\203\251\343\202\244\343\203\225\343\203\253.png"
 create mode 100644 "System Update/shared/images/BR/AddedItems/2026-04-30_18-03-40/\343\203\206\343\202\243\343\202\2425 - \343\203\217\343\203\263\343\203\236\343\203\274\343\203\252\343\203\234\343\203\253\343\203\220\343\203\274.png"
 create mode 100644 "System Update/shared/images/BR/AddedItems/2026-04-30_18-03-40/\343\203\206\343\202\243\343\202\2425 - \343\203\231\343\202\257\343\202\277\343\203\2747 DMR.png"
 create mode 100644 "System Update/shared/images/BR/AddedItems/2026-04-30_18-03-40/\343\203\206\343\202\243\343\202\2425 - \350\207\252\345\267\261\350\230\207\347\224\237\343\203\207\343\203\220\343\202\244\343\202\271.png"
 create mode 100644 "System Update/shared/images/BR/AddedItems/2026-04-30_18-03-40/\343\203\206\343\202\243\343\202\2427 - \343\203\226\343\203\253\343\203\274\343\203\210 \343\203\215\343\203\241\343\202\267\343\202\271 \343\202\242\343\202\265\343\203\253\343\203\210\343\203\251\343\202\244\343\203\225\343\203\253.png"
 create mode 100644 "System Update/shared/images/BR/\343\202\255\343\203\245\343\203\274\343\203\226\343\203\251\343\202\244\343\203\225\343\203\253 - \343\203\206\343\202\243\343\202\2424.png"
 create mode 100644 "System Update/shared/images/BR/\343\202\255\343\203\245\343\203\274\343\203\226\343\203\251\343\202\244\343\203\225\343\203\253 - \343\203\206\343\202\243\343\202\2425.png"
 create mode 100644 "System Update/\346\210\246\345\210\251\345\223\201\343\203\207\343\203\274\343\202\277/BR/BR_LootData_2026-04-30_18-03.json"
2026-04-30 18:03:52 | WARNING | git push stderr: To https://github.com/Greenfox0833/New-Loot.git
   6227485..ab5fa17  main -> main
2026-04-30 18:03:52 | INFO | ✓ GitHub Push 完了
2026-04-30 18:03:52 | INFO | ===== BR: pipeline end =====
