2026-05-14 17:42:03 | INFO | log file: E:\フォートナイト\Picture\Loot Pool\TEST4\New Loot\System Update\BR\output\logs\pipeline_2026-05-14_17-42-03.log
2026-05-14 17:42:03 | INFO | ===== BR: pipeline start =====
2026-05-14 17:42:03 | INFO | paths: lt=E:\フォートナイト\Picture\Loot Pool\TEST4\New Loot\System Update\BR\input\AthenaLootTierData_Client__final.json lp=E:\フォートナイト\Picture\Loot Pool\TEST4\New Loot\System Update\BR\input\AthenaLootPackages_Client__final.json minlist=E:\フォートナイト\Picture\Loot Pool\TEST4\New Loot\System Update\BR\input\items_unique_min.json
2026-05-14 17:42:03 | INFO | output: summary=E:\フォートナイト\Picture\Loot Pool\TEST4\New Loot\System Update\BR\output\summary lootdata=E:\フォートナイト\Picture\Loot Pool\TEST4\New Loot\System Update\戦利品データ\BR
2026-05-14 17:42:03 | INFO | flags: hotfix=True prewarm=True image=True workers=8
2026-05-14 17:42:03 | INFO | hotfix start: E:\フォートナイト\Picture\Loot Pool\TEST4\New Loot\System Update\LootPackage.py
2026-05-14 17:42:04 | INFO | hotfix lp stdout: [STEP1-1] base e:\Fmodel\Exports\FortniteGame\Content\Items\DataTables\AthenaLootPackages_Client.json
[HOTFIX:SEASON1] target=/Game/Items/DataTables/AthenaLootPackages_Client
[HOTFIX:SEASON1] Addrow(TableUpdate) なし -> スキップ
[HOTFIX:SEASON1] done: applied=0, deleted=0, skipped=0
[STEP1-2] merge e:\Fmodel\Exports\FortniteGame\Plugins\GameFeatures\TeaCakeLoot\Content\DataTables\TeaCakeLootPackages_Client.json : replaced=434, added=1097
[HOTFIX:SEASON2] target=/TeaCakeLoot/DataTables/TeaCakeLootPackages_Client
[490] RowUpdate WorldList.ApolloLoot.Weapon.Rocket.01.Weight=0.000010 -> OK
[491] RowUpdate WorldList.ApolloLoot.Weapon.Rocket.01.CountRange=(X=1,Y=1) -> OK
[492] RowUpdate WorldList.ApolloLoot.Weapon.Rocket.01.ItemDefinition=/WeaponsUpdated/Gameplay/CombatAR/Hitscan/WID_Assault_MoonFlax_CombatAR_HS_Athena_SR.WID_Assault_MoonFlax_CombatAR_HS_Athena_SR -> OK
[496] RowUpdate WorldList.AthenaLoot.Ammo.Medium.01.CountRange=(X=36,Y=36) -> OK
[497] RowUpdate LIST_PaV_04_Boss_Weapon.01.ItemDefinition=/TeaCakeIceGauntlets/Gameplay/WID_IceGauntlets_BigBomb.WID_IceGauntlets_BigBomb -> OK
[498] RowUpdate LIST_PaV_04_Boss_Ammo.03.Weight=1.000000 -> OK
[499] RowUpdate LIST_PaV_04_Boss_Ammo.03.CountRange=(X=36,Y=36) -> OK
[500] RowUpdate LIST_PaV_04_Boss_Consume.01.Weight=0.500000 -> OK
[501] RowUpdate LIST_PaV_04_Boss_Consume.02.Weight=0.500000 -> OK
[502] RowUpdate LIST_PaV_04_Boss_Consume.03.Weight=0.000000 -> OK
[503] RowUpdate LIST_PaV_04_Boss_Consume.04.Weight=0.000000 -> OK
[543] RowUpdate PKG_DragRace_Winner.04.LootPackageCall=LIST_DragRace -> OK
[544] RowUpdate PKG_GoldenWaterfall_Weapon.04.Weight=0.600000 -> OK
[545] RowUpdate PKG_GoldenWaterfall_Weapon.04.LootPackageCall=WorldList.Weapons.Rarity.Rare -> OK
[546] RowUpdate PKG_GoldenWaterfall_Weapon.05.Weight=0.400000 -> OK
[547] RowUpdate PKG_GoldenWaterfall_Weapon.05.LootPackageCall=WorldList.Weapons.Rarity.Epic -> OK
[548] RowUpdate LIST_IceKingLieutenant_Weapon.01.ItemDefinition=/WeaponsUpdated/Gameplay/Pistol/WID_Pistol_Auto_HighTier_Athena_SR.WID_Pistol_Auto_HighTier_Athena_SR -> OK
[549] RowUpdate LIST_IceKingLieutenant_Weapon.02.ItemDefinition=/WeaponsUpdated/Gameplay/Pistol/WID_Pistol_Auto_HighTier_Athena_UR.WID_Pistol_Auto_HighTier_Athena_UR -> OK
[550] RowUpdate LIST_DeadliftRecord_Mythic.01.ItemDefinition=/DragonCartWeaponGameplay/Gameplay/DragonCart_Pump/WID_Shotgun_Pump_DragonCart_Athena_UR.WID_Shotgun_Pump_DragonCart_Athena_UR -> OK
[551] AddRow -> ADD LIST_DragRace.01
[552] RowUpdate WorldList.AthenaWadStash.Small.01.CountRange=(X=150,Y=150) -> OK
[553] RowUpdate WorldList.AthenaWadStash.Small.02.CountRange=(X=200,Y=200) -> OK
[554] RowUpdate WorldList.AthenaWadStash.Small.03.CountRange=(X=275,Y=275) -> OK
[555] RowUpdate WorldList.AthenaWadStash.Small.04.CountRange=(X=400,Y=400) -> OK
[556] RowUpdate WorldList.AthenaWadStash.Large.01.CountRange=(X=750,Y=750) -> OK
[557] RowUpdate WorldList.AthenaWadChests.01.CountRange=(X=50,Y=50) -> OK
[558] RowUpdate WorldList.AthenaWadChests.02.CountRange=(X=80,Y=80) -> OK
[559] RowUpdate WorldList.AthenaWadChests.03.CountRange=(X=100,Y=100) -> OK
[560] RowUpdate WorldList.FlopperDefault.Light.01.CountRange=(X=150,Y=150) -> OK
[561] RowUpdate WorldList.FlopperHigh.Light.01.CountRange=(X=150,Y=150) -> OK
[562] RowUpdate WorldList.FlopperHigh.Consumables.03.CountRange=(X=150,Y=150) -> OK
[563] RowUpdate WorldList.FlopperBetter.Light.01.CountRange=(X=150,Y=150) -> OK
[564] RowUpdate WorldList.FlopperBetter.Shell.01.CountRange=(X=150,Y=150) -> OK
[565] RowUpdate WorldList.FlopperBetter.Medium.18.CountRange=(X=150,Y=150) -> OK
[566] RowUpdate LIST_BountyBoard_Gold.01.CountRange=(X=1000,Y=1000) -> OK
[579] RowUpdate WorldList.AthenaHighConsumables.Healing.08.Weight=0.040000 -> OK
[580] RowUpdate WorldList.AthenaConsumables.Healing.08.Weight=0.010000 -> OK
[698] RowUpdate WorldList.AthenaHighConsumables.14.Weight=0.000000 -> OK
[699] RowUpdate WorldList.AthenaHighConsumablesRare.14.Weight=0.000000 -> OK
[700] RowUpdate WorldList.AthenaSupplyDropConsumables.13.Weight=0.000000 -> OK
[701] RowUpdate WorldList.AthenaConsumables.14.Weight=0.000000 -> OK
[766] RowUpdate LIST_Boss_Zadie_Weapon.01.ItemDefinition=/PaprikaCoreWeapons/Items/Weapons/PaprikaAR_Heavy/HitscanWIDs/WID_Assault_Paprika_Heavy_Athena_HS_SR.WID_Assault_Paprika_Heavy_Athena_HS_SR -> OK
[767] RowUpdate LIST_Boss_Zadie_Weapon.02.ItemDefinition=/PaprikaCoreWeapons/Items/Weapons/PaprikaAR_Heavy/HitscanWIDs/WID_Assault_Paprika_Heavy_Athena_HS_UR.WID_Assault_Paprika_Heavy_Athena_HS_UR -> OK
[HOTFIX:SEASON2] done: applied=43, deleted=0, skipped=0
[WRITE] final -> E:\フォートナイト\Picture\Loot Pool\TEST4\New Loot\System Update\BR\input\AthenaLootPackages_Client__final.json
[WRITE] per-input -> E:\フォートナイト\Picture\Loot Pool\TEST4\New Loot\System Update\BR\input\TeaCakeLootPackages_Client__final.json
2026-05-14 17:42:04 | INFO | hotfix start: E:\フォートナイト\Picture\Loot Pool\TEST4\New Loot\System Update\LootTier.py
2026-05-14 17:42:04 | INFO | hotfix lt stdout: [STEP1-1] base e:\Fmodel\Exports\FortniteGame\Content\Items\DataTables\AthenaLootTierData_Client.json
[HOTFIX:SEASON1] target=/Game/Items/DataTables/AthenaLootTierData_Client
[HOTFIX:SEASON1] done: applied=0, deleted=0, skipped=0
[STEP1-2] merge e:\Fmodel\Exports\FortniteGame\Plugins\GameFeatures\TeaCakeLoot\Content\DataTables\TeaCakeLootTierData_Client.json : replaced=1, added=130
[HOTFIX:SEASON2] target=/TeaCakeLoot/DataTables/TeaCakeLootTierData_Client
[HOTFIX:SEASON2] done: applied=0, deleted=0, skipped=0
[WRITE] final -> E:\フォートナイト\Picture\Loot Pool\TEST4\New Loot\System Update\BR\input\AthenaLootTierData_Client__final.json
[WRITE] per-input -> E:\フォートナイト\Picture\Loot Pool\TEST4\New Loot\System Update\BR\input\TeaCakeLootTierData_Client__final.json
2026-05-14 17:42:04 | INFO | ✓ Hotfix 適用完了 (1.41s)
2026-05-14 17:42:04 | INFO | load lt: E:\フォートナイト\Picture\Loot Pool\TEST4\New Loot\System Update\BR\input\AthenaLootTierData_Client__final.json
2026-05-14 17:42:04 | INFO | load lp: E:\フォートナイト\Picture\Loot Pool\TEST4\New Loot\System Update\BR\input\AthenaLootPackages_Client__final.json
2026-05-14 17:42:04 | INFO | load done (0.06s)
2026-05-14 17:42:04 | INFO | build summary start
2026-05-14 17:42:04 | INFO | build summary done (0.08s)
2026-05-14 17:42:04 | INFO | enrich summary with names start
2026-05-14 17:42:04 | INFO | enrich summary done (0.00s)
2026-05-14 17:42:05 | INFO | ✅ まとめJSONを作成: E:\フォートナイト\Picture\Loot Pool\TEST4\New Loot\System Update\BR\output\summary\v39.30_2026-05-14_17-42.json
2026-05-14 17:42:05 | INFO | build item metadata start
2026-05-14 17:42:50 | INFO | ✅ アイテム名・説明・タグJSONを更新: E:\フォートナイト\Picture\Loot Pool\TEST4\New Loot\System Update\shared\cache\item_metadata.json (45.55s)
2026-05-14 17:42:50 | INFO | build BR_LootData start
2026-05-14 17:42:50 | INFO | build BR_LootData done (0.00s)
2026-05-14 17:42:50 | INFO | ✅ BR_LootData を作成: E:\フォートナイト\Picture\Loot Pool\TEST4\New Loot\System Update\戦利品データ\BR\BR_LootData_2026-05-14_17-42.json
2026-05-14 17:42:50 | INFO | ✅ Web LootPool を更新: E:\フォートナイト\Web\assets\data\Loot\BR_LootPool.json
2026-05-14 17:42:50 | INFO | LootSummary start: E:\フォートナイト\Picture\Loot Pool\TEST4\New Loot\System Update\BR\scripts\LootSummary.py
2026-05-14 17:42:51 | INFO | LootSummary stdout: 🔎 抽出用: 最新ファイル = E:\フォートナイト\Picture\Loot Pool\TEST4\New Loot\System Update\BR\output\summary\v39.30_2026-05-14_17-42.json
✅ 抽出件数: 109
💾 保存: E:\フォートナイト\Picture\Loot Pool\TEST4\New Loot\System Update\BR\input\items_unique_min.json
🔎 比較用: base   = E:\フォートナイト\Picture\Loot Pool\TEST4\New Loot\System Update\BR\output\summary\v39.30_2026-05-14_17-32.json
🔎 比較用: target = E:\フォートナイト\Picture\Loot Pool\TEST4\New Loot\System Update\BR\output\summary\v39.30_2026-05-14_17-42.json
✅ 差分作成 完了
  追加   : 0 / 削除 : 0 / 変更 : 0 / 変化なし : 109
💾 差分: E:\フォートナイト\Picture\Loot Pool\TEST4\New Loot\System Update\BR\output\history\BR_20260514_1742\items_unique_min_diff.json
2026-05-14 17:42:51 | WARNING | LootSummary stderr: E:\フォートナイト\Picture\Loot Pool\TEST4\New Loot\System Update\BR\scripts\LootSummary.py:2: SyntaxWarning: invalid escape sequence '\B'
  """
2026-05-14 17:42:51 | INFO | ✅ LootSummary 実行完了（抽出→比較） (0.69s)
2026-05-14 17:42:51 | INFO | prewarm start
2026-05-14 17:42:53 | INFO | ✅ アイコンキャッシュ プリウォーム完了 (2.29s)
2026-05-14 17:42:53 | INFO | 画像化タスク数: 109
2026-05-14 17:42:53 | INFO | 画像生成 進捗: 1/109
2026-05-14 17:42:54 | INFO | 画像生成 進捗: 50/109
2026-05-14 17:42:55 | INFO | 画像生成 進捗: 100/109
2026-05-14 17:42:55 | INFO | 画像生成 進捗: 109/109
2026-05-14 17:42:55 | INFO | ✅ 画像生成 完了（MinListベース）
2026-05-14 17:42:55 | INFO | ✅ Loot diff: 変更なし（作成スキップ）
2026-05-14 17:42:55 | INFO | git add: E:\フォートナイト\Picture\Loot Pool\TEST4\New Loot
2026-05-14 17:43:06 | INFO | git commit stdout: [main f55ea4e] BR update 2026-05-14 17:43:03
 12 files changed, 108320 insertions(+), 363 deletions(-)
 create mode 100644 System Update/BR/output/history/BR_20260514_1742/items_unique_min_diff.json
 create mode 100644 System Update/BR/output/logs/pipeline_2026-05-14_17-32-10.log
 create mode 100644 System Update/BR/output/logs/pipeline_2026-05-14_17-42-03.log
 create mode 100644 System Update/BR/output/summary/v39.30_2026-05-14_17-32.json
 create mode 100644 System Update/BR/output/summary/v39.30_2026-05-14_17-42.json
 create mode 100644 "System Update/shared/assets/Rarity/Create/\343\203\252\343\203\225\343\202\251\343\203\274\343\202\270\343\203\211\343\203\273\343\202\244\343\203\263\343\203\225\343\202\243\343\203\213\343\203\206\343\202\243\343\203\226\343\203\254\343\202\244\343\203\211 - \343\203\206\343\202\243\343\202\2427.png"
 create mode 100644 System Update/shared/icon_cache/PrimalGameplay__UI__Foundation__Textures__Icons__Athena__T-T-Icon-BR-CuddleFish-L.png
 create mode 100644 "System Update/\346\210\246\345\210\251\345\223\201\343\203\207\343\203\274\343\202\277/BR/BR_LootData_2026-05-14_17-42.json"
2026-05-14 17:43:10 | WARNING | git push stderr: To https://github.com/Greenfox0833/New-Loot.git
   feeeb84..f55ea4e  main -> main
2026-05-14 17:43:10 | INFO | ✓ GitHub Push 完了
2026-05-14 17:43:10 | INFO | ===== BR: pipeline end =====
