2026-06-25 19:25:16 | INFO | log file: E:\フォートナイト\Picture\Loot Pool\TEST4\New Loot\System Update\BR\output\logs\pipeline_2026-06-25_19-25-16.log
2026-06-25 19:25:16 | INFO | ===== BR: pipeline start =====
2026-06-25 19:25:16 | INFO | paths: lt=E:\フォートナイト\Picture\Loot Pool\TEST4\New Loot\System Update\BR\input\AthenaLootTierData_Client__final.json lp=E:\フォートナイト\Picture\Loot Pool\TEST4\New Loot\System Update\BR\input\AthenaLootPackages_Client__final.json minlist=E:\フォートナイト\Picture\Loot Pool\TEST4\New Loot\System Update\BR\input\items_unique_min.json
2026-06-25 19:25:16 | INFO | output: summary=E:\フォートナイト\Picture\Loot Pool\TEST4\New Loot\System Update\BR\output\summary lootdata=E:\フォートナイト\Picture\Loot Pool\TEST4\New Loot\System Update\戦利品データ\BR
2026-06-25 19:25:16 | INFO | flags: hotfix=True prewarm=True image=True workers=8
2026-06-25 19:25:16 | INFO | hotfix start: E:\フォートナイト\Picture\Loot Pool\TEST4\New Loot\System Update\LootPackage.py
2026-06-25 19:25:16 | INFO | hotfix lp stdout: [STEP1-1] base e:\Fmodel\Exports\FortniteGame\Content\Items\DataTables\AthenaLootPackages_Client.json
[HOTFIX:SEASON1] target=/Game/Items/DataTables/AthenaLootPackages_Client
[HOTFIX:SEASON1] Addrow(TableUpdate) なし -> スキップ
[HOTFIX:SEASON1] done: applied=0, deleted=0, skipped=0
[STEP1-2] merge e:\Fmodel\Exports\FortniteGame\Plugins\GameFeatures\OrangeRemoteLoot\Content\DataTables\OrangeRemoteLootPackages_Client.json : replaced=134, added=636
[HOTFIX:SEASON2] target=/OrangeRemoteLoot/DataTables/OrangeRemoteLootPackages_Client
[715] RowUpdate LIST_Weapons_Rare_Handgun_02.Weight=1.15 -> OK
[716] RowUpdate LIST_Weapons_Epic_Handgun_02.Weight=1.15 -> OK
[717] RowUpdate LIST_Weapons_Legendary_Handgun_02.Weight=1.15 -> OK
[749] RowUpdate LIST_FishingDefault_Consumables_Utility_02.Weight=0.070000 -> OK
[750] RowUpdate LIST_FishingHole_Consumables_Utility_02.Weight=0.070000 -> OK
[752] RowUpdate LIST_Chest_Consumables_Shielding_03.Weight=0.050000 -> OK
[753] RowUpdate LIST_RareChest_Consumables_Shielding_02.Weight=0.250000 -> OK
[781] RowUpdate LIST_Legendary_03.ItemDefinition=/SevenSlide/Gameplay/AGID_BoostSevenSlider.AGID_BoostSevenSlider -> OK
[801] RowUpdate LIST_Weapons_Uncommon_Shotgun_04.Weight=0.000 -> OK
[802] RowUpdate LIST_Weapons_Rare_Shotgun_04.Weight=0.000 -> OK
[803] RowUpdate LIST_Weapons_Epic_Shotgun_04.Weight=0.000 -> OK
[804] RowUpdate LIST_Weapons_Legendary_Shotgun_04.Weight=0.000 -> OK
[805] RowUpdate LIST_Weapons_Mythic_Shotgun_04.Weight=0.000 -> OK
[806] RowUpdate LIST_Weapons_Common_Assault_02.Weight=0.00 -> OK
[807] RowUpdate LIST_Weapons_Common_Assault_03.Weight=1.00 -> OK
[808] RowUpdate LIST_Weapons_Common_Assault_03.ItemDefinition=/SunRoseWeaponsGameplay/Items/Weapons/WarforgedAR/Hitscan/WID_Assault_SunRose_HS_Athena_C.WID_Assault_SunRose_HS_Athena_C -> OK
[809] RowUpdate LIST_Weapons_Uncommon_Assault_03.Weight=1.00 -> OK
[810] RowUpdate LIST_Weapons_Uncommon_Assault_03.ItemDefinition=/SunRoseWeaponsGameplay/Items/Weapons/WarforgedAR/Hitscan/WID_Assault_SunRose_HS_Athena_UC.WID_Assault_SunRose_HS_Athena_UC -> OK
[811] RowUpdate LIST_Weapons_Rare_Assault_03.Weight=1.00 -> OK
[812] RowUpdate LIST_Weapons_Rare_Assault_03.ItemDefinition=/SunRoseWeaponsGameplay/Items/Weapons/WarforgedAR/Hitscan/WID_Assault_SunRose_HS_Athena_R.WID_Assault_SunRose_HS_Athena_R -> OK
[813] RowUpdate LIST_Weapons_Epic_Assault_03.Weight=1.00 -> OK
[814] RowUpdate LIST_Weapons_Epic_Assault_03.ItemDefinition=/SunRoseWeaponsGameplay/Items/Weapons/WarforgedAR/Hitscan/WID_Assault_SunRose_HS_Athena_VR.WID_Assault_SunRose_HS_Athena_VR -> OK
[815] RowUpdate LIST_Weapons_Legendary_Assault_03.Weight=1.00 -> OK
[816] RowUpdate LIST_Weapons_Legendary_Assault_03.ItemDefinition=/SunRoseWeaponsGameplay/Items/Weapons/WarforgedAR/Hitscan/WID_Assault_SunRose_HS_Athena_SR.WID_Assault_SunRose_HS_Athena_SR -> OK
[975] RowUpdate LIST_Chest_Consumables_Utility_03.Weight=5.000000 -> OK
[976] RowUpdate LIST_FloorLoot_Consumables_Utility_03.Weight=1.150000 -> OK
[979] RowUpdate LIST_Boss_CyberSamurai_Weapon_01.Weight=0.00 -> OK
[980] RowUpdate LIST_Boss_CyberSamurai_Weapon_02.Weight=1.00 -> OK
[981] RowUpdate LIST_Boss_CyberDog_Weapon_01.Weight=0.00 -> OK
[982] RowUpdate LIST_Boss_CyberDog_Weapon_02.Weight=1.00 -> OK
[983] RowUpdate LIST_Boss_RacketLung_Weapon_01.Weight=0.00 -> OK
[984] RowUpdate LIST_Boss_RacketLung_Weapon_02.Weight=1.00 -> OK
[985] RowUpdate LIST_Chest_Consumables_Healing_04.Weight=0.02 -> OK
[986] RowUpdate LIST_Chest_Consumables_Healing_04.ItemDefinition=/MilitiaExpire/Items/AID_MilitiaExpire_Medallion.AID_MilitiaExpire_Medallion -> OK
[987] RowUpdate LIST_RareChest_Consumables_Healing_04.Weight=0.25 -> OK
[988] RowUpdate LIST_RareChest_Consumables_Healing_04.ItemDefinition=/MilitiaExpire/Items/AID_MilitiaExpire_Medallion.AID_MilitiaExpire_Medallion -> OK
[989] RowUpdate LIST_Boss_Consumable_01.Weight=0.30 -> OK
[990] RowUpdate LIST_Boss_Consumable_02.Weight=0.20 -> OK
[991] RowUpdate LIST_Rare_05.Weight=0.00 -> OK
[1004] RowUpdate PKG_FillerGrunt_Pet_Rescue_02.Weight=0.00 -> OK
[1005] RowUpdate PKG_FillerGrunt_Pet_Rescue_03.Weight=0.00 -> OK
[1006] RowUpdate PKG_FillerGrunt_Pet_Rescue_04.Weight=0.00 -> OK
[HOTFIX:SEASON2] Addrow(TableUpdate) なし -> スキップ
[HOTFIX:SEASON2] done: applied=42, deleted=0, skipped=0
[WRITE] final -> E:\フォートナイト\Picture\Loot Pool\TEST4\New Loot\System Update\BR\input\AthenaLootPackages_Client__final.json
[WRITE] per-input -> E:\フォートナイト\Picture\Loot Pool\TEST4\New Loot\System Update\BR\input\OrangeRemoteLootPackages_Client__final.json
2026-06-25 19:25:16 | INFO | hotfix start: E:\フォートナイト\Picture\Loot Pool\TEST4\New Loot\System Update\LootTier.py
2026-06-25 19:25:17 | INFO | hotfix lt stdout: [STEP1-1] base e:\Fmodel\Exports\FortniteGame\Content\Items\DataTables\AthenaLootTierData_Client.json
[HOTFIX:SEASON1] target=/Game/Items/DataTables/AthenaLootTierData_Client
[HOTFIX:SEASON1] done: applied=0, deleted=0, skipped=0
[STEP1-2] merge e:\Fmodel\Exports\FortniteGame\Plugins\GameFeatures\OrangeRemoteLoot\Content\DataTables\OrangeRemoteLootTierData_Client.json : replaced=0, added=101
[HOTFIX:SEASON2] target=/OrangeRemoteLoot/DataTables/OrangeRemoteLootTierData_Client
[HOTFIX:SEASON2] done: applied=0, deleted=0, skipped=0
[WRITE] final -> E:\フォートナイト\Picture\Loot Pool\TEST4\New Loot\System Update\BR\input\AthenaLootTierData_Client__final.json
[WRITE] per-input -> E:\フォートナイト\Picture\Loot Pool\TEST4\New Loot\System Update\BR\input\OrangeRemoteLootTierData_Client__final.json
2026-06-25 19:25:17 | INFO | ✓ Hotfix 適用完了 (1.49s)
2026-06-25 19:25:17 | INFO | load lt: E:\フォートナイト\Picture\Loot Pool\TEST4\New Loot\System Update\BR\input\AthenaLootTierData_Client__final.json
2026-06-25 19:25:17 | INFO | load lp: E:\フォートナイト\Picture\Loot Pool\TEST4\New Loot\System Update\BR\input\AthenaLootPackages_Client__final.json
2026-06-25 19:25:17 | INFO | load done (0.03s)
2026-06-25 19:25:17 | INFO | build summary start
2026-06-25 19:25:17 | INFO | build summary done (0.10s)
2026-06-25 19:25:17 | INFO | enrich summary with names start
2026-06-25 19:25:17 | INFO | enrich summary done (0.00s)
2026-06-25 19:25:17 | INFO | ✅ まとめJSONを作成: E:\フォートナイト\Picture\Loot Pool\TEST4\New Loot\System Update\BR\output\summary\v39.30_2026-06-25_19-25.json
2026-06-25 19:25:17 | INFO | build item metadata start
2026-06-25 19:25:18 | INFO | ✅ アイテム名・説明・タグJSONを更新: E:\フォートナイト\Picture\Loot Pool\TEST4\New Loot\System Update\shared\cache\item_metadata.json (0.49s)
2026-06-25 19:25:18 | INFO | build BR_LootData start
2026-06-25 19:25:18 | INFO | build BR_LootData done (0.01s)
2026-06-25 19:25:18 | INFO | ✅ BR_LootData を作成: E:\フォートナイト\Picture\Loot Pool\TEST4\New Loot\System Update\戦利品データ\BR\BR_LootData_2026-06-25_19-25.json
2026-06-25 19:25:18 | INFO | ✅ Web LootPool を更新: E:\フォートナイト\Web\assets\data\Loot\BR_LootPool.json
2026-06-25 19:25:18 | INFO | LootSummary start: E:\フォートナイト\Picture\Loot Pool\TEST4\New Loot\System Update\BR\scripts\LootSummary.py
2026-06-25 19:25:19 | INFO | LootSummary stdout: 🔎 抽出用: 最新ファイル = E:\フォートナイト\Picture\Loot Pool\TEST4\New Loot\System Update\BR\output\summary\v39.30_2026-06-25_19-25.json
✅ 抽出件数: 127
💾 保存: E:\フォートナイト\Picture\Loot Pool\TEST4\New Loot\System Update\BR\input\items_unique_min.json
🔎 比較用: base   = E:\フォートナイト\Picture\Loot Pool\TEST4\New Loot\System Update\BR\output\summary\v39.30_2026-06-25_19-15.json
🔎 比較用: target = E:\フォートナイト\Picture\Loot Pool\TEST4\New Loot\System Update\BR\output\summary\v39.30_2026-06-25_19-25.json
✅ 差分作成 完了
  追加   : 0 / 削除 : 0 / 変更 : 0 / 変化なし : 127
💾 差分: E:\フォートナイト\Picture\Loot Pool\TEST4\New Loot\System Update\BR\output\history\BR_20260625_1925\items_unique_min_diff.json
2026-06-25 19:25:19 | WARNING | LootSummary stderr: E:\フォートナイト\Picture\Loot Pool\TEST4\New Loot\System Update\BR\scripts\LootSummary.py:2: SyntaxWarning: invalid escape sequence '\B'
  """
2026-06-25 19:25:19 | INFO | ✅ LootSummary 実行完了（抽出→比較） (0.53s)
2026-06-25 19:25:19 | INFO | prewarm start
