2026-04-17 18:43:49 | INFO | log file: E:\フォートナイト\Picture\Loot Pool\TEST4\New Loot\System Update\BR\output\logs\pipeline_2026-04-17_18-43-49.log
2026-04-17 18:43:49 | INFO | ===== BR: pipeline start =====
2026-04-17 18:43:49 | INFO | paths: lt=E:\フォートナイト\Picture\Loot Pool\TEST4\New Loot\System Update\BR\input\AthenaLootTierData_Client__final.json lp=E:\フォートナイト\Picture\Loot Pool\TEST4\New Loot\System Update\BR\input\AthenaLootPackages_Client__final.json minlist=E:\フォートナイト\Picture\Loot Pool\TEST4\New Loot\System Update\BR\input\items_unique_min.json
2026-04-17 18:43:49 | INFO | output: summary=E:\フォートナイト\Picture\Loot Pool\TEST4\New Loot\System Update\BR\output\summary lootdata=E:\フォートナイト\Picture\Loot Pool\TEST4\New Loot\System Update\戦利品データ\BR
2026-04-17 18:43:49 | INFO | flags: hotfix=True prewarm=True image=True workers=8
2026-04-17 18:43:49 | INFO | hotfix start: E:\フォートナイト\Picture\Loot Pool\TEST4\New Loot\System Update\LootPackage.py
2026-04-17 18:43:49 | INFO | hotfix lp stdout: [STEP1-1] base e:\Fmodel\Exports\FortniteGame\Content\Items\DataTables\AthenaLootPackages_Client.json
[HOTFIX:SEASON1] target=/Game/Items/DataTables/AthenaLootPackages_Client
[HOTFIX:SEASON1] Addrow(TableUpdate) なし -> スキップ
[HOTFIX:SEASON1] done: applied=0, deleted=0, skipped=0
[STEP1-2] merge e:\Fmodel\Exports\FortniteGame\Plugins\GameFeatures\TeaCakeLoot\Content\DataTables\TeaCakeLootPackages_Client.json : replaced=428, added=1086
[HOTFIX:SEASON2] target=/TeaCakeLoot/DataTables/TeaCakeLootPackages_Client
[442] RowUpdate WorldList.ApolloLoot.Weapon.Rocket.01.Weight=0.000010 -> OK
[443] RowUpdate WorldList.ApolloLoot.Weapon.Rocket.01.CountRange=(X=1,Y=1) -> OK
[444] RowUpdate WorldList.ApolloLoot.Weapon.Rocket.01.ItemDefinition=/WeaponsUpdated/Gameplay/CombatAR/Hitscan/WID_Assault_MoonFlax_CombatAR_HS_Athena_SR.WID_Assault_MoonFlax_CombatAR_HS_Athena_SR -> OK
[448] RowUpdate WorldList.AthenaLoot.Ammo.Medium.01.CountRange=(X=36,Y=36) -> OK
[449] RowUpdate LIST_PaV_04_Boss_Weapon.01.ItemDefinition=/TeaCakeIceGauntlets/Gameplay/WID_IceGauntlets_BigBomb.WID_IceGauntlets_BigBomb -> OK
[450] RowUpdate LIST_PaV_04_Boss_Ammo.03.Weight=1.000000 -> OK
[451] RowUpdate LIST_PaV_04_Boss_Ammo.03.CountRange=(X=36,Y=36) -> OK
[452] RowUpdate LIST_PaV_04_Boss_Consume.01.Weight=0.500000 -> OK
[453] RowUpdate LIST_PaV_04_Boss_Consume.02.Weight=0.500000 -> OK
[454] RowUpdate LIST_PaV_04_Boss_Consume.03.Weight=0.000000 -> OK
[455] RowUpdate LIST_PaV_04_Boss_Consume.04.Weight=0.000000 -> OK
[496] RowUpdate PKG_DragRace_Winner.04.LootPackageCall=LIST_DragRace -> OK
[497] RowUpdate PKG_GoldenWaterfall_Weapon.04.Weight=0.600000 -> OK
[498] RowUpdate PKG_GoldenWaterfall_Weapon.04.LootPackageCall=WorldList.Weapons.Rarity.Rare -> OK
[499] RowUpdate PKG_GoldenWaterfall_Weapon.05.Weight=0.400000 -> OK
[500] RowUpdate PKG_GoldenWaterfall_Weapon.05.LootPackageCall=WorldList.Weapons.Rarity.Epic -> OK
[501] RowUpdate LIST_IceKingLieutenant_Weapon.01.ItemDefinition=/WeaponsUpdated/Gameplay/Pistol/WID_Pistol_Auto_HighTier_Athena_SR.WID_Pistol_Auto_HighTier_Athena_SR -> OK
[502] RowUpdate LIST_IceKingLieutenant_Weapon.02.ItemDefinition=/WeaponsUpdated/Gameplay/Pistol/WID_Pistol_Auto_HighTier_Athena_UR.WID_Pistol_Auto_HighTier_Athena_UR -> OK
[503] RowUpdate LIST_DeadliftRecord_Mythic.01.ItemDefinition=/DragonCartWeaponGameplay/Gameplay/DragonCart_Pump/WID_Shotgun_Pump_DragonCart_Athena_UR.WID_Shotgun_Pump_DragonCart_Athena_UR -> OK
[504] AddRow -> ADD LIST_DragRace.01
[505] RowUpdate WorldList.AthenaWadStash.Small.01.CountRange=(X=150,Y=150) -> OK
[506] RowUpdate WorldList.AthenaWadStash.Small.02.CountRange=(X=200,Y=200) -> OK
[507] RowUpdate WorldList.AthenaWadStash.Small.03.CountRange=(X=275,Y=275) -> OK
[508] RowUpdate WorldList.AthenaWadStash.Small.04.CountRange=(X=400,Y=400) -> OK
[509] RowUpdate WorldList.AthenaWadStash.Large.01.CountRange=(X=750,Y=750) -> OK
[510] RowUpdate WorldList.AthenaWadChests.01.CountRange=(X=50,Y=50) -> OK
[511] RowUpdate WorldList.AthenaWadChests.02.CountRange=(X=80,Y=80) -> OK
[512] RowUpdate WorldList.AthenaWadChests.03.CountRange=(X=100,Y=100) -> OK
[513] RowUpdate WorldList.FlopperDefault.Light.01.CountRange=(X=150,Y=150) -> OK
[514] RowUpdate WorldList.FlopperHigh.Light.01.CountRange=(X=150,Y=150) -> OK
[515] RowUpdate WorldList.FlopperHigh.Consumables.03.CountRange=(X=150,Y=150) -> OK
[516] RowUpdate WorldList.FlopperBetter.Light.01.CountRange=(X=150,Y=150) -> OK
[517] RowUpdate WorldList.FlopperBetter.Shell.01.CountRange=(X=150,Y=150) -> OK
[518] RowUpdate WorldList.FlopperBetter.Medium.18.CountRange=(X=150,Y=150) -> OK
[519] RowUpdate LIST_BountyBoard_Gold.01.CountRange=(X=1000,Y=1000) -> OK
[612] RowUpdate WorldList.AthenaHighConsumables.Healing.08.Weight=0.040000 -> OK
[613] RowUpdate WorldList.AthenaConsumables.Healing.08.Weight=0.010000 -> OK
[615] RowUpdate LIST_Llamanamoly.05.ItemDefinition=/RiftGauntletsGameplay/Items/WID_RiftGauntlets.WID_RiftGauntlets -> OK
[768] RowUpdate WorldList.AthenaHighConsumables.14.Weight=0.000000 -> OK
[769] RowUpdate WorldList.AthenaHighConsumablesRare.14.Weight=0.000000 -> OK
[770] RowUpdate WorldList.AthenaSupplyDropConsumables.13.Weight=0.000000 -> OK
[771] RowUpdate WorldList.AthenaConsumables.14.Weight=0.000000 -> OK
[HOTFIX:SEASON2] done: applied=42, deleted=0, skipped=0
[WRITE] final -> E:\フォートナイト\Picture\Loot Pool\TEST4\New Loot\System Update\BR\input\AthenaLootPackages_Client__final.json
[WRITE] per-input -> E:\フォートナイト\Picture\Loot Pool\TEST4\New Loot\System Update\BR\input\TeaCakeLootPackages_Client__final.json
2026-04-17 18:43:49 | INFO | hotfix start: E:\フォートナイト\Picture\Loot Pool\TEST4\New Loot\System Update\LootTier.py
2026-04-17 18:43:50 | INFO | hotfix lt stdout: [STEP1-1] base e:\Fmodel\Exports\FortniteGame\Content\Items\DataTables\AthenaLootTierData_Client.json
[HOTFIX:SEASON1] target=/Game/Items/DataTables/AthenaLootTierData_Client
[HOTFIX:SEASON1] done: applied=0, deleted=0, skipped=0
[STEP1-2] merge e:\Fmodel\Exports\FortniteGame\Plugins\GameFeatures\TeaCakeLoot\Content\DataTables\TeaCakeLootTierData_Client.json : replaced=1, added=120
[HOTFIX:SEASON2] target=/TeaCakeLoot/DataTables/TeaCakeLootTierData_Client
[HOTFIX:SEASON2] done: applied=0, deleted=0, skipped=0
[WRITE] final -> E:\フォートナイト\Picture\Loot Pool\TEST4\New Loot\System Update\BR\input\AthenaLootTierData_Client__final.json
[WRITE] per-input -> E:\フォートナイト\Picture\Loot Pool\TEST4\New Loot\System Update\BR\input\TeaCakeLootTierData_Client__final.json
2026-04-17 18:43:50 | INFO | ✓ Hotfix 適用完了 (0.71s)
2026-04-17 18:43:50 | INFO | load lt: E:\フォートナイト\Picture\Loot Pool\TEST4\New Loot\System Update\BR\input\AthenaLootTierData_Client__final.json
2026-04-17 18:43:50 | INFO | load lp: E:\フォートナイト\Picture\Loot Pool\TEST4\New Loot\System Update\BR\input\AthenaLootPackages_Client__final.json
2026-04-17 18:43:50 | INFO | load done (0.02s)
2026-04-17 18:43:50 | INFO | build summary start
