2026-06-06 10:47:45 | INFO | log file: E:\フォートナイト\Picture\Loot Pool\TEST4\New Loot\System Update\BR\output\logs\pipeline_2026-06-06_10-47-45.log
2026-06-06 10:47:45 | INFO | ===== BR: pipeline start =====
2026-06-06 10:47:45 | INFO | paths: lt=E:\フォートナイト\Picture\Loot Pool\TEST4\New Loot\System Update\BR\input\AthenaLootTierData_Client__final.json lp=E:\フォートナイト\Picture\Loot Pool\TEST4\New Loot\System Update\BR\input\AthenaLootPackages_Client__final.json minlist=E:\フォートナイト\Picture\Loot Pool\TEST4\New Loot\System Update\BR\input\items_unique_min.json
2026-06-06 10:47:45 | INFO | output: summary=E:\フォートナイト\Picture\Loot Pool\TEST4\New Loot\System Update\BR\output\summary lootdata=E:\フォートナイト\Picture\Loot Pool\TEST4\New Loot\System Update\戦利品データ\BR
2026-06-06 10:47:45 | INFO | flags: hotfix=True prewarm=True image=True workers=8
2026-06-06 10:47:45 | INFO | hotfix start: E:\フォートナイト\Picture\Loot Pool\TEST4\New Loot\System Update\LootPackage.py
2026-06-06 10:47:45 | INFO | hotfix lp stdout: [STEP1-1] base e:\Fmodel\Exports\FortniteGame\Content\Items\DataTables\AthenaLootPackages_Client.json
[HOTFIX:SEASON1] target=/Game/Items/DataTables/AthenaLootPackages_Client
[HOTFIX:SEASON1] Addrow(TableUpdate) なし -> スキップ
[HOTFIX:SEASON1] done: applied=0, deleted=0, skipped=0
[STEP1-2] merge e:\Fmodel\Exports\FortniteGame\Plugins\GameFeatures\OrangeRemoteLoot\Content\DataTables\OrangeRemoteLootPackages_Client.json : replaced=134, added=636
[HOTFIX:SEASON2] target=/OrangeRemoteLoot/DataTables/OrangeRemoteLootPackages_Client
[HOTFIX:SEASON2] Addrow(TableUpdate) なし -> スキップ
[HOTFIX:SEASON2] done: applied=0, deleted=0, skipped=0
[WRITE] final -> E:\フォートナイト\Picture\Loot Pool\TEST4\New Loot\System Update\BR\input\AthenaLootPackages_Client__final.json
[WRITE] per-input -> E:\フォートナイト\Picture\Loot Pool\TEST4\New Loot\System Update\BR\input\OrangeRemoteLootPackages_Client__final.json
2026-06-06 10:47:45 | INFO | hotfix start: E:\フォートナイト\Picture\Loot Pool\TEST4\New Loot\System Update\LootTier.py
2026-06-06 10:47:45 | INFO | hotfix lt stdout: [STEP1-1] base e:\Fmodel\Exports\FortniteGame\Content\Items\DataTables\AthenaLootTierData_Client.json
[HOTFIX:SEASON1] target=/Game/Items/DataTables/AthenaLootTierData_Client
[HOTFIX:SEASON1] done: applied=0, deleted=0, skipped=0
[STEP1-2] merge e:\Fmodel\Exports\FortniteGame\Plugins\GameFeatures\OrangeRemoteLoot\Content\DataTables\OrangeRemoteLootTierData_Client.json : replaced=0, added=101
[HOTFIX:SEASON2] target=/OrangeRemoteLoot/DataTables/OrangeRemoteLootTierData_Client
[HOTFIX:SEASON2] done: applied=0, deleted=0, skipped=0
[WRITE] final -> E:\フォートナイト\Picture\Loot Pool\TEST4\New Loot\System Update\BR\input\AthenaLootTierData_Client__final.json
[WRITE] per-input -> E:\フォートナイト\Picture\Loot Pool\TEST4\New Loot\System Update\BR\input\OrangeRemoteLootTierData_Client__final.json
2026-06-06 10:47:45 | INFO | ✓ Hotfix 適用完了 (0.57s)
2026-06-06 10:47:45 | INFO | load lt: E:\フォートナイト\Picture\Loot Pool\TEST4\New Loot\System Update\BR\input\AthenaLootTierData_Client__final.json
2026-06-06 10:47:45 | INFO | load lp: E:\フォートナイト\Picture\Loot Pool\TEST4\New Loot\System Update\BR\input\AthenaLootPackages_Client__final.json
2026-06-06 10:47:45 | INFO | load done (0.01s)
2026-06-06 10:47:45 | INFO | build summary start
2026-06-06 10:48:01 | INFO | build summary done (15.06s)
2026-06-06 10:48:01 | INFO | enrich summary with names start
2026-06-06 10:48:11 | INFO | enrich summary done (10.69s)
2026-06-06 10:48:11 | INFO | ✅ まとめJSONを作成: E:\フォートナイト\Picture\Loot Pool\TEST4\New Loot\System Update\BR\output\summary\v39.30_2026-06-06_10-48.json
2026-06-06 10:48:11 | INFO | build item metadata start
2026-06-06 10:48:44 | INFO | ✅ アイテム名・説明・タグJSONを更新: E:\フォートナイト\Picture\Loot Pool\TEST4\New Loot\System Update\shared\cache\item_metadata.json (33.06s)
2026-06-06 10:48:44 | INFO | build BR_LootData start
2026-06-06 10:48:44 | INFO | build BR_LootData done (0.00s)
2026-06-06 10:48:44 | INFO | ✅ BR_LootData を作成: E:\フォートナイト\Picture\Loot Pool\TEST4\New Loot\System Update\戦利品データ\BR\BR_LootData_2026-06-06_10-48.json
2026-06-06 10:48:44 | INFO | ✅ Web LootPool を更新: E:\フォートナイト\Web\assets\data\Loot\BR_LootPool.json
2026-06-06 10:48:44 | INFO | LootSummary start: E:\フォートナイト\Picture\Loot Pool\TEST4\New Loot\System Update\BR\scripts\LootSummary.py
2026-06-06 10:48:45 | INFO | LootSummary stdout: 🔎 抽出用: 最新ファイル = E:\フォートナイト\Picture\Loot Pool\TEST4\New Loot\System Update\BR\output\summary\v39.30_2026-06-06_10-48.json
✅ 抽出件数: 128
💾 保存: E:\フォートナイト\Picture\Loot Pool\TEST4\New Loot\System Update\BR\input\items_unique_min.json
🔎 比較用: base   = E:\フォートナイト\Picture\Loot Pool\TEST4\New Loot\System Update\BR\output\summary\v39.30_2026-05-30_04-39.json
🔎 比較用: target = E:\フォートナイト\Picture\Loot Pool\TEST4\New Loot\System Update\BR\output\summary\v39.30_2026-06-06_10-48.json
✅ 差分作成 完了
  追加   : 93 / 削除 : 70 / 変更 : 0 / 変化なし : 35
💾 差分: E:\フォートナイト\Picture\Loot Pool\TEST4\New Loot\System Update\BR\output\history\BR_20260606_1048\items_unique_min_diff.json
2026-06-06 10:48:45 | WARNING | LootSummary stderr: E:\フォートナイト\Picture\Loot Pool\TEST4\New Loot\System Update\BR\scripts\LootSummary.py:2: SyntaxWarning: invalid escape sequence '\B'
  """
2026-06-06 10:48:45 | INFO | ✅ LootSummary 実行完了（抽出→比較） (0.58s)
2026-06-06 10:48:45 | INFO | prewarm start
2026-06-06 10:48:58 | INFO | ✅ アイコンキャッシュ プリウォーム完了 (12.74s)
2026-06-06 10:48:58 | INFO | 画像化タスク数: 128
2026-06-06 10:48:58 | INFO | 画像生成 進捗: 1/128
2026-06-06 10:48:59 | INFO | 画像生成 進捗: 50/128
2026-06-06 10:49:00 | INFO | 画像生成 進捗: 100/128
2026-06-06 10:49:01 | INFO | 画像生成 進捗: 128/128
2026-06-06 10:49:01 | INFO | ✅ 画像生成 完了（MinListベース）
2026-06-06 10:49:01 | INFO | ✅ Loot diff を作成: E:\フォートナイト\Web\assets\data\Loot\diff\BR_2026-06-06_10-49-01.json (added=120 removed=103 change=29)
2026-06-06 10:49:02 | INFO | ✅ AddedItems 画像を保存: E:\フォートナイト\Picture\Loot Pool\TEST4\New Loot\System Update\shared\images\BR\AddedItems\2026-06-06_10-49-01 (copied=109 missing=0)
2026-06-06 10:49:02 | INFO | git add: E:\フォートナイト\Picture\Loot Pool\TEST4\New Loot
2026-06-06 10:49:32 | INFO | git commit stdout: [main 3bfd8cb] BR update 2026-06-06 10:49:27
 245 files changed, 178867 insertions(+), 138535 deletions(-)
 create mode 100644 System Update/BR/input/OrangeRemoteLootPackages_Client__final.json
 create mode 100644 System Update/BR/input/OrangeRemoteLootTierData_Client__final.json
 create mode 100644 System Update/BR/output/history/BR_20260606_1048/items_unique_min_diff.json
 create mode 100644 System Update/BR/output/logs/pipeline_2026-06-06_10-47-45.log
 create mode 100644 System Update/BR/output/summary/v39.30_2026-06-06_10-48.json
 create mode 100644 System Update/shared/icon_cache/DeployableTurretGameplay__Items__DeployableTurret__UI__T-T-Icon-BR-Gadget-DeployableTurret-Briefcase-L.png
 create mode 100644 System Update/shared/icon_cache/EMPGameplay__Items__EMPGrenade__UI__T-T-Icon-BR-Explosive-Grenade-EMP-L.png
 create mode 100644 System Update/shared/icon_cache/FillerGrunt__Assets__Icons__T_Icon_Weapons_Pistol_FillerGrunt_L.png
 create mode 100644 System Update/shared/icon_cache/FillerGrunt__Assets__Icons__T_Icon_Weapons_Pistol_FillerGrunt_Mythic_L.png
 create mode 100644 System Update/shared/icon_cache/FlipperGameplay__Icons__T-Icon-Weapons-CoreSlowFireShotgunWeapon-L.png
 create mode 100644 System Update/shared/icon_cache/Game__UI__Foundation__Textures__Icons__Items__T-Icon-S-Loot-GoldCurrency.png
 create mode 100644 System Update/shared/icon_cache/KeysAndLocks__Items__KeysAndLocks__Icons__T-T-Icon-BR-Key-L.png
 create mode 100644 System Update/shared/icon_cache/OrangeRemoteWeaponGameplay__Assets__TripleBarrel_Shotgun__Icons__T_Icon_Weapons_Shotgun_TripleBarrel_L.png
 create mode 100644 System Update/shared/icon_cache/OrangeRemoteWeaponGameplay__Assets__TripleBarrel_Shotgun__Icons__T_Icon_Weapons_Shotgun_TripleBarrel_RacketLung_L.png
 create mode 100644 System Update/shared/icon_cache/OrangeRemoteWeaponGameplay__Gameplay__BurstAR__Icons__T_Icon_Weapons_Rifle_Assault_UnscopedBurst_ui_L.png
 create mode 100644 System Update/shared/icon_cache/OrangeRemoteWeaponGameplay__Gameplay__DV_LMG__Icons__T_Icon_Weapons_Rifle_DarkVoyager_ui_L.png
 create mode 100644 System Update/shared/icon_cache/RelicVault__Assets__T_Icon_BR_Keycard_RelicVault_L.png
 create mode 100644 System Update/shared/icon_cache/SevenSlide__Assets__Icons__T_Icon_BR_Gadget_SevenSlider_ui_L.png
 create mode 100644 System Update/shared/icon_cache/SpriteLibrary_CH7S3__UI__T_Icon_BR_Creature_Sprite_BurntPeanut_ui_L.png
 create mode 100644 System Update/shared/icon_cache/SpriteLibrary_CH7S3__UI__T_Icon_BR_Creature_Sprite_Earth_Ch7S3_UI_L.png
 create mode 100644 System Update/shared/icon_cache/SpriteLibrary_CH7S3__UI__T_Icon_BR_Creature_Sprite_Earth_Galaxy_ui_L.png
 create mode 100644 System Update/shared/icon_cache/SpriteLibrary_CH7S3__UI__T_Icon_BR_Creature_Sprite_Earth_Gold_ui_L.png
 create mode 100644 System Update/shared/icon_cache/SpriteLibrary_CH7S3__UI__T_Icon_BR_Creature_Sprite_Fire_Galaxy_ui_L.png
 create mode 100644 System Update/shared/icon_cache/SpriteLibrary_CH7S3__UI__T_Icon_BR_Creature_Sprite_Fire_Gold_ui_L.png
 create mode 100644 System Update/shared/icon_cache/SpriteLibrary_CH7S3__UI__T_Icon_BR_Creature_Sprite_Fire_Unvault_Ch7S3_ui_L.png
 create mode 100644 System Update/shared/icon_cache/SpriteLibrary_CH7S3__UI__T_Icon_BR_Creature_Sprite_Ghost_Galaxy_L.png
 create mode 100644 System Update/shared/icon_cache/SpriteLibrary_CH7S3__UI__T_Icon_BR_Creature_Sprite_Ghost_Gold_L.png
 create mode 100644 System Update/shared/icon_cache/SpriteLibrary_CH7S3__UI__T_Icon_BR_Creature_Sprite_Ghost_Unvault_L.png
 create mode 100644 System Update/shared/icon_cache/SpriteLibrary_CH7S3__UI__T_Icon_BR_Creature_Sprite_King_ui_L.png
 create mode 100644 System Update/shared/icon_cache/SpriteLibrary_CH7S3__UI__T_Icon_BR_Creature_Sprite_Punk_Galaxy_ui_L.png
 create mode 100644 System Update/shared/icon_cache/SpriteLibrary_CH7S3__UI__T_Icon_BR_Creature_Sprite_Punk_Gold_ui_L.png
 create mode 100644 System Update/shared/icon_cache/SpriteLibrary_CH7S3__UI__T_Icon_BR_Creature_Sprite_Punk_ui_L.png
 create mode 100644 System Update/shared/icon_cache/SpriteLibrary_CH7S3__UI__T_Icon_BR_Creature_Sprite_Sleepy_Galaxy_ui_L.png
 create mode 100644 System Update/shared/icon_cache/SpriteLibrary_CH7S3__UI__T_Icon_BR_Creature_Sprite_Sleepy_Gold_ui_L.png
 create mode 100644 System Update/shared/icon_cache/SpriteLibrary_CH7S3__UI__T_Icon_BR_Creature_Sprite_Sleepy_ui_L.png
 create mode 100644 System Update/shared/icon_cache/SpriteLibrary_CH7S3__UI__T_Icon_BR_Creature_Sprite_Water_Galaxy_ui_L.png
 create mode 100644 System Update/shared/icon_cache/SpriteLibrary_CH7S3__UI__T_Icon_BR_Creature_Sprite_Water_Gold_ui_L.png
 create mode 100644 System Update/shared/icon_cache/SpriteLibrary_CH7S3__UI__T_Icon_BR_Creature_Sprite_Water_Unvault_Ch7S3_ui_L.png
 create mode 100644 System Update/shared/icon_cache/SpriteLibrary_CH7S3__UI__T_Icon_BR_Creature_Sprite_ZeroPoint_Galaxy_ui_L.png
 create mode 100644 System Update/shared/icon_cache/SpriteLibrary_CH7S3__UI__T_Icon_BR_Creature_Sprite_ZeroPoint_Gold_ui_L.png
 create mode 100644 System Update/shared/icon_cache/SpriteLibrary_CH7S3__UI__T_Icon_BR_Creature_Sprite_ZeroPoint_ui_L.png
 create mode 100644 System Update/shared/icon_cache/SpriteLibrary_CH7S3__UI__T_Icon_BR_Duck_Default_L.png
 create mode 100644 System Update/shared/icon_cache/SpriteLibrary_CH7S3__UI__T_Icon_BR_Duck_Galaxy_L.png
 create mode 100644 System Update/shared/icon_cache/SpriteLibrary_CH7S3__UI__T_Icon_BR_Duck_Gold_L.png
 create mode 100644 System Update/shared/icon_cache/SpriteLibrary_CH7S3__UI__T_Icon_BR_RedDemon_Default_L.png
 create mode 100644 System Update/shared/icon_cache/SpriteLibrary_CH7S3__UI__T_Icon_BR_RedDemon_Galaxy_L.png
 create mode 100644 System Update/shared/icon_cache/SpriteLibrary_CH7S3__UI__T_Icon_BR_RedDemon_Gold_L.png
 create mode 100644 System Update/shared/icon_cache/ThrownMarkingGameplay__Assets__Icons__T_Icon_BR_ReconScannerClosed_L.png
 create mode 100644 "System Update/shared/images/BR/9mm \343\203\220\343\203\220\343\203\244\343\202\254 - \343\203\206\343\202\243\343\202\2427.png"
 create mode 100644 "System Update/shared/images/BR/AddedItems/2026-06-06_10-49-01/\343\203\206\343\202\243\343\202\2421 - \343\202\250\343\202\257\343\202\271\343\203\206\343\203\263\343\203\211 \343\203\225\343\202\251\343\203\274\343\202\253\343\202\271\343\202\267\343\203\247\343\203\203\343\203\210\343\202\254\343\203\263.png"
 create mode 100644 "System Update/shared/images/BR/AddedItems/2026-06-06_10-49-01/\343\203\206\343\202\243\343\202\2421 - \343\202\253\343\202\252\343\202\271 \343\202\250\343\202\257\343\202\271\343\203\227\343\203\255\343\203\274\343\203\200\343\203\274\343\203\251\343\202\244\343\203\225\343\203\253.png"
 create mode 100644 "System Update/shared/images/BR/AddedItems/2026-06-06_10-49-01/\343\203\206\343\202\243\343\202\2421 - \343\202\264\343\203\274\343\203\253\343\203\211.png"
 create mode 100644 "System Update/shared/images/BR/AddedItems/2026-06-06_10-49-01/\343\203\206\343\202\243\343\202\2421 - \343\202\265\343\203\274\343\202\270\343\202\253\343\203\253 \343\203\220\343\203\274\343\202\271\343\203\210\343\203\251\343\202\244\343\203\225\343\203\253.png"
 create mode 100644 "System Update/shared/images/BR/AddedItems/2026-06-06_10-49-01/\343\203\206\343\202\243\343\202\2421 - \343\202\271\343\203\206\343\202\243\343\203\263\343\202\254\343\203\274\343\202\265\343\203\226\343\203\236\343\202\267\343\203\263\343\202\254\343\203\263.png"
 create mode 100644 "System Update/shared/images/BR/AddedItems/2026-06-06_10-49-01/\343\203\206\343\202\243\343\202\2421 - \343\202\271\343\203\210\343\203\251\343\202\244\343\202\253\343\203\274\343\203\235\343\203\263\343\203\227\343\202\267\343\203\247\343\203\203\343\203\210\343\202\254\343\203\263.png"
 create mode 100644 "System Update/shared/images/BR/AddedItems/2026-06-06_10-49-01/\343\203\206\343\202\243\343\202\2421 - \343\202\271\343\203\242\343\203\274\343\203\253\343\203\225\343\202\243\343\203\203\343\202\267\343\203\245.png"
 create mode 100644 "System Update/shared/images/BR/AddedItems/2026-06-06_10-49-01/\343\203\206\343\202\243\343\202\2421 - \343\202\271\343\203\251\343\203\274\343\203\227\343\202\255\343\203\216\343\202\263.png"
 create mode 100644 "System Update/shared/images/BR/AddedItems/2026-06-06_10-49-01/\343\203\206\343\202\243\343\202\2421 - \343\203\225\343\203\254\343\203\203\343\202\257\343\202\271 \343\202\265\343\203\226\343\203\236\343\202\267\343\203\263\343\202\254\343\203\263.png"
 create mode 100644 "System Update/shared/images/BR/AddedItems/2026-06-06_10-49-01/\343\203\206\343\202\243\343\202\2421 - \343\203\241\343\202\244\343\203\264\343\202\241\343\203\263 \343\202\252\343\203\274\343\203\210\343\202\267\343\203\247\343\203\203\343\203\210\343\202\254\343\203\263.png"
 create mode 100644 "System Update/shared/images/BR/AddedItems/2026-06-06_10-49-01/\343\203\206\343\202\243\343\202\2421 - \343\203\252\343\203\263\343\202\264.png"
 create mode 100644 "System Update/shared/images/BR/AddedItems/2026-06-06_10-49-01/\343\203\206\343\202\243\343\202\2421 - \343\203\254\343\203\263\343\202\270\343\203\243\343\203\274\343\203\224\343\202\271\343\203\210\343\203\253.png"
 create mode 100644 "System Update/shared/images/BR/AddedItems/2026-06-06_10-49-01/\343\203\206\343\202\243\343\202\2421 - \345\214\205\345\270\257.png"
 create mode 100644 "System Update/shared/images/BR/AddedItems/2026-06-06_10-49-01/\343\203\206\343\202\243\343\202\2421 - \345\274\276\350\226\254_ \343\203\255\343\202\261\343\203\203\343\203\210\345\274\276.png"
 create mode 100644 "System Update/shared/images/BR/AddedItems/2026-06-06_10-49-01/\343\203\206\343\202\243\343\202\2421 - \345\274\276\350\226\254_ \344\270\255\345\217\243\345\276\204\345\274\276.png"
 create mode 100644 "System Update/shared/images/BR/AddedItems/2026-06-06_10-49-01/\343\203\206\343\202\243\343\202\2421 - \345\274\276\350\226\254_ \345\244\247\345\217\243\345\276\204\345\274\276.png"
 create mode 100644 "System Update/shared/images/BR/AddedItems/2026-06-06_10-49-01/\343\203\206\343\202\243\343\202\2421 - \345\274\276\350\226\254_ \345\260\217\345\217\243\345\276\204\345\274\276.png"
 create mode 100644 "System Update/shared/images/BR/AddedItems/2026-06-06_10-49-01/\343\203\206\343\202\243\343\202\2421 - \345\274\276\350\226\254_ \346\225\243\345\274\276.png"
 create mode 100644 "System Update/shared/images/BR/AddedItems/2026-06-06_10-49-01/\343\203\206\343\202\243\343\202\2421 - \346\234\250\346\235\220.png"
 create mode 100644 "System Update/shared/images/BR/AddedItems/2026-06-06_10-49-01/\343\203\206\343\202\243\343\202\2421 - \347\237\263\346\235\220.png"
 create mode 100644 "System Update/shared/images/BR/AddedItems/2026-06-06_10-49-01/\343\203\206\343\202\243\343\202\2421 - \351\207\221\345\261\236.png"
 create mode 100644 "System Update/shared/images/BR/AddedItems/2026-06-06_10-49-01/\343\203\206\343\202\243\343\202\2422 - \343\202\250\343\202\257\343\202\271\343\203\206\343\203\263\343\203\211 \343\203\225\343\202\251\343\203\274\343\202\253\343\202\271\343\202\267\343\203\247\343\203\203\343\203\210\343\202\254\343\203\263.png"
 create mode 100644 "System Update/shared/images/BR/AddedItems/2026-06-06_10-49-01/\343\203\206\343\202\243\343\202\2422 - \343\202\253\343\202\252\343\202\271 \343\202\250\343\202\257\343\202\271\343\203\227\343\203\255\343\203\274\343\203\200\343\203\274\343\203\251\343\202\244\343\203\225\343\203\253.png"
 create mode 100644 "System Update/shared/images/BR/AddedItems/2026-06-06_10-49-01/\343\203\206\343\202\243\343\202\2422 - \343\202\253\343\202\252\343\202\271\343\203\252\343\203\255\343\203\274\343\203\200\343\203\274\343\202\267\343\203\247\343\203\203\343\203\210\343\202\254\343\203\263.png"
 create mode 100644 "System Update/shared/images/BR/AddedItems/2026-06-06_10-49-01/\343\203\206\343\202\243\343\202\2422 - \343\202\254\343\202\272\343\203\253\343\202\270\343\203\245\343\203\274\343\202\271.png"
 create mode 100644 "System Update/shared/images/BR/AddedItems/2026-06-06_10-49-01/\343\203\206\343\202\243\343\202\2422 - \343\202\265\343\203\274\343\202\270\343\202\253\343\203\253 \343\203\220\343\203\274\343\202\271\343\203\210\343\203\251\343\202\244\343\203\225\343\203\253.png"
 create mode 100644 "System Update/shared/images/BR/AddedItems/2026-06-06_10-49-01/\343\203\206\343\202\243\343\202\2422 - \343\202\271\343\203\206\343\202\243\343\203\263\343\202\254\343\203\274\343\202\265\343\203\226\343\203\236\343\202\267\343\203\263\343\202\254\343\203\263.png"
 create mode 100644 "System Update/shared/images/BR/AddedItems/2026-06-06_10-49-01/\343\203\206\343\202\243\343\202\2422 - \343\202\271\343\203\210\343\203\251\343\202\244\343\202\253\343\203\274\343\203\235\343\203\263\343\203\227\343\202\267\343\203\247\343\203\203\343\203\210\343\202\254\343\203\263.png"
 create mode 100644 "System Update/shared/images/BR/AddedItems/2026-06-06_10-49-01/\343\203\206\343\202\243\343\202\2422 - \343\203\217\343\203\263\343\203\206\343\202\243\343\203\263\343\202\260\343\203\251\343\202\244\343\203\225\343\203\253.png"
 create mode 100644 "System Update/shared/images/BR/AddedItems/2026-06-06_10-49-01/\343\203\206\343\202\243\343\202\2422 - \343\203\225\343\203\254\343\203\203\343\202\257\343\202\271 \343\202\265\343\203\226\343\203\236\343\202\267\343\203\263\343\202\254\343\203\263.png"
 create mode 100644 "System Update/shared/images/BR/AddedItems/2026-06-06_10-49-01/\343\203\206\343\202\243\343\202\2422 - \343\203\225\343\203\255\343\203\203\343\203\221\343\203\274.png"
 create mode 100644 "System Update/shared/images/BR/AddedItems/2026-06-06_10-49-01/\343\203\206\343\202\243\343\202\2422 - \343\203\235\343\202\261\343\203\203\343\203\210\343\203\220\343\203\263\343\202\253\343\203\274.png"
 create mode 100644 "System Update/shared/images/BR/AddedItems/2026-06-06_10-49-01/\343\203\206\343\202\243\343\202\2422 - \343\203\237\343\203\213\343\202\267\343\203\274\343\203\253\343\203\211\343\203\235\343\203\274\343\202\267\343\203\247\343\203\263.png"
 create mode 100644 "System Update/shared/images/BR/AddedItems/2026-06-06_10-49-01/\343\203\206\343\202\243\343\202\2422 - \343\203\241\343\202\244\343\203\264\343\202\241\343\203\263 \343\202\252\343\203\274\343\203\210\343\202\267\343\203\247\343\203\203\343\203\210\343\202\254\343\203\263.png"
 create mode 100644 "System Update/shared/images/BR/AddedItems/2026-06-06_10-49-01/\343\203\206\343\202\243\343\202\2422 - \343\203\254\343\203\263\343\202\270\343\203\243\343\203\274\343\203\224\343\202\271\343\203\210\343\203\253.png"
 create mode 100644 "System Update/shared/images/BR/AddedItems/2026-06-06_10-49-01/\343\203\206\343\202\243\343\202\2422 - \345\214\273\347\231\202\343\202\255\343\203\203\343\203\210.png"
 create mode 100644 "System Update/shared/images/BR/AddedItems/2026-06-06_10-49-01/\343\203\206\343\202\243\343\202\2423 - ___.png"
 create mode 100644 "System Update/shared/images/BR/AddedItems/2026-06-06_10-49-01/\343\203\206\343\202\243\343\202\2423 - \343\202\250\343\202\257\343\202\271\343\203\206\343\203\263\343\203\211 \343\203\225\343\202\251\343\203\274\343\202\253\343\202\271\343\202\267\343\203\247\343\203\203\343\203\210\343\202\254\343\203\263.png"
 create mode 100644 "System Update/shared/images/BR/AddedItems/2026-06-06_10-49-01/\343\203\206\343\202\243\343\202\2423 - \343\202\252\343\203\274\343\203\220\343\203\274\343\203\211\343\203\251\343\202\244\343\203\226 \343\202\260\343\203\254\343\203\215\343\203\274\343\203\211.png"
 create mode 100644 "System Update/shared/images/BR/AddedItems/2026-06-06_10-49-01/\343\203\206\343\202\243\343\202\2423 - \343\202\253\343\202\252\343\202\271 \343\202\250\343\202\257\343\202\271\343\203\227\343\203\255\343\203\274\343\203\200\343\203\274\343\203\251\343\202\244\343\203\225\343\203\253.png"
 create mode 100644 "System Update/shared/images/BR/AddedItems/2026-06-06_10-49-01/\343\203\206\343\202\243\343\202\2423 - \343\202\253\343\202\252\343\202\271\343\203\252\343\203\255\343\203\274\343\203\200\343\203\274\343\202\267\343\203\247\343\203\203\343\203\210\343\202\254\343\203\263.png"
 create mode 100644 "System Update/shared/images/BR/AddedItems/2026-06-06_10-49-01/\343\203\206\343\202\243\343\202\2423 - \343\202\265\343\203\274\343\202\270\343\202\253\343\203\253 \343\203\220\343\203\274\343\202\271\343\203\210\343\203\251\343\202\244\343\203\225\343\203\253.png"
 create mode 100644 "System Update/shared/images/BR/AddedItems/2026-06-06_10-49-01/\343\203\206\343\202\243\343\202\2423 - \343\202\267\343\203\274\343\203\253\343\203\211\343\203\225\343\202\243\343\203\203\343\202\267\343\203\245.png"
 create mode 100644 "System Update/shared/images/BR/AddedItems/2026-06-06_10-49-01/\343\203\206\343\202\243\343\202\2423 - \343\202\267\343\203\274\343\203\253\343\203\211\343\203\226\343\203\254\343\202\244\343\202\253\343\203\274EMP.png"
 create mode 100644 "System Update/shared/images/BR/AddedItems/2026-06-06_10-49-01/\343\203\206\343\202\243\343\202\2423 - \343\202\267\343\203\274\343\203\253\343\203\211\343\203\235\343\203\274\343\202\267\343\203\247\343\203\263.png"
 create mode 100644 "System Update/shared/images/BR/AddedItems/2026-06-06_10-49-01/\343\203\206\343\202\243\343\202\2423 - \343\202\270\343\202\247\343\203\252\343\203\274\343\203\225\343\202\243\343\203\203\343\202\267\343\203\245.png"
 create mode 100644 "System Update/shared/images/BR/AddedItems/2026-06-06_10-49-01/\343\203\206\343\202\243\343\202\2423 - \343\202\271\343\203\206\343\202\243\343\203\263\343\202\254\343\203\274\343\202\265\343\203\226\343\203\236\343\202\267\343\203\263\343\202\254\343\203\263.png"
 create mode 100644 "System Update/shared/images/BR/AddedItems/2026-06-06_10-49-01/\343\203\206\343\202\243\343\202\2423 - \343\202\271\343\203\210\343\203\251\343\202\244\343\202\253\343\203\274\343\203\235\343\203\263\343\203\227\343\202\267\343\203\247\343\203\203\343\203\210\343\202\254\343\203\263.png"
 create mode 100644 "System Update/shared/images/BR/AddedItems/2026-06-06_10-49-01/\343\203\206\343\202\243\343\202\2423 - \343\202\271\343\203\221\343\202\244\343\202\267\343\203\274\343\203\225\343\202\243\343\203\203\343\202\267\343\203\245.png"
 create mode 100644 "System Update/shared/images/BR/AddedItems/2026-06-06_10-49-01/\343\203\206\343\202\243\343\202\2423 - \343\203\217\343\203\263\343\203\206\343\202\243\343\203\263\343\202\260\343\203\251\343\202\244\343\203\225\343\203\253.png"
 create mode 100644 "System Update/shared/images/BR/AddedItems/2026-06-06_10-49-01/\343\203\206\343\202\243\343\202\2423 - \343\203\225\343\203\254\343\203\203\343\202\257\343\202\271 \343\202\265\343\203\226\343\203\236\343\202\267\343\203\263\343\202\254\343\203\263.png"
 create mode 100644 "System Update/shared/images/BR/AddedItems/2026-06-06_10-49-01/\343\203\206\343\202\243\343\202\2423 - \343\203\241\343\202\244\343\203\264\343\202\241\343\203\263 \343\202\252\343\203\274\343\203\210\343\202\267\343\203\247\343\203\203\343\203\210\343\202\254\343\203\263.png"
 create mode 100644 "System Update/shared/images/BR/AddedItems/2026-06-06_10-49-01/\343\203\206\343\202\243\343\202\2423 - \343\203\251\343\203\263\343\202\271\343\203\230\343\203\203\343\203\211 \343\203\224\343\202\271\343\203\210\343\203\253.png"
 create mode 100644 "System Update/shared/images/BR/AddedItems/2026-06-06_10-49-01/\343\203\206\343\202\243\343\202\2423 - \343\203\254\343\203\263\343\202\270\343\203\243\343\203\274\343\203\224\343\202\271\343\203\210\343\203\253.png"
 create mode 100644 "System Update/shared/images/BR/AddedItems/2026-06-06_10-49-01/\343\203\206\343\202\243\343\202\2423 - \344\277\235\347\256\241\345\272\253\343\201\256\343\202\253\343\202\256.png"
 create mode 100644 "System Update/shared/images/BR/AddedItems/2026-06-06_10-49-01/\343\203\206\343\202\243\343\202\2423 - \345\234\260\343\201\256\347\262\276\351\234\212.png"
 create mode 100644 "System Update/shared/images/BR/AddedItems/2026-06-06_10-49-01/\343\203\206\343\202\243\343\202\2423 - \346\260\264\343\201\256\347\262\276\351\234\212.png"
 create mode 100644 "System Update/shared/images/BR/AddedItems/2026-06-06_10-49-01/\343\203\206\343\202\243\343\202\2423 - \347\202\216\343\201\256\347\262\276\351\234\212.png"
 create mode 100644 "System Update/shared/images/BR/AddedItems/2026-06-06_10-49-01/\343\203\206\343\202\243\343\202\2424 - ___.png"
 create mode 100644 "System Update/shared/images/BR/AddedItems/2026-06-06_10-49-01/\343\203\206\343\202\243\343\202\2424 - \343\202\250\343\202\257\343\202\271\343\203\206\343\203\263\343\203\211 \343\203\225\343\202\251\343\203\274\343\202\253\343\202\271\343\202\267\343\203\247\343\203\203\343\203\210\343\202\254\343\203\263.png"
 create mode 100644 "System Update/shared/images/BR/AddedItems/2026-06-06_10-49-01/\343\203\206\343\202\243\343\202\2424 - \343\202\253\343\202\252\343\202\271 \343\202\250\343\202\257\343\202\271\343\203\227\343\203\255\343\203\274\343\203\200\343\203\274\343\203\251\343\202\244\343\203\225\343\203\253.png"
 create mode 100644 "System Update/shared/images/BR/AddedItems/2026-06-06_10-49-01/\343\203\206\343\202\243\343\202\2424 - \343\202\253\343\202\252\343\202\271\343\203\252\343\203\255\343\203\274\343\203\200\343\203\274\343\202\267\343\203\247\343\203\203\343\203\210\343\202\254\343\203\263.png"
 create mode 100644 "System Update/shared/images/BR/AddedItems/2026-06-06_10-49-01/\343\203\206\343\202\243\343\202\2424 - \343\202\256\343\203\243\343\203\251\343\202\257\343\202\267\343\203\274 \343\202\264\343\203\274\343\202\271\343\203\210\347\262\276\351\234\212.png"
 create mode 100644 "System Update/shared/images/BR/AddedItems/2026-06-06_10-49-01/\343\203\206\343\202\243\343\202\2424 - \343\202\264\343\203\274\343\202\271\343\203\210\347\262\276\351\234\212.png"
 create mode 100644 "System Update/shared/images/BR/AddedItems/2026-06-06_10-49-01/\343\203\206\343\202\243\343\202\2424 - \343\202\264\343\203\274\343\203\253\343\203\211 \343\202\264\343\203\274\343\202\271\343\203\210\347\262\276\351\234\212.png"
 create mode 100644 "System Update/shared/images/BR/AddedItems/2026-06-06_10-49-01/\343\203\206\343\202\243\343\202\2424 - \343\202\265\343\203\274\343\202\270\343\202\253\343\203\253 \343\203\220\343\203\274\343\202\271\343\203\210\343\203\251\343\202\244\343\203\225\343\203\253.png"
 create mode 100644 "System Update/shared/images/BR/AddedItems/2026-06-06_10-49-01/\343\203\206\343\202\243\343\202\2424 - \343\202\271\343\203\206\343\202\243\343\203\263\343\202\254\343\203\274\343\202\265\343\203\226\343\203\236\343\202\267\343\203\263\343\202\254\343\203\263.png"
 create mode 100644 "System Update/shared/images/BR/AddedItems/2026-06-06_10-49-01/\343\203\206\343\202\243\343\202\2424 - \343\202\271\343\203\210\343\203\251\343\202\244\343\202\253\343\203\274\343\203\235\343\203\263\343\203\227\343\202\267\343\203\247\343\203\203\343\203\210\343\202\254\343\203\263.png"
 create mode 100644 "System Update/shared/images/BR/AddedItems/2026-06-06_10-49-01/\343\203\206\343\202\243\343\202\2424 - \343\202\273\343\203\226\343\203\263\343\202\271\343\203\251\343\202\244\343\203\200\343\203\274.png"
 create mode 100644 "System Update/shared/images/BR/AddedItems/2026-06-06_10-49-01/\343\203\206\343\202\243\343\202\2424 - \343\203\200\343\203\203\343\202\257\347\262\276\351\234\212.png"
 create mode 100644 "System Update/shared/images/BR/AddedItems/2026-06-06_10-49-01/\343\203\206\343\202\243\343\202\2424 - \343\203\207\343\203\274\343\203\242\343\203\263\347\262\276\351\234\212.png"
 create mode 100644 "System Update/shared/images/BR/AddedItems/2026-06-06_10-49-01/\343\203\206\343\202\243\343\202\2424 - \343\203\217\343\203\263\343\203\206\343\202\243\343\203\263\343\202\260\343\203\251\343\202\244\343\203\225\343\203\253.png"
 create mode 100644 "System Update/shared/images/BR/AddedItems/2026-06-06_10-49-01/\343\203\206\343\202\243\343\202\2424 - \343\203\221\343\203\253\343\202\271\343\203\273\343\202\271\343\202\255\343\203\243\343\203\212\343\203\274.png"
 create mode 100644 "System Update/shared/images/BR/AddedItems/2026-06-06_10-49-01/\343\203\206\343\202\243\343\202\2424 - \343\203\223\343\202\270\343\203\215\343\202\271\343\202\277\343\203\254\343\203\203\343\203\210.png"
 create mode 100644 "System Update/shared/images/BR/AddedItems/2026-06-06_10-49-01/\343\203\206\343\202\243\343\202\2424 - \343\203\225\343\203\254\343\203\203\343\202\257\343\202\271 \343\202\265\343\203\226\343\203\236\343\202\267\343\203\263\343\202\254\343\203\263.png"
 create mode 100644 "System Update/shared/images/BR/AddedItems/2026-06-06_10-49-01/\343\203\206\343\202\243\343\202\2424 - \343\203\235\343\203\274\343\202\277\343\203\226\343\203\253\350\243\202\343\201\221\347\233\256.png"
 create mode 100644 "System Update/shared/images/BR/AddedItems/2026-06-06_10-49-01/\343\203\206\343\202\243\343\202\2424 - \343\203\241\343\202\244\343\203\264\343\202\241\343\203\263 \343\202\252\343\203\274\343\203\210\343\202\267\343\203\247\343\203\203\343\203\210\343\202\254\343\203\263.png"
 create mode 100644 "System Update/shared/images/BR/AddedItems/2026-06-06_10-49-01/\343\203\206\343\202\243\343\202\2424 - \343\203\251\343\203\263\343\202\271\343\203\230\343\203\203\343\203\211 \343\203\224\343\202\271\343\203\210\343\203\253.png"
 create mode 100644 "System Update/shared/images/BR/AddedItems/2026-06-06_10-49-01/\343\203\206\343\202\243\343\202\2424 - \343\203\254\343\203\263\343\202\270\343\203\243\343\203\274\343\203\224\343\202\271\343\203\210\343\203\253.png"
 create mode 100644 "System Update/shared/images/BR/AddedItems/2026-06-06_10-49-01/\343\203\206\343\202\243\343\202\2424 - \347\216\213\346\247\230\343\201\256\347\262\276\351\234\212.png"
 create mode 100644 "System Update/shared/images/BR/AddedItems/2026-06-06_10-49-01/\343\203\206\343\202\243\343\202\2425 - ___.png"
 create mode 100644 "System Update/shared/images/BR/AddedItems/2026-06-06_10-49-01/\343\203\206\343\202\243\343\202\2425 - \343\202\250\343\202\257\343\202\271\343\203\206\343\203\263\343\203\211 \343\203\225\343\202\251\343\203\274\343\202\253\343\202\271\343\202\267\343\203\247\343\203\203\343\203\210\343\202\254\343\203\263.png"
 create mode 100644 "System Update/shared/images/BR/AddedItems/2026-06-06_10-49-01/\343\203\206\343\202\243\343\202\2425 - \343\202\253\343\202\252\343\202\271 \343\202\250\343\202\257\343\202\271\343\203\227\343\203\255\343\203\274\343\203\200\343\203\274\343\203\251\343\202\244\343\203\225\343\203\253.png"
 create mode 100644 "System Update/shared/images/BR/AddedItems/2026-06-06_10-49-01/\343\203\206\343\202\243\343\202\2425 - \343\202\253\343\202\252\343\202\271\343\203\252\343\203\255\343\203\274\343\203\200\343\203\274\343\202\267\343\203\247\343\203\203\343\203\210\343\202\254\343\203\263.png"
 create mode 100644 "System Update/shared/images/BR/AddedItems/2026-06-06_10-49-01/\343\203\206\343\202\243\343\202\2425 - \343\202\256\343\203\243\343\203\251\343\202\257\343\202\267\343\203\274 \345\244\242\343\201\256\347\262\276\351\234\212.png"
 create mode 100644 "System Update/shared/images/BR/AddedItems/2026-06-06_10-49-01/\343\203\206\343\202\243\343\202\2425 - \343\202\264\343\203\274\343\203\253\343\203\211 \345\244\242\343\201\256\347\262\276\351\234\212.png"
 create mode 100644 "System Update/shared/images/BR/AddedItems/2026-06-06_10-49-01/\343\203\206\343\202\243\343\202\2425 - \343\202\265\343\203\274\343\202\270\343\202\253\343\203\253 \343\203\220\343\203\274\343\202\271\343\203\210\343\203\251\343\202\244\343\203\225\343\203\253.png"
 create mode 100644 "System Update/shared/images/BR/AddedItems/2026-06-06_10-49-01/\343\203\206\343\202\243\343\202\2425 - \343\202\271\343\203\206\343\202\243\343\203\263\343\202\254\343\203\274\343\202\265\343\203\226\343\203\236\343\202\267\343\203\263\343\202\254\343\203\263.png"
 create mode 100644 "System Update/shared/images/BR/AddedItems/2026-06-06_10-49-01/\343\203\206\343\202\243\343\202\2425 - \343\202\271\343\203\210\343\203\251\343\202\244\343\202\253\343\203\274\343\203\235\343\203\263\343\203\227\343\202\267\343\203\247\343\203\203\343\203\210\343\202\254\343\203\263.png"
 create mode 100644 "System Update/shared/images/BR/AddedItems/2026-06-06_10-49-01/\343\203\206\343\202\243\343\202\2425 - \343\203\201\343\203\243\343\202\260\343\202\270\343\203\243\343\202\260.png"
 create mode 100644 "System Update/shared/images/BR/AddedItems/2026-06-06_10-49-01/\343\203\206\343\202\243\343\202\2425 - \343\203\217\343\203\263\343\203\206\343\202\243\343\203\263\343\202\260\343\203\251\343\202\244\343\203\225\343\203\253.png"
 create mode 100644 "System Update/shared/images/BR/AddedItems/2026-06-06_10-49-01/\343\203\206\343\202\243\343\202\2425 - \343\203\221\343\203\263\343\202\257\343\201\256\347\262\276\351\234\212.png"
 create mode 100644 "System Update/shared/images/BR/AddedItems/2026-06-06_10-49-01/\343\203\206\343\202\243\343\202\2425 - \343\203\225\343\203\254\343\203\203\343\202\257\343\202\271 \343\202\265\343\203\226\343\203\236\343\202\267\343\203\263\343\202\254\343\203\263.png"
 create mode 100644 "System Update/shared/images/BR/AddedItems/2026-06-06_10-49-01/\343\203\206\343\202\243\343\202\2425 - \343\203\241\343\202\244\343\203\264\343\202\241\343\203\263 \343\202\252\343\203\274\343\203\210\343\202\267\343\203\247\343\203\203\343\203\210\343\202\254\343\203\263.png"
 create mode 100644 "System Update/shared/images/BR/AddedItems/2026-06-06_10-49-01/\343\203\206\343\202\243\343\202\2425 - \343\203\251\343\203\263\343\202\271\343\203\230\343\203\203\343\203\211 \343\203\224\343\202\271\343\203\210\343\203\253.png"
 create mode 100644 "System Update/shared/images/BR/AddedItems/2026-06-06_10-49-01/\343\203\206\343\202\243\343\202\2425 - \343\203\254\343\203\263\343\202\270\343\203\243\343\203\274\343\203\224\343\202\271\343\203\210\343\203\253.png"
 create mode 100644 "System Update/shared/images/BR/AddedItems/2026-06-06_10-49-01/\343\203\206\343\202\243\343\202\2425 - \345\244\242\343\201\256\347\262\276\351\234\212.png"
 create mode 100644 "System Update/shared/images/BR/AddedItems/2026-06-06_10-49-01/\343\203\206\343\202\243\343\202\2425 - \350\207\252\345\267\261\350\230\207\347\224\237\343\203\207\343\203\220\343\202\244\343\202\271.png"
 create mode 100644 "System Update/shared/images/BR/AddedItems/2026-06-06_10-49-01/\343\203\206\343\202\243\343\202\2427 - 9mm \343\203\220\343\203\220\343\203\244\343\202\254.png"
 create mode 100644 "System Update/shared/images/BR/AddedItems/2026-06-06_10-49-01/\343\203\206\343\202\243\343\202\2427 - Burnt Peanut.png"
 create mode 100644 "System Update/shared/images/BR/AddedItems/2026-06-06_10-49-01/\343\203\206\343\202\243\343\202\2427 - ___.png"
 create mode 100644 "System Update/shared/images/BR/AddedItems/2026-06-06_10-49-01/\343\203\206\343\202\243\343\202\2427 - \343\202\246\343\202\251\343\203\253\343\203\225\343\201\256\343\203\241\343\202\244\343\203\264\343\202\241\343\203\263 \343\202\252\343\203\274\343\203\210\343\202\267\343\203\247\343\203\203\343\203\210\343\202\254\343\203\263.png"
 create mode 100644 "System Update/shared/images/BR/AddedItems/2026-06-06_10-49-01/\343\203\206\343\202\243\343\202\2427 - \343\202\264\343\203\274\343\203\253\343\203\207\343\203\263\343\203\210\343\203\252\343\203\245\343\203\225.png"
 create mode 100644 "System Update/shared/images/BR/AddedItems/2026-06-06_10-49-01/\343\203\206\343\202\243\343\202\2427 - \343\202\271\343\203\210\343\203\251\343\202\244\343\202\253\343\203\274\343\203\235\343\203\263\343\203\227\343\202\267\343\203\247\343\203\203\343\203\210\343\202\254\343\203\263.png"
 create mode 100644 "System Update/shared/images/BR/AddedItems/2026-06-06_10-49-01/\343\203\206\343\202\243\343\202\2427 - \343\202\274\343\203\255\343\203\235\343\202\244\343\203\263\343\203\210\347\262\276\351\234\212.png"
 create mode 100644 "System Update/shared/images/BR/AddedItems/2026-06-06_10-49-01/\343\203\206\343\202\243\343\202\2427 - \343\203\217\343\203\263\343\203\206\343\202\243\343\203\263\343\202\260\343\203\251\343\202\244\343\203\225\343\203\253.png"
 create mode 100644 "System Update/shared/images/BR/AddedItems/2026-06-06_10-49-01/\343\203\206\343\202\243\343\202\2427 - \343\203\252\343\203\237\343\203\203\343\203\210\343\203\254\343\202\271 \343\202\273\343\203\226\343\203\263\343\202\271\343\203\251\343\202\244\343\203\200\343\203\274.png"
 create mode 100644 "System Update/shared/images/BR/AddedItems/2026-06-06_10-49-01/\343\203\206\343\202\243\343\202\2427 - \343\203\252\343\203\274\343\203\201\343\203\243\343\203\274\343\203\273\343\202\250\343\202\257\343\202\271\343\203\206\343\203\263\343\203\211\343\203\273\343\202\267\343\203\247\343\203\203\343\203\210\343\202\254\343\203\263.png"
 create mode 100644 "System Update/shared/images/BR/AddedItems/2026-06-06_10-49-01/\343\203\206\343\202\243\343\202\2427 - \343\203\264\343\202\251\343\202\244\343\203\211\343\203\226\343\203\254\343\202\244\343\203\211\343\201\256\343\203\220\343\203\274\343\202\271\343\203\210\343\203\251\343\202\244\343\203\225\343\203\253.png"
 create mode 100644 "System Update/shared/images/BR/Burnt Peanut - \343\203\206\343\202\243\343\202\2427.png"
 create mode 100644 "System Update/shared/images/BR/___ - \343\203\206\343\202\243\343\202\2423.png"
 create mode 100644 "System Update/shared/images/BR/___ - \343\203\206\343\202\243\343\202\2424.png"
 create mode 100644 "System Update/shared/images/BR/___ - \343\203\206\343\202\243\343\202\2425.png"
 create mode 100644 "System Update/shared/images/BR/___ - \343\203\206\343\202\243\343\202\2427.png"
 create mode 100644 "System Update/shared/images/BR/\343\202\246\343\202\251\343\203\253\343\203\225\343\201\256\343\203\241\343\202\244\343\203\264\343\202\241\343\203\263 \343\202\252\343\203\274\343\203\210\343\202\267\343\203\247\343\203\203\343\203\210\343\202\254\343\203\263 - \343\203\206\343\202\243\343\202\2427.png"
 create mode 100644 "System Update/shared/images/BR/\343\202\250\343\202\257\343\202\271\343\203\206\343\203\263\343\203\211 \343\203\225\343\202\251\343\203\274\343\202\253\343\202\271\343\202\267\343\203\247\343\203\203\343\203\210\343\202\254\343\203\263 - \343\203\206\343\202\243\343\202\2421.png"
 create mode 100644 "System Update/shared/images/BR/\343\202\250\343\202\257\343\202\271\343\203\206\343\203\263\343\203\211 \343\203\225\343\202\251\343\203\274\343\202\253\343\202\271\343\202\267\343\203\247\343\203\203\343\203\210\343\202\254\343\203\263 - \343\203\206\343\202\243\343\202\2422.png"
 create mode 100644 "System Update/shared/images/BR/\343\202\250\343\202\257\343\202\271\343\203\206\343\203\263\343\203\211 \343\203\225\343\202\251\343\203\274\343\202\253\343\202\271\343\202\267\343\203\247\343\203\203\343\203\210\343\202\254\343\203\263 - \343\203\206\343\202\243\343\202\2423.png"
 create mode 100644 "System Update/shared/images/BR/\343\202\250\343\202\257\343\202\271\343\203\206\343\203\263\343\203\211 \343\203\225\343\202\251\343\203\274\343\202\253\343\202\271\343\202\267\343\203\247\343\203\203\343\203\210\343\202\254\343\203\263 - \343\203\206\343\202\243\343\202\2424.png"
 create mode 100644 "System Update/shared/images/BR/\343\202\250\343\202\257\343\202\271\343\203\206\343\203\263\343\203\211 \343\203\225\343\202\251\343\203\274\343\202\253\343\202\271\343\202\267\343\203\247\343\203\203\343\203\210\343\202\254\343\203\263 - \343\203\206\343\202\243\343\202\2425.png"
 create mode 100644 "System Update/shared/images/BR/\343\202\250\343\203\224\343\203\203\343\202\257\344\277\235\347\256\241\345\272\253\343\201\256\343\202\253\343\203\274\343\203\211\343\202\255\343\203\274 - \343\203\206\343\202\243\343\202\2425.png"
 create mode 100644 "System Update/shared/images/BR/\343\202\253\343\202\252\343\202\271 \343\202\250\343\202\257\343\202\271\343\203\227\343\203\255\343\203\274\343\203\200\343\203\274\343\203\251\343\202\244\343\203\225\343\203\253 - \343\203\206\343\202\243\343\202\2421.png"
 create mode 100644 "System Update/shared/images/BR/\343\202\253\343\202\252\343\202\271 \343\202\250\343\202\257\343\202\271\343\203\227\343\203\255\343\203\274\343\203\200\343\203\274\343\203\251\343\202\244\343\203\225\343\203\253 - \343\203\206\343\202\243\343\202\2422.png"
 create mode 100644 "System Update/shared/images/BR/\343\202\253\343\202\252\343\202\271 \343\202\250\343\202\257\343\202\271\343\203\227\343\203\255\343\203\274\343\203\200\343\203\274\343\203\251\343\202\244\343\203\225\343\203\253 - \343\203\206\343\202\243\343\202\2423.png"
 create mode 100644 "System Update/shared/images/BR/\343\202\253\343\202\252\343\202\271 \343\202\250\343\202\257\343\202\271\343\203\227\343\203\255\343\203\274\343\203\200\343\203\274\343\203\251\343\202\244\343\203\225\343\203\253 - \343\203\206\343\202\243\343\202\2424.png"
 create mode 100644 "System Update/shared/images/BR/\343\202\253\343\202\252\343\202\271 \343\202\250\343\202\257\343\202\271\343\203\227\343\203\255\343\203\274\343\203\200\343\203\274\343\203\251\343\202\244\343\203\225\343\203\253 - \343\203\206\343\202\243\343\202\2425.png"
 create mode 100644 "System Update/shared/images/BR/\343\202\254\343\202\272\343\203\253\343\202\270\343\203\245\343\203\274\343\202\271 - \343\203\206\343\202\243\343\202\2422.png"
 create mode 100644 "System Update/shared/images/BR/\343\202\256\343\203\243\343\203\251\343\202\257\343\202\267\343\203\274 \343\202\264\343\203\274\343\202\271\343\203\210\347\262\276\351\234\212 - \343\203\206\343\202\243\343\202\2424.png"
 create mode 100644 "System Update/shared/images/BR/\343\202\256\343\203\243\343\203\251\343\202\257\343\202\267\343\203\274 \345\244\242\343\201\256\347\262\276\351\234\212 - \343\203\206\343\202\243\343\202\2425.png"
 create mode 100644 "System Update/shared/images/BR/\343\202\264\343\203\274\343\202\271\343\203\210\347\262\276\351\234\212 - \343\203\206\343\202\243\343\202\2424.png"
 create mode 100644 "System Update/shared/images/BR/\343\202\264\343\203\274\343\203\253\343\203\207\343\203\263\343\203\210\343\203\252\343\203\245\343\203\225 - \343\203\206\343\202\243\343\202\2427.png"
 create mode 100644 "System Update/shared/images/BR/\343\202\264\343\203\274\343\203\253\343\203\211 \343\202\264\343\203\274\343\202\271\343\203\210\347\262\276\351\234\212 - \343\203\206\343\202\243\343\202\2424.png"
 create mode 100644 "System Update/shared/images/BR/\343\202\264\343\203\274\343\203\253\343\203\211 \345\244\242\343\201\256\347\262\276\351\234\212 - \343\203\206\343\202\243\343\202\2425.png"
 create mode 100644 "System Update/shared/images/BR/\343\202\265\343\203\274\343\202\270\343\202\253\343\203\253 \343\203\220\343\203\274\343\202\271\343\203\210\343\203\251\343\202\244\343\203\225\343\203\253 - \343\203\206\343\202\243\343\202\2421.png"
 create mode 100644 "System Update/shared/images/BR/\343\202\265\343\203\274\343\202\270\343\202\253\343\203\253 \343\203\220\343\203\274\343\202\271\343\203\210\343\203\251\343\202\244\343\203\225\343\203\253 - \343\203\206\343\202\243\343\202\2422.png"
 create mode 100644 "System Update/shared/images/BR/\343\202\265\343\203\274\343\202\270\343\202\253\343\203\253 \343\203\220\343\203\274\343\202\271\343\203\210\343\203\251\343\202\244\343\203\225\343\203\253 - \343\203\206\343\202\243\343\202\2423.png"
 create mode 100644 "System Update/shared/images/BR/\343\202\265\343\203\274\343\202\270\343\202\253\343\203\253 \343\203\220\343\203\274\343\202\271\343\203\210\343\203\251\343\202\244\343\203\225\343\203\253 - \343\203\206\343\202\243\343\202\2424.png"
 create mode 100644 "System Update/shared/images/BR/\343\202\265\343\203\274\343\202\270\343\202\253\343\203\253 \343\203\220\343\203\274\343\202\271\343\203\210\343\203\251\343\202\244\343\203\225\343\203\253 - \343\203\206\343\202\243\343\202\2425.png"
 create mode 100644 "System Update/shared/images/BR/\343\202\267\343\203\274\343\203\253\343\203\211\343\203\226\343\203\254\343\202\244\343\202\253\343\203\274EMP - \343\203\206\343\202\243\343\202\2423.png"
 create mode 100644 "System Update/shared/images/BR/\343\202\271\343\203\206\343\202\243\343\203\263\343\202\254\343\203\274\343\202\265\343\203\226\343\203\236\343\202\267\343\203\263\343\202\254\343\203\263 - \343\203\206\343\202\243\343\202\2421.png"
 create mode 100644 "System Update/shared/images/BR/\343\202\271\343\203\206\343\202\243\343\203\263\343\202\254\343\203\274\343\202\265\343\203\226\343\203\236\343\202\267\343\203\263\343\202\254\343\203\263 - \343\203\206\343\202\243\343\202\2422.png"
 create mode 100644 "System Update/shared/images/BR/\343\202\271\343\203\206\343\202\243\343\203\263\343\202\254\343\203\274\343\202\265\343\203\226\343\203\236\343\202\267\343\203\263\343\202\254\343\203\263 - \343\203\206\343\202\243\343\202\2423.png"
 create mode 100644 "System Update/shared/images/BR/\343\202\271\343\203\206\343\202\243\343\203\263\343\202\254\343\203\274\343\202\265\343\203\226\343\203\236\343\202\267\343\203\263\343\202\254\343\203\263 - \343\203\206\343\202\243\343\202\2424.png"
 create mode 100644 "System Update/shared/images/BR/\343\202\271\343\203\206\343\202\243\343\203\263\343\202\254\343\203\274\343\202\265\343\203\226\343\203\236\343\202\267\343\203\263\343\202\254\343\203\263 - \343\203\206\343\202\243\343\202\2425.png"
 create mode 100644 "System Update/shared/images/BR/\343\202\271\343\203\210\343\203\251\343\202\244\343\202\253\343\203\274\343\203\235\343\203\263\343\203\227\343\202\267\343\203\247\343\203\203\343\203\210\343\202\254\343\203\263 - \343\203\206\343\202\243\343\202\2421.png"
 create mode 100644 "System Update/shared/images/BR/\343\202\271\343\203\210\343\203\251\343\202\244\343\202\253\343\203\274\343\203\235\343\203\263\343\203\227\343\202\267\343\203\247\343\203\203\343\203\210\343\202\254\343\203\263 - \343\203\206\343\202\243\343\202\2422.png"
 create mode 100644 "System Update/shared/images/BR/\343\202\271\343\203\210\343\203\251\343\202\244\343\202\253\343\203\274\343\203\235\343\203\263\343\203\227\343\202\267\343\203\247\343\203\203\343\203\210\343\202\254\343\203\263 - \343\203\206\343\202\243\343\202\2423.png"
 create mode 100644 "System Update/shared/images/BR/\343\202\271\343\203\210\343\203\251\343\202\244\343\202\253\343\203\274\343\203\235\343\203\263\343\203\227\343\202\267\343\203\247\343\203\203\343\203\210\343\202\254\343\203\263 - \343\203\206\343\202\243\343\202\2424.png"
 create mode 100644 "System Update/shared/images/BR/\343\202\271\343\203\210\343\203\251\343\202\244\343\202\253\343\203\274\343\203\235\343\203\263\343\203\227\343\202\267\343\203\247\343\203\203\343\203\210\343\202\254\343\203\263 - \343\203\206\343\202\243\343\202\2425.png"
 create mode 100644 "System Update/shared/images/BR/\343\202\271\343\203\210\343\203\251\343\202\244\343\202\253\343\203\274\343\203\235\343\203\263\343\203\227\343\202\267\343\203\247\343\203\203\343\203\210\343\202\254\343\203\263 - \343\203\206\343\202\243\343\202\2427.png"
 create mode 100644 "System Update/shared/images/BR/\343\202\273\343\203\226\343\203\263\343\202\271\343\203\251\343\202\244\343\203\200\343\203\274 - \343\203\206\343\202\243\343\202\2424.png"
 create mode 100644 "System Update/shared/images/BR/\343\202\274\343\203\255\343\203\235\343\202\244\343\203\263\343\203\210\347\262\276\351\234\212 - \343\203\206\343\202\243\343\202\2427.png"
 create mode 100644 "System Update/shared/images/BR/\343\203\200\343\203\203\343\202\257\347\262\276\351\234\212 - \343\203\206\343\202\243\343\202\2424.png"
 create mode 100644 "System Update/shared/images/BR/\343\203\207\343\203\274\343\203\242\343\203\263\347\262\276\351\234\212 - \343\203\206\343\202\243\343\202\2424.png"
 create mode 100644 "System Update/shared/images/BR/\343\203\217\343\203\263\343\203\206\343\202\243\343\203\263\343\202\260\343\203\251\343\202\244\343\203\225\343\203\253 - \343\203\206\343\202\243\343\202\2422.png"
 create mode 100644 "System Update/shared/images/BR/\343\203\217\343\203\263\343\203\206\343\202\243\343\203\263\343\202\260\343\203\251\343\202\244\343\203\225\343\203\253 - \343\203\206\343\202\243\343\202\2427.png"
 create mode 100644 "System Update/shared/images/BR/\343\203\221\343\203\253\343\202\271\343\203\273\343\202\271\343\202\255\343\203\243\343\203\212\343\203\274 - \343\203\206\343\202\243\343\202\2424.png"
 create mode 100644 "System Update/shared/images/BR/\343\203\221\343\203\263\343\202\257\343\201\256\347\262\276\351\234\212 - \343\203\206\343\202\243\343\202\2425.png"
 create mode 100644 "System Update/shared/images/BR/\343\203\223\343\202\270\343\203\215\343\202\271\343\202\277\343\203\254\343\203\203\343\203\210 - \343\203\206\343\202\243\343\202\2424.png"
 create mode 100644 "System Update/shared/images/BR/\343\203\235\343\202\261\343\203\203\343\203\210\343\203\220\343\203\263\343\202\253\343\203\274 - \343\203\206\343\202\243\343\202\2422.png"
 create mode 100644 "System Update/shared/images/BR/\343\203\235\343\203\274\343\202\277\343\203\226\343\203\253\350\243\202\343\201\221\347\233\256 - \343\203\206\343\202\243\343\202\2424.png"
 create mode 100644 "System Update/shared/images/BR/\343\203\241\343\202\244\343\203\264\343\202\241\343\203\263 \343\202\252\343\203\274\343\203\210\343\202\267\343\203\247\343\203\203\343\203\210\343\202\254\343\203\263 - \343\203\206\343\202\243\343\202\2421.png"
 create mode 100644 "System Update/shared/images/BR/\343\203\241\343\202\244\343\203\264\343\202\241\343\203\263 \343\202\252\343\203\274\343\203\210\343\202\267\343\203\247\343\203\203\343\203\210\343\202\254\343\203\263 - \343\203\206\343\202\243\343\202\2422.png"
 create mode 100644 "System Update/shared/images/BR/\343\203\241\343\202\244\343\203\264\343\202\241\343\203\263 \343\202\252\343\203\274\343\203\210\343\202\267\343\203\247\343\203\203\343\203\210\343\202\254\343\203\263 - \343\203\206\343\202\243\343\202\2423.png"
 create mode 100644 "System Update/shared/images/BR/\343\203\241\343\202\244\343\203\264\343\202\241\343\203\263 \343\202\252\343\203\274\343\203\210\343\202\267\343\203\247\343\203\203\343\203\210\343\202\254\343\203\263 - \343\203\206\343\202\243\343\202\2424.png"
 create mode 100644 "System Update/shared/images/BR/\343\203\241\343\202\244\343\203\264\343\202\241\343\203\263 \343\202\252\343\203\274\343\203\210\343\202\267\343\203\247\343\203\203\343\203\210\343\202\254\343\203\263 - \343\203\206\343\202\243\343\202\2425.png"
 create mode 100644 "System Update/shared/images/BR/\343\203\251\343\203\263\343\202\271\343\203\230\343\203\203\343\203\211 \343\203\224\343\202\271\343\203\210\343\203\253 - \343\203\206\343\202\243\343\202\2423.png"
 create mode 100644 "System Update/shared/images/BR/\343\203\251\343\203\263\343\202\271\343\203\230\343\203\203\343\203\211 \343\203\224\343\202\271\343\203\210\343\203\253 - \343\203\206\343\202\243\343\202\2424.png"
 create mode 100644 "System Update/shared/images/BR/\343\203\251\343\203\263\343\202\271\343\203\230\343\203\203\343\203\211 \343\203\224\343\202\271\343\203\210\343\203\253 - \343\203\206\343\202\243\343\202\2425.png"
 create mode 100644 "System Update/shared/images/BR/\343\203\252\343\203\237\343\203\203\343\203\210\343\203\254\343\202\271 \343\202\273\343\203\226\343\203\263\343\202\271\343\203\251\343\202\244\343\203\200\343\203\274 - \343\203\206\343\202\243\343\202\2427.png"
 create mode 100644 "System Update/shared/images/BR/\343\203\252\343\203\274\343\203\201\343\203\243\343\203\274\343\203\273\343\202\250\343\202\257\343\202\271\343\203\206\343\203\263\343\203\211\343\203\273\343\202\267\343\203\247\343\203\203\343\203\210\343\202\254\343\203\263 - \343\203\206\343\202\243\343\202\2427.png"
 create mode 100644 "System Update/shared/images/BR/\343\203\254\343\203\263\343\202\270\343\203\243\343\203\274\343\203\224\343\202\271\343\203\210\343\203\253 - \343\203\206\343\202\243\343\202\2421.png"
 create mode 100644 "System Update/shared/images/BR/\343\203\254\343\203\263\343\202\270\343\203\243\343\203\274\343\203\224\343\202\271\343\203\210\343\203\253 - \343\203\206\343\202\243\343\202\2422.png"
 create mode 100644 "System Update/shared/images/BR/\343\203\254\343\203\263\343\202\270\343\203\243\343\203\274\343\203\224\343\202\271\343\203\210\343\203\253 - \343\203\206\343\202\243\343\202\2423.png"
 create mode 100644 "System Update/shared/images/BR/\343\203\254\343\203\263\343\202\270\343\203\243\343\203\274\343\203\224\343\202\271\343\203\210\343\203\253 - \343\203\206\343\202\243\343\202\2424.png"
 create mode 100644 "System Update/shared/images/BR/\343\203\254\343\203\263\343\202\270\343\203\243\343\203\274\343\203\224\343\202\271\343\203\210\343\203\253 - \343\203\206\343\202\243\343\202\2425.png"
 create mode 100644 "System Update/shared/images/BR/\343\203\264\343\202\251\343\202\244\343\203\211\343\203\226\343\203\254\343\202\244\343\203\211\343\201\256\343\203\220\343\203\274\343\202\271\343\203\210\343\203\251\343\202\244\343\203\225\343\203\253 - \343\203\206\343\202\243\343\202\2427.png"
 create mode 100644 "System Update/shared/images/BR/\344\277\235\347\256\241\345\272\253\343\201\256\343\202\253\343\202\256 - \343\203\206\343\202\243\343\202\2423.png"
 create mode 100644 "System Update/shared/images/BR/\345\234\260\343\201\256\347\262\276\351\234\212 - \343\203\206\343\202\243\343\202\2423.png"
 create mode 100644 "System Update/shared/images/BR/\345\244\242\343\201\256\347\262\276\351\234\212 - \343\203\206\343\202\243\343\202\2425.png"
 create mode 100644 "System Update/shared/images/BR/\346\260\264\343\201\256\347\262\276\351\234\212 - \343\203\206\343\202\243\343\202\2423.png"
 create mode 100644 "System Update/shared/images/BR/\347\202\216\343\201\256\347\262\276\351\234\212 - \343\203\206\343\202\243\343\202\2423.png"
 create mode 100644 "System Update/shared/images/BR/\347\216\213\346\247\230\343\201\256\347\262\276\351\234\212 - \343\203\206\343\202\243\343\202\2424.png"
 delete mode 100644 "System Update/\346\210\246\345\210\251\345\223\201\343\203\207\343\203\274\343\202\277/BR/BR_LootData_2026-05-30_04-35.json"
 delete mode 100644 "System Update/\346\210\246\345\210\251\345\223\201\343\203\207\343\203\274\343\202\277/BR/BR_LootData_2026-05-30_04-39.json"
 create mode 100644 "System Update/\346\210\246\345\210\251\345\223\201\343\203\207\343\203\274\343\202\277/BR/BR_LootData_2026-06-06_10-48.json"
2026-06-06 10:49:46 | WARNING | git push stderr: To https://github.com/Greenfox0833/New-Loot.git
   f9d6fc8..3bfd8cb  main -> main
2026-06-06 10:49:46 | INFO | ✓ GitHub Push 完了
2026-06-06 10:49:46 | INFO | ===== BR: pipeline end =====
