2026-07-16 17:49:42 | INFO | log file: E:\フォートナイト\Picture\Loot Pool\TEST4\New Loot\System Update\BR\output\logs\pipeline_2026-07-16_17-49-42.log
2026-07-16 17:49:42 | INFO | ===== BR: pipeline start =====
2026-07-16 17:49:42 | INFO | paths: lt=E:\フォートナイト\Picture\Loot Pool\TEST4\New Loot\System Update\BR\input\AthenaLootTierData_Client__final.json lp=E:\フォートナイト\Picture\Loot Pool\TEST4\New Loot\System Update\BR\input\AthenaLootPackages_Client__final.json minlist=E:\フォートナイト\Picture\Loot Pool\TEST4\New Loot\System Update\BR\input\items_unique_min.json
2026-07-16 17:49:42 | INFO | output: summary=E:\フォートナイト\Picture\Loot Pool\TEST4\New Loot\System Update\BR\output\summary lootdata=E:\フォートナイト\Picture\Loot Pool\TEST4\New Loot\System Update\戦利品データ\BR
2026-07-16 17:49:42 | INFO | flags: hotfix=True prewarm=True image=True workers=8
2026-07-16 17:49:42 | INFO | hotfix start: E:\フォートナイト\Picture\Loot Pool\TEST4\New Loot\System Update\LootPackage.py
2026-07-16 17:49:42 | INFO | hotfix lp stdout: [STEP1-1] base e:\Fmodel\Exports\FortniteGame\Content\Items\DataTables\AthenaLootPackages_Client.json
[HOTFIX:SEASON1] target=/Game/Items/DataTables/AthenaLootPackages_Client
[HOTFIX:SEASON1] Addrow(TableUpdate) なし -> スキップ
[HOTFIX:SEASON1] done: applied=0, deleted=0, skipped=0
[STEP1-2] merge e:\Fmodel\Exports\FortniteGame\Plugins\GameFeatures\OrangeRemoteLoot\Content\DataTables\OrangeRemoteLootPackages_Client.json : replaced=134, added=752
[HOTFIX:SEASON2] target=/OrangeRemoteLoot/DataTables/OrangeRemoteLootPackages_Client
[721] RowUpdate LIST_Weapons_Rare_Handgun_02.Weight=1.15 -> OK
[722] RowUpdate LIST_Weapons_Epic_Handgun_02.Weight=1.15 -> OK
[723] RowUpdate LIST_Weapons_Legendary_Handgun_02.Weight=1.15 -> OK
[755] RowUpdate LIST_FishingDefault_Consumables_Utility_02.Weight=0.070000 -> OK
[756] RowUpdate LIST_FishingHole_Consumables_Utility_02.Weight=0.070000 -> OK
[758] RowUpdate LIST_Chest_Consumables_Shielding_03.Weight=0.050000 -> OK
[759] RowUpdate LIST_RareChest_Consumables_Shielding_02.Weight=0.250000 -> OK
[787] RowUpdate LIST_Legendary_03.ItemDefinition=/SevenSlide/Gameplay/AGID_BoostSevenSlider.AGID_BoostSevenSlider -> OK
[807] RowUpdate LIST_Weapons_Uncommon_Shotgun_04.Weight=0.000 -> OK
[808] RowUpdate LIST_Weapons_Rare_Shotgun_04.Weight=0.000 -> OK
[809] RowUpdate LIST_Weapons_Epic_Shotgun_04.Weight=0.000 -> OK
[810] RowUpdate LIST_Weapons_Legendary_Shotgun_04.Weight=0.000 -> OK
[811] RowUpdate LIST_Weapons_Mythic_Shotgun_04.Weight=0.000 -> OK
[812] RowUpdate LIST_Weapons_Common_Assault_02.Weight=0.00 -> OK
[813] RowUpdate LIST_Weapons_Common_Assault_03.Weight=1.00 -> OK
[814] RowUpdate LIST_Weapons_Common_Assault_03.ItemDefinition=/SunRoseWeaponsGameplay/Items/Weapons/WarforgedAR/Hitscan/WID_Assault_SunRose_HS_Athena_C.WID_Assault_SunRose_HS_Athena_C -> OK
[815] RowUpdate LIST_Weapons_Uncommon_Assault_03.Weight=1.00 -> OK
[816] RowUpdate LIST_Weapons_Uncommon_Assault_03.ItemDefinition=/SunRoseWeaponsGameplay/Items/Weapons/WarforgedAR/Hitscan/WID_Assault_SunRose_HS_Athena_UC.WID_Assault_SunRose_HS_Athena_UC -> OK
[817] RowUpdate LIST_Weapons_Rare_Assault_03.Weight=1.00 -> OK
[818] RowUpdate LIST_Weapons_Rare_Assault_03.ItemDefinition=/SunRoseWeaponsGameplay/Items/Weapons/WarforgedAR/Hitscan/WID_Assault_SunRose_HS_Athena_R.WID_Assault_SunRose_HS_Athena_R -> OK
[819] RowUpdate LIST_Weapons_Epic_Assault_03.Weight=1.00 -> OK
[820] RowUpdate LIST_Weapons_Epic_Assault_03.ItemDefinition=/SunRoseWeaponsGameplay/Items/Weapons/WarforgedAR/Hitscan/WID_Assault_SunRose_HS_Athena_VR.WID_Assault_SunRose_HS_Athena_VR -> OK
[821] RowUpdate LIST_Weapons_Legendary_Assault_03.Weight=1.00 -> OK
[822] RowUpdate LIST_Weapons_Legendary_Assault_03.ItemDefinition=/SunRoseWeaponsGameplay/Items/Weapons/WarforgedAR/Hitscan/WID_Assault_SunRose_HS_Athena_SR.WID_Assault_SunRose_HS_Athena_SR -> OK
[1068] RowUpdate PKG_Boss_FossilMeal_Soup_12.LootPackageCall=LIST_Boss_FossilMealSprite -> SKIP(no row)
[1069] RowUpdate PKG_Boss_FossilMeal_Bread_12.LootPackageCall=LIST_Boss_FossilMealSprite -> SKIP(no row)
[1070] RowUpdate PKG_Boss_FossilMeal_Pasta_12.LootPackageCall=LIST_Boss_FossilMealSprite -> SKIP(no row)
[1071] AddRow -> ADD LIST_Boss_FossilMealSprite_01
[HOTFIX:SEASON2] done: applied=25, deleted=0, skipped=3
[WRITE] final -> E:\フォートナイト\Picture\Loot Pool\TEST4\New Loot\System Update\BR\input\AthenaLootPackages_Client__final.json
[WRITE] per-input -> E:\フォートナイト\Picture\Loot Pool\TEST4\New Loot\System Update\BR\input\OrangeRemoteLootPackages_Client__final.json
2026-07-16 17:49:42 | INFO | hotfix start: E:\フォートナイト\Picture\Loot Pool\TEST4\New Loot\System Update\LootTier.py
2026-07-16 17:49:43 | INFO | hotfix lt stdout: [STEP1-1] base e:\Fmodel\Exports\FortniteGame\Content\Items\DataTables\AthenaLootTierData_Client.json
[HOTFIX:SEASON1] target=/Game/Items/DataTables/AthenaLootTierData_Client
[HOTFIX:SEASON1] done: applied=0, deleted=0, skipped=0
[STEP1-2] merge e:\Fmodel\Exports\FortniteGame\Plugins\GameFeatures\OrangeRemoteLoot\Content\DataTables\OrangeRemoteLootTierData_Client.json : replaced=0, added=105
[HOTFIX:SEASON2] target=/OrangeRemoteLoot/DataTables/OrangeRemoteLootTierData_Client
[HOTFIX:SEASON2] done: applied=0, deleted=0, skipped=0
[WRITE] final -> E:\フォートナイト\Picture\Loot Pool\TEST4\New Loot\System Update\BR\input\AthenaLootTierData_Client__final.json
[WRITE] per-input -> E:\フォートナイト\Picture\Loot Pool\TEST4\New Loot\System Update\BR\input\OrangeRemoteLootTierData_Client__final.json
2026-07-16 17:49:43 | INFO | ✓ Hotfix 適用完了 (0.30s)
2026-07-16 17:49:43 | INFO | load lt: E:\フォートナイト\Picture\Loot Pool\TEST4\New Loot\System Update\BR\input\AthenaLootTierData_Client__final.json
2026-07-16 17:49:43 | INFO | load lp: E:\フォートナイト\Picture\Loot Pool\TEST4\New Loot\System Update\BR\input\AthenaLootPackages_Client__final.json
2026-07-16 17:49:43 | INFO | load done (0.01s)
2026-07-16 17:49:43 | INFO | build summary start
2026-07-16 17:49:43 | INFO | build summary done (0.04s)
2026-07-16 17:49:43 | INFO | enrich summary with names start
2026-07-16 17:49:43 | INFO | enrich summary done (0.00s)
2026-07-16 17:49:43 | INFO | ✅ まとめJSONを作成: E:\フォートナイト\Picture\Loot Pool\TEST4\New Loot\System Update\BR\output\summary\v39.30_2026-07-16_17-49.json
2026-07-16 17:49:43 | INFO | build item metadata start
2026-07-16 17:49:43 | INFO | ✅ アイテム名・説明・タグJSONを更新: E:\フォートナイト\Picture\Loot Pool\TEST4\New Loot\System Update\shared\cache\item_metadata.json (0.02s)
2026-07-16 17:49:43 | INFO | build BR_LootData start
2026-07-16 17:49:43 | INFO | build BR_LootData done (0.00s)
2026-07-16 17:49:43 | INFO | ✅ BR_LootData を作成: E:\フォートナイト\Picture\Loot Pool\TEST4\New Loot\System Update\戦利品データ\BR\BR_LootData_2026-07-16_17-49.json
2026-07-16 17:49:43 | INFO | ✅ Web LootPool を更新: E:\フォートナイト\Web\assets\data\Loot\BR_LootPool.json
2026-07-16 17:49:43 | INFO | LootSummary start: E:\フォートナイト\Picture\Loot Pool\TEST4\New Loot\System Update\BR\scripts\LootSummary.py
2026-07-16 17:49:43 | INFO | LootSummary stdout: 🔎 抽出用: 最新ファイル = E:\フォートナイト\Picture\Loot Pool\TEST4\New Loot\System Update\BR\output\summary\v39.30_2026-07-16_17-49.json
✅ 抽出件数: 169
💾 保存: E:\フォートナイト\Picture\Loot Pool\TEST4\New Loot\System Update\BR\input\items_unique_min.json
🔎 比較用: base   = E:\フォートナイト\Picture\Loot Pool\TEST4\New Loot\System Update\BR\output\summary\v39.30_2026-07-16_17-48.json
🔎 比較用: target = E:\フォートナイト\Picture\Loot Pool\TEST4\New Loot\System Update\BR\output\summary\v39.30_2026-07-16_17-49.json
✅ 差分作成 完了
  追加   : 0 / 削除 : 0 / 変更 : 0 / 変化なし : 169
💾 差分: E:\フォートナイト\Picture\Loot Pool\TEST4\New Loot\System Update\BR\output\history\BR_20260716_1749\items_unique_min_diff.json
2026-07-16 17:49:43 | WARNING | LootSummary stderr: E:\フォートナイト\Picture\Loot Pool\TEST4\New Loot\System Update\BR\scripts\LootSummary.py:2: SyntaxWarning: invalid escape sequence '\B'
  """
2026-07-16 17:49:43 | INFO | ✅ LootSummary 実行完了（抽出→比較） (0.16s)
2026-07-16 17:49:43 | INFO | prewarm start
2026-07-16 17:49:44 | INFO | ✅ アイコンキャッシュ プリウォーム完了 (0.70s)
2026-07-16 17:49:44 | INFO | 画像化タスク数: 169
2026-07-16 17:49:44 | INFO | 画像生成 進捗: 1/169
