2026-09-17 17:40:29 | INFO | log file: E:\フォートナイト\Picture\Loot Pool\TEST4\New Loot\System Update\BR\output\logs\pipeline_2026-09-17_17-40-29.log
2026-09-17 17:40:29 | INFO | ===== BR: pipeline start =====
2026-09-17 17:40:29 | INFO | paths: lt=E:\フォートナイト\Picture\Loot Pool\TEST4\New Loot\System Update\BR\input\AthenaLootTierData_Client__final.json lp=E:\フォートナイト\Picture\Loot Pool\TEST4\New Loot\System Update\BR\input\AthenaLootPackages_Client__final.json minlist=E:\フォートナイト\Picture\Loot Pool\TEST4\New Loot\System Update\BR\input\items_unique_min.json
2026-09-17 17:40:29 | INFO | output: summary=E:\フォートナイト\Picture\Loot Pool\TEST4\New Loot\System Update\BR\output\summary lootdata=E:\フォートナイト\Picture\Loot Pool\TEST4\New Loot\System Update\戦利品データ\BR
2026-09-17 17:40:29 | INFO | flags: hotfix=True prewarm=True image=True workers=8
2026-09-17 17:40:29 | INFO | hotfix start: E:\フォートナイト\Picture\Loot Pool\TEST4\New Loot\System Update\LootPackage.py
2026-09-17 17:40:32 | INFO | hotfix lp stdout: [STEP1-1] base http://localhost:3849/api/v1/export?path=FortniteGame/Content/Items/DataTables/AthenaLootPackages_Client.uasset
[STEP1-2] merge http://localhost:3849/api/v1/export?path=FortniteGame/Plugins/GameFeatures/CosmicThunderLoot/Content/DataTables/CosmicThunderLootPackages_Client.uasset : replaced=142, added=624
[HOTFIX:SEASON1] target=/Game/Items/DataTables/AthenaLootPackages_Client
[771] RowUpdate PKG_Chest_Weapon_Shotgun_16.Weight=0.025000 -> OK
[772] RowUpdate PKG_Chest_Weapon_Handgun_16.Weight=0.025000 -> OK
[773] RowUpdate PKG_Chest_Weapon_SMG_16.Weight=0.025000 -> OK
[774] RowUpdate PKG_Chest_Weapon_Assault_16.Weight=0.025000 -> OK
[775] RowUpdate PKG_Chest_Weapon_Sniper_16.Weight=0.025000 -> OK
[776] RowUpdate PKG_RareChest_Weapon_Shotgun_14.Weight=0.060000 -> OK
[777] RowUpdate PKG_RareChest_Weapon_Handgun_14.Weight=0.060000 -> OK
[778] RowUpdate PKG_RareChest_Weapon_SMG_14.Weight=0.060000 -> OK
[779] RowUpdate PKG_RareChest_Weapon_Assault_14.Weight=0.060000 -> OK
[780] RowUpdate PKG_RareChest_Weapon_Sniper_14.Weight=0.060000 -> OK
[781] RowUpdate PKG_RareAmmoBox_09.Weight=0.000000 -> OK
[791] RowUpdate PKG_Chest_Weapon_Assault_08.Weight=0.0000 -> OK
[792] RowUpdate PKG_Chest_Weapon_Sniper_08.Weight=0.00000 -> OK
[793] RowUpdate PKG_RareChest_Weapon_Handgun_06.Weight=0.00000 -> OK
[794] RowUpdate PKG_RareChest_Weapon_SMG_06.Weight=0.00000 -> OK
[795] RowUpdate PKG_RareChest_Weapon_Assault_06.Weight=0.00000 -> OK
[796] RowUpdate PKG_RareChest_Weapon_Sniper_06.Weight=0.00000 -> OK
[797] RowUpdate PKG_Chest_Weapon_Shotgun_07.Weight=0.120000 -> OK
[798] RowUpdate PKG_Chest_Weapon_Handgun_07.Weight=0.120000 -> OK
[799] RowUpdate PKG_Chest_Weapon_SMG_07.Weight=0.120000 -> OK
[800] RowUpdate PKG_Chest_Weapon_Assault_07.Weight=0.120000 -> OK
[801] RowUpdate PKG_Chest_Weapon_Sniper_07.Weight=0.120000 -> OK
[802] RowUpdate PKG_Chest_Weapon_Launcher_07.Weight=0.120000 -> OK
[803] RowUpdate PKG_RareChest_Weapon_Shotgun_05.Weight=0.140000 -> OK
[804] RowUpdate PKG_RareChest_Weapon_Handgun_05.Weight=0.140000 -> OK
[805] RowUpdate PKG_RareChest_Weapon_SMG_05.Weight=0.140000 -> OK
[806] RowUpdate PKG_RareChest_Weapon_Assault_05.Weight=0.140000 -> OK
[807] RowUpdate PKG_RareChest_Weapon_Sniper_05.Weight=0.140000 -> OK
[808] RowUpdate PKG_RareChest_Weapon_Launcher_05.Weight=0.140000 -> OK
[1176] RowUpdate LIST_Gold_Small_01.CountRange=(X=150,Y=150) -> OK
[1177] RowUpdate LIST_Gold_Small_02.CountRange=(X=185,Y=185) -> OK
[1178] RowUpdate LIST_Gold_Small_03.CountRange=(X=260,Y=260) -> OK
[1179] RowUpdate LIST_Gold_Small_04.CountRange=(X=400,Y=400) -> OK
[1180] RowUpdate LIST_Gold_Small_05.CountRange=(X=550,Y=550) -> OK
[1181] RowUpdate LIST_Gold_Medium_01.CountRange=(X=375,Y=375) -> OK
[1182] RowUpdate LIST_Gold_Large_01.CountRange=(X=450,Y=450) -> OK
[1183] RowUpdate LIST_Gold_ExtraLarge_01.CountRange=(X=750,Y=750) -> OK
[1184] RowUpdate LIST_Gold_ExtraLarge_02.CountRange=(X=900,Y=900) -> OK
[1185] RowUpdate LIST_Gold_ExtraLarge_03.CountRange=(X=1125,Y=1125) -> OK
[1186] RowUpdate LIST_Gold_ExtraLarge_04.CountRange=(X=1300,Y=1300) -> OK
[1187] RowUpdate LIST_Gold_ExtraLarge_05.CountRange=(X=2250,Y=2250) -> OK
[1188] RowUpdate LIST_Gold_Register_01.CountRange=(X=150,Y=150) -> OK
[1189] RowUpdate LIST_Gold_Register_02.CountRange=(X=185,Y=185) -> OK
[1190] RowUpdate LIST_Gold_Register_03.CountRange=(X=260,Y=260) -> OK
[1191] RowUpdate LIST_Gold_Register_04.CountRange=(X=375,Y=375) -> OK
[1192] RowUpdate LIST_Gold_Register_05.CountRange=(X=560,Y=560) -> OK
[1193] RowUpdate LIST_Gold_Safe_01.CountRange=(X=150,Y=150) -> OK
[1194] RowUpdate LIST_Gold_Safe_02.CountRange=(X=185,Y=185) -> OK
[1195] RowUpdate LIST_Gold_Safe_03.CountRange=(X=260,Y=260) -> OK
[1196] RowUpdate LIST_Gold_Safe_04.CountRange=(X=375,Y=375) -> OK
[1197] RowUpdate LIST_Gold_Safe_05.CountRange=(X=560,Y=560) -> OK
[1198] RowUpdate LIST_Chest_Gold_01.CountRange=(X=55,Y=55) -> OK
[1199] RowUpdate LIST_Chest_Gold_02.CountRange=(X=70,Y=70) -> OK
[1200] RowUpdate LIST_Chest_Gold_03.CountRange=(X=85,Y=85) -> OK
[1201] RowUpdate LIST_Chest_Gold_04.CountRange=(X=110,Y=110) -> OK
[1202] RowUpdate LIST_Chest_Gold_05.CountRange=(X=225,Y=225) -> OK
[1203] RowUpdate LIST_RareChest_Gold_01.CountRange=(X=95,Y=95) -> OK
[1204] RowUpdate LIST_RareChest_Gold_02.CountRange=(X=115,Y=115) -> OK
[1205] RowUpdate LIST_RareChest_Gold_03.CountRange=(X=150,Y=150) -> OK
[1206] RowUpdate LIST_RareChest_Gold_04.CountRange=(X=240,Y=240) -> OK
[1207] RowUpdate LIST_RareChest_Gold_05.CountRange=(X=375,Y=375) -> OK
[1208] RowUpdate LIST_Fishing_Gold_01.CountRange=(X=375,Y=3753) -> OK
[1209] RowUpdate LIST_FishingHole_Gold_01.CountRange=(X=750,Y=750) -> OK
[1285] RowUpdate PKG_FishingDefault_Consumable_03.Weight=0.010000 -> OK
[1286] RowUpdate PKG_FishingHole_Consumable_03.Weight=0.010000 -> OK
[1319] RowUpdate PKG_FishingDefault_Light_05.Weight=0.000000 -> OK
[1320] RowUpdate PKG_FishingHole_Light_05.Weight=0.000000 -> OK
[1321] RowUpdate PKG_FishingDefault_Light_05.Weight=0.000000 -> OK
[1322] RowUpdate PKG_FishingHole_Light_05.Weight=0.000000 -> OK
[1330] RowUpdate PKG_FishingDefault_Consumable_03.Weight=0.008000 -> OK
[1372] RowUpdate LIST_RareRodBox_05.Weight=0.000000 -> OK
[1373] RowUpdate LIST_RareRodBox_Harpoon_01.Weight=0.000000 -> OK
[1944] RowUpdate PKG_FishingDefault_Consumable_01.Weight=0.030000 -> OK
[1945] RowUpdate PKG_FishingDefault_Consumable_02.Weight=0.000000 -> OK
[1946] RowUpdate PKG_FishingDefault_Consumable_03.Weight=0.000000 -> OK
[1947] RowUpdate PKG_FishingDefault_Consumable_07.Weight=0.970000 -> OK
[1948] RowUpdate PKG_FishingDefault_Consumable_07.LootPackageCall=LIST_Ammo_Random -> OK
[HOTFIX:SEASON1] Addrow(TableUpdate) なし -> スキップ
[HOTFIX:SEASON1] done: applied=77, deleted=0, skipped=0
[HOTFIX:SEASON2] target=/CosmicThunderLoot/DataTables/CosmicThunderLootPackages_Client
[1174] RowUpdate LIST_Boss_Gold_01.CountRange=(X=750,Y=750) -> OK
[1175] RowUpdate LIST_LlamaSupply_Gold_01.CountRange=(X=750,Y=750) -> OK
[1282] RowUpdate LIST_Vend_Item_Seasonal_2_01.Weight=1.000000 -> OK
[1283] RowUpdate LIST_Vend_Item_Seasonal_2_01.CountRange=(X=3,Y=3) -> OK
[1284] RowUpdate LIST_Vend_Item_Seasonal_2_01.ItemDefinition=/ImpulseGrenade/Gameplay/StimpulseGrenade/Athena_Stimpulse.Athena_Stimpulse -> OK
[1287] RowUpdate LIST_FishingHole_Legendary_Consumable_04.Weight=0.5000 -> OK
[1362] RowUpdate LIST_Weapons_Common_Shotgun_06.Weight=1.000000 -> OK
[1363] RowUpdate LIST_Weapons_Common_Shotgun_06.ItemDefinition=/CrimsonMist/Gameplay/Weapons/SemiAuto_Shotgun/WID_CrimsonMist_TacSG_C.WID_CrimsonMist_TacSG_C -> OK
[1364] RowUpdate LIST_Weapons_Uncommon_Shotgun_06.Weight=1.000000 -> OK
[1365] RowUpdate LIST_Weapons_Uncommon_Shotgun_06.ItemDefinition=/CrimsonMist/Gameplay/Weapons/SemiAuto_Shotgun/WID_CrimsonMist_TacSG_UC.WID_CrimsonMist_TacSG_UC -> OK
[1366] RowUpdate LIST_Weapons_Rare_Shotgun_06.Weight=1.000000 -> OK
[1367] RowUpdate LIST_Weapons_Rare_Shotgun_06.ItemDefinition=/CrimsonMist/Gameplay/Weapons/SemiAuto_Shotgun/WID_CrimsonMist_TacSG_R.WID_CrimsonMist_TacSG_R -> OK
[1368] RowUpdate LIST_Weapons_Epic_Shotgun_06.Weight=1.000000 -> OK
[1369] RowUpdate LIST_Weapons_Epic_Shotgun_06.ItemDefinition=/CrimsonMist/Gameplay/Weapons/SemiAuto_Shotgun/WID_CrimsonMist_TacSG_VR.WID_CrimsonMist_TacSG_VR -> OK
[1370] RowUpdate LIST_Weapons_Legendary_Shotgun_06.Weight=1.000000 -> OK
[1371] RowUpdate LIST_Weapons_Legendary_Shotgun_06.ItemDefinition=/CrimsonMist/Gameplay/Weapons/SemiAuto_Shotgun/WID_CrimsonMist_TacSG_SR.WID_CrimsonMist_TacSG_SR -> OK
[1569] RowUpdate LIST_Vend_Item_Seasonal_1_01.ItemDefinition=/DrivingNebula/Gameplay/WID_DrivingNebula.WID_DrivingNebula -> OK
[1949] RowUpdate LIST_FishingDefault_Consumables_Healing_01.Weight=1.000000 -> OK
[1950] RowUpdate LIST_FishingDefault_Consumables_Healing_02.Weight=0.000000 -> OK
[HOTFIX:SEASON2] Addrow(TableUpdate) なし -> スキップ
[HOTFIX:SEASON2] done: applied=19, deleted=0, skipped=0
[WRITE] final -> E:\フォートナイト\Picture\Loot Pool\TEST4\New Loot\System Update\BR\input\AthenaLootPackages_Client__final.json
[WRITE] per-input -> E:\フォートナイト\Picture\Loot Pool\TEST4\New Loot\System Update\BR\input\CosmicThunderLootPackages_Client__final.json
2026-09-17 17:40:32 | INFO | hotfix start: E:\フォートナイト\Picture\Loot Pool\TEST4\New Loot\System Update\LootTier.py
2026-09-17 17:40:35 | INFO | hotfix lt stdout: [STEP1-1] base http://localhost:3849/api/v1/export?path=FortniteGame/Content/Items/DataTables/AthenaLootTierData_Client.uasset
[STEP1-2] merge http://localhost:3849/api/v1/export?path=FortniteGame/Plugins/GameFeatures/CosmicThunderLoot/Content/DataTables/CosmicThunderLootTiers_Client.uasset : replaced=1, added=47
[HOTFIX:SEASON1] target=/Game/Items/DataTables/AthenaLootTierData_Client
[1020] RowUpdate Loot_AthenaFloorLoot_02.Weight=0.600000 -> OK
[1021] RowUpdate Loot_AthenaTreasure_02.Weight=0.120000 -> OK
[1022] RowUpdate Loot_ApolloTreasure_Rare_02.Weight=0.100000 -> OK
[1582] RowUpdate Loot_AthenaWadSafe_01.Weight=1.000000 -> OK
[HOTFIX:SEASON1] done: applied=4, deleted=0, skipped=0
[HOTFIX:SEASON2] target=/CosmicThunderLoot/DataTables/CosmicThunderLootTiers_Client
[HOTFIX:SEASON2] done: applied=0, deleted=0, skipped=0
[WRITE] final -> E:\フォートナイト\Picture\Loot Pool\TEST4\New Loot\System Update\BR\input\AthenaLootTierData_Client__final.json
[WRITE] per-input -> E:\フォートナイト\Picture\Loot Pool\TEST4\New Loot\System Update\BR\input\CosmicThunderLootTiers_Client__final.json
2026-09-17 17:40:35 | INFO | ✓ Hotfix 適用完了 (6.00s)
2026-09-17 17:40:35 | INFO | load lt: E:\フォートナイト\Picture\Loot Pool\TEST4\New Loot\System Update\BR\input\AthenaLootTierData_Client__final.json
2026-09-17 17:40:35 | INFO | load lp: E:\フォートナイト\Picture\Loot Pool\TEST4\New Loot\System Update\BR\input\AthenaLootPackages_Client__final.json
2026-09-17 17:40:35 | INFO | load done (0.01s)
2026-09-17 17:40:35 | INFO | build summary start
2026-09-17 17:40:35 | INFO | build summary done (0.02s)
2026-09-17 17:40:35 | INFO | enrich summary with names start
2026-09-17 17:40:35 | INFO | enrich summary done (0.26s)
2026-09-17 17:40:35 | INFO | ✅ まとめJSONを作成: E:\フォートナイト\Picture\Loot Pool\TEST4\New Loot\System Update\BR\output\summary\v39.30_2026-09-17_17-40.json
2026-09-17 17:40:35 | INFO | build item metadata start
2026-09-17 17:40:35 | INFO | ✅ アイテム名・説明・タグJSONを更新: E:\フォートナイト\Picture\Loot Pool\TEST4\New Loot\System Update\shared\cache\item_metadata.json (0.18s)
2026-09-17 17:40:35 | INFO | build BR_LootData start
2026-09-17 17:40:35 | INFO | build BR_LootData done (0.01s)
2026-09-17 17:40:35 | INFO | ✅ BR_LootData を作成: E:\フォートナイト\Picture\Loot Pool\TEST4\New Loot\System Update\戦利品データ\BR\BR_LootData_2026-09-17_17-40.json
2026-09-17 17:40:35 | INFO | ✅ Web LootPool を更新: E:\フォートナイト\Web\loot\data\BR_LootPool.json
2026-09-17 17:40:35 | INFO | LootSummary start: E:\フォートナイト\Picture\Loot Pool\TEST4\New Loot\System Update\BR\scripts\LootSummary.py
2026-09-17 17:40:35 | INFO | LootSummary stdout: 🔎 抽出用: 最新ファイル = E:\フォートナイト\Picture\Loot Pool\TEST4\New Loot\System Update\BR\output\summary\v39.30_2026-09-17_17-40.json
✅ 抽出件数: 88
💾 保存: E:\フォートナイト\Picture\Loot Pool\TEST4\New Loot\System Update\BR\input\items_unique_min.json
🔎 比較用: base   = E:\フォートナイト\Picture\Loot Pool\TEST4\New Loot\System Update\BR\output\summary\v39.30_2026-09-17_17-36.json
🔎 比較用: target = E:\フォートナイト\Picture\Loot Pool\TEST4\New Loot\System Update\BR\output\summary\v39.30_2026-09-17_17-40.json
✅ 差分作成 完了
  追加   : 0 / 削除 : 0 / 変更 : 9 / 変化なし : 79
💾 差分: E:\フォートナイト\Picture\Loot Pool\TEST4\New Loot\System Update\BR\output\history\BR_20260917_1740\items_unique_min_diff.json
2026-09-17 17:40:35 | WARNING | LootSummary stderr: E:\フォートナイト\Picture\Loot Pool\TEST4\New Loot\System Update\BR\scripts\LootSummary.py:2: SyntaxWarning: invalid escape sequence '\B'
  """
2026-09-17 17:40:35 | INFO | ✅ LootSummary 実行完了（抽出→比較） (0.18s)
2026-09-17 17:40:35 | INFO | prewarm start
2026-09-17 17:40:37 | INFO | ✅ アイコンキャッシュ プリウォーム完了 (1.36s)
2026-09-17 17:40:37 | INFO | 画像化タスク数: 88
2026-09-17 17:40:37 | INFO | 画像生成 進捗: 1/88
2026-09-17 17:40:37 | INFO | 画像生成 進捗: 50/88
2026-09-17 17:40:38 | INFO | 画像生成 進捗: 88/88
2026-09-17 17:40:38 | INFO | ✅ 画像生成 完了（MinListベース）
2026-09-17 17:40:38 | INFO | ✅ Loot diff を作成: E:\フォートナイト\Web\loot\data\diff\BR_2026-09-17_17-40-38.json (added=56 removed=7 change=23)
2026-09-17 17:40:40 | INFO | ✅ AddedItems 画像を保存: E:\フォートナイト\Picture\Loot Pool\TEST4\New Loot\System Update\shared\images\BR\AddedItems\2026-09-17_17-40-38 (copied=52 missing=4)
2026-09-17 17:40:40 | INFO | git add: E:\フォートナイト\Picture\Loot Pool\TEST4\New Loot
2026-09-17 17:40:52 | INFO | git commit stdout: [main e65890f] BR update 2026-09-17 17:40:49
 73 files changed, 33910 insertions(+), 3111 deletions(-)
 create mode 100644 System Update/BR/output/history/BR_20260917_1740/items_unique_min_diff.json
 create mode 100644 System Update/BR/output/logs/pipeline_2026-09-17_17-40-29.log
 create mode 100644 System Update/BR/output/summary/v39.30_2026-09-17_17-40.json
 create mode 100644 "System Update/shared/images/BR/AddedItems/2026-09-17_17-40-38/\343\203\206\343\202\243\343\202\2421 - \343\202\255\343\203\243\343\203\231\343\203\204.png"
 create mode 100644 "System Update/shared/images/BR/AddedItems/2026-09-17_17-40-38/\343\203\206\343\202\243\343\202\2421 - \343\202\263\343\202\263\343\203\212\343\203\203\343\203\204.png"
 create mode 100644 "System Update/shared/images/BR/AddedItems/2026-09-17_17-40-38/\343\203\206\343\202\243\343\202\2421 - \343\202\264\343\203\274\343\203\253\343\203\211.png"
 create mode 100644 "System Update/shared/images/BR/AddedItems/2026-09-17_17-40-38/\343\203\206\343\202\243\343\202\2421 - \343\203\232\343\203\203\343\203\221\343\203\274.png"
 create mode 100644 "System Update/shared/images/BR/AddedItems/2026-09-17_17-40-38/\343\203\206\343\202\243\343\202\2421 - \343\203\252\343\203\263\343\202\264.png"
 create mode 100644 "System Update/shared/images/BR/AddedItems/2026-09-17_17-40-38/\343\203\206\343\202\243\343\202\2421 - \345\274\276\350\226\254_ \344\270\255\345\217\243\345\276\204\345\274\276.png"
 create mode 100644 "System Update/shared/images/BR/AddedItems/2026-09-17_17-40-38/\343\203\206\343\202\243\343\202\2421 - \345\274\276\350\226\254_ \345\244\247\345\217\243\345\276\204\345\274\276.png"
 create mode 100644 "System Update/shared/images/BR/AddedItems/2026-09-17_17-40-38/\343\203\206\343\202\243\343\202\2421 - \345\274\276\350\226\254_ \345\260\217\345\217\243\345\276\204\345\274\276.png"
 create mode 100644 "System Update/shared/images/BR/AddedItems/2026-09-17_17-40-38/\343\203\206\343\202\243\343\202\2421 - \345\274\276\350\226\254_ \346\225\243\345\274\276.png"
 create mode 100644 "System Update/shared/images/BR/AddedItems/2026-09-17_17-40-38/\343\203\206\343\202\243\343\202\2422 - \343\203\232\343\203\203\343\203\221\343\203\274.png"
 create mode 100644 "System Update/shared/images/BR/AddedItems/2026-09-17_17-40-38/\343\203\206\343\202\243\343\202\2422 - \343\203\252\343\203\263\343\202\264.png"
 create mode 100644 "System Update/shared/images/BR/AddedItems/2026-09-17_17-40-38/\343\203\206\343\202\243\343\202\2422 - \343\203\254\343\203\231\343\203\203\343\202\253\343\201\256\351\212\203.png"
 create mode 100644 "System Update/shared/images/BR/AddedItems/2026-09-17_17-40-38/\343\203\206\343\202\243\343\202\2422 - \345\214\273\347\231\202\343\202\255\343\203\203\343\203\210.png"
 create mode 100644 "System Update/shared/images/BR/AddedItems/2026-09-17_17-40-38/\343\203\206\343\202\243\343\202\2423 - 8\343\203\223\343\203\203\343\203\210\343\202\267\343\203\247\343\203\203\343\203\210\343\202\254\343\203\263.png"
 create mode 100644 "System Update/shared/images/BR/AddedItems/2026-09-17_17-40-38/\343\203\206\343\202\243\343\202\2423 - \343\202\252\343\203\274\343\203\220\343\203\274\343\203\211\343\203\251\343\202\244\343\203\226 \343\202\260\343\203\254\343\203\215\343\203\274\343\203\211.png"
 create mode 100644 "System Update/shared/images/BR/AddedItems/2026-09-17_17-40-38/\343\203\206\343\202\243\343\202\2423 - \343\202\267\343\203\274\343\202\275\343\203\253\343\203\210\343\202\242\343\202\244\343\202\271.png"
 create mode 100644 "System Update/shared/images/BR/AddedItems/2026-09-17_17-40-38/\343\203\206\343\202\243\343\202\2423 - \343\202\267\343\203\274\343\203\253\343\203\211\343\203\235\343\203\274\343\202\267\343\203\247\343\203\263.png"
 create mode 100644 "System Update/shared/images/BR/AddedItems/2026-09-17_17-40-38/\343\203\206\343\202\243\343\202\2423 - \343\202\271\343\202\244\343\203\274\343\203\221\343\203\274\343\202\267\343\203\247\343\203\203\343\203\210\343\202\254\343\203\263.png"
 create mode 100644 "System Update/shared/images/BR/AddedItems/2026-09-17_17-40-38/\343\203\206\343\202\243\343\202\2423 - \343\202\277\343\202\257\343\203\206\343\202\243\343\202\253\343\203\253\343\203\224\343\202\271\343\203\210\343\203\253.png"
 create mode 100644 "System Update/shared/images/BR/AddedItems/2026-09-17_17-40-38/\343\203\206\343\202\243\343\202\2423 - \343\203\211\343\203\251\343\203\240\343\202\254\343\203\263.png"
 create mode 100644 "System Update/shared/images/BR/AddedItems/2026-09-17_17-40-38/\343\203\206\343\202\243\343\202\2423 - \343\203\235\343\203\263\343\203\227\343\202\267\343\203\247\343\203\203\343\203\210\343\202\254\343\203\263.png"
 create mode 100644 "System Update/shared/images/BR/AddedItems/2026-09-17_17-40-38/\343\203\206\343\202\243\343\202\2423 - \343\203\254\343\203\231\343\203\203\343\202\253\343\201\256\351\212\203.png"
 create mode 100644 "System Update/shared/images/BR/AddedItems/2026-09-17_17-40-38/\343\203\206\343\202\243\343\202\2423 - \343\203\254\343\203\263\343\202\270\343\203\243\343\203\274\343\202\242\343\202\265\343\203\253\343\203\210\343\203\251\343\202\244\343\203\225\343\203\253.png"
 create mode 100644 "System Update/shared/images/BR/AddedItems/2026-09-17_17-40-38/\343\203\206\343\202\243\343\202\2423 - \343\203\255\343\203\203\343\202\257\343\203\220\343\202\271\343\202\277\343\203\274.png"
 create mode 100644 "System Update/shared/images/BR/AddedItems/2026-09-17_17-40-38/\343\203\206\343\202\243\343\202\2424 - 8\343\203\223\343\203\203\343\203\210\343\202\267\343\203\247\343\203\203\343\203\210\343\202\254\343\203\263.png"
 create mode 100644 "System Update/shared/images/BR/AddedItems/2026-09-17_17-40-38/\343\203\206\343\202\243\343\202\2424 - \343\202\255\343\203\263\343\202\260\343\203\200\343\203\240\343\203\201\343\202\247\343\203\274\343\203\263.png"
 create mode 100644 "System Update/shared/images/BR/AddedItems/2026-09-17_17-40-38/\343\203\206\343\202\243\343\202\2424 - \343\202\271\343\202\244\343\203\274\343\203\221\343\203\274\343\202\267\343\203\247\343\203\203\343\203\210\343\202\254\343\203\263.png"
 create mode 100644 "System Update/shared/images/BR/AddedItems/2026-09-17_17-40-38/\343\203\206\343\202\243\343\202\2424 - \343\202\275\343\203\213\343\203\203\343\202\257 \343\203\221\343\203\257\343\203\274\343\202\271\343\203\213\343\203\274\343\202\253\343\203\274.png"
 create mode 100644 "System Update/shared/images/BR/AddedItems/2026-09-17_17-40-38/\343\203\206\343\202\243\343\202\2424 - \343\202\277\343\202\257\343\203\206\343\202\243\343\202\253\343\203\253\343\203\224\343\202\271\343\203\210\343\203\253.png"
 create mode 100644 "System Update/shared/images/BR/AddedItems/2026-09-17_17-40-38/\343\203\206\343\202\243\343\202\2424 - \343\203\206\343\203\210\343\203\252\343\202\271\343\203\252\343\203\225\343\203\210.png"
 create mode 100644 "System Update/shared/images/BR/AddedItems/2026-09-17_17-40-38/\343\203\206\343\202\243\343\202\2424 - \343\203\211\343\203\251\343\203\240\343\202\254\343\203\263.png"
 create mode 100644 "System Update/shared/images/BR/AddedItems/2026-09-17_17-40-38/\343\203\206\343\202\243\343\202\2424 - \343\203\235\343\203\263\343\203\227\343\202\267\343\203\247\343\203\203\343\203\210\343\202\254\343\203\263.png"
 create mode 100644 "System Update/shared/images/BR/AddedItems/2026-09-17_17-40-38/\343\203\206\343\202\243\343\202\2424 - \343\203\254\343\203\231\343\203\203\343\202\253\343\201\256\351\212\203.png"
 create mode 100644 "System Update/shared/images/BR/AddedItems/2026-09-17_17-40-38/\343\203\206\343\202\243\343\202\2424 - \343\203\254\343\203\263\343\202\270\343\203\243\343\203\274\343\202\242\343\202\265\343\203\253\343\203\210\343\203\251\343\202\244\343\203\225\343\203\253.png"
 create mode 100644 "System Update/shared/images/BR/AddedItems/2026-09-17_17-40-38/\343\203\206\343\202\243\343\202\2425 - 8\343\203\223\343\203\203\343\203\210\343\202\267\343\203\247\343\203\203\343\203\210\343\202\254\343\203\263.png"
 create mode 100644 "System Update/shared/images/BR/AddedItems/2026-09-17_17-40-38/\343\203\206\343\202\243\343\202\2425 - \343\202\271\343\202\244\343\203\274\343\203\221\343\203\274\343\202\267\343\203\247\343\203\203\343\203\210\343\202\254\343\203\263.png"
 create mode 100644 "System Update/shared/images/BR/AddedItems/2026-09-17_17-40-38/\343\203\206\343\202\243\343\202\2425 - \343\202\277\343\202\257\343\203\206\343\202\243\343\202\253\343\203\253\343\203\224\343\202\271\343\203\210\343\203\253.png"
 create mode 100644 "System Update/shared/images/BR/AddedItems/2026-09-17_17-40-38/\343\203\206\343\202\243\343\202\2425 - \343\203\201\343\203\243\343\202\260\343\202\270\343\203\243\343\202\260.png"
 create mode 100644 "System Update/shared/images/BR/AddedItems/2026-09-17_17-40-38/\343\203\206\343\202\243\343\202\2425 - \343\203\211\343\203\251\343\203\240\343\202\254\343\203\263.png"
 create mode 100644 "System Update/shared/images/BR/AddedItems/2026-09-17_17-40-38/\343\203\206\343\202\243\343\202\2425 - \343\203\235\343\203\263\343\203\227\343\202\267\343\203\247\343\203\203\343\203\210\343\202\254\343\203\263.png"
 create mode 100644 "System Update/shared/images/BR/AddedItems/2026-09-17_17-40-38/\343\203\206\343\202\243\343\202\2425 - \343\203\254\343\203\231\343\203\203\343\202\253\343\201\256\351\212\203.png"
 create mode 100644 "System Update/shared/images/BR/AddedItems/2026-09-17_17-40-38/\343\203\206\343\202\243\343\202\2425 - \343\203\254\343\203\263\343\202\270\343\203\243\343\203\274\343\202\242\343\202\265\343\203\253\343\203\210\343\203\251\343\202\244\343\203\225\343\203\253.png"
 create mode 100644 "System Update/shared/images/BR/AddedItems/2026-09-17_17-40-38/\343\203\206\343\202\243\343\202\2425 - \350\277\275\345\212\240\343\203\251\343\202\244\343\203\225\343\203\210\343\203\274\343\202\257\343\203\263.png"
 create mode 100644 "System Update/shared/images/BR/AddedItems/2026-09-17_17-40-38/\343\203\206\343\202\243\343\202\2426 - \343\202\252\343\203\274\343\203\220\343\203\274\343\202\257\343\203\255\343\203\203\343\202\257 8\343\203\223\343\203\203\343\203\210 \343\202\267\343\203\247\343\203\203\343\203\210\343\202\254\343\203\263.png"
 create mode 100644 "System Update/shared/images/BR/AddedItems/2026-09-17_17-40-38/\343\203\206\343\202\243\343\202\2426 - \343\203\211\343\203\251\343\203\240\343\202\254\343\203\263(\343\202\250\343\202\255\343\202\276\343\203\201\343\203\203\343\202\257).png"
 create mode 100644 "System Update/shared/images/BR/AddedItems/2026-09-17_17-40-38/\343\203\206\343\202\243\343\202\2426 - \343\203\235\343\203\263\343\203\227\343\202\267\343\203\247\343\203\203\343\203\210\343\202\254\343\203\263(\343\202\250\343\202\255\343\202\276\343\203\201\343\203\203\343\202\257).png"
 create mode 100644 "System Update/shared/images/BR/AddedItems/2026-09-17_17-40-38/\343\203\206\343\202\243\343\202\2426 - \343\203\254\343\203\231\343\203\203\343\202\253\343\201\256\351\212\203.png"
 create mode 100644 "System Update/shared/images/BR/AddedItems/2026-09-17_17-40-38/\343\203\206\343\202\243\343\202\2426 - \351\207\221\343\201\256\343\203\252\343\203\263\343\202\264.png"
 create mode 100644 "System Update/shared/images/BR/AddedItems/2026-09-17_17-40-38/\343\203\206\343\202\243\343\202\2427 - \343\202\255\343\203\263\343\202\260\343\203\200\343\203\240\343\203\201\343\202\247\343\203\274\343\203\263.png"
 create mode 100644 "System Update/shared/images/BR/AddedItems/2026-09-17_17-40-38/\343\203\206\343\202\243\343\202\2427 - \343\202\264\343\203\274\343\203\253\343\203\207\343\203\263\343\203\210\343\203\252\343\203\245\343\203\225.png"
 create mode 100644 "System Update/shared/images/BR/AddedItems/2026-09-17_17-40-38/\343\203\206\343\202\243\343\202\2427 - \343\202\271\343\202\244\343\203\274\343\203\221\343\203\274\343\202\267\343\203\247\343\203\203\343\203\210\343\202\254\343\203\263.png"
 create mode 100644 "System Update/shared/images/BR/AddedItems/2026-09-17_17-40-38/\343\203\206\343\202\243\343\202\2427 - \343\203\254\343\203\231\343\203\203\343\202\253\343\201\256\351\212\203.png"
 create mode 100644 "System Update/shared/images/BR/\343\202\255\343\203\263\343\202\260\343\203\200\343\203\240\343\203\201\343\202\247\343\203\274\343\203\263 - \343\203\206\343\202\243\343\202\2424.png"
 create mode 100644 "System Update/shared/images/BR/\343\202\255\343\203\263\343\202\260\343\203\200\343\203\240\343\203\201\343\202\247\343\203\274\343\203\263 - \343\203\206\343\202\243\343\202\2427.png"
 create mode 100644 "System Update/shared/images/BR/\343\202\267\343\203\274\343\202\275\343\203\253\343\203\210\343\202\242\343\202\244\343\202\271 - \343\203\206\343\202\243\343\202\2423.png"
 create mode 100644 "System Update/shared/images/BR/\343\203\254\343\203\231\343\203\203\343\202\253\343\201\256\351\212\203 - \343\203\206\343\202\243\343\202\2422.png"
 create mode 100644 "System Update/shared/images/BR/\343\203\254\343\203\231\343\203\203\343\202\253\343\201\256\351\212\203 - \343\203\206\343\202\243\343\202\2423.png"
 create mode 100644 "System Update/shared/images/BR/\343\203\254\343\203\231\343\203\203\343\202\253\343\201\256\351\212\203 - \343\203\206\343\202\243\343\202\2424.png"
 create mode 100644 "System Update/shared/images/BR/\343\203\254\343\203\231\343\203\203\343\202\253\343\201\256\351\212\203 - \343\203\206\343\202\243\343\202\2425.png"
 create mode 100644 "System Update/shared/images/BR/\343\203\254\343\203\231\343\203\203\343\202\253\343\201\256\351\212\203 - \343\203\206\343\202\243\343\202\2426.png"
 create mode 100644 "System Update/shared/images/BR/\343\203\254\343\203\231\343\203\203\343\202\253\343\201\256\351\212\203 - \343\203\206\343\202\243\343\202\2427.png"
 rename "System Update/\346\210\246\345\210\251\345\223\201\343\203\207\343\203\274\343\202\277/BR/BR_LootData_2026-09-17_17-36.json" => "System Update/\346\210\246\345\210\251\345\223\201\343\203\207\343\203\274\343\202\277/BR/BR_LootData_2026-09-17_17-40.json" (99%)
2026-09-17 17:40:59 | WARNING | git push stderr: To https://github.com/Greenfox0833/New-Loot.git
   666d693..e65890f  main -> main
2026-09-17 17:40:59 | INFO | ✓ GitHub Push 完了
2026-09-17 17:40:59 | INFO | ===== BR: pipeline end =====
