2026-07-16 23:13:44 | INFO | log file: E:\フォートナイト\Picture\Loot Pool\TEST4\New Loot\System Update\BR\output\logs\pipeline_2026-07-16_23-13-44.log
2026-07-16 23:13:44 | INFO | ===== BR: pipeline start =====
2026-07-16 23:13:44 | INFO | paths: lt=E:\フォートナイト\Picture\Loot Pool\TEST4\New Loot\System Update\BR\input\AthenaLootTierData_Client__final.json lp=E:\フォートナイト\Picture\Loot Pool\TEST4\New Loot\System Update\BR\input\AthenaLootPackages_Client__final.json minlist=E:\フォートナイト\Picture\Loot Pool\TEST4\New Loot\System Update\BR\input\items_unique_min.json
2026-07-16 23:13:44 | INFO | output: summary=E:\フォートナイト\Picture\Loot Pool\TEST4\New Loot\System Update\BR\output\summary lootdata=E:\フォートナイト\Picture\Loot Pool\TEST4\New Loot\System Update\戦利品データ\BR
2026-07-16 23:13:44 | INFO | flags: hotfix=True prewarm=True image=True workers=8
2026-07-16 23:13:44 | INFO | hotfix start: E:\フォートナイト\Picture\Loot Pool\TEST4\New Loot\System Update\LootPackage.py
2026-07-16 23:13:45 | INFO | hotfix lp stdout: [STEP1-1] base e:\Fmodel\Exports\FortniteGame\Content\Items\DataTables\AthenaLootPackages_Client.json
[HOTFIX:SEASON1] target=/Game/Items/DataTables/AthenaLootPackages_Client
[HOTFIX:SEASON1] Addrow(TableUpdate) なし -> スキップ
[HOTFIX:SEASON1] done: applied=0, deleted=0, skipped=0
[STEP1-2] merge e:\Fmodel\Exports\FortniteGame\Plugins\GameFeatures\OrangeRemoteLoot\Content\DataTables\OrangeRemoteLootPackages_Client.json : replaced=130, added=863
[HOTFIX:SEASON2] target=/OrangeRemoteLoot/DataTables/OrangeRemoteLootPackages_Client
[722] RowUpdate LIST_Weapons_Rare_Handgun_02.Weight=1.15 -> OK
[723] RowUpdate LIST_Weapons_Epic_Handgun_02.Weight=1.15 -> OK
[724] RowUpdate LIST_Weapons_Legendary_Handgun_02.Weight=1.15 -> OK
[756] RowUpdate LIST_FishingDefault_Consumables_Utility_02.Weight=0.070000 -> OK
[757] RowUpdate LIST_FishingHole_Consumables_Utility_02.Weight=0.070000 -> OK
[759] RowUpdate LIST_Chest_Consumables_Shielding_03.Weight=0.050000 -> OK
[760] RowUpdate LIST_RareChest_Consumables_Shielding_02.Weight=0.250000 -> OK
[788] RowUpdate LIST_Legendary_03.ItemDefinition=/SevenSlide/Gameplay/AGID_BoostSevenSlider.AGID_BoostSevenSlider -> OK
[808] RowUpdate LIST_Weapons_Uncommon_Shotgun_04.Weight=0.000 -> OK
[809] RowUpdate LIST_Weapons_Rare_Shotgun_04.Weight=0.000 -> OK
[810] RowUpdate LIST_Weapons_Epic_Shotgun_04.Weight=0.000 -> OK
[811] RowUpdate LIST_Weapons_Legendary_Shotgun_04.Weight=0.000 -> OK
[812] RowUpdate LIST_Weapons_Mythic_Shotgun_04.Weight=0.000 -> OK
[813] RowUpdate LIST_Weapons_Common_Assault_02.Weight=0.00 -> OK
[814] RowUpdate LIST_Weapons_Common_Assault_03.Weight=1.00 -> OK
[815] RowUpdate LIST_Weapons_Common_Assault_03.ItemDefinition=/SunRoseWeaponsGameplay/Items/Weapons/WarforgedAR/Hitscan/WID_Assault_SunRose_HS_Athena_C.WID_Assault_SunRose_HS_Athena_C -> OK
[816] RowUpdate LIST_Weapons_Uncommon_Assault_03.Weight=1.00 -> OK
[817] RowUpdate LIST_Weapons_Uncommon_Assault_03.ItemDefinition=/SunRoseWeaponsGameplay/Items/Weapons/WarforgedAR/Hitscan/WID_Assault_SunRose_HS_Athena_UC.WID_Assault_SunRose_HS_Athena_UC -> OK
[818] RowUpdate LIST_Weapons_Rare_Assault_03.Weight=1.00 -> OK
[819] RowUpdate LIST_Weapons_Rare_Assault_03.ItemDefinition=/SunRoseWeaponsGameplay/Items/Weapons/WarforgedAR/Hitscan/WID_Assault_SunRose_HS_Athena_R.WID_Assault_SunRose_HS_Athena_R -> OK
[820] RowUpdate LIST_Weapons_Epic_Assault_03.Weight=1.00 -> OK
[821] RowUpdate LIST_Weapons_Epic_Assault_03.ItemDefinition=/SunRoseWeaponsGameplay/Items/Weapons/WarforgedAR/Hitscan/WID_Assault_SunRose_HS_Athena_VR.WID_Assault_SunRose_HS_Athena_VR -> OK
[822] RowUpdate LIST_Weapons_Legendary_Assault_03.Weight=1.00 -> OK
[823] RowUpdate LIST_Weapons_Legendary_Assault_03.ItemDefinition=/SunRoseWeaponsGameplay/Items/Weapons/WarforgedAR/Hitscan/WID_Assault_SunRose_HS_Athena_SR.WID_Assault_SunRose_HS_Athena_SR -> OK
[1069] RowUpdate PKG_Boss_FossilMeal_Soup_12.LootPackageCall=LIST_Boss_FossilMealSprite -> OK
[1070] RowUpdate PKG_Boss_FossilMeal_Bread_12.LootPackageCall=LIST_Boss_FossilMealSprite -> OK
[1071] RowUpdate PKG_Boss_FossilMeal_Pasta_12.LootPackageCall=LIST_Boss_FossilMealSprite -> OK
[1072] AddRow -> ADD LIST_Boss_FossilMealSprite_01
[1073] RowUpdate LIST_FishingDefault_Consumables_Utility_01.Weight=0.000000 -> OK
[1074] RowUpdate LIST_FishingDefault_Consumables_Utility_02.Weight=0.000000 -> OK
[1075] RowUpdate LIST_FishingHole_Consumables_Utility_01.Weight=0.000000 -> OK
[1076] RowUpdate LIST_FishingHole_Consumables_Utility_02.Weight=0.000000 -> OK
[1077] RowUpdate LIST_Weapons_Common_SMG_01.Weight=0.000000 -> OK
[1078] RowUpdate LIST_Weapons_Uncommon_SMG_01.Weight=0.000000 -> OK
[1079] RowUpdate LIST_Weapons_Uncommon_Sniper_02.Weight=0.000000 -> OK
[1080] RowUpdate LIST_Weapons_Rare_SMG_01.Weight=0.000000 -> OK
[1081] RowUpdate LIST_Weapons_Rare_Sniper_02.Weight=0.000000 -> OK
[1082] RowUpdate LIST_Weapons_Epic_SMG_01.Weight=0.000000 -> OK
[1083] RowUpdate LIST_Weapons_Epic_Sniper_02.Weight=0.000000 -> OK
[1084] RowUpdate LIST_Weapons_Legendary_SMG_01.Weight=0.000000 -> OK
[1085] RowUpdate LIST_Weapons_Legendary_Sniper_02.Weight=0.000000 -> OK
[1086] RowUpdate LIST_Weapons_Mythic_SMG_01.Weight=0.000000 -> OK
[1087] RowUpdate LIST_Weapons_Mythic_Sniper_01.Weight=0.000000 -> OK
[1088] RowUpdate LIST_DuckVault_Weapon_01.ItemDefinition=/MoonFlaxWeaponGameplay/Items/Weapons/Sniper/Unmoded/WID_Sniper_MoonFlax_UM_Athena_SR.WID_Sniper_MoonFlax_UM_Athena_SR -> OK
[1089] RowUpdate LIST_DuckVault_Weapon_02.ItemDefinition=/MoonFlaxWeaponGameplay/Items/Weapons/Sniper/Unmoded/WID_Sniper_MoonFlax_UM_Athena_UR.WID_Sniper_MoonFlax_UM_Athena_UR -> OK
[HOTFIX:SEASON2] done: applied=45, deleted=0, skipped=0
[WRITE] final -> E:\フォートナイト\Picture\Loot Pool\TEST4\New Loot\System Update\BR\input\AthenaLootPackages_Client__final.json
[WRITE] per-input -> E:\フォートナイト\Picture\Loot Pool\TEST4\New Loot\System Update\BR\input\OrangeRemoteLootPackages_Client__final.json
2026-07-16 23:13:45 | INFO | hotfix start: E:\フォートナイト\Picture\Loot Pool\TEST4\New Loot\System Update\LootTier.py
2026-07-16 23:13:46 | INFO | hotfix lt stdout: [STEP1-1] base e:\Fmodel\Exports\FortniteGame\Content\Items\DataTables\AthenaLootTierData_Client.json
[HOTFIX:SEASON1] target=/Game/Items/DataTables/AthenaLootTierData_Client
[HOTFIX:SEASON1] done: applied=0, deleted=0, skipped=0
[STEP1-2] merge e:\Fmodel\Exports\FortniteGame\Plugins\GameFeatures\OrangeRemoteLoot\Content\DataTables\OrangeRemoteLootTierData_Client.json : replaced=0, added=110
[HOTFIX:SEASON2] target=/OrangeRemoteLoot/DataTables/OrangeRemoteLootTierData_Client
[HOTFIX:SEASON2] done: applied=0, deleted=0, skipped=0
[WRITE] final -> E:\フォートナイト\Picture\Loot Pool\TEST4\New Loot\System Update\BR\input\AthenaLootTierData_Client__final.json
[WRITE] per-input -> E:\フォートナイト\Picture\Loot Pool\TEST4\New Loot\System Update\BR\input\OrangeRemoteLootTierData_Client__final.json
2026-07-16 23:13:46 | INFO | ✓ Hotfix 適用完了 (1.11s)
2026-07-16 23:13:46 | INFO | load lt: E:\フォートナイト\Picture\Loot Pool\TEST4\New Loot\System Update\BR\input\AthenaLootTierData_Client__final.json
2026-07-16 23:13:46 | INFO | load lp: E:\フォートナイト\Picture\Loot Pool\TEST4\New Loot\System Update\BR\input\AthenaLootPackages_Client__final.json
2026-07-16 23:13:46 | INFO | load done (0.03s)
2026-07-16 23:13:46 | INFO | build summary start
2026-07-16 23:13:46 | INFO | build summary done (0.05s)
2026-07-16 23:13:46 | INFO | enrich summary with names start
2026-07-16 23:13:46 | INFO | enrich summary done (0.00s)
2026-07-16 23:13:46 | INFO | ✅ まとめJSONを作成: E:\フォートナイト\Picture\Loot Pool\TEST4\New Loot\System Update\BR\output\summary\v39.30_2026-07-16_23-13.json
2026-07-16 23:13:46 | INFO | build item metadata start
2026-07-16 23:15:30 | INFO | ✅ アイテム名・説明・タグJSONを更新: E:\フォートナイト\Picture\Loot Pool\TEST4\New Loot\System Update\shared\cache\item_metadata.json (104.34s)
2026-07-16 23:15:30 | INFO | build BR_LootData start
2026-07-16 23:15:30 | INFO | build BR_LootData done (0.00s)
2026-07-16 23:15:30 | INFO | ✅ BR_LootData を作成: E:\フォートナイト\Picture\Loot Pool\TEST4\New Loot\System Update\戦利品データ\BR\BR_LootData_2026-07-16_23-15.json
2026-07-16 23:15:30 | INFO | ✅ Web LootPool を更新: E:\フォートナイト\Web\assets\data\Loot\BR_LootPool.json
2026-07-16 23:15:30 | INFO | LootSummary start: E:\フォートナイト\Picture\Loot Pool\TEST4\New Loot\System Update\BR\scripts\LootSummary.py
2026-07-16 23:15:30 | INFO | LootSummary stdout: 🔎 抽出用: 最新ファイル = E:\フォートナイト\Picture\Loot Pool\TEST4\New Loot\System Update\BR\output\summary\v39.30_2026-07-16_23-13.json
✅ 抽出件数: 218
💾 保存: E:\フォートナイト\Picture\Loot Pool\TEST4\New Loot\System Update\BR\input\items_unique_min.json
🔎 比較用: base   = E:\フォートナイト\Picture\Loot Pool\TEST4\New Loot\System Update\BR\output\summary\v39.30_2026-07-16_18-13.json
🔎 比較用: target = E:\フォートナイト\Picture\Loot Pool\TEST4\New Loot\System Update\BR\output\summary\v39.30_2026-07-16_23-13.json
✅ 差分作成 完了
  追加   : 0 / 削除 : 12 / 変更 : 29 / 変化なし : 189
💾 差分: E:\フォートナイト\Picture\Loot Pool\TEST4\New Loot\System Update\BR\output\history\BR_20260716_2315\items_unique_min_diff.json
2026-07-16 23:15:30 | WARNING | LootSummary stderr: E:\フォートナイト\Picture\Loot Pool\TEST4\New Loot\System Update\BR\scripts\LootSummary.py:2: SyntaxWarning: invalid escape sequence '\B'
  """
2026-07-16 23:15:30 | INFO | ✅ LootSummary 実行完了（抽出→比較） (0.28s)
2026-07-16 23:15:30 | INFO | prewarm start
2026-07-16 23:15:35 | INFO | ✅ アイコンキャッシュ プリウォーム完了 (4.42s)
2026-07-16 23:15:35 | INFO | 画像化タスク数: 218
2026-07-16 23:15:35 | INFO | 画像生成 進捗: 1/218
2026-07-16 23:15:36 | INFO | 画像生成 進捗: 50/218
2026-07-16 23:15:37 | INFO | 画像生成 進捗: 100/218
2026-07-16 23:15:38 | INFO | 画像生成 進捗: 150/218
2026-07-16 23:15:38 | INFO | 画像生成 進捗: 200/218
2026-07-16 23:15:39 | INFO | 画像生成 進捗: 218/218
2026-07-16 23:15:39 | INFO | ✅ 画像生成 完了（MinListベース）
2026-07-16 23:15:39 | INFO | ✅ Loot diff を作成: E:\フォートナイト\Web\assets\data\Loot\diff\BR_2026-07-16_23-15-39.json (added=2 removed=12 change=15)
2026-07-16 23:15:39 | INFO | ✅ AddedItems 画像を保存: E:\フォートナイト\Picture\Loot Pool\TEST4\New Loot\System Update\shared\images\BR\AddedItems\2026-07-16_23-15-39 (copied=2 missing=0)
2026-07-16 23:15:39 | INFO | git add: E:\フォートナイト\Picture\Loot Pool\TEST4\New Loot
2026-07-16 23:15:54 | INFO | git commit stdout: [main 9279a60] BR update 2026-07-16 23:15:50
 15 files changed, 71005 insertions(+), 3308 deletions(-)
 create mode 100644 System Update/BR/output/history/BR_20260716_2315/items_unique_min_diff.json
 create mode 100644 System Update/BR/output/logs/pipeline_2026-07-16_23-13-44.log
 create mode 100644 System Update/BR/output/summary/v39.30_2026-07-16_23-13.json
 create mode 100644 "System Update/shared/images/BR/AddedItems/2026-07-16_23-15-39/\343\203\206\343\202\243\343\202\2425 - \343\203\230\343\203\223\343\203\274\343\202\244\343\203\263\343\203\221\343\202\257\343\203\210\343\202\271\343\203\212\343\202\244\343\203\221\343\203\274\343\203\251\343\202\244\343\203\225\343\203\253.png"
 create mode 100644 "System Update/shared/images/BR/AddedItems/2026-07-16_23-15-39/\343\203\206\343\202\243\343\202\2427 - \343\203\236\343\202\244\343\203\206\343\202\243\343\202\244\343\203\263\343\203\221\343\202\257\343\203\210\343\202\271\343\203\212\343\202\244\343\203\221\343\203\274\343\203\251\343\202\244\343\203\225\343\203\253.png"
 create mode 100644 "System Update/\346\210\246\345\210\251\345\223\201\343\203\207\343\203\274\343\202\277/BR/BR_LootData_2026-07-16_23-15.json"
2026-07-16 23:16:03 | WARNING | git push stderr: To https://github.com/Greenfox0833/New-Loot.git
   d05be65..9279a60  main -> main
2026-07-16 23:16:03 | INFO | ✓ GitHub Push 完了
2026-07-16 23:16:03 | INFO | ===== BR: pipeline end =====
