2026-02-16 13:16:10 | INFO | log file: E:\フォートナイト\Picture\Loot Pool\TEST4\New Loot\System Update\BR\output\logs\pipeline_2026-02-16_13-16-10.log
2026-02-16 13:16:10 | INFO | ===== BR: pipeline start =====
2026-02-16 13:16:10 | INFO | paths: lt=E:\フォートナイト\Picture\Loot Pool\TEST4\New Loot\System Update\BR\input\AthenaLootTierData_Client__final.json lp=E:\フォートナイト\Picture\Loot Pool\TEST4\New Loot\System Update\BR\input\AthenaLootPackages_Client__final.json minlist=E:\フォートナイト\Picture\Loot Pool\TEST4\New Loot\System Update\BR\input\items_unique_min.json
2026-02-16 13:16:10 | INFO | output: summary=E:\フォートナイト\Picture\Loot Pool\TEST4\New Loot\System Update\BR\output\summary lootdata=E:\フォートナイト\Picture\Loot Pool\TEST4\New Loot\System Update\戦利品データ\BR
2026-02-16 13:16:10 | INFO | flags: hotfix=True prewarm=True image=True workers=8
2026-02-16 13:16:10 | INFO | hotfix start: E:\フォートナイト\Picture\Loot Pool\TEST4\New Loot\System Update\LootPackage.py
2026-02-16 13:16:10 | INFO | hotfix lp stdout: [STEP1-1] base e:\Fmodel\Exports\FortniteGame\Content\Items\DataTables\AthenaLootPackages_Client.json
[HOTFIX:SEASON1] target=/Game/Items/DataTables/AthenaLootPackages_Client
[HOTFIX:SEASON1] Addrow(TableUpdate) なし -> スキップ
[HOTFIX:SEASON1] done: applied=0, deleted=0, skipped=0
[STEP1-2] merge e:\Fmodel\Exports\FortniteGame\Plugins\GameFeatures\DragonCartLoot\Content\DataTables\DragonCartLootPackages_Client.json : replaced=438, added=794
[HOTFIX:SEASON2] target=/DragonCartLoot/DataTables/DragonCartLootPackages_Client
[389] RowUpdate WorldList.AthenaHighConsumables.23.Weight=0.050000 -> OK
[390] RowUpdate WorldList.AthenaHighConsumablesRare.24.Weight=0.050000 -> OK
[391] RowUpdate WorldList.AthenaSupplyDropConsumables.23.Weight=0.050000 -> OK
[392] RowUpdate WorldList.AthenaConsumables.24.Weight=0.050000 -> OK
[399] RowUpdate PKG_ThemeParkCannon_Solo.01.Weight=0.250000 -> OK
[400] RowUpdate PKG_ThemeParkCannon_Solo.02.Weight=0.750000 -> OK
[401] RowUpdate PKG_ThemeParkCannon_Solo.02.LootPackageCall=WorldList.Weapons.Rarity.Epic -> OK
[402] RowUpdate PKG_ThemeParkCannon_Solo.04.Weight=0.000000 -> OK
[403] RowUpdate PKG_ThemeParkCannon_Duo.01.Weight=0.250000 -> OK
[404] RowUpdate PKG_ThemeParkCannon_Duo.02.Weight=0.750000 -> OK
[405] RowUpdate PKG_ThemeParkCannon_Duo.02.LootPackageCall=WorldList.Weapons.Rarity.Epic -> OK
[406] RowUpdate PKG_ThemeParkCannon_Duo.04.Weight=0.000000 -> OK
[407] RowUpdate PKG_ThemeParkCannon_Trio.01.Weight=0.250000 -> OK
[408] RowUpdate PKG_ThemeParkCannon_Trio.02.Weight=0.750000 -> OK
[409] RowUpdate PKG_ThemeParkCannon_Trio.02.LootPackageCall=WorldList.Weapons.Rarity.Epic -> OK
[410] RowUpdate PKG_ThemeParkCannon_Trio.04.Weight=0.000000 -> OK
[411] RowUpdate PKG_ThemeParkCannon_Squad.01.Weight=0.250000 -> OK
[412] RowUpdate PKG_ThemeParkCannon_Squad.02.Weight=0.750000 -> OK
[413] RowUpdate PKG_ThemeParkCannon_Squad.02.LootPackageCall=WorldList.Weapons.Rarity.Epic -> OK
[414] RowUpdate PKG_ThemeParkCannon_Squad.04.Weight=0.000000 -> OK
[415] RowUpdate LIST_ThemeParkCannon_Consumable.05.Weight=0.100000 -> OK
[416] RowUpdate LIST_ThemeParkCannon_Consumable.05.CountRange=(X=2,Y=2) -> OK
[417] RowUpdate LIST_ThemeParkCannon_Consumable.05.ItemDefinition=/PaprikaConsumables/Gameplay/ShieldRefresh/WID_Paprika_ShieldPot.WID_Paprika_ShieldPot -> OK
[418] RowUpdate LIST_ThemeParkCannon_Consumable.06.Weight=0.100000 -> OK
[419] RowUpdate LIST_ThemeParkCannon_Consumable.06.CountRange=(X=1,Y=1) -> OK
[420] RowUpdate LIST_ThemeParkCannon_Consumable.06.ItemDefinition=/PaprikaConsumables/Gameplay/MedRefresh/WID_Paprika_MedBox.WID_Paprika_MedBox -> OK
[467] RowUpdate WorldList.AthenaConsumables.18.Weight=0.010000 -> OK
[468] RowUpdate WorldList.Weapons.Rarity.Legendary.20.Weight=1.000000 -> OK
[469] RowUpdate WorldList.AthenaHighConsumables.19.Weight=0.000000 -> OK
[470] RowUpdate WorldList.AthenaHighConsumables.26.Weight=0.000000 -> OK
[471] RowUpdate WorldList.AthenaHighConsumablesRare.27.Weight=0.000000 -> OK
[472] RowUpdate WorldList.AthenaSupplyDropConsumables.25.Weight=0.000000 -> OK
[473] RowUpdate WorldList.AthenaConsumables.25.Weight=0.000000 -> OK
[474] RowUpdate LIST_Vend_Item_Seasonal_2.02.Weight=0.000000 -> OK
[475] RowUpdate LIST_ThemeParkCannon_Consumable.05.Weight=0.000000 -> OK
[516] RowUpdate WorldList.AthenaHighConsumables.14.Weight=0.200000 -> OK
[517] RowUpdate WorldList.AthenaHighConsumablesRare.14.Weight=0.200000 -> OK
[518] RowUpdate WorldList.AthenaSupplyDropConsumables.13.Weight=0.2500000 -> OK
[519] RowUpdate WorldList.AthenaConsumables.14.Weight=0.200000 -> OK
[600] RowUpdate WorldList.AthenaHighConsumables.21.CountRange=(X=2,Y=2) -> OK
[601] RowUpdate WorldList.AthenaHighConsumablesRare.22.CountRange=(X=2,Y=2) -> OK
[602] RowUpdate WorldList.AthenaSupplyDropConsumables.21.CountRange=(X=2,Y=2) -> OK
[603] RowUpdate WorldList.AthenaConsumables.22.CountRange=(X=2,Y=2) -> OK
[619] RowUpdate LIST_Vend_Item_Assault_Purple.01.Weight=0.000000 -> OK
[620] RowUpdate LIST_Vend_Item_Assault_Purple.02.Weight=0.000000 -> OK
[621] RowUpdate LIST_Vend_Item_Assault_Purple.03.Weight=0.000000 -> OK
[622] RowUpdate LIST_Vend_Item_Assault_Purple.05.Weight=0.000000 -> OK
[623] RowUpdate LIST_Vend_Item_Gold_3.01.Weight=0.000000 -> OK
[624] RowUpdate LIST_Vend_Item_Gold_3.02.Weight=0.000000 -> OK
[625] RowUpdate LIST_Vend_Item_Gold_3.04.Weight=0.000000 -> OK
[743] RowUpdate WorldList.AthenaHighConsumables.15.Weight=0.110000 -> OK
[744] RowUpdate WorldList.AthenaHighConsumables.15.CountRange=(X=1,Y=1) -> OK
[745] RowUpdate WorldList.AthenaHighConsumables.15.ItemDefinition=/Game/Athena/Items/Consumables/Bush/Athena_Bush.Athena_Bush -> OK
[746] RowUpdate WorldList.AthenaHighConsumables.16.Weight=0.000000 -> OK
[747] RowUpdate WorldList.AthenaHighConsumables.16.CountRange=(X=1,Y=1) -> OK
[748] RowUpdate WorldList.AthenaHighConsumables.16.ItemDefinition=/BigBushGrenade/Items/Athena_ShrubBomb.Athena_ShrubBomb -> OK
[749] RowUpdate WorldList.AthenaHighConsumables.17.Weight=0.000000 -> OK
[750] RowUpdate WorldList.AthenaHighConsumablesRare.17.Weight=0.000000 -> OK
[751] RowUpdate WorldList.AthenaSupplyDropConsumables.16.Weight=0.000000 -> OK
[752] RowUpdate WorldList.AthenaConsumables.15.Weight=0.000000 -> OK
[753] RowUpdate WorldList.AthenaConsumables.15.CountRange=(X=1,Y=1) -> OK
[754] RowUpdate WorldList.AthenaConsumables.15.ItemDefinition=/BigBushGrenade/Items/Athena_ShrubBomb.Athena_ShrubBomb -> OK
[755] RowUpdate WorldList.AthenaConsumables.16.Weight=0.100000 -> OK
[756] RowUpdate WorldList.AthenaConsumables.16.CountRange=(X=1,Y=1) -> OK
[757] RowUpdate WorldList.AthenaConsumables.16.ItemDefinition=/Game/Athena/Items/Consumables/Bush/Athena_Bush.Athena_Bush -> OK
[758] RowUpdate WorldList.AthenaConsumables.17.Weight=0.000000 -> OK
[759] RowUpdate LIST_GCDunmurry_Consumable_2_A.01.Weight=0.000000 -> SKIP(no row)
[780] RowUpdate WorldList.AthenaHighConsumables.18.Weight=0.060000 -> OK
[781] RowUpdate WorldList.AthenaHighConsumables.19.Weight=0.000000 -> OK
[782] RowUpdate WorldList.AthenaHighConsumables.20.Weight=0.010000 -> OK
[783] RowUpdate WorldList.AthenaHighConsumables.27.Weight=0.000000 -> OK
[784] RowUpdate WorldList.AthenaHighConsumablesRare.18.Weight=0.100000 -> OK
[785] RowUpdate WorldList.AthenaHighConsumablesRare.21.Weight=0.100000 -> OK
[786] RowUpdate WorldList.AthenaHighConsumablesRare.27.Weight=0.000000 -> OK
[787] RowUpdate WorldList.AthenaHighConsumablesRare.28.Weight=0.000000 -> OK
[788] RowUpdate WorldList.AthenaSupplyDropConsumables.18.Weight=0.200000 -> OK
[789] RowUpdate WorldList.AthenaSupplyDropConsumables.19.Weight=0.200000 -> OK
[790] RowUpdate WorldList.AthenaSupplyDropConsumables.25.Weight=0.000000 -> OK
[791] RowUpdate WorldList.AthenaSupplyDropConsumables.26.Weight=0.000000 -> OK
[792] RowUpdate WorldList.AthenaConsumables.19.Weight=0.050000 -> OK
[793] RowUpdate WorldList.AthenaConsumables.21.Weight=0.050000 -> OK
[794] RowUpdate WorldList.AthenaConsumables.25.Weight=0.000000 -> OK
[795] RowUpdate WorldList.AthenaConsumables.26.Weight=0.000000 -> OK
[796] RowUpdate LIST_Vend_Item_Seasonal_2.01.Weight=1.000000 -> OK
[797] RowUpdate LIST_Vend_Item_Seasonal_2.02.Weight=0.000000 -> OK
[798] RowUpdate LIST_ThemeParkCannon_Consumable.01.Weight=0.250000 -> OK
[799] RowUpdate LIST_ThemeParkCannon_Consumable.05.Weight=0.000000 -> OK
[800] RowUpdate LIST_Boss_BF_Consumable.01.Weight=1.000000 -> OK
[801] RowUpdate LIST_Boss_BF_Consumable.02.Weight=0.000000 -> OK
[802] RowUpdate LIST_Boss_BF_Consumable.02.ItemDefinition=/PaprikaConsumables/Gameplay/BandageRefresh/WID_Paprika_Bandage.WID_Paprika_Bandage -> OK
[804] RowUpdate PKG_FriendshipBubble.01.CountRange=(X=1,Y=1) -> OK
[805] RowUpdate PKG_FriendshipBubble.01.LootPackageCall=LIST_FriendshipBubble_Weapon -> OK
[HOTFIX:SEASON2] Addrow(TableUpdate) なし -> スキップ
[HOTFIX:SEASON2] done: applied=91, deleted=0, skipped=1
[WRITE] final -> E:\フォートナイト\Picture\Loot Pool\TEST4\New Loot\System Update\BR\input\AthenaLootPackages_Client__final.json
[WRITE] per-input -> E:\フォートナイト\Picture\Loot Pool\TEST4\New Loot\System Update\BR\input\DragonCartLootPackages_Client__final.json
2026-02-16 13:16:10 | INFO | hotfix start: E:\フォートナイト\Picture\Loot Pool\TEST4\New Loot\System Update\LootTier.py
2026-02-16 13:16:10 | INFO | hotfix lt stdout: [STEP1-1] base e:\Fmodel\Exports\FortniteGame\Content\Items\DataTables\AthenaLootTierData_Client.json
[HOTFIX:SEASON1] target=/Game/Items/DataTables/AthenaLootTierData_Client
[383] RowUpdate Loot_AthenaTreasure_04.Weight=0.050000 -> OK
[384] RowUpdate Loot_ApolloTreasure_Rare_04.Weight=0.150000 -> OK
[385] RowUpdate Loot_AthenaSupplyDrop_03.Weight=0.300000 -> OK
[HOTFIX:SEASON1] done: applied=3, deleted=0, skipped=0
[STEP1-2] merge e:\Fmodel\Exports\FortniteGame\Plugins\GameFeatures\DragonCartLoot\Content\DataTables\DragonCartLootTierData_Client.json : replaced=0, added=90
[HOTFIX:SEASON2] target=/DragonCartLoot/DataTables/DragonCartLootTierData_Client
[604] RowUpdate LTG_Vend_Item_Pistol_Green.01.Weight=0.000000 -> OK
[605] RowUpdate LTG_Vend_Item_Shotgun_Green.01.Weight=0.000000 -> OK
[606] RowUpdate LTG_Vend_Item_SMG_Green.01.Weight=0.000000 -> OK
[607] RowUpdate LTG_Vend_Item_Assault_Green.01.Weight=0.000000 -> OK
[HOTFIX:SEASON2] done: applied=4, deleted=0, skipped=0
[WRITE] final -> E:\フォートナイト\Picture\Loot Pool\TEST4\New Loot\System Update\BR\input\AthenaLootTierData_Client__final.json
[WRITE] per-input -> E:\フォートナイト\Picture\Loot Pool\TEST4\New Loot\System Update\BR\input\DragonCartLootTierData_Client__final.json
2026-02-16 13:16:10 | INFO | ✓ Hotfix 適用完了 (0.73s)
2026-02-16 13:16:10 | INFO | load lt: E:\フォートナイト\Picture\Loot Pool\TEST4\New Loot\System Update\BR\input\AthenaLootTierData_Client__final.json
2026-02-16 13:16:10 | INFO | load lp: E:\フォートナイト\Picture\Loot Pool\TEST4\New Loot\System Update\BR\input\AthenaLootPackages_Client__final.json
2026-02-16 13:16:10 | INFO | load done (0.02s)
2026-02-16 13:16:10 | INFO | build summary start
2026-02-16 13:16:10 | INFO | build summary done (0.02s)
2026-02-16 13:16:10 | INFO | enrich summary with names start
2026-02-16 13:16:10 | INFO | enrich summary done (0.00s)
2026-02-16 13:16:10 | INFO | ✅ まとめJSONを作成: E:\フォートナイト\Picture\Loot Pool\TEST4\New Loot\System Update\BR\output\summary\v39.30_2026-02-16_13-16.json
2026-02-16 13:16:10 | INFO | build BR_LootData start
2026-02-16 13:16:10 | INFO | build BR_LootData done (0.00s)
2026-02-16 13:16:11 | INFO | ✅ BR_LootData を作成: E:\フォートナイト\Picture\Loot Pool\TEST4\New Loot\System Update\戦利品データ\BR\BR_LootData_2026-02-16_13-16.json
2026-02-16 13:16:11 | INFO | ✅ Web LootPool を更新: E:\フォートナイト\Web\assets\data\Loot\BR_LootPool.json
2026-02-16 13:16:11 | INFO | LootSummary start: E:\フォートナイト\Picture\Loot Pool\TEST4\New Loot\System Update\BR\scripts\LootSummary.py
2026-02-16 13:16:11 | INFO | LootSummary stdout: 🔎 抽出用: 最新ファイル = E:\フォートナイト\Picture\Loot Pool\TEST4\New Loot\System Update\BR\output\summary\v39.30_2026-02-16_13-16.json
✅ 抽出件数: 121
💾 保存: E:\フォートナイト\Picture\Loot Pool\TEST4\New Loot\System Update\BR\input\items_unique_min.json
🔎 比較用: base   = E:\フォートナイト\Picture\Loot Pool\TEST4\New Loot\System Update\BR\output\summary\v39.30_2026-02-15_05-28.json
🔎 比較用: target = E:\フォートナイト\Picture\Loot Pool\TEST4\New Loot\System Update\BR\output\summary\v39.30_2026-02-16_13-16.json
✅ 差分作成 完了
  追加   : 2 / 削除 : 2 / 変更 : 0 / 変化なし : 119
💾 差分: E:\フォートナイト\Picture\Loot Pool\TEST4\New Loot\System Update\BR\output\history\BR_20260216_1316\items_unique_min_diff.json
2026-02-16 13:16:11 | WARNING | LootSummary stderr: E:\フォートナイト\Picture\Loot Pool\TEST4\New Loot\System Update\BR\scripts\LootSummary.py:2: SyntaxWarning: invalid escape sequence '\B'
  """
2026-02-16 13:16:11 | INFO | ✅ LootSummary 実行完了（抽出→比較） (0.40s)
2026-02-16 13:16:11 | INFO | prewarm start
