2026-04-16 17:50:49 | INFO | log file: E:\フォートナイト\Picture\Loot Pool\TEST4\New Loot\System Update\BR\output\logs\pipeline_2026-04-16_17-50-49.log
2026-04-16 17:50:49 | INFO | ===== BR: pipeline start =====
2026-04-16 17:50:49 | INFO | paths: lt=E:\フォートナイト\Picture\Loot Pool\TEST4\New Loot\System Update\BR\input\AthenaLootTierData_Client__final.json lp=E:\フォートナイト\Picture\Loot Pool\TEST4\New Loot\System Update\BR\input\AthenaLootPackages_Client__final.json minlist=E:\フォートナイト\Picture\Loot Pool\TEST4\New Loot\System Update\BR\input\items_unique_min.json
2026-04-16 17:50:49 | INFO | output: summary=E:\フォートナイト\Picture\Loot Pool\TEST4\New Loot\System Update\BR\output\summary lootdata=E:\フォートナイト\Picture\Loot Pool\TEST4\New Loot\System Update\戦利品データ\BR
2026-04-16 17:50:49 | INFO | flags: hotfix=True prewarm=True image=True workers=8
2026-04-16 17:50:49 | INFO | hotfix start: E:\フォートナイト\Picture\Loot Pool\TEST4\New Loot\System Update\LootPackage.py
2026-04-16 17:50:49 | INFO | hotfix lp stdout: [STEP1-1] base e:\Fmodel\Exports\FortniteGame\Content\Items\DataTables\AthenaLootPackages_Client.json
[HOTFIX:SEASON1] target=/Game/Items/DataTables/AthenaLootPackages_Client
[HOTFIX:SEASON1] Addrow(TableUpdate) なし -> スキップ
[HOTFIX:SEASON1] done: applied=0, deleted=0, skipped=0
[STEP1-2] merge e:\Fmodel\Exports\FortniteGame\Plugins\GameFeatures\TeaCakeLoot\Content\DataTables\TeaCakeLootPackages_Client.json : replaced=428, added=1086
[HOTFIX:SEASON2] target=/TeaCakeLoot/DataTables/TeaCakeLootPackages_Client
[418] RowUpdate WorldList.ApolloLoot.Weapon.Rocket.01.Weight=0.000010 -> OK
[419] RowUpdate WorldList.ApolloLoot.Weapon.Rocket.01.CountRange=(X=1,Y=1) -> OK
[420] RowUpdate WorldList.ApolloLoot.Weapon.Rocket.01.ItemDefinition=/WeaponsUpdated/Gameplay/CombatAR/Hitscan/WID_Assault_MoonFlax_CombatAR_HS_Athena_SR.WID_Assault_MoonFlax_CombatAR_HS_Athena_SR -> OK
[424] RowUpdate WorldList.AthenaLoot.Ammo.Medium.01.CountRange=(X=36,Y=36) -> OK
[425] RowUpdate LIST_PaV_04_Boss_Weapon.01.ItemDefinition=/TeaCakeIceGauntlets/Gameplay/WID_IceGauntlets_BigBomb.WID_IceGauntlets_BigBomb -> OK
[426] RowUpdate LIST_PaV_04_Boss_Ammo.03.Weight=1.000000 -> OK
[427] RowUpdate LIST_PaV_04_Boss_Ammo.03.CountRange=(X=36,Y=36) -> OK
[428] RowUpdate LIST_PaV_04_Boss_Consume.01.Weight=0.500000 -> OK
[429] RowUpdate LIST_PaV_04_Boss_Consume.02.Weight=0.500000 -> OK
[430] RowUpdate LIST_PaV_04_Boss_Consume.03.Weight=0.000000 -> OK
[431] RowUpdate LIST_PaV_04_Boss_Consume.04.Weight=0.000000 -> OK
[472] RowUpdate PKG_DragRace_Winner.04.LootPackageCall=LIST_DragRace -> OK
[473] RowUpdate PKG_GoldenWaterfall_Weapon.04.Weight=0.600000 -> OK
[474] RowUpdate PKG_GoldenWaterfall_Weapon.04.LootPackageCall=WorldList.Weapons.Rarity.Rare -> OK
[475] RowUpdate PKG_GoldenWaterfall_Weapon.05.Weight=0.400000 -> OK
[476] RowUpdate PKG_GoldenWaterfall_Weapon.05.LootPackageCall=WorldList.Weapons.Rarity.Epic -> OK
[477] RowUpdate LIST_IceKingLieutenant_Weapon.01.ItemDefinition=/WeaponsUpdated/Gameplay/Pistol/WID_Pistol_Auto_HighTier_Athena_SR.WID_Pistol_Auto_HighTier_Athena_SR -> OK
[478] RowUpdate LIST_IceKingLieutenant_Weapon.02.ItemDefinition=/WeaponsUpdated/Gameplay/Pistol/WID_Pistol_Auto_HighTier_Athena_UR.WID_Pistol_Auto_HighTier_Athena_UR -> OK
[479] RowUpdate LIST_DeadliftRecord_Mythic.01.ItemDefinition=/DragonCartWeaponGameplay/Gameplay/DragonCart_Pump/WID_Shotgun_Pump_DragonCart_Athena_UR.WID_Shotgun_Pump_DragonCart_Athena_UR -> OK
[480] AddRow -> ADD LIST_DragRace.01
[481] RowUpdate WorldList.AthenaWadStash.Small.01.CountRange=(X=150,Y=150) -> OK
[482] RowUpdate WorldList.AthenaWadStash.Small.02.CountRange=(X=200,Y=200) -> OK
[483] RowUpdate WorldList.AthenaWadStash.Small.03.CountRange=(X=275,Y=275) -> OK
[484] RowUpdate WorldList.AthenaWadStash.Small.04.CountRange=(X=400,Y=400) -> OK
[485] RowUpdate WorldList.AthenaWadStash.Large.01.CountRange=(X=750,Y=750) -> OK
[486] RowUpdate WorldList.AthenaWadChests.01.CountRange=(X=50,Y=50) -> OK
[487] RowUpdate WorldList.AthenaWadChests.02.CountRange=(X=80,Y=80) -> OK
[488] RowUpdate WorldList.AthenaWadChests.03.CountRange=(X=100,Y=100) -> OK
[489] RowUpdate WorldList.FlopperDefault.Light.01.CountRange=(X=150,Y=150) -> OK
[490] RowUpdate WorldList.FlopperHigh.Light.01.CountRange=(X=150,Y=150) -> OK
[491] RowUpdate WorldList.FlopperHigh.Consumables.03.CountRange=(X=150,Y=150) -> OK
[492] RowUpdate WorldList.FlopperBetter.Light.01.CountRange=(X=150,Y=150) -> OK
[493] RowUpdate WorldList.FlopperBetter.Shell.01.CountRange=(X=150,Y=150) -> OK
[494] RowUpdate WorldList.FlopperBetter.Medium.18.CountRange=(X=150,Y=150) -> OK
[495] RowUpdate LIST_BountyBoard_Gold.01.CountRange=(X=1000,Y=1000) -> OK
[588] RowUpdate WorldList.AthenaHighConsumables.Healing.08.Weight=0.040000 -> OK
[589] RowUpdate WorldList.AthenaConsumables.Healing.08.Weight=0.010000 -> OK
[591] RowUpdate LIST_Llamanamoly.05.ItemDefinition=/RiftGauntletsGameplay/Items/WID_RiftGauntlets.WID_RiftGauntlets -> OK
[750] RowUpdate WorldList.AthenaLoot.Weapon.Handgun.06.Weight=0.00000 -> OK
[HOTFIX:SEASON2] done: applied=39, deleted=0, skipped=0
[WRITE] final -> E:\フォートナイト\Picture\Loot Pool\TEST4\New Loot\System Update\BR\input\AthenaLootPackages_Client__final.json
[WRITE] per-input -> E:\フォートナイト\Picture\Loot Pool\TEST4\New Loot\System Update\BR\input\TeaCakeLootPackages_Client__final.json
2026-04-16 17:50:49 | INFO | hotfix start: E:\フォートナイト\Picture\Loot Pool\TEST4\New Loot\System Update\LootTier.py
2026-04-16 17:50:49 | INFO | hotfix lt stdout: [STEP1-1] base e:\Fmodel\Exports\FortniteGame\Content\Items\DataTables\AthenaLootTierData_Client.json
[HOTFIX:SEASON1] target=/Game/Items/DataTables/AthenaLootTierData_Client
[HOTFIX:SEASON1] done: applied=0, deleted=0, skipped=0
[STEP1-2] merge e:\Fmodel\Exports\FortniteGame\Plugins\GameFeatures\TeaCakeLoot\Content\DataTables\TeaCakeLootTierData_Client.json : replaced=1, added=120
[HOTFIX:SEASON2] target=/TeaCakeLoot/DataTables/TeaCakeLootTierData_Client
[HOTFIX:SEASON2] done: applied=0, deleted=0, skipped=0
[WRITE] final -> E:\フォートナイト\Picture\Loot Pool\TEST4\New Loot\System Update\BR\input\AthenaLootTierData_Client__final.json
[WRITE] per-input -> E:\フォートナイト\Picture\Loot Pool\TEST4\New Loot\System Update\BR\input\TeaCakeLootTierData_Client__final.json
2026-04-16 17:50:49 | INFO | ✓ Hotfix 適用完了 (0.42s)
2026-04-16 17:50:49 | INFO | load lt: E:\フォートナイト\Picture\Loot Pool\TEST4\New Loot\System Update\BR\input\AthenaLootTierData_Client__final.json
2026-04-16 17:50:49 | INFO | load lp: E:\フォートナイト\Picture\Loot Pool\TEST4\New Loot\System Update\BR\input\AthenaLootPackages_Client__final.json
2026-04-16 17:50:49 | INFO | load done (0.02s)
2026-04-16 17:50:49 | INFO | build summary start
2026-04-16 17:50:49 | INFO | build summary done (0.03s)
2026-04-16 17:50:49 | INFO | enrich summary with names start
2026-04-16 17:50:52 | INFO | enrich summary done (2.86s)
2026-04-16 17:50:52 | INFO | ✅ まとめJSONを作成: E:\フォートナイト\Picture\Loot Pool\TEST4\New Loot\System Update\BR\output\summary\v39.30_2026-04-16_17-50.json
2026-04-16 17:50:52 | INFO | build BR_LootData start
2026-04-16 17:50:52 | INFO | build BR_LootData done (0.00s)
2026-04-16 17:50:52 | INFO | ✅ BR_LootData を作成: E:\フォートナイト\Picture\Loot Pool\TEST4\New Loot\System Update\戦利品データ\BR\BR_LootData_2026-04-16_17-50.json
2026-04-16 17:50:52 | INFO | ✅ Web LootPool を更新: E:\フォートナイト\Web\assets\data\Loot\BR_LootPool.json
2026-04-16 17:50:52 | INFO | LootSummary start: E:\フォートナイト\Picture\Loot Pool\TEST4\New Loot\System Update\BR\scripts\LootSummary.py
2026-04-16 17:50:52 | INFO | LootSummary stdout: 🔎 抽出用: 最新ファイル = E:\フォートナイト\Picture\Loot Pool\TEST4\New Loot\System Update\BR\output\summary\v39.30_2026-04-16_17-50.json
✅ 抽出件数: 110
💾 保存: E:\フォートナイト\Picture\Loot Pool\TEST4\New Loot\System Update\BR\input\items_unique_min.json
🔎 比較用: base   = E:\フォートナイト\Picture\Loot Pool\TEST4\New Loot\System Update\BR\output\summary\v39.30_2026-04-16_17-45.json
🔎 比較用: target = E:\フォートナイト\Picture\Loot Pool\TEST4\New Loot\System Update\BR\output\summary\v39.30_2026-04-16_17-50.json
✅ 差分作成 完了
  追加   : 0 / 削除 : 0 / 変更 : 1 / 変化なし : 109
💾 差分: E:\フォートナイト\Picture\Loot Pool\TEST4\New Loot\System Update\BR\output\history\BR_20260416_1750\items_unique_min_diff.json
2026-04-16 17:50:52 | WARNING | LootSummary stderr: E:\フォートナイト\Picture\Loot Pool\TEST4\New Loot\System Update\BR\scripts\LootSummary.py:2: SyntaxWarning: invalid escape sequence '\B'
  """
2026-04-16 17:50:52 | INFO | ✅ LootSummary 実行完了（抽出→比較） (0.18s)
2026-04-16 17:50:52 | INFO | prewarm start
2026-04-16 17:51:13 | INFO | ✅ アイコンキャッシュ プリウォーム完了 (20.87s)
2026-04-16 17:51:13 | INFO | 画像化タスク数: 110
2026-04-16 17:51:13 | INFO | 画像生成 進捗: 1/110
2026-04-16 17:51:14 | INFO | 画像生成 進捗: 50/110
2026-04-16 17:51:14 | INFO | 画像生成 進捗: 100/110
2026-04-16 17:51:15 | INFO | 画像生成 進捗: 110/110
2026-04-16 17:51:15 | INFO | ✅ 画像生成 完了（MinListベース）
2026-04-16 17:51:15 | INFO | ✅ Loot diff を作成: E:\フォートナイト\Web\assets\data\Loot\diff\BR_2026-04-16_17-51-15.json (added=39 removed=0 change=55)
2026-04-16 17:51:15 | INFO | ✅ AddedItems 画像を保存: E:\フォートナイト\Picture\Loot Pool\TEST4\New Loot\System Update\shared\images\BR\AddedItems\2026-04-16_17-51-15 (copied=28 missing=11)
2026-04-16 17:51:15 | INFO | git add: E:\フォートナイト\Picture\Loot Pool\TEST4\New Loot
2026-04-16 17:51:18 | INFO | git commit stdout: [main 7d87d42] BR update 2026-04-16 17:51:16
 38 files changed, 38381 insertions(+), 27522 deletions(-)
 create mode 100644 System Update/BR/output/history/BR_20260416_1750/items_unique_min_diff.json
 create mode 100644 System Update/BR/output/logs/pipeline_2026-04-16_17-50-49.log
 create mode 100644 System Update/BR/output/summary/v39.30_2026-04-16_17-50.json
 create mode 100644 System Update/shared/icon_cache/Game__UI__Foundation__Textures__Icons__Weapons__Items__T-Icon-Weapons-ScooterWeapon-L.png
 create mode 100644 "System Update/shared/images/BR/AddedItems/2026-04-16_17-51-15/\343\203\206\343\202\243\343\202\2421 - \343\202\264\343\203\274\343\203\253\343\203\211.png"
 create mode 100644 "System Update/shared/images/BR/AddedItems/2026-04-16_17-51-15/\343\203\206\343\202\243\343\202\2421 - \345\274\276\350\226\254_ \344\270\255\345\217\243\345\276\204\345\274\276.png"
 create mode 100644 "System Update/shared/images/BR/AddedItems/2026-04-16_17-51-15/\343\203\206\343\202\243\343\202\2421 - \345\274\276\350\226\254_ \345\244\247\345\217\243\345\276\204\345\274\276.png"
 create mode 100644 "System Update/shared/images/BR/AddedItems/2026-04-16_17-51-15/\343\203\206\343\202\243\343\202\2421 - \345\274\276\350\226\254_ \345\260\217\345\217\243\345\276\204\345\274\276.png"
 create mode 100644 "System Update/shared/images/BR/AddedItems/2026-04-16_17-51-15/\343\203\206\343\202\243\343\202\2421 - \345\274\276\350\226\254_ \346\225\243\345\274\276.png"
 create mode 100644 "System Update/shared/images/BR/AddedItems/2026-04-16_17-51-15/\343\203\206\343\202\243\343\202\2422 - \343\203\237\343\203\213\343\202\267\343\203\274\343\203\253\343\203\211\343\203\235\343\203\274\343\202\267\343\203\247\343\203\263.png"
 create mode 100644 "System Update/shared/images/BR/AddedItems/2026-04-16_17-51-15/\343\203\206\343\202\243\343\202\2423 - \343\202\242\343\202\244\343\202\242\343\203\263\343\203\235\343\203\263\343\203\227\343\202\267\343\203\247\343\203\203\343\203\210\343\202\254\343\203\263.png"
 create mode 100644 "System Update/shared/images/BR/AddedItems/2026-04-16_17-51-15/\343\203\206\343\202\243\343\202\2423 - \343\202\253\343\202\252\343\202\271\343\203\252\343\203\255\343\203\274\343\203\200\343\203\274\343\202\267\343\203\247\343\203\203\343\203\210\343\202\254\343\203\263.png"
 create mode 100644 "System Update/shared/images/BR/AddedItems/2026-04-16_17-51-15/\343\203\206\343\202\243\343\202\2423 - \343\202\263\343\203\263\343\203\220\343\203\203\343\203\210\343\202\242\343\202\265\343\203\253\343\203\210\343\203\251\343\202\244\343\203\225\343\203\253.png"
 create mode 100644 "System Update/shared/images/BR/AddedItems/2026-04-16_17-51-15/\343\203\206\343\202\243\343\202\2423 - \343\202\265\343\203\263\343\203\200\343\203\274\343\203\220\343\203\274\343\202\271\343\203\210 \343\202\265\343\203\226\343\203\236\343\202\267\343\203\263\343\202\254\343\203\263.png"
 create mode 100644 "System Update/shared/images/BR/AddedItems/2026-04-16_17-51-15/\343\203\206\343\202\243\343\202\2423 - \343\202\267\343\203\274\343\203\253\343\203\211\343\203\235\343\203\274\343\202\267\343\203\247\343\203\263.png"
 create mode 100644 "System Update/shared/images/BR/AddedItems/2026-04-16_17-51-15/\343\203\206\343\202\243\343\202\2423 - \343\203\201\343\203\243\343\202\260\343\202\271\343\203\227\343\203\251\343\203\203\343\202\267\343\203\245.png"
 create mode 100644 "System Update/shared/images/BR/AddedItems/2026-04-16_17-51-15/\343\203\206\343\202\243\343\202\2423 - \343\203\204\343\202\244\343\203\263\343\203\217\343\203\263\343\203\236\343\203\274\343\202\267\343\203\247\343\203\203\343\203\210\343\202\254\343\203\263.png"
 create mode 100644 "System Update/shared/images/BR/AddedItems/2026-04-16_17-51-15/\343\203\206\343\202\243\343\202\2423 - \343\203\204\343\202\244\343\203\263\343\203\236\343\202\260 \343\202\265\343\203\226\343\203\236\343\202\267\343\203\263\343\202\254\343\203\263.png"
 create mode 100644 "System Update/shared/images/BR/AddedItems/2026-04-16_17-51-15/\343\203\206\343\202\243\343\202\2423 - \343\203\215\343\203\241\343\202\267\343\202\271 \343\202\242\343\202\265\343\203\253\343\203\210\343\203\251\343\202\244\343\203\225\343\203\253.png"
 create mode 100644 "System Update/shared/images/BR/AddedItems/2026-04-16_17-51-15/\343\203\206\343\202\243\343\202\2423 - \343\203\224\343\202\271\343\203\210\343\203\253.png"
 create mode 100644 "System Update/shared/images/BR/AddedItems/2026-04-16_17-51-15/\343\203\206\343\202\243\343\202\2423 - \343\203\231\343\202\257\343\202\277\343\203\2747 DMR.png"
 create mode 100644 "System Update/shared/images/BR/AddedItems/2026-04-16_17-51-15/\343\203\206\343\202\243\343\202\2424 - \343\202\242\343\202\244\343\202\242\343\203\263\343\203\235\343\203\263\343\203\227\343\202\267\343\203\247\343\203\203\343\203\210\343\202\254\343\203\263.png"
 create mode 100644 "System Update/shared/images/BR/AddedItems/2026-04-16_17-51-15/\343\203\206\343\202\243\343\202\2424 - \343\202\253\343\202\252\343\202\271\343\203\252\343\203\255\343\203\274\343\203\200\343\203\274\343\202\267\343\203\247\343\203\203\343\203\210\343\202\254\343\203\263.png"
 create mode 100644 "System Update/shared/images/BR/AddedItems/2026-04-16_17-51-15/\343\203\206\343\202\243\343\202\2424 - \343\202\263\343\203\263\343\203\220\343\203\203\343\203\210\343\202\242\343\202\265\343\203\253\343\203\210\343\203\251\343\202\244\343\203\225\343\203\253.png"
 create mode 100644 "System Update/shared/images/BR/AddedItems/2026-04-16_17-51-15/\343\203\206\343\202\243\343\202\2424 - \343\202\265\343\203\263\343\203\200\343\203\274\343\203\220\343\203\274\343\202\271\343\203\210 \343\202\265\343\203\226\343\203\236\343\202\267\343\203\263\343\202\254\343\203\263.png"
 create mode 100644 "System Update/shared/images/BR/AddedItems/2026-04-16_17-51-15/\343\203\206\343\202\243\343\202\2424 - \343\202\273\343\203\226\343\203\263\343\201\256\343\202\257\343\203\251\343\202\271\343\202\277\343\203\274\343\202\255\343\203\243\343\203\216\343\203\263.png"
 create mode 100644 "System Update/shared/images/BR/AddedItems/2026-04-16_17-51-15/\343\203\206\343\202\243\343\202\2424 - \343\203\204\343\202\244\343\203\263\343\203\217\343\203\263\343\203\236\343\203\274\343\202\267\343\203\247\343\203\203\343\203\210\343\202\254\343\203\263.png"
 create mode 100644 "System Update/shared/images/BR/AddedItems/2026-04-16_17-51-15/\343\203\206\343\202\243\343\202\2424 - \343\203\204\343\202\244\343\203\263\343\203\236\343\202\260 \343\202\265\343\203\226\343\203\236\343\202\267\343\203\263\343\202\254\343\203\263.png"
 create mode 100644 "System Update/shared/images/BR/AddedItems/2026-04-16_17-51-15/\343\203\206\343\202\243\343\202\2424 - \343\203\215\343\203\241\343\202\267\343\202\271 \343\202\242\343\202\265\343\203\253\343\203\210\343\203\251\343\202\244\343\203\225\343\203\253.png"
 create mode 100644 "System Update/shared/images/BR/AddedItems/2026-04-16_17-51-15/\343\203\206\343\202\243\343\202\2424 - \343\203\224\343\202\271\343\203\210\343\203\253.png"
 create mode 100644 "System Update/shared/images/BR/AddedItems/2026-04-16_17-51-15/\343\203\206\343\202\243\343\202\2424 - \343\203\231\343\202\257\343\202\277\343\203\2747 DMR.png"
 create mode 100644 "System Update/shared/images/BR/AddedItems/2026-04-16_17-51-15/\343\203\206\343\202\243\343\202\2425 - \343\203\201\343\203\243\343\202\260\343\202\270\343\203\243\343\202\260.png"
 create mode 100644 "System Update/shared/images/BR/\343\203\252\343\203\274\343\202\263\343\203\263\343\202\271\343\202\255\343\203\243\343\203\212\343\203\274 - \343\203\206\343\202\243\343\202\2423.png"
 rename "System Update/\346\210\246\345\210\251\345\223\201\343\203\207\343\203\274\343\202\277/BR/BR_LootData_2026-04-16_17-45.json" => "System Update/\346\210\246\345\210\251\345\223\201\343\203\207\343\203\274\343\202\277/BR/BR_LootData_2026-04-16_17-50.json" (99%)
 delete mode 100644 "System Update/\346\210\246\345\210\251\345\223\201\343\203\207\343\203\274\343\202\277/BR_Comp/BR_Comp_LootData_2026-04-16_17-48.json"
2026-04-16 17:51:21 | WARNING | git push stderr: To https://github.com/Greenfox0833/New-Loot.git
   f43f8f6..7d87d42  main -> main
2026-04-16 17:51:21 | INFO | ✓ GitHub Push 完了
2026-04-16 17:51:21 | INFO | ===== BR: pipeline end =====
