2026-03-20 08:07:59 | INFO | log file: E:\フォートナイト\Picture\Loot Pool\TEST4\New Loot\System Update\BR\output\logs\pipeline_2026-03-20_08-07-59.log
2026-03-20 08:07:59 | INFO | ===== BR: pipeline start =====
2026-03-20 08:07:59 | INFO | paths: lt=E:\フォートナイト\Picture\Loot Pool\TEST4\New Loot\System Update\BR\input\AthenaLootTierData_Client__final.json lp=E:\フォートナイト\Picture\Loot Pool\TEST4\New Loot\System Update\BR\input\AthenaLootPackages_Client__final.json minlist=E:\フォートナイト\Picture\Loot Pool\TEST4\New Loot\System Update\BR\input\items_unique_min.json
2026-03-20 08:07:59 | INFO | output: summary=E:\フォートナイト\Picture\Loot Pool\TEST4\New Loot\System Update\BR\output\summary lootdata=E:\フォートナイト\Picture\Loot Pool\TEST4\New Loot\System Update\戦利品データ\BR
2026-03-20 08:07:59 | INFO | flags: hotfix=True prewarm=True image=True workers=8
2026-03-20 08:07:59 | INFO | hotfix start: E:\フォートナイト\Picture\Loot Pool\TEST4\New Loot\System Update\LootPackage.py
2026-03-20 08:07:59 | INFO | hotfix lp stdout: [STEP1-1] base e:\Fmodel\Exports\FortniteGame\Content\Items\DataTables\AthenaLootPackages_Client.json
[HOTFIX:SEASON1] target=/Game/Items/DataTables/AthenaLootPackages_Client
[HOTFIX:SEASON1] Addrow(TableUpdate) なし -> スキップ
[HOTFIX:SEASON1] done: applied=0, deleted=0, skipped=0
[STEP1-2] merge e:\Fmodel\Exports\FortniteGame\Plugins\GameFeatures\TeaCakeLoot\Content\DataTables\TeaCakeLootPackages_Client.json : replaced=427, added=1026
[HOTFIX:SEASON2] target=/TeaCakeLoot/DataTables/TeaCakeLootPackages_Client
[498] RowUpdate WorldList.AthenaHighConsumables.Utility.06.CountRange=(X=2,Y=2) -> OK
[499] RowUpdate WorldList.AthenaHighConsumablesRare.Utility.07.CountRange=(X=2,Y=2) -> OK
[500] RowUpdate WorldList.AthenaSupplyDropConsumables.Utility.07.CountRange=(X=2,Y=2) -> OK
[501] RowUpdate WorldList.AthenaConsumables.Utility.07.CountRange=(X=2,Y=2) -> OK
[502] RowUpdate LIST_GoldenWaterfall_Item.01.CountRange=(X=2,Y=2) -> OK
[503] RowUpdate WorldList.AthenaLoot.TowelCommittee.Consumable.06.CountRange=(X=2,Y=2) -> OK
[504] RowUpdate LIST_RiftDrone_Consume.03.CountRange=(X=4,Y=4) -> OK
[564] RowUpdate WorldList.ApolloLoot.Weapon.Rocket.01.Weight=0.000010 -> OK
[565] RowUpdate WorldList.ApolloLoot.Weapon.Rocket.01.CountRange=(X=1,Y=1) -> OK
[566] RowUpdate WorldList.ApolloLoot.Weapon.Rocket.01.ItemDefinition=/WeaponsUpdated/Gameplay/CombatAR/Hitscan/WID_Assault_MoonFlax_CombatAR_HS_Athena_SR.WID_Assault_MoonFlax_CombatAR_HS_Athena_SR -> OK
[574] RowUpdate WorldList.AthenaLoot.Ammo.Medium.01.CountRange=(X=36,Y=36) -> OK
[575] RowUpdate LIST_PaV_04_Boss_Weapon.01.ItemDefinition=/PaprikaCoreWeapons/Items/Weapons/PaprikaAR_Heavy/WID_Assault_Paprika_Heavy_Athena_SR.WID_Assault_Paprika_Heavy_Athena_SR -> OK
[576] RowUpdate LIST_PaV_04_Boss_Ammo.03.Weight=1.000000 -> OK
[577] RowUpdate LIST_PaV_04_Boss_Ammo.03.CountRange=(X=36,Y=36) -> OK
[578] RowUpdate LIST_PaV_04_Boss_Consume.01.Weight=0.500000 -> OK
[579] RowUpdate LIST_PaV_04_Boss_Consume.02.Weight=0.500000 -> OK
[580] RowUpdate LIST_PaV_04_Boss_Consume.03.Weight=0.000000 -> OK
[581] RowUpdate LIST_PaV_04_Boss_Consume.04.Weight=0.000000 -> OK
[HOTFIX:SEASON2] Addrow(TableUpdate) なし -> スキップ
[HOTFIX:SEASON2] done: applied=18, deleted=0, skipped=0
[WRITE] final -> E:\フォートナイト\Picture\Loot Pool\TEST4\New Loot\System Update\BR\input\AthenaLootPackages_Client__final.json
[WRITE] per-input -> E:\フォートナイト\Picture\Loot Pool\TEST4\New Loot\System Update\BR\input\TeaCakeLootPackages_Client__final.json
2026-03-20 08:07:59 | INFO | hotfix start: E:\フォートナイト\Picture\Loot Pool\TEST4\New Loot\System Update\LootTier.py
2026-03-20 08:07:59 | INFO | hotfix lt stdout: [STEP1-1] base e:\Fmodel\Exports\FortniteGame\Content\Items\DataTables\AthenaLootTierData_Client.json
[HOTFIX:SEASON1] target=/Game/Items/DataTables/AthenaLootTierData_Client
[HOTFIX:SEASON1] done: applied=0, deleted=0, skipped=0
[STEP1-2] merge e:\Fmodel\Exports\FortniteGame\Plugins\GameFeatures\TeaCakeLoot\Content\DataTables\TeaCakeLootTierData_Client.json : replaced=1, added=121
[HOTFIX:SEASON2] target=/TeaCakeLoot/DataTables/TeaCakeLootTierData_Client
[HOTFIX:SEASON2] done: applied=0, deleted=0, skipped=0
[WRITE] final -> E:\フォートナイト\Picture\Loot Pool\TEST4\New Loot\System Update\BR\input\AthenaLootTierData_Client__final.json
[WRITE] per-input -> E:\フォートナイト\Picture\Loot Pool\TEST4\New Loot\System Update\BR\input\TeaCakeLootTierData_Client__final.json
2026-03-20 08:07:59 | INFO | ✓ Hotfix 適用完了 (0.73s)
2026-03-20 08:07:59 | INFO | load lt: E:\フォートナイト\Picture\Loot Pool\TEST4\New Loot\System Update\BR\input\AthenaLootTierData_Client__final.json
2026-03-20 08:07:59 | INFO | load lp: E:\フォートナイト\Picture\Loot Pool\TEST4\New Loot\System Update\BR\input\AthenaLootPackages_Client__final.json
2026-03-20 08:07:59 | INFO | load done (0.03s)
2026-03-20 08:07:59 | INFO | build summary start
2026-03-20 08:08:00 | INFO | build summary done (0.69s)
2026-03-20 08:08:00 | INFO | enrich summary with names start
2026-03-20 08:08:00 | INFO | enrich summary done (0.20s)
2026-03-20 08:08:00 | INFO | ✅ まとめJSONを作成: E:\フォートナイト\Picture\Loot Pool\TEST4\New Loot\System Update\BR\output\summary\v39.30_2026-03-20_08-08.json
2026-03-20 08:08:00 | INFO | build BR_LootData start
2026-03-20 08:08:00 | INFO | build BR_LootData done (0.00s)
2026-03-20 08:08:00 | INFO | ✅ BR_LootData を作成: E:\フォートナイト\Picture\Loot Pool\TEST4\New Loot\System Update\戦利品データ\BR\BR_LootData_2026-03-20_08-08.json
2026-03-20 08:08:00 | INFO | ✅ Web LootPool を更新: E:\フォートナイト\Web\assets\data\Loot\BR_LootPool.json
2026-03-20 08:08:00 | INFO | LootSummary start: E:\フォートナイト\Picture\Loot Pool\TEST4\New Loot\System Update\BR\scripts\LootSummary.py
2026-03-20 08:08:01 | INFO | LootSummary stdout: 🔎 抽出用: 最新ファイル = E:\フォートナイト\Picture\Loot Pool\TEST4\New Loot\System Update\BR\output\summary\v39.30_2026-03-20_08-08.json
✅ 抽出件数: 98
💾 保存: E:\フォートナイト\Picture\Loot Pool\TEST4\New Loot\System Update\BR\input\items_unique_min.json
🔎 比較用: base   = E:\フォートナイト\Picture\Loot Pool\TEST4\New Loot\System Update\BR\output\summary\v39.30_2026-03-19_16-44.json
🔎 比較用: target = E:\フォートナイト\Picture\Loot Pool\TEST4\New Loot\System Update\BR\output\summary\v39.30_2026-03-20_08-08.json
✅ 差分作成 完了
  追加   : 1 / 削除 : 1 / 変更 : 0 / 変化なし : 97
💾 差分: E:\フォートナイト\Picture\Loot Pool\TEST4\New Loot\System Update\BR\output\history\BR_20260320_0808\items_unique_min_diff.json
2026-03-20 08:08:01 | WARNING | LootSummary stderr: E:\フォートナイト\Picture\Loot Pool\TEST4\New Loot\System Update\BR\scripts\LootSummary.py:2: SyntaxWarning: invalid escape sequence '\B'
  """
2026-03-20 08:08:01 | INFO | ✅ LootSummary 実行完了（抽出→比較） (0.53s)
2026-03-20 08:08:01 | INFO | prewarm start
2026-03-20 08:08:13 | INFO | ✅ アイコンキャッシュ プリウォーム完了 (11.89s)
2026-03-20 08:08:13 | INFO | 画像化タスク数: 98
2026-03-20 08:08:13 | INFO | 画像生成 進捗: 1/98
2026-03-20 08:08:13 | INFO | 画像生成 進捗: 50/98
2026-03-20 08:08:14 | INFO | 画像生成 進捗: 98/98
2026-03-20 08:08:14 | INFO | ✅ 画像生成 完了（MinListベース）
2026-03-20 08:08:14 | INFO | ✅ Loot diff を作成: E:\フォートナイト\Web\assets\data\Loot\diff\BR_2026-03-20_08-08-14.json (added=1 removed=3 change=9)
2026-03-20 08:08:14 | INFO | ✅ AddedItems 画像を保存: E:\フォートナイト\Picture\Loot Pool\TEST4\New Loot\System Update\shared\images\BR\AddedItems\2026-03-20_08-08-14 (copied=1 missing=0)
2026-03-20 08:08:14 | INFO | git add: E:\フォートナイト\Picture\Loot Pool\TEST4\New Loot
2026-03-20 08:08:18 | INFO | git commit stdout: [main 8b2cf13] BR update 2026-03-20 08:08:17
 15 files changed, 74017 insertions(+), 740 deletions(-)
 create mode 100644 System Update/BR/output/history/BR_20260320_0808/items_unique_min_diff.json
 create mode 100644 System Update/BR/output/logs/pipeline_2026-03-20_08-07-59.log
 create mode 100644 System Update/BR/output/summary/v39.30_2026-03-20_08-08.json
 create mode 100644 "System Update/shared/images/BR/AddedItems/2026-03-20_08-08-14/\343\203\206\343\202\243\343\202\2425 - \343\203\242\343\202\270\343\203\245\343\203\251\343\203\274\345\274\217\343\203\215\343\203\241\343\202\267\343\202\271 \343\202\242\343\202\265\343\203\253\343\203\210\343\203\251\343\202\244\343\203\225\343\203\253.png"
 create mode 100644 "System Update/shared/images/BR/\343\203\242\343\202\270\343\203\245\343\203\251\343\203\274\345\274\217\343\203\215\343\203\241\343\202\267\343\202\271 \343\202\242\343\202\265\343\203\253\343\203\210\343\203\251\343\202\244\343\203\225\343\203\253 - \343\203\206\343\202\243\343\202\2425.png"
 create mode 100644 "System Update/\346\210\246\345\210\251\345\223\201\343\203\207\343\203\274\343\202\277/BR/BR_LootData_2026-03-20_08-08.json"
2026-03-20 08:08:21 | WARNING | git push stderr: To https://github.com/Greenfox0833/New-Loot.git
   6b1177f..8b2cf13  main -> main
2026-03-20 08:08:21 | INFO | ✓ GitHub Push 完了
2026-03-20 08:08:21 | INFO | ===== BR: pipeline end =====
