2026-03-21 16:36:38 | INFO | log file: E:\フォートナイト\Picture\Loot Pool\TEST4\New Loot\System Update\期間限定\ItemCache_03\output\logs\pipeline_2026-03-21_16-36-38.log
2026-03-21 16:36:38 | INFO | ===== ItemCache_03: pipeline start =====
2026-03-21 16:36:38 | INFO | paths: lt=E:\フォートナイト\Picture\Loot Pool\TEST4\New Loot\System Update\期間限定\ItemCache_03\input\AthenaLootTierData_Client__final.json lp=E:\フォートナイト\Picture\Loot Pool\TEST4\New Loot\System Update\期間限定\ItemCache_03\input\AthenaLootPackages_Client__final.json minlist=E:\フォートナイト\Picture\Loot Pool\TEST4\New Loot\System Update\期間限定\ItemCache_03\input\items_unique_min.json
2026-03-21 16:36:38 | INFO | output: summary=E:\フォートナイト\Picture\Loot Pool\TEST4\New Loot\System Update\期間限定\ItemCache_03\output\summary lootdata=E:\フォートナイト\Picture\Loot Pool\TEST4\New Loot\System Update\戦利品データ\期間限定\ItemCache_03
2026-03-21 16:36:38 | INFO | flags: hotfix=True prewarm=True image=True workers=8
2026-03-21 16:36:38 | INFO | hotfix start: E:\フォートナイト\Picture\Loot Pool\TEST4\New Loot\System Update\LootPackage.py
2026-03-21 16:36:38 | INFO | hotfix lp stdout: [STEP1-1] base e:\Fmodel\Exports\FortniteGame\Plugins\GameFeatures\RA_ItemCache_ItemSet3\Content\DataTables\ItemCache_03_LootPackages.json
[HOTFIX:SEASON1] target=/RA_ItemCache_ItemSet3/DataTables/ItemCache_03_LootPackages
[HOTFIX:SEASON1] Addrow(TableUpdate) なし -> スキップ
[HOTFIX:SEASON1] done: applied=0, deleted=0, skipped=0
[WRITE] final -> E:\フォートナイト\Picture\Loot Pool\TEST4\New Loot\System Update\期間限定\ItemCache_03\input\AthenaLootPackages_Client__final.json
[WRITE] per-input -> E:\フォートナイト\Picture\Loot Pool\TEST4\New Loot\System Update\期間限定\ItemCache_03\input\ItemCache_03_LootPackages__final.json
2026-03-21 16:36:38 | INFO | hotfix start: E:\フォートナイト\Picture\Loot Pool\TEST4\New Loot\System Update\LootTier.py
2026-03-21 16:36:38 | INFO | hotfix lt stdout: [STEP1-1] base e:\Fmodel\Exports\FortniteGame\Plugins\GameFeatures\RA_ItemCache_ItemSet3\Content\DataTables\ItemCache_03_LootTierData.json
[HOTFIX:SEASON1] target=/RA_ItemCache_ItemSet3/DataTables/ItemCache_03_LootTierData
[HOTFIX:SEASON1] done: applied=0, deleted=0, skipped=0
[WRITE] final -> E:\フォートナイト\Picture\Loot Pool\TEST4\New Loot\System Update\期間限定\ItemCache_03\input\AthenaLootTierData_Client__final.json
[WRITE] per-input -> E:\フォートナイト\Picture\Loot Pool\TEST4\New Loot\System Update\期間限定\ItemCache_03\input\ItemCache_03_LootTierData__final.json
2026-03-21 16:36:38 | INFO | ✓ Hotfix 適用完了 (0.44s)
2026-03-21 16:36:38 | INFO | load lt: E:\フォートナイト\Picture\Loot Pool\TEST4\New Loot\System Update\期間限定\ItemCache_03\input\AthenaLootTierData_Client__final.json
2026-03-21 16:36:38 | INFO | load lp: E:\フォートナイト\Picture\Loot Pool\TEST4\New Loot\System Update\期間限定\ItemCache_03\input\AthenaLootPackages_Client__final.json
2026-03-21 16:36:38 | INFO | load done (0.00s)
2026-03-21 16:36:38 | INFO | build summary start
2026-03-21 16:36:39 | INFO | build summary done (0.78s)
2026-03-21 16:36:39 | INFO | enrich summary with names start
2026-03-21 16:36:39 | INFO | enrich summary done (0.36s)
2026-03-21 16:36:39 | INFO | ✅ まとめJSONを作成: E:\フォートナイト\Picture\Loot Pool\TEST4\New Loot\System Update\期間限定\ItemCache_03\output\summary\v39.30_2026-03-21_16-36.json
2026-03-21 16:36:39 | INFO | build BR_LootData start
2026-03-21 16:36:39 | INFO | build BR_LootData done (0.00s)
2026-03-21 16:36:39 | INFO | ✅ BR_LootData を作成: E:\フォートナイト\Picture\Loot Pool\TEST4\New Loot\System Update\戦利品データ\期間限定\ItemCache_03\ItemCache_03_LootData_2026-03-21_16-36.json
2026-03-21 16:36:39 | INFO | ✅ Web LootPool を更新: E:\フォートナイト\Web\assets\data\Loot\ItemCache_03_LootPool.json
2026-03-21 16:36:39 | INFO | LootSummary start: E:\フォートナイト\Picture\Loot Pool\TEST4\New Loot\System Update\期間限定\ItemCache_03\scripts\LootSummary.py
2026-03-21 16:36:39 | INFO | LootSummary stdout: 🔎 抽出用: 最新ファイル = E:\フォートナイト\Picture\Loot Pool\TEST4\New Loot\System Update\期間限定\ItemCache_03\output\summary\v39.30_2026-03-21_16-36.json
✅ 抽出件数: 3
💾 保存: E:\フォートナイト\Picture\Loot Pool\TEST4\New Loot\System Update\期間限定\ItemCache_03\input\items_unique_min.json
🔎 比較用: base   = E:\フォートナイト\Picture\Loot Pool\TEST4\New Loot\System Update\期間限定\ItemCache_03\output\summary\v39.30_2026-03-21_16-11.json
🔎 比較用: target = E:\フォートナイト\Picture\Loot Pool\TEST4\New Loot\System Update\期間限定\ItemCache_03\output\summary\v39.30_2026-03-21_16-36.json
✅ 差分作成 完了
  追加   : 3 / 削除 : 9 / 変更 : 0 / 変化なし : 0
💾 差分: E:\フォートナイト\Picture\Loot Pool\TEST4\New Loot\System Update\期間限定\ItemCache_03\output\history\BR_20260321_1636\items_unique_min_diff.json
2026-03-21 16:36:39 | WARNING | LootSummary stderr: E:\フォートナイト\Picture\Loot Pool\TEST4\New Loot\System Update\期間限定\ItemCache_03\scripts\LootSummary.py:2: SyntaxWarning: invalid escape sequence '\B'
  """
2026-03-21 16:36:39 | INFO | ✅ LootSummary 実行完了（抽出→比較） (0.18s)
2026-03-21 16:36:39 | INFO | prewarm start
2026-03-21 16:36:40 | INFO | ✅ アイコンキャッシュ プリウォーム完了 (0.29s)
2026-03-21 16:36:40 | INFO | 画像化タスク数: 3
2026-03-21 16:36:40 | INFO | 画像生成 進捗: 1/3
