2026-03-21 16:25:39 | INFO | log file: E:\フォートナイト\Picture\Loot Pool\TEST4\New Loot\System Update\期間限定\ItemCache_01\output\logs\pipeline_2026-03-21_16-25-39.log
2026-03-21 16:25:39 | INFO | ===== ItemCache_01: pipeline start =====
2026-03-21 16:25:39 | INFO | paths: lt=E:\フォートナイト\Picture\Loot Pool\TEST4\New Loot\System Update\期間限定\ItemCache_01\input\AthenaLootTierData_Client__final.json lp=E:\フォートナイト\Picture\Loot Pool\TEST4\New Loot\System Update\期間限定\ItemCache_01\input\AthenaLootPackages_Client__final.json minlist=E:\フォートナイト\Picture\Loot Pool\TEST4\New Loot\System Update\期間限定\ItemCache_01\input\items_unique_min.json
2026-03-21 16:25:39 | INFO | output: summary=E:\フォートナイト\Picture\Loot Pool\TEST4\New Loot\System Update\期間限定\ItemCache_01\output\summary lootdata=E:\フォートナイト\Picture\Loot Pool\TEST4\New Loot\System Update\戦利品データ\期間限定\ItemCache_01
2026-03-21 16:25:39 | INFO | flags: hotfix=True prewarm=True image=True workers=8
2026-03-21 16:25:39 | INFO | hotfix start: E:\フォートナイト\Picture\Loot Pool\TEST4\New Loot\System Update\LootPackage.py
2026-03-21 16:25:39 | ERROR | [!] main 内でエラー: Command '['C:\\Users\\FN_greenfox\\AppData\\Local\\Programs\\Python\\Python312\\python.exe', 'E:\\フォートナイト\\Picture\\Loot Pool\\TEST4\\New Loot\\System Update\\LootPackage.py']' returned non-zero exit status 1.
2026-03-21 16:25:39 | ERROR | Traceback (most recent call last):
  File "e:\フォートナイト\Picture\Loot Pool\TEST4\New Loot\System Update\期間限定\ItemCache_01\pipeline.py", line 103, in main
    res_lp = subprocess.run(
             ^^^^^^^^^^^^^^^
  File "C:\Users\FN_greenfox\AppData\Local\Programs\Python\Python312\Lib\subprocess.py", line 571, in run
    raise CalledProcessError(retcode, process.args,
subprocess.CalledProcessError: Command '['C:\\Users\\FN_greenfox\\AppData\\Local\\Programs\\Python\\Python312\\python.exe', 'E:\\フォートナイト\\Picture\\Loot Pool\\TEST4\\New Loot\\System Update\\LootPackage.py']' returned non-zero exit status 1.
2026-03-21 16:25:39 | INFO | git add: E:\フォートナイト\Picture\Loot Pool\TEST4\New Loot\System Update
2026-03-21 16:25:46 | INFO | git commit stdout: [main 48f5325] ItemCache_01 update 2026-03-21 16:25:43
 90 files changed, 31066 insertions(+), 6 deletions(-)
 create mode 100644 "System Update/\346\234\237\351\226\223\351\231\220\345\256\232/ItemCache_01/__pycache__/config.cpython-312.pyc"
 create mode 100644 "System Update/\346\234\237\351\226\223\351\231\220\345\256\232/ItemCache_01/__pycache__/config.cpython-312.pyc.2182211934640"
 create mode 100644 "System Update/\346\234\237\351\226\223\351\231\220\345\256\232/ItemCache_01/__pycache__/pipeline.cpython-312.pyc"
 create mode 100644 "System Update/\346\234\237\351\226\223\351\231\220\345\256\232/ItemCache_01/config.py"
 create mode 100644 "System Update/\346\234\237\351\226\223\351\231\220\345\256\232/ItemCache_01/input/AthenaLootPackages_Client__final.json"
 create mode 100644 "System Update/\346\234\237\351\226\223\351\231\220\345\256\232/ItemCache_01/input/AthenaLootTierData_Client__final.json"
 create mode 100644 "System Update/\346\234\237\351\226\223\351\231\220\345\256\232/ItemCache_01/input/BetterFishing_LootPackages__final.json"
 create mode 100644 "System Update/\346\234\237\351\226\223\351\231\220\345\256\232/ItemCache_01/input/BetterFishing_LootTierData__final.json"
 create mode 100644 "System Update/\346\234\237\351\226\223\351\231\220\345\256\232/ItemCache_01/input/HazelnutSpread_AthenaLootPackages_Override__final.json"
 create mode 100644 "System Update/\346\234\237\351\226\223\351\231\220\345\256\232/ItemCache_01/input/HazelnutSpread_AthenaLootPackages__final.json"
 create mode 100644 "System Update/\346\234\237\351\226\223\351\231\220\345\256\232/ItemCache_01/input/HazelnutSpread_AthenaLootTierData_Override__final.json"
 create mode 100644 "System Update/\346\234\237\351\226\223\351\231\220\345\256\232/ItemCache_01/input/HazelnutSpread_AthenaLootTierData__final.json"
 create mode 100644 "System Update/\346\234\237\351\226\223\351\231\220\345\256\232/ItemCache_01/input/items_unique_min.json"
 create mode 100644 "System Update/\346\234\237\351\226\223\351\231\220\345\256\232/ItemCache_01/output/history/BR_20260321_1542/items_unique_min_diff.json"
 create mode 100644 "System Update/\346\234\237\351\226\223\351\231\220\345\256\232/ItemCache_01/output/history/BR_20260321_1552/items_unique_min_diff.json"
 create mode 100644 "System Update/\346\234\237\351\226\223\351\231\220\345\256\232/ItemCache_01/output/history/BR_20260321_1611/items_unique_min_diff.json"
 create mode 100644 "System Update/\346\234\237\351\226\223\351\231\220\345\256\232/ItemCache_01/output/logs/pipeline_2026-03-21_15-35-03.log"
 create mode 100644 "System Update/\346\234\237\351\226\223\351\231\220\345\256\232/ItemCache_01/output/logs/pipeline_2026-03-21_15-36-14.log"
 create mode 100644 "System Update/\346\234\237\351\226\223\351\231\220\345\256\232/ItemCache_01/output/logs/pipeline_2026-03-21_15-42-24.log"
 create mode 100644 "System Update/\346\234\237\351\226\223\351\231\220\345\256\232/ItemCache_01/output/logs/pipeline_2026-03-21_15-52-44.log"
 create mode 100644 "System Update/\346\234\237\351\226\223\351\231\220\345\256\232/ItemCache_01/output/logs/pipeline_2026-03-21_16-11-54.log"
 create mode 100644 "System Update/\346\234\237\351\226\223\351\231\220\345\256\232/ItemCache_01/output/logs/pipeline_2026-03-21_16-25-39.log"
 create mode 100644 "System Update/\346\234\237\351\226\223\351\231\220\345\256\232/ItemCache_01/output/summary/v39.30_2026-03-21_15-36.json"
 create mode 100644 "System Update/\346\234\237\351\226\223\351\231\220\345\256\232/ItemCache_01/output/summary/v39.30_2026-03-21_15-42.json"
 create mode 100644 "System Update/\346\234\237\351\226\223\351\231\220\345\256\232/ItemCache_01/output/summary/v39.30_2026-03-21_15-52.json"
 create mode 100644 "System Update/\346\234\237\351\226\223\351\231\220\345\256\232/ItemCache_01/output/summary/v39.30_2026-03-21_16-11.json"
 create mode 100644 "System Update/\346\234\237\351\226\223\351\231\220\345\256\232/ItemCache_01/pipeline.py"
 create mode 100644 "System Update/\346\234\237\351\226\223\351\231\220\345\256\232/ItemCache_01/scripts/LootSummary.py"
 create mode 100644 "System Update/\346\234\237\351\226\223\351\231\220\345\256\232/ItemCache_01/scripts/__pycache__/LootSummary.cpython-312.pyc"
 create mode 100644 "System Update/\346\234\237\351\226\223\351\231\220\345\256\232/ItemCache_02/__pycache__/config.cpython-312.pyc"
 create mode 100644 "System Update/\346\234\237\351\226\223\351\231\220\345\256\232/ItemCache_02/__pycache__/config.cpython-312.pyc.2182211934640"
 create mode 100644 "System Update/\346\234\237\351\226\223\351\231\220\345\256\232/ItemCache_02/__pycache__/pipeline.cpython-312.pyc"
 create mode 100644 "System Update/\346\234\237\351\226\223\351\231\220\345\256\232/ItemCache_02/config.py"
 create mode 100644 "System Update/\346\234\237\351\226\223\351\231\220\345\256\232/ItemCache_02/input/AthenaLootPackages_Client__final.json"
 create mode 100644 "System Update/\346\234\237\351\226\223\351\231\220\345\256\232/ItemCache_02/input/AthenaLootTierData_Client__final.json"
 create mode 100644 "System Update/\346\234\237\351\226\223\351\231\220\345\256\232/ItemCache_02/input/BetterFishing_LootPackages__final.json"
 create mode 100644 "System Update/\346\234\237\351\226\223\351\231\220\345\256\232/ItemCache_02/input/BetterFishing_LootTierData__final.json"
 create mode 100644 "System Update/\346\234\237\351\226\223\351\231\220\345\256\232/ItemCache_02/input/HazelnutSpread_AthenaLootPackages_Override__final.json"
 create mode 100644 "System Update/\346\234\237\351\226\223\351\231\220\345\256\232/ItemCache_02/input/HazelnutSpread_AthenaLootPackages__final.json"
 create mode 100644 "System Update/\346\234\237\351\226\223\351\231\220\345\256\232/ItemCache_02/input/HazelnutSpread_AthenaLootTierData_Override__final.json"
 create mode 100644 "System Update/\346\234\237\351\226\223\351\231\220\345\256\232/ItemCache_02/input/HazelnutSpread_AthenaLootTierData__final.json"
 create mode 100644 "System Update/\346\234\237\351\226\223\351\231\220\345\256\232/ItemCache_02/input/items_unique_min.json"
 create mode 100644 "System Update/\346\234\237\351\226\223\351\231\220\345\256\232/ItemCache_02/output/history/BR_20260321_1542/items_unique_min_diff.json"
 create mode 100644 "System Update/\346\234\237\351\226\223\351\231\220\345\256\232/ItemCache_02/output/history/BR_20260321_1552/items_unique_min_diff.json"
 create mode 100644 "System Update/\346\234\237\351\226\223\351\231\220\345\256\232/ItemCache_02/output/history/BR_20260321_1611/items_unique_min_diff.json"
 create mode 100644 "System Update/\346\234\237\351\226\223\351\231\220\345\256\232/ItemCache_02/output/logs/pipeline_2026-03-21_15-35-03.log"
 create mode 100644 "System Update/\346\234\237\351\226\223\351\231\220\345\256\232/ItemCache_02/output/logs/pipeline_2026-03-21_15-36-14.log"
 create mode 100644 "System Update/\346\234\237\351\226\223\351\231\220\345\256\232/ItemCache_02/output/logs/pipeline_2026-03-21_15-42-24.log"
 create mode 100644 "System Update/\346\234\237\351\226\223\351\231\220\345\256\232/ItemCache_02/output/logs/pipeline_2026-03-21_15-52-44.log"
 create mode 100644 "System Update/\346\234\237\351\226\223\351\231\220\345\256\232/ItemCache_02/output/logs/pipeline_2026-03-21_16-11-54.log"
 create mode 100644 "System Update/\346\234\237\351\226\223\351\231\220\345\256\232/ItemCache_02/output/summary/v39.30_2026-03-21_15-36.json"
 create mode 100644 "System Update/\346\234\237\351\226\223\351\231\220\345\256\232/ItemCache_02/output/summary/v39.30_2026-03-21_15-42.json"
 create mode 100644 "System Update/\346\234\237\351\226\223\351\231\220\345\256\232/ItemCache_02/output/summary/v39.30_2026-03-21_15-52.json"
 create mode 100644 "System Update/\346\234\237\351\226\223\351\231\220\345\256\232/ItemCache_02/output/summary/v39.30_2026-03-21_16-11.json"
 create mode 100644 "System Update/\346\234\237\351\226\223\351\231\220\345\256\232/ItemCache_02/pipeline.py"
 create mode 100644 "System Update/\346\234\237\351\226\223\351\231\220\345\256\232/ItemCache_02/scripts/LootSummary.py"
 create mode 100644 "System Update/\346\234\237\351\226\223\351\231\220\345\256\232/ItemCache_02/scripts/__pycache__/LootSummary.cpython-312.pyc"
 create mode 100644 "System Update/\346\234\237\351\226\223\351\231\220\345\256\232/ItemCache_03/__pycache__/config.cpython-312.pyc"
 create mode 100644 "System Update/\346\234\237\351\226\223\351\231\220\345\256\232/ItemCache_03/__pycache__/config.cpython-312.pyc.2182211934640"
 create mode 100644 "System Update/\346\234\237\351\226\223\351\231\220\345\256\232/ItemCache_03/__pycache__/pipeline.cpython-312.pyc"
 create mode 100644 "System Update/\346\234\237\351\226\223\351\231\220\345\256\232/ItemCache_03/config.py"
 create mode 100644 "System Update/\346\234\237\351\226\223\351\231\220\345\256\232/ItemCache_03/input/AthenaLootPackages_Client__final.json"
 create mode 100644 "System Update/\346\234\237\351\226\223\351\231\220\345\256\232/ItemCache_03/input/AthenaLootTierData_Client__final.json"
 create mode 100644 "System Update/\346\234\237\351\226\223\351\231\220\345\256\232/ItemCache_03/input/BetterFishing_LootPackages__final.json"
 create mode 100644 "System Update/\346\234\237\351\226\223\351\231\220\345\256\232/ItemCache_03/input/BetterFishing_LootTierData__final.json"
 create mode 100644 "System Update/\346\234\237\351\226\223\351\231\220\345\256\232/ItemCache_03/input/HazelnutSpread_AthenaLootPackages_Override__final.json"
 create mode 100644 "System Update/\346\234\237\351\226\223\351\231\220\345\256\232/ItemCache_03/input/HazelnutSpread_AthenaLootPackages__final.json"
 create mode 100644 "System Update/\346\234\237\351\226\223\351\231\220\345\256\232/ItemCache_03/input/HazelnutSpread_AthenaLootTierData_Override__final.json"
 create mode 100644 "System Update/\346\234\237\351\226\223\351\231\220\345\256\232/ItemCache_03/input/HazelnutSpread_AthenaLootTierData__final.json"
 create mode 100644 "System Update/\346\234\237\351\226\223\351\231\220\345\256\232/ItemCache_03/input/items_unique_min.json"
 create mode 100644 "System Update/\346\234\237\351\226\223\351\231\220\345\256\232/ItemCache_03/output/history/BR_20260321_1542/items_unique_min_diff.json"
 create mode 100644 "System Update/\346\234\237\351\226\223\351\231\220\345\256\232/ItemCache_03/output/history/BR_20260321_1552/items_unique_min_diff.json"
 create mode 100644 "System Update/\346\234\237\351\226\223\351\231\220\345\256\232/ItemCache_03/output/history/BR_20260321_1611/items_unique_min_diff.json"
 create mode 100644 "System Update/\346\234\237\351\226\223\351\231\220\345\256\232/ItemCache_03/output/logs/pipeline_2026-03-21_15-35-03.log"
 create mode 100644 "System Update/\346\234\237\351\226\223\351\231\220\345\256\232/ItemCache_03/output/logs/pipeline_2026-03-21_15-36-14.log"
 create mode 100644 "System Update/\346\234\237\351\226\223\351\231\220\345\256\232/ItemCache_03/output/logs/pipeline_2026-03-21_15-42-24.log"
 create mode 100644 "System Update/\346\234\237\351\226\223\351\231\220\345\256\232/ItemCache_03/output/logs/pipeline_2026-03-21_15-52-44.log"
 create mode 100644 "System Update/\346\234\237\351\226\223\351\231\220\345\256\232/ItemCache_03/output/logs/pipeline_2026-03-21_16-11-54.log"
 create mode 100644 "System Update/\346\234\237\351\226\223\351\231\220\345\256\232/ItemCache_03/output/summary/v39.30_2026-03-21_15-36.json"
 create mode 100644 "System Update/\346\234\237\351\226\223\351\231\220\345\256\232/ItemCache_03/output/summary/v39.30_2026-03-21_15-42.json"
 create mode 100644 "System Update/\346\234\237\351\226\223\351\231\220\345\256\232/ItemCache_03/output/summary/v39.30_2026-03-21_15-52.json"
 create mode 100644 "System Update/\346\234\237\351\226\223\351\231\220\345\256\232/ItemCache_03/output/summary/v39.30_2026-03-21_16-11.json"
 create mode 100644 "System Update/\346\234\237\351\226\223\351\231\220\345\256\232/ItemCache_03/pipeline.py"
 create mode 100644 "System Update/\346\234\237\351\226\223\351\231\220\345\256\232/ItemCache_03/scripts/LootSummary.py"
 create mode 100644 "System Update/\346\234\237\351\226\223\351\231\220\345\256\232/ItemCache_03/scripts/__pycache__/LootSummary.cpython-312.pyc"
2026-03-21 16:25:52 | WARNING | git push stderr: To https://github.com/Greenfox0833/New-Loot.git
   01d573c..48f5325  main -> main
2026-03-21 16:25:52 | INFO | ✓ GitHub Push 完了
2026-03-21 16:25:52 | INFO | ===== ItemCache_01: pipeline end =====
