2026-03-21 16:34:37 | INFO | log file: E:\フォートナイト\Picture\Loot Pool\TEST4\New Loot\System Update\期間限定\ItemCache_01\output\logs\pipeline_2026-03-21_16-34-37.log
2026-03-21 16:34:37 | INFO | ===== ItemCache_01: pipeline start =====
2026-03-21 16:34:37 | INFO | paths: lt=E:\フォートナイト\Picture\Loot Pool\TEST4\New Loot\System Update\期間限定\ItemCache_01\input\AthenaLootTierData_Client__final.json lp=E:\フォートナイト\Picture\Loot Pool\TEST4\New Loot\System Update\期間限定\ItemCache_01\input\AthenaLootPackages_Client__final.json minlist=E:\フォートナイト\Picture\Loot Pool\TEST4\New Loot\System Update\期間限定\ItemCache_01\input\items_unique_min.json
2026-03-21 16:34:37 | INFO | output: summary=E:\フォートナイト\Picture\Loot Pool\TEST4\New Loot\System Update\期間限定\ItemCache_01\output\summary lootdata=E:\フォートナイト\Picture\Loot Pool\TEST4\New Loot\System Update\戦利品データ\期間限定\ItemCache_01
2026-03-21 16:34:37 | INFO | flags: hotfix=True prewarm=True image=True workers=8
2026-03-21 16:34:37 | INFO | hotfix start: E:\フォートナイト\Picture\Loot Pool\TEST4\New Loot\System Update\LootPackage.py
2026-03-21 16:34:37 | INFO | hotfix lp stdout: [STEP1-1] base e:\Fmodel\Exports\FortniteGame\Plugins\GameFeatures\RA_ItemCache_ItemSet1\Content\DataTables\ItemCache_01_LootPackages.json
[HOTFIX:SEASON1] target=/RA_ItemCache_ItemSet1/DataTables/ItemCache_01_LootPackages
[HOTFIX:SEASON1] Addrow(TableUpdate) なし -> スキップ
[HOTFIX:SEASON1] done: applied=0, deleted=0, skipped=0
[WRITE] final -> E:\フォートナイト\Picture\Loot Pool\TEST4\New Loot\System Update\期間限定\ItemCache_01\input\AthenaLootPackages_Client__final.json
[WRITE] per-input -> E:\フォートナイト\Picture\Loot Pool\TEST4\New Loot\System Update\期間限定\ItemCache_01\input\ItemCache_01_LootPackages__final.json
2026-03-21 16:34:37 | INFO | hotfix start: E:\フォートナイト\Picture\Loot Pool\TEST4\New Loot\System Update\LootTier.py
2026-03-21 16:34:38 | INFO | hotfix lt stdout: [STEP1-1] base e:\Fmodel\Exports\FortniteGame\Plugins\GameFeatures\RA_ItemCache_ItemSet1\Content\DataTables\ItemCache_01_LootTierData.json
[HOTFIX:SEASON1] target=/RA_ItemCache_ItemSet1/DataTables/ItemCache_01_LootTierData
[HOTFIX:SEASON1] done: applied=0, deleted=0, skipped=0
[WRITE] final -> E:\フォートナイト\Picture\Loot Pool\TEST4\New Loot\System Update\期間限定\ItemCache_01\input\AthenaLootTierData_Client__final.json
[WRITE] per-input -> E:\フォートナイト\Picture\Loot Pool\TEST4\New Loot\System Update\期間限定\ItemCache_01\input\ItemCache_01_LootTierData__final.json
2026-03-21 16:34:38 | INFO | ✓ Hotfix 適用完了 (0.52s)
2026-03-21 16:34:38 | INFO | load lt: E:\フォートナイト\Picture\Loot Pool\TEST4\New Loot\System Update\期間限定\ItemCache_01\input\AthenaLootTierData_Client__final.json
2026-03-21 16:34:38 | INFO | load lp: E:\フォートナイト\Picture\Loot Pool\TEST4\New Loot\System Update\期間限定\ItemCache_01\input\AthenaLootPackages_Client__final.json
2026-03-21 16:34:38 | INFO | load done (0.00s)
2026-03-21 16:34:38 | INFO | build summary start
2026-03-21 16:34:38 | INFO | build summary done (0.66s)
2026-03-21 16:34:38 | INFO | enrich summary with names start
2026-03-21 16:34:38 | INFO | enrich summary done (0.19s)
2026-03-21 16:34:38 | INFO | ✅ まとめJSONを作成: E:\フォートナイト\Picture\Loot Pool\TEST4\New Loot\System Update\期間限定\ItemCache_01\output\summary\v39.30_2026-03-21_16-34.json
2026-03-21 16:34:38 | INFO | build BR_LootData start
2026-03-21 16:34:38 | INFO | build BR_LootData done (0.00s)
2026-03-21 16:34:38 | INFO | ✅ BR_LootData を作成: E:\フォートナイト\Picture\Loot Pool\TEST4\New Loot\System Update\戦利品データ\期間限定\ItemCache_01\ItemCache_01_LootData_2026-03-21_16-34.json
2026-03-21 16:34:38 | INFO | ✅ Web LootPool を更新: E:\フォートナイト\Web\assets\data\Loot\ItemCache_01_LootPool.json
2026-03-21 16:34:38 | INFO | LootSummary start: E:\フォートナイト\Picture\Loot Pool\TEST4\New Loot\System Update\期間限定\ItemCache_01\scripts\LootSummary.py
2026-03-21 16:34:39 | INFO | LootSummary stdout: 🔎 抽出用: 最新ファイル = E:\フォートナイト\Picture\Loot Pool\TEST4\New Loot\System Update\期間限定\ItemCache_01\output\summary\v39.30_2026-03-21_16-34.json
✅ 抽出件数: 3
💾 保存: E:\フォートナイト\Picture\Loot Pool\TEST4\New Loot\System Update\期間限定\ItemCache_01\input\items_unique_min.json
🔎 比較用: base   = E:\フォートナイト\Picture\Loot Pool\TEST4\New Loot\System Update\期間限定\ItemCache_01\output\summary\v39.30_2026-03-21_16-11.json
🔎 比較用: target = E:\フォートナイト\Picture\Loot Pool\TEST4\New Loot\System Update\期間限定\ItemCache_01\output\summary\v39.30_2026-03-21_16-34.json
✅ 差分作成 完了
  追加   : 3 / 削除 : 9 / 変更 : 0 / 変化なし : 0
💾 差分: E:\フォートナイト\Picture\Loot Pool\TEST4\New Loot\System Update\期間限定\ItemCache_01\output\history\BR_20260321_1634\items_unique_min_diff.json
2026-03-21 16:34:39 | WARNING | LootSummary stderr: E:\フォートナイト\Picture\Loot Pool\TEST4\New Loot\System Update\期間限定\ItemCache_01\scripts\LootSummary.py:2: SyntaxWarning: invalid escape sequence '\B'
  """
2026-03-21 16:34:39 | INFO | ✅ LootSummary 実行完了（抽出→比較） (0.25s)
2026-03-21 16:34:39 | INFO | prewarm start
2026-03-21 16:34:40 | INFO | ✅ アイコンキャッシュ プリウォーム完了 (0.91s)
2026-03-21 16:34:40 | INFO | 画像化タスク数: 3
2026-03-21 16:34:40 | INFO | 画像生成 進捗: 1/3
2026-03-21 16:34:40 | INFO | 画像生成 進捗: 3/3
2026-03-21 16:34:40 | INFO | ✅ 画像生成 完了（MinListベース）
2026-03-21 16:34:40 | WARNING | Loot diff に失敗: Traceback (most recent call last):
  File "e:\フォートナイト\Picture\Loot Pool\TEST4\New Loot\System Update\期間限定\ItemCache_01\pipeline.py", line 243, in main
    diff_result = run_latest_diff(PROFILE_NAME)
                  ^^^^^^^^^^^^^^^^^^^^^^^^^^^^^
  File "E:\フォートナイト\Picture\Loot Pool\TEST4\New Loot\System Update\diff_loot_auto.py", line 88, in run_latest_diff
    old_file, new_file = latest_two_files(folder)
                         ^^^^^^^^^^^^^^^^^^^^^^^^
  File "E:\フォートナイト\Picture\Loot Pool\TEST4\New Loot\System Update\diff_loot_auto.py", line 23, in latest_two_files
    raise FileNotFoundError("JSON files are less than 2 in the selected folder.")
FileNotFoundError: JSON files are less than 2 in the selected folder.
2026-03-21 16:34:40 | INFO | git add: E:\フォートナイト\Picture\Loot Pool\TEST4\New Loot\System Update
2026-03-21 16:34:50 | INFO | git commit stdout: [main 6fd6180] ItemCache_01 update 2026-03-21 16:34:45
 15 files changed, 1029 insertions(+), 360 deletions(-)
 create mode 100644 System Update/shared/icon_cache/VampireKatanaGameplay__Items__VampireKatana__Icons__T-T-Icon-BR-SharpKatana-Lazarus-L.png
 create mode 100644 "System Update/shared/images/\346\234\237\351\226\223\351\231\220\345\256\232/ItemCache_01/\343\202\250\343\202\257\343\202\271\343\203\227\343\203\255\343\203\274\343\202\267\343\203\226\343\203\273\343\203\252\343\203\224\343\203\274\343\202\277\343\203\274\343\203\251\343\202\244\343\203\225\343\203\253 - \343\203\206\343\202\243\343\202\2425.png"
 create mode 100644 "System Update/shared/images/\346\234\237\351\226\223\351\231\220\345\256\232/ItemCache_01/\343\202\275\343\203\274\343\203\263\343\201\256\343\203\264\343\202\241\343\203\263\343\203\221\343\202\244\343\202\242\343\203\226\343\203\254\343\202\244\343\203\211 - \343\203\206\343\202\243\343\202\2427.png"
 create mode 100644 "System Update/shared/images/\346\234\237\351\226\223\351\231\220\345\256\232/ItemCache_01/\343\203\217\343\203\234\343\203\203\343\202\257\343\202\265\343\202\244\343\203\254\343\203\263\343\202\265\343\203\274\344\273\230\343\201\215\343\202\242\343\202\265\343\203\253\343\203\210\343\203\251\343\202\244\343\203\225\343\203\253 - \343\203\206\343\202\243\343\202\2425.png"
 create mode 100644 "System Update/\346\210\246\345\210\251\345\223\201\343\203\207\343\203\274\343\202\277/\346\234\237\351\226\223\351\231\220\345\256\232/ItemCache_01/ItemCache_01_LootData_2026-03-21_16-34.json"
 create mode 100644 "System Update/\346\234\237\351\226\223\351\231\220\345\256\232/ItemCache_01/input/ItemCache_01_LootPackages__final.json"
 create mode 100644 "System Update/\346\234\237\351\226\223\351\231\220\345\256\232/ItemCache_01/input/ItemCache_01_LootTierData__final.json"
 create mode 100644 "System Update/\346\234\237\351\226\223\351\231\220\345\256\232/ItemCache_01/output/history/BR_20260321_1634/items_unique_min_diff.json"
 create mode 100644 "System Update/\346\234\237\351\226\223\351\231\220\345\256\232/ItemCache_01/output/logs/pipeline_2026-03-21_16-34-37.log"
 create mode 100644 "System Update/\346\234\237\351\226\223\351\231\220\345\256\232/ItemCache_01/output/summary/v39.30_2026-03-21_16-34.json"
2026-03-21 16:34:54 | WARNING | git push stderr: To https://github.com/Greenfox0833/New-Loot.git
   b014a79..6fd6180  main -> main
2026-03-21 16:34:54 | INFO | ✓ GitHub Push 完了
2026-03-21 16:34:54 | INFO | ===== ItemCache_01: pipeline end =====
