2026-02-10 19:30:35 | INFO | log file: E:\フォートナイト\Picture\Loot Pool\TEST4\New Loot\System Update\Reload\DashBerry\output\logs\pipeline_2026-02-10_19-30-35.log
2026-02-10 19:30:35 | INFO | ===== DashBerry: pipeline start =====
2026-02-10 19:30:35 | INFO | paths: lt=E:\フォートナイト\Picture\Loot Pool\TEST4\New Loot\System Update\Reload\DashBerry\input\AthenaLootTierData_Client__final.json lp=E:\フォートナイト\Picture\Loot Pool\TEST4\New Loot\System Update\Reload\DashBerry\input\AthenaLootPackages_Client__final.json minlist=E:\フォートナイト\Picture\Loot Pool\TEST4\New Loot\System Update\Reload\DashBerry\input\items_unique_min.json
2026-02-10 19:30:35 | INFO | output: summary=E:\フォートナイト\Picture\Loot Pool\TEST4\New Loot\System Update\Reload\DashBerry\output\summary lootdata=E:\フォートナイト\Picture\Loot Pool\TEST4\New Loot\System Update\戦利品データ\Reload\DashBerry
2026-02-10 19:30:35 | INFO | flags: hotfix=True prewarm=True image=True workers=8
2026-02-10 19:30:35 | INFO | hotfix start: E:\フォートナイト\Picture\Loot Pool\TEST4\New Loot\System Update\LootPackage.py
2026-02-10 19:30:36 | INFO | hotfix lp stdout: [STEP1-2] merge e:\Fmodel\Exports\FortniteGame\Plugins\GameFeatures\BlastBerryLoot\Content\DataTables\BlastBerryLootPackages.json : replaced=613, added=1445
[STEP1-3] merge e:\Fmodel\Exports\FortniteGame\Plugins\GameFeatures\BlastBerryLoot\Content\DataTables\AthenaLootPackages_Client_BlastBerryOverride.json : replaced=32, added=0
[STEP1-4] merge e:\Fmodel\Exports\FortniteGame\Plugins\GameFeatures\BlastBerryLoot\Content\DataTables\BlastBerry_AthenaLootPackages_Unranked.json : replaced=0, added=16
[STEP1-5] merge e:\Fmodel\Exports\FortniteGame\Plugins\GameFeatures\BlastBerryLoot\Content\DataTables\DashBerry\DashBerryLootPackages.json : replaced=3, added=180
[HOTFIX:SEASON1] target=/Game/Items/Datatables/AthenaLootPackages_Client
[HOTFIX:SEASON1] Addrow(TableUpdate) なし -> スキップ
[HOTFIX:SEASON1] done: applied=0, deleted=0, skipped=0
[HOTFIX:SEASON2] target=/BlastBerryLoot/DataTables/BlastBerryLootPackages
[898] RowUpdate WorldList.AthenaLoot.Weapon.Shotgun.60.Weight=0.000000 -> OK
[899] RowUpdate WorldList.AthenaLoot.Weapon.Shotgun.61.Weight=0.000000 -> OK
[900] RowUpdate WorldList.AthenaLoot.Weapon.Shotgun.62.Weight=0.000000 -> OK
[901] RowUpdate WorldList.AthenaLoot.Weapon.HighShotgun.87.Weight=0.000000 -> OK
[902] RowUpdate WorldList.AthenaLoot.Weapon.HighShotgun.88.Weight=0.000000 -> OK
[903] RowUpdate WorldList.AthenaLoot.Weapon.HighShotgun.89.Weight=0.000000 -> OK
[904] RowUpdate WorldList.AthenaLoot.Weapon.HighShotgun.90.Weight=0.000000 -> OK
[905] RowUpdate WorldList.AthenaLoot.Weapon.Handgun.01.ItemDefinition=/MusterCoreWeapons/Items/Weapons/MusterPistol/WID_Pistol_Muster_Athena_C.WID_Pistol_Muster_Athena_C -> OK
[906] RowUpdate WorldList.AthenaLoot.Weapon.Handgun.02.ItemDefinition=/MusterCoreWeapons/Items/Weapons/MusterPistol/WID_Pistol_Muster_Athena_UC.WID_Pistol_Muster_Athena_UC -> OK
[907] RowUpdate WorldList.AthenaLoot.Weapon.Handgun.03.ItemDefinition=/MusterCoreWeapons/Items/Weapons/MusterPistol/WID_Pistol_Muster_Athena_R.WID_Pistol_Muster_Athena_R -> OK
[908] RowUpdate WorldList.AthenaLoot.Weapon.Handgun.17.Weight=0.000000 -> OK
[909] RowUpdate WorldList.AthenaLoot.Weapon.Handgun.18.Weight=0.000000 -> OK
[910] RowUpdate WorldList.AthenaLoot.Weapon.HighHandgun.01.Weight=0.400000 -> OK
[911] RowUpdate WorldList.AthenaLoot.Weapon.HighHandgun.01.ItemDefinition=/MusterCoreWeapons/Items/Weapons/MusterPistol/WID_Pistol_Muster_Athena_UC.WID_Pistol_Muster_Athena_UC -> OK
[912] RowUpdate WorldList.AthenaLoot.Weapon.HighHandgun.02.ItemDefinition=/MusterCoreWeapons/Items/Weapons/MusterPistol/WID_Pistol_Muster_Athena_R.WID_Pistol_Muster_Athena_R -> OK
[913] RowUpdate WorldList.AthenaLoot.Weapon.HighHandgun.03.ItemDefinition=/MusterCoreWeapons/Items/Weapons/MusterPistol/WID_Pistol_Muster_Athena_VR.WID_Pistol_Muster_Athena_VR -> OK
[914] RowUpdate WorldList.AthenaLoot.Weapon.HighHandgun.04.ItemDefinition=/MusterCoreWeapons/Items/Weapons/MusterPistol/WID_Pistol_Muster_Athena_SR.WID_Pistol_Muster_Athena_SR -> OK
[915] RowUpdate WorldList.AthenaLoot.Weapon.HighHandgun.24.Weight=0.000000 -> OK
[916] RowUpdate WorldList.AthenaLoot.Weapon.HighHandgun.25.Weight=0.000000 -> OK
[917] RowUpdate WorldList.AthenaLoot.Weapon.HighHandgun.26.Weight=0.000000 -> OK
[918] RowUpdate WorldList.AthenaLoot.Weapon.SMG.06.Weight=0.000000 -> OK
[919] RowUpdate WorldList.AthenaLoot.Weapon.SMG.07.Weight=0.000000 -> OK
[920] RowUpdate WorldList.AthenaLoot.Weapon.SMG.08.Weight=0.000000 -> OK
[921] RowUpdate WorldList.AthenaLoot.Weapon.HighSMG.09.Weight=0.000000 -> OK
[922] RowUpdate WorldList.AthenaLoot.Weapon.HighSMG.10.Weight=0.000000 -> OK
[923] RowUpdate WorldList.AthenaLoot.Weapon.HighSMG.11.Weight=0.000000 -> OK
[924] RowUpdate WorldList.AthenaLoot.Weapon.HighSMG.12.Weight=0.000000 -> OK
[925] RowUpdate WorldList.AthenaLoot.Weapon.AssaultAuto.13.Weight=0.000000 -> OK
[926] RowUpdate WorldList.AthenaLoot.Weapon.AssaultAuto.14.Weight=0.000000 -> OK
[927] RowUpdate WorldList.AthenaLoot.Weapon.AssaultAuto.15.Weight=0.000000 -> OK
[928] RowUpdate WorldList.AthenaLoot.Weapon.AssaultAuto.25.Weight=0.000000 -> OK
[929] RowUpdate WorldList.AthenaLoot.Weapon.AssaultAuto.26.Weight=0.000000 -> OK
[930] RowUpdate WorldList.AthenaLoot.Weapon.AssaultAuto.27.Weight=0.000000 -> OK
[931] RowUpdate WorldList.AthenaLoot.Weapon.HighAssaultAuto.17.Weight=0.000000 -> OK
[932] RowUpdate WorldList.AthenaLoot.Weapon.HighAssaultAuto.18.Weight=0.000000 -> OK
[933] RowUpdate WorldList.AthenaLoot.Weapon.HighAssaultAuto.19.Weight=0.000000 -> OK
[934] RowUpdate WorldList.AthenaLoot.Weapon.HighAssaultAuto.20.Weight=0.000000 -> OK
[935] RowUpdate WorldList.AthenaLoot.Weapon.HighAssaultAuto.33.Weight=0.000000 -> OK
[936] RowUpdate WorldList.AthenaLoot.Weapon.HighAssaultAuto.34.Weight=0.000000 -> OK
[937] RowUpdate WorldList.AthenaLoot.Weapon.HighAssaultAuto.35.Weight=0.000000 -> OK
[938] RowUpdate WorldList.AthenaLoot.Weapon.HighAssaultAuto.36.Weight=0.000000 -> OK
[939] RowUpdate WorldList.ApolloLoot.Weapon.HighShotgun.47.Weight=0.000000 -> OK
[940] RowUpdate WorldList.ApolloLoot.Weapon.HighHandgun.03.ItemDefinition=/MusterCoreWeapons/Items/Weapons/MusterPistol/WID_Pistol_Muster_Athena_VR.WID_Pistol_Muster_Athena_VR -> OK
[941] RowUpdate WorldList.ApolloLoot.Weapon.HighHandgun.04.ItemDefinition=/MusterCoreWeapons/Items/Weapons/MusterPistol/WID_Pistol_Muster_Athena_SR.WID_Pistol_Muster_Athena_SR -> OK
[942] RowUpdate WorldList.ApolloLoot.Weapon.HighHandgun.13.Weight=0.000000 -> OK
[943] RowUpdate WorldList.ApolloLoot.Weapon.SMG.05.Weight=0.000000 -> OK
[944] RowUpdate WorldList.ApolloLoot.Weapon.SMG.06.Weight=0.000000 -> OK
[945] RowUpdate WorldList.ApolloLoot.Weapon.AssaultAuto.09.Weight=0.000000 -> OK
[946] RowUpdate WorldList.ApolloLoot.Weapon.AssaultAuto.10.Weight=0.000000 -> OK
[947] RowUpdate WorldList.ApolloLoot.Weapon.AssaultAuto.17.Weight=0.000000 -> OK
[948] RowUpdate WorldList.ApolloLoot.Weapon.AssaultAuto.18.Weight=0.000000 -> OK
[949] RowUpdate WorldList.AthenaSupplyDrop.Weapon.Shotgun.88.Weight=0.000000 -> OK
[950] RowUpdate WorldList.AthenaSupplyDrop.Weapon.Shotgun.89.Weight=0.000000 -> OK
[951] RowUpdate WorldList.AthenaSupplyDrop.Weapon.Shotgun.90.Weight=0.000000 -> OK
[952] RowUpdate WorldList.AthenaSupplyDrop.Weapon.Handgun.01.ItemDefinition=/MusterCoreWeapons/Items/Weapons/MusterPistol/WID_Pistol_Muster_Athena_C.WID_Pistol_Muster_Athena_C -> OK
[953] RowUpdate WorldList.AthenaSupplyDrop.Weapon.Handgun.02.Weight=0.250000 -> OK
[954] RowUpdate WorldList.AthenaSupplyDrop.Weapon.Handgun.02.ItemDefinition=/MusterCoreWeapons/Items/Weapons/MusterPistol/WID_Pistol_Muster_Athena_UC.WID_Pistol_Muster_Athena_UC -> OK
[955] RowUpdate WorldList.AthenaSupplyDrop.Weapon.Handgun.03.Weight=0.125000 -> OK
[956] RowUpdate WorldList.AthenaSupplyDrop.Weapon.Handgun.03.ItemDefinition=/MusterCoreWeapons/Items/Weapons/MusterPistol/WID_Pistol_Muster_Athena_R.WID_Pistol_Muster_Athena_R -> OK
[957] RowUpdate WorldList.AthenaSupplyDrop.Weapon.Handgun.04.Weight=0.075000 -> OK
[958] RowUpdate WorldList.AthenaSupplyDrop.Weapon.Handgun.04.ItemDefinition=/MusterCoreWeapons/Items/Weapons/MusterPistol/WID_Pistol_Muster_Athena_VR.WID_Pistol_Muster_Athena_VR -> OK
[959] RowUpdate WorldList.AthenaSupplyDrop.Weapon.Handgun.24.Weight=0.000000 -> OK
[960] RowUpdate WorldList.AthenaSupplyDrop.Weapon.Handgun.25.Weight=0.000000 -> OK
[961] RowUpdate WorldList.AthenaSupplyDrop.Weapon.Handgun.26.Weight=0.000000 -> OK
[962] RowUpdate WorldList.AthenaSupplyDrop.Weapon.SMG.10.Weight=0.000000 -> OK
[963] RowUpdate WorldList.AthenaSupplyDrop.Weapon.SMG.11.Weight=0.000000 -> OK
[964] RowUpdate WorldList.AthenaSupplyDrop.Weapon.SMG.12.Weight=0.000000 -> OK
[965] RowUpdate WorldList.AthenaSupplyDrop.Weapon.Assault.17.Weight=0.000000 -> OK
[966] RowUpdate WorldList.AthenaSupplyDrop.Weapon.Assault.18.Weight=0.000000 -> OK
[967] RowUpdate WorldList.AthenaSupplyDrop.Weapon.Assault.19.Weight=0.000000 -> OK
[968] RowUpdate WorldList.AthenaSupplyDrop.Weapon.Assault.20.Weight=0.000000 -> OK
[969] RowUpdate WorldList.AthenaSupplyDrop.Weapon.Assault.34.Weight=0.000000 -> OK
[970] RowUpdate WorldList.AthenaSupplyDrop.Weapon.Assault.35.Weight=0.000000 -> OK
[971] RowUpdate WorldList.AthenaSupplyDrop.Weapon.Assault.36.Weight=0.000000 -> OK
[972] RowUpdate WorldList.AthenaSupplyDrop.Weapon.Assault.101.Weight=0.250000 -> OK
[973] RowUpdate WorldList.AthenaSupplyDrop.Weapon.Assault.102.Weight=0.125000 -> OK
[974] RowUpdate WorldList.AthenaSupplyDrop.Weapon.Assault.103.Weight=0.075000 -> OK
[975] RowUpdate WorldList.ApolloLoot.Weapon.AssaultAuto.51.Weight=0.750000 -> OK
[976] RowUpdate WorldList.ApolloLoot.Weapon.AssaultAuto.52.Weight=0.250000 -> OK
[977] RowUpdate WorldList.AthenaLoot.Weapon.HighAssaultAuto.100.Weight=0.400000 -> OK
[978] RowUpdate WorldList.AthenaLoot.Weapon.HighAssaultAuto.101.Weight=0.080000 -> OK
[979] RowUpdate WorldList.AthenaLoot.Weapon.HighAssaultAuto.102.Weight=0.016000 -> OK
[980] RowUpdate WorldList.AthenaLoot.Weapon.HighAssaultAuto.103.Weight=0.004000 -> OK
[1322] RowUpdate WorldList.AthenaLoot.Weapon.Shotgun.77.Weight=0.000000 -> OK
[1323] RowUpdate WorldList.AthenaLoot.Weapon.Shotgun.80.Weight=0.000000 -> OK
[1324] RowUpdate WorldList.AthenaLoot.Weapon.HighShotgun.108.Weight=0.016000 -> OK
[1325] RowUpdate WorldList.AthenaLoot.Weapon.HighShotgun.109.Weight=0.000000 -> OK
[1326] RowUpdate WorldList.AthenaLoot.Weapon.HighShotgun.110.Weight=0.000000 -> OK
[1327] RowUpdate WorldList.AthenaLoot.Weapon.HighShotgun.112.Weight=0.016000 -> OK
[1328] RowUpdate WorldList.AthenaLoot.Weapon.HighShotgun.113.Weight=0.000000 -> OK
[1329] RowUpdate WorldList.AthenaLoot.Weapon.HighShotgun.114.Weight=0.000000 -> OK
[1330] RowUpdate WorldList.AthenaLoot.Weapon.HighHandgun.52.Weight=0.200000 -> OK
[1331] RowUpdate WorldList.AthenaLoot.Weapon.HighHandgun.53.Weight=0.000000 -> OK
[1332] RowUpdate WorldList.AthenaLoot.Weapon.HighHandgun.54.Weight=0.000000 -> OK
[1333] RowUpdate WorldList.AthenaLoot.Weapon.SMG.56.Weight=0.000000 -> OK
[1334] RowUpdate WorldList.AthenaLoot.Weapon.HighSMG.77.Weight=0.016000 -> OK
[1335] RowUpdate WorldList.AthenaLoot.Weapon.HighSMG.78.Weight=0.000000 -> OK
[1336] RowUpdate WorldList.AthenaLoot.Weapon.HighSMG.79.Weight=0.000000 -> OK
[1337] RowUpdate WorldList.AthenaLoot.Weapon.AssaultAuto.92.Weight=0.000000 -> OK
[1338] RowUpdate WorldList.AthenaLoot.Weapon.AssaultAuto.95.Weight=0.000000 -> OK
[1339] RowUpdate WorldList.AthenaLoot.Weapon.HighAssaultAuto.125.Weight=0.016000 -> OK
[1340] RowUpdate WorldList.AthenaLoot.Weapon.HighAssaultAuto.126.Weight=0.000000 -> OK
[1341] RowUpdate WorldList.AthenaLoot.Weapon.HighAssaultAuto.127.Weight=0.000000 -> OK
[1342] RowUpdate WorldList.AthenaLoot.Weapon.HighAssaultAuto.129.Weight=0.016000 -> OK
[1343] RowUpdate WorldList.AthenaLoot.Weapon.HighAssaultAuto.130.Weight=0.000000 -> OK
[1344] RowUpdate WorldList.AthenaLoot.Weapon.HighAssaultAuto.131.Weight=0.000000 -> OK
[1345] RowUpdate WorldList.ApolloLoot.Weapon.HighShotgun.57.Weight=0.100000 -> OK
[1346] RowUpdate WorldList.ApolloLoot.Weapon.HighShotgun.58.Weight=0.000000 -> OK
[1347] RowUpdate WorldList.ApolloLoot.Weapon.HighShotgun.59.Weight=0.100000 -> OK
[1348] RowUpdate WorldList.ApolloLoot.Weapon.HighShotgun.60.Weight=0.000000 -> OK
[1349] RowUpdate WorldList.ApolloLoot.Weapon.HighHandgun.28.Weight=0.100000 -> OK
[1350] RowUpdate WorldList.ApolloLoot.Weapon.HighHandgun.29.Weight=0.000000 -> OK
[1351] RowUpdate WorldList.ApolloLoot.Weapon.SMG.39.Weight=0.100000 -> OK
[1352] RowUpdate WorldList.ApolloLoot.Weapon.SMG.40.Weight=0.000000 -> OK
[1353] RowUpdate WorldList.ApolloLoot.Weapon.AssaultAuto.63.Weight=0.100000 -> OK
[1354] RowUpdate WorldList.ApolloLoot.Weapon.AssaultAuto.64.Weight=0.000000 -> OK
[1355] RowUpdate WorldList.ApolloLoot.Weapon.AssaultAuto.65.Weight=0.100000 -> OK
[1356] RowUpdate WorldList.ApolloLoot.Weapon.AssaultAuto.66.Weight=0.000000 -> OK
[1357] RowUpdate WorldList.AthenaSupplyDrop.Weapon.Shotgun.108.Weight=0.075000 -> OK
[1358] RowUpdate WorldList.AthenaSupplyDrop.Weapon.Shotgun.109.Weight=0.000000 -> OK
[1359] RowUpdate WorldList.AthenaSupplyDrop.Weapon.Shotgun.110.Weight=0.000000 -> OK
[1360] RowUpdate WorldList.AthenaSupplyDrop.Weapon.Shotgun.112.Weight=0.075000 -> OK
[1361] RowUpdate WorldList.AthenaSupplyDrop.Weapon.Shotgun.113.Weight=0.000000 -> OK
[1362] RowUpdate WorldList.AthenaSupplyDrop.Weapon.Shotgun.114.Weight=0.000000 -> OK
[1363] RowUpdate WorldList.AthenaSupplyDrop.Weapon.Handgun.51.Weight=0.250000 -> OK
[1364] RowUpdate WorldList.AthenaSupplyDrop.Weapon.Handgun.52.Weight=0.000000 -> OK
[1365] RowUpdate WorldList.AthenaSupplyDrop.Weapon.Handgun.53.Weight=0.000000 -> OK
[1366] RowUpdate WorldList.AthenaSupplyDrop.Weapon.SMG.75.Weight=0.075000 -> OK
[1367] RowUpdate WorldList.AthenaSupplyDrop.Weapon.SMG.76.Weight=0.000000 -> OK
[1368] RowUpdate WorldList.AthenaSupplyDrop.Weapon.SMG.77.Weight=0.000000 -> OK
[1369] RowUpdate WorldList.AthenaSupplyDrop.Weapon.Assault.125.Weight=0.075000 -> OK
[1370] RowUpdate WorldList.AthenaSupplyDrop.Weapon.Assault.126.Weight=0.000000 -> OK
[1371] RowUpdate WorldList.AthenaSupplyDrop.Weapon.Assault.127.Weight=0.000000 -> OK
[1372] RowUpdate WorldList.AthenaSupplyDrop.Weapon.Assault.129.Weight=0.075000 -> OK
[1373] RowUpdate WorldList.AthenaSupplyDrop.Weapon.Assault.130.Weight=0.000000 -> OK
[1374] RowUpdate WorldList.AthenaSupplyDrop.Weapon.Assault.131.Weight=0.000000 -> OK
[1375] RowUpdate WorldList.AthenaLoot.Weapon.HighSMG.13.Weight=0.400000 -> OK
[1376] RowUpdate WorldList.AthenaLoot.Weapon.HighSMG.14.Weight=0.080000 -> OK
[1377] RowUpdate WorldList.AthenaLoot.Weapon.HighSMG.15.Weight=0.016000 -> OK
[1378] RowUpdate WorldList.AthenaLoot.Weapon.HighSMG.16.Weight=0.004000 -> OK
[1379] RowUpdate WorldList.AthenaLoot.Weapon.HighSMG.76.Weight=0.000000 -> OK
[1380] RowUpdate WorldList.AthenaLoot.Weapon.HighSMG.77.Weight=0.000000 -> OK
[1381] RowUpdate WorldList.AthenaLoot.Weapon.HighSMG.78.Weight=0.000000 -> OK
[1382] RowUpdate WorldList.AthenaLoot.Weapon.HighSMG.79.Weight=0.000000 -> OK
[1383] RowUpdate WorldList.AthenaLoot.Weapon.Sniper.34.Weight=0.000000 -> OK
[1384] RowUpdate WorldList.AthenaLoot.Weapon.HighSniper.58.Weight=0.000000 -> OK
[1385] RowUpdate WorldList.AthenaLoot.Weapon.HighSniper.59.Weight=0.000000 -> OK
[1386] RowUpdate WorldList.AthenaLoot.Weapon.HighSniper.60.Weight=0.000000 -> OK
[1387] RowUpdate WorldList.ApolloLoot.Weapon.Sniper.31.Weight=0.000000 -> OK
[1388] RowUpdate WorldList.ApolloLoot.Weapon.Sniper.32.Weight=0.000000 -> OK
[1389] RowUpdate WorldList.AthenaSupplyDrop.Weapon.Sniper.58.Weight=0.000000 -> OK
[1390] RowUpdate WorldList.AthenaSupplyDrop.Weapon.Sniper.59.Weight=0.000000 -> OK
[1391] RowUpdate WorldList.AthenaSupplyDrop.Weapon.Sniper.60.Weight=0.000000 -> OK
[1409] RowUpdate WorldList.AthenaWadStash.Medium.01.CountRange=(X=100,Y=100) -> OK
[1410] RowUpdate WorldList.AthenaWadStash.Large.01.CountRange=(X=200,Y=200) -> OK
[1411] RowUpdate WorldList.AthenaWadSafe.01.CountRange=(X=300,Y=300) -> OK
[1412] RowUpdate WorldList.AthenaWadGoldBarStack.Small.01.CountRange=(X=50,Y=50) -> OK
[1413] RowUpdate WorldList.AthenaWadGoldBarStack.Medium.01.CountRange=(X=100,Y=100) -> OK
[1414] RowUpdate WorldList.AthenaWadGoldBarStack.Large.01.CountRange=(X=200,Y=200) -> OK
[1415] RowUpdate WorldList.AthenaWadChests.01.CountRange=(X=50,Y=50) -> OK
[1416] RowUpdate WorldList.AthenaWadChests.02.CountRange=(X=75,Y=75) -> OK
[1417] RowUpdate WorldList.AthenaWadChests.03.Weight=0.050000 -> OK
[1418] RowUpdate WorldList.AthenaWadChests.03.CountRange=(X=100,Y=100) -> OK
[1419] RowUpdate WorldList.ApolloWadChests.01.CountRange=(X=100,Y=100) -> OK
[1420] RowUpdate WorldList.ApolloWadChests.02.CountRange=(X=150,Y=150) -> OK
[1421] RowUpdate WorldList.ApolloWadChests.03.CountRange=(X=250,Y=250) -> OK
[1422] RowUpdate WorldList.AGSupply4.01.Weight=0.000000 -> OK
[1423] RowUpdate WorldList.ExoticRandom.01.Weight=0.000000 -> OK
[1424] RowUpdate WorldList.ExoticRandom.02.Weight=0.000000 -> OK
[1425] RowUpdate WorldList.ExoticRandom.03.Weight=0.000000 -> OK
[1426] RowUpdate WorldList.ExoticRandom.04.Weight=0.000000 -> OK
[1427] RowUpdate WorldList.ExoticRandom.05.Weight=0.000000 -> OK
[1428] RowUpdate WorldList.ExoticRandom.06.Weight=0.000000 -> OK
[1429] RowUpdate WorldList.ExoticRandom.10.Weight=0.000000 -> OK
[1430] RowUpdate WorldList.ExoticRandom.22.Weight=0.000000 -> OK
[1431] RowUpdate WorldList.MythicRandom.03.Weight=0.000000 -> OK
[1432] RowUpdate WorldList.MythicRandom.04.Weight=0.000000 -> OK
[1433] RowUpdate WorldList.MythicRandom.08.Weight=0.000000 -> OK
[1434] RowUpdate WorldList.MythicRandom.09.Weight=0.000000 -> OK
[1435] RowUpdate WorldList.MythicRandom.11.Weight=0.000000 -> OK
[1436] RowUpdate WorldList.MythicRandom.12.Weight=0.000000 -> OK
[1437] RowUpdate WorldList.MythicRandom.13.Weight=0.000000 -> OK
[1438] RowUpdate WorldList.MythicRandom.21.Weight=0.000000 -> OK
[1439] RowUpdate WorldList.MythicRandom.23.Weight=0.000000 -> OK
[1440] RowUpdate WorldList.MythicRandom.29.Weight=0.000000 -> OK
[1441] RowUpdate WorldList.MythicRandom.45.Weight=1.000000 -> OK
[1442] RowUpdate WorldList.MythicRandom.48.Weight=1.000000 -> OK
[1443] RowUpdate WorldList.MythicRandom.50.Weight=1.000000 -> OK
[1444] RowUpdate WorldList.MythicRandom.51.Weight=1.000000 -> OK
[1445] RowUpdate WorldList.MythicRandom.52.Weight=1.000000 -> OK
[1446] RowUpdate WorldList.MythicRandom.53.Weight=1.000000 -> OK
[1503] RowUpdate WorldList.AthenaLoot.Weapon.Shotgun.24.Weight=0.000000 -> OK
[1504] RowUpdate WorldList.AthenaLoot.Weapon.Shotgun.25.Weight=0.000000 -> OK
[1505] RowUpdate WorldList.AthenaLoot.Weapon.Shotgun.48.Weight=1.000000 -> OK
[1506] RowUpdate WorldList.AthenaLoot.Weapon.Shotgun.49.Weight=0.400000 -> OK
[1507] RowUpdate WorldList.AthenaLoot.Weapon.Shotgun.50.Weight=0.080000 -> OK
[1508] RowUpdate WorldList.AthenaLoot.Weapon.Shotgun.60.Weight=0.000000 -> OK
[1509] RowUpdate WorldList.AthenaLoot.Weapon.Shotgun.61.Weight=0.000000 -> OK
[1510] RowUpdate WorldList.AthenaLoot.Weapon.Shotgun.62.Weight=0.000000 -> OK
[1511] RowUpdate WorldList.AthenaLoot.Weapon.HighShotgun.32.Weight=0.000000 -> OK
[1512] RowUpdate WorldList.AthenaLoot.Weapon.HighShotgun.33.Weight=0.000000 -> OK
[1513] RowUpdate WorldList.AthenaLoot.Weapon.HighShotgun.34.Weight=0.000000 -> OK
[1514] RowUpdate WorldList.AthenaLoot.Weapon.HighShotgun.35.Weight=0.000000 -> OK
[1515] RowUpdate WorldList.AthenaLoot.Weapon.HighShotgun.71.Weight=0.400000 -> OK
[1516] RowUpdate WorldList.AthenaLoot.Weapon.HighShotgun.72.Weight=0.080000 -> OK
[1517] RowUpdate WorldList.AthenaLoot.Weapon.HighShotgun.73.Weight=0.016000 -> OK
[1518] RowUpdate WorldList.AthenaLoot.Weapon.HighShotgun.74.Weight=0.004000 -> OK
[1519] RowUpdate WorldList.AthenaLoot.Weapon.HighShotgun.87.Weight=0.000000 -> OK
[1520] RowUpdate WorldList.AthenaLoot.Weapon.HighShotgun.88.Weight=0.000000 -> OK
[1521] RowUpdate WorldList.AthenaLoot.Weapon.HighShotgun.89.Weight=0.000000 -> OK
[1522] RowUpdate WorldList.AthenaLoot.Weapon.HighShotgun.90.Weight=0.000000 -> OK
[1523] RowUpdate WorldList.AthenaLoot.Weapon.Handgun.21.Weight=1.000000 -> OK
[1524] RowUpdate WorldList.AthenaLoot.Weapon.Handgun.22.Weight=0.400000 -> OK
[1525] RowUpdate WorldList.AthenaLoot.Weapon.Handgun.23.Weight=0.080000 -> OK
[1526] RowUpdate WorldList.AthenaLoot.Weapon.HighHandgun.32.Weight=0.400000 -> OK
[1527] RowUpdate WorldList.AthenaLoot.Weapon.HighHandgun.33.Weight=0.080000 -> OK
[1528] RowUpdate WorldList.AthenaLoot.Weapon.HighHandgun.34.Weight=0.016000 -> OK
[1529] RowUpdate WorldList.AthenaLoot.Weapon.HighHandgun.35.Weight=0.004000 -> OK
[1530] RowUpdate WorldList.AthenaLoot.Weapon.SMG.35.Weight=0.000000 -> OK
[1531] RowUpdate WorldList.AthenaLoot.Weapon.SMG.36.Weight=0.000000 -> OK
[1532] RowUpdate WorldList.AthenaLoot.Weapon.SMG.52.Weight=0.000000 -> OK
[1533] RowUpdate WorldList.AthenaLoot.Weapon.SMG.53.Weight=0.080000 -> OK
[1534] RowUpdate WorldList.AthenaLoot.Weapon.HighSMG.48.Weight=0.000000 -> OK
[1535] RowUpdate WorldList.AthenaLoot.Weapon.HighSMG.49.Weight=0.000000 -> OK
[1536] RowUpdate WorldList.AthenaLoot.Weapon.HighSMG.50.Weight=0.000000 -> OK
[1537] RowUpdate WorldList.AthenaLoot.Weapon.HighSMG.51.Weight=0.000000 -> OK
[1538] RowUpdate WorldList.AthenaLoot.Weapon.HighSMG.72.Weight=0.000000 -> OK
[1539] RowUpdate WorldList.AthenaLoot.Weapon.HighSMG.73.Weight=0.080000 -> OK
[1540] RowUpdate WorldList.AthenaLoot.Weapon.HighSMG.74.Weight=0.016000 -> OK
[1541] RowUpdate WorldList.AthenaLoot.Weapon.HighSMG.75.Weight=0.004000 -> OK
[1542] RowUpdate WorldList.AthenaLoot.Weapon.AssaultAuto.05.Weight=0.000000 -> OK
[1543] RowUpdate WorldList.AthenaLoot.Weapon.AssaultAuto.06.Weight=0.000000 -> OK
[1544] RowUpdate WorldList.AthenaLoot.Weapon.AssaultAuto.87.Weight=1.000000 -> OK
[1545] RowUpdate WorldList.AthenaLoot.Weapon.AssaultAuto.88.Weight=0.400000 -> OK
[1546] RowUpdate WorldList.AthenaLoot.Weapon.AssaultAuto.89.Weight=0.080000 -> OK
[1547] RowUpdate WorldList.AthenaLoot.Weapon.HighAssaultAuto.05.Weight=0.000000 -> OK
[1548] RowUpdate WorldList.AthenaLoot.Weapon.HighAssaultAuto.06.Weight=0.000000 -> OK
[1549] RowUpdate WorldList.AthenaLoot.Weapon.HighAssaultAuto.07.Weight=0.000000 -> OK
[1550] RowUpdate WorldList.AthenaLoot.Weapon.HighAssaultAuto.08.Weight=0.000000 -> OK
[1551] RowUpdate WorldList.AthenaLoot.Weapon.HighAssaultAuto.120.Weight=0.400000 -> OK
[1552] RowUpdate WorldList.AthenaLoot.Weapon.HighAssaultAuto.121.Weight=0.080000 -> OK
[1553] RowUpdate WorldList.AthenaLoot.Weapon.HighAssaultAuto.123.Weight=0.004000 -> OK
[1554] RowUpdate WorldList.AthenaLoot.Weapon.Sniper.24.Weight=0.400000 -> OK
[1555] RowUpdate WorldList.AthenaLoot.Weapon.Sniper.25.Weight=0.080000 -> OK
[1556] RowUpdate WorldList.AthenaLoot.Weapon.Sniper.34.Weight=0.000000 -> OK
[1557] RowUpdate WorldList.AthenaLoot.Weapon.HighSniper.41.Weight=0.400000 -> OK
[1558] RowUpdate WorldList.AthenaLoot.Weapon.HighSniper.42.Weight=0.080000 -> OK
[1559] RowUpdate WorldList.AthenaLoot.Weapon.HighSniper.43.Weight=0.016000 -> OK
[1560] RowUpdate WorldList.AthenaLoot.Weapon.HighSniper.44.Weight=0.004000 -> OK
[1561] RowUpdate WorldList.AthenaLoot.Weapon.HighSniper.58.Weight=0.000000 -> OK
[1562] RowUpdate WorldList.AthenaLoot.Weapon.HighSniper.59.Weight=0.000000 -> OK
[1563] RowUpdate WorldList.AthenaLoot.Weapon.HighSniper.60.Weight=0.000000 -> OK
[1564] RowUpdate WorldList.ApolloLoot.Weapon.HighShotgun.17.Weight=0.000000 -> OK
[1565] RowUpdate WorldList.ApolloLoot.Weapon.HighShotgun.18.Weight=0.000000 -> OK
[1566] RowUpdate WorldList.ApolloLoot.Weapon.HighShotgun.39.Weight=0.750000 -> OK
[1567] RowUpdate WorldList.ApolloLoot.Weapon.HighShotgun.40.Weight=0.250000 -> OK
[1568] RowUpdate WorldList.ApolloLoot.Weapon.HighShotgun.47.Weight=0.000000 -> OK
[1569] RowUpdate WorldList.ApolloLoot.Weapon.HighShotgun.48.Weight=0.000000 -> OK
[1570] RowUpdate WorldList.ApolloLoot.Weapon.HighHandgun.18.Weight=0.750000 -> OK
[1571] RowUpdate WorldList.ApolloLoot.Weapon.HighHandgun.19.Weight=0.250000 -> OK
[1572] RowUpdate WorldList.ApolloLoot.Weapon.SMG.25.Weight=0.000000 -> OK
[1573] RowUpdate WorldList.ApolloLoot.Weapon.SMG.26.Weight=0.000000 -> OK
[1574] RowUpdate WorldList.ApolloLoot.Weapon.SMG.37.Weight=0.750000 -> OK
[1575] RowUpdate WorldList.ApolloLoot.Weapon.SMG.38.Weight=0.250000 -> OK
[1576] RowUpdate WorldList.ApolloLoot.Weapon.AssaultAuto.05.Weight=0.000000 -> OK
[1577] RowUpdate WorldList.ApolloLoot.Weapon.AssaultAuto.06.Weight=0.000000 -> OK
[1578] RowUpdate WorldList.ApolloLoot.Weapon.AssaultAuto.62.Weight=0.250000 -> OK
[1579] RowUpdate WorldList.ApolloLoot.Weapon.Sniper.23.Weight=0.750000 -> OK
[1580] RowUpdate WorldList.ApolloLoot.Weapon.Sniper.24.Weight=0.250000 -> OK
[1581] RowUpdate WorldList.ApolloLoot.Weapon.Sniper.31.Weight=0.000000 -> OK
[1582] RowUpdate WorldList.ApolloLoot.Weapon.Sniper.32.Weight=0.000000 -> OK
[1583] RowUpdate WorldList.AthenaSupplyDrop.Weapon.Shotgun.33.Weight=0.000000 -> OK
[1584] RowUpdate WorldList.AthenaSupplyDrop.Weapon.Shotgun.34.Weight=0.000000 -> OK
[1585] RowUpdate WorldList.AthenaSupplyDrop.Weapon.Shotgun.35.Weight=0.000000 -> OK
[1586] RowUpdate WorldList.AthenaSupplyDrop.Weapon.Shotgun.72.Weight=0.250000 -> OK
[1587] RowUpdate WorldList.AthenaSupplyDrop.Weapon.Shotgun.73.Weight=0.125000 -> OK
[1588] RowUpdate WorldList.AthenaSupplyDrop.Weapon.Shotgun.74.Weight=0.025000 -> OK
[1589] RowUpdate WorldList.AthenaSupplyDrop.Weapon.Shotgun.88.Weight=0.000000 -> OK
[1590] RowUpdate WorldList.AthenaSupplyDrop.Weapon.Shotgun.89.Weight=0.000000 -> OK
[1591] RowUpdate WorldList.AthenaSupplyDrop.Weapon.Shotgun.90.Weight=0.000000 -> OK
[1592] RowUpdate WorldList.AthenaSupplyDrop.Weapon.Handgun.32.Weight=0.250000 -> OK
[1593] RowUpdate WorldList.AthenaSupplyDrop.Weapon.Handgun.33.Weight=0.125000 -> OK
[1594] RowUpdate WorldList.AthenaSupplyDrop.Weapon.Handgun.34.Weight=0.025000 -> OK
[1595] RowUpdate WorldList.AthenaSupplyDrop.Weapon.SMG.47.Weight=0.000000 -> OK
[1596] RowUpdate WorldList.AthenaSupplyDrop.Weapon.SMG.48.Weight=0.000000 -> OK
[1597] RowUpdate WorldList.AthenaSupplyDrop.Weapon.SMG.49.Weight=0.000000 -> OK
[1598] RowUpdate WorldList.AthenaSupplyDrop.Weapon.SMG.71.Weight=0.250000 -> OK
[1599] RowUpdate WorldList.AthenaSupplyDrop.Weapon.SMG.72.Weight=0.125000 -> OK
[1600] RowUpdate WorldList.AthenaSupplyDrop.Weapon.SMG.73.Weight=0.025000 -> OK
[1601] RowUpdate WorldList.AthenaSupplyDrop.Weapon.Assault.06.Weight=0.000000 -> OK
[1602] RowUpdate WorldList.AthenaSupplyDrop.Weapon.Assault.07.Weight=0.000000 -> OK
[1603] RowUpdate WorldList.AthenaSupplyDrop.Weapon.Assault.08.Weight=0.000000 -> OK
[1604] RowUpdate WorldList.AthenaSupplyDrop.Weapon.Assault.121.Weight=0.250000 -> OK
[1605] RowUpdate WorldList.AthenaSupplyDrop.Weapon.Assault.123.Weight=0.025000 -> OK
[1606] RowUpdate WorldList.AthenaSupplyDrop.Weapon.Sniper.42.Weight=0.250000 -> OK
[1607] RowUpdate WorldList.AthenaSupplyDrop.Weapon.Sniper.43.Weight=0.125000 -> OK
[1608] RowUpdate WorldList.AthenaSupplyDrop.Weapon.Sniper.44.Weight=0.025000 -> OK
[1609] RowUpdate WorldList.AthenaSupplyDrop.Weapon.Sniper.58.Weight=0.000000 -> OK
[1610] RowUpdate WorldList.AthenaSupplyDrop.Weapon.Sniper.59.Weight=0.000000 -> OK
[1611] RowUpdate WorldList.AthenaSupplyDrop.Weapon.Sniper.60.Weight=0.000000 -> OK
[1612] RowUpdate WorldList.AthenaHighConsumables.34.Weight=0.000000 -> OK
[1613] RowUpdate WorldList.AthenaHighConsumables.36.Weight=0.150000 -> OK
[1614] RowUpdate WorldList.AthenaHighConsumables.37.Weight=0.150000 -> OK
[1615] RowUpdate WorldList.AthenaHighConsumables.38.Weight=0.150000 -> OK
[1616] RowUpdate WorldList.AthenaHighConsumablesRare.34.Weight=0.000000 -> OK
[1617] RowUpdate WorldList.AthenaHighConsumablesRare.36.Weight=0.150000 -> OK
[1618] RowUpdate WorldList.AthenaHighConsumablesRare.37.Weight=0.100000 -> OK
[1619] RowUpdate WorldList.AthenaHighConsumablesRare.38.Weight=0.200000 -> OK
[1620] RowUpdate WorldList.AthenaSupplyDropConsumables.34.Weight=0.000000 -> OK
[1621] RowUpdate WorldList.AthenaSupplyDropConsumables.36.Weight=0.200000 -> OK
[1622] RowUpdate WorldList.AthenaSupplyDropConsumables.37.Weight=0.200000 -> OK
[1623] RowUpdate WorldList.AthenaSupplyDropConsumables.38.Weight=0.150000 -> OK
[1624] RowUpdate WorldList.AthenaSupplyDropHeals.13.Weight=0.000000 -> OK
[1625] RowUpdate WorldList.AthenaSupplyDropHeals.15.Weight=0.150000 -> OK
[1626] RowUpdate WorldList.AthenaSupplyDropHeals.16.Weight=0.150000 -> OK
[1627] RowUpdate WorldList.AthenaSupplyDropHeals.17.Weight=0.200000 -> OK
[1628] RowUpdate WorldList.AthenaConsumables.34.Weight=0.000000 -> OK
[1629] RowUpdate WorldList.AthenaConsumables.36.Weight=0.200000 -> OK
[1630] RowUpdate WorldList.AthenaConsumables.37.Weight=0.200000 -> OK
[1631] RowUpdate WorldList.AthenaConsumables.38.Weight=0.100000 -> OK
[1632] RowUpdate WorldList.MythicRandom.30.Weight=1.000000 -> OK
[1633] RowUpdate WorldList.MythicRandom.50.Weight=1.000000 -> OK
[1685] RowUpdate WorldList.AGSupply4.01.Weight=0.000000 -> OK
[1686] RowUpdate WorldList.MythicRandom.43.Weight=0.000000 -> OK
[HOTFIX:SEASON2] Addrow(TableUpdate) なし -> スキップ
[HOTFIX:SEASON2] done: applied=324, deleted=0, skipped=0
[HOTFIX:SEASON3] target=/BlastBerryLoot/DataTables/AthenaLootPackages_Client_BlastBerryOverride
[HOTFIX:SEASON3] Addrow(TableUpdate) なし -> スキップ
[HOTFIX:SEASON3] done: applied=0, deleted=0, skipped=0
[HOTFIX:SEASON4] target=/BlastBerryLoot/DataTables/BlastBerry_AthenaLootPackages_Unranked
[1637] RowUpdate WorldList.AthenaHighConsumables.90.Weight=0.100000 -> OK
[1638] RowUpdate WorldList.AthenaHighConsumables.90.CountRange=(X=1,Y=1) -> OK
[1639] RowUpdate WorldList.AthenaHighConsumables.90.ItemDefinition=/LemonExam/Gameplay/WID_Athena_LemonExam_SR.WID_Athena_LemonExam_SR -> OK
[1640] RowUpdate WorldList.AthenaHighConsumables.91.Weight=0.200000 -> OK
[1641] RowUpdate WorldList.AthenaHighConsumables.91.CountRange=(X=2,Y=2) -> OK
[1642] RowUpdate WorldList.AthenaHighConsumables.91.ItemDefinition=/PoliteDinner/Gameplay/WID_PoliteDinner.WID_PoliteDinner -> OK
[1643] RowUpdate WorldList.AthenaHighConsumables.92.Weight=0.200000 -> OK
[1644] RowUpdate WorldList.AthenaHighConsumables.92.CountRange=(X=2,Y=2) -> OK
[1645] RowUpdate WorldList.AthenaHighConsumables.92.ItemDefinition=/ValidCandy/Gameplay/WID_Athena_ValidCandy.WID_Athena_ValidCandy -> OK
[1646] RowUpdate WorldList.AthenaHighConsumables.93.Weight=0.150000 -> OK
[1647] RowUpdate WorldList.AthenaHighConsumables.93.CountRange=(X=1,Y=1) -> OK
[1648] RowUpdate WorldList.AthenaHighConsumables.93.ItemDefinition=/WinterDecay/Gameplay/WID_WinterDecay_Teleport.WID_WinterDecay_Teleport -> OK
[1649] RowUpdate WorldList.AthenaHighConsumablesRare.90.Weight=0.200000 -> OK
[1650] RowUpdate WorldList.AthenaHighConsumablesRare.90.CountRange=(X=1,Y=1) -> OK
[1651] RowUpdate WorldList.AthenaHighConsumablesRare.90.ItemDefinition=/LemonExam/Gameplay/WID_Athena_LemonExam_SR.WID_Athena_LemonExam_SR -> OK
[1652] RowUpdate WorldList.AthenaHighConsumablesRare.91.Weight=0.200000 -> OK
[1653] RowUpdate WorldList.AthenaHighConsumablesRare.91.CountRange=(X=2,Y=2) -> OK
[1654] RowUpdate WorldList.AthenaHighConsumablesRare.91.ItemDefinition=/PoliteDinner/Gameplay/WID_PoliteDinner.WID_PoliteDinner -> OK
[1655] RowUpdate WorldList.AthenaHighConsumablesRare.92.Weight=0.200000 -> OK
[1656] RowUpdate WorldList.AthenaHighConsumablesRare.92.CountRange=(X=2,Y=2) -> OK
[1657] RowUpdate WorldList.AthenaHighConsumablesRare.92.ItemDefinition=/ValidCandy/Gameplay/WID_Athena_ValidCandy.WID_Athena_ValidCandy -> OK
[1658] RowUpdate WorldList.AthenaHighConsumablesRare.93.Weight=0.200000 -> OK
[1659] RowUpdate WorldList.AthenaHighConsumablesRare.93.CountRange=(X=1,Y=1) -> OK
[1660] RowUpdate WorldList.AthenaHighConsumablesRare.93.ItemDefinition=/WinterDecay/Gameplay/WID_WinterDecay_Teleport.WID_WinterDecay_Teleport -> OK
[1661] RowUpdate WorldList.AthenaSupplyDropUtility.90.Weight=0.100000 -> OK
[1662] RowUpdate WorldList.AthenaSupplyDropUtility.90.CountRange=(X=1,Y=1) -> OK
[1663] RowUpdate WorldList.AthenaSupplyDropUtility.90.ItemDefinition=/LemonExam/Gameplay/WID_Athena_LemonExam_SR.WID_Athena_LemonExam_SR -> OK
[1664] RowUpdate WorldList.AthenaSupplyDropUtility.91.Weight=0.200000 -> OK
[1665] RowUpdate WorldList.AthenaSupplyDropUtility.91.CountRange=(X=2,Y=2) -> OK
[1666] RowUpdate WorldList.AthenaSupplyDropUtility.91.ItemDefinition=/PoliteDinner/Gameplay/WID_PoliteDinner.WID_PoliteDinner -> OK
[1667] RowUpdate WorldList.AthenaSupplyDropUtility.92.Weight=0.200000 -> OK
[1668] RowUpdate WorldList.AthenaSupplyDropUtility.92.CountRange=(X=2,Y=2) -> OK
[1669] RowUpdate WorldList.AthenaSupplyDropUtility.92.ItemDefinition=/ValidCandy/Gameplay/WID_Athena_ValidCandy.WID_Athena_ValidCandy -> OK
[1670] RowUpdate WorldList.AthenaSupplyDropUtility.93.Weight=0.150000 -> OK
[1671] RowUpdate WorldList.AthenaSupplyDropUtility.93.CountRange=(X=1,Y=1) -> OK
[1672] RowUpdate WorldList.AthenaSupplyDropUtility.93.ItemDefinition=/WinterDecay/Gameplay/WID_WinterDecay_Teleport.WID_WinterDecay_Teleport -> OK
[1673] RowUpdate WorldList.AthenaConsumables.90.Weight=0.050000 -> OK
[1674] RowUpdate WorldList.AthenaConsumables.90.CountRange=(X=1,Y=1) -> OK
[1675] RowUpdate WorldList.AthenaConsumables.90.ItemDefinition=/LemonExam/Gameplay/WID_Athena_LemonExam_SR.WID_Athena_LemonExam_SR -> OK
[1676] RowUpdate WorldList.AthenaConsumables.91.Weight=0.200000 -> OK
[1677] RowUpdate WorldList.AthenaConsumables.91.CountRange=(X=2,Y=2) -> OK
[1678] RowUpdate WorldList.AthenaConsumables.91.ItemDefinition=/PoliteDinner/Gameplay/WID_PoliteDinner.WID_PoliteDinner -> OK
[1679] RowUpdate WorldList.AthenaConsumables.92.Weight=0.200000 -> OK
[1680] RowUpdate WorldList.AthenaConsumables.92.CountRange=(X=2,Y=2) -> OK
[1681] RowUpdate WorldList.AthenaConsumables.92.ItemDefinition=/ValidCandy/Gameplay/WID_Athena_ValidCandy.WID_Athena_ValidCandy -> OK
[1682] RowUpdate WorldList.AthenaConsumables.93.Weight=0.100000 -> OK
[1683] RowUpdate WorldList.AthenaConsumables.93.CountRange=(X=1,Y=1) -> OK
[1684] RowUpdate WorldList.AthenaConsumables.93.ItemDefinition=/WinterDecay/Gameplay/WID_WinterDecay_Teleport.WID_WinterDecay_Teleport -> OK
[HOTFIX:SEASON4] Addrow(TableUpdate) なし -> スキップ
[HOTFIX:SEASON4] done: applied=48, deleted=0, skipped=0
[HOTFIX:SEASON5] target=/BlastBerryLoot/DataTables/DashBerry/DashBerryLootPackages
[HOTFIX:SEASON5] Addrow(TableUpdate) なし -> スキップ
[HOTFIX:SEASON5] done: applied=0, deleted=0, skipped=0
[WRITE] final -> E:\フォートナイト\Picture\Loot Pool\TEST4\New Loot\System Update\Reload\DashBerry\input\AthenaLootPackages_Client__final.json
[WRITE] per-input -> E:\フォートナイト\Picture\Loot Pool\TEST4\New Loot\System Update\Reload\DashBerry\input\BlastBerryLootPackages__final.json
[WRITE] per-input -> E:\フォートナイト\Picture\Loot Pool\TEST4\New Loot\System Update\Reload\DashBerry\input\AthenaLootPackages_Client_BlastBerryOverride__final.json
[WRITE] per-input -> E:\フォートナイト\Picture\Loot Pool\TEST4\New Loot\System Update\Reload\DashBerry\input\BlastBerry_AthenaLootPackages_Unranked__final.json
[WRITE] per-input -> E:\フォートナイト\Picture\Loot Pool\TEST4\New Loot\System Update\Reload\DashBerry\input\DashBerryLootPackages__final.json
2026-02-10 19:30:36 | INFO | hotfix start: E:\フォートナイト\Picture\Loot Pool\TEST4\New Loot\System Update\LootTier.py
2026-02-10 19:30:37 | INFO | hotfix lt stdout: [STEP1-2] merge e:\Fmodel\Exports\FortniteGame\Plugins\GameFeatures\BlastBerryLoot\Content\DataTables\BlastBerryTierData.json : replaced=1, added=60
[STEP1-3] merge e:\Fmodel\Exports\FortniteGame\Plugins\GameFeatures\BlastBerryLoot\Content\DataTables\AthenaLootTierData_Client_BlastBerryOverride.json : replaced=264, added=0
[HOTFIX:SEASON1] target=/Game/Items/Datatables/AthenaLootTierData_Client
[357] RowUpdate Loot_AthenaTreasure_04.Weight=0.050000 -> OK
[358] RowUpdate Loot_ApolloTreasure_Rare_04.Weight=0.150000 -> OK
[359] RowUpdate Loot_AthenaSupplyDrop_03.Weight=0.300000 -> OK
[HOTFIX:SEASON1] done: applied=3, deleted=0, skipped=0
[HOTFIX:SEASON2] target=/BlastBerryLoot/DataTables/BlastBerryTierData
[1447] RowUpdate Loot_AthenaTreasure_15.Weight=0.004800 -> OK
[1448] RowUpdate Loot_AthenaTreasure_16.Weight=0.003500 -> OK
[1449] RowUpdate Loot_AthenaTreasure_19.Weight=0.000000 -> OK
[1450] RowUpdate Loot_AthenaTreasure_20.Weight=0.000000 -> OK
[1451] RowUpdate Loot_AthenaTreasure_21.Weight=0.000050 -> OK
[1452] RowUpdate Loot_AthenaTreasure_22.Weight=0.000050 -> OK
[1453] RowUpdate Loot_AthenaTreasure_23.Weight=0.000050 -> OK
[1454] RowUpdate Loot_AthenaTreasure_24.Weight=0.000050 -> OK
[1455] RowUpdate Loot_AthenaTreasure_25.Weight=0.000050 -> OK
[1456] RowUpdate Loot_ApolloTreasure_Rare_15.Weight=0.008500 -> OK
[1457] RowUpdate Loot_ApolloTreasure_Rare_16.Weight=0.006500 -> OK
[1458] RowUpdate Loot_ApolloTreasure_Rare_19.Weight=0.000000 -> OK
[1459] RowUpdate Loot_ApolloTreasure_Rare_20.Weight=0.000000 -> OK
[1460] RowUpdate Loot_ApolloTreasure_Rare_21.Weight=0.000670 -> OK
[1461] RowUpdate Loot_ApolloTreasure_Rare_22.Weight=0.000670 -> OK
[1462] RowUpdate Loot_ApolloTreasure_Rare_23.Weight=0.000670 -> OK
[1463] RowUpdate Loot_ApolloTreasure_Rare_24.Weight=0.000670 -> OK
[1464] RowUpdate Loot_ApolloTreasure_Rare_25.Weight=0.000670 -> OK
[1465] RowUpdate Loot_AthenaSupplyDrop_15.Weight=0.006200 -> OK
[1466] RowUpdate Loot_AthenaSupplyDrop_16.Weight=0.003200 -> OK
[1467] RowUpdate Loot_AthenaSupplyDrop_17.Weight=0.002000 -> OK
[1468] RowUpdate Loot_AthenaSupplyDrop_19.Weight=0.000000 -> OK
[1469] RowUpdate Loot_AthenaSupplyDrop_20.Weight=0.000000 -> OK
[1470] RowUpdate Loot_AthenaSupplyDrop_21.Weight=0.000400 -> OK
[1471] RowUpdate Loot_AthenaSupplyDrop_22.Weight=0.000400 -> OK
[1472] RowUpdate Loot_AthenaSupplyDrop_23.Weight=0.000400 -> OK
[1473] RowUpdate Loot_AthenaSupplyDrop_24.Weight=0.000400 -> OK
[1474] RowUpdate Loot_AthenaSupplyDrop_25.Weight=0.000400 -> OK
[1475] RowUpdate Loot_BlastBerry_AthenaSupplyDrop_02.Weight=0.006200 -> OK
[1476] RowUpdate Loot_BlastBerry_AthenaSupplyDrop_03.Weight=0.003200 -> OK
[1477] RowUpdate Loot_BlastBerry_AthenaSupplyDrop_04.Weight=0.002000 -> OK
[1478] RowUpdate Loot_BlastBerry_AthenaSupplyDrop_06.Weight=0.000000 -> OK
[1479] RowUpdate Loot_BlastBerry_AthenaSupplyDrop_07.Weight=0.000000 -> OK
[1480] RowUpdate Loot_BlastBerry_AthenaSupplyDrop_08.Weight=0.000400 -> OK
[1481] RowUpdate Loot_BlastBerry_AthenaSupplyDrop_09.Weight=0.000400 -> OK
[1482] RowUpdate Loot_BlastBerry_AthenaSupplyDrop_10.Weight=0.000400 -> OK
[1483] RowUpdate Loot_BlastBerry_AthenaSupplyDrop_11.Weight=0.000400 -> OK
[1484] RowUpdate Loot_BlastBerry_AthenaSupplyDrop_12.Weight=0.000400 -> OK
[HOTFIX:SEASON2] done: applied=38, deleted=0, skipped=0
[HOTFIX:SEASON3] target=/BlastBerryLoot/DataTables/AthenaLootTierData_Client_BlastBerryOverride
[1408] RowUpdate Loot_AthenaCandyBucket_01.Weight=0.000000 -> OK
[HOTFIX:SEASON3] done: applied=1, deleted=0, skipped=0
[WRITE] final -> E:\フォートナイト\Picture\Loot Pool\TEST4\New Loot\System Update\Reload\DashBerry\input\AthenaLootTierData_Client__final.json
[WRITE] per-input -> E:\フォートナイト\Picture\Loot Pool\TEST4\New Loot\System Update\Reload\DashBerry\input\BlastBerryTierData__final.json
[WRITE] per-input -> E:\フォートナイト\Picture\Loot Pool\TEST4\New Loot\System Update\Reload\DashBerry\input\AthenaLootTierData_Client_BlastBerryOverride__final.json
2026-02-10 19:30:37 | INFO | ✓ Hotfix 適用完了 (1.58s)
2026-02-10 19:30:37 | INFO | load lt: E:\フォートナイト\Picture\Loot Pool\TEST4\New Loot\System Update\Reload\DashBerry\input\AthenaLootTierData_Client__final.json
2026-02-10 19:30:37 | INFO | load lp: E:\フォートナイト\Picture\Loot Pool\TEST4\New Loot\System Update\Reload\DashBerry\input\AthenaLootPackages_Client__final.json
2026-02-10 19:30:37 | INFO | load done (0.03s)
2026-02-10 19:30:37 | INFO | build summary start
2026-02-10 19:30:39 | INFO | build summary done (2.29s)
2026-02-10 19:30:39 | INFO | enrich summary with names start
2026-02-10 19:30:43 | INFO | enrich summary done (4.01s)
2026-02-10 19:30:43 | INFO | ✅ まとめJSONを作成: E:\フォートナイト\Picture\Loot Pool\TEST4\New Loot\System Update\Reload\DashBerry\output\summary\v39.30_2026-02-10_19-30.json
2026-02-10 19:30:43 | INFO | build BR_LootData start
2026-02-10 19:30:43 | INFO | build BR_LootData done (0.00s)
2026-02-10 19:30:43 | INFO | ✅ BR_LootData を作成: E:\フォートナイト\Picture\Loot Pool\TEST4\New Loot\System Update\戦利品データ\Reload\DashBerry\DashBerry_LootData_2026-02-10_19-30.json
2026-02-10 19:30:43 | INFO | ✅ Web LootPool を更新: E:\フォートナイト\Web\assets\data\Loot\DashBerry_LootPool.json
2026-02-10 19:30:43 | INFO | LootSummary start: E:\フォートナイト\Picture\Loot Pool\TEST4\New Loot\System Update\Reload\DashBerry\scripts\LootSummary.py
2026-02-10 19:30:43 | INFO | LootSummary stdout: 🔎 抽出用: 最新ファイル = E:\フォートナイト\Picture\Loot Pool\TEST4\New Loot\System Update\Reload\DashBerry\output\summary\v39.30_2026-02-10_19-30.json
✅ 抽出件数: 175
💾 保存: E:\フォートナイト\Picture\Loot Pool\TEST4\New Loot\System Update\Reload\DashBerry\input\items_unique_min.json
🔎 比較用: base   = E:\フォートナイト\Picture\Loot Pool\TEST4\New Loot\System Update\Reload\DashBerry\output\summary\v39.30_2026-02-10_11-47.json
🔎 比較用: target = E:\フォートナイト\Picture\Loot Pool\TEST4\New Loot\System Update\Reload\DashBerry\output\summary\v39.30_2026-02-10_19-30.json
✅ 差分作成 完了
  追加   : 10 / 削除 : 11 / 変更 : 0 / 変化なし : 165
💾 差分: E:\フォートナイト\Picture\Loot Pool\TEST4\New Loot\System Update\Reload\DashBerry\output\history\BR_20260210_1930\items_unique_min_diff.json
2026-02-10 19:30:43 | WARNING | LootSummary stderr: E:\フォートナイト\Picture\Loot Pool\TEST4\New Loot\System Update\Reload\DashBerry\scripts\LootSummary.py:2: SyntaxWarning: invalid escape sequence '\B'
  """
2026-02-10 19:30:43 | INFO | ✅ LootSummary 実行完了（抽出→比較） (0.22s)
2026-02-10 19:30:43 | INFO | prewarm start
2026-02-10 19:31:30 | INFO | ✅ アイコンキャッシュ プリウォーム完了 (46.90s)
2026-02-10 19:31:30 | INFO | 画像化タスク数: 175
2026-02-10 19:31:31 | INFO | 画像生成 進捗: 1/175
2026-02-10 19:31:33 | INFO | 画像生成 進捗: 50/175
2026-02-10 19:31:35 | INFO | 画像生成 進捗: 100/175
2026-02-10 19:31:37 | INFO | 画像生成 進捗: 150/175
2026-02-10 19:31:38 | INFO | 画像生成 進捗: 175/175
2026-02-10 19:31:38 | INFO | ✅ 画像生成 完了（MinListベース）
2026-02-10 19:31:38 | WARNING | Loot diff に失敗: Traceback (most recent call last):
  File "e:\フォートナイト\Picture\Loot Pool\TEST4\New Loot\System Update\Reload\DashBerry\pipeline.py", line 241, in main
    diff_result = run_latest_diff(PROFILE_NAME)
                  ^^^^^^^^^^^^^^^^^^^^^^^^^^^^^
  File "E:\フォートナイト\Picture\Loot Pool\TEST4\New Loot\System Update\diff_loot_auto.py", line 64, in run_latest_diff
    raise FileNotFoundError(f"Folder not found: {folder}")
FileNotFoundError: Folder not found: E:\フォートナイト\Picture\Loot Pool\TEST4\New Loot\System Update\戦利品データ\DashBerry
2026-02-10 19:31:38 | INFO | ℹ️ BR_Discord が見つかりません: E:\フォートナイト\Picture\Loot Pool\TEST4\New Loot\System Update\Reload\DashBerry\scripts\BR_Discor.py
2026-02-10 19:31:38 | INFO | git add: E:\フォートナイト\Picture\Loot Pool\TEST4\New Loot
2026-02-10 19:31:45 | INFO | git commit stdout: [main 48e97b3] DashBerry update 2026-02-10 19:31:42
 238 files changed, 2175773 insertions(+)
 create mode 100644 System Update/Reload/DashBerry/__pycache__/config.cpython-312.pyc
 create mode 100644 System Update/Reload/DashBerry/__pycache__/config.cpython-312.pyc.2182211934640
 create mode 100644 System Update/Reload/DashBerry/__pycache__/config.cpython-312.pyc.2601654842064
 create mode 100644 System Update/Reload/DashBerry/__pycache__/pipeline.cpython-312.pyc.2601651062512
 create mode 100644 System Update/Reload/DashBerry/config.py
 create mode 100644 System Update/Reload/DashBerry/input/AthenaLootPackages_Client_BlastBerryOverride__final.json
 create mode 100644 System Update/Reload/DashBerry/input/AthenaLootPackages_Client__final.json
 create mode 100644 System Update/Reload/DashBerry/input/AthenaLootTierData_Client_BlastBerryOverride__final.json
 create mode 100644 System Update/Reload/DashBerry/input/AthenaLootTierData_Client__final.json
 create mode 100644 System Update/Reload/DashBerry/input/BlastBerryLootPackages__final.json
 create mode 100644 System Update/Reload/DashBerry/input/BlastBerryTierData__final.json
 create mode 100644 System Update/Reload/DashBerry/input/BlastBerry_AthenaLootPackages_Unranked__final.json
 create mode 100644 System Update/Reload/DashBerry/input/DashBerryLootPackages__final.json
 create mode 100644 System Update/Reload/DashBerry/input/PiperBootLootPackages__final.json
 create mode 100644 System Update/Reload/DashBerry/input/items_unique_min.json
 create mode 100644 System Update/Reload/DashBerry/output/history/BR_20260210_1930/items_unique_min_diff.json
 create mode 100644 System Update/Reload/DashBerry/output/logs/pipeline_2026-02-10_11-46-29.log
 create mode 100644 System Update/Reload/DashBerry/output/logs/pipeline_2026-02-10_11-47-39.log
 create mode 100644 System Update/Reload/DashBerry/output/logs/pipeline_2026-02-10_19-30-35.log
 create mode 100644 System Update/Reload/DashBerry/output/summary/v39.30_2026-02-10_11-47.json
 create mode 100644 System Update/Reload/DashBerry/output/summary/v39.30_2026-02-10_19-30.json
 create mode 100644 System Update/Reload/DashBerry/pipeline.py
 create mode 100644 System Update/Reload/DashBerry/scripts/LootSummary.py
 create mode 100644 System Update/Reload/PunchBerry/__pycache__/config.cpython-312.pyc
 create mode 100644 System Update/Reload/PunchBerry/__pycache__/config.cpython-312.pyc.2182211934640
 create mode 100644 System Update/Reload/PunchBerry/__pycache__/config.cpython-312.pyc.2601654842064
 create mode 100644 System Update/Reload/PunchBerry/__pycache__/pipeline.cpython-312.pyc.2601651062512
 create mode 100644 System Update/Reload/PunchBerry/config.py
 create mode 100644 System Update/Reload/PunchBerry/input/AthenaLootPackages_Client_BlastBerryOverride__final.json
 create mode 100644 System Update/Reload/PunchBerry/input/AthenaLootPackages_Client__final.json
 create mode 100644 System Update/Reload/PunchBerry/input/AthenaLootTierData_Client_BlastBerryOverride__final.json
 create mode 100644 System Update/Reload/PunchBerry/input/AthenaLootTierData_Client__final.json
 create mode 100644 System Update/Reload/PunchBerry/input/BlastBerryLootPackages__final.json
 create mode 100644 System Update/Reload/PunchBerry/input/BlastBerryTierData__final.json
 create mode 100644 System Update/Reload/PunchBerry/input/BlastBerry_AthenaLootPackages_Unranked__final.json
 create mode 100644 System Update/Reload/PunchBerry/input/PiperBootLootPackages__final.json
 create mode 100644 System Update/Reload/PunchBerry/input/items_unique_min.json
 create mode 100644 System Update/Reload/PunchBerry/output/logs/pipeline_2026-02-10_11-46-29.log
 create mode 100644 System Update/Reload/PunchBerry/output/logs/pipeline_2026-02-10_11-47-39.log
 create mode 100644 System Update/Reload/PunchBerry/output/summary/v39.30_2026-02-10_11-47.json
 create mode 100644 System Update/Reload/PunchBerry/pipeline.py
 create mode 100644 System Update/Reload/PunchBerry/scripts/LootSummary.py
 create mode 100644 System Update/Reload/Sunflower/__pycache__/config.cpython-312.pyc
 create mode 100644 System Update/Reload/Sunflower/__pycache__/config.cpython-312.pyc.2182211934640
 create mode 100644 System Update/Reload/Sunflower/__pycache__/config.cpython-312.pyc.2601654842064
 create mode 100644 System Update/Reload/Sunflower/__pycache__/pipeline.cpython-312.pyc.2601651062512
 create mode 100644 System Update/Reload/Sunflower/config.py
 create mode 100644 System Update/Reload/Sunflower/input/AthenaLootPackages_Client_BlastBerryOverride__final.json
 create mode 100644 System Update/Reload/Sunflower/input/AthenaLootPackages_Client__final.json
 create mode 100644 System Update/Reload/Sunflower/input/AthenaLootTierData_Client_BlastBerryOverride__final.json
 create mode 100644 System Update/Reload/Sunflower/input/AthenaLootTierData_Client__final.json
 create mode 100644 System Update/Reload/Sunflower/input/BlastBerryLootPackages__final.json
 create mode 100644 System Update/Reload/Sunflower/input/BlastBerryTierData__final.json
 create mode 100644 System Update/Reload/Sunflower/input/BlastBerry_AthenaLootPackages_Unranked__final.json
 create mode 100644 System Update/Reload/Sunflower/input/PiperBootLootPackages__final.json
 create mode 100644 System Update/Reload/Sunflower/input/items_unique_min.json
 create mode 100644 System Update/Reload/Sunflower/output/logs/pipeline_2026-02-10_11-46-29.log
 create mode 100644 System Update/Reload/Sunflower/output/logs/pipeline_2026-02-10_11-47-39.log
 create mode 100644 System Update/Reload/Sunflower/output/summary/v39.30_2026-02-10_11-47.json
 create mode 100644 System Update/Reload/Sunflower/pipeline.py
 create mode 100644 System Update/Reload/Sunflower/scripts/LootSummary.py
 create mode 100644 "System Update/shared/images/DashBerry/O.X.R.\343\203\251\343\202\244\343\203\225\343\203\253 - \343\203\206\343\202\243\343\202\2427.png"
 create mode 100644 "System Update/shared/images/DashBerry/\343\202\242\343\202\265\343\203\253\343\203\210\343\203\251\343\202\244\343\203\225\343\203\253   - \343\203\206\343\202\243\343\202\2421.png"
 create mode 100644 "System Update/shared/images/DashBerry/\343\202\242\343\203\263\343\202\271\343\203\206\343\203\274\343\203\226\343\203\253 \343\202\265\343\203\263\343\203\200\343\203\274\343\202\257\343\203\251\343\203\203\343\203\227DMR - \343\203\206\343\202\243\343\202\2426.png"
 create mode 100644 "System Update/shared/images/DashBerry/\343\202\242\343\203\263\343\202\271\343\203\206\343\203\274\343\203\226\343\203\253 \343\203\225\343\203\255\343\202\271\343\203\210\343\203\225\343\202\241\343\202\244\343\202\242\343\203\273\343\202\267\343\203\247\343\203\203\343\203\210\343\202\254\343\203\263 - \343\203\206\343\202\243\343\202\2426.png"
 create mode 100644 "System Update/shared/images/DashBerry/\343\202\242\343\203\263\343\202\271\343\203\206\343\203\274\343\203\226\343\203\253 \343\203\250\343\202\244\343\203\263\343\202\257\343\203\273\343\202\267\343\203\247\343\203\203\343\203\210\343\202\254\343\203\263 - \343\203\206\343\202\243\343\202\2426.png"
 create mode 100644 "System Update/shared/images/DashBerry/\343\202\250\343\203\251\343\203\207\343\202\243\343\202\261\343\203\274\343\202\277\343\203\274 O.X.R.\343\203\251\343\202\244\343\203\225\343\203\253 - \343\203\206\343\202\243\343\202\2426.png"
 create mode 100644 "System Update/shared/images/DashBerry/\343\202\250\343\203\251\343\203\207\343\202\243\343\202\261\343\203\274\343\202\277\343\203\274 \343\202\267\343\203\243\343\203\211\343\203\274\343\203\273\343\203\227\343\203\254\343\202\267\343\202\270\343\203\247\343\203\263SMG - \343\203\206\343\202\243\343\202\2426.png"
 create mode 100644 "System Update/shared/images/DashBerry/\343\202\250\343\203\251\343\203\207\343\202\243\343\202\261\343\203\274\343\202\277\343\203\274 \343\202\267\343\203\247\343\203\203\343\202\257&\343\202\271\343\203\255\343\203\274\343\203\273\343\202\267\343\203\247\343\203\203\343\202\257\343\202\246\343\202\247\343\203\274\343\203\226\343\203\251\343\203\263\343\203\201\343\203\243\343\203\274 - \343\203\206\343\202\243\343\202\2426.png"
 create mode 100644 "System Update/shared/images/DashBerry/\343\202\250\343\203\251\343\203\207\343\202\243\343\202\261\343\203\274\343\202\277\343\203\274 \343\203\233\343\203\203\343\203\227\343\203\255\343\203\203\343\202\257\343\203\273\343\203\225\343\203\245\343\203\274\343\203\252\343\203\274 \343\202\242\343\202\265\343\203\253\343\203\210\343\203\251\343\202\244\343\203\225\343\203\253 - \343\203\206\343\202\243\343\202\2426.png"
 create mode 100644 "System Update/shared/images/DashBerry/\343\202\250\343\203\251\343\203\207\343\202\243\343\202\261\343\203\274\343\202\277\343\203\274 \343\203\236\343\203\274\343\202\257\343\202\271\343\203\236\343\203\263\343\203\273\343\203\254\343\203\203\343\202\253\343\203\274\343\203\252\343\203\234\343\203\253\343\203\220\343\203\274 - \343\203\206\343\202\243\343\202\2426.png"
 create mode 100644 "System Update/shared/images/DashBerry/\343\202\250\343\203\263\343\203\217\343\203\263\343\202\271\343\203\211 \343\202\244\343\203\263\343\203\225\343\202\243\343\203\253\343\203\210\343\203\254\343\203\274\343\202\277\343\203\274 \343\203\235\343\203\263\343\203\227\343\202\267\343\203\247\343\203\203\343\203\210\343\202\254\343\203\263 - \343\203\206\343\202\243\343\202\2427.png"
 create mode 100644 "System Update/shared/images/DashBerry/\343\202\250\343\203\263\343\203\217\343\203\263\343\202\271\343\203\211 \343\203\217\343\203\263\343\203\211\343\202\255\343\203\243\343\203\216\343\203\263 - \343\203\206\343\202\243\343\202\2427.png"
 create mode 100644 "System Update/shared/images/DashBerry/\343\202\250\343\203\263\343\203\217\343\203\263\343\202\271\343\203\211\343\203\217\343\203\234\343\203\203\343\202\257\343\202\267\343\203\247\343\203\203\343\203\210\343\202\254\343\203\263 - \343\203\206\343\202\243\343\202\2427.png"
 create mode 100644 "System Update/shared/images/DashBerry/\343\202\250\343\203\263\343\203\217\343\203\263\343\202\271\343\203\211\343\203\273\343\202\263\343\203\251\343\203\206\343\203\251\343\203\253\343\203\200\343\203\241\343\203\274\343\202\270 \343\202\242\343\202\265\343\203\253\343\203\210\343\203\251\343\202\244\343\203\225\343\203\253 - \343\203\206\343\202\243\343\202\2427.png"
 create mode 100644 "System Update/shared/images/DashBerry/\343\202\250\343\203\263\343\203\225\343\202\251\343\203\274\343\202\265\343\203\274 \343\202\242\343\202\265\343\203\253\343\203\210\343\203\251\343\202\244\343\203\225\343\203\253 - \343\203\206\343\202\243\343\202\2422.png"
 create mode 100644 "System Update/shared/images/DashBerry/\343\202\250\343\203\263\343\203\225\343\202\251\343\203\274\343\202\265\343\203\274 \343\202\242\343\202\265\343\203\253\343\203\210\343\203\251\343\202\244\343\203\225\343\203\253 - \343\203\206\343\202\243\343\202\2423.png"
 create mode 100644 "System Update/shared/images/DashBerry/\343\202\250\343\203\263\343\203\225\343\202\251\343\203\274\343\202\265\343\203\274 \343\202\242\343\202\265\343\203\253\343\203\210\343\203\251\343\202\244\343\203\225\343\203\253 - \343\203\206\343\202\243\343\202\2424.png"
 create mode 100644 "System Update/shared/images/DashBerry/\343\202\250\343\203\263\343\203\225\343\202\251\343\203\274\343\202\265\343\203\274 \343\202\242\343\202\265\343\203\253\343\203\210\343\203\251\343\202\244\343\203\225\343\203\253 - \343\203\206\343\202\243\343\202\2425.png"
 create mode 100644 "System Update/shared/images/DashBerry/\343\202\252\343\202\271\343\202\253\343\203\274\343\201\256\343\203\225\343\203\254\343\203\263\343\202\270\343\203\274 \343\202\252\343\203\274\343\203\210\343\202\267\343\203\247\343\203\203\343\203\210\343\202\254\343\203\263 - \343\203\206\343\202\243\343\202\2427.png"
 create mode 100644 "System Update/shared/images/DashBerry/\343\202\252\343\203\274\343\203\220\343\203\274\343\202\257\343\203\255\343\203\203\343\202\257\343\203\221\343\203\253\343\202\271\343\203\251\343\202\244\343\203\225\343\203\253 - \343\203\206\343\202\243\343\202\2427.png"
 create mode 100644 "System Update/shared/images/DashBerry/\343\202\255\343\203\203\343\203\210\343\201\256\343\202\267\343\203\247\343\203\203\343\202\257\343\202\246\343\202\247\343\203\274\343\203\226\343\203\251\343\203\263\343\203\201\343\203\243\343\203\274 - \343\203\206\343\202\243\343\202\2427.png"
 create mode 100644 "System Update/shared/images/DashBerry/\343\202\255\343\203\243\343\203\231\343\203\204 - \343\203\206\343\202\243\343\202\2421.png"
 create mode 100644 "System Update/shared/images/DashBerry/\343\202\257\343\203\251\343\203\203\343\202\267\343\203\245\343\203\221\343\203\203\343\203\211Jr. - \343\203\206\343\202\243\343\202\2422.png"
 create mode 100644 "System Update/shared/images/DashBerry/\343\202\260\343\203\251\343\203\203\343\203\227\343\203\251\343\203\274 - \343\203\206\343\202\243\343\202\2424.png"
 create mode 100644 "System Update/shared/images/DashBerry/\343\202\260\343\203\254\343\203\215\343\203\274\343\203\211\343\203\251\343\203\263\343\203\201\343\203\243\343\203\274   - \343\203\206\343\202\243\343\202\2423.png"
 create mode 100644 "System Update/shared/images/DashBerry/\343\202\260\343\203\254\343\203\215\343\203\274\343\203\211\343\203\251\343\203\263\343\203\201\343\203\243\343\203\274   - \343\203\206\343\202\243\343\202\2424.png"
 create mode 100644 "System Update/shared/images/DashBerry/\343\202\260\343\203\254\343\203\215\343\203\274\343\203\211\343\203\251\343\203\263\343\203\201\343\203\243\343\203\274   - \343\203\206\343\202\243\343\202\2425.png"
 create mode 100644 "System Update/shared/images/DashBerry/\343\202\263\343\202\263\343\203\212\343\203\203\343\203\204 - \343\203\206\343\202\243\343\202\2421.png"
 create mode 100644 "System Update/shared/images/DashBerry/\343\202\263\343\203\253\343\201\256\343\203\207\343\203\203\343\203\211\343\202\242\343\202\244DMR - \343\203\206\343\202\243\343\202\2427.png"
 create mode 100644 "System Update/shared/images/DashBerry/\343\202\263\343\203\274\343\203\263 - \343\203\206\343\202\243\343\202\2421.png"
 create mode 100644 "System Update/shared/images/DashBerry/\343\202\264\343\203\274\343\203\253\343\203\211 - \343\203\206\343\202\243\343\202\2421.png"
 create mode 100644 "System Update/shared/images/DashBerry/\343\202\265\343\202\244\343\203\254\343\203\263\343\202\265\343\203\274\344\273\230\343\201\215\343\203\224\343\202\271\343\203\210\343\203\253 - \343\203\206\343\202\243\343\202\2421.png"
 create mode 100644 "System Update/shared/images/DashBerry/\343\202\265\343\202\244\343\203\254\343\203\263\343\202\265\343\203\274\344\273\230\343\201\215\343\203\224\343\202\271\343\203\210\343\203\253 - \343\203\206\343\202\243\343\202\2422.png"
 create mode 100644 "System Update/shared/images/DashBerry/\343\202\265\343\202\244\343\203\254\343\203\263\343\202\265\343\203\274\344\273\230\343\201\215\343\203\224\343\202\271\343\203\210\343\203\253 - \343\203\206\343\202\243\343\202\2423.png"
 create mode 100644 "System Update/shared/images/DashBerry/\343\202\265\343\202\244\343\203\254\343\203\263\343\202\265\343\203\274\344\273\230\343\201\215\343\203\224\343\202\271\343\203\210\343\203\253 - \343\203\206\343\202\243\343\202\2424.png"
 create mode 100644 "System Update/shared/images/DashBerry/\343\202\265\343\202\244\343\203\254\343\203\263\343\202\265\343\203\274\344\273\230\343\201\215\343\203\224\343\202\271\343\203\210\343\203\253 - \343\203\206\343\202\243\343\202\2425.png"
 create mode 100644 "System Update/shared/images/DashBerry/\343\202\267\343\203\247\343\203\203\343\202\257\343\202\246\343\202\247\343\203\274\343\203\226\343\202\260\343\203\254\343\203\215\343\203\274\343\203\211 - \343\203\206\343\202\243\343\202\2424.png"
 create mode 100644 "System Update/shared/images/DashBerry/\343\202\267\343\203\274\343\203\253\343\203\211\343\202\255\343\203\216\343\202\263 - \343\203\206\343\202\243\343\202\2421.png"
 create mode 100644 "System Update/shared/images/DashBerry/\343\202\267\343\203\274\343\203\253\343\203\211\343\203\225\343\202\243\343\203\203\343\202\267\343\203\245 - \343\203\206\343\202\243\343\202\2423.png"
 create mode 100644 "System Update/shared/images/DashBerry/\343\202\267\343\203\274\343\203\253\343\203\211\343\203\235\343\203\274\343\202\267\343\203\247\343\203\263 - \343\203\206\343\202\243\343\202\2423.png"
 create mode 100644 "System Update/shared/images/DashBerry/\343\202\271\343\202\244\343\203\274\343\203\221\343\203\274\343\202\267\343\203\247\343\203\203\343\203\210\343\202\254\343\203\263 - \343\203\206\343\202\243\343\202\2427.png"
 create mode 100644 "System Update/shared/images/DashBerry/\343\202\271\343\203\210\343\203\251\343\202\244\343\202\253\343\203\274\343\203\220\343\203\274\343\202\271\343\203\210\343\203\251\343\202\244\343\203\225\343\203\253 - \343\203\206\343\202\243\343\202\2421.png"
 create mode 100644 "System Update/shared/images/DashBerry/\343\202\271\343\203\210\343\203\251\343\202\244\343\202\253\343\203\274\343\203\220\343\203\274\343\202\271\343\203\210\343\203\251\343\202\244\343\203\225\343\203\253 - \343\203\206\343\202\243\343\202\2422.png"
 create mode 100644 "System Update/shared/images/DashBerry/\343\202\271\343\203\210\343\203\251\343\202\244\343\202\253\343\203\274\343\203\220\343\203\274\343\202\271\343\203\210\343\203\251\343\202\244\343\203\225\343\203\253 - \343\203\206\343\202\243\343\202\2423.png"
 create mode 100644 "System Update/shared/images/DashBerry/\343\202\271\343\203\210\343\203\251\343\202\244\343\202\253\343\203\274\343\203\220\343\203\274\343\202\271\343\203\210\343\203\251\343\202\244\343\203\225\343\203\253 - \343\203\206\343\202\243\343\202\2425.png"
 create mode 100644 "System Update/shared/images/DashBerry/\343\202\271\343\203\242\343\203\274\343\203\253\343\203\225\343\202\243\343\203\203\343\202\267\343\203\245 - \343\203\206\343\202\243\343\202\2421.png"
 create mode 100644 "System Update/shared/images/DashBerry/\343\202\271\343\203\251\343\203\203\343\203\227\343\202\270\343\203\245\343\203\274\343\202\271 - \343\203\206\343\202\243\343\202\2423.png"
 create mode 100644 "System Update/shared/images/DashBerry/\343\202\271\343\203\251\343\203\203\343\203\227\343\203\231\343\203\252\343\203\274 - \343\203\206\343\202\243\343\202\2422.png"
 create mode 100644 "System Update/shared/images/DashBerry/\343\202\271\343\203\251\343\203\203\343\203\227\343\203\231\343\203\252\343\203\274\343\203\273\343\203\225\343\202\243\343\202\272(\343\202\250\343\202\255\343\202\276\343\203\201\343\203\203\343\202\257) - \343\203\206\343\202\243\343\202\2426.png"
 create mode 100644 "System Update/shared/images/DashBerry/\343\202\271\343\203\251\343\203\203\343\203\227\343\203\273\343\202\271\343\203\227\343\203\251\343\203\203\343\202\267\343\203\245 - \343\203\206\343\202\243\343\202\2423.png"
 create mode 100644 "System Update/shared/images/DashBerry/\343\202\271\343\203\251\343\203\274\343\203\227\343\202\255\343\203\216\343\202\263 - \343\203\206\343\202\243\343\202\2421.png"
 create mode 100644 "System Update/shared/images/DashBerry/\343\202\271\343\203\251\343\203\274\343\203\227\343\202\270\343\203\245\343\203\274\343\202\271 - \343\203\206\343\202\243\343\202\2424.png"
 create mode 100644 "System Update/shared/images/DashBerry/\343\202\271\343\203\251\343\203\274\343\203\227\343\202\270\343\203\245\343\203\274\343\202\271 - \343\203\206\343\202\243\343\202\2425.png"
 create mode 100644 "System Update/shared/images/DashBerry/\343\202\271\343\203\274\343\203\221\343\203\274\343\202\270\343\203\243\343\203\263\343\203\227\343\203\221\343\203\203\343\203\211 - \343\203\206\343\202\243\343\202\2424.png"
 create mode 100644 "System Update/shared/images/DashBerry/\343\202\273\343\203\263\343\203\201\343\203\215\343\203\253 \343\203\235\343\203\263\343\203\227\343\202\267\343\203\247\343\203\203\343\203\210\343\202\254\343\203\263 - \343\203\206\343\202\243\343\202\2421.png"
 create mode 100644 "System Update/shared/images/DashBerry/\343\202\273\343\203\263\343\203\201\343\203\215\343\203\253 \343\203\235\343\203\263\343\203\227\343\202\267\343\203\247\343\203\203\343\203\210\343\202\254\343\203\263 - \343\203\206\343\202\243\343\202\2422.png"
 create mode 100644 "System Update/shared/images/DashBerry/\343\202\273\343\203\263\343\203\201\343\203\215\343\203\253 \343\203\235\343\203\263\343\203\227\343\202\267\343\203\247\343\203\203\343\203\210\343\202\254\343\203\263 - \343\203\206\343\202\243\343\202\2423.png"
 create mode 100644 "System Update/shared/images/DashBerry/\343\202\273\343\203\263\343\203\201\343\203\215\343\203\253 \343\203\235\343\203\263\343\203\227\343\202\267\343\203\247\343\203\203\343\203\210\343\202\254\343\203\263 - \343\203\206\343\202\243\343\202\2424.png"
 create mode 100644 "System Update/shared/images/DashBerry/\343\202\273\343\203\263\343\203\201\343\203\215\343\203\253 \343\203\235\343\203\263\343\203\227\343\202\267\343\203\247\343\203\203\343\203\210\343\202\254\343\203\263 - \343\203\206\343\202\243\343\202\2425.png"
 create mode 100644 "System Update/shared/images/DashBerry/\343\202\276\343\203\274\343\202\244\343\201\256\343\203\220\343\203\226\343\203\253\343\202\267\343\203\274\343\203\253\343\203\211 - \343\203\206\343\202\243\343\202\2425.png"
 create mode 100644 "System Update/shared/images/DashBerry/\343\202\277\343\202\257\343\203\206\343\202\243\343\202\253\343\203\253\343\203\224\343\202\271\343\203\210\343\203\253 - \343\203\206\343\202\243\343\202\2422.png"
 create mode 100644 "System Update/shared/images/DashBerry/\343\202\277\343\202\257\343\203\206\343\202\243\343\202\253\343\203\253\343\203\224\343\202\271\343\203\210\343\203\253 - \343\203\206\343\202\243\343\202\2423.png"
 create mode 100644 "System Update/shared/images/DashBerry/\343\202\277\343\202\257\343\203\206\343\202\243\343\202\253\343\203\253\343\203\224\343\202\271\343\203\210\343\203\253 - \343\203\206\343\202\243\343\202\2424.png"
 create mode 100644 "System Update/shared/images/DashBerry/\343\203\200\343\203\226\343\203\253 - \343\203\206\343\202\243\343\202\2426.png"
 create mode 100644 "System Update/shared/images/DashBerry/\343\203\201\343\203\243\343\202\260\343\202\255\343\203\243\343\203\216\343\203\263 - \343\203\206\343\202\243\343\202\2426.png"
 create mode 100644 "System Update/shared/images/DashBerry/\343\203\201\343\203\243\343\202\260\343\202\271\343\203\227\343\203\251\343\203\203\343\202\267\343\203\245 - \343\203\206\343\202\243\343\202\2423.png"
 create mode 100644 "System Update/shared/images/DashBerry/\343\203\201\343\203\243\343\203\274\343\202\270\343\202\267\343\203\247\343\203\203\343\203\210\343\202\254\343\203\263 - \343\203\206\343\202\243\343\202\2421.png"
 create mode 100644 "System Update/shared/images/DashBerry/\343\203\201\343\203\243\343\203\274\343\202\270\343\202\267\343\203\247\343\203\203\343\203\210\343\202\254\343\203\263 - \343\203\206\343\202\243\343\202\2422.png"
 create mode 100644 "System Update/shared/images/DashBerry/\343\203\201\343\203\243\343\203\274\343\202\270\343\202\267\343\203\247\343\203\203\343\203\210\343\202\254\343\203\263 - \343\203\206\343\202\243\343\202\2423.png"
 create mode 100644 "System Update/shared/images/DashBerry/\343\203\201\343\203\243\343\203\274\343\202\270\343\202\267\343\203\247\343\203\203\343\203\210\343\202\254\343\203\263 - \343\203\206\343\202\243\343\202\2424.png"
 create mode 100644 "System Update/shared/images/DashBerry/\343\203\201\343\203\243\343\203\274\343\202\270\343\202\267\343\203\247\343\203\203\343\203\210\343\202\254\343\203\263 - \343\203\206\343\202\243\343\202\2425.png"
 create mode 100644 "System Update/shared/images/DashBerry/\343\203\204\343\202\244\343\203\263\343\203\225\343\202\241\343\202\244\343\202\242 \343\202\252\343\203\274\343\203\210\343\202\267\343\203\247\343\203\203\343\203\210\343\202\254\343\203\263 - \343\203\206\343\202\243\343\202\2422.png"
 create mode 100644 "System Update/shared/images/DashBerry/\343\203\204\343\202\244\343\203\263\343\203\225\343\202\241\343\202\244\343\202\242 \343\202\252\343\203\274\343\203\210\343\202\267\343\203\247\343\203\203\343\203\210\343\202\254\343\203\263 - \343\203\206\343\202\243\343\202\2423.png"
 create mode 100644 "System Update/shared/images/DashBerry/\343\203\204\343\202\244\343\203\263\343\203\225\343\202\241\343\202\244\343\202\242 \343\202\252\343\203\274\343\203\210\343\202\267\343\203\247\343\203\203\343\203\210\343\202\254\343\203\263 - \343\203\206\343\202\243\343\202\2424.png"
 create mode 100644 "System Update/shared/images/DashBerry/\343\203\204\343\202\244\343\203\263\343\203\225\343\202\241\343\202\244\343\202\242 \343\202\252\343\203\274\343\203\210\343\202\267\343\203\247\343\203\203\343\203\210\343\202\254\343\203\263 - \343\203\206\343\202\243\343\202\2425.png"
 create mode 100644 "System Update/shared/images/DashBerry/\343\203\204\343\202\244\343\203\263\343\203\236\343\202\260 \343\202\265\343\203\226\343\203\236\343\202\267\343\203\263\343\202\254\343\203\263 - \343\203\206\343\202\243\343\202\2422.png"
 create mode 100644 "System Update/shared/images/DashBerry/\343\203\204\343\202\244\343\203\263\343\203\236\343\202\260 \343\202\265\343\203\226\343\203\236\343\202\267\343\203\263\343\202\254\343\203\263 - \343\203\206\343\202\243\343\202\2423.png"
 create mode 100644 "System Update/shared/images/DashBerry/\343\203\204\343\202\244\343\203\263\343\203\236\343\202\260 \343\202\265\343\203\226\343\203\236\343\202\267\343\203\263\343\202\254\343\203\263 - \343\203\206\343\202\243\343\202\2424.png"
 create mode 100644 "System Update/shared/images/DashBerry/\343\203\204\343\202\244\343\203\263\343\203\236\343\202\260 \343\202\265\343\203\226\343\203\236\343\202\267\343\203\263\343\202\254\343\203\263 - \343\203\206\343\202\243\343\202\2425.png"
 create mode 100644 "System Update/shared/images/DashBerry/\343\203\207\343\203\203\343\203\211\343\202\242\343\202\244DMR - \343\203\206\343\202\243\343\202\2422.png"
 create mode 100644 "System Update/shared/images/DashBerry/\343\203\207\343\203\203\343\203\211\343\202\242\343\202\244DMR - \343\203\206\343\202\243\343\202\2423.png"
 create mode 100644 "System Update/shared/images/DashBerry/\343\203\207\343\203\203\343\203\211\343\202\242\343\202\244DMR - \343\203\206\343\202\243\343\202\2424.png"
 create mode 100644 "System Update/shared/images/DashBerry/\343\203\207\343\203\203\343\203\211\343\202\242\343\202\244DMR - \343\203\206\343\202\243\343\202\2425.png"
 create mode 100644 "System Update/shared/images/DashBerry/\343\203\207\343\203\245\343\202\242\343\203\253\343\203\224\343\202\271\343\203\210\343\203\253 - \343\203\206\343\202\243\343\202\2423.png"
 create mode 100644 "System Update/shared/images/DashBerry/\343\203\207\343\203\245\343\202\242\343\203\253\343\203\224\343\202\271\343\203\210\343\203\253 - \343\203\206\343\202\243\343\202\2424.png"
 create mode 100644 "System Update/shared/images/DashBerry/\343\203\210\343\203\251\343\201\256\343\203\206\343\203\254\343\203\235\343\203\274\343\203\210\343\201\256\344\273\256\351\235\242 - \343\203\206\343\202\243\343\202\2424.png"
 create mode 100644 "System Update/shared/images/DashBerry/\343\203\210\343\203\251\343\203\226\343\203\253 - \343\203\206\343\202\243\343\202\2426.png"
 create mode 100644 "System Update/shared/images/DashBerry/\343\203\211\343\203\251\343\203\240\343\202\254\343\203\263 - \343\203\206\343\202\243\343\202\2423.png"
 create mode 100644 "System Update/shared/images/DashBerry/\343\203\211\343\203\251\343\203\240\343\202\254\343\203\263 - \343\203\206\343\202\243\343\202\2424.png"
 create mode 100644 "System Update/shared/images/DashBerry/\343\203\211\343\203\251\343\203\240\343\202\254\343\203\263 - \343\203\206\343\202\243\343\202\2425.png"
 create mode 100644 "System Update/shared/images/DashBerry/\343\203\213\343\203\274\343\202\267\343\203\243\343\201\256\343\202\271\343\203\210\343\203\251\343\202\244\343\202\253\343\203\274 \343\202\242\343\202\265\343\203\253\343\203\210\343\203\251\343\202\244\343\203\225\343\203\253 - \343\203\206\343\202\243\343\202\2427.png"
 create mode 100644 "System Update/shared/images/DashBerry/\343\203\217\343\202\244\343\203\221\343\203\274\343\203\220\343\203\274\343\202\271\343\203\210\343\203\273\343\203\224\343\202\271\343\203\210\343\203\253 - \343\203\206\343\202\243\343\202\2421.png"
 create mode 100644 "System Update/shared/images/DashBerry/\343\203\217\343\202\244\343\203\221\343\203\274\343\203\220\343\203\274\343\202\271\343\203\210\343\203\273\343\203\224\343\202\271\343\203\210\343\203\253 - \343\203\206\343\202\243\343\202\2422.png"
 create mode 100644 "System Update/shared/images/DashBerry/\343\203\217\343\202\244\343\203\221\343\203\274\343\203\220\343\203\274\343\202\271\343\203\210\343\203\273\343\203\224\343\202\271\343\203\210\343\203\253 - \343\203\206\343\202\243\343\202\2423.png"
 create mode 100644 "System Update/shared/images/DashBerry/\343\203\217\343\202\244\343\203\221\343\203\274\343\203\220\343\203\274\343\202\271\343\203\210\343\203\273\343\203\224\343\202\271\343\203\210\343\203\253 - \343\203\206\343\202\243\343\202\2424.png"
 create mode 100644 "System Update/shared/images/DashBerry/\343\203\217\343\202\244\343\203\221\343\203\274\343\203\220\343\203\274\343\202\271\343\203\210\343\203\273\343\203\224\343\202\271\343\203\210\343\203\253 - \343\203\206\343\202\243\343\202\2425.png"
 create mode 100644 "System Update/shared/images/DashBerry/\343\203\217\343\203\263\343\203\206\343\202\243\343\203\263\343\202\260\343\203\251\343\202\244\343\203\225\343\203\253 - \343\203\206\343\202\243\343\202\2422.png"
 create mode 100644 "System Update/shared/images/DashBerry/\343\203\217\343\203\263\343\203\206\343\202\243\343\203\263\343\202\260\343\203\251\343\202\244\343\203\225\343\203\253 - \343\203\206\343\202\243\343\202\2423.png"
 create mode 100644 "System Update/shared/images/DashBerry/\343\203\217\343\203\263\343\203\206\343\202\243\343\203\263\343\202\260\343\203\251\343\202\244\343\203\225\343\203\253 - \343\203\206\343\202\243\343\202\2424.png"
 create mode 100644 "System Update/shared/images/DashBerry/\343\203\217\343\203\263\343\203\206\343\202\243\343\203\263\343\202\260\343\203\251\343\202\244\343\203\225\343\203\253 - \343\203\206\343\202\243\343\202\2425.png"
 create mode 100644 "System Update/shared/images/DashBerry/\343\203\217\343\203\263\343\203\236\343\203\274\343\202\242\343\202\265\343\203\253\343\203\210\343\203\251\343\202\244\343\203\225\343\203\253 - \343\203\206\343\202\243\343\202\2421.png"
 create mode 100644 "System Update/shared/images/DashBerry/\343\203\217\343\203\263\343\203\236\343\203\274\343\202\242\343\202\265\343\203\253\343\203\210\343\203\251\343\202\244\343\203\225\343\203\253 - \343\203\206\343\202\243\343\202\2422.png"
 create mode 100644 "System Update/shared/images/DashBerry/\343\203\217\343\203\263\343\203\236\343\203\274\343\202\242\343\202\265\343\203\253\343\203\210\343\203\251\343\202\244\343\203\225\343\203\253 - \343\203\206\343\202\243\343\202\2423.png"
 create mode 100644 "System Update/shared/images/DashBerry/\343\203\217\343\203\263\343\203\236\343\203\274\343\202\242\343\202\265\343\203\253\343\203\210\343\203\251\343\202\244\343\203\225\343\203\253 - \343\203\206\343\202\243\343\202\2424.png"
 create mode 100644 "System Update/shared/images/DashBerry/\343\203\217\343\203\263\343\203\236\343\203\274\343\202\242\343\202\265\343\203\253\343\203\210\343\203\251\343\202\244\343\203\225\343\203\253 - \343\203\206\343\202\243\343\202\2425.png"
 create mode 100644 "System Update/shared/images/DashBerry/\343\203\220\343\203\212\343\203\212 - \343\203\206\343\202\243\343\202\2421.png"
 create mode 100644 "System Update/shared/images/DashBerry/\343\203\220\343\203\255\343\203\263\343\201\256\343\203\200\343\203\226\343\203\253\343\203\200\343\202\246\343\203\263\343\203\224\343\202\271\343\203\210\343\203\253 - \343\203\206\343\202\243\343\202\2427.png"
 create mode 100644 "System Update/shared/images/DashBerry/\343\203\224\343\202\266\343\203\221\343\203\274\343\203\206\343\202\243\343\203\274 - \343\203\206\343\202\243\343\202\2424.png"
 create mode 100644 "System Update/shared/images/DashBerry/\343\203\225\343\202\243\343\203\203\343\202\267\343\203\263\343\202\260\343\203\225\343\203\203\343\202\257 - \343\203\206\343\202\243\343\202\2421.png"
 create mode 100644 "System Update/shared/images/DashBerry/\343\203\225\343\203\255\343\203\203\343\203\221\343\203\274 - \343\203\206\343\202\243\343\202\2422.png"
 create mode 100644 "System Update/shared/images/DashBerry/\343\203\225\343\203\255\343\203\274\343\203\231\343\203\252\343\203\274\343\203\273\343\203\225\343\202\243\343\202\272 - \343\203\206\343\202\243\343\202\2423.png"
 create mode 100644 "System Update/shared/images/DashBerry/\343\203\236\343\202\244\343\203\200\343\202\271\343\201\256\343\202\256\343\203\253\343\203\207\343\203\203\343\203\211\343\202\242\343\202\244\343\203\211\343\203\251\343\203\240\343\202\254\343\203\263 - \343\203\206\343\202\243\343\202\2427.png"
 create mode 100644 "System Update/shared/images/DashBerry/\343\203\236\343\202\244\343\203\200\343\202\271\343\201\256\343\203\211\343\203\251\343\203\240\343\202\254\343\203\263 - \343\203\206\343\202\243\343\202\2427.png"
 create mode 100644 "System Update/shared/images/DashBerry/\343\203\237\343\202\267\343\203\203\343\202\257\343\202\264\343\203\274\343\203\253\343\203\211\343\203\225\343\202\243\343\203\203\343\202\267\343\203\245 - \343\203\206\343\202\243\343\202\2427.png"
 create mode 100644 "System Update/shared/images/DashBerry/\343\203\237\343\203\213\343\202\267\343\203\274\343\203\253\343\203\211\343\203\235\343\203\274\343\202\267\343\203\247\343\203\263 - \343\203\206\343\202\243\343\202\2422.png"
 create mode 100644 "System Update/shared/images/DashBerry/\343\203\237\343\203\251\343\201\256\346\277\200\350\276\233\343\203\251\343\203\274\343\203\241\343\203\263 - \343\203\206\343\202\243\343\202\2424.png"
 create mode 100644 "System Update/shared/images/DashBerry/\343\203\242\343\203\253\343\203\225\343\202\241\343\202\244\343\203\210\343\203\273\343\202\242\343\202\265\343\203\253\343\203\210\343\203\251\343\202\244\343\203\225\343\203\253 - \343\203\206\343\202\243\343\202\2422.png"
 create mode 100644 "System Update/shared/images/DashBerry/\343\203\242\343\203\253\343\203\225\343\202\241\343\202\244\343\203\210\343\203\273\343\202\242\343\202\265\343\203\253\343\203\210\343\203\251\343\202\244\343\203\225\343\203\253 - \343\203\206\343\202\243\343\202\2423.png"
 create mode 100644 "System Update/shared/images/DashBerry/\343\203\242\343\203\253\343\203\225\343\202\241\343\202\244\343\203\210\343\203\273\343\202\242\343\202\265\343\203\253\343\203\210\343\203\251\343\202\244\343\203\225\343\203\253 - \343\203\206\343\202\243\343\202\2424.png"
 create mode 100644 "System Update/shared/images/DashBerry/\343\203\242\343\203\253\343\203\225\343\202\241\343\202\244\343\203\210\343\203\273\343\202\265\343\203\226\343\203\236\343\202\267\343\203\263\343\202\254\343\203\263 - \343\203\206\343\202\243\343\202\2422.png"
 create mode 100644 "System Update/shared/images/DashBerry/\343\203\242\343\203\253\343\203\225\343\202\241\343\202\244\343\203\210\343\203\273\343\202\265\343\203\226\343\203\236\343\202\267\343\203\263\343\202\254\343\203\263 - \343\203\206\343\202\243\343\202\2423.png"
 create mode 100644 "System Update/shared/images/DashBerry/\343\203\242\343\203\253\343\203\225\343\202\241\343\202\244\343\203\210\343\203\273\343\202\265\343\203\226\343\203\236\343\202\267\343\203\263\343\202\254\343\203\263 - \343\203\206\343\202\243\343\202\2424.png"
 create mode 100644 "System Update/shared/images/DashBerry/\343\203\242\343\203\253\343\203\225\343\202\241\343\202\244\343\203\210\343\203\273\343\202\277\343\202\257\343\203\206\343\202\243\343\202\253\343\203\253\343\202\267\343\203\247\343\203\203\343\203\210\343\202\254\343\203\263 - \343\203\206\343\202\243\343\202\2422.png"
 create mode 100644 "System Update/shared/images/DashBerry/\343\203\242\343\203\253\343\203\225\343\202\241\343\202\244\343\203\210\343\203\273\343\202\277\343\202\257\343\203\206\343\202\243\343\202\253\343\203\253\343\202\267\343\203\247\343\203\203\343\203\210\343\202\254\343\203\263 - \343\203\206\343\202\243\343\202\2423.png"
 create mode 100644 "System Update/shared/images/DashBerry/\343\203\242\343\203\253\343\203\225\343\202\241\343\202\244\343\203\210\343\203\273\343\202\277\343\202\257\343\203\206\343\202\243\343\202\253\343\203\253\343\202\267\343\203\247\343\203\203\343\203\210\343\202\254\343\203\263 - \343\203\206\343\202\243\343\202\2424.png"
 create mode 100644 "System Update/shared/images/DashBerry/\343\203\242\343\203\253\343\203\225\343\202\241\343\202\244\343\203\210\343\203\273\343\203\217\343\203\263\343\203\211\343\202\255\343\203\243\343\203\216\343\203\263 - \343\203\206\343\202\243\343\202\2423.png"
 create mode 100644 "System Update/shared/images/DashBerry/\343\203\242\343\203\253\343\203\225\343\202\241\343\202\244\343\203\210\343\203\273\343\203\217\343\203\263\343\203\211\343\202\255\343\203\243\343\203\216\343\203\263 - \343\203\206\343\202\243\343\202\2424.png"
 create mode 100644 "System Update/shared/images/DashBerry/\343\203\242\343\203\253\343\203\225\343\202\241\343\202\244\343\203\210\343\203\273\343\203\230\343\203\223\343\203\274\343\202\242\343\202\265\343\203\253\343\203\210\343\203\251\343\202\244\343\203\225\343\203\253 - \343\203\206\343\202\243\343\202\2422.png"
 create mode 100644 "System Update/shared/images/DashBerry/\343\203\242\343\203\253\343\203\225\343\202\241\343\202\244\343\203\210\343\203\273\343\203\230\343\203\223\343\203\274\343\202\242\343\202\265\343\203\253\343\203\210\343\203\251\343\202\244\343\203\225\343\203\253 - \343\203\206\343\202\243\343\202\2423.png"
 create mode 100644 "System Update/shared/images/DashBerry/\343\203\242\343\203\253\343\203\225\343\202\241\343\202\244\343\203\210\343\203\273\343\203\235\343\203\263\343\203\227\343\202\267\343\203\247\343\203\203\343\203\210\343\202\254\343\203\263 - \343\203\206\343\202\243\343\202\2422.png"
 create mode 100644 "System Update/shared/images/DashBerry/\343\203\242\343\203\253\343\203\225\343\202\241\343\202\244\343\203\210\343\203\273\343\203\235\343\203\263\343\203\227\343\202\267\343\203\247\343\203\203\343\203\210\343\202\254\343\203\263 - \343\203\206\343\202\243\343\202\2423.png"
 create mode 100644 "System Update/shared/images/DashBerry/\343\203\242\343\203\253\343\203\225\343\202\241\343\202\244\343\203\210\343\203\273\343\203\235\343\203\263\343\203\227\343\202\267\343\203\247\343\203\203\343\203\210\343\202\254\343\203\263 - \343\203\206\343\202\243\343\202\2424.png"
 create mode 100644 "System Update/shared/images/DashBerry/\343\203\242\343\203\263\343\202\277\343\202\256\343\203\245\343\203\274\343\201\256\343\202\250\343\203\263\343\203\225\343\202\251\343\203\274\343\202\265\343\203\274 \343\202\242\343\202\265\343\203\253\343\203\210\343\203\251\343\202\244\343\203\225\343\203\253 - \343\203\206\343\202\243\343\202\2427.png"
 create mode 100644 "System Update/shared/images/DashBerry/\343\203\252\343\203\263\343\202\260\343\203\236\343\202\271\343\202\277\343\203\274\343\201\256\343\203\226\343\203\274\343\203\240\343\203\234\343\203\253\343\203\210 - \343\203\206\343\202\243\343\202\2427.png"
 create mode 100644 "System Update/shared/images/DashBerry/\343\203\252\343\203\263\343\202\264 - \343\203\206\343\202\243\343\202\2421.png"
 create mode 100644 "System Update/shared/images/DashBerry/\343\203\253\343\203\237\343\201\256\343\203\221\343\203\257\343\203\274\343\202\275\343\203\274\343\203\211 - \343\203\206\343\202\243\343\202\2427.png"
 create mode 100644 "System Update/shared/images/DashBerry/\343\203\254\343\203\263\343\202\270\343\203\243\343\203\274\343\202\267\343\203\247\343\203\203\343\203\210\343\202\254\343\203\263 - \343\203\206\343\202\243\343\202\2422.png"
 create mode 100644 "System Update/shared/images/DashBerry/\343\203\254\343\203\263\343\202\270\343\203\243\343\203\274\343\202\267\343\203\247\343\203\203\343\203\210\343\202\254\343\203\263 - \343\203\206\343\202\243\343\202\2423.png"
 create mode 100644 "System Update/shared/images/DashBerry/\343\203\254\343\203\263\343\202\270\343\203\243\343\203\274\343\202\267\343\203\247\343\203\203\343\203\210\343\202\254\343\203\263 - \343\203\206\343\202\243\343\202\2424.png"
 create mode 100644 "System Update/shared/images/DashBerry/\343\203\254\343\203\263\343\202\270\343\203\243\343\203\274\343\202\267\343\203\247\343\203\203\343\203\210\343\202\254\343\203\263 - \343\203\206\343\202\243\343\202\2425.png"
 create mode 100644 "System Update/shared/images/DashBerry/\343\203\255\343\203\274\343\203\254\343\202\271 \343\202\242\343\202\257\343\202\273\343\203\251\343\203\251\343\203\263\343\203\210 \343\203\233\343\203\255\343\203\204\343\202\244\343\202\271\343\202\277\343\203\274 \343\202\242\343\202\265\343\203\253\343\203\210\343\203\251\343\202\244\343\203\225\343\203\253 - \343\203\206\343\202\243\343\202\2426.png"
 create mode 100644 "System Update/shared/images/DashBerry/\343\203\255\343\203\274\343\203\254\343\202\271 \343\202\250\343\202\257\343\202\271\343\203\227\343\203\255\343\203\274\343\202\267\343\203\226 \343\203\236\343\203\263\343\203\242\343\202\271\343\203\224\343\202\271\343\203\210\343\203\253 - \343\203\206\343\202\243\343\202\2426.png"
 create mode 100644 "System Update/shared/images/DashBerry/\343\203\255\343\203\274\343\203\254\343\202\271 \343\202\267\343\203\247\343\203\203\343\202\257\343\202\246\343\202\247\343\203\274\343\203\226\343\203\255\343\202\261\343\203\203\343\203\210\343\203\251\343\203\263\343\203\201\343\203\243\343\203\274 - \343\203\206\343\202\243\343\202\2426.png"
 create mode 100644 "System Update/shared/images/DashBerry/\343\203\255\343\203\274\343\203\254\343\202\271 \343\202\271\343\203\206\343\202\243\343\203\263\343\202\257\343\203\251\343\202\244\343\203\225\343\203\253 - \343\203\206\343\202\243\343\202\2426.png"
 create mode 100644 "System Update/shared/images/DashBerry/\343\203\255\343\203\274\343\203\254\343\202\271 \343\202\271\343\203\251\343\203\203\343\203\227\343\202\255\343\203\243\343\203\216\343\203\263 - \343\203\206\343\202\243\343\202\2426.png"
 create mode 100644 "System Update/shared/images/DashBerry/\343\203\255\343\203\274\343\203\254\343\202\271 \343\202\271\343\203\251\343\203\203\343\203\227\343\202\270\343\203\243\343\202\260 - \343\203\206\343\202\243\343\202\2426.png"
 create mode 100644 "System Update/shared/images/DashBerry/\343\203\255\343\203\274\343\203\254\343\202\271 \343\203\204\343\202\244\343\203\263\343\203\225\343\202\241\343\202\244\343\202\242 \343\202\271\343\203\251\343\203\203\343\203\227\343\202\267\343\203\247\343\203\203\343\203\210\343\202\254\343\203\263 - \343\203\206\343\202\243\343\202\2426.png"
 create mode 100644 "System Update/shared/images/DashBerry/\343\203\255\343\203\274\343\203\254\343\202\271 \343\203\210\343\203\252\343\203\213\343\203\206\343\202\243\343\202\242\343\202\265\343\203\253\343\203\210\343\203\251\343\202\244\343\203\225\343\203\253 - \343\203\206\343\202\243\343\202\2426.png"
 create mode 100644 "System Update/shared/images/DashBerry/\343\203\255\343\203\274\343\203\254\343\202\271 \343\203\230\343\203\223\343\203\274\343\202\244\343\203\263\343\203\221\343\202\257\343\203\210 \343\203\210\343\203\251\343\203\203\343\202\255\343\203\263\343\202\260\343\203\251\343\202\244\343\203\225\343\203\253 - \343\203\206\343\202\243\343\202\2426.png"
 create mode 100644 "System Update/shared/images/DashBerry/\343\203\264\343\202\241\343\203\254\343\203\252\343\202\242\343\201\256\343\203\217\343\202\244\343\203\221\343\203\274\343\202\265\343\203\226\343\203\236\343\202\267\343\203\263\343\202\254\343\203\263 - \343\203\206\343\202\243\343\202\2427.png"
 create mode 100644 "System Update/shared/images/DashBerry/\345\214\205\345\270\257 - \343\203\206\343\202\243\343\202\2421.png"
 create mode 100644 "System Update/shared/images/DashBerry/\345\214\273\347\231\202\343\202\255\343\203\203\343\203\210 - \343\203\206\343\202\243\343\202\2422.png"
 create mode 100644 "System Update/shared/images/DashBerry/\345\214\273\347\231\202\343\203\237\343\202\271\343\203\210 \343\202\271\343\203\242\343\203\274\343\202\257\343\202\260\343\203\254\343\203\215\343\203\274\343\203\211 - \343\203\206\343\202\243\343\202\2423.png"
 create mode 100644 "System Update/shared/images/DashBerry/\345\244\234\350\226\224\350\226\207\343\201\256\343\203\264\343\202\247\343\203\274\343\203\253\343\203\211 \343\203\227\343\203\254\343\202\267\343\202\270\343\203\247\343\203\263SMG - \343\203\206\343\202\243\343\202\2427.png"
 create mode 100644 "System Update/shared/images/DashBerry/\345\274\267\345\214\226\345\236\213\343\202\242\343\202\246\343\203\210\343\203\255\343\203\274\343\202\267\343\203\247\343\203\203\343\203\210\343\202\254\343\203\263 - \343\203\206\343\202\243\343\202\2427.png"
 create mode 100644 "System Update/shared/images/DashBerry/\345\274\267\345\214\226\345\236\213\343\202\250\343\203\263\343\203\225\343\202\251\343\203\274\343\202\265\343\203\274 \343\202\242\343\202\265\343\203\253\343\203\210\343\203\251\343\202\244\343\203\225\343\203\253 - \343\203\206\343\202\243\343\202\2427.png"
 create mode 100644 "System Update/shared/images/DashBerry/\345\274\267\345\214\226\345\236\213\343\202\252\343\203\213 \343\202\267\343\203\247\343\203\203\343\203\210\343\202\254\343\203\263 - \343\203\206\343\202\243\343\202\2427.png"
 create mode 100644 "System Update/shared/images/DashBerry/\345\274\267\345\214\226\345\236\213\343\202\271\343\203\210\343\203\251\343\202\244\343\202\253\343\203\274\343\203\220\343\203\274\343\202\271\343\203\210\343\203\251\343\202\244\343\203\225\343\203\253 - \343\203\206\343\202\243\343\202\2427.png"
 create mode 100644 "System Update/shared/images/DashBerry/\345\274\267\345\214\226\345\236\213\343\202\271\343\203\221\343\202\244\343\202\242\343\203\273\343\203\251\343\202\244\343\203\225\343\203\253 - \343\203\206\343\202\243\343\202\2427.png"
 create mode 100644 "System Update/shared/images/DashBerry/\345\274\267\345\214\226\345\236\213\343\202\273\343\203\263\343\203\201\343\203\215\343\203\253 \343\203\235\343\203\263\343\203\227\343\202\267\343\203\247\343\203\203\343\203\210\343\202\254\343\203\263 - \343\203\206\343\202\243\343\202\2427.png"
 create mode 100644 "System Update/shared/images/DashBerry/\345\274\267\345\214\226\345\236\213\343\203\204\343\202\244\343\203\263\343\203\225\343\202\241\343\202\244\343\202\242 \343\202\252\343\203\274\343\203\210\343\202\267\343\203\247\343\203\203\343\203\210\343\202\254\343\203\263 - \343\203\206\343\202\243\343\202\2427.png"
 create mode 100644 "System Update/shared/images/DashBerry/\345\274\267\345\214\226\345\236\213\343\203\217\343\202\244\343\203\221\343\203\274\343\203\220\343\203\274\343\202\271\343\203\210\343\203\273\343\203\224\343\202\271\343\203\210\343\203\253 - \343\203\206\343\202\243\343\202\2427.png"
 create mode 100644 "System Update/shared/images/DashBerry/\345\274\267\345\214\226\345\236\213\343\203\225\343\202\241\343\203\253\343\202\263\343\203\263\343\202\242\343\202\244 \343\202\271\343\203\212\343\202\244\343\203\221\343\203\274 - \343\203\206\343\202\243\343\202\2427.png"
 create mode 100644 "System Update/shared/images/DashBerry/\345\274\267\345\214\226\345\236\213\343\203\225\343\203\245\343\203\274\343\203\252\343\203\274 \343\202\242\343\202\265\343\203\253\343\203\210\343\203\251\343\202\244\343\203\225\343\203\253 - \343\203\206\343\202\243\343\202\2427.png"
 create mode 100644 "System Update/shared/images/DashBerry/\345\274\267\345\214\226\345\236\213\343\203\233\343\203\255\343\203\204\343\202\244\343\202\271\343\202\277\343\203\274 \343\202\242\343\202\265\343\203\253\343\203\210\343\203\251\343\202\244\343\203\225\343\203\253 - \343\203\206\343\202\243\343\202\2427.png"
 create mode 100644 "System Update/shared/images/DashBerry/\345\274\267\345\214\226\345\236\213\343\203\254\343\203\203\343\202\253\343\203\274\343\203\252\343\203\234\343\203\253\343\203\220\343\203\274 - \343\203\206\343\202\243\343\202\2427.png"
 create mode 100644 "System Update/shared/images/DashBerry/\345\274\276\350\226\254_ \343\203\255\343\202\261\343\203\203\343\203\210\345\274\276 - \343\203\206\343\202\243\343\202\2421.png"
 create mode 100644 "System Update/shared/images/DashBerry/\345\274\276\350\226\254_ \344\270\255\345\217\243\345\276\204\345\274\276 - \343\203\206\343\202\243\343\202\2421.png"
 create mode 100644 "System Update/shared/images/DashBerry/\345\274\276\350\226\254_ \345\244\247\345\217\243\345\276\204\345\274\276 - \343\203\206\343\202\243\343\202\2421.png"
 create mode 100644 "System Update/shared/images/DashBerry/\345\274\276\350\226\254_ \345\260\217\345\217\243\345\276\204\345\274\276 - \343\203\206\343\202\243\343\202\2421.png"
 create mode 100644 "System Update/shared/images/DashBerry/\345\274\276\350\226\254_ \346\225\243\345\274\276 - \343\203\206\343\202\243\343\202\2421.png"
 create mode 100644 "System Update/shared/images/DashBerry/\346\234\250\346\235\220 - \343\203\206\343\202\243\343\202\2421.png"
 create mode 100644 "System Update/shared/images/DashBerry/\347\216\213\350\200\205\343\202\250\343\202\244\343\202\270\343\203\254\343\202\271\343\201\256\343\202\267\343\203\247\343\203\203\343\202\257\343\202\246\343\202\247\343\203\274\343\203\226\343\203\217\343\203\263\343\203\236\343\203\274 - \343\203\206\343\202\243\343\202\2427.png"
 create mode 100644 "System Update/shared/images/DashBerry/\347\237\263\346\235\220 - \343\203\206\343\202\243\343\202\2421.png"
 create mode 100644 "System Update/shared/images/DashBerry/\351\207\221\345\261\236 - \343\203\206\343\202\243\343\202\2421.png"
 create mode 100644 "System Update/\346\210\246\345\210\251\345\223\201\343\203\207\343\203\274\343\202\277/Reload/DashBerry/DashBerry_LootData_2026-02-10_19-30.json"
2026-02-10 19:31:53 | WARNING | git push stderr: To https://github.com/Greenfox0833/New-Loot.git
   9db2671..48e97b3  main -> main
2026-02-10 19:31:53 | INFO | ✓ GitHub Push 完了
2026-02-10 19:31:53 | INFO | ===== DashBerry: pipeline end =====
