2026-05-29 09:41:08 | INFO | log file: E:\フォートナイト\Picture\Loot Pool\TEST4\New Loot\System Update\Reload\PiperBoot\output\logs\pipeline_2026-05-29_09-41-08.log
2026-05-29 09:41:08 | INFO | ===== PiperBoot: pipeline start =====
2026-05-29 09:41:08 | INFO | paths: lt=E:\フォートナイト\Picture\Loot Pool\TEST4\New Loot\System Update\Reload\PiperBoot\input\AthenaLootTierData_Client__final.json lp=E:\フォートナイト\Picture\Loot Pool\TEST4\New Loot\System Update\Reload\PiperBoot\input\AthenaLootPackages_Client__final.json minlist=E:\フォートナイト\Picture\Loot Pool\TEST4\New Loot\System Update\Reload\PiperBoot\input\items_unique_min.json
2026-05-29 09:41:08 | INFO | output: summary=E:\フォートナイト\Picture\Loot Pool\TEST4\New Loot\System Update\Reload\PiperBoot\output\summary lootdata=E:\フォートナイト\Picture\Loot Pool\TEST4\New Loot\System Update\戦利品データ\Reload\PiperBoot
2026-05-29 09:41:08 | INFO | flags: hotfix=True prewarm=True image=True workers=8
2026-05-29 09:41:08 | INFO | hotfix start: E:\フォートナイト\Picture\Loot Pool\TEST4\New Loot\System Update\LootPackage.py
2026-05-29 09:41:08 | INFO | hotfix lp stdout: [STEP1-1] base e:\Fmodel\Exports\FortniteGame\Content\Items\DataTables\AthenaLootPackages_Client.json
[HOTFIX:SEASON1] target=/Game/Items/Datatables/AthenaLootPackages_Client
[581] RowUpdate WorldPKG.AthenaLoot.Weapon.HighShotgun.05.Weight=0.066000 -> OK
[582] RowUpdate WorldPKG.AthenaLoot.Weapon.HighHandgun.05.Weight=0.066000 -> OK
[583] RowUpdate WorldPKG.AthenaLoot.Weapon.HighSMG.05.Weight=0.066000 -> OK
[584] RowUpdate WorldPKG.AthenaLoot.Weapon.HighAssaultAuto.05.Weight=0.066000 -> OK
[585] RowUpdate WorldPKG.AthenaLoot.Weapon.HighSniper.05.Weight=0.066000 -> OK
[586] RowUpdate WorldPKG.AthenaLoot.Weapon.HighRocket.05.Weight=0.066000 -> OK
[HOTFIX:SEASON1] Addrow(TableUpdate) なし -> スキップ
[HOTFIX:SEASON1] done: applied=6, deleted=0, skipped=0
[STEP1-2] merge e:\Fmodel\Exports\FortniteGame\Plugins\GameFeatures\BlastBerryLoot\Content\DataTables\BlastBerryLootPackages.json : replaced=543, added=1807
[HOTFIX:SEASON2] target=/BlastBerryLoot/DataTables/BlastBerryLootPackages
[1083] RowUpdate WorldList.AthenaWadStash.Medium.01.CountRange=(X=100,Y=100) -> OK
[1084] RowUpdate WorldList.AthenaWadStash.Large.01.CountRange=(X=200,Y=200) -> OK
[1085] RowUpdate WorldList.AthenaWadSafe.01.CountRange=(X=300,Y=300) -> OK
[1086] RowUpdate WorldList.AthenaWadGoldBarStack.Small.01.CountRange=(X=50,Y=50) -> OK
[1087] RowUpdate WorldList.AthenaWadGoldBarStack.Medium.01.CountRange=(X=100,Y=100) -> OK
[1088] RowUpdate WorldList.AthenaWadGoldBarStack.Large.01.CountRange=(X=200,Y=200) -> OK
[1089] RowUpdate WorldList.AthenaWadChests.01.CountRange=(X=50,Y=50) -> OK
[1090] RowUpdate WorldList.AthenaWadChests.02.CountRange=(X=75,Y=75) -> OK
[1091] RowUpdate WorldList.AthenaWadChests.03.Weight=0.050000 -> OK
[1092] RowUpdate WorldList.AthenaWadChests.03.CountRange=(X=100,Y=100) -> OK
[1093] RowUpdate WorldList.ApolloWadChests.01.CountRange=(X=100,Y=100) -> OK
[1094] RowUpdate WorldList.ApolloWadChests.02.CountRange=(X=150,Y=150) -> OK
[1095] RowUpdate WorldList.ApolloWadChests.03.CountRange=(X=250,Y=250) -> OK
[1259] RowUpdate WorldList.AthenaLoot.Weapon.Shotgun.39.Weight=1.000000 -> OK
[1260] RowUpdate WorldList.AthenaLoot.Weapon.Shotgun.40.Weight=0.400000 -> OK
[1261] RowUpdate WorldList.AthenaLoot.Weapon.Shotgun.41.Weight=0.080000 -> OK
[1262] RowUpdate WorldList.AthenaLoot.Weapon.Shotgun.46.Weight=0.000000 -> OK
[1263] RowUpdate WorldList.AthenaLoot.Weapon.Shotgun.47.Weight=0.000000 -> OK
[1264] RowUpdate WorldList.AthenaLoot.Weapon.Shotgun.60.Weight=0.000000 -> OK
[1265] RowUpdate WorldList.AthenaLoot.Weapon.Shotgun.61.Weight=0.000000 -> OK
[1266] RowUpdate WorldList.AthenaLoot.Weapon.Shotgun.62.Weight=0.000000 -> OK
[1267] RowUpdate WorldList.AthenaLoot.Weapon.Shotgun.72.Weight=1.000000 -> OK
[1268] RowUpdate WorldList.AthenaLoot.Weapon.Shotgun.73.Weight=0.400000 -> OK
[1269] RowUpdate WorldList.AthenaLoot.Weapon.Shotgun.74.Weight=0.080000 -> OK
[1270] RowUpdate WorldList.AthenaLoot.Weapon.Shotgun.81.Weight=0.000000 -> OK
[1271] RowUpdate WorldList.AthenaLoot.Weapon.Shotgun.82.Weight=0.000000 -> OK
[1272] RowUpdate WorldList.AthenaLoot.Weapon.HighShotgun.59.Weight=0.400000 -> OK
[1273] RowUpdate WorldList.AthenaLoot.Weapon.HighShotgun.60.Weight=0.080000 -> OK
[1274] RowUpdate WorldList.AthenaLoot.Weapon.HighShotgun.61.Weight=0.016000 -> OK
[1275] RowUpdate WorldList.AthenaLoot.Weapon.HighShotgun.62.Weight=0.004000 -> OK
[1276] RowUpdate WorldList.AthenaLoot.Weapon.HighShotgun.67.Weight=0.000000 -> OK
[1277] RowUpdate WorldList.AthenaLoot.Weapon.HighShotgun.68.Weight=0.000000 -> OK
[1278] RowUpdate WorldList.AthenaLoot.Weapon.HighShotgun.69.Weight=0.000000 -> OK
[1279] RowUpdate WorldList.AthenaLoot.Weapon.HighShotgun.70.Weight=0.000000 -> OK
[1280] RowUpdate WorldList.AthenaLoot.Weapon.HighShotgun.87.Weight=0.000000 -> OK
[1281] RowUpdate WorldList.AthenaLoot.Weapon.HighShotgun.88.Weight=0.000000 -> OK
[1282] RowUpdate WorldList.AthenaLoot.Weapon.HighShotgun.89.Weight=0.000000 -> OK
[1283] RowUpdate WorldList.AthenaLoot.Weapon.HighShotgun.90.Weight=0.000000 -> OK
[1284] RowUpdate WorldList.AthenaLoot.Weapon.HighShotgun.103.Weight=0.400000 -> OK
[1285] RowUpdate WorldList.AthenaLoot.Weapon.HighShotgun.104.Weight=0.080000 -> OK
[1286] RowUpdate WorldList.AthenaLoot.Weapon.HighShotgun.105.Weight=0.016000 -> OK
[1287] RowUpdate WorldList.AthenaLoot.Weapon.HighShotgun.106.Weight=0.004000 -> OK
[1288] RowUpdate WorldList.AthenaLoot.Weapon.HighShotgun.115.Weight=0.000000 -> OK
[1289] RowUpdate WorldList.AthenaLoot.Weapon.HighShotgun.116.Weight=0.000000 -> OK
[1290] RowUpdate WorldList.AthenaLoot.Weapon.HighShotgun.117.Weight=0.000000 -> OK
[1291] RowUpdate WorldList.AthenaLoot.Weapon.HighShotgun.118.Weight=0.000000 -> OK
[1292] RowUpdate WorldList.AthenaLoot.Weapon.Handgun.25.Weight=0.000000 -> OK
[1293] RowUpdate WorldList.AthenaLoot.Weapon.Handgun.26.Weight=0.000000 -> OK
[1294] RowUpdate WorldList.AthenaLoot.Weapon.Handgun.27.Weight=1.000000 -> OK
[1295] RowUpdate WorldList.AthenaLoot.Weapon.Handgun.28.Weight=0.400000 -> OK
[1296] RowUpdate WorldList.AthenaLoot.Weapon.Handgun.29.Weight=0.080000 -> OK
[1297] RowUpdate WorldList.AthenaLoot.Weapon.HighHandgun.36.Weight=0.000000 -> OK
[1298] RowUpdate WorldList.AthenaLoot.Weapon.HighHandgun.37.Weight=0.000000 -> OK
[1299] RowUpdate WorldList.AthenaLoot.Weapon.HighHandgun.38.Weight=0.000000 -> OK
[1300] RowUpdate WorldList.AthenaLoot.Weapon.HighHandgun.39.Weight=0.000000 -> OK
[1301] RowUpdate WorldList.AthenaLoot.Weapon.HighHandgun.40.Weight=0.400000 -> OK
[1302] RowUpdate WorldList.AthenaLoot.Weapon.HighHandgun.41.Weight=0.080000 -> OK
[1303] RowUpdate WorldList.AthenaLoot.Weapon.HighHandgun.42.Weight=0.016000 -> OK
[1304] RowUpdate WorldList.AthenaLoot.Weapon.HighHandgun.43.Weight=0.004000 -> OK
[1305] RowUpdate WorldList.AthenaLoot.Weapon.SMG.35.Weight=0.000000 -> OK
[1306] RowUpdate WorldList.AthenaLoot.Weapon.SMG.36.Weight=0.000000 -> OK
[1307] RowUpdate WorldList.AthenaLoot.Weapon.SMG.55.Weight=0.400000 -> OK
[1308] RowUpdate WorldList.AthenaLoot.Weapon.HighSMG.48.Weight=0.000000 -> OK
[1309] RowUpdate WorldList.AthenaLoot.Weapon.HighSMG.49.Weight=0.000000 -> OK
[1310] RowUpdate WorldList.AthenaLoot.Weapon.HighSMG.50.Weight=0.000000 -> OK
[1311] RowUpdate WorldList.AthenaLoot.Weapon.HighSMG.51.Weight=0.000000 -> OK
[1312] RowUpdate WorldList.AthenaLoot.Weapon.HighSMG.76.Weight=0.400000 -> OK
[1313] RowUpdate WorldList.AthenaLoot.Weapon.Sniper.31.Weight=0.000000 -> OK
[1314] RowUpdate WorldList.AthenaLoot.Weapon.Sniper.32.Weight=0.000000 -> OK
[1315] RowUpdate WorldList.AthenaLoot.Weapon.HighSniper.36.Weight=0.016000 -> OK
[1316] RowUpdate WorldList.AthenaLoot.Weapon.HighSniper.36.ItemDefinition=/PepperCatGameplay/Gameplay/WID_PepperCat_SR.WID_PepperCat_SR -> OK
[1317] RowUpdate WorldList.AthenaLoot.Weapon.HighSniper.37.Weight=0.080000 -> OK
[1318] RowUpdate WorldList.AthenaLoot.Weapon.HighSniper.37.ItemDefinition=/PepperCatGameplay/Gameplay/WID_PepperCat_VR.WID_PepperCat_VR -> OK
[1319] RowUpdate WorldList.AthenaLoot.Weapon.HighSniper.53.Weight=0.000000 -> OK
[1320] RowUpdate WorldList.AthenaLoot.Weapon.HighSniper.54.Weight=0.000000 -> OK
[1321] RowUpdate WorldList.AthenaLoot.Weapon.HighSniper.55.Weight=0.000000 -> OK
[1322] RowUpdate WorldList.AthenaLoot.Weapon.HighSniper.56.Weight=0.000000 -> OK
[1323] RowUpdate WorldList.AthenaLoot.Weapon.Rocket.12.Weight=0.080000 -> OK
[1324] RowUpdate WorldList.AthenaLoot.Weapon.HighRocket.22.Weight=0.012000 -> OK
[1325] RowUpdate WorldList.AthenaLoot.Weapon.HighRocket.23.Weight=0.003000 -> OK
[1326] RowUpdate WorldList.ApolloLoot.Weapon.HighShotgun.33.Weight=0.750000 -> OK
[1327] RowUpdate WorldList.ApolloLoot.Weapon.HighShotgun.34.Weight=0.250000 -> OK
[1328] RowUpdate WorldList.ApolloLoot.Weapon.HighShotgun.37.Weight=0.000000 -> OK
[1329] RowUpdate WorldList.ApolloLoot.Weapon.HighShotgun.38.Weight=0.000000 -> OK
[1330] RowUpdate WorldList.ApolloLoot.Weapon.HighShotgun.47.Weight=0.000000 -> OK
[1331] RowUpdate WorldList.ApolloLoot.Weapon.HighShotgun.48.Weight=0.000000 -> OK
[1332] RowUpdate WorldList.ApolloLoot.Weapon.HighShotgun.55.Weight=0.750000 -> OK
[1333] RowUpdate WorldList.ApolloLoot.Weapon.HighShotgun.56.Weight=0.250000 -> OK
[1334] RowUpdate WorldList.ApolloLoot.Weapon.HighShotgun.61.Weight=0.000000 -> OK
[1335] RowUpdate WorldList.ApolloLoot.Weapon.HighShotgun.62.Weight=0.000000 -> OK
[1336] RowUpdate WorldList.ApolloLoot.Weapon.HighHandgun.20.Weight=0.000000 -> OK
[1337] RowUpdate WorldList.ApolloLoot.Weapon.HighHandgun.21.Weight=0.000000 -> OK
[1338] RowUpdate WorldList.ApolloLoot.Weapon.HighHandgun.22.Weight=0.750000 -> OK
[1339] RowUpdate WorldList.ApolloLoot.Weapon.HighHandgun.23.Weight=0.250000 -> OK
[1340] RowUpdate WorldList.ApolloLoot.Weapon.SMG.25.Weight=0.000000 -> OK
[1341] RowUpdate WorldList.ApolloLoot.Weapon.SMG.26.Weight=0.000000 -> OK
[1342] RowUpdate WorldList.ApolloLoot.Weapon.Sniper.19.Weight=0.750000 -> OK
[1343] RowUpdate WorldList.ApolloLoot.Weapon.Sniper.19.ItemDefinition=/PepperCatGameplay/Gameplay/WID_PepperCat_VR.WID_PepperCat_VR -> OK
[1344] RowUpdate WorldList.ApolloLoot.Weapon.Sniper.20.Weight=0.250000 -> OK
[1345] RowUpdate WorldList.ApolloLoot.Weapon.Sniper.20.ItemDefinition=/PepperCatGameplay/Gameplay/WID_PepperCat_SR.WID_PepperCat_SR -> OK
[1346] RowUpdate WorldList.ApolloLoot.Weapon.Sniper.29.Weight=0.000000 -> OK
[1347] RowUpdate WorldList.ApolloLoot.Weapon.Sniper.30.Weight=0.000000 -> OK
[1348] RowUpdate WorldList.ApolloLoot.Weapon.Rocket.16.Weight=0.250000 -> OK
[1349] RowUpdate WorldList.ApolloLoot.Weapon.Rocket.17.Weight=0.250000 -> OK
[1350] RowUpdate WorldList.AthenaSupplyDrop.Weapon.Shotgun.60.Weight=0.250000 -> OK
[1351] RowUpdate WorldList.AthenaSupplyDrop.Weapon.Shotgun.61.Weight=0.125000 -> OK
[1352] RowUpdate WorldList.AthenaSupplyDrop.Weapon.Shotgun.62.Weight=0.025000 -> OK
[1353] RowUpdate WorldList.AthenaSupplyDrop.Weapon.Shotgun.68.Weight=0.000000 -> OK
[1354] RowUpdate WorldList.AthenaSupplyDrop.Weapon.Shotgun.69.Weight=0.000000 -> OK
[1355] RowUpdate WorldList.AthenaSupplyDrop.Weapon.Shotgun.70.Weight=0.000000 -> OK
[1356] RowUpdate WorldList.AthenaSupplyDrop.Weapon.Shotgun.88.Weight=0.000000 -> OK
[1357] RowUpdate WorldList.AthenaSupplyDrop.Weapon.Shotgun.89.Weight=0.000000 -> OK
[1358] RowUpdate WorldList.AthenaSupplyDrop.Weapon.Shotgun.90.Weight=0.000000 -> OK
[1359] RowUpdate WorldList.AthenaSupplyDrop.Weapon.Shotgun.104.Weight=0.250000 -> OK
[1360] RowUpdate WorldList.AthenaSupplyDrop.Weapon.Shotgun.105.Weight=0.125000 -> OK
[1361] RowUpdate WorldList.AthenaSupplyDrop.Weapon.Shotgun.106.Weight=0.025000 -> OK
[1362] RowUpdate WorldList.AthenaSupplyDrop.Weapon.Shotgun.116.Weight=0.000000 -> OK
[1363] RowUpdate WorldList.AthenaSupplyDrop.Weapon.Shotgun.117.Weight=0.000000 -> OK
[1364] RowUpdate WorldList.AthenaSupplyDrop.Weapon.Shotgun.118.Weight=0.000000 -> OK
[1365] RowUpdate WorldList.AthenaSupplyDrop.Weapon.Handgun.36.Weight=0.000000 -> OK
[1366] RowUpdate WorldList.AthenaSupplyDrop.Weapon.Handgun.37.Weight=0.000000 -> OK
[1367] RowUpdate WorldList.AthenaSupplyDrop.Weapon.Handgun.38.Weight=0.000000 -> OK
[1368] RowUpdate WorldList.AthenaSupplyDrop.Weapon.Handgun.40.Weight=0.250000 -> OK
[1369] RowUpdate WorldList.AthenaSupplyDrop.Weapon.Handgun.41.Weight=0.125000 -> OK
[1370] RowUpdate WorldList.AthenaSupplyDrop.Weapon.Handgun.42.Weight=0.025000 -> OK
[1371] RowUpdate WorldList.AthenaSupplyDrop.Weapon.SMG.49.Weight=0.000000 -> OK
[1372] RowUpdate WorldList.AthenaSupplyDrop.Weapon.SMG.50.Weight=0.000000 -> OK
[1373] RowUpdate WorldList.AthenaSupplyDrop.Weapon.SMG.51.Weight=0.000000 -> OK
[1374] RowUpdate WorldList.AthenaSupplyDrop.Weapon.SMG.76.Weight=0.125000 -> OK
[1375] RowUpdate WorldList.AthenaSupplyDrop.Weapon.Assault.128.Weight=0.125000 -> OK
[1376] RowUpdate WorldList.AthenaSupplyDrop.Weapon.Sniper.35.Weight=0.200000 -> OK
[1377] RowUpdate WorldList.AthenaSupplyDrop.Weapon.Sniper.35.ItemDefinition=/PepperCatGameplay/Gameplay/WID_PepperCat_VR.WID_PepperCat_VR -> OK
[1378] RowUpdate WorldList.AthenaSupplyDrop.Weapon.Sniper.36.Weight=0.125000 -> OK
[1379] RowUpdate WorldList.AthenaSupplyDrop.Weapon.Sniper.36.ItemDefinition=/PepperCatGameplay/Gameplay/WID_PepperCat_SR.WID_PepperCat_SR -> OK
[1380] RowUpdate WorldList.AthenaSupplyDrop.Weapon.Sniper.54.Weight=0.000000 -> OK
[1381] RowUpdate WorldList.AthenaSupplyDrop.Weapon.Sniper.55.Weight=0.000000 -> OK
[1382] RowUpdate WorldList.AthenaSupplyDrop.Weapon.Sniper.56.Weight=0.000000 -> OK
[1383] RowUpdate WorldList.AthenaSupplyDrop.Weapon.Rocket.22.Weight=0.090000 -> OK
[1384] RowUpdate WorldList.AthenaSupplyDrop.Weapon.Rocket.23.Weight=0.016000 -> OK
[1385] RowUpdate WorldList.MythicRandom.24.Weight=1.000000 -> OK
[1400] RowUpdate WorldList.AthenaLoot.Weapon.Shotgun.29.Weight=1.000000 -> OK
[1401] RowUpdate WorldList.AthenaLoot.Weapon.Shotgun.29.ItemDefinition=/DragonCartWeaponGameplay/Gameplay/DragonCart_Pump/WID_Shotgun_Pump_DragonCart_Athena_C.WID_Shotgun_Pump_DragonCart_Athena_C -> OK
[1402] RowUpdate WorldList.AthenaLoot.Weapon.Shotgun.30.Weight=0.400000 -> OK
[1403] RowUpdate WorldList.AthenaLoot.Weapon.Shotgun.30.ItemDefinition=/DragonCartWeaponGameplay/Gameplay/DragonCart_Pump/WID_Shotgun_Pump_DragonCart_Athena_UC.WID_Shotgun_Pump_DragonCart_Athena_UC -> OK
[1404] RowUpdate WorldList.AthenaLoot.Weapon.Shotgun.31.Weight=0.080000 -> OK
[1405] RowUpdate WorldList.AthenaLoot.Weapon.Shotgun.31.ItemDefinition=/DragonCartWeaponGameplay/Gameplay/DragonCart_Pump/WID_Shotgun_Pump_DragonCart_Athena_R.WID_Shotgun_Pump_DragonCart_Athena_R -> OK
[1406] RowUpdate WorldList.AthenaLoot.Weapon.Shotgun.72.Weight=0.000000 -> OK
[1407] RowUpdate WorldList.AthenaLoot.Weapon.Shotgun.73.Weight=0.000000 -> OK
[1408] RowUpdate WorldList.AthenaLoot.Weapon.Shotgun.74.Weight=0.000000 -> OK
[1409] RowUpdate WorldList.AthenaLoot.Weapon.HighShotgun.103.Weight=0.000000 -> OK
[1410] RowUpdate WorldList.AthenaLoot.Weapon.HighShotgun.104.Weight=0.000000 -> OK
[1411] RowUpdate WorldList.AthenaLoot.Weapon.HighShotgun.105.Weight=0.000000 -> OK
[1412] RowUpdate WorldList.AthenaLoot.Weapon.HighShotgun.106.Weight=0.000000 -> OK
[1413] RowUpdate WorldList.AthenaLoot.Weapon.HighShotgun.123.Weight=0.400000 -> OK
[1414] RowUpdate WorldList.AthenaLoot.Weapon.HighShotgun.124.Weight=0.080000 -> OK
[1415] RowUpdate WorldList.AthenaLoot.Weapon.HighShotgun.125.Weight=0.016000 -> OK
[1416] RowUpdate WorldList.AthenaLoot.Weapon.HighShotgun.126.Weight=0.004000 -> OK
[1417] RowUpdate WorldList.AthenaLoot.Weapon.SMG.15.Weight=0.000000 -> OK
[1418] RowUpdate WorldList.AthenaLoot.Weapon.SMG.16.Weight=0.000000 -> OK
[1419] RowUpdate WorldList.AthenaLoot.Weapon.SMG.17.Weight=0.000000 -> OK
[1420] RowUpdate WorldList.AthenaLoot.Weapon.SMG.57.Weight=0.120000 -> OK
[1421] RowUpdate WorldList.AthenaLoot.Weapon.HighSMG.21.Weight=0.000000 -> OK
[1422] RowUpdate WorldList.AthenaLoot.Weapon.HighSMG.22.Weight=0.000000 -> OK
[1423] RowUpdate WorldList.AthenaLoot.Weapon.HighSMG.23.Weight=0.000000 -> OK
[1424] RowUpdate WorldList.AthenaLoot.Weapon.HighSMG.24.Weight=0.000000 -> OK
[1425] RowUpdate WorldList.AthenaLoot.Weapon.HighSMG.80.Weight=0.200000 -> OK
[1426] RowUpdate WorldList.AthenaLoot.Weapon.HighSMG.81.Weight=0.040000 -> OK
[1427] RowUpdate WorldList.AthenaLoot.Weapon.HighSMG.82.Weight=0.012000 -> OK
[1428] RowUpdate WorldList.AthenaLoot.Weapon.AssaultAuto.84.Weight=1.000000 -> OK
[1429] RowUpdate WorldList.AthenaLoot.Weapon.AssaultAuto.85.Weight=0.400000 -> OK
[1430] RowUpdate WorldList.AthenaLoot.Weapon.AssaultAuto.86.Weight=0.080000 -> OK
[1431] RowUpdate WorldList.AthenaLoot.Weapon.HighAssaultAuto.116.Weight=0.400000 -> OK
[1432] RowUpdate WorldList.AthenaLoot.Weapon.HighAssaultAuto.117.Weight=0.080000 -> OK
[1433] RowUpdate WorldList.AthenaLoot.Weapon.HighAssaultAuto.118.Weight=0.016000 -> OK
[1434] RowUpdate WorldList.AthenaLoot.Weapon.HighAssaultAuto.119.Weight=0.004000 -> OK
[1435] RowUpdate WorldList.ApolloLoot.Weapon.HighShotgun.55.Weight=0.000000 -> OK
[1436] RowUpdate WorldList.ApolloLoot.Weapon.HighShotgun.56.Weight=0.000000 -> OK
[1437] RowUpdate WorldList.ApolloLoot.Weapon.HighShotgun.65.Weight=0.750000 -> OK
[1438] RowUpdate WorldList.ApolloLoot.Weapon.HighShotgun.66.Weight=0.250000 -> OK
[1439] RowUpdate WorldList.ApolloLoot.Weapon.SMG.11.Weight=0.000000 -> OK
[1440] RowUpdate WorldList.ApolloLoot.Weapon.SMG.12.Weight=0.000000 -> OK
[1441] RowUpdate WorldList.ApolloLoot.Weapon.AssaultAuto.59.Weight=0.750000 -> OK
[1442] RowUpdate WorldList.ApolloLoot.Weapon.AssaultAuto.60.Weight=0.250000 -> OK
[1443] RowUpdate WorldList.AthenaSupplyDrop.Weapon.Shotgun.104.Weight=0.000000 -> OK
[1444] RowUpdate WorldList.AthenaSupplyDrop.Weapon.Shotgun.105.Weight=0.000000 -> OK
[1445] RowUpdate WorldList.AthenaSupplyDrop.Weapon.Shotgun.106.Weight=0.000000 -> OK
[1446] RowUpdate WorldList.AthenaSupplyDrop.Weapon.Shotgun.124.Weight=0.250000 -> OK
[1447] RowUpdate WorldList.AthenaSupplyDrop.Weapon.Shotgun.125.Weight=0.125000 -> OK
[1448] RowUpdate WorldList.AthenaSupplyDrop.Weapon.Shotgun.126.Weight=0.025000 -> OK
[1449] RowUpdate WorldList.AthenaSupplyDrop.Weapon.SMG.22.Weight=0.000000 -> OK
[1450] RowUpdate WorldList.AthenaSupplyDrop.Weapon.SMG.23.Weight=0.000000 -> OK
[1451] RowUpdate WorldList.AthenaSupplyDrop.Weapon.SMG.24.Weight=0.000000 -> OK
[1452] RowUpdate WorldList.AthenaSupplyDrop.Weapon.Assault.117.Weight=0.225000 -> OK
[1453] RowUpdate WorldList.AthenaSupplyDrop.Weapon.Assault.118.Weight=0.125000 -> OK
[1454] RowUpdate WorldList.AthenaSupplyDrop.Weapon.Assault.119.Weight=0.025000 -> OK
[1543] RowUpdate WorldList.MythicRandom.04.Weight=1.000000 -> OK
[1544] RowUpdate WorldList.MythicRandom.05.Weight=1.000000 -> OK
[1545] RowUpdate WorldList.MythicRandom.08.Weight=1.000000 -> OK
[1546] RowUpdate WorldList.MythicRandom.09.Weight=1.000000 -> OK
[1547] RowUpdate WorldList.MythicRandom.18.Weight=1.000000 -> OK
[1548] RowUpdate WorldList.MythicRandom.18.ItemDefinition=/MusterCoreWeapons/Items/Weapons/SwordDMR/WID_Sniper_NoScope_ExSword_Athena_UR_EmblemBoss.WID_Sniper_NoScope_ExSword_Athena_UR_EmblemBoss -> OK
[1582] RowUpdate WorldList.AthenaHighConsumables.Utility.07.Weight=0.200000 -> OK
[1583] RowUpdate WorldList.AthenaHighConsumables.Utility.20.Weight=0.000000 -> OK
[1584] RowUpdate WorldList.AthenaHighConsumablesRare.Utility.07.Weight=0.400000 -> OK
[1585] RowUpdate WorldList.AthenaHighConsumablesRare.Utility.20.Weight=0.000000 -> OK
[1586] RowUpdate WorldList.AthenaSupplyDropUtility.07.Weight=0.300000 -> OK
[1587] RowUpdate WorldList.AthenaSupplyDropUtility.20.Weight=0.000000 -> OK
[1588] RowUpdate WorldList.AthenaConsumables.Utility.07.Weight=0.150000 -> OK
[1589] RowUpdate WorldList.AthenaConsumables.Utility.20.Weight=0.000000 -> OK
[1598] RowUpdate WorldList.AthenaLoot.Weapon.SMG.57.Weight=0.000000 -> OK
[HOTFIX:SEASON2] Addrow(TableUpdate) なし -> スキップ
[HOTFIX:SEASON2] done: applied=210, deleted=0, skipped=0
[STEP1-3] merge e:\Fmodel\Exports\FortniteGame\Plugins\GameFeatures\BlastBerryLoot\Content\DataTables\AthenaLootPackages_Client_BlastBerryOverride.json : replaced=244, added=0
[HOTFIX:SEASON3] target=/BlastBerryLoot/DataTables/AthenaLootPackages_Client_BlastBerryOverride
[1042] RowUpdate WorldPKG.AthenaLoot.Weapon.HighShotgun.04.LootPackageCall=WorldList.AthenaSupplyDropUtility -> OK
[1043] RowUpdate WorldPKG.AthenaLoot.Weapon.HighHandgun.04.LootPackageCall=WorldList.AthenaSupplyDropUtility -> OK
[1044] RowUpdate WorldPKG.AthenaLoot.Weapon.HighSMG.04.LootPackageCall=WorldList.AthenaSupplyDropUtility -> OK
[1045] RowUpdate WorldPKG.AthenaLoot.Weapon.HighAssaultAuto.04.LootPackageCall=WorldList.AthenaSupplyDropUtility -> OK
[1046] RowUpdate WorldPKG.AthenaLoot.Weapon.Sniper.04.LootPackageCall=WorldList.AthenaSupplyDropUtility -> OK
[1047] RowUpdate WorldPKG.AthenaLoot.Weapon.HighSniper.04.LootPackageCall=WorldList.AthenaSupplyDropUtility -> OK
[1048] RowUpdate WorldPKG.AthenaLoot.Weapon.HighRocket.04.LootPackageCall=WorldList.AthenaSupplyDropUtility -> OK
[1049] RowUpdate WorldPKG.ApolloLoot.Weapon.HighShotgun.04.LootPackageCall=WorldList.AthenaSupplyDropUtility -> OK
[1050] RowUpdate WorldPKG.ApolloLoot.Weapon.SMG.04.LootPackageCall=WorldList.AthenaSupplyDropUtility -> OK
[1051] RowUpdate WorldPKG.ApolloLoot.Weapon.AssaultAuto.04.LootPackageCall=WorldList.AthenaSupplyDropUtility -> OK
[1052] RowUpdate WorldPKG.ApolloLoot.Weapon.Sniper.04.LootPackageCall=WorldList.AthenaSupplyDropUtility -> OK
[1053] RowUpdate WorldPKG.ApolloLoot.Weapon.Rocket.04.LootPackageCall=WorldList.AthenaSupplyDropUtility -> OK
[1054] RowUpdate WorldPKG.ApolloLoot.Weapon.HighHandgun.04.LootPackageCall=WorldList.AthenaSupplyDropUtility -> OK
[1055] RowUpdate WorldPKG.AthenaSupplyDrop.Weapon.Assault.04.LootPackageCall=WorldList.AthenaSupplyDropUtility -> OK
[1056] RowUpdate WorldPKG.AthenaSupplyDrop.Weapon.Shotgun.04.LootPackageCall=WorldList.AthenaSupplyDropUtility -> OK
[1057] RowUpdate WorldPKG.AthenaSupplyDrop.Weapon.Sniper.04.LootPackageCall=WorldList.AthenaSupplyDropUtility -> OK
[1058] RowUpdate WorldPKG.AthenaSupplyDrop.Weapon.Rocket.04.LootPackageCall=WorldList.AthenaSupplyDropUtility -> OK
[1059] RowUpdate WorldPKG.AthenaSupplyDrop.Weapon.SMG.04.LootPackageCall=WorldList.AthenaSupplyDropUtility -> OK
[1060] RowUpdate WorldPKG.AthenaSupplyDrop.Weapon.Handgun.04.LootPackageCall=WorldList.AthenaSupplyDropUtility -> OK
[1529] RowUpdate WorldPKG.AthenaLoot.Weapon.HighShotgun.03.Weight=0.620000 -> OK
[1530] RowUpdate WorldPKG.AthenaLoot.Weapon.HighShotgun.04.Weight=0.380000 -> OK
[1531] RowUpdate WorldPKG.AthenaLoot.Weapon.HighHandgun.03.Weight=0.620000 -> OK
[1532] RowUpdate WorldPKG.AthenaLoot.Weapon.HighHandgun.04.Weight=0.380000 -> OK
[1533] RowUpdate WorldPKG.AthenaLoot.Weapon.HighSMG.03.Weight=0.620000 -> OK
[1534] RowUpdate WorldPKG.AthenaLoot.Weapon.HighSMG.04.Weight=0.380000 -> OK
[1535] RowUpdate WorldPKG.AthenaLoot.Weapon.HighAssaultAuto.03.Weight=0.620000 -> OK
[1536] RowUpdate WorldPKG.AthenaLoot.Weapon.HighAssaultAuto.04.Weight=0.380000 -> OK
[1537] RowUpdate WorldPKG.AthenaLoot.Weapon.HighSniper.03.Weight=0.620000 -> OK
[1538] RowUpdate WorldPKG.AthenaLoot.Weapon.HighSniper.04.Weight=0.380000 -> OK
[1539] RowUpdate WorldPKG.AthenaLoot.Weapon.HighRocket.03.Weight=0.620000 -> OK
[1540] RowUpdate WorldPKG.AthenaLoot.Weapon.HighRocket.04.Weight=0.380000 -> OK
[1541] RowUpdate WorldPKG.AthenaLoot.Consumable.01.Weight=0.700000 -> OK
[1542] RowUpdate WorldPKG.AthenaLoot.Consumable.02.Weight=0.300000 -> OK
[HOTFIX:SEASON3] Addrow(TableUpdate) なし -> スキップ
[HOTFIX:SEASON3] done: applied=33, deleted=0, skipped=0
[STEP1-4] merge e:\Fmodel\Exports\FortniteGame\Plugins\GameFeatures\BlastBerryLoot\Content\DataTables\BlastBerry_AthenaLootPackages_Unranked.json : replaced=0, added=16
[HOTFIX:SEASON4] target=/BlastBerryLoot/DataTables/BlastBerry_AthenaLootPackages_Unranked
[HOTFIX:SEASON4] Addrow(TableUpdate) なし -> スキップ
[HOTFIX:SEASON4] done: applied=0, deleted=0, skipped=0
[STEP1-5] merge e:\Fmodel\Exports\FortniteGame\Plugins\GameFeatures\BlastBerryLoot\Content\DataTables\PiperBoot\PiperBootLootPackages.json : replaced=3, added=180
[HOTFIX:SEASON5] target=/BlastBerryLoot/DataTables/PiperBoot/PiperBootLootPackages
[HOTFIX:SEASON5] Addrow(TableUpdate) なし -> スキップ
[HOTFIX:SEASON5] done: applied=0, deleted=0, skipped=0
[WRITE] final -> E:\フォートナイト\Picture\Loot Pool\TEST4\New Loot\System Update\Reload\PiperBoot\input\AthenaLootPackages_Client__final.json
[WRITE] per-input -> E:\フォートナイト\Picture\Loot Pool\TEST4\New Loot\System Update\Reload\PiperBoot\input\BlastBerryLootPackages__final.json
[WRITE] per-input -> E:\フォートナイト\Picture\Loot Pool\TEST4\New Loot\System Update\Reload\PiperBoot\input\AthenaLootPackages_Client_BlastBerryOverride__final.json
[WRITE] per-input -> E:\フォートナイト\Picture\Loot Pool\TEST4\New Loot\System Update\Reload\PiperBoot\input\BlastBerry_AthenaLootPackages_Unranked__final.json
[WRITE] per-input -> E:\フォートナイト\Picture\Loot Pool\TEST4\New Loot\System Update\Reload\PiperBoot\input\PiperBootLootPackages__final.json
2026-05-29 09:41:08 | INFO | hotfix start: E:\フォートナイト\Picture\Loot Pool\TEST4\New Loot\System Update\LootTier.py
2026-05-29 09:41:09 | INFO | hotfix lt stdout: [STEP1-1] base e:\Fmodel\Exports\FortniteGame\Content\Items\DataTables\AthenaLootTierData_Client.json
[HOTFIX:SEASON1] target=/Game/Items/Datatables/AthenaLootTierData_Client
[HOTFIX:SEASON1] done: applied=0, deleted=0, skipped=0
[STEP1-2] merge e:\Fmodel\Exports\FortniteGame\Plugins\GameFeatures\BlastBerryLoot\Content\DataTables\BlastBerryTierData.json : replaced=1, added=78
[HOTFIX:SEASON2] target=/BlastBerryLoot/DataTables/BlastBerryTierData
[HOTFIX:SEASON2] done: applied=0, deleted=0, skipped=0
[STEP1-3] merge e:\Fmodel\Exports\FortniteGame\Plugins\GameFeatures\BlastBerryLoot\Content\DataTables\AthenaLootTierData_Client_BlastBerryOverride.json : replaced=264, added=0
[HOTFIX:SEASON3] target=/BlastBerryLoot/DataTables/AthenaLootTierData_Client_BlastBerryOverride
[HOTFIX:SEASON3] done: applied=0, deleted=0, skipped=0
[WRITE] final -> E:\フォートナイト\Picture\Loot Pool\TEST4\New Loot\System Update\Reload\PiperBoot\input\AthenaLootTierData_Client__final.json
[WRITE] per-input -> E:\フォートナイト\Picture\Loot Pool\TEST4\New Loot\System Update\Reload\PiperBoot\input\BlastBerryTierData__final.json
[WRITE] per-input -> E:\フォートナイト\Picture\Loot Pool\TEST4\New Loot\System Update\Reload\PiperBoot\input\AthenaLootTierData_Client_BlastBerryOverride__final.json
2026-05-29 09:41:09 | INFO | ✓ Hotfix 適用完了 (0.87s)
2026-05-29 09:41:09 | INFO | load lt: E:\フォートナイト\Picture\Loot Pool\TEST4\New Loot\System Update\Reload\PiperBoot\input\AthenaLootTierData_Client__final.json
2026-05-29 09:41:09 | INFO | load lp: E:\フォートナイト\Picture\Loot Pool\TEST4\New Loot\System Update\Reload\PiperBoot\input\AthenaLootPackages_Client__final.json
2026-05-29 09:41:09 | INFO | load done (0.03s)
2026-05-29 09:41:09 | INFO | build summary start
2026-05-29 09:41:09 | INFO | build summary done (0.03s)
2026-05-29 09:41:09 | INFO | enrich summary with names start
2026-05-29 09:41:09 | INFO | enrich summary done (0.00s)
2026-05-29 09:41:09 | INFO | ✅ まとめJSONを作成: E:\フォートナイト\Picture\Loot Pool\TEST4\New Loot\System Update\Reload\PiperBoot\output\summary\v39.30_2026-05-29_09-41.json
2026-05-29 09:41:09 | INFO | build item metadata start
2026-05-29 09:41:09 | INFO | ✅ アイテム名・説明・タグJSONを更新: E:\フォートナイト\Picture\Loot Pool\TEST4\New Loot\System Update\shared\cache\item_metadata.json (0.02s)
2026-05-29 09:41:09 | INFO | build BR_LootData start
2026-05-29 09:41:09 | INFO | build BR_LootData done (0.00s)
2026-05-29 09:41:09 | INFO | ✅ BR_LootData を作成: E:\フォートナイト\Picture\Loot Pool\TEST4\New Loot\System Update\戦利品データ\Reload\PiperBoot\PiperBoot_LootData_2026-05-29_09-41.json
2026-05-29 09:41:09 | INFO | ✅ Web LootPool を更新: E:\フォートナイト\Web\assets\data\Loot\PiperBoot_LootPool.json
2026-05-29 09:41:09 | INFO | LootSummary start: E:\フォートナイト\Picture\Loot Pool\TEST4\New Loot\System Update\Reload\PiperBoot\scripts\LootSummary.py
2026-05-29 09:41:09 | INFO | LootSummary stdout: 🔎 抽出用: 最新ファイル = E:\フォートナイト\Picture\Loot Pool\TEST4\New Loot\System Update\Reload\PiperBoot\output\summary\v39.30_2026-05-29_09-41.json
✅ 抽出件数: 185
💾 保存: E:\フォートナイト\Picture\Loot Pool\TEST4\New Loot\System Update\Reload\PiperBoot\input\items_unique_min.json
🔎 比較用: base   = E:\フォートナイト\Picture\Loot Pool\TEST4\New Loot\System Update\Reload\PiperBoot\output\summary\v39.30_2026-05-05_04-37.json
🔎 比較用: target = E:\フォートナイト\Picture\Loot Pool\TEST4\New Loot\System Update\Reload\PiperBoot\output\summary\v39.30_2026-05-29_09-41.json
✅ 差分作成 完了
  追加   : 25 / 削除 : 2 / 変更 : 0 / 変化なし : 160
💾 差分: E:\フォートナイト\Picture\Loot Pool\TEST4\New Loot\System Update\Reload\PiperBoot\output\history\BR_20260529_0941\items_unique_min_diff.json
2026-05-29 09:41:09 | WARNING | LootSummary stderr: E:\フォートナイト\Picture\Loot Pool\TEST4\New Loot\System Update\Reload\PiperBoot\scripts\LootSummary.py:2: SyntaxWarning: invalid escape sequence '\B'
  """
2026-05-29 09:41:09 | INFO | ✅ LootSummary 実行完了（抽出→比較） (0.27s)
2026-05-29 09:41:09 | INFO | prewarm start
