2026-03-20 07:54:33 | INFO | log file: E:\フォートナイト\Picture\Loot Pool\TEST4\New Loot\System Update\Reload\PiperBoot\output\logs\pipeline_2026-03-20_07-54-33.log
2026-03-20 07:54:33 | INFO | ===== PiperBoot: pipeline start =====
2026-03-20 07:54:33 | INFO | paths: lt=E:\フォートナイト\Picture\Loot Pool\TEST4\New Loot\System Update\Reload\PiperBoot\input\AthenaLootTierData_Client__final.json lp=E:\フォートナイト\Picture\Loot Pool\TEST4\New Loot\System Update\Reload\PiperBoot\input\AthenaLootPackages_Client__final.json minlist=E:\フォートナイト\Picture\Loot Pool\TEST4\New Loot\System Update\Reload\PiperBoot\input\items_unique_min.json
2026-03-20 07:54:33 | INFO | output: summary=E:\フォートナイト\Picture\Loot Pool\TEST4\New Loot\System Update\Reload\PiperBoot\output\summary lootdata=E:\フォートナイト\Picture\Loot Pool\TEST4\New Loot\System Update\戦利品データ\Reload\PiperBoot
2026-03-20 07:54:33 | INFO | flags: hotfix=True prewarm=True image=True workers=8
2026-03-20 07:54:33 | INFO | hotfix start: E:\フォートナイト\Picture\Loot Pool\TEST4\New Loot\System Update\LootPackage.py
2026-03-20 07:54:34 | INFO | hotfix lp stdout: [STEP1-1] base e:\Fmodel\Exports\FortniteGame\Content\Items\DataTables\AthenaLootPackages_Client.json
[HOTFIX:SEASON1] target=/Game/Items/Datatables/AthenaLootPackages_Client
[HOTFIX:SEASON1] Addrow(TableUpdate) なし -> スキップ
[HOTFIX:SEASON1] done: applied=0, deleted=0, skipped=0
[STEP1-2] merge e:\Fmodel\Exports\FortniteGame\Plugins\GameFeatures\BlastBerryLoot\Content\DataTables\BlastBerryLootPackages.json : replaced=613, added=1443
[HOTFIX:SEASON2] target=/BlastBerryLoot/DataTables/BlastBerryLootPackages
[802] RowUpdate WorldList.AthenaLoot.Weapon.Shotgun.04.Weight=1.000000 -> OK
[803] RowUpdate WorldList.AthenaLoot.Weapon.Shotgun.05.Weight=0.400000 -> OK
[804] RowUpdate WorldList.AthenaLoot.Weapon.Shotgun.06.Weight=0.080000 -> OK
[805] RowUpdate WorldList.AthenaLoot.Weapon.Shotgun.66.Weight=0.000000 -> OK
[806] RowUpdate WorldList.AthenaLoot.Weapon.Shotgun.67.Weight=0.000000 -> OK
[807] RowUpdate WorldList.AthenaLoot.Weapon.Shotgun.68.Weight=0.000000 -> OK
[808] RowUpdate WorldList.AthenaLoot.Weapon.HighShotgun.05.Weight=0.400000 -> OK
[809] RowUpdate WorldList.AthenaLoot.Weapon.HighShotgun.06.Weight=0.080000 -> OK
[810] RowUpdate WorldList.AthenaLoot.Weapon.HighShotgun.07.Weight=0.016000 -> OK
[811] RowUpdate WorldList.AthenaLoot.Weapon.HighShotgun.08.Weight=0.004000 -> OK
[812] RowUpdate WorldList.AthenaLoot.Weapon.HighShotgun.95.Weight=0.000000 -> OK
[813] RowUpdate WorldList.AthenaLoot.Weapon.HighShotgun.96.Weight=0.000000 -> OK
[814] RowUpdate WorldList.AthenaLoot.Weapon.HighShotgun.97.Weight=0.000000 -> OK
[815] RowUpdate WorldList.AthenaLoot.Weapon.HighShotgun.98.Weight=0.000000 -> OK
[816] RowUpdate WorldList.ApolloLoot.Weapon.HighShotgun.03.Weight=0.750000 -> OK
[817] RowUpdate WorldList.ApolloLoot.Weapon.HighShotgun.04.Weight=0.250000 -> OK
[818] RowUpdate WorldList.ApolloLoot.Weapon.HighShotgun.51.Weight=0.000000 -> OK
[819] RowUpdate WorldList.ApolloLoot.Weapon.HighShotgun.52.Weight=0.000000 -> OK
[820] RowUpdate WorldList.AthenaSupplyDrop.Weapon.Shotgun.06.Weight=0.250000 -> OK
[821] RowUpdate WorldList.AthenaSupplyDrop.Weapon.Shotgun.07.Weight=0.125000 -> OK
[822] RowUpdate WorldList.AthenaSupplyDrop.Weapon.Shotgun.08.Weight=0.025000 -> OK
[823] RowUpdate WorldList.AthenaSupplyDrop.Weapon.Shotgun.96.Weight=0.000000 -> OK
[824] RowUpdate WorldList.AthenaSupplyDrop.Weapon.Shotgun.97.Weight=0.000000 -> OK
[825] RowUpdate WorldList.AthenaSupplyDrop.Weapon.Shotgun.98.Weight=0.000000 -> OK
[826] RowUpdate WorldList.AthenaSupplyDrop.Weapon.Shotgun.104.Weight=0.000000 -> OK
[827] RowUpdate WorldList.AthenaSupplyDrop.Weapon.Shotgun.105.Weight=0.000000 -> OK
[828] RowUpdate WorldList.AthenaSupplyDrop.Weapon.Shotgun.106.Weight=0.000000 -> OK
[860] RowUpdate WorldList.AthenaHighConsumables.Utility.11.CountRange=(X=2,Y=2) -> SKIP(no row)
[861] RowUpdate WorldList.AthenaHighConsumablesRare.Utility.11.CountRange=(X=2,Y=2) -> SKIP(no row)
[862] RowUpdate WorldList.AthenaSupplyDropUtility.11.CountRange=(X=2,Y=2) -> OK
[863] RowUpdate WorldList.AthenaConsumables.Utility.11.CountRange=(X=2,Y=2) -> SKIP(no row)
[HOTFIX:SEASON2] Addrow(TableUpdate) なし -> スキップ
[HOTFIX:SEASON2] done: applied=28, deleted=0, skipped=3
[STEP1-3] merge e:\Fmodel\Exports\FortniteGame\Plugins\GameFeatures\BlastBerryLoot\Content\DataTables\AthenaLootPackages_Client_BlastBerryOverride.json : replaced=32, added=0
[HOTFIX:SEASON3] target=/BlastBerryLoot/DataTables/AthenaLootPackages_Client_BlastBerryOverride
[864] RowUpdate WorldPKG.AthenaLoot.Weapon.HighShotgun.04.LootPackageCall=WorldList.AthenaSupplyDropUtility -> OK
[865] RowUpdate WorldPKG.AthenaLoot.Weapon.HighHandgun.04.LootPackageCall=WorldList.AthenaSupplyDropUtility -> OK
[866] RowUpdate WorldPKG.AthenaLoot.Weapon.HighSMG.04.LootPackageCall=WorldList.AthenaSupplyDropUtility -> OK
[867] RowUpdate WorldPKG.AthenaLoot.Weapon.HighAssaultAuto.04.LootPackageCall=WorldList.AthenaSupplyDropUtility -> OK
[868] RowUpdate WorldPKG.AthenaLoot.Weapon.Sniper.04.LootPackageCall=WorldList.AthenaSupplyDropUtility -> OK
[869] RowUpdate WorldPKG.AthenaLoot.Weapon.HighSniper.04.LootPackageCall=WorldList.AthenaSupplyDropUtility -> OK
[870] RowUpdate WorldPKG.AthenaLoot.Weapon.HighRocket.04.LootPackageCall=WorldList.AthenaSupplyDropUtility -> OK
[871] RowUpdate WorldPKG.ApolloLoot.Weapon.HighShotgun.04.LootPackageCall=WorldList.AthenaSupplyDropUtility -> OK
[872] RowUpdate WorldPKG.ApolloLoot.Weapon.SMG.04.LootPackageCall=WorldList.AthenaSupplyDropUtility -> OK
[873] RowUpdate WorldPKG.ApolloLoot.Weapon.AssaultAuto.04.LootPackageCall=WorldList.AthenaSupplyDropUtility -> OK
[874] RowUpdate WorldPKG.ApolloLoot.Weapon.Sniper.04.LootPackageCall=WorldList.AthenaSupplyDropUtility -> OK
[875] RowUpdate WorldPKG.ApolloLoot.Weapon.Rocket.04.LootPackageCall=WorldList.AthenaSupplyDropUtility -> OK
[876] RowUpdate WorldPKG.ApolloLoot.Weapon.HighHandgun.04.LootPackageCall=WorldList.AthenaSupplyDropUtility -> OK
[877] RowUpdate WorldPKG.AthenaSupplyDrop.Weapon.Assault.04.LootPackageCall=WorldList.AthenaSupplyDropUtility -> OK
[878] RowUpdate WorldPKG.AthenaSupplyDrop.Weapon.Shotgun.04.LootPackageCall=WorldList.AthenaSupplyDropUtility -> OK
[879] RowUpdate WorldPKG.AthenaSupplyDrop.Weapon.Sniper.04.LootPackageCall=WorldList.AthenaSupplyDropUtility -> OK
[880] RowUpdate WorldPKG.AthenaSupplyDrop.Weapon.Rocket.04.LootPackageCall=WorldList.AthenaSupplyDropUtility -> OK
[881] RowUpdate WorldPKG.AthenaSupplyDrop.Weapon.SMG.04.LootPackageCall=WorldList.AthenaSupplyDropUtility -> OK
[882] RowUpdate WorldPKG.AthenaSupplyDrop.Weapon.Handgun.04.LootPackageCall=WorldList.AthenaSupplyDropUtility -> OK
[HOTFIX:SEASON3] Addrow(TableUpdate) なし -> スキップ
[HOTFIX:SEASON3] done: applied=19, deleted=0, skipped=0
[STEP1-4] merge e:\Fmodel\Exports\FortniteGame\Plugins\GameFeatures\BlastBerryLoot\Content\DataTables\BlastBerry_AthenaLootPackages_Unranked.json : replaced=0, added=16
[HOTFIX:SEASON4] target=/BlastBerryLoot/DataTables/BlastBerry_AthenaLootPackages_Unranked
[HOTFIX:SEASON4] Addrow(TableUpdate) なし -> スキップ
[HOTFIX:SEASON4] done: applied=0, deleted=0, skipped=0
[STEP1-5] merge e:\Fmodel\Exports\FortniteGame\Plugins\GameFeatures\BlastBerryLoot\Content\DataTables\PiperBoot\PiperBootLootPackages.json : replaced=3, added=180
[HOTFIX:SEASON5] target=/BlastBerryLoot/DataTables/PiperBoot/PiperBootLootPackages
[792] RowUpdate WorldList.AthenaHighConsumables.Utility.101.Weight=0.050000 -> SKIP(no row)
[793] RowUpdate WorldList.AthenaHighConsumables.Utility.102.Weight=0.000000 -> SKIP(no row)
[794] RowUpdate WorldList.AthenaHighConsumablesRare.Utility.101.Weight=0.050000 -> SKIP(no row)
[795] RowUpdate WorldList.AthenaHighConsumablesRare.Utility.102.Weight=0.000000 -> SKIP(no row)
[796] RowUpdate WorldList.AthenaSupplyDropConsumables.101.Weight=0.050000 -> OK
[797] RowUpdate WorldList.AthenaSupplyDropConsumables.102.Weight=0.000000 -> OK
[798] RowUpdate WorldList.AthenaSupplyDropUtility.101.Weight=0.050000 -> OK
[799] RowUpdate WorldList.AthenaSupplyDropUtility.102.Weight=0.000000 -> OK
[800] RowUpdate WorldList.AthenaConsumables.Utility.101.Weight=0.050000 -> SKIP(no row)
[801] RowUpdate WorldList.AthenaConsumables.Utility.102.Weight=0.000000 -> SKIP(no row)
[HOTFIX:SEASON5] Addrow(TableUpdate) なし -> スキップ
[HOTFIX:SEASON5] done: applied=4, deleted=0, skipped=6
[WRITE] final -> E:\フォートナイト\Picture\Loot Pool\TEST4\New Loot\System Update\Reload\PiperBoot\input\AthenaLootPackages_Client__final.json
[WRITE] per-input -> E:\フォートナイト\Picture\Loot Pool\TEST4\New Loot\System Update\Reload\PiperBoot\input\BlastBerryLootPackages__final.json
[WRITE] per-input -> E:\フォートナイト\Picture\Loot Pool\TEST4\New Loot\System Update\Reload\PiperBoot\input\AthenaLootPackages_Client_BlastBerryOverride__final.json
[WRITE] per-input -> E:\フォートナイト\Picture\Loot Pool\TEST4\New Loot\System Update\Reload\PiperBoot\input\BlastBerry_AthenaLootPackages_Unranked__final.json
[WRITE] per-input -> E:\フォートナイト\Picture\Loot Pool\TEST4\New Loot\System Update\Reload\PiperBoot\input\PiperBootLootPackages__final.json
2026-03-20 07:54:34 | INFO | hotfix start: E:\フォートナイト\Picture\Loot Pool\TEST4\New Loot\System Update\LootTier.py
2026-03-20 07:54:34 | INFO | hotfix lt stdout: [STEP1-1] base e:\Fmodel\Exports\FortniteGame\Content\Items\DataTables\AthenaLootTierData_Client.json
[HOTFIX:SEASON1] target=/Game/Items/Datatables/AthenaLootTierData_Client
[HOTFIX:SEASON1] done: applied=0, deleted=0, skipped=0
[STEP1-2] merge e:\Fmodel\Exports\FortniteGame\Plugins\GameFeatures\BlastBerryLoot\Content\DataTables\BlastBerryTierData.json : replaced=1, added=60
[HOTFIX:SEASON2] target=/BlastBerryLoot/DataTables/BlastBerryTierData
[HOTFIX:SEASON2] done: applied=0, deleted=0, skipped=0
[STEP1-3] merge e:\Fmodel\Exports\FortniteGame\Plugins\GameFeatures\BlastBerryLoot\Content\DataTables\AthenaLootTierData_Client_BlastBerryOverride.json : replaced=264, added=0
[HOTFIX:SEASON3] target=/BlastBerryLoot/DataTables/AthenaLootTierData_Client_BlastBerryOverride
[HOTFIX:SEASON3] done: applied=0, deleted=0, skipped=0
[WRITE] final -> E:\フォートナイト\Picture\Loot Pool\TEST4\New Loot\System Update\Reload\PiperBoot\input\AthenaLootTierData_Client__final.json
[WRITE] per-input -> E:\フォートナイト\Picture\Loot Pool\TEST4\New Loot\System Update\Reload\PiperBoot\input\BlastBerryTierData__final.json
[WRITE] per-input -> E:\フォートナイト\Picture\Loot Pool\TEST4\New Loot\System Update\Reload\PiperBoot\input\AthenaLootTierData_Client_BlastBerryOverride__final.json
2026-03-20 07:54:34 | INFO | ✓ Hotfix 適用完了 (0.86s)
2026-03-20 07:54:34 | INFO | load lt: E:\フォートナイト\Picture\Loot Pool\TEST4\New Loot\System Update\Reload\PiperBoot\input\AthenaLootTierData_Client__final.json
2026-03-20 07:54:34 | INFO | load lp: E:\フォートナイト\Picture\Loot Pool\TEST4\New Loot\System Update\Reload\PiperBoot\input\AthenaLootPackages_Client__final.json
2026-03-20 07:54:34 | INFO | load done (0.03s)
2026-03-20 07:54:34 | INFO | build summary start
2026-03-20 07:54:34 | INFO | build summary done (0.03s)
2026-03-20 07:54:34 | INFO | enrich summary with names start
2026-03-20 07:54:34 | INFO | enrich summary done (0.00s)
2026-03-20 07:54:34 | INFO | ✅ まとめJSONを作成: E:\フォートナイト\Picture\Loot Pool\TEST4\New Loot\System Update\Reload\PiperBoot\output\summary\v39.30_2026-03-20_07-54.json
2026-03-20 07:54:34 | INFO | build BR_LootData start
2026-03-20 07:54:34 | INFO | build BR_LootData done (0.00s)
2026-03-20 07:54:34 | INFO | ✅ BR_LootData を作成: E:\フォートナイト\Picture\Loot Pool\TEST4\New Loot\System Update\戦利品データ\Reload\PiperBoot\PiperBoot_LootData_2026-03-20_07-54.json
2026-03-20 07:54:34 | INFO | ✅ Web LootPool を更新: E:\フォートナイト\Web\assets\data\Loot\PiperBoot_LootPool.json
2026-03-20 07:54:34 | INFO | LootSummary start: E:\フォートナイト\Picture\Loot Pool\TEST4\New Loot\System Update\Reload\PiperBoot\scripts\LootSummary.py
2026-03-20 07:54:35 | INFO | LootSummary stdout: 🔎 抽出用: 最新ファイル = E:\フォートナイト\Picture\Loot Pool\TEST4\New Loot\System Update\Reload\PiperBoot\output\summary\v39.30_2026-03-20_07-54.json
✅ 抽出件数: 166
💾 保存: E:\フォートナイト\Picture\Loot Pool\TEST4\New Loot\System Update\Reload\PiperBoot\input\items_unique_min.json
🔎 比較用: base   = E:\フォートナイト\Picture\Loot Pool\TEST4\New Loot\System Update\Reload\PiperBoot\output\summary\v39.30_2026-03-10_07-30.json
🔎 比較用: target = E:\フォートナイト\Picture\Loot Pool\TEST4\New Loot\System Update\Reload\PiperBoot\output\summary\v39.30_2026-03-20_07-54.json
✅ 差分作成 完了
  追加   : 57 / 削除 : 58 / 変更 : 0 / 変化なし : 109
💾 差分: E:\フォートナイト\Picture\Loot Pool\TEST4\New Loot\System Update\Reload\PiperBoot\output\history\BR_20260320_0754\items_unique_min_diff.json
2026-03-20 07:54:35 | WARNING | LootSummary stderr: E:\フォートナイト\Picture\Loot Pool\TEST4\New Loot\System Update\Reload\PiperBoot\scripts\LootSummary.py:2: SyntaxWarning: invalid escape sequence '\B'
  """
2026-03-20 07:54:35 | INFO | ✅ LootSummary 実行完了（抽出→比較） (0.32s)
2026-03-20 07:54:35 | INFO | prewarm start
2026-03-20 07:54:37 | INFO | ✅ アイコンキャッシュ プリウォーム完了 (2.47s)
2026-03-20 07:54:37 | INFO | 画像化タスク数: 166
2026-03-20 07:54:37 | INFO | 画像生成 進捗: 1/166
2026-03-20 07:54:38 | INFO | 画像生成 進捗: 50/166
2026-03-20 07:54:38 | INFO | 画像生成 進捗: 100/166
2026-03-20 07:54:39 | INFO | 画像生成 進捗: 150/166
2026-03-20 07:54:39 | INFO | 画像生成 進捗: 166/166
2026-03-20 07:54:39 | INFO | ✅ 画像生成 完了（MinListベース）
2026-03-20 07:54:39 | INFO | ✅ Loot diff を作成: E:\フォートナイト\Web\assets\data\Loot\diff\PiperBoot_2026-03-20_07-54-39.json (added=63 removed=61 change=96)
2026-03-20 07:54:40 | INFO | ✅ AddedItems 画像を保存: E:\フォートナイト\Picture\Loot Pool\TEST4\New Loot\System Update\shared\images\PiperBoot\AddedItems\2026-03-20_07-54-39 (copied=63 missing=0)
2026-03-20 07:54:40 | INFO | git add: E:\フォートナイト\Picture\Loot Pool\TEST4\New Loot
2026-03-20 07:54:43 | INFO | git commit stdout: [main dc7c547] PiperBoot update 2026-03-20 07:54:41
 80 files changed, 86411 insertions(+), 16041 deletions(-)
 create mode 100644 System Update/Reload/PiperBoot/output/history/BR_20260320_0754/items_unique_min_diff.json
 create mode 100644 System Update/Reload/PiperBoot/output/logs/pipeline_2026-03-20_07-54-33.log
 create mode 100644 System Update/Reload/PiperBoot/output/summary/v39.30_2026-03-20_07-54.json
 create mode 100644 "System Update/shared/images/PiperBoot/AddedItems/2026-03-20_07-54-39/\343\203\206\343\202\243\343\202\2421 - \343\202\265\343\202\244\343\203\254\343\203\263\343\202\265\343\203\274\344\273\230\343\201\215\343\203\224\343\202\271\343\203\210\343\203\253.png"
 create mode 100644 "System Update/shared/images/PiperBoot/AddedItems/2026-03-20_07-54-39/\343\203\206\343\202\243\343\202\2421 - \343\202\271\343\203\210\343\203\251\343\202\244\343\202\253\343\203\274\343\203\220\343\203\274\343\202\271\343\203\210\343\203\251\343\202\244\343\203\225\343\203\253.png"
 create mode 100644 "System Update/shared/images/PiperBoot/AddedItems/2026-03-20_07-54-39/\343\203\206\343\202\243\343\202\2421 - \343\202\273\343\203\263\343\203\201\343\203\215\343\203\253 \343\203\235\343\203\263\343\203\227\343\202\267\343\203\247\343\203\203\343\203\210\343\202\254\343\203\263.png"
 create mode 100644 "System Update/shared/images/PiperBoot/AddedItems/2026-03-20_07-54-39/\343\203\206\343\202\243\343\202\2421 - \343\203\235\343\203\263\343\203\227\343\202\267\343\203\247\343\203\203\343\203\210\343\202\254\343\203\263.png"
 create mode 100644 "System Update/shared/images/PiperBoot/AddedItems/2026-03-20_07-54-39/\343\203\206\343\202\243\343\202\2422 - \343\202\265\343\202\244\343\203\254\343\203\263\343\202\265\343\203\274\344\273\230\343\201\215\343\203\224\343\202\271\343\203\210\343\203\253.png"
 create mode 100644 "System Update/shared/images/PiperBoot/AddedItems/2026-03-20_07-54-39/\343\203\206\343\202\243\343\202\2422 - \343\202\271\343\203\210\343\203\251\343\202\244\343\202\253\343\203\274\343\203\220\343\203\274\343\202\271\343\203\210\343\203\251\343\202\244\343\203\225\343\203\253.png"
 create mode 100644 "System Update/shared/images/PiperBoot/AddedItems/2026-03-20_07-54-39/\343\203\206\343\202\243\343\202\2422 - \343\202\271\343\203\251\343\203\203\343\203\227\343\203\231\343\203\252\343\203\274.png"
 create mode 100644 "System Update/shared/images/PiperBoot/AddedItems/2026-03-20_07-54-39/\343\203\206\343\202\243\343\202\2422 - \343\202\273\343\203\263\343\203\201\343\203\215\343\203\253 \343\203\235\343\203\263\343\203\227\343\202\267\343\203\247\343\203\203\343\203\210\343\202\254\343\203\263.png"
 create mode 100644 "System Update/shared/images/PiperBoot/AddedItems/2026-03-20_07-54-39/\343\203\206\343\202\243\343\202\2422 - \343\203\204\343\202\244\343\203\263\343\203\225\343\202\241\343\202\244\343\202\242 \343\202\252\343\203\274\343\203\210\343\202\267\343\203\247\343\203\203\343\203\210\343\202\254\343\203\263.png"
 create mode 100644 "System Update/shared/images/PiperBoot/AddedItems/2026-03-20_07-54-39/\343\203\206\343\202\243\343\202\2422 - \343\203\207\343\203\203\343\203\211\343\202\242\343\202\244DMR.png"
 create mode 100644 "System Update/shared/images/PiperBoot/AddedItems/2026-03-20_07-54-39/\343\203\206\343\202\243\343\202\2422 - \343\203\217\343\202\244\343\203\221\343\203\274\343\203\220\343\203\274\343\202\271\343\203\210\343\203\273\343\203\224\343\202\271\343\203\210\343\203\253.png"
 create mode 100644 "System Update/shared/images/PiperBoot/AddedItems/2026-03-20_07-54-39/\343\203\206\343\202\243\343\202\2422 - \343\203\235\343\203\263\343\203\227\343\202\267\343\203\247\343\203\203\343\203\210\343\202\254\343\203\263.png"
 create mode 100644 "System Update/shared/images/PiperBoot/AddedItems/2026-03-20_07-54-39/\343\203\206\343\202\243\343\202\2422 - \343\203\242\343\203\253\343\203\225\343\202\241\343\202\244\343\203\210\343\203\273\343\202\242\343\202\265\343\203\253\343\203\210\343\203\251\343\202\244\343\203\225\343\203\253.png"
 create mode 100644 "System Update/shared/images/PiperBoot/AddedItems/2026-03-20_07-54-39/\343\203\206\343\202\243\343\202\2422 - \343\203\242\343\203\253\343\203\225\343\202\241\343\202\244\343\203\210\343\203\273\343\202\277\343\202\257\343\203\206\343\202\243\343\202\253\343\203\253\343\202\267\343\203\247\343\203\203\343\203\210\343\202\254\343\203\263.png"
 create mode 100644 "System Update/shared/images/PiperBoot/AddedItems/2026-03-20_07-54-39/\343\203\206\343\202\243\343\202\2422 - \343\203\242\343\203\253\343\203\225\343\202\241\343\202\244\343\203\210\343\203\273\343\203\230\343\203\223\343\203\274\343\202\242\343\202\265\343\203\253\343\203\210\343\203\251\343\202\244\343\203\225\343\203\253.png"
 create mode 100644 "System Update/shared/images/PiperBoot/AddedItems/2026-03-20_07-54-39/\343\203\206\343\202\243\343\202\2422 - \343\203\242\343\203\253\343\203\225\343\202\241\343\202\244\343\203\210\343\203\273\343\203\235\343\203\263\343\203\227\343\202\267\343\203\247\343\203\203\343\203\210\343\202\254\343\203\263.png"
 create mode 100644 "System Update/shared/images/PiperBoot/AddedItems/2026-03-20_07-54-39/\343\203\206\343\202\243\343\202\2422 - \343\203\254\343\203\263\343\202\270\343\203\243\343\203\274\343\202\267\343\203\247\343\203\203\343\203\210\343\202\254\343\203\263.png"
 create mode 100644 "System Update/shared/images/PiperBoot/AddedItems/2026-03-20_07-54-39/\343\203\206\343\202\243\343\202\2423 - \343\202\260\343\203\254\343\203\215\343\203\274\343\203\211\343\203\251\343\203\263\343\203\201\343\203\243\343\203\274  .png"
 create mode 100644 "System Update/shared/images/PiperBoot/AddedItems/2026-03-20_07-54-39/\343\203\206\343\202\243\343\202\2423 - \343\202\265\343\202\244\343\203\254\343\203\263\343\202\265\343\203\274\344\273\230\343\201\215\343\203\224\343\202\271\343\203\210\343\203\253.png"
 create mode 100644 "System Update/shared/images/PiperBoot/AddedItems/2026-03-20_07-54-39/\343\203\206\343\202\243\343\202\2423 - \343\202\271\343\203\210\343\203\251\343\202\244\343\202\253\343\203\274\343\203\220\343\203\274\343\202\271\343\203\210\343\203\251\343\202\244\343\203\225\343\203\253.png"
 create mode 100644 "System Update/shared/images/PiperBoot/AddedItems/2026-03-20_07-54-39/\343\203\206\343\202\243\343\202\2423 - \343\202\273\343\203\263\343\203\201\343\203\215\343\203\253 \343\203\235\343\203\263\343\203\227\343\202\267\343\203\247\343\203\203\343\203\210\343\202\254\343\203\263.png"
 create mode 100644 "System Update/shared/images/PiperBoot/AddedItems/2026-03-20_07-54-39/\343\203\206\343\202\243\343\202\2423 - \343\203\204\343\202\244\343\203\263\343\203\225\343\202\241\343\202\244\343\202\242 \343\202\252\343\203\274\343\203\210\343\202\267\343\203\247\343\203\203\343\203\210\343\202\254\343\203\263.png"
 create mode 100644 "System Update/shared/images/PiperBoot/AddedItems/2026-03-20_07-54-39/\343\203\206\343\202\243\343\202\2423 - \343\203\207\343\203\203\343\203\211\343\202\242\343\202\244DMR.png"
 create mode 100644 "System Update/shared/images/PiperBoot/AddedItems/2026-03-20_07-54-39/\343\203\206\343\202\243\343\202\2423 - \343\203\211\343\203\251\343\203\240\343\202\254\343\203\263.png"
 create mode 100644 "System Update/shared/images/PiperBoot/AddedItems/2026-03-20_07-54-39/\343\203\206\343\202\243\343\202\2423 - \343\203\217\343\202\244\343\203\221\343\203\274\343\203\220\343\203\274\343\202\271\343\203\210\343\203\273\343\203\224\343\202\271\343\203\210\343\203\253.png"
 create mode 100644 "System Update/shared/images/PiperBoot/AddedItems/2026-03-20_07-54-39/\343\203\206\343\202\243\343\202\2423 - \343\203\235\343\203\263\343\203\227\343\202\267\343\203\247\343\203\203\343\203\210\343\202\254\343\203\263.png"
 create mode 100644 "System Update/shared/images/PiperBoot/AddedItems/2026-03-20_07-54-39/\343\203\206\343\202\243\343\202\2423 - \343\203\242\343\203\253\343\203\225\343\202\241\343\202\244\343\203\210\343\203\273\343\202\242\343\202\265\343\203\253\343\203\210\343\203\251\343\202\244\343\203\225\343\203\253.png"
 create mode 100644 "System Update/shared/images/PiperBoot/AddedItems/2026-03-20_07-54-39/\343\203\206\343\202\243\343\202\2423 - \343\203\242\343\203\253\343\203\225\343\202\241\343\202\244\343\203\210\343\203\273\343\202\265\343\203\226\343\203\236\343\202\267\343\203\263\343\202\254\343\203\263.png"
 create mode 100644 "System Update/shared/images/PiperBoot/AddedItems/2026-03-20_07-54-39/\343\203\206\343\202\243\343\202\2423 - \343\203\242\343\203\253\343\203\225\343\202\241\343\202\244\343\203\210\343\203\273\343\202\277\343\202\257\343\203\206\343\202\243\343\202\253\343\203\253\343\202\267\343\203\247\343\203\203\343\203\210\343\202\254\343\203\263.png"
 create mode 100644 "System Update/shared/images/PiperBoot/AddedItems/2026-03-20_07-54-39/\343\203\206\343\202\243\343\202\2423 - \343\203\242\343\203\253\343\203\225\343\202\241\343\202\244\343\203\210\343\203\273\343\203\217\343\203\263\343\203\211\343\202\255\343\203\243\343\203\216\343\203\263.png"
 create mode 100644 "System Update/shared/images/PiperBoot/AddedItems/2026-03-20_07-54-39/\343\203\206\343\202\243\343\202\2423 - \343\203\242\343\203\253\343\203\225\343\202\241\343\202\244\343\203\210\343\203\273\343\203\230\343\203\223\343\203\274\343\202\242\343\202\265\343\203\253\343\203\210\343\203\251\343\202\244\343\203\225\343\203\253.png"
 create mode 100644 "System Update/shared/images/PiperBoot/AddedItems/2026-03-20_07-54-39/\343\203\206\343\202\243\343\202\2423 - \343\203\242\343\203\253\343\203\225\343\202\241\343\202\244\343\203\210\343\203\273\343\203\235\343\203\263\343\203\227\343\202\267\343\203\247\343\203\203\343\203\210\343\202\254\343\203\263.png"
 create mode 100644 "System Update/shared/images/PiperBoot/AddedItems/2026-03-20_07-54-39/\343\203\206\343\202\243\343\202\2423 - \343\203\254\343\203\263\343\202\270\343\203\243\343\203\274\343\202\267\343\203\247\343\203\203\343\203\210\343\202\254\343\203\263.png"
 create mode 100644 "System Update/shared/images/PiperBoot/AddedItems/2026-03-20_07-54-39/\343\203\206\343\202\243\343\202\2424 - \343\202\260\343\203\254\343\203\215\343\203\274\343\203\211\343\203\251\343\203\263\343\203\201\343\203\243\343\203\274  .png"
 create mode 100644 "System Update/shared/images/PiperBoot/AddedItems/2026-03-20_07-54-39/\343\203\206\343\202\243\343\202\2424 - \343\202\265\343\202\244\343\203\254\343\203\263\343\202\265\343\203\274\344\273\230\343\201\215\343\203\224\343\202\271\343\203\210\343\203\253.png"
 create mode 100644 "System Update/shared/images/PiperBoot/AddedItems/2026-03-20_07-54-39/\343\203\206\343\202\243\343\202\2424 - \343\202\273\343\203\263\343\203\201\343\203\215\343\203\253 \343\203\235\343\203\263\343\203\227\343\202\267\343\203\247\343\203\203\343\203\210\343\202\254\343\203\263.png"
 create mode 100644 "System Update/shared/images/PiperBoot/AddedItems/2026-03-20_07-54-39/\343\203\206\343\202\243\343\202\2424 - \343\203\204\343\202\244\343\203\263\343\203\225\343\202\241\343\202\244\343\202\242 \343\202\252\343\203\274\343\203\210\343\202\267\343\203\247\343\203\203\343\203\210\343\202\254\343\203\263.png"
 create mode 100644 "System Update/shared/images/PiperBoot/AddedItems/2026-03-20_07-54-39/\343\203\206\343\202\243\343\202\2424 - \343\203\207\343\203\203\343\203\211\343\202\242\343\202\244DMR.png"
 create mode 100644 "System Update/shared/images/PiperBoot/AddedItems/2026-03-20_07-54-39/\343\203\206\343\202\243\343\202\2424 - \343\203\211\343\203\251\343\203\240\343\202\254\343\203\263.png"
 create mode 100644 "System Update/shared/images/PiperBoot/AddedItems/2026-03-20_07-54-39/\343\203\206\343\202\243\343\202\2424 - \343\203\235\343\203\263\343\203\227\343\202\267\343\203\247\343\203\203\343\203\210\343\202\254\343\203\263.png"
 create mode 100644 "System Update/shared/images/PiperBoot/AddedItems/2026-03-20_07-54-39/\343\203\206\343\202\243\343\202\2424 - \343\203\242\343\203\253\343\203\225\343\202\241\343\202\244\343\203\210\343\203\273\343\202\242\343\202\265\343\203\253\343\203\210\343\203\251\343\202\244\343\203\225\343\203\253.png"
 create mode 100644 "System Update/shared/images/PiperBoot/AddedItems/2026-03-20_07-54-39/\343\203\206\343\202\243\343\202\2424 - \343\203\242\343\203\253\343\203\225\343\202\241\343\202\244\343\203\210\343\203\273\343\202\265\343\203\226\343\203\236\343\202\267\343\203\263\343\202\254\343\203\263.png"
 create mode 100644 "System Update/shared/images/PiperBoot/AddedItems/2026-03-20_07-54-39/\343\203\206\343\202\243\343\202\2424 - \343\203\242\343\203\253\343\203\225\343\202\241\343\202\244\343\203\210\343\203\273\343\202\277\343\202\257\343\203\206\343\202\243\343\202\253\343\203\253\343\202\267\343\203\247\343\203\203\343\203\210\343\202\254\343\203\263.png"
 create mode 100644 "System Update/shared/images/PiperBoot/AddedItems/2026-03-20_07-54-39/\343\203\206\343\202\243\343\202\2424 - \343\203\242\343\203\253\343\203\225\343\202\241\343\202\244\343\203\210\343\203\273\343\203\217\343\203\263\343\203\211\343\202\255\343\203\243\343\203\216\343\203\263.png"
 create mode 100644 "System Update/shared/images/PiperBoot/AddedItems/2026-03-20_07-54-39/\343\203\206\343\202\243\343\202\2424 - \343\203\242\343\203\253\343\203\225\343\202\241\343\202\244\343\203\210\343\203\273\343\203\235\343\203\263\343\203\227\343\202\267\343\203\247\343\203\203\343\203\210\343\202\254\343\203\263.png"
 create mode 100644 "System Update/shared/images/PiperBoot/AddedItems/2026-03-20_07-54-39/\343\203\206\343\202\243\343\202\2424 - \343\203\254\343\203\263\343\202\270\343\203\243\343\203\274\343\202\267\343\203\247\343\203\203\343\203\210\343\202\254\343\203\263.png"
 create mode 100644 "System Update/shared/images/PiperBoot/AddedItems/2026-03-20_07-54-39/\343\203\206\343\202\243\343\202\2425 - \343\202\260\343\203\254\343\203\215\343\203\274\343\203\211\343\203\251\343\203\263\343\203\201\343\203\243\343\203\274  .png"
 create mode 100644 "System Update/shared/images/PiperBoot/AddedItems/2026-03-20_07-54-39/\343\203\206\343\202\243\343\202\2425 - \343\202\265\343\202\244\343\203\254\343\203\263\343\202\265\343\203\274\344\273\230\343\201\215\343\203\224\343\202\271\343\203\210\343\203\253.png"
 create mode 100644 "System Update/shared/images/PiperBoot/AddedItems/2026-03-20_07-54-39/\343\203\206\343\202\243\343\202\2425 - \343\202\271\343\203\210\343\203\251\343\202\244\343\202\253\343\203\274\343\203\220\343\203\274\343\202\271\343\203\210\343\203\251\343\202\244\343\203\225\343\203\253.png"
 create mode 100644 "System Update/shared/images/PiperBoot/AddedItems/2026-03-20_07-54-39/\343\203\206\343\202\243\343\202\2425 - \343\202\273\343\203\263\343\203\201\343\203\215\343\203\253 \343\203\235\343\203\263\343\203\227\343\202\267\343\203\247\343\203\203\343\203\210\343\202\254\343\203\263.png"
 create mode 100644 "System Update/shared/images/PiperBoot/AddedItems/2026-03-20_07-54-39/\343\203\206\343\202\243\343\202\2425 - \343\203\204\343\202\244\343\203\263\343\203\225\343\202\241\343\202\244\343\202\242 \343\202\252\343\203\274\343\203\210\343\202\267\343\203\247\343\203\203\343\203\210\343\202\254\343\203\263.png"
 create mode 100644 "System Update/shared/images/PiperBoot/AddedItems/2026-03-20_07-54-39/\343\203\206\343\202\243\343\202\2425 - \343\203\207\343\203\203\343\203\211\343\202\242\343\202\244DMR.png"
 create mode 100644 "System Update/shared/images/PiperBoot/AddedItems/2026-03-20_07-54-39/\343\203\206\343\202\243\343\202\2425 - \343\203\211\343\203\251\343\203\240\343\202\254\343\203\263.png"
 create mode 100644 "System Update/shared/images/PiperBoot/AddedItems/2026-03-20_07-54-39/\343\203\206\343\202\243\343\202\2425 - \343\203\235\343\203\263\343\203\227\343\202\267\343\203\247\343\203\203\343\203\210\343\202\254\343\203\263.png"
 create mode 100644 "System Update/shared/images/PiperBoot/AddedItems/2026-03-20_07-54-39/\343\203\206\343\202\243\343\202\2425 - \343\203\254\343\203\263\343\202\270\343\203\243\343\203\274\343\202\267\343\203\247\343\203\203\343\203\210\343\202\254\343\203\263.png"
 create mode 100644 "System Update/shared/images/PiperBoot/AddedItems/2026-03-20_07-54-39/\343\203\206\343\202\243\343\202\2426 - \343\203\255\343\203\274\343\203\254\343\202\271 \343\202\271\343\203\251\343\203\203\343\203\227\343\202\255\343\203\243\343\203\216\343\203\263.png"
 create mode 100644 "System Update/shared/images/PiperBoot/AddedItems/2026-03-20_07-54-39/\343\203\206\343\202\243\343\202\2426 - \343\203\255\343\203\274\343\203\254\343\202\271 \343\202\271\343\203\251\343\203\203\343\203\227\343\202\270\343\203\243\343\202\260.png"
 create mode 100644 "System Update/shared/images/PiperBoot/AddedItems/2026-03-20_07-54-39/\343\203\206\343\202\243\343\202\2427 - \343\202\250\343\203\263\343\203\217\343\203\263\343\202\271\343\203\211 \343\202\244\343\203\263\343\203\225\343\202\243\343\203\253\343\203\210\343\203\254\343\203\274\343\202\277\343\203\274 \343\203\235\343\203\263\343\203\227\343\202\267\343\203\247\343\203\203\343\203\210\343\202\254\343\203\263.png"
 create mode 100644 "System Update/shared/images/PiperBoot/AddedItems/2026-03-20_07-54-39/\343\203\206\343\202\243\343\202\2427 - \343\202\252\343\203\274\343\203\220\343\203\274\343\202\257\343\203\255\343\203\203\343\202\257\343\203\221\343\203\253\343\202\271\343\203\251\343\202\244\343\203\225\343\203\253.png"
 create mode 100644 "System Update/shared/images/PiperBoot/AddedItems/2026-03-20_07-54-39/\343\203\206\343\202\243\343\202\2427 - \343\202\275\343\203\274\343\203\263\343\201\256\343\202\271\343\202\263\343\203\274\343\203\227\344\273\230\343\201\215\343\203\220\343\203\274\343\202\271\343\203\210\343\202\265\343\203\226\343\203\236\343\202\267\343\203\263\343\202\254\343\203\263.png"
 create mode 100644 "System Update/shared/images/PiperBoot/AddedItems/2026-03-20_07-54-39/\343\203\206\343\202\243\343\202\2427 - \343\203\217\343\202\244\343\202\253\343\203\274\343\203\211\343\201\256\343\203\217\343\203\234\343\203\203\343\202\257\343\202\265\343\202\244\343\203\254\343\203\263\343\202\265\343\203\274\344\273\230\343\201\215\343\203\251\343\202\244\343\203\225\343\203\253.png"
 create mode 100644 "System Update/shared/images/PiperBoot/AddedItems/2026-03-20_07-54-39/\343\203\206\343\202\243\343\202\2427 - \345\274\267\345\214\226\345\236\213\343\202\252\343\203\213 \343\202\267\343\203\247\343\203\203\343\203\210\343\202\254\343\203\263.png"
 create mode 100644 "System Update/shared/images/PiperBoot/AddedItems/2026-03-20_07-54-39/\343\203\206\343\202\243\343\202\2427 - \345\274\267\345\214\226\345\236\213\343\203\225\343\202\241\343\203\253\343\202\263\343\203\263\343\202\242\343\202\244 \343\202\271\343\203\212\343\202\244\343\203\221\343\203\274.png"
 create mode 100644 "System Update/shared/images/PiperBoot/\343\202\275\343\203\274\343\203\263\343\201\256\343\202\271\343\202\263\343\203\274\343\203\227\344\273\230\343\201\215\343\203\220\343\203\274\343\202\271\343\203\210\343\202\265\343\203\226\343\203\236\343\202\267\343\203\263\343\202\254\343\203\263 - \343\203\206\343\202\243\343\202\2427.png"
 create mode 100644 "System Update/shared/images/PiperBoot/\343\203\217\343\202\244\343\202\253\343\203\274\343\203\211\343\201\256\343\203\217\343\203\234\343\203\203\343\202\257\343\202\265\343\202\244\343\203\254\343\203\263\343\202\265\343\203\274\344\273\230\343\201\215\343\203\251\343\202\244\343\203\225\343\203\253 - \343\203\206\343\202\243\343\202\2427.png"
 create mode 100644 "System Update/\346\210\246\345\210\251\345\223\201\343\203\207\343\203\274\343\202\277/Reload/PiperBoot/PiperBoot_LootData_2026-03-20_07-54.json"
2026-03-20 07:54:47 | WARNING | git push stderr: To https://github.com/Greenfox0833/New-Loot.git
   94c5cb5..dc7c547  main -> main
2026-03-20 07:54:47 | INFO | ✓ GitHub Push 完了
2026-03-20 07:54:47 | INFO | ===== PiperBoot: pipeline end =====
