2026-04-03 18:36:12 | INFO | log file: E:\フォートナイト\Picture\Loot Pool\TEST4\New Loot\System Update\期間限定\Juno_Tabasco\output\logs\pipeline_2026-04-03_18-36-12.log
2026-04-03 18:36:12 | INFO | ===== Juno_Tabasco: pipeline start =====
2026-04-03 18:36:12 | INFO | paths: lt=E:\フォートナイト\Picture\Loot Pool\TEST4\New Loot\System Update\期間限定\Juno_Tabasco\input\AthenaLootTierData_Client__final.json lp=E:\フォートナイト\Picture\Loot Pool\TEST4\New Loot\System Update\期間限定\Juno_Tabasco\input\AthenaLootPackages_Client__final.json minlist=E:\フォートナイト\Picture\Loot Pool\TEST4\New Loot\System Update\期間限定\Juno_Tabasco\input\items_unique_min.json
2026-04-03 18:36:12 | INFO | output: summary=E:\フォートナイト\Picture\Loot Pool\TEST4\New Loot\System Update\期間限定\Juno_Tabasco\output\summary lootdata=E:\フォートナイト\Picture\Loot Pool\TEST4\New Loot\System Update\戦利品データ\期間限定\Juno_Tabasco
2026-04-03 18:36:12 | INFO | flags: hotfix=True prewarm=True image=True workers=8
2026-04-03 18:36:12 | INFO | hotfix start: E:\フォートナイト\Picture\Loot Pool\TEST4\New Loot\System Update\LootPackage.py
2026-04-03 18:36:12 | INFO | hotfix lp stdout: [STEP1-1] base e:\Fmodel\Exports\FortniteGame\Plugins\GameFeatures\Juno\JunoTabascoGameplay\Content\Data\Juno_ResourceNodeLootPackages.json
[HOTFIX:SEASON1] target=/JunoTabascoGameplay/Data/Juno_ResourceNodeLootPackages
[HOTFIX:SEASON1] Addrow(TableUpdate) なし -> スキップ
[HOTFIX:SEASON1] done: applied=0, deleted=0, skipped=0
[STEP1-2] merge e:\Fmodel\Exports\FortniteGame\Plugins\GameFeatures\Juno\JunoTabascoGameplay\Content\Data\Juno_GameplayItemLootPackages_TabascoGameplay.json : replaced=0, added=59
[HOTFIX:SEASON2] target=/JunoTabascoGameplay/Data/Juno_GameplayItemLootPackages_TabascoGameplay
[HOTFIX:SEASON2] Addrow(TableUpdate) なし -> スキップ
[HOTFIX:SEASON2] done: applied=0, deleted=0, skipped=0
[STEP1-3] merge e:\Fmodel\Exports\FortniteGame\Plugins\GameFeatures\Juno\JunoTabascoGameplay\Content\Data\Juno_AILootPackages_Tabasco.json : replaced=0, added=231
[HOTFIX:SEASON3] target=/JunoTabascoGameplay/Data/Juno_AILootPackages_Tabasco
[HOTFIX:SEASON3] Addrow(TableUpdate) なし -> スキップ
[HOTFIX:SEASON3] done: applied=0, deleted=0, skipped=0
[STEP1-4] merge e:\Fmodel\Exports\FortniteGame\Plugins\GameFeatures\Juno\JunoTabascoGameplay\Content\Data\Juno_LootChestLootPackages_Tabasco.json : replaced=0, added=361
[HOTFIX:SEASON4] target=/JunoTabascoGameplay/Data/Juno_LootChestLootPackages_Tabasco
[HOTFIX:SEASON4] Addrow(TableUpdate) なし -> スキップ
[HOTFIX:SEASON4] done: applied=0, deleted=0, skipped=0
[STEP1-5] merge e:\Fmodel\Exports\FortniteGame\Plugins\GameFeatures\Juno\JunoTabascoGameplay\Content\Data\Juno_LootQuestLootPackages_Tabasco.json : replaced=0, added=15
[HOTFIX:SEASON5] target=/JunoTabascoGameplay/Data/Juno_LootQuestLootPackages_Tabasco
[HOTFIX:SEASON5] Addrow(TableUpdate) なし -> スキップ
[HOTFIX:SEASON5] done: applied=0, deleted=0, skipped=0
[WRITE] final -> E:\フォートナイト\Picture\Loot Pool\TEST4\New Loot\System Update\期間限定\Juno_Tabasco\input\AthenaLootPackages_Client__final.json
[WRITE] per-input -> E:\フォートナイト\Picture\Loot Pool\TEST4\New Loot\System Update\期間限定\Juno_Tabasco\input\Juno_ResourceNodeLootPackages__final.json
[WRITE] per-input -> E:\フォートナイト\Picture\Loot Pool\TEST4\New Loot\System Update\期間限定\Juno_Tabasco\input\Juno_GameplayItemLootPackages_TabascoGameplay__final.json
[WRITE] per-input -> E:\フォートナイト\Picture\Loot Pool\TEST4\New Loot\System Update\期間限定\Juno_Tabasco\input\Juno_AILootPackages_Tabasco__final.json
[WRITE] per-input -> E:\フォートナイト\Picture\Loot Pool\TEST4\New Loot\System Update\期間限定\Juno_Tabasco\input\Juno_LootChestLootPackages_Tabasco__final.json
[WRITE] per-input -> E:\フォートナイト\Picture\Loot Pool\TEST4\New Loot\System Update\期間限定\Juno_Tabasco\input\Juno_LootQuestLootPackages_Tabasco__final.json
2026-04-03 18:36:12 | INFO | hotfix start: E:\フォートナイト\Picture\Loot Pool\TEST4\New Loot\System Update\LootTier.py
2026-04-03 18:36:12 | INFO | hotfix lt stdout: [STEP1-1] base e:\Fmodel\Exports\FortniteGame\Plugins\GameFeatures\Juno\JunoTabascoGameplay\Content\Data\Juno_ResourceNodeLootTierData.json
[HOTFIX:SEASON1] target=/JunoTabascoGameplay/Data/Juno_ResourceNodeLootTierData
[HOTFIX:SEASON1] done: applied=0, deleted=0, skipped=0
[STEP1-2] merge e:\Fmodel\Exports\FortniteGame\Plugins\GameFeatures\Juno\JunoTabascoGameplay\Content\Data\Juno_GameplayItemLootTierData_TabascoGameplay.json : replaced=0, added=59
[HOTFIX:SEASON2] target=/JunoTabascoGameplay/Data/Juno_GameplayItemLootTierData_TabascoGameplay
[HOTFIX:SEASON2] done: applied=0, deleted=0, skipped=0
[STEP1-3] merge e:\Fmodel\Exports\FortniteGame\Plugins\GameFeatures\Juno\JunoTabascoGameplay\Content\Data\Juno_AILootTierData_Tabasco.json : replaced=0, added=40
[HOTFIX:SEASON3] target=/JunoTabascoGameplay/Data/Juno_AILootTierData_Tabasco
[HOTFIX:SEASON3] done: applied=0, deleted=0, skipped=0
[STEP1-4] merge e:\Fmodel\Exports\FortniteGame\Plugins\GameFeatures\Juno\JunoTabascoGameplay\Content\Data\Juno_LootChestLootTierData_Tabasco.json : replaced=0, added=49
[HOTFIX:SEASON4] target=/JunoTabascoGameplay/Data/Juno_LootChestLootTierData_Tabasco
[HOTFIX:SEASON4] done: applied=0, deleted=0, skipped=0
[STEP1-5] merge e:\Fmodel\Exports\FortniteGame\Plugins\GameFeatures\Juno\JunoTabascoGameplay\Content\Data\Juno_LootQuestLootTierData_Tabasco.json : replaced=0, added=4
[HOTFIX:SEASON5] target=/JunoTabascoGameplay/Data/Juno_LootQuestLootTierData_Tabasco
[HOTFIX:SEASON5] done: applied=0, deleted=0, skipped=0
[WRITE] final -> E:\フォートナイト\Picture\Loot Pool\TEST4\New Loot\System Update\期間限定\Juno_Tabasco\input\AthenaLootTierData_Client__final.json
[WRITE] per-input -> E:\フォートナイト\Picture\Loot Pool\TEST4\New Loot\System Update\期間限定\Juno_Tabasco\input\Juno_ResourceNodeLootTierData__final.json
[WRITE] per-input -> E:\フォートナイト\Picture\Loot Pool\TEST4\New Loot\System Update\期間限定\Juno_Tabasco\input\Juno_GameplayItemLootTierData_TabascoGameplay__final.json
[WRITE] per-input -> E:\フォートナイト\Picture\Loot Pool\TEST4\New Loot\System Update\期間限定\Juno_Tabasco\input\Juno_AILootTierData_Tabasco__final.json
[WRITE] per-input -> E:\フォートナイト\Picture\Loot Pool\TEST4\New Loot\System Update\期間限定\Juno_Tabasco\input\Juno_LootChestLootTierData_Tabasco__final.json
[WRITE] per-input -> E:\フォートナイト\Picture\Loot Pool\TEST4\New Loot\System Update\期間限定\Juno_Tabasco\input\Juno_LootQuestLootTierData_Tabasco__final.json
2026-04-03 18:36:12 | INFO | ✓ Hotfix 適用完了 (0.46s)
2026-04-03 18:36:12 | INFO | load lt: E:\フォートナイト\Picture\Loot Pool\TEST4\New Loot\System Update\期間限定\Juno_Tabasco\input\AthenaLootTierData_Client__final.json
2026-04-03 18:36:12 | INFO | load lp: E:\フォートナイト\Picture\Loot Pool\TEST4\New Loot\System Update\期間限定\Juno_Tabasco\input\AthenaLootPackages_Client__final.json
2026-04-03 18:36:12 | INFO | load done (0.01s)
2026-04-03 18:36:12 | INFO | build summary start
2026-04-03 18:36:12 | INFO | build summary done (0.02s)
2026-04-03 18:36:12 | INFO | enrich summary with names start
2026-04-03 18:36:12 | INFO | enrich summary done (0.00s)
2026-04-03 18:36:12 | INFO | ✅ まとめJSONを作成: E:\フォートナイト\Picture\Loot Pool\TEST4\New Loot\System Update\期間限定\Juno_Tabasco\output\summary\v39.30_2026-04-03_18-36.json
2026-04-03 18:36:12 | INFO | build BR_LootData start
2026-04-03 18:36:12 | INFO | build BR_LootData done (0.00s)
2026-04-03 18:36:12 | INFO | ✅ BR_LootData を作成: E:\フォートナイト\Picture\Loot Pool\TEST4\New Loot\System Update\戦利品データ\期間限定\Juno_Tabasco\Juno_Tabasco_LootData_2026-04-03_18-36.json
2026-04-03 18:36:12 | INFO | ✅ Web LootPool を更新: E:\フォートナイト\Web\assets\data\Loot\Juno_Tabasco_LootPool.json
2026-04-03 18:36:12 | INFO | LootSummary start: E:\フォートナイト\Picture\Loot Pool\TEST4\New Loot\System Update\期間限定\Juno_Tabasco\scripts\LootSummary.py
2026-04-03 18:36:12 | INFO | LootSummary stdout: 🔎 抽出用: 最新ファイル = E:\フォートナイト\Picture\Loot Pool\TEST4\New Loot\System Update\期間限定\Juno_Tabasco\output\summary\v39.30_2026-04-03_18-36.json
✅ 抽出件数: 39
💾 保存: E:\フォートナイト\Picture\Loot Pool\TEST4\New Loot\System Update\期間限定\Juno_Tabasco\input\items_unique_min.json
🔎 比較用: base   = E:\フォートナイト\Picture\Loot Pool\TEST4\New Loot\System Update\期間限定\Juno_Tabasco\output\summary\v39.30_2026-04-03_18-31.json
🔎 比較用: target = E:\フォートナイト\Picture\Loot Pool\TEST4\New Loot\System Update\期間限定\Juno_Tabasco\output\summary\v39.30_2026-04-03_18-36.json
✅ 差分作成 完了
  追加   : 0 / 削除 : 0 / 変更 : 0 / 変化なし : 39
💾 差分: E:\フォートナイト\Picture\Loot Pool\TEST4\New Loot\System Update\期間限定\Juno_Tabasco\output\history\BR_20260403_1836\items_unique_min_diff.json
2026-04-03 18:36:12 | WARNING | LootSummary stderr: E:\フォートナイト\Picture\Loot Pool\TEST4\New Loot\System Update\期間限定\Juno_Tabasco\scripts\LootSummary.py:2: SyntaxWarning: invalid escape sequence '\B'
  """
2026-04-03 18:36:12 | INFO | ✅ LootSummary 実行完了（抽出→比較） (0.11s)
2026-04-03 18:36:12 | INFO | prewarm start
2026-04-03 18:36:12 | INFO | ✅ アイコンキャッシュ プリウォーム完了 (0.06s)
2026-04-03 18:36:12 | INFO | 画像化タスク数: 39
2026-04-03 18:36:13 | INFO | 画像生成 進捗: 1/39
2026-04-03 18:36:13 | INFO | 画像生成 進捗: 39/39
2026-04-03 18:36:13 | INFO | ✅ 画像生成 完了（MinListベース）
2026-04-03 18:36:13 | INFO | ✅ Loot diff: 変更なし（作成スキップ）
2026-04-03 18:36:13 | INFO | git add: E:\フォートナイト\Picture\Loot Pool\TEST4\New Loot\System Update
2026-04-03 18:36:15 | INFO | git commit stdout: [main 5e72980] Juno_Tabasco update 2026-04-03 18:36:14
 9 files changed, 23632 insertions(+), 17 deletions(-)
 create mode 100644 "System Update/\346\210\246\345\210\251\345\223\201\343\203\207\343\203\274\343\202\277/\346\234\237\351\226\223\351\231\220\345\256\232/Juno_Tabasco/Juno_Tabasco_LootData_2026-04-03_18-36.json"
 create mode 100644 "System Update/\346\234\237\351\226\223\351\231\220\345\256\232/Juno_Tabasco/output/history/BR_20260403_1836/items_unique_min_diff.json"
 create mode 100644 "System Update/\346\234\237\351\226\223\351\231\220\345\256\232/Juno_Tabasco/output/logs/pipeline_2026-04-03_18-36-12.log"
 create mode 100644 "System Update/\346\234\237\351\226\223\351\231\220\345\256\232/Juno_Tabasco/output/summary/v39.30_2026-04-03_18-36.json"
2026-04-03 18:36:18 | WARNING | git push stderr: To https://github.com/Greenfox0833/New-Loot.git
   683e0a9..5e72980  main -> main
2026-04-03 18:36:18 | INFO | ✓ GitHub Push 完了
2026-04-03 18:36:18 | INFO | ===== Juno_Tabasco: pipeline end =====
