2026-09-17 17:46:25 | INFO | log file (Figment): E:\フォートナイト\Picture\Loot Pool\TEST4\New Loot\System Update\Figment\output\logs\pipeline_2026-09-17_17-46-25.log
2026-09-17 17:46:25 | INFO | ===== Figment: pipeline start =====
2026-09-17 17:46:25 | INFO | paths: lt=E:\フォートナイト\Picture\Loot Pool\TEST4\New Loot\System Update\Figment\input\AthenaLootTierData_Client__final.json lp=E:\フォートナイト\Picture\Loot Pool\TEST4\New Loot\System Update\Figment\input\AthenaLootPackages_Client__final.json minlist=E:\フォートナイト\Picture\Loot Pool\TEST4\New Loot\System Update\Figment\input\items_unique_min.json
2026-09-17 17:46:25 | INFO | output: summary=E:\フォートナイト\Picture\Loot Pool\TEST4\New Loot\System Update\Figment\output\summary lootdata=E:\フォートナイト\Picture\Loot Pool\TEST4\New Loot\System Update\戦利品データ\Figment
2026-09-17 17:46:25 | INFO | flags: hotfix=True prewarm=True image=True workers=8
2026-09-17 17:46:25 | INFO | hotfix start: E:\フォートナイト\Picture\Loot Pool\TEST4\New Loot\System Update\LootPackage.py
2026-09-17 17:46:28 | INFO | hotfix lp stdout: [STEP1-1] base http://localhost:3849/api/v1/export?path=FortniteGame/Plugins/GameFeatures/Figment/Figment_LootTables/Content/DataTables/FigmentLootPackages.uasset
[STEP1-2] merge http://localhost:3849/api/v1/export?path=FortniteGame/Plugins/GameFeatures/Figment/Figment_LootTables/Content/DataTables/FigmentLootPackages_Backup.uasset : replaced=0, added=0
[HOTFIX:SEASON1] target=/Figment_LootTables/DataTables/FigmentLootPackages
[HOTFIX:SEASON1] Addrow(TableUpdate) なし -> スキップ
[HOTFIX:SEASON1] done: applied=0, deleted=0, skipped=0
[HOTFIX:SEASON2] target=/Figment_LootTables/DataTables/FigmentLootPackages_Backup
[HOTFIX:SEASON2] Addrow(TableUpdate) なし -> スキップ
[HOTFIX:SEASON2] done: applied=0, deleted=0, skipped=0
[WRITE] final -> E:\フォートナイト\Picture\Loot Pool\TEST4\New Loot\System Update\Figment\input\AthenaLootPackages_Client__final.json
[WRITE] per-input -> E:\フォートナイト\Picture\Loot Pool\TEST4\New Loot\System Update\Figment\input\FigmentLootPackages__final.json
[WRITE] per-input -> E:\フォートナイト\Picture\Loot Pool\TEST4\New Loot\System Update\Figment\input\FigmentLootPackages_Backup__final.json
2026-09-17 17:46:28 | INFO | hotfix start: E:\フォートナイト\Picture\Loot Pool\TEST4\New Loot\System Update\LootTier.py
2026-09-17 17:46:31 | INFO | hotfix lt stdout: [STEP1-1] base http://localhost:3849/api/v1/export?path=FortniteGame/Plugins/GameFeatures/Figment/Figment_LootTables/Content/DataTables/FigmentLootTierData.uasset
[STEP1-2] merge http://localhost:3849/api/v1/export?path=FortniteGame/Plugins/GameFeatures/Figment/Figment_LootTables/Content/DataTables/FigmentLootTierData_Backup.uasset : replaced=0, added=0
[HOTFIX:SEASON1] target=/Figment_LootTables/DataTables/FigmentLootTierData
[HOTFIX:SEASON1] done: applied=0, deleted=0, skipped=0
[HOTFIX:SEASON2] target=/Figment_LootTables/DataTables/FigmentLootTierData_Backup
[HOTFIX:SEASON2] done: applied=0, deleted=0, skipped=0
[WRITE] final -> E:\フォートナイト\Picture\Loot Pool\TEST4\New Loot\System Update\Figment\input\AthenaLootTierData_Client__final.json
[WRITE] per-input -> E:\フォートナイト\Picture\Loot Pool\TEST4\New Loot\System Update\Figment\input\FigmentLootTierData__final.json
[WRITE] per-input -> E:\フォートナイト\Picture\Loot Pool\TEST4\New Loot\System Update\Figment\input\FigmentLootTierData_Backup__final.json
2026-09-17 17:46:31 | INFO | ✓ Hotfix 適用完了 (5.26s)
2026-09-17 17:46:31 | INFO | load lt: E:\フォートナイト\Picture\Loot Pool\TEST4\New Loot\System Update\Figment\input\AthenaLootTierData_Client__final.json
2026-09-17 17:46:31 | INFO | load lp: E:\フォートナイト\Picture\Loot Pool\TEST4\New Loot\System Update\Figment\input\AthenaLootPackages_Client__final.json
2026-09-17 17:46:31 | INFO | load done (0.02s)
2026-09-17 17:46:31 | INFO | build summary start
2026-09-17 17:46:31 | INFO | build summary done (0.03s)
2026-09-17 17:46:31 | INFO | enrich summary with names start
2026-09-17 17:46:31 | INFO | enrich summary done (0.00s)
2026-09-17 17:46:31 | INFO | ✅ まとめJSONを作成: E:\フォートナイト\Picture\Loot Pool\TEST4\New Loot\System Update\Figment\output\summary\v39.30_2026-09-17_17-46.json
2026-09-17 17:46:31 | INFO | build item metadata start
2026-09-17 17:46:31 | INFO | ✅ アイテム名・説明・タグJSONを更新: E:\フォートナイト\Picture\Loot Pool\TEST4\New Loot\System Update\shared\cache\item_metadata.json (0.34s)
2026-09-17 17:46:31 | INFO | build Figment_LootData start
2026-09-17 17:46:31 | ERROR | [!] main 内でエラー: schema v2検証で2件のエラーが見つかりました: [{"type": "invalid_quantity", "path": "lootTables.Loot_AthenaTreasure.lootGroups[4].packages[0].items[1]", "message": "quantityは0より大きい必要があります。"}, {"type": "invalid_quantity", "path": "lootTables.Loot_AthenaWadStash_Large.lootGroups[0].packages[0].items[2]", "message": "quantityは0より大きい必要があります。"}]
2026-09-17 17:46:31 | ERROR | Traceback (most recent call last):
  File "e:\フォートナイト\Picture\Loot Pool\TEST4\New Loot\System Update\Figment\pipeline.py", line 161, in main
    br_view = build_validated_schema_v2(summary, rows_lp, PROFILE_NAME)
              ^^^^^^^^^^^^^^^^^^^^^^^^^^^^^^^^^^^^^^^^^^^^^^^^^^^^^^^^^
  File "E:\フォートナイト\Picture\Loot Pool\TEST4\New Loot\System Update\summary.py", line 500, in build_validated_schema_v2
    raise ValueError(f"schema v2検証で{len(errors)}件のエラーが見つかりました: {preview}")
ValueError: schema v2検証で2件のエラーが見つかりました: [{"type": "invalid_quantity", "path": "lootTables.Loot_AthenaTreasure.lootGroups[4].packages[0].items[1]", "message": "quantityは0より大きい必要があります。"}, {"type": "invalid_quantity", "path": "lootTables.Loot_AthenaWadStash_Large.lootGroups[0].packages[0].items[2]", "message": "quantityは0より大きい必要があります。"}]
2026-09-17 17:46:31 | INFO | git add: E:\フォートナイト\Picture\Loot Pool\TEST4\New Loot
2026-09-17 17:46:33 | INFO | git commit stdout: [main 2806cc5] Figment update 2026-09-17 17:46:32
 13 files changed, 59022 insertions(+), 22993 deletions(-)
 create mode 100644 System Update/Figment/output/logs/pipeline_2026-09-17_17-46-25.log
 create mode 100644 System Update/Figment/output/summary/v39.30_2026-09-17_17-46.json
2026-09-17 17:46:37 | WARNING | git push stderr: To https://github.com/Greenfox0833/New-Loot.git
   4690699..2806cc5  main -> main
2026-09-17 17:46:37 | INFO | ✓ GitHub Push 完了
2026-09-17 17:46:37 | INFO | ===== Figment: pipeline end =====
