2026-09-03 18:22:12 | INFO | log file (Figment): E:\フォートナイト\Picture\Loot Pool\TEST4\New Loot\System Update\Figment\output\logs\pipeline_2026-09-03_18-22-12.log
2026-09-03 18:22:12 | INFO | ===== Figment: pipeline start =====
2026-09-03 18:22:12 | INFO | paths: lt=E:\フォートナイト\Picture\Loot Pool\TEST4\New Loot\System Update\Figment\input\AthenaLootTierData_Client__final.json lp=E:\フォートナイト\Picture\Loot Pool\TEST4\New Loot\System Update\Figment\input\AthenaLootPackages_Client__final.json minlist=E:\フォートナイト\Picture\Loot Pool\TEST4\New Loot\System Update\Figment\input\items_unique_min.json
2026-09-03 18:22:12 | INFO | output: summary=E:\フォートナイト\Picture\Loot Pool\TEST4\New Loot\System Update\Figment\output\summary lootdata=E:\フォートナイト\Picture\Loot Pool\TEST4\New Loot\System Update\戦利品データ\Figment
2026-09-03 18:22:12 | INFO | flags: hotfix=True prewarm=True image=True workers=8
2026-09-03 18:22:12 | INFO | hotfix start: E:\フォートナイト\Picture\Loot Pool\TEST4\New Loot\System Update\LootPackage.py
2026-09-03 18:22:14 | INFO | hotfix lp stdout: [STEP1-1] base https://export-service.dillyapis.com/v1/export/?Path=FortniteGame/Plugins/GameFeatures/Figment/Figment_LootTables/Content/DataTables/FigmentLootPackages.uasset
[HOTFIX:SEASON1] target=/Figment_LootTables/DataTables/FigmentLootPackages
[HOTFIX:SEASON1] Addrow(TableUpdate) なし -> スキップ
[HOTFIX:SEASON1] done: applied=0, deleted=0, skipped=0
[STEP1-2] merge https://export-service.dillyapis.com/v1/export/?Path=FortniteGame/Plugins/GameFeatures/Figment/Figment_LootTables/Content/DataTables/FigmentLootPackages_Backup.uasset : replaced=0, added=0
[HOTFIX:SEASON2] target=/Figment_LootTables/DataTables/FigmentLootPackages_Backup
[HOTFIX:SEASON2] Addrow(TableUpdate) なし -> スキップ
[HOTFIX:SEASON2] done: applied=0, deleted=0, skipped=0
[WRITE] final -> E:\フォートナイト\Picture\Loot Pool\TEST4\New Loot\System Update\Figment\input\AthenaLootPackages_Client__final.json
[WRITE] per-input -> E:\フォートナイト\Picture\Loot Pool\TEST4\New Loot\System Update\Figment\input\FigmentLootPackages__final.json
[WRITE] per-input -> E:\フォートナイト\Picture\Loot Pool\TEST4\New Loot\System Update\Figment\input\FigmentLootPackages_Backup__final.json
2026-09-03 18:22:14 | INFO | hotfix start: E:\フォートナイト\Picture\Loot Pool\TEST4\New Loot\System Update\LootTier.py
2026-09-03 18:22:15 | INFO | hotfix lt stdout: [STEP1-1] base https://export-service.dillyapis.com/v1/export/?Path=FortniteGame/Plugins/GameFeatures/Figment/Figment_LootTables/Content/DataTables/FigmentLootTierData.uasset
[HOTFIX:SEASON1] target=/Figment_LootTables/DataTables/FigmentLootTierData
[HOTFIX:SEASON1] done: applied=0, deleted=0, skipped=0
[STEP1-2] merge https://export-service.dillyapis.com/v1/export/?Path=FortniteGame/Plugins/GameFeatures/Figment/Figment_LootTables/Content/DataTables/FigmentLootTierData_Backup.uasset : replaced=0, added=0
[HOTFIX:SEASON2] target=/Figment_LootTables/DataTables/FigmentLootTierData_Backup
[HOTFIX:SEASON2] done: applied=0, deleted=0, skipped=0
[WRITE] final -> E:\フォートナイト\Picture\Loot Pool\TEST4\New Loot\System Update\Figment\input\AthenaLootTierData_Client__final.json
[WRITE] per-input -> E:\フォートナイト\Picture\Loot Pool\TEST4\New Loot\System Update\Figment\input\FigmentLootTierData__final.json
[WRITE] per-input -> E:\フォートナイト\Picture\Loot Pool\TEST4\New Loot\System Update\Figment\input\FigmentLootTierData_Backup__final.json
2026-09-03 18:22:15 | INFO | ✓ Hotfix 適用完了 (2.98s)
2026-09-03 18:22:15 | INFO | load lt: E:\フォートナイト\Picture\Loot Pool\TEST4\New Loot\System Update\Figment\input\AthenaLootTierData_Client__final.json
2026-09-03 18:22:15 | INFO | load lp: E:\フォートナイト\Picture\Loot Pool\TEST4\New Loot\System Update\Figment\input\AthenaLootPackages_Client__final.json
2026-09-03 18:22:15 | INFO | load done (0.01s)
2026-09-03 18:22:15 | INFO | build summary start
2026-09-03 18:22:17 | INFO | build summary done (2.17s)
2026-09-03 18:22:17 | INFO | enrich summary with names start
2026-09-03 18:22:17 | INFO | enrich summary done (0.04s)
2026-09-03 18:22:17 | INFO | ✅ まとめJSONを作成: E:\フォートナイト\Picture\Loot Pool\TEST4\New Loot\System Update\Figment\output\summary\v39.30_2026-09-03_18-22.json
2026-09-03 18:22:17 | INFO | build item metadata start
2026-09-03 18:22:19 | INFO | ✅ アイテム名・説明・タグJSONを更新: E:\フォートナイト\Picture\Loot Pool\TEST4\New Loot\System Update\shared\cache\item_metadata.json (1.48s)
2026-09-03 18:22:19 | INFO | build Figment_LootData start
2026-09-03 18:22:19 | INFO | build BR_LootData done (0.00s)
2026-09-03 18:22:19 | INFO | ✅ Figment_LootData を作成: E:\フォートナイト\Picture\Loot Pool\TEST4\New Loot\System Update\戦利品データ\Figment\Figment_LootData_2026-09-03_18-22.json
2026-09-03 18:22:19 | INFO | ✅ Web LootPool を更新: E:\フォートナイト\Web\loot\data\ORIGIN_LootPool.json
2026-09-03 18:22:19 | INFO | LootSummary start: E:\フォートナイト\Picture\Loot Pool\TEST4\New Loot\System Update\Figment\scripts\LootSummary.py
2026-09-03 18:22:19 | INFO | LootSummary stdout: 🔎 抽出用: 最新ファイル = E:\フォートナイト\Picture\Loot Pool\TEST4\New Loot\System Update\Figment\output\summary\v39.30_2026-09-03_18-22.json
✅ 抽出件数: 118
💾 保存: E:\フォートナイト\Picture\Loot Pool\TEST4\New Loot\System Update\Figment\input\items_unique_min.json
🔎 比較用: base   = E:\フォートナイト\Picture\Loot Pool\TEST4\New Loot\System Update\Figment\output\summary\v39.30_2026-09-03_14-28.json
🔎 比較用: target = E:\フォートナイト\Picture\Loot Pool\TEST4\New Loot\System Update\Figment\output\summary\v39.30_2026-09-03_18-22.json
✅ 差分作成 完了
  追加   : 7 / 削除 : 13 / 変更 : 0 / 変化なし : 111
💾 差分: E:\フォートナイト\Picture\Loot Pool\TEST4\New Loot\System Update\Figment\output\history\BR_20260903_1822\items_unique_min_diff.json
2026-09-03 18:22:19 | WARNING | LootSummary stderr: E:\フォートナイト\Picture\Loot Pool\TEST4\New Loot\System Update\Figment\scripts\LootSummary.py:2: SyntaxWarning: invalid escape sequence '\B'
  """
2026-09-03 18:22:19 | INFO | ✅ LootSummary 実行完了（抽出→比較） (0.21s)
2026-09-03 18:22:19 | INFO | prewarm start
2026-09-03 18:22:22 | INFO | ✅ アイコンキャッシュ プリウォーム完了 (2.96s)
2026-09-03 18:22:22 | INFO | 画像化タスク数: 118
2026-09-03 18:22:22 | INFO | 画像生成 進捗: 1/118
2026-09-03 18:22:24 | INFO | 画像生成 進捗: 50/118
2026-09-03 18:22:25 | INFO | 画像生成 進捗: 100/118
2026-09-03 18:22:25 | INFO | 画像生成 進捗: 118/118
2026-09-03 18:22:25 | INFO | ✅ 画像生成 完了（MinListベース）
2026-09-03 18:22:25 | INFO | ✅ Loot diff を作成: E:\フォートナイト\Web\loot\data\diff\ORIGIN_2026-09-03_18-22-25.json (added=36 removed=15 change=56)
2026-09-03 18:22:26 | INFO | ✅ AddedItems 画像を保存: E:\フォートナイト\Picture\Loot Pool\TEST4\New Loot\System Update\shared\images\Figment\AddedItems\2026-09-03_18-22-25 (copied=29 missing=7)
2026-09-03 18:22:26 | INFO | git add: E:\フォートナイト\Picture\Loot Pool\TEST4\New Loot
2026-09-03 18:22:33 | INFO | git commit stdout: [main 44b3331] Figment update 2026-09-03 18:22:31
 43 files changed, 45165 insertions(+), 11662 deletions(-)
 create mode 100644 System Update/Figment/output/history/BR_20260903_1822/items_unique_min_diff.json
 create mode 100644 System Update/Figment/output/logs/pipeline_2026-09-03_18-22-12.log
 create mode 100644 System Update/Figment/output/summary/v39.30_2026-09-03_18-22.json
 create mode 100644 "System Update/shared/images/Figment/AddedItems/2026-09-03_18-22-25/\343\203\206\343\202\243\343\202\2421 - \345\274\276\350\226\254_ \343\203\255\343\202\261\343\203\203\343\203\210\345\274\276.png"
 create mode 100644 "System Update/shared/images/Figment/AddedItems/2026-09-03_18-22-25/\343\203\206\343\202\243\343\202\2421 - \345\274\276\350\226\254_ \344\270\255\345\217\243\345\276\204\345\274\276.png"
 create mode 100644 "System Update/shared/images/Figment/AddedItems/2026-09-03_18-22-25/\343\203\206\343\202\243\343\202\2421 - \345\274\276\350\226\254_ \345\244\247\345\217\243\345\276\204\345\274\276.png"
 create mode 100644 "System Update/shared/images/Figment/AddedItems/2026-09-03_18-22-25/\343\203\206\343\202\243\343\202\2421 - \345\274\276\350\226\254_ \345\260\217\345\217\243\345\276\204\345\274\276.png"
 create mode 100644 "System Update/shared/images/Figment/AddedItems/2026-09-03_18-22-25/\343\203\206\343\202\243\343\202\2421 - \345\274\276\350\226\254_ \346\225\243\345\274\276.png"
 create mode 100644 "System Update/shared/images/Figment/AddedItems/2026-09-03_18-22-25/\343\203\206\343\202\243\343\202\2423 - \343\202\242\343\202\265\343\203\253\343\203\210\343\203\251\343\202\244\343\203\225\343\203\253  .png"
 create mode 100644 "System Update/shared/images/Figment/AddedItems/2026-09-03_18-22-25/\343\203\206\343\202\243\343\202\2423 - \343\202\244\343\203\263\343\203\225\343\202\241\343\203\263\343\203\210\343\203\252\343\203\274\343\203\251\343\202\244\343\203\225\343\203\253.png"
 create mode 100644 "System Update/shared/images/Figment/AddedItems/2026-09-03_18-22-25/\343\203\206\343\202\243\343\202\2423 - \343\202\260\343\203\254\343\203\215\343\203\274\343\203\211\343\203\251\343\203\263\343\203\201\343\203\243\343\203\274  .png"
 create mode 100644 "System Update/shared/images/Figment/AddedItems/2026-09-03_18-22-25/\343\203\206\343\202\243\343\202\2423 - \343\202\265\343\202\244\343\203\254\343\203\263\343\202\265\343\203\274\344\273\230\343\201\215\343\202\265\343\203\226\343\203\236\343\202\267\343\203\263\343\202\254\343\203\263.png"
 create mode 100644 "System Update/shared/images/Figment/AddedItems/2026-09-03_18-22-25/\343\203\206\343\202\243\343\202\2423 - \343\202\277\343\202\257\343\203\206\343\202\243\343\202\253\343\203\253\343\202\267\343\203\247\343\203\203\343\203\210\343\202\254\343\203\263.png"
 create mode 100644 "System Update/shared/images/Figment/AddedItems/2026-09-03_18-22-25/\343\203\206\343\202\243\343\202\2423 - \343\203\230\343\203\223\343\203\274\343\202\242\343\202\265\343\203\253\343\203\210\343\203\251\343\202\244\343\203\225\343\203\253.png"
 create mode 100644 "System Update/shared/images/Figment/AddedItems/2026-09-03_18-22-25/\343\203\206\343\202\243\343\202\2423 - \343\203\234\343\203\253\343\203\210\343\202\242\343\202\257\343\202\267\343\203\247\343\203\263\343\202\271\343\203\212\343\202\244\343\203\221\343\203\274\343\203\251\343\202\244\343\203\225\343\203\253.png"
 create mode 100644 "System Update/shared/images/Figment/AddedItems/2026-09-03_18-22-25/\343\203\206\343\202\243\343\202\2423 - \343\203\235\343\203\263\343\203\227\343\202\267\343\203\247\343\203\203\343\203\210\343\202\254\343\203\263.png"
 create mode 100644 "System Update/shared/images/Figment/AddedItems/2026-09-03_18-22-25/\343\203\206\343\202\243\343\202\2424 - \343\202\242\343\202\265\343\203\253\343\203\210\343\203\251\343\202\244\343\203\225\343\203\253  .png"
 create mode 100644 "System Update/shared/images/Figment/AddedItems/2026-09-03_18-22-25/\343\203\206\343\202\243\343\202\2424 - \343\202\244\343\203\263\343\203\225\343\202\241\343\203\263\343\203\210\343\203\252\343\203\274\343\203\251\343\202\244\343\203\225\343\203\253.png"
 create mode 100644 "System Update/shared/images/Figment/AddedItems/2026-09-03_18-22-25/\343\203\206\343\202\243\343\202\2424 - \343\202\260\343\203\254\343\203\215\343\203\274\343\203\211\343\203\251\343\203\263\343\203\201\343\203\243\343\203\274  .png"
 create mode 100644 "System Update/shared/images/Figment/AddedItems/2026-09-03_18-22-25/\343\203\206\343\202\243\343\202\2424 - \343\202\265\343\202\244\343\203\254\343\203\263\343\202\265\343\203\274\344\273\230\343\201\215\343\202\242\343\202\265\343\203\253\343\203\210\343\203\251\343\202\244\343\203\225\343\203\253.png"
 create mode 100644 "System Update/shared/images/Figment/AddedItems/2026-09-03_18-22-25/\343\203\206\343\202\243\343\202\2424 - \343\202\277\343\202\257\343\203\206\343\202\243\343\202\253\343\203\253\343\202\265\343\203\226\343\203\236\343\202\267\343\203\263\343\202\254\343\203\263.png"
 create mode 100644 "System Update/shared/images/Figment/AddedItems/2026-09-03_18-22-25/\343\203\206\343\202\243\343\202\2424 - \343\202\277\343\202\257\343\203\206\343\202\243\343\202\253\343\203\253\343\202\267\343\203\247\343\203\203\343\203\210\343\202\254\343\203\263.png"
 create mode 100644 "System Update/shared/images/Figment/AddedItems/2026-09-03_18-22-25/\343\203\206\343\202\243\343\202\2424 - \343\203\230\343\203\223\343\203\274\343\202\271\343\203\212\343\202\244\343\203\221\343\203\274\343\203\251\343\202\244\343\203\225\343\203\253.png"
 create mode 100644 "System Update/shared/images/Figment/AddedItems/2026-09-03_18-22-25/\343\203\206\343\202\243\343\202\2424 - \343\203\234\343\203\253\343\203\210\343\202\242\343\202\257\343\202\267\343\203\247\343\203\263\343\202\271\343\203\212\343\202\244\343\203\221\343\203\274\343\203\251\343\202\244\343\203\225\343\203\253.png"
 create mode 100644 "System Update/shared/images/Figment/AddedItems/2026-09-03_18-22-25/\343\203\206\343\202\243\343\202\2425 - \343\202\242\343\202\265\343\203\253\343\203\210\343\203\251\343\202\244\343\203\225\343\203\253  .png"
 create mode 100644 "System Update/shared/images/Figment/AddedItems/2026-09-03_18-22-25/\343\203\206\343\202\243\343\202\2425 - \343\202\244\343\203\263\343\203\225\343\202\241\343\203\263\343\203\210\343\203\252\343\203\274\343\203\251\343\202\244\343\203\225\343\203\253.png"
 create mode 100644 "System Update/shared/images/Figment/AddedItems/2026-09-03_18-22-25/\343\203\206\343\202\243\343\202\2425 - \343\202\260\343\203\254\343\203\215\343\203\274\343\203\211\343\203\251\343\203\263\343\203\201\343\203\243\343\203\274  .png"
 create mode 100644 "System Update/shared/images/Figment/AddedItems/2026-09-03_18-22-25/\343\203\206\343\202\243\343\202\2425 - \343\202\265\343\202\244\343\203\254\343\203\263\343\202\265\343\203\274\344\273\230\343\201\215\343\202\242\343\202\265\343\203\253\343\203\210\343\203\251\343\202\244\343\203\225\343\203\253.png"
 create mode 100644 "System Update/shared/images/Figment/AddedItems/2026-09-03_18-22-25/\343\203\206\343\202\243\343\202\2425 - \343\202\277\343\202\257\343\203\206\343\202\243\343\202\253\343\203\253\343\202\267\343\203\247\343\203\203\343\203\210\343\202\254\343\203\263.png"
 create mode 100644 "System Update/shared/images/Figment/AddedItems/2026-09-03_18-22-25/\343\203\206\343\202\243\343\202\2425 - \343\203\230\343\203\223\343\203\274\343\202\271\343\203\212\343\202\244\343\203\221\343\203\274\343\203\251\343\202\244\343\203\225\343\203\253.png"
 create mode 100644 "System Update/shared/images/Figment/AddedItems/2026-09-03_18-22-25/\343\203\206\343\202\243\343\202\2425 - \343\203\234\343\203\253\343\203\210\343\202\242\343\202\257\343\202\267\343\203\247\343\203\263\343\202\271\343\203\212\343\202\244\343\203\221\343\203\274\343\203\251\343\202\244\343\203\225\343\203\253.png"
 create mode 100644 "System Update/shared/images/Figment/AddedItems/2026-09-03_18-22-25/\343\203\206\343\202\243\343\202\2425 - \343\203\255\343\202\261\343\203\203\343\203\210\343\203\251\343\203\263\343\203\201\343\203\243\343\203\274   .png"
 create mode 100644 "System Update/\346\210\246\345\210\251\345\223\201\343\203\207\343\203\274\343\202\277/Figment/Figment_LootData_2026-09-03_18-22.json"
2026-09-03 18:22:41 | WARNING | git push stderr: To https://github.com/Greenfox0833/New-Loot.git
   4a2f1c9..44b3331  main -> main
2026-09-03 18:22:41 | INFO | ✓ GitHub Push 完了
2026-09-03 18:22:41 | INFO | ===== Figment: pipeline end =====
