2026-02-14 17:09:37 | INFO | log file (Figment): E:\フォートナイト\Picture\Loot Pool\TEST4\New Loot\System Update\Figment\output\logs\pipeline_2026-02-14_17-09-37.log
2026-02-14 17:09:37 | INFO | ===== Figment: pipeline start =====
2026-02-14 17:09:37 | INFO | paths: lt=E:\フォートナイト\Picture\Loot Pool\TEST4\New Loot\System Update\Figment\input\AthenaLootTierData_Client__final.json lp=E:\フォートナイト\Picture\Loot Pool\TEST4\New Loot\System Update\Figment\input\AthenaLootPackages_Client__final.json minlist=E:\フォートナイト\Picture\Loot Pool\TEST4\New Loot\System Update\Figment\input\items_unique_min.json
2026-02-14 17:09:37 | INFO | output: summary=E:\フォートナイト\Picture\Loot Pool\TEST4\New Loot\System Update\Figment\output\summary lootdata=E:\フォートナイト\Picture\Loot Pool\TEST4\New Loot\System Update\戦利品データ\Figment
2026-02-14 17:09:37 | INFO | flags: hotfix=True prewarm=True image=True workers=8
2026-02-14 17:09:37 | INFO | hotfix start: E:\フォートナイト\Picture\Loot Pool\TEST4\New Loot\System Update\LootPackage.py
2026-02-14 17:09:38 | INFO | hotfix lp stdout: [STEP1-2] merge E:\Fmodel\Exports\FortniteGame\Plugins\GameFeatures\Figment\Figment_LootTables\Content\DataTables\FigmentLootPackages_Backup.json : replaced=0, added=0
[HOTFIX:SEASON1] target=/Figment_LootTables/DataTables/FigmentLootPackages
[629] RowUpdate WorldList.AthenaSupplyDrop.Weapon.Handgun.02.Weight=0.000000) -> OK
[780] RowUpdate WorldList.AthenaLoot.Weapon.AssaultAuto.14.Weight=0.000000 -> OK
[781] RowUpdate WorldList.AthenaLoot.Weapon.AssaultAuto.15.Weight=0.000000 -> OK
[782] RowUpdate WorldList.AthenaLoot.Weapon.HighAssaultAuto.43.Weight=0.000000 -> OK
[783] RowUpdate WorldList.AthenaLoot.Weapon.HighAssaultAuto.44.Weight=0.000000 -> OK
[784] RowUpdate WorldList.AthenaSupplyDrop.Weapon.Assault.06.Weight=0.000000) -> OK
[786] RowUpdate WorldList.AthenaLoot.Weapon.AssaultAuto.39.Weight=0.050000 -> OK
[787] RowUpdate WorldList.AthenaLoot.Weapon.AssaultAuto.39.ItemDefinition=/Figment_Sniper_Crossbow_Athena/Gameplay/WID_Figment_Sniper_Valentine_Athena_VR_Ore_T03.WID_Figment_Sniper_Valentine_Athena_VR_Ore_T03 -> OK
[788] RowUpdate WorldList.AthenaLoot.Weapon.HighAssaultAuto.19.Weight=0.060000 -> OK
[789] RowUpdate WorldList.AthenaLoot.Weapon.HighAssaultAuto.19.ItemDefinition=/Figment_Sniper_Crossbow_Athena/Gameplay/WID_Figment_Sniper_Valentine_Athena_VR_Ore_T03.WID_Figment_Sniper_Valentine_Athena_VR_Ore_T03 -> OK
[790] RowUpdate WorldList.AthenaLoot.Weapon.Sniper.15.Weight=0.500000 -> OK
[791] RowUpdate WorldList.AthenaLoot.Weapon.Sniper.15.ItemDefinition=/Figment_Sniper_Crossbow_Athena/Gameplay/WID_Figment_Sniper_Valentine_Athena_VR_Ore_T03.WID_Figment_Sniper_Valentine_Athena_VR_Ore_T03 -> OK
[792] RowUpdate WorldList.AthenaLoot.Weapon.HighSniper.22.Weight=0.050000 -> OK
[793] RowUpdate WorldList.AthenaLoot.Weapon.HighSniper.22.ItemDefinition=/Figment_Sniper_Crossbow_Athena/Gameplay/WID_Figment_Sniper_Valentine_Athena_VR_Ore_T03.WID_Figment_Sniper_Valentine_Athena_VR_Ore_T03 -> OK
[HOTFIX:SEASON1] Addrow(TableUpdate) なし -> スキップ
[HOTFIX:SEASON1] done: applied=14, deleted=0, skipped=0
[HOTFIX:SEASON2] target=/Figment_LootTables/DataTables/FigmentLootPackages_Backup
[HOTFIX:SEASON2] Addrow(TableUpdate) なし -> スキップ
[HOTFIX:SEASON2] done: applied=0, deleted=0, skipped=0
[WRITE] final -> E:\フォートナイト\Picture\Loot Pool\TEST4\New Loot\System Update\Figment\input\AthenaLootPackages_Client__final.json
[WRITE] per-input -> E:\フォートナイト\Picture\Loot Pool\TEST4\New Loot\System Update\Figment\input\FigmentLootPackages__final.json
[WRITE] per-input -> E:\フォートナイト\Picture\Loot Pool\TEST4\New Loot\System Update\Figment\input\FigmentLootPackages_Backup__final.json
2026-02-14 17:09:38 | INFO | hotfix start: E:\フォートナイト\Picture\Loot Pool\TEST4\New Loot\System Update\LootTier.py
2026-02-14 17:09:38 | INFO | hotfix lt stdout: [STEP1-2] merge E:\Fmodel\Exports\FortniteGame\Plugins\GameFeatures\Figment\Figment_LootTables\Content\DataTables\FigmentLootTierData_Backup.json : replaced=0, added=0
[HOTFIX:SEASON1] target=/Figment_LootTables/DataTables/FigmentLootTierData
[HOTFIX:SEASON1] done: applied=0, deleted=0, skipped=0
[HOTFIX:SEASON2] target=/Figment_LootTables/DataTables/FigmentLootTierData_Backup
[HOTFIX:SEASON2] done: applied=0, deleted=0, skipped=0
[WRITE] final -> E:\フォートナイト\Picture\Loot Pool\TEST4\New Loot\System Update\Figment\input\AthenaLootTierData_Client__final.json
[WRITE] per-input -> E:\フォートナイト\Picture\Loot Pool\TEST4\New Loot\System Update\Figment\input\FigmentLootTierData__final.json
[WRITE] per-input -> E:\フォートナイト\Picture\Loot Pool\TEST4\New Loot\System Update\Figment\input\FigmentLootTierData_Backup__final.json
2026-02-14 17:09:38 | INFO | ✓ Hotfix 適用完了 (0.87s)
2026-02-14 17:09:38 | INFO | load lt: E:\フォートナイト\Picture\Loot Pool\TEST4\New Loot\System Update\Figment\input\AthenaLootTierData_Client__final.json
2026-02-14 17:09:38 | INFO | load lp: E:\フォートナイト\Picture\Loot Pool\TEST4\New Loot\System Update\Figment\input\AthenaLootPackages_Client__final.json
2026-02-14 17:09:38 | INFO | load done (0.02s)
2026-02-14 17:09:38 | INFO | build summary start
2026-02-14 17:09:38 | INFO | build summary done (0.01s)
2026-02-14 17:09:38 | INFO | enrich summary with names start
2026-02-14 17:09:38 | INFO | enrich summary done (0.00s)
2026-02-14 17:09:38 | INFO | ✅ まとめJSONを作成: E:\フォートナイト\Picture\Loot Pool\TEST4\New Loot\System Update\Figment\output\summary\v39.30_2026-02-14_17-09.json
2026-02-14 17:09:38 | INFO | build Figment_LootData start
2026-02-14 17:09:38 | INFO | build BR_LootData done (0.00s)
2026-02-14 17:09:38 | INFO | ✅ Figment_LootData を作成: E:\フォートナイト\Picture\Loot Pool\TEST4\New Loot\System Update\戦利品データ\Figment\Figment_LootData_2026-02-14_17-09.json
2026-02-14 17:09:38 | INFO | ✅ Web LootPool を更新: E:\フォートナイト\Web\assets\data\Loot\ORIGIN_LootPool.json
2026-02-14 17:09:38 | INFO | LootSummary start: E:\フォートナイト\Picture\Loot Pool\TEST4\New Loot\System Update\Figment\scripts\LootSummary.py
2026-02-14 17:09:39 | INFO | LootSummary stdout: 🔎 抽出用: 最新ファイル = E:\フォートナイト\Picture\Loot Pool\TEST4\New Loot\System Update\Figment\output\summary\v39.30_2026-02-14_17-09.json
✅ 抽出件数: 92
💾 保存: E:\フォートナイト\Picture\Loot Pool\TEST4\New Loot\System Update\Figment\input\items_unique_min.json
🔎 比較用: base   = E:\フォートナイト\Picture\Loot Pool\TEST4\New Loot\System Update\Figment\output\summary\v39.30_2026-02-14_10-57.json
🔎 比較用: target = E:\フォートナイト\Picture\Loot Pool\TEST4\New Loot\System Update\Figment\output\summary\v39.30_2026-02-14_17-09.json
✅ 差分作成 完了
  追加   : 0 / 削除 : 0 / 変更 : 0 / 変化なし : 92
💾 差分: E:\フォートナイト\Picture\Loot Pool\TEST4\New Loot\System Update\Figment\output\history\BR_20260214_1709\items_unique_min_diff.json
2026-02-14 17:09:39 | WARNING | LootSummary stderr: E:\フォートナイト\Picture\Loot Pool\TEST4\New Loot\System Update\Figment\scripts\LootSummary.py:2: SyntaxWarning: invalid escape sequence '\B'
  """
2026-02-14 17:09:39 | INFO | ✅ LootSummary 実行完了（抽出→比較） (0.26s)
2026-02-14 17:09:39 | INFO | prewarm start
