2026-02-06 07:36:31 | INFO | log file (Figment): E:\フォートナイト\Picture\Loot Pool\TEST4\New Loot\System Update\Figment\output\logs\pipeline_2026-02-06_07-36-31.log
2026-02-06 07:36:31 | INFO | ===== Figment: pipeline start =====
2026-02-06 07:36:31 | INFO | paths: lt=E:\フォートナイト\Picture\Loot Pool\TEST4\New Loot\System Update\Figment\input\AthenaLootTierData_Client__final.json lp=E:\フォートナイト\Picture\Loot Pool\TEST4\New Loot\System Update\Figment\input\AthenaLootPackages_Client__final.json minlist=E:\フォートナイト\Picture\Loot Pool\TEST4\New Loot\System Update\Figment\input\items_unique_min.json
2026-02-06 07:36:31 | INFO | output: summary=E:\フォートナイト\Picture\Loot Pool\TEST4\New Loot\System Update\Figment\output\summary lootdata=E:\フォートナイト\Picture\Loot Pool\TEST4\New Loot\System Update\戦利品データ\Figment
2026-02-06 07:36:31 | INFO | flags: hotfix=True prewarm=True image=True workers=8
2026-02-06 07:36:31 | INFO | hotfix start: E:\フォートナイト\Picture\Loot Pool\TEST4\New Loot\System Update\LootPackage.py
2026-02-06 07:36:31 | INFO | hotfix lp stdout: [STEP1-2] merge E:\Fmodel\Exports\FortniteGame\Plugins\GameFeatures\Figment\Figment_LootTables\Content\DataTables\FigmentLootPackages_Backup.json : replaced=0, added=0
[HOTFIX:SEASON1] target=/Figment_LootTables/DataTables/FigmentLootPackages
[614] RowUpdate WorldList.AthenaSupplyDrop.Weapon.Handgun.02.Weight=0.000000) -> OK
[HOTFIX:SEASON1] Addrow(TableUpdate) なし -> スキップ
[HOTFIX:SEASON1] done: applied=1, deleted=0, skipped=0
[HOTFIX:SEASON2] target=/Figment_LootTables/DataTables/FigmentLootPackages_Backup
[HOTFIX:SEASON2] Addrow(TableUpdate) なし -> スキップ
[HOTFIX:SEASON2] done: applied=0, deleted=0, skipped=0
[WRITE] final -> E:\フォートナイト\Picture\Loot Pool\TEST4\New Loot\System Update\Figment\input\AthenaLootPackages_Client__final.json
[WRITE] per-input -> E:\フォートナイト\Picture\Loot Pool\TEST4\New Loot\System Update\Figment\input\FigmentLootPackages__final.json
[WRITE] per-input -> E:\フォートナイト\Picture\Loot Pool\TEST4\New Loot\System Update\Figment\input\FigmentLootPackages_Backup__final.json
2026-02-06 07:36:31 | INFO | hotfix start: E:\フォートナイト\Picture\Loot Pool\TEST4\New Loot\System Update\LootTier.py
2026-02-06 07:36:32 | INFO | hotfix lt stdout: [STEP1-2] merge E:\Fmodel\Exports\FortniteGame\Plugins\GameFeatures\Figment\Figment_LootTables\Content\DataTables\FigmentLootTierData_Backup.json : replaced=0, added=0
[HOTFIX:SEASON1] target=/Figment_LootTables/DataTables/FigmentLootTierData
[HOTFIX:SEASON1] done: applied=0, deleted=0, skipped=0
[HOTFIX:SEASON2] target=/Figment_LootTables/DataTables/FigmentLootTierData_Backup
[HOTFIX:SEASON2] done: applied=0, deleted=0, skipped=0
[WRITE] final -> E:\フォートナイト\Picture\Loot Pool\TEST4\New Loot\System Update\Figment\input\AthenaLootTierData_Client__final.json
[WRITE] per-input -> E:\フォートナイト\Picture\Loot Pool\TEST4\New Loot\System Update\Figment\input\FigmentLootTierData__final.json
[WRITE] per-input -> E:\フォートナイト\Picture\Loot Pool\TEST4\New Loot\System Update\Figment\input\FigmentLootTierData_Backup__final.json
2026-02-06 07:36:32 | INFO | ✓ Hotfix 適用完了 (0.57s)
2026-02-06 07:36:32 | INFO | load lt: E:\フォートナイト\Picture\Loot Pool\TEST4\New Loot\System Update\Figment\input\AthenaLootTierData_Client__final.json
2026-02-06 07:36:32 | INFO | load lp: E:\フォートナイト\Picture\Loot Pool\TEST4\New Loot\System Update\Figment\input\AthenaLootPackages_Client__final.json
2026-02-06 07:36:32 | INFO | load done (0.01s)
2026-02-06 07:36:32 | INFO | build summary start
2026-02-06 07:36:32 | INFO | build summary done (0.01s)
2026-02-06 07:36:32 | INFO | enrich summary with names start
2026-02-06 07:36:32 | INFO | enrich summary done (0.00s)
2026-02-06 07:36:32 | INFO | ✅ まとめJSONを作成: E:\フォートナイト\Picture\Loot Pool\TEST4\New Loot\System Update\Figment\output\summary\v39.30_2026-02-06_07-36.json
2026-02-06 07:36:32 | INFO | build Figment_LootData start
2026-02-06 07:36:32 | INFO | build BR_LootData done (0.00s)
2026-02-06 07:36:32 | INFO | ✅ Figment_LootData を作成: E:\フォートナイト\Picture\Loot Pool\TEST4\New Loot\System Update\戦利品データ\Figment\Figment_LootData_2026-02-06_07-36.json
2026-02-06 07:36:32 | INFO | ✅ Web LootPool を更新: E:\フォートナイト\Web\assets\data\Loot\ORIGIN_LootPool.json
2026-02-06 07:36:32 | INFO | LootSummary start: E:\フォートナイト\Picture\Loot Pool\TEST4\New Loot\System Update\Figment\scripts\LootSummary.py
2026-02-06 07:36:32 | INFO | LootSummary stdout: 🔎 抽出用: 最新ファイル = E:\フォートナイト\Picture\Loot Pool\TEST4\New Loot\System Update\Figment\output\summary\v39.30_2026-02-06_07-36.json
✅ 抽出件数: 91
💾 保存: E:\フォートナイト\Picture\Loot Pool\TEST4\New Loot\System Update\Figment\input\items_unique_min.json
🔎 比較用: base   = E:\フォートナイト\Picture\Loot Pool\TEST4\New Loot\System Update\Figment\output\summary\v39.30_2026-02-06_07-10.json
🔎 比較用: target = E:\フォートナイト\Picture\Loot Pool\TEST4\New Loot\System Update\Figment\output\summary\v39.30_2026-02-06_07-36.json
✅ 差分作成 完了
  追加   : 0 / 削除 : 0 / 変更 : 0 / 変化なし : 91
💾 差分: E:\フォートナイト\Picture\Loot Pool\TEST4\New Loot\System Update\Figment\output\history\BR_20260206_0736\items_unique_min_diff.json
2026-02-06 07:36:32 | WARNING | LootSummary stderr: E:\フォートナイト\Picture\Loot Pool\TEST4\New Loot\System Update\Figment\scripts\LootSummary.py:2: SyntaxWarning: invalid escape sequence '\B'
  """
2026-02-06 07:36:32 | INFO | ✅ LootSummary 実行完了（抽出→比較） (0.10s)
2026-02-06 07:36:32 | INFO | prewarm start
2026-02-06 07:36:52 | INFO | ✅ アイコンキャッシュ プリウォーム完了 (20.59s)
2026-02-06 07:36:52 | INFO | 画像化タスク数: 91
2026-02-06 07:36:53 | INFO | 画像生成 進捗: 1/91
2026-02-06 07:36:55 | INFO | 画像生成 進捗: 50/91
2026-02-06 07:36:57 | INFO | 画像生成 進捗: 91/91
2026-02-06 07:36:57 | INFO | ✅ 画像生成 完了（MinListベース）
2026-02-06 07:36:57 | INFO | ✅ Loot diff: 変更なし（作成スキップ）
2026-02-06 07:36:57 | INFO | ℹ️ BR_Discord が見つかりません: E:\フォートナイト\Picture\Loot Pool\TEST4\New Loot\System Update\Figment\scripts\BR_Discor.py
2026-02-06 07:36:57 | INFO | git add: E:\フォートナイト\Picture\Loot Pool\TEST4\New Loot
2026-02-06 07:37:00 | INFO | git commit stdout: [main 5201f3e] Figment update 2026-02-06 07:36:59
 6 files changed, 21178 insertions(+)
 create mode 100644 System Update/Figment/output/history/BR_20260206_0736/items_unique_min_diff.json
 create mode 100644 System Update/Figment/output/logs/pipeline_2026-02-06_07-36-31.log
 create mode 100644 System Update/Figment/output/summary/v39.30_2026-02-06_07-36.json
 create mode 100644 System Update/Figment/pipeline.py
 create mode 100644 "System Update/\346\210\246\345\210\251\345\223\201\343\203\207\343\203\274\343\202\277/Figment/Figment_LootData_2026-02-06_07-36.json"
2026-02-06 07:37:01 | WARNING | git push stderr: To https://github.com/Greenfox0833/New-Loot.git
   d329b7d..5201f3e  main -> main
2026-02-06 07:37:01 | INFO | ✓ GitHub Push 完了
2026-02-06 07:37:01 | INFO | ===== Figment: pipeline end =====
