2026-04-01 22:59:34 | INFO | log file (Figment): E:\フォートナイト\Picture\Loot Pool\TEST4\New Loot\System Update\Figment\output\logs\pipeline_2026-04-01_22-59-34.log
2026-04-01 22:59:34 | INFO | ===== Figment: pipeline start =====
2026-04-01 22:59:34 | INFO | paths: lt=E:\フォートナイト\Picture\Loot Pool\TEST4\New Loot\System Update\Figment\input\AthenaLootTierData_Client__final.json lp=E:\フォートナイト\Picture\Loot Pool\TEST4\New Loot\System Update\Figment\input\AthenaLootPackages_Client__final.json minlist=E:\フォートナイト\Picture\Loot Pool\TEST4\New Loot\System Update\Figment\input\items_unique_min.json
2026-04-01 22:59:34 | INFO | output: summary=E:\フォートナイト\Picture\Loot Pool\TEST4\New Loot\System Update\Figment\output\summary lootdata=E:\フォートナイト\Picture\Loot Pool\TEST4\New Loot\System Update\戦利品データ\Figment
2026-04-01 22:59:34 | INFO | flags: hotfix=True prewarm=True image=True workers=8
2026-04-01 22:59:34 | INFO | hotfix start: E:\フォートナイト\Picture\Loot Pool\TEST4\New Loot\System Update\LootPackage.py
2026-04-01 22:59:35 | INFO | hotfix lp stdout: [STEP1-1] base E:\Fmodel\Exports\FortniteGame\Plugins\GameFeatures\Figment\Figment_LootTables\Content\DataTables\FigmentLootPackages.json
[HOTFIX:SEASON1] target=/Figment_LootTables/DataTables/FigmentLootPackages
[515] RowUpdate WorldList.AthenaLoot.VendingMachine.Weapons.Legendary.Shells.01.Weight=0.000000 -> OK
[516] RowUpdate WorldList.AthenaLoot.Weapon.Shotgun.11.Weight=0.000000 -> OK
[517] RowUpdate WorldList.AthenaLoot.Weapon.HighShotgun.11.Weight=0.000000 -> OK
[518] RowUpdate WorldList.AthenaSupplyDrop.Weapon.Shotgun.03.Weight=0.000000 -> OK
[519] RowUpdate WorldList.AthenaLoot.Weapon.AssaultAuto.29.Weight=0.000000 -> OK
[520] RowUpdate WorldList.AthenaLoot.Weapon.AssaultAuto.30.Weight=0.000000 -> OK
[521] RowUpdate WorldList.AthenaLoot.Weapon.HighAssaultAuto.15.Weight=0.000000 -> OK
[522] RowUpdate WorldList.AthenaLoot.Weapon.AssaultAuto.27.Weight=0.000000 -> OK
[523] RowUpdate WorldList.AthenaLoot.Weapon.AssaultAuto.28.Weight=0.000000 -> OK
[524] RowUpdate WorldList.AthenaLoot.Weapon.HighAssaultAuto.24.Weight=0.000000 -> OK
[525] RowUpdate WorldList.AthenaLoot.Weapon.HighAssaultAuto.25.Weight=0.000000 -> OK
[526] RowUpdate WorldList.AthenaSupplyDrop.Weapon.Assault.11.Weight=0.000000 -> OK
[527] RowUpdate WorldList.AthenaHighConsumables.35.Weight=0.000000 -> OK
[528] RowUpdate WorldList.AthenaSupplyDropConsumables.34.Weight=0.000000 -> OK
[529] RowUpdate WorldList.AthenaConsumables.30.Weight=0.000000 -> OK
[530] RowUpdate WorldList.AthenaLoot.VendingMachine.Consumables.Uncommon.03.Weight=0.000000 -> OK
[531] RowUpdate WorldList.AthenaTraps.14.Weight=0.000000 -> OK
[532] RowUpdate WorldList.ForagedItem.Banana.01.Weight=0.000000 -> OK
[533] RowUpdate WorldList.ForagedItem.Pepper.01.Weight=0.000000 -> OK
[534] RowUpdate WorldList.ForagedItem.Coconut.01.Weight=0.000000 -> OK
[HOTFIX:SEASON1] Addrow(TableUpdate) なし -> スキップ
[HOTFIX:SEASON1] done: applied=20, deleted=0, skipped=0
[STEP1-2] merge E:\Fmodel\Exports\FortniteGame\Plugins\GameFeatures\Figment\Figment_LootTables\Content\DataTables\FigmentLootPackages_Backup.json : replaced=0, added=0
[HOTFIX:SEASON2] target=/Figment_LootTables/DataTables/FigmentLootPackages_Backup
[HOTFIX:SEASON2] Addrow(TableUpdate) なし -> スキップ
[HOTFIX:SEASON2] done: applied=0, deleted=0, skipped=0
[WRITE] final -> E:\フォートナイト\Picture\Loot Pool\TEST4\New Loot\System Update\Figment\input\AthenaLootPackages_Client__final.json
[WRITE] per-input -> E:\フォートナイト\Picture\Loot Pool\TEST4\New Loot\System Update\Figment\input\FigmentLootPackages__final.json
[WRITE] per-input -> E:\フォートナイト\Picture\Loot Pool\TEST4\New Loot\System Update\Figment\input\FigmentLootPackages_Backup__final.json
2026-04-01 22:59:35 | INFO | hotfix start: E:\フォートナイト\Picture\Loot Pool\TEST4\New Loot\System Update\LootTier.py
2026-04-01 22:59:36 | INFO | hotfix lt stdout: [STEP1-1] base E:\Fmodel\Exports\FortniteGame\Plugins\GameFeatures\Figment\Figment_LootTables\Content\DataTables\FigmentLootTierData.json
[HOTFIX:SEASON1] target=/Figment_LootTables/DataTables/FigmentLootTierData
[HOTFIX:SEASON1] done: applied=0, deleted=0, skipped=0
[STEP1-2] merge E:\Fmodel\Exports\FortniteGame\Plugins\GameFeatures\Figment\Figment_LootTables\Content\DataTables\FigmentLootTierData_Backup.json : replaced=0, added=0
[HOTFIX:SEASON2] target=/Figment_LootTables/DataTables/FigmentLootTierData_Backup
[HOTFIX:SEASON2] done: applied=0, deleted=0, skipped=0
[WRITE] final -> E:\フォートナイト\Picture\Loot Pool\TEST4\New Loot\System Update\Figment\input\AthenaLootTierData_Client__final.json
[WRITE] per-input -> E:\フォートナイト\Picture\Loot Pool\TEST4\New Loot\System Update\Figment\input\FigmentLootTierData__final.json
[WRITE] per-input -> E:\フォートナイト\Picture\Loot Pool\TEST4\New Loot\System Update\Figment\input\FigmentLootTierData_Backup__final.json
2026-04-01 22:59:36 | INFO | ✓ Hotfix 適用完了 (2.54s)
2026-04-01 22:59:36 | INFO | load lt: E:\フォートナイト\Picture\Loot Pool\TEST4\New Loot\System Update\Figment\input\AthenaLootTierData_Client__final.json
2026-04-01 22:59:36 | INFO | load lp: E:\フォートナイト\Picture\Loot Pool\TEST4\New Loot\System Update\Figment\input\AthenaLootPackages_Client__final.json
2026-04-01 22:59:37 | INFO | load done (0.07s)
2026-04-01 22:59:37 | INFO | build summary start
2026-04-01 22:59:40 | INFO | build summary done (3.46s)
2026-04-01 22:59:40 | INFO | enrich summary with names start
2026-04-01 22:59:42 | INFO | enrich summary done (2.50s)
2026-04-01 22:59:43 | INFO | ✅ まとめJSONを作成: E:\フォートナイト\Picture\Loot Pool\TEST4\New Loot\System Update\Figment\output\summary\v39.30_2026-04-01_22-59.json
2026-04-01 22:59:43 | INFO | build Figment_LootData start
2026-04-01 22:59:43 | INFO | build BR_LootData done (0.00s)
2026-04-01 22:59:43 | INFO | ✅ Figment_LootData を作成: E:\フォートナイト\Picture\Loot Pool\TEST4\New Loot\System Update\戦利品データ\Figment\Figment_LootData_2026-04-01_22-59.json
2026-04-01 22:59:43 | INFO | ✅ Web LootPool を更新: E:\フォートナイト\Web\assets\data\Loot\ORIGIN_LootPool.json
2026-04-01 22:59:43 | INFO | LootSummary start: E:\フォートナイト\Picture\Loot Pool\TEST4\New Loot\System Update\Figment\scripts\LootSummary.py
2026-04-01 22:59:45 | INFO | LootSummary stdout: 🔎 抽出用: 最新ファイル = E:\フォートナイト\Picture\Loot Pool\TEST4\New Loot\System Update\Figment\output\summary\v39.30_2026-04-01_22-59.json
✅ 抽出件数: 99
💾 保存: E:\フォートナイト\Picture\Loot Pool\TEST4\New Loot\System Update\Figment\input\items_unique_min.json
🔎 比較用: base   = E:\フォートナイト\Picture\Loot Pool\TEST4\New Loot\System Update\Figment\output\summary\v39.30_2026-03-20_07-58.json
🔎 比較用: target = E:\フォートナイト\Picture\Loot Pool\TEST4\New Loot\System Update\Figment\output\summary\v39.30_2026-04-01_22-59.json
✅ 差分作成 完了
  追加   : 13 / 削除 : 5 / 変更 : 0 / 変化なし : 86
💾 差分: E:\フォートナイト\Picture\Loot Pool\TEST4\New Loot\System Update\Figment\output\history\BR_20260401_2259\items_unique_min_diff.json
2026-04-01 22:59:45 | WARNING | LootSummary stderr: E:\フォートナイト\Picture\Loot Pool\TEST4\New Loot\System Update\Figment\scripts\LootSummary.py:2: SyntaxWarning: invalid escape sequence '\B'
  """
2026-04-01 22:59:45 | INFO | ✅ LootSummary 実行完了（抽出→比較） (1.73s)
2026-04-01 22:59:45 | INFO | prewarm start
