2026-03-05 23:12:25 | INFO | log file (Figment): E:\フォートナイト\Picture\Loot Pool\TEST4\New Loot\System Update\Figment\output\logs\pipeline_2026-03-05_23-12-25.log
2026-03-05 23:12:25 | INFO | ===== Figment: pipeline start =====
2026-03-05 23:12:25 | INFO | paths: lt=E:\フォートナイト\Picture\Loot Pool\TEST4\New Loot\System Update\Figment\input\AthenaLootTierData_Client__final.json lp=E:\フォートナイト\Picture\Loot Pool\TEST4\New Loot\System Update\Figment\input\AthenaLootPackages_Client__final.json minlist=E:\フォートナイト\Picture\Loot Pool\TEST4\New Loot\System Update\Figment\input\items_unique_min.json
2026-03-05 23:12:25 | INFO | output: summary=E:\フォートナイト\Picture\Loot Pool\TEST4\New Loot\System Update\Figment\output\summary lootdata=E:\フォートナイト\Picture\Loot Pool\TEST4\New Loot\System Update\戦利品データ\Figment
2026-03-05 23:12:25 | INFO | flags: hotfix=True prewarm=True image=True workers=8
2026-03-05 23:12:25 | INFO | hotfix start: E:\フォートナイト\Picture\Loot Pool\TEST4\New Loot\System Update\LootPackage.py
2026-03-05 23:12:26 | ERROR | [!] main 内でエラー: Command '['C:\\Users\\FN_greenfox\\AppData\\Local\\Programs\\Python\\Python312\\python.exe', 'E:\\フォートナイト\\Picture\\Loot Pool\\TEST4\\New Loot\\System Update\\LootPackage.py']' returned non-zero exit status 1.
2026-03-05 23:12:26 | ERROR | Traceback (most recent call last):
  File "e:\フォートナイト\Picture\Loot Pool\TEST4\New Loot\System Update\Figment\pipeline.py", line 101, in main
    res_lp = subprocess.run(
             ^^^^^^^^^^^^^^^
  File "C:\Users\FN_greenfox\AppData\Local\Programs\Python\Python312\Lib\subprocess.py", line 571, in run
    raise CalledProcessError(retcode, process.args,
subprocess.CalledProcessError: Command '['C:\\Users\\FN_greenfox\\AppData\\Local\\Programs\\Python\\Python312\\python.exe', 'E:\\フォートナイト\\Picture\\Loot Pool\\TEST4\\New Loot\\System Update\\LootPackage.py']' returned non-zero exit status 1.
2026-03-05 23:12:26 | INFO | ℹ️ BR_Discord が見つかりません: E:\フォートナイト\Picture\Loot Pool\TEST4\New Loot\System Update\Figment\scripts\BR_Discor.py
2026-03-05 23:12:26 | INFO | git add: E:\フォートナイト\Picture\Loot Pool\TEST4\New Loot
2026-03-05 23:12:27 | INFO | git commit stdout: [main fbcd819] Figment update 2026-03-05 23:12:26
 2 files changed, 367 insertions(+)
 create mode 100644 System Update/Figment/output/logs/pipeline_2026-03-05_23-12-25.log
2026-03-05 23:12:31 | WARNING | git push stderr: To https://github.com/Greenfox0833/New-Loot.git
   d9869a9..fbcd819  main -> main
2026-03-05 23:12:31 | INFO | ✓ GitHub Push 完了
2026-03-05 23:12:31 | INFO | ===== Figment: pipeline end =====
