2026-09-03 21:52:53 | INFO | log file (Figment): E:\フォートナイト\Picture\Loot Pool\TEST4\New Loot\System Update\Figment\output\logs\pipeline_2026-09-03_21-52-53.log
2026-09-03 21:52:53 | INFO | ===== Figment: pipeline start =====
2026-09-03 21:52:53 | INFO | paths: lt=E:\フォートナイト\Picture\Loot Pool\TEST4\New Loot\System Update\Figment\input\AthenaLootTierData_Client__final.json lp=E:\フォートナイト\Picture\Loot Pool\TEST4\New Loot\System Update\Figment\input\AthenaLootPackages_Client__final.json minlist=E:\フォートナイト\Picture\Loot Pool\TEST4\New Loot\System Update\Figment\input\items_unique_min.json
2026-09-03 21:52:53 | INFO | output: summary=E:\フォートナイト\Picture\Loot Pool\TEST4\New Loot\System Update\Figment\output\summary lootdata=E:\フォートナイト\Picture\Loot Pool\TEST4\New Loot\System Update\戦利品データ\Figment
2026-09-03 21:52:53 | INFO | flags: hotfix=True prewarm=True image=True workers=8
2026-09-03 21:52:53 | INFO | hotfix start: E:\フォートナイト\Picture\Loot Pool\TEST4\New Loot\System Update\LootPackage.py
2026-09-03 21:52:56 | INFO | hotfix lp stdout: [STEP1-1] base http://localhost:3849/api/v1/export?path=FortniteGame/Plugins/GameFeatures/Figment/Figment_LootTables/Content/DataTables/FigmentLootPackages.uasset
[HOTFIX:SEASON1] target=/Figment_LootTables/DataTables/FigmentLootPackages
[HOTFIX:SEASON1] Addrow(TableUpdate) なし -> スキップ
[HOTFIX:SEASON1] done: applied=0, deleted=0, skipped=0
[STEP1-2] merge http://localhost:3849/api/v1/export?path=FortniteGame/Plugins/GameFeatures/Figment/Figment_LootTables/Content/DataTables/FigmentLootPackages_Backup.uasset : replaced=0, added=0
[HOTFIX:SEASON2] target=/Figment_LootTables/DataTables/FigmentLootPackages_Backup
[HOTFIX:SEASON2] Addrow(TableUpdate) なし -> スキップ
[HOTFIX:SEASON2] done: applied=0, deleted=0, skipped=0
[WRITE] final -> E:\フォートナイト\Picture\Loot Pool\TEST4\New Loot\System Update\Figment\input\AthenaLootPackages_Client__final.json
[WRITE] per-input -> E:\フォートナイト\Picture\Loot Pool\TEST4\New Loot\System Update\Figment\input\FigmentLootPackages__final.json
[WRITE] per-input -> E:\フォートナイト\Picture\Loot Pool\TEST4\New Loot\System Update\Figment\input\FigmentLootPackages_Backup__final.json
2026-09-03 21:52:56 | INFO | hotfix start: E:\フォートナイト\Picture\Loot Pool\TEST4\New Loot\System Update\LootTier.py
2026-09-03 21:52:59 | INFO | hotfix lt stdout: [STEP1-1] base http://localhost:3849/api/v1/export?path=FortniteGame/Plugins/GameFeatures/Figment/Figment_LootTables/Content/DataTables/FigmentLootTierData.uasset
[HOTFIX:SEASON1] target=/Figment_LootTables/DataTables/FigmentLootTierData
[HOTFIX:SEASON1] done: applied=0, deleted=0, skipped=0
[STEP1-2] merge http://localhost:3849/api/v1/export?path=FortniteGame/Plugins/GameFeatures/Figment/Figment_LootTables/Content/DataTables/FigmentLootTierData_Backup.uasset : replaced=0, added=0
[HOTFIX:SEASON2] target=/Figment_LootTables/DataTables/FigmentLootTierData_Backup
[HOTFIX:SEASON2] done: applied=0, deleted=0, skipped=0
[WRITE] final -> E:\フォートナイト\Picture\Loot Pool\TEST4\New Loot\System Update\Figment\input\AthenaLootTierData_Client__final.json
[WRITE] per-input -> E:\フォートナイト\Picture\Loot Pool\TEST4\New Loot\System Update\Figment\input\FigmentLootTierData__final.json
[WRITE] per-input -> E:\フォートナイト\Picture\Loot Pool\TEST4\New Loot\System Update\Figment\input\FigmentLootTierData_Backup__final.json
2026-09-03 21:52:59 | INFO | ✓ Hotfix 適用完了 (5.95s)
2026-09-03 21:52:59 | INFO | load lt: E:\フォートナイト\Picture\Loot Pool\TEST4\New Loot\System Update\Figment\input\AthenaLootTierData_Client__final.json
2026-09-03 21:52:59 | INFO | load lp: E:\フォートナイト\Picture\Loot Pool\TEST4\New Loot\System Update\Figment\input\AthenaLootPackages_Client__final.json
2026-09-03 21:52:59 | INFO | load done (0.01s)
2026-09-03 21:52:59 | INFO | build summary start
2026-09-03 21:52:59 | INFO | build summary done (0.03s)
2026-09-03 21:52:59 | INFO | enrich summary with names start
2026-09-03 21:53:01 | INFO | enrich summary done (2.14s)
2026-09-03 21:53:01 | INFO | ✅ まとめJSONを作成: E:\フォートナイト\Picture\Loot Pool\TEST4\New Loot\System Update\Figment\output\summary\v39.30_2026-09-03_21-53.json
2026-09-03 21:53:01 | INFO | build item metadata start
2026-09-03 21:53:03 | INFO | ✅ アイテム名・説明・タグJSONを更新: E:\フォートナイト\Picture\Loot Pool\TEST4\New Loot\System Update\shared\cache\item_metadata.json (1.36s)
2026-09-03 21:53:03 | INFO | build Figment_LootData start
2026-09-03 21:53:03 | INFO | build BR_LootData done (0.00s)
2026-09-03 21:53:03 | INFO | ✅ Figment_LootData を作成: E:\フォートナイト\Picture\Loot Pool\TEST4\New Loot\System Update\戦利品データ\Figment\Figment_LootData_2026-09-03_21-53.json
2026-09-03 21:53:03 | INFO | ✅ Web LootPool を更新: E:\フォートナイト\Web\loot\data\ORIGIN_LootPool.json
2026-09-03 21:53:03 | INFO | LootSummary start: E:\フォートナイト\Picture\Loot Pool\TEST4\New Loot\System Update\Figment\scripts\LootSummary.py
2026-09-03 21:53:03 | INFO | LootSummary stdout: 🔎 抽出用: 最新ファイル = E:\フォートナイト\Picture\Loot Pool\TEST4\New Loot\System Update\Figment\output\summary\v39.30_2026-09-03_21-53.json
✅ 抽出件数: 118
💾 保存: E:\フォートナイト\Picture\Loot Pool\TEST4\New Loot\System Update\Figment\input\items_unique_min.json
🔎 比較用: base   = E:\フォートナイト\Picture\Loot Pool\TEST4\New Loot\System Update\Figment\output\summary\v39.30_2026-09-03_21-36.json
🔎 比較用: target = E:\フォートナイト\Picture\Loot Pool\TEST4\New Loot\System Update\Figment\output\summary\v39.30_2026-09-03_21-53.json
✅ 差分作成 完了
  追加   : 0 / 削除 : 0 / 変更 : 0 / 変化なし : 118
💾 差分: E:\フォートナイト\Picture\Loot Pool\TEST4\New Loot\System Update\Figment\output\history\BR_20260903_2153\items_unique_min_diff.json
2026-09-03 21:53:03 | WARNING | LootSummary stderr: E:\フォートナイト\Picture\Loot Pool\TEST4\New Loot\System Update\Figment\scripts\LootSummary.py:2: SyntaxWarning: invalid escape sequence '\B'
  """
2026-09-03 21:53:03 | INFO | ✅ LootSummary 実行完了（抽出→比較） (0.17s)
2026-09-03 21:53:03 | INFO | prewarm start
2026-09-03 21:53:05 | INFO | ✅ アイコンキャッシュ プリウォーム完了 (1.80s)
2026-09-03 21:53:05 | INFO | 画像化タスク数: 118
2026-09-03 21:53:05 | INFO | 画像生成 進捗: 1/118
2026-09-03 21:53:07 | INFO | 画像生成 進捗: 50/118
2026-09-03 21:53:07 | INFO | 画像生成 進捗: 100/118
2026-09-03 21:53:08 | INFO | 画像生成 進捗: 118/118
2026-09-03 21:53:08 | INFO | ✅ 画像生成 完了（MinListベース）
2026-09-03 21:53:08 | INFO | ✅ Loot diff: 変更なし（作成スキップ）
2026-09-03 21:53:08 | INFO | git add: E:\フォートナイト\Picture\Loot Pool\TEST4\New Loot
2026-09-03 21:53:22 | INFO | git commit stdout: [main c2a45be] Figment update 2026-09-03 21:53:11
 11 files changed, 17676 insertions(+), 8876 deletions(-)
 create mode 100644 System Update/Figment/output/history/BR_20260903_2153/items_unique_min_diff.json
 create mode 100644 System Update/Figment/output/logs/pipeline_2026-09-03_21-52-53.log
 create mode 100644 System Update/Figment/output/summary/v39.30_2026-09-03_21-53.json
 delete mode 100644 "System Update/\346\210\246\345\210\251\345\223\201\343\203\207\343\203\274\343\202\277/Figment/Figment_LootData_2026-09-03_21-37.json"
 rename "System Update/\346\210\246\345\210\251\345\223\201\343\203\207\343\203\274\343\202\277/Figment/Figment_LootData_2026-09-03_18-22.json" => "System Update/\346\210\246\345\210\251\345\223\201\343\203\207\343\203\274\343\202\277/Figment/Figment_LootData_2026-09-03_21-53.json" (100%)
2026-09-03 21:53:28 | WARNING | git push stderr: To https://github.com/Greenfox0833/New-Loot.git
   4efbf8b..c2a45be  main -> main
2026-09-03 21:53:28 | INFO | ✓ GitHub Push 完了
2026-09-03 21:53:28 | INFO | ===== Figment: pipeline end =====
