2026-03-20 07:58:33 | INFO | log file (Figment): E:\フォートナイト\Picture\Loot Pool\TEST4\New Loot\System Update\Figment\output\logs\pipeline_2026-03-20_07-58-33.log
2026-03-20 07:58:33 | INFO | ===== Figment: pipeline start =====
2026-03-20 07:58:33 | INFO | paths: lt=E:\フォートナイト\Picture\Loot Pool\TEST4\New Loot\System Update\Figment\input\AthenaLootTierData_Client__final.json lp=E:\フォートナイト\Picture\Loot Pool\TEST4\New Loot\System Update\Figment\input\AthenaLootPackages_Client__final.json minlist=E:\フォートナイト\Picture\Loot Pool\TEST4\New Loot\System Update\Figment\input\items_unique_min.json
2026-03-20 07:58:33 | INFO | output: summary=E:\フォートナイト\Picture\Loot Pool\TEST4\New Loot\System Update\Figment\output\summary lootdata=E:\フォートナイト\Picture\Loot Pool\TEST4\New Loot\System Update\戦利品データ\Figment
2026-03-20 07:58:33 | INFO | flags: hotfix=True prewarm=True image=True workers=8
2026-03-20 07:58:33 | INFO | hotfix start: E:\フォートナイト\Picture\Loot Pool\TEST4\New Loot\System Update\LootPackage.py
2026-03-20 07:58:33 | INFO | hotfix lp stdout: [STEP1-1] base E:\Fmodel\Exports\FortniteGame\Plugins\GameFeatures\Figment\Figment_LootTables\Content\DataTables\FigmentLootPackages.json
[HOTFIX:SEASON1] target=/Figment_LootTables/DataTables/FigmentLootPackages
[HOTFIX:SEASON1] Addrow(TableUpdate) なし -> スキップ
[HOTFIX:SEASON1] done: applied=0, deleted=0, skipped=0
[STEP1-2] merge E:\Fmodel\Exports\FortniteGame\Plugins\GameFeatures\Figment\Figment_LootTables\Content\DataTables\FigmentLootPackages_Backup.json : replaced=0, added=0
[HOTFIX:SEASON2] target=/Figment_LootTables/DataTables/FigmentLootPackages_Backup
[HOTFIX:SEASON2] Addrow(TableUpdate) なし -> スキップ
[HOTFIX:SEASON2] done: applied=0, deleted=0, skipped=0
[WRITE] final -> E:\フォートナイト\Picture\Loot Pool\TEST4\New Loot\System Update\Figment\input\AthenaLootPackages_Client__final.json
[WRITE] per-input -> E:\フォートナイト\Picture\Loot Pool\TEST4\New Loot\System Update\Figment\input\FigmentLootPackages__final.json
[WRITE] per-input -> E:\フォートナイト\Picture\Loot Pool\TEST4\New Loot\System Update\Figment\input\FigmentLootPackages_Backup__final.json
2026-03-20 07:58:33 | INFO | hotfix start: E:\フォートナイト\Picture\Loot Pool\TEST4\New Loot\System Update\LootTier.py
2026-03-20 07:58:33 | INFO | hotfix lt stdout: [STEP1-1] base E:\Fmodel\Exports\FortniteGame\Plugins\GameFeatures\Figment\Figment_LootTables\Content\DataTables\FigmentLootTierData.json
[HOTFIX:SEASON1] target=/Figment_LootTables/DataTables/FigmentLootTierData
[HOTFIX:SEASON1] done: applied=0, deleted=0, skipped=0
[STEP1-2] merge E:\Fmodel\Exports\FortniteGame\Plugins\GameFeatures\Figment\Figment_LootTables\Content\DataTables\FigmentLootTierData_Backup.json : replaced=0, added=0
[HOTFIX:SEASON2] target=/Figment_LootTables/DataTables/FigmentLootTierData_Backup
[HOTFIX:SEASON2] done: applied=0, deleted=0, skipped=0
[WRITE] final -> E:\フォートナイト\Picture\Loot Pool\TEST4\New Loot\System Update\Figment\input\AthenaLootTierData_Client__final.json
[WRITE] per-input -> E:\フォートナイト\Picture\Loot Pool\TEST4\New Loot\System Update\Figment\input\FigmentLootTierData__final.json
[WRITE] per-input -> E:\フォートナイト\Picture\Loot Pool\TEST4\New Loot\System Update\Figment\input\FigmentLootTierData_Backup__final.json
2026-03-20 07:58:33 | INFO | ✓ Hotfix 適用完了 (0.48s)
2026-03-20 07:58:33 | INFO | load lt: E:\フォートナイト\Picture\Loot Pool\TEST4\New Loot\System Update\Figment\input\AthenaLootTierData_Client__final.json
2026-03-20 07:58:33 | INFO | load lp: E:\フォートナイト\Picture\Loot Pool\TEST4\New Loot\System Update\Figment\input\AthenaLootPackages_Client__final.json
2026-03-20 07:58:33 | INFO | load done (0.01s)
2026-03-20 07:58:33 | INFO | build summary start
2026-03-20 07:58:33 | INFO | build summary done (0.01s)
2026-03-20 07:58:33 | INFO | enrich summary with names start
2026-03-20 07:58:33 | INFO | enrich summary done (0.00s)
2026-03-20 07:58:33 | INFO | ✅ まとめJSONを作成: E:\フォートナイト\Picture\Loot Pool\TEST4\New Loot\System Update\Figment\output\summary\v39.30_2026-03-20_07-58.json
2026-03-20 07:58:33 | INFO | build Figment_LootData start
2026-03-20 07:58:33 | INFO | build BR_LootData done (0.00s)
2026-03-20 07:58:33 | INFO | ✅ Figment_LootData を作成: E:\フォートナイト\Picture\Loot Pool\TEST4\New Loot\System Update\戦利品データ\Figment\Figment_LootData_2026-03-20_07-58.json
2026-03-20 07:58:33 | INFO | ✅ Web LootPool を更新: E:\フォートナイト\Web\assets\data\Loot\ORIGIN_LootPool.json
2026-03-20 07:58:33 | INFO | LootSummary start: E:\フォートナイト\Picture\Loot Pool\TEST4\New Loot\System Update\Figment\scripts\LootSummary.py
2026-03-20 07:58:34 | INFO | LootSummary stdout: 🔎 抽出用: 最新ファイル = E:\フォートナイト\Picture\Loot Pool\TEST4\New Loot\System Update\Figment\output\summary\v39.30_2026-03-20_07-58.json
✅ 抽出件数: 91
💾 保存: E:\フォートナイト\Picture\Loot Pool\TEST4\New Loot\System Update\Figment\input\items_unique_min.json
🔎 比較用: base   = E:\フォートナイト\Picture\Loot Pool\TEST4\New Loot\System Update\Figment\output\summary\v39.30_2026-03-06_07-05.json
🔎 比較用: target = E:\フォートナイト\Picture\Loot Pool\TEST4\New Loot\System Update\Figment\output\summary\v39.30_2026-03-20_07-58.json
✅ 差分作成 完了
  追加   : 0 / 削除 : 0 / 変更 : 0 / 変化なし : 91
💾 差分: E:\フォートナイト\Picture\Loot Pool\TEST4\New Loot\System Update\Figment\output\history\BR_20260320_0758\items_unique_min_diff.json
2026-03-20 07:58:34 | WARNING | LootSummary stderr: E:\フォートナイト\Picture\Loot Pool\TEST4\New Loot\System Update\Figment\scripts\LootSummary.py:2: SyntaxWarning: invalid escape sequence '\B'
  """
2026-03-20 07:58:34 | INFO | ✅ LootSummary 実行完了（抽出→比較） (0.26s)
2026-03-20 07:58:34 | INFO | prewarm start
2026-03-20 07:58:51 | INFO | ✅ アイコンキャッシュ プリウォーム完了 (17.44s)
2026-03-20 07:58:51 | INFO | 画像化タスク数: 91
2026-03-20 07:58:51 | INFO | 画像生成 進捗: 1/91
2026-03-20 07:58:52 | INFO | 画像生成 進捗: 50/91
2026-03-20 07:58:52 | INFO | 画像生成 進捗: 91/91
2026-03-20 07:58:52 | INFO | ✅ 画像生成 完了（MinListベース）
2026-03-20 07:58:52 | INFO | ✅ Loot diff を作成: E:\フォートナイト\Web\assets\data\Loot\diff\ORIGIN_2026-03-20_07-58-52.json (added=0 removed=1 change=1)
2026-03-20 07:58:52 | INFO | ℹ️ AddedItems 画像の追加対象なし (copied=0 missing=0)
2026-03-20 07:58:52 | INFO | git add: E:\フォートナイト\Picture\Loot Pool\TEST4\New Loot
2026-03-20 07:58:55 | INFO | git commit stdout: [main 87a7c0f] Figment update 2026-03-20 07:58:54
 9 files changed, 20955 insertions(+), 37 deletions(-)
 create mode 100644 System Update/Figment/output/history/BR_20260320_0758/items_unique_min_diff.json
 create mode 100644 System Update/Figment/output/logs/pipeline_2026-03-20_07-58-33.log
 create mode 100644 System Update/Figment/output/summary/v39.30_2026-03-20_07-58.json
 create mode 100644 "System Update/\346\210\246\345\210\251\345\223\201\343\203\207\343\203\274\343\202\277/Figment/Figment_LootData_2026-03-20_07-58.json"
2026-03-20 07:58:58 | WARNING | git push stderr: To https://github.com/Greenfox0833/New-Loot.git
   c314aa1..87a7c0f  main -> main
2026-03-20 07:58:58 | INFO | ✓ GitHub Push 完了
2026-03-20 07:58:58 | INFO | ===== Figment: pipeline end =====
