2026-01-23 20:22:32 | INFO | log file (Figment): E:\フォートナイト\Picture\Loot Pool\TEST4\New Loot\System Update\Figment\output\logs\pipeline_2026-01-23_20-22-32.log
2026-01-23 20:22:32 | INFO | ===== Figment: pipeline start =====
2026-01-23 20:22:32 | INFO | paths: lt=E:\フォートナイト\Picture\Loot Pool\TEST4\New Loot\System Update\Figment\input\AthenaLootTierData_Client__final.json lp=E:\フォートナイト\Picture\Loot Pool\TEST4\New Loot\System Update\Figment\input\AthenaLootPackages_Client__final.json minlist=E:\フォートナイト\Picture\Loot Pool\TEST4\New Loot\System Update\Figment\input\items_unique_min.json
2026-01-23 20:22:32 | INFO | output: summary=E:\フォートナイト\Picture\Loot Pool\TEST4\New Loot\System Update\Figment\output\summary lootdata=E:\フォートナイト\Picture\Loot Pool\TEST4\New Loot\System Update\戦利品データ\Figment
2026-01-23 20:22:32 | INFO | flags: hotfix=True prewarm=True image=True workers=8
2026-01-23 20:22:32 | INFO | hotfix start: E:\フォートナイト\Picture\Loot Pool\TEST4\New Loot\System Update\LootPackage.py
2026-01-23 20:22:32 | INFO | hotfix lp stdout: [STEP1-2] merge E:\Fmodel\Exports\FortniteGame\Plugins\GameFeatures\Figment\Figment_LootTables\Content\DataTables\FigmentLootPackages_Backup.json : replaced=0, added=0
[HOTFIX:SEASON1] target=/Figment_LootTables/DataTables/FigmentLootPackages
[424] RowUpdate WorldList.AthenaLoot.VendingMachine.Weapons.Common.Medium.01.Weight=0.000000 -> OK
[425] RowUpdate WorldList.AthenaLoot.VendingMachine.Weapons.Uncommon.Medium.01.Weight=0.000000 -> OK
[426] RowUpdate WorldList.AthenaLoot.Weapon.AssaultAuto.24.Weight=0.000000 -> OK
[427] RowUpdate WorldList.AthenaLoot.Weapon.AssaultAuto.25.Weight=0.000000 -> OK
[428] RowUpdate WorldList.AthenaLoot.Weapon.AssaultAuto.26.Weight=0.000000 -> OK
[429] RowUpdate WorldList.AthenaLoot.Weapon.HighAssaultAuto.21.Weight=0.000000 -> OK
[430] RowUpdate WorldList.AthenaLoot.Weapon.HighAssaultAuto.22.Weight=0.000000 -> OK
[431] RowUpdate WorldList.AthenaLoot.Weapon.HighAssaultAuto.23.Weight=0.000000 -> OK
[432] RowUpdate WorldList.AthenaHighConsumables.33.Weight=0.000000 -> OK
[433] RowUpdate WorldList.AthenaSupplyDropConsumables.32.Weight=0.000000 -> OK
[434] RowUpdate WorldList.AthenaConsumables.28.Weight=0.000000 -> OK
[435] RowUpdate WorldList.AthenaHighConsumables.32.Weight=0.000000 -> OK
[436] RowUpdate WorldList.AthenaSupplyDropConsumables.31.Weight=0.000000 -> OK
[437] RowUpdate WorldList.AthenaConsumables.27.Weight=0.000000 -> OK
[438] RowUpdate WorldList.AthenaHighConsumables.31.Weight=0.000000 -> OK
[439] RowUpdate WorldList.AthenaSupplyDropConsumables.30.Weight=0.000000 -> OK
[440] RowUpdate WorldList.AthenaConsumables.26.Weight=0.000000 -> OK
[479] RowUpdate WorldList.AthenaSupplyDrop.Weapon.Handgun.02.Weight=0.000000 -> OK
[HOTFIX:SEASON1] Addrow(TableUpdate) なし -> スキップ
[HOTFIX:SEASON1] done: applied=18, deleted=0, skipped=0
[HOTFIX:SEASON2] target=/Figment_LootTables/DataTables/FigmentLootPackages_Backup
[HOTFIX:SEASON2] Addrow(TableUpdate) なし -> スキップ
[HOTFIX:SEASON2] done: applied=0, deleted=0, skipped=0
[WRITE] final -> E:\フォートナイト\Picture\Loot Pool\TEST4\New Loot\System Update\Figment\input\AthenaLootPackages_Client__final.json
[WRITE] per-input -> E:\フォートナイト\Picture\Loot Pool\TEST4\New Loot\System Update\Figment\input\FigmentLootPackages__final.json
[WRITE] per-input -> E:\フォートナイト\Picture\Loot Pool\TEST4\New Loot\System Update\Figment\input\FigmentLootPackages_Backup__final.json
2026-01-23 20:22:32 | INFO | hotfix start: E:\フォートナイト\Picture\Loot Pool\TEST4\New Loot\System Update\LootTier.py
2026-01-23 20:22:33 | INFO | hotfix lt stdout: [STEP1-2] merge E:\Fmodel\Exports\FortniteGame\Plugins\GameFeatures\Figment\Figment_LootTables\Content\DataTables\FigmentLootTierData_Backup.json : replaced=0, added=0
[HOTFIX:SEASON1] target=/Figment_LootTables/DataTables/FigmentLootTierData
[HOTFIX:SEASON1] done: applied=0, deleted=0, skipped=0
[HOTFIX:SEASON2] target=/Figment_LootTables/DataTables/FigmentLootTierData_Backup
[HOTFIX:SEASON2] done: applied=0, deleted=0, skipped=0
[WRITE] final -> E:\フォートナイト\Picture\Loot Pool\TEST4\New Loot\System Update\Figment\input\AthenaLootTierData_Client__final.json
[WRITE] per-input -> E:\フォートナイト\Picture\Loot Pool\TEST4\New Loot\System Update\Figment\input\FigmentLootTierData__final.json
[WRITE] per-input -> E:\フォートナイト\Picture\Loot Pool\TEST4\New Loot\System Update\Figment\input\FigmentLootTierData_Backup__final.json
2026-01-23 20:22:33 | INFO | ✓ Hotfix 適用完了 (0.70s)
2026-01-23 20:22:33 | INFO | load lt: E:\フォートナイト\Picture\Loot Pool\TEST4\New Loot\System Update\Figment\input\AthenaLootTierData_Client__final.json
2026-01-23 20:22:33 | INFO | load lp: E:\フォートナイト\Picture\Loot Pool\TEST4\New Loot\System Update\Figment\input\AthenaLootPackages_Client__final.json
2026-01-23 20:22:33 | INFO | load done (0.01s)
2026-01-23 20:22:33 | INFO | build summary start
2026-01-23 20:22:33 | INFO | build summary done (0.01s)
2026-01-23 20:22:33 | INFO | enrich summary with names start
2026-01-23 20:22:33 | INFO | enrich summary done (0.00s)
2026-01-23 20:22:33 | INFO | ✅ まとめJSONを作成: E:\フォートナイト\Picture\Loot Pool\TEST4\New Loot\System Update\Figment\output\summary\v39.30_2026-01-23_20-22.json
2026-01-23 20:22:33 | INFO | build Figment_LootData start
2026-01-23 20:22:33 | INFO | build BR_LootData done (0.00s)
2026-01-23 20:22:33 | INFO | ✅ Figment_LootData を作成: E:\フォートナイト\Picture\Loot Pool\TEST4\New Loot\System Update\戦利品データ\Figment\Figment_LootData_2026-01-23_20-22.json
2026-01-23 20:22:33 | INFO | LootSummary start: E:\フォートナイト\Picture\Loot Pool\TEST4\New Loot\System Update\Figment\scripts\LootSummary.py
2026-01-23 20:22:33 | INFO | LootSummary stdout: 🔎 抽出用: 最新ファイル = E:\フォートナイト\Picture\Loot Pool\TEST4\New Loot\System Update\Figment\output\summary\v39.30_2026-01-23_20-22.json
✅ 抽出件数: 91
💾 保存: E:\フォートナイト\Picture\Loot Pool\TEST4\New Loot\System Update\Figment\input\items_unique_min.json
🔎 比較用: base   = E:\フォートナイト\Picture\Loot Pool\TEST4\New Loot\System Update\Figment\output\summary\v39.30_2026-01-23_20-18.json
🔎 比較用: target = E:\フォートナイト\Picture\Loot Pool\TEST4\New Loot\System Update\Figment\output\summary\v39.30_2026-01-23_20-22.json
✅ 差分作成 完了
  追加   : 0 / 削除 : 0 / 変更 : 6 / 変化なし : 85
💾 差分: E:\フォートナイト\Picture\Loot Pool\TEST4\New Loot\System Update\Figment\output\history\BR_20260123_2022\items_unique_min_diff.json
2026-01-23 20:22:33 | WARNING | LootSummary stderr: E:\フォートナイト\Picture\Loot Pool\TEST4\New Loot\System Update\Figment\scripts\LootSummary.py:2: SyntaxWarning: invalid escape sequence '\B'
  """
2026-01-23 20:22:33 | INFO | ✅ LootSummary 実行完了（抽出→比較） (0.21s)
2026-01-23 20:22:33 | INFO | prewarm start
2026-01-23 20:22:51 | INFO | ✅ アイコンキャッシュ プリウォーム完了 (18.40s)
2026-01-23 20:22:51 | INFO | 画像化タスク数: 91
2026-01-23 20:22:52 | INFO | 画像生成 進捗: 1/91
2026-01-23 20:22:53 | INFO | 画像生成 進捗: 50/91
2026-01-23 20:22:55 | INFO | 画像生成 進捗: 91/91
2026-01-23 20:22:55 | INFO | ✅ 画像生成 完了（MinListベース）
2026-01-23 20:22:55 | INFO | ℹ️ BR_Discord が見つかりません: E:\フォートナイト\Picture\Loot Pool\TEST4\New Loot\System Update\Figment\scripts\BR_Discor.py
2026-01-23 20:22:55 | INFO | git add: E:\フォートナイト\Picture\Loot Pool\TEST4\New Loot
2026-01-23 20:22:57 | INFO | git commit stdout: [main 4385ac4] Figment update 2026-01-23 20:22:56
 10 files changed, 22067 insertions(+), 43 deletions(-)
 create mode 100644 System Update/Figment/output/history/BR_20260123_2022/items_unique_min_diff.json
 create mode 100644 System Update/Figment/output/logs/pipeline_2026-01-23_20-22-32.log
 create mode 100644 System Update/Figment/output/summary/v39.30_2026-01-23_20-22.json
 create mode 100644 "System Update/\346\210\246\345\210\251\345\223\201\343\203\207\343\203\274\343\202\277/Figment/Figment_LootData_2026-01-23_20-22.json"
2026-01-23 20:23:00 | WARNING | git push stderr: To https://github.com/Greenfox0833/New-Loot.git
   eef95b9..4385ac4  main -> main
2026-01-23 20:23:00 | INFO | ✓ GitHub Push 完了
2026-01-23 20:23:00 | INFO | ===== Figment: pipeline end =====
