2026-05-29 09:40:12 | INFO | log file (Reload_NoBuild_Ranked): E:\フォートナイト\Picture\Loot Pool\TEST4\New Loot\System Update\Reload_NoBuild_Ranked\output\logs\pipeline_2026-05-29_09-40-12.log
2026-05-29 09:40:12 | INFO | ===== Reload_NoBuild_Ranked: pipeline start =====
2026-05-29 09:40:12 | INFO | paths: lt=E:\フォートナイト\Picture\Loot Pool\TEST4\New Loot\System Update\Reload_NoBuild_Ranked\input\AthenaLootTierData_Client__final.json lp=E:\フォートナイト\Picture\Loot Pool\TEST4\New Loot\System Update\Reload_NoBuild_Ranked\input\AthenaLootPackages_Client__final.json minlist=E:\フォートナイト\Picture\Loot Pool\TEST4\New Loot\System Update\Reload_NoBuild_Ranked\input\items_unique_min.json
2026-05-29 09:40:12 | INFO | output: summary=E:\フォートナイト\Picture\Loot Pool\TEST4\New Loot\System Update\Reload_NoBuild_Ranked\output\summary lootdata=E:\フォートナイト\Picture\Loot Pool\TEST4\New Loot\System Update\戦利品データ\Reload_NoBuild_Ranked
2026-05-29 09:40:12 | INFO | flags: hotfix=True prewarm=True image=True workers=8
2026-05-29 09:40:12 | INFO | hotfix start: E:\フォートナイト\Picture\Loot Pool\TEST4\New Loot\System Update\LootPackage.py
2026-05-29 09:40:13 | INFO | hotfix lp stdout: [STEP1-1] base e:\Fmodel\Exports\FortniteGame\Content\Items\DataTables\AthenaLootPackages_Client.json
[HOTFIX:SEASON1] target=/Game/Items/Datatables/AthenaLootPackages_Client
[581] RowUpdate WorldPKG.AthenaLoot.Weapon.HighShotgun.05.Weight=0.066000 -> OK
[582] RowUpdate WorldPKG.AthenaLoot.Weapon.HighHandgun.05.Weight=0.066000 -> OK
[583] RowUpdate WorldPKG.AthenaLoot.Weapon.HighSMG.05.Weight=0.066000 -> OK
[584] RowUpdate WorldPKG.AthenaLoot.Weapon.HighAssaultAuto.05.Weight=0.066000 -> OK
[585] RowUpdate WorldPKG.AthenaLoot.Weapon.HighSniper.05.Weight=0.066000 -> OK
[586] RowUpdate WorldPKG.AthenaLoot.Weapon.HighRocket.05.Weight=0.066000 -> OK
[HOTFIX:SEASON1] Addrow(TableUpdate) なし -> スキップ
[HOTFIX:SEASON1] done: applied=6, deleted=0, skipped=0
[STEP1-2] merge e:\Fmodel\Exports\FortniteGame\Plugins\GameFeatures\BlastBerryLoot\Content\DataTables\Habanero\BlastBerryLootPackages_Habanero.json : replaced=543, added=1807
[HOTFIX:SEASON2] target=/BlastBerryLoot/DataTables/Habanero/BlastBerryLootPackages_Habanero
[1096] RowUpdate WorldList.AthenaWadStash.Medium.01.CountRange=(X=100,Y=100) -> OK
[1097] RowUpdate WorldList.AthenaWadStash.Large.01.CountRange=(X=200,Y=200) -> OK
[1098] RowUpdate WorldList.AthenaWadSafe.01.CountRange=(X=300,Y=300) -> OK
[1099] RowUpdate WorldList.AthenaWadGoldBarStack.Small.01.CountRange=(X=50,Y=50) -> OK
[1100] RowUpdate WorldList.AthenaWadGoldBarStack.Medium.01.CountRange=(X=100,Y=100) -> OK
[1101] RowUpdate WorldList.AthenaWadGoldBarStack.Large.01.CountRange=(X=200,Y=200) -> OK
[1102] RowUpdate WorldList.AthenaWadChests.01.CountRange=(X=50,Y=50) -> OK
[1103] RowUpdate WorldList.AthenaWadChests.02.CountRange=(X=75,Y=75) -> OK
[1104] RowUpdate WorldList.AthenaWadChests.03.Weight=0.050000 -> OK
[1105] RowUpdate WorldList.AthenaWadChests.03.CountRange=(X=100,Y=100) -> OK
[1106] RowUpdate WorldList.ApolloWadChests.01.CountRange=(X=100,Y=100) -> OK
[1107] RowUpdate WorldList.ApolloWadChests.02.CountRange=(X=150,Y=150) -> OK
[1108] RowUpdate WorldList.ApolloWadChests.03.CountRange=(X=250,Y=250) -> OK
[1132] RowUpdate WorldList.AthenaLoot.Weapon.Shotgun.39.Weight=1.000000 -> OK
[1133] RowUpdate WorldList.AthenaLoot.Weapon.Shotgun.40.Weight=0.400000 -> OK
[1134] RowUpdate WorldList.AthenaLoot.Weapon.Shotgun.41.Weight=0.080000 -> OK
[1135] RowUpdate WorldList.AthenaLoot.Weapon.Shotgun.46.Weight=0.000000 -> OK
[1136] RowUpdate WorldList.AthenaLoot.Weapon.Shotgun.47.Weight=0.000000 -> OK
[1137] RowUpdate WorldList.AthenaLoot.Weapon.Shotgun.60.Weight=0.000000 -> OK
[1138] RowUpdate WorldList.AthenaLoot.Weapon.Shotgun.61.Weight=0.000000 -> OK
[1139] RowUpdate WorldList.AthenaLoot.Weapon.Shotgun.62.Weight=0.000000 -> OK
[1140] RowUpdate WorldList.AthenaLoot.Weapon.Shotgun.72.Weight=1.000000 -> OK
[1141] RowUpdate WorldList.AthenaLoot.Weapon.Shotgun.73.Weight=0.400000 -> OK
[1142] RowUpdate WorldList.AthenaLoot.Weapon.Shotgun.74.Weight=0.080000 -> OK
[1143] RowUpdate WorldList.AthenaLoot.Weapon.Shotgun.81.Weight=0.000000 -> OK
[1144] RowUpdate WorldList.AthenaLoot.Weapon.Shotgun.82.Weight=0.000000 -> OK
[1145] RowUpdate WorldList.AthenaLoot.Weapon.HighShotgun.59.Weight=0.400000 -> OK
[1146] RowUpdate WorldList.AthenaLoot.Weapon.HighShotgun.60.Weight=0.080000 -> OK
[1147] RowUpdate WorldList.AthenaLoot.Weapon.HighShotgun.61.Weight=0.016000 -> OK
[1148] RowUpdate WorldList.AthenaLoot.Weapon.HighShotgun.62.Weight=0.004000 -> OK
[1149] RowUpdate WorldList.AthenaLoot.Weapon.HighShotgun.67.Weight=0.000000 -> OK
[1150] RowUpdate WorldList.AthenaLoot.Weapon.HighShotgun.68.Weight=0.000000 -> OK
[1151] RowUpdate WorldList.AthenaLoot.Weapon.HighShotgun.69.Weight=0.000000 -> OK
[1152] RowUpdate WorldList.AthenaLoot.Weapon.HighShotgun.70.Weight=0.000000 -> OK
[1153] RowUpdate WorldList.AthenaLoot.Weapon.HighShotgun.87.Weight=0.000000 -> OK
[1154] RowUpdate WorldList.AthenaLoot.Weapon.HighShotgun.88.Weight=0.000000 -> OK
[1155] RowUpdate WorldList.AthenaLoot.Weapon.HighShotgun.89.Weight=0.000000 -> OK
[1156] RowUpdate WorldList.AthenaLoot.Weapon.HighShotgun.90.Weight=0.000000 -> OK
[1157] RowUpdate WorldList.AthenaLoot.Weapon.HighShotgun.103.Weight=0.400000 -> OK
[1158] RowUpdate WorldList.AthenaLoot.Weapon.HighShotgun.104.Weight=0.080000 -> OK
[1159] RowUpdate WorldList.AthenaLoot.Weapon.HighShotgun.105.Weight=0.016000 -> OK
[1160] RowUpdate WorldList.AthenaLoot.Weapon.HighShotgun.106.Weight=0.004000 -> OK
[1161] RowUpdate WorldList.AthenaLoot.Weapon.HighShotgun.115.Weight=0.000000 -> OK
[1162] RowUpdate WorldList.AthenaLoot.Weapon.HighShotgun.116.Weight=0.000000 -> OK
[1163] RowUpdate WorldList.AthenaLoot.Weapon.HighShotgun.117.Weight=0.000000 -> OK
[1164] RowUpdate WorldList.AthenaLoot.Weapon.HighShotgun.118.Weight=0.000000 -> OK
[1165] RowUpdate WorldList.AthenaLoot.Weapon.Handgun.25.Weight=0.000000 -> OK
[1166] RowUpdate WorldList.AthenaLoot.Weapon.Handgun.26.Weight=0.000000 -> OK
[1167] RowUpdate WorldList.AthenaLoot.Weapon.Handgun.27.Weight=1.000000 -> OK
[1168] RowUpdate WorldList.AthenaLoot.Weapon.Handgun.28.Weight=0.400000 -> OK
[1169] RowUpdate WorldList.AthenaLoot.Weapon.Handgun.29.Weight=0.080000 -> OK
[1170] RowUpdate WorldList.AthenaLoot.Weapon.HighHandgun.36.Weight=0.000000 -> OK
[1171] RowUpdate WorldList.AthenaLoot.Weapon.HighHandgun.37.Weight=0.000000 -> OK
[1172] RowUpdate WorldList.AthenaLoot.Weapon.HighHandgun.38.Weight=0.000000 -> OK
[1173] RowUpdate WorldList.AthenaLoot.Weapon.HighHandgun.39.Weight=0.000000 -> OK
[1174] RowUpdate WorldList.AthenaLoot.Weapon.HighHandgun.40.Weight=0.400000 -> OK
[1175] RowUpdate WorldList.AthenaLoot.Weapon.HighHandgun.41.Weight=0.080000 -> OK
[1176] RowUpdate WorldList.AthenaLoot.Weapon.HighHandgun.42.Weight=0.016000 -> OK
[1177] RowUpdate WorldList.AthenaLoot.Weapon.HighHandgun.43.Weight=0.004000 -> OK
[1178] RowUpdate WorldList.AthenaLoot.Weapon.SMG.35.Weight=0.000000 -> OK
[1179] RowUpdate WorldList.AthenaLoot.Weapon.SMG.36.Weight=0.000000 -> OK
[1180] RowUpdate WorldList.AthenaLoot.Weapon.SMG.55.Weight=0.400000 -> OK
[1181] RowUpdate WorldList.AthenaLoot.Weapon.HighSMG.48.Weight=0.000000 -> OK
[1182] RowUpdate WorldList.AthenaLoot.Weapon.HighSMG.49.Weight=0.000000 -> OK
[1183] RowUpdate WorldList.AthenaLoot.Weapon.HighSMG.50.Weight=0.000000 -> OK
[1184] RowUpdate WorldList.AthenaLoot.Weapon.HighSMG.51.Weight=0.000000 -> OK
[1185] RowUpdate WorldList.AthenaLoot.Weapon.HighSMG.76.Weight=0.400000 -> OK
[1186] RowUpdate WorldList.AthenaLoot.Weapon.Sniper.31.Weight=0.000000 -> OK
[1187] RowUpdate WorldList.AthenaLoot.Weapon.Sniper.32.Weight=0.000000 -> OK
[1188] RowUpdate WorldList.AthenaLoot.Weapon.HighSniper.36.Weight=0.016000 -> OK
[1189] RowUpdate WorldList.AthenaLoot.Weapon.HighSniper.36.ItemDefinition=/PepperCatGameplay/Gameplay/WID_PepperCat_SR.WID_PepperCat_SR -> OK
[1190] RowUpdate WorldList.AthenaLoot.Weapon.HighSniper.37.Weight=0.080000 -> OK
[1191] RowUpdate WorldList.AthenaLoot.Weapon.HighSniper.37.ItemDefinition=/PepperCatGameplay/Gameplay/WID_PepperCat_VR.WID_PepperCat_VR -> OK
[1192] RowUpdate WorldList.AthenaLoot.Weapon.HighSniper.53.Weight=0.000000 -> OK
[1193] RowUpdate WorldList.AthenaLoot.Weapon.HighSniper.54.Weight=0.000000 -> OK
[1194] RowUpdate WorldList.AthenaLoot.Weapon.HighSniper.55.Weight=0.000000 -> OK
[1195] RowUpdate WorldList.AthenaLoot.Weapon.HighSniper.56.Weight=0.000000 -> OK
[1196] RowUpdate WorldList.AthenaLoot.Weapon.Rocket.12.Weight=0.080000 -> OK
[1197] RowUpdate WorldList.AthenaLoot.Weapon.HighRocket.22.Weight=0.012000 -> OK
[1198] RowUpdate WorldList.AthenaLoot.Weapon.HighRocket.23.Weight=0.003000 -> OK
[1199] RowUpdate WorldList.ApolloLoot.Weapon.HighShotgun.33.Weight=0.750000 -> OK
[1200] RowUpdate WorldList.ApolloLoot.Weapon.HighShotgun.34.Weight=0.250000 -> OK
[1201] RowUpdate WorldList.ApolloLoot.Weapon.HighShotgun.37.Weight=0.000000 -> OK
[1202] RowUpdate WorldList.ApolloLoot.Weapon.HighShotgun.38.Weight=0.000000 -> OK
[1203] RowUpdate WorldList.ApolloLoot.Weapon.HighShotgun.47.Weight=0.000000 -> OK
[1204] RowUpdate WorldList.ApolloLoot.Weapon.HighShotgun.48.Weight=0.000000 -> OK
[1205] RowUpdate WorldList.ApolloLoot.Weapon.HighShotgun.55.Weight=0.750000 -> OK
[1206] RowUpdate WorldList.ApolloLoot.Weapon.HighShotgun.56.Weight=0.250000 -> OK
[1207] RowUpdate WorldList.ApolloLoot.Weapon.HighShotgun.61.Weight=0.000000 -> OK
[1208] RowUpdate WorldList.ApolloLoot.Weapon.HighShotgun.62.Weight=0.000000 -> OK
[1209] RowUpdate WorldList.ApolloLoot.Weapon.HighHandgun.20.Weight=0.000000 -> OK
[1210] RowUpdate WorldList.ApolloLoot.Weapon.HighHandgun.21.Weight=0.000000 -> OK
[1211] RowUpdate WorldList.ApolloLoot.Weapon.HighHandgun.22.Weight=0.750000 -> OK
[1212] RowUpdate WorldList.ApolloLoot.Weapon.HighHandgun.23.Weight=0.250000 -> OK
[1213] RowUpdate WorldList.ApolloLoot.Weapon.SMG.25.Weight=0.000000 -> OK
[1214] RowUpdate WorldList.ApolloLoot.Weapon.SMG.26.Weight=0.000000 -> OK
[1215] RowUpdate WorldList.ApolloLoot.Weapon.Sniper.19.Weight=0.750000 -> OK
[1216] RowUpdate WorldList.ApolloLoot.Weapon.Sniper.19.ItemDefinition=/PepperCatGameplay/Gameplay/WID_PepperCat_VR.WID_PepperCat_VR -> OK
[1217] RowUpdate WorldList.ApolloLoot.Weapon.Sniper.20.Weight=0.250000 -> OK
[1218] RowUpdate WorldList.ApolloLoot.Weapon.Sniper.20.ItemDefinition=/PepperCatGameplay/Gameplay/WID_PepperCat_SR.WID_PepperCat_SR -> OK
[1219] RowUpdate WorldList.ApolloLoot.Weapon.Sniper.29.Weight=0.000000 -> OK
[1220] RowUpdate WorldList.ApolloLoot.Weapon.Sniper.30.Weight=0.000000 -> OK
[1221] RowUpdate WorldList.ApolloLoot.Weapon.Rocket.16.Weight=0.250000 -> OK
[1222] RowUpdate WorldList.ApolloLoot.Weapon.Rocket.17.Weight=0.250000 -> OK
[1223] RowUpdate WorldList.AthenaSupplyDrop.Weapon.Shotgun.60.Weight=0.250000 -> OK
[1224] RowUpdate WorldList.AthenaSupplyDrop.Weapon.Shotgun.61.Weight=0.125000 -> OK
[1225] RowUpdate WorldList.AthenaSupplyDrop.Weapon.Shotgun.62.Weight=0.025000 -> OK
[1226] RowUpdate WorldList.AthenaSupplyDrop.Weapon.Shotgun.68.Weight=0.000000 -> OK
[1227] RowUpdate WorldList.AthenaSupplyDrop.Weapon.Shotgun.69.Weight=0.000000 -> OK
[1228] RowUpdate WorldList.AthenaSupplyDrop.Weapon.Shotgun.70.Weight=0.000000 -> OK
[1229] RowUpdate WorldList.AthenaSupplyDrop.Weapon.Shotgun.88.Weight=0.000000 -> OK
[1230] RowUpdate WorldList.AthenaSupplyDrop.Weapon.Shotgun.89.Weight=0.000000 -> OK
[1231] RowUpdate WorldList.AthenaSupplyDrop.Weapon.Shotgun.90.Weight=0.000000 -> OK
[1232] RowUpdate WorldList.AthenaSupplyDrop.Weapon.Shotgun.104.Weight=0.250000 -> OK
[1233] RowUpdate WorldList.AthenaSupplyDrop.Weapon.Shotgun.105.Weight=0.125000 -> OK
[1234] RowUpdate WorldList.AthenaSupplyDrop.Weapon.Shotgun.106.Weight=0.025000 -> OK
[1235] RowUpdate WorldList.AthenaSupplyDrop.Weapon.Shotgun.116.Weight=0.000000 -> OK
[1236] RowUpdate WorldList.AthenaSupplyDrop.Weapon.Shotgun.117.Weight=0.000000 -> OK
[1237] RowUpdate WorldList.AthenaSupplyDrop.Weapon.Shotgun.118.Weight=0.000000 -> OK
[1238] RowUpdate WorldList.AthenaSupplyDrop.Weapon.Handgun.36.Weight=0.000000 -> OK
[1239] RowUpdate WorldList.AthenaSupplyDrop.Weapon.Handgun.37.Weight=0.000000 -> OK
[1240] RowUpdate WorldList.AthenaSupplyDrop.Weapon.Handgun.38.Weight=0.000000 -> OK
[1241] RowUpdate WorldList.AthenaSupplyDrop.Weapon.Handgun.40.Weight=0.250000 -> OK
[1242] RowUpdate WorldList.AthenaSupplyDrop.Weapon.Handgun.41.Weight=0.125000 -> OK
[1243] RowUpdate WorldList.AthenaSupplyDrop.Weapon.Handgun.42.Weight=0.025000 -> OK
[1244] RowUpdate WorldList.AthenaSupplyDrop.Weapon.SMG.49.Weight=0.000000 -> OK
[1245] RowUpdate WorldList.AthenaSupplyDrop.Weapon.SMG.50.Weight=0.000000 -> OK
[1246] RowUpdate WorldList.AthenaSupplyDrop.Weapon.SMG.51.Weight=0.000000 -> OK
[1247] RowUpdate WorldList.AthenaSupplyDrop.Weapon.SMG.76.Weight=0.125000 -> OK
[1248] RowUpdate WorldList.AthenaSupplyDrop.Weapon.Assault.128.Weight=0.125000 -> OK
[1249] RowUpdate WorldList.AthenaSupplyDrop.Weapon.Sniper.35.Weight=0.200000 -> OK
[1250] RowUpdate WorldList.AthenaSupplyDrop.Weapon.Sniper.35.ItemDefinition=/PepperCatGameplay/Gameplay/WID_PepperCat_VR.WID_PepperCat_VR -> OK
[1251] RowUpdate WorldList.AthenaSupplyDrop.Weapon.Sniper.36.Weight=0.125000 -> OK
[1252] RowUpdate WorldList.AthenaSupplyDrop.Weapon.Sniper.36.ItemDefinition=/PepperCatGameplay/Gameplay/WID_PepperCat_SR.WID_PepperCat_SR -> OK
[1253] RowUpdate WorldList.AthenaSupplyDrop.Weapon.Sniper.54.Weight=0.000000 -> OK
[1254] RowUpdate WorldList.AthenaSupplyDrop.Weapon.Sniper.55.Weight=0.000000 -> OK
[1255] RowUpdate WorldList.AthenaSupplyDrop.Weapon.Sniper.56.Weight=0.000000 -> OK
[1256] RowUpdate WorldList.AthenaSupplyDrop.Weapon.Rocket.22.Weight=0.090000 -> OK
[1257] RowUpdate WorldList.AthenaSupplyDrop.Weapon.Rocket.23.Weight=0.016000 -> OK
[1258] RowUpdate WorldList.MythicRandom.24.Weight=1.000000 -> OK
[1455] RowUpdate WorldList.AthenaLoot.Weapon.Shotgun.29.Weight=1.000000 -> OK
[1456] RowUpdate WorldList.AthenaLoot.Weapon.Shotgun.29.ItemDefinition=/DragonCartWeaponGameplay/Gameplay/DragonCart_Pump/WID_Shotgun_Pump_DragonCart_Athena_C.WID_Shotgun_Pump_DragonCart_Athena_C -> OK
[1457] RowUpdate WorldList.AthenaLoot.Weapon.Shotgun.30.Weight=0.400000 -> OK
[1458] RowUpdate WorldList.AthenaLoot.Weapon.Shotgun.30.ItemDefinition=/DragonCartWeaponGameplay/Gameplay/DragonCart_Pump/WID_Shotgun_Pump_DragonCart_Athena_UC.WID_Shotgun_Pump_DragonCart_Athena_UC -> OK
[1459] RowUpdate WorldList.AthenaLoot.Weapon.Shotgun.31.Weight=0.080000 -> OK
[1460] RowUpdate WorldList.AthenaLoot.Weapon.Shotgun.31.ItemDefinition=/DragonCartWeaponGameplay/Gameplay/DragonCart_Pump/WID_Shotgun_Pump_DragonCart_Athena_R.WID_Shotgun_Pump_DragonCart_Athena_R -> OK
[1461] RowUpdate WorldList.AthenaLoot.Weapon.HighShotgun.123.Weight=0.400000 -> OK
[1462] RowUpdate WorldList.AthenaLoot.Weapon.HighShotgun.124.Weight=0.080000 -> OK
[1463] RowUpdate WorldList.AthenaLoot.Weapon.HighShotgun.125.Weight=0.016000 -> OK
[1464] RowUpdate WorldList.AthenaLoot.Weapon.HighShotgun.126.Weight=0.004000 -> OK
[1465] RowUpdate WorldList.AthenaLoot.Weapon.SMG.15.Weight=0.000000 -> OK
[1466] RowUpdate WorldList.AthenaLoot.Weapon.SMG.16.Weight=0.000000 -> OK
[1467] RowUpdate WorldList.AthenaLoot.Weapon.SMG.17.Weight=0.000000 -> OK
[1468] RowUpdate WorldList.AthenaLoot.Weapon.HighSMG.21.Weight=0.000000 -> OK
[1469] RowUpdate WorldList.AthenaLoot.Weapon.HighSMG.22.Weight=0.000000 -> OK
[1470] RowUpdate WorldList.AthenaLoot.Weapon.HighSMG.23.Weight=0.000000 -> OK
[1471] RowUpdate WorldList.AthenaLoot.Weapon.HighSMG.24.Weight=0.000000 -> OK
[1472] RowUpdate WorldList.AthenaLoot.Weapon.AssaultAuto.84.Weight=1.000000 -> OK
[1473] RowUpdate WorldList.AthenaLoot.Weapon.AssaultAuto.85.Weight=0.400000 -> OK
[1474] RowUpdate WorldList.AthenaLoot.Weapon.AssaultAuto.86.Weight=0.080000 -> OK
[1475] RowUpdate WorldList.AthenaLoot.Weapon.HighAssaultAuto.116.Weight=0.400000 -> OK
[1476] RowUpdate WorldList.AthenaLoot.Weapon.HighAssaultAuto.117.Weight=0.080000 -> OK
[1477] RowUpdate WorldList.AthenaLoot.Weapon.HighAssaultAuto.118.Weight=0.016000 -> OK
[1478] RowUpdate WorldList.AthenaLoot.Weapon.HighAssaultAuto.119.Weight=0.004000 -> OK
[1479] RowUpdate WorldList.ApolloLoot.Weapon.HighShotgun.65.Weight=0.750000 -> OK
[1480] RowUpdate WorldList.ApolloLoot.Weapon.HighShotgun.66.Weight=0.250000 -> OK
[1481] RowUpdate WorldList.ApolloLoot.Weapon.SMG.11.Weight=0.000000 -> OK
[1482] RowUpdate WorldList.ApolloLoot.Weapon.SMG.12.Weight=0.000000 -> OK
[1483] RowUpdate WorldList.ApolloLoot.Weapon.AssaultAuto.59.Weight=0.750000 -> OK
[1484] RowUpdate WorldList.ApolloLoot.Weapon.AssaultAuto.60.Weight=0.250000 -> OK
[1485] RowUpdate WorldList.AthenaSupplyDrop.Weapon.Shotgun.124.Weight=0.250000 -> OK
[1486] RowUpdate WorldList.AthenaSupplyDrop.Weapon.Shotgun.125.Weight=0.125000 -> OK
[1487] RowUpdate WorldList.AthenaSupplyDrop.Weapon.Shotgun.126.Weight=0.025000 -> OK
[1488] RowUpdate WorldList.AthenaSupplyDrop.Weapon.SMG.22.Weight=0.000000 -> OK
[1489] RowUpdate WorldList.AthenaSupplyDrop.Weapon.SMG.23.Weight=0.000000 -> OK
[1490] RowUpdate WorldList.AthenaSupplyDrop.Weapon.SMG.24.Weight=0.000000 -> OK
[1491] RowUpdate WorldList.AthenaSupplyDrop.Weapon.Assault.117.Weight=0.225000 -> OK
[1492] RowUpdate WorldList.AthenaSupplyDrop.Weapon.Assault.118.Weight=0.125000 -> OK
[1493] RowUpdate WorldList.AthenaSupplyDrop.Weapon.Assault.119.Weight=0.025000 -> OK
[1494] RowUpdate WorldList.AthenaLoot.Weapon.Shotgun.72.Weight=0.000000 -> OK
[1495] RowUpdate WorldList.AthenaLoot.Weapon.Shotgun.73.Weight=0.000000 -> OK
[1496] RowUpdate WorldList.AthenaLoot.Weapon.Shotgun.74.Weight=0.000000 -> OK
[1497] RowUpdate WorldList.AthenaLoot.Weapon.HighShotgun.24.Weight=0.000000 -> OK
[1498] RowUpdate WorldList.AthenaLoot.Weapon.HighShotgun.25.Weight=0.000000 -> OK
[1499] RowUpdate WorldList.AthenaLoot.Weapon.HighShotgun.26.Weight=0.000000 -> OK
[1500] RowUpdate WorldList.AthenaLoot.Weapon.HighShotgun.27.Weight=0.000000 -> OK
[1501] RowUpdate WorldList.AthenaLoot.Weapon.HighShotgun.103.Weight=0.000000 -> OK
[1502] RowUpdate WorldList.AthenaLoot.Weapon.HighShotgun.104.Weight=0.000000 -> OK
[1503] RowUpdate WorldList.AthenaLoot.Weapon.HighShotgun.105.Weight=0.000000 -> OK
[1504] RowUpdate WorldList.AthenaLoot.Weapon.HighShotgun.106.Weight=0.000000 -> OK
[1505] RowUpdate WorldList.AthenaLoot.Weapon.HighSMG.13.Weight=0.000000 -> OK
[1506] RowUpdate WorldList.AthenaLoot.Weapon.HighSMG.14.Weight=0.000000 -> OK
[1507] RowUpdate WorldList.AthenaLoot.Weapon.HighSMG.15.Weight=0.000000 -> OK
[1508] RowUpdate WorldList.AthenaLoot.Weapon.HighSMG.16.Weight=0.000000 -> OK
[1509] RowUpdate WorldList.AthenaLoot.Weapon.AssaultAuto.67.Weight=0.000000 -> OK
[1510] RowUpdate WorldList.AthenaLoot.Weapon.AssaultAuto.68.Weight=0.000000 -> OK
[1511] RowUpdate WorldList.AthenaLoot.Weapon.HighAssaultAuto.92.Weight=0.000000 -> OK
[1512] RowUpdate WorldList.AthenaLoot.Weapon.HighAssaultAuto.93.Weight=0.000000 -> OK
[1513] RowUpdate WorldList.AthenaLoot.Weapon.HighAssaultAuto.94.Weight=0.000000 -> OK
[1514] RowUpdate WorldList.AthenaLoot.Weapon.HighAssaultAuto.95.Weight=0.000000 -> OK
[1515] RowUpdate WorldList.AthenaLoot.Weapon.HighAssaultAuto.112.Weight=0.000000 -> OK
[1516] RowUpdate WorldList.AthenaLoot.Weapon.HighAssaultAuto.113.Weight=0.000000 -> OK
[1517] RowUpdate WorldList.AthenaLoot.Weapon.HighAssaultAuto.114.Weight=0.000000 -> OK
[1518] RowUpdate WorldList.AthenaLoot.Weapon.HighAssaultAuto.115.Weight=0.000000 -> OK
[1519] RowUpdate WorldList.ApolloLoot.Weapon.HighShotgun.55.Weight=0.000000 -> OK
[1520] RowUpdate WorldList.ApolloLoot.Weapon.HighShotgun.56.Weight=0.000000 -> OK
[1521] RowUpdate WorldList.ApolloLoot.Weapon.AssaultAuto.47.Weight=0.000000 -> OK
[1522] RowUpdate WorldList.ApolloLoot.Weapon.AssaultAuto.48.Weight=0.000000 -> OK
[1523] RowUpdate WorldList.AthenaSupplyDrop.Weapon.Shotgun.104.Weight=0.000000 -> OK
[1524] RowUpdate WorldList.AthenaSupplyDrop.Weapon.Shotgun.105.Weight=0.000000 -> OK
[1525] RowUpdate WorldList.AthenaSupplyDrop.Weapon.Shotgun.106.Weight=0.000000 -> OK
[1526] RowUpdate WorldList.AthenaSupplyDrop.Weapon.Assault.93.Weight=0.000000 -> OK
[1527] RowUpdate WorldList.AthenaSupplyDrop.Weapon.Assault.94.Weight=0.000000 -> OK
[1528] RowUpdate WorldList.AthenaSupplyDrop.Weapon.Assault.95.Weight=0.000000 -> OK
[1549] RowUpdate WorldList.AthenaLoot.Weapon.Shotgun.01.Weight=1.000000 -> OK
[1550] RowUpdate WorldList.AthenaLoot.Weapon.Shotgun.02.Weight=0.400000 -> OK
[1551] RowUpdate WorldList.AthenaLoot.Weapon.Shotgun.03.Weight=0.080000 -> OK
[1552] RowUpdate WorldList.AthenaLoot.Weapon.Shotgun.04.Weight=1.000000 -> OK
[1553] RowUpdate WorldList.AthenaLoot.Weapon.Shotgun.05.Weight=0.400000 -> OK
[1554] RowUpdate WorldList.AthenaLoot.Weapon.Shotgun.06.Weight=0.080000 -> OK
[1555] RowUpdate WorldList.AthenaLoot.Weapon.Shotgun.76.Weight=0.000000 -> OK
[1556] RowUpdate WorldList.AthenaLoot.Weapon.Shotgun.79.Weight=0.000000 -> OK
[1557] RowUpdate WorldList.AthenaLoot.Weapon.HighShotgun.01.Weight=0.400000 -> OK
[1558] RowUpdate WorldList.AthenaLoot.Weapon.HighShotgun.02.Weight=0.080000 -> OK
[1559] RowUpdate WorldList.AthenaLoot.Weapon.HighShotgun.03.Weight=0.016000 -> OK
[1560] RowUpdate WorldList.AthenaLoot.Weapon.HighShotgun.04.Weight=0.004000 -> OK
[1561] RowUpdate WorldList.AthenaLoot.Weapon.HighShotgun.05.Weight=0.400000 -> OK
[1562] RowUpdate WorldList.AthenaLoot.Weapon.HighShotgun.06.Weight=0.080000 -> OK
[1563] RowUpdate WorldList.AthenaLoot.Weapon.HighShotgun.07.Weight=0.016000 -> OK
[1564] RowUpdate WorldList.AthenaLoot.Weapon.HighShotgun.08.Weight=0.004000 -> OK
[1565] RowUpdate WorldList.AthenaLoot.Weapon.HighShotgun.107.Weight=0.000000 -> OK
[1566] RowUpdate WorldList.AthenaLoot.Weapon.HighShotgun.111.Weight=0.000000 -> OK
[1567] RowUpdate WorldList.ApolloLoot.Weapon.HighShotgun.01.Weight=0.750000 -> OK
[1568] RowUpdate WorldList.ApolloLoot.Weapon.HighShotgun.02.Weight=0.250000 -> OK
[1569] RowUpdate WorldList.ApolloLoot.Weapon.HighShotgun.03.Weight=0.750000 -> OK
[1570] RowUpdate WorldList.ApolloLoot.Weapon.HighShotgun.04.Weight=0.250000 -> OK
[1571] RowUpdate WorldList.AthenaSupplyDrop.Weapon.Shotgun.02.Weight=0.250000 -> OK
[1572] RowUpdate WorldList.AthenaSupplyDrop.Weapon.Shotgun.03.Weight=0.125000 -> OK
[1573] RowUpdate WorldList.AthenaSupplyDrop.Weapon.Shotgun.04.Weight=0.025000 -> OK
[1574] RowUpdate WorldList.AthenaSupplyDrop.Weapon.Shotgun.06.Weight=0.250000 -> OK
[1575] RowUpdate WorldList.AthenaSupplyDrop.Weapon.Shotgun.07.Weight=0.125000 -> OK
[1576] RowUpdate WorldList.AthenaSupplyDrop.Weapon.Shotgun.08.Weight=0.025000 -> OK
[1577] RowUpdate WorldList.AthenaSupplyDrop.Weapon.Shotgun.108.Weight=0.000000 -> OK
[1578] RowUpdate WorldList.AthenaSupplyDrop.Weapon.Shotgun.111.Weight=0.000000 -> OK
[1579] RowUpdate WorldList.MythicRandom.04.Weight=1.000000 -> OK
[1580] RowUpdate WorldList.MythicRandom.05.Weight=1.000000 -> OK
[1581] RowUpdate WorldList.MythicRandom.08.Weight=1.000000 -> OK
[1590] RowUpdate WorldList.AthenaHighConsumables.Utility.07.Weight=0.200000 -> OK
[1591] RowUpdate WorldList.AthenaHighConsumables.Utility.20.Weight=0.000000 -> OK
[1592] RowUpdate WorldList.AthenaHighConsumablesRare.Utility.07.Weight=0.400000 -> OK
[1593] RowUpdate WorldList.AthenaHighConsumablesRare.Utility.20.Weight=0.000000 -> OK
[1594] RowUpdate WorldList.AthenaSupplyDropUtility.07.Weight=0.300000 -> OK
[1595] RowUpdate WorldList.AthenaSupplyDropUtility.20.Weight=0.000000 -> OK
[1596] RowUpdate WorldList.AthenaConsumables.Utility.07.Weight=0.150000 -> OK
[1597] RowUpdate WorldList.AthenaConsumables.Utility.20.Weight=0.000000 -> OK
[1599] RowUpdate WorldList.AthenaLoot.Weapon.SMG.57.Weight=0.000000 -> OK
[1600] RowUpdate WorldList.AthenaLoot.Weapon.HighSMG.80.Weight=0.000000 -> OK
[1601] RowUpdate WorldList.AthenaLoot.Weapon.HighSMG.81.Weight=0.000000 -> OK
[1602] RowUpdate WorldList.AthenaLoot.Weapon.HighSMG.82.Weight=0.000000 -> OK
[1603] RowUpdate WorldList.ApolloLoot.Weapon.SMG.41.Weight=0.000000 -> OK
[1604] RowUpdate WorldList.ApolloLoot.Weapon.SMG.42.Weight=0.000000 -> OK
[1605] RowUpdate WorldList.AthenaSupplyDrop.Weapon.SMG.80.Weight=0.000000 -> OK
[1606] RowUpdate WorldList.AthenaSupplyDrop.Weapon.SMG.81.Weight=0.000000 -> OK
[1607] RowUpdate WorldList.AthenaSupplyDrop.Weapon.SMG.82.Weight=0.000000 -> OK
[1608] RowUpdate WorldList.AthenaLoot.Weapon.SMG.17.Weight=0.000000 -> OK
[1609] RowUpdate WorldList.AthenaLoot.Weapon.HighSMG.22.Weight=0.000000 -> OK
[1610] RowUpdate WorldList.ApolloLoot.Weapon.SMG.11.Weight=0.000000 -> OK
[1611] RowUpdate WorldList.AthenaSupplyDrop.Weapon.SMG.22.Weight=0.000000 -> OK
[1612] RowUpdate WorldList.AthenaHighConsumables.Healing.05.Weight=0.000000 -> OK
[1613] RowUpdate WorldList.AthenaHighConsumablesRare.Healing.05.Weight=0.000000 -> OK
[1614] RowUpdate WorldList.AthenaSupplyDropHeals.05.Weight=0.000000 -> OK
[1615] RowUpdate WorldList.AthenaConsumables.Healing.06.Weight=0.000000 -> OK
[1616] RowUpdate WorldList.Loadout.Consumable.14.Weight=0.000000 -> OK
[1617] RowUpdate WorldList.AthenaLoot.Weapon.HighSniper.36.Weight=0.004000 -> OK
[1618] RowUpdate WorldList.AthenaLoot.Weapon.HighSniper.37.Weight=0.004000 -> OK
[1619] RowUpdate WorldList.AthenaSupplyDrop.Weapon.Sniper.35.Weight=0.0250000 -> OK
[1620] RowUpdate WorldList.AthenaSupplyDrop.Weapon.Sniper.36.Weight=0.025000 -> OK
[1621] RowUpdate WorldList.ApolloLoot.Weapon.Sniper.19.Weight=0.15000 -> OK
[1622] RowUpdate WorldList.ApolloLoot.Weapon.Sniper.20.Weight=0.10000 -> OK
[HOTFIX:SEASON2] Addrow(TableUpdate) なし -> スキップ
[HOTFIX:SEASON2] done: applied=279, deleted=0, skipped=0
[STEP1-3] merge e:\Fmodel\Exports\FortniteGame\Plugins\GameFeatures\BlastBerryLoot\Content\DataTables\AthenaLootPackages_Client_BlastBerryOverride_Habanero.json : replaced=244, added=0
[HOTFIX:SEASON3] target=/BlastBerryLoot/DataTables/AthenaLootPackages_Client_BlastBerryOverride_Habanero
[1061] RowUpdate WorldPKG.AthenaLoot.Weapon.HighShotgun.04.LootPackageCall=WorldList.AthenaSupplyDropUtility -> OK
[1062] RowUpdate WorldPKG.AthenaLoot.Weapon.HighHandgun.04.LootPackageCall=WorldList.AthenaSupplyDropUtility -> OK
[1063] RowUpdate WorldPKG.AthenaLoot.Weapon.HighSMG.04.LootPackageCall=WorldList.AthenaSupplyDropUtility -> OK
[1064] RowUpdate WorldPKG.AthenaLoot.Weapon.HighAssaultAuto.04.LootPackageCall=WorldList.AthenaSupplyDropUtility -> OK
[1065] RowUpdate WorldPKG.AthenaLoot.Weapon.HighSniper.04.LootPackageCall=WorldList.AthenaSupplyDropUtility -> OK
[1066] RowUpdate WorldPKG.AthenaLoot.Weapon.HighRocket.04.LootPackageCall=WorldList.AthenaSupplyDropUtility -> OK
[1067] RowUpdate WorldPKG.ApolloLoot.Weapon.HighShotgun.04.LootPackageCall=WorldList.AthenaSupplyDropUtility -> OK
[1068] RowUpdate WorldPKG.ApolloLoot.Weapon.SMG.04.LootPackageCall=WorldList.AthenaSupplyDropUtility -> OK
[1069] RowUpdate WorldPKG.ApolloLoot.Weapon.AssaultAuto.04.LootPackageCall=WorldList.AthenaSupplyDropUtility -> OK
[1070] RowUpdate WorldPKG.ApolloLoot.Weapon.Sniper.04.LootPackageCall=WorldList.AthenaSupplyDropUtility -> OK
[1071] RowUpdate WorldPKG.ApolloLoot.Weapon.Rocket.04.LootPackageCall=WorldList.AthenaSupplyDropUtility -> OK
[1072] RowUpdate WorldPKG.ApolloLoot.Weapon.HighHandgun.04.LootPackageCall=WorldList.AthenaSupplyDropUtility -> OK
[1073] RowUpdate WorldPKG.AthenaSupplyDrop.Weapon.Assault.04.LootPackageCall=WorldList.AthenaSupplyDropUtility -> OK
[1074] RowUpdate WorldPKG.AthenaSupplyDrop.Weapon.Shotgun.04.LootPackageCall=WorldList.AthenaSupplyDropUtility -> OK
[1075] RowUpdate WorldPKG.AthenaSupplyDrop.Weapon.Sniper.04.LootPackageCall=WorldList.AthenaSupplyDropUtility -> OK
[1076] RowUpdate WorldPKG.AthenaSupplyDrop.Weapon.Rocket.04.LootPackageCall=WorldList.AthenaSupplyDropUtility -> OK
[1077] RowUpdate WorldPKG.AthenaSupplyDrop.Weapon.SMG.04.LootPackageCall=WorldList.AthenaSupplyDropUtility -> OK
[1078] RowUpdate WorldPKG.AthenaSupplyDrop.Weapon.Handgun.04.LootPackageCall=WorldList.AthenaSupplyDropUtility -> OK
[HOTFIX:SEASON3] Addrow(TableUpdate) なし -> スキップ
[HOTFIX:SEASON3] done: applied=18, deleted=0, skipped=0
[STEP1-4] merge E:\Fmodel\Exports\FortniteGame\Plugins\GameFeatures\BlastBerryLoot\Content\DataTables\NoBuild\AthenaLootPackages_Client_BlastBerryOverride_NoBuild.json : replaced=36, added=5
[HOTFIX:SEASON4] target=/BlastBerryLoot/DataTables/NoBuild/AthenaLootPackages_Client_BlastBerryOverride_NoBuild
[HOTFIX:SEASON4] Addrow(TableUpdate) なし -> スキップ
[HOTFIX:SEASON4] done: applied=0, deleted=0, skipped=0
[WRITE] final -> E:\フォートナイト\Picture\Loot Pool\TEST4\New Loot\System Update\Reload_NoBuild_Ranked\input\AthenaLootPackages_Client__final.json
[WRITE] per-input -> E:\フォートナイト\Picture\Loot Pool\TEST4\New Loot\System Update\Reload_NoBuild_Ranked\input\BlastBerryLootPackages_Habanero__final.json
[WRITE] per-input -> E:\フォートナイト\Picture\Loot Pool\TEST4\New Loot\System Update\Reload_NoBuild_Ranked\input\AthenaLootPackages_Client_BlastBerryOverride_Habanero__final.json
[WRITE] per-input -> E:\フォートナイト\Picture\Loot Pool\TEST4\New Loot\System Update\Reload_NoBuild_Ranked\input\AthenaLootPackages_Client_BlastBerryOverride_NoBuild__final.json
2026-05-29 09:40:13 | INFO | hotfix start: E:\フォートナイト\Picture\Loot Pool\TEST4\New Loot\System Update\LootTier.py
2026-05-29 09:40:13 | INFO | hotfix lt stdout: [STEP1-1] base e:\Fmodel\Exports\FortniteGame\Content\Items\DataTables\AthenaLootTierData_Client.json
[HOTFIX:SEASON1] target=/Game/Items/Datatables/AthenaLootTierData_Client
[HOTFIX:SEASON1] done: applied=0, deleted=0, skipped=0
[STEP1-2] merge e:\Fmodel\Exports\FortniteGame\Plugins\GameFeatures\BlastBerryLoot\Content\DataTables\Habanero\BlastBerryTierData_Habanero.json : replaced=1, added=78
[HOTFIX:SEASON2] target=/BlastBerryLoot/DataTables/Habanero/BlastBerryTierData_Habanero
[HOTFIX:SEASON2] done: applied=0, deleted=0, skipped=0
[STEP1-3] merge e:\Fmodel\Exports\FortniteGame\Plugins\GameFeatures\BlastBerryLoot\Content\DataTables\AthenaLootTierData_Client_BlastBerryOverride.json : replaced=264, added=0
[HOTFIX:SEASON3] target=/BlastBerryLoot/DataTables/AthenaLootTierData_Client_BlastBerryOverride_Habanero
[HOTFIX:SEASON3] done: applied=0, deleted=0, skipped=0
[STEP1-4] merge E:\Fmodel\Exports\FortniteGame\Plugins\GameFeatures\BlastBerryLoot\Content\DataTables\NoBuild\AthenaLootTierData_Client_BlastBerryOverride_NoBuild.json : replaced=0, added=1
[HOTFIX:SEASON4] target=/BlastBerryLoot/DataTables/NoBuild/AthenaLootTierData_Client_BlastBerryOverride_NoBuild
[HOTFIX:SEASON4] done: applied=0, deleted=0, skipped=0
[WRITE] final -> E:\フォートナイト\Picture\Loot Pool\TEST4\New Loot\System Update\Reload_NoBuild_Ranked\input\AthenaLootTierData_Client__final.json
[WRITE] per-input -> E:\フォートナイト\Picture\Loot Pool\TEST4\New Loot\System Update\Reload_NoBuild_Ranked\input\BlastBerryTierData_Habanero__final.json
[WRITE] per-input -> E:\フォートナイト\Picture\Loot Pool\TEST4\New Loot\System Update\Reload_NoBuild_Ranked\input\AthenaLootTierData_Client_BlastBerryOverride__final.json
[WRITE] per-input -> E:\フォートナイト\Picture\Loot Pool\TEST4\New Loot\System Update\Reload_NoBuild_Ranked\input\AthenaLootTierData_Client_BlastBerryOverride_NoBuild__final.json
2026-05-29 09:40:13 | INFO | ✓ Hotfix 適用完了 (0.85s)
2026-05-29 09:40:13 | INFO | load lt: E:\フォートナイト\Picture\Loot Pool\TEST4\New Loot\System Update\Reload_NoBuild_Ranked\input\AthenaLootTierData_Client__final.json
2026-05-29 09:40:13 | INFO | load lp: E:\フォートナイト\Picture\Loot Pool\TEST4\New Loot\System Update\Reload_NoBuild_Ranked\input\AthenaLootPackages_Client__final.json
2026-05-29 09:40:13 | INFO | load done (0.03s)
2026-05-29 09:40:13 | INFO | build summary start
2026-05-29 09:40:13 | INFO | build summary done (0.03s)
2026-05-29 09:40:13 | INFO | enrich summary with names start
2026-05-29 09:40:13 | INFO | enrich summary done (0.00s)
2026-05-29 09:40:13 | INFO | ✅ まとめJSONを作成: E:\フォートナイト\Picture\Loot Pool\TEST4\New Loot\System Update\Reload_NoBuild_Ranked\output\summary\v39.30_2026-05-29_09-40.json
2026-05-29 09:40:13 | INFO | build item metadata start
2026-05-29 09:40:13 | INFO | ✅ アイテム名・説明・タグJSONを更新: E:\フォートナイト\Picture\Loot Pool\TEST4\New Loot\System Update\shared\cache\item_metadata.json (0.02s)
2026-05-29 09:40:13 | INFO | build Reload_NoBuild_Ranked_LootData start
2026-05-29 09:40:13 | INFO | build BR_LootData done (0.00s)
2026-05-29 09:40:13 | INFO | ✅ Reload_NoBuild_Ranked_LootData を作成: E:\フォートナイト\Picture\Loot Pool\TEST4\New Loot\System Update\戦利品データ\Reload_NoBuild_Ranked\Reload_NoBuild_Ranked_LootData_2026-05-29_09-40.json
2026-05-29 09:40:13 | INFO | ✅ Web LootPool を更新: E:\フォートナイト\Web\assets\data\Loot\Reload_NoBuild_Ranked_ZB_LootPool.json
2026-05-29 09:40:13 | INFO | LootSummary start: E:\フォートナイト\Picture\Loot Pool\TEST4\New Loot\System Update\Reload_NoBuild_Ranked\scripts\LootSummary.py
2026-05-29 09:40:13 | INFO | LootSummary stdout: 🔎 抽出用: 最新ファイル = E:\フォートナイト\Picture\Loot Pool\TEST4\New Loot\System Update\Reload_NoBuild_Ranked\output\summary\v39.30_2026-05-29_09-40.json
✅ 抽出件数: 166
💾 保存: E:\フォートナイト\Picture\Loot Pool\TEST4\New Loot\System Update\Reload_NoBuild_Ranked\input\items_unique_min.json
🔎 比較用: base   = E:\フォートナイト\Picture\Loot Pool\TEST4\New Loot\System Update\Reload_NoBuild_Ranked\output\summary\v39.30_2026-05-05_04-35.json
🔎 比較用: target = E:\フォートナイト\Picture\Loot Pool\TEST4\New Loot\System Update\Reload_NoBuild_Ranked\output\summary\v39.30_2026-05-29_09-40.json
✅ 差分作成 完了
  追加   : 25 / 削除 : 10 / 変更 : 0 / 変化なし : 141
💾 差分: E:\フォートナイト\Picture\Loot Pool\TEST4\New Loot\System Update\Reload_NoBuild_Ranked\output\history\BR_20260529_0940\items_unique_min_diff.json
2026-05-29 09:40:13 | WARNING | LootSummary stderr: E:\フォートナイト\Picture\Loot Pool\TEST4\New Loot\System Update\Reload_NoBuild_Ranked\scripts\LootSummary.py:2: SyntaxWarning: invalid escape sequence '\B'
  """
2026-05-29 09:40:13 | INFO | ✅ LootSummary 実行完了（抽出→比較） (0.32s)
2026-05-29 09:40:13 | INFO | prewarm start
2026-05-29 09:40:14 | INFO | ✅ アイコンキャッシュ プリウォーム完了 (0.62s)
2026-05-29 09:40:14 | INFO | 画像化タスク数: 166
2026-05-29 09:40:14 | INFO | 画像生成 進捗: 1/166
2026-05-29 09:40:15 | INFO | 画像生成 進捗: 50/166
2026-05-29 09:40:15 | INFO | 画像生成 進捗: 100/166
2026-05-29 09:40:16 | INFO | 画像生成 進捗: 150/166
2026-05-29 09:40:16 | INFO | 画像生成 進捗: 166/166
2026-05-29 09:40:16 | INFO | ✅ 画像生成 完了（MinListベース）
2026-05-29 09:40:16 | INFO | ✅ Loot diff を作成: E:\フォートナイト\Web\assets\data\Loot\diff\Reload_NoBuild_Ranked_2026-05-29_09-40-16.json (added=26 removed=11 change=126)
