2026-04-01 23:02:52 | INFO | log file (Reload_NoBuild_Ranked): E:\フォートナイト\Picture\Loot Pool\TEST4\New Loot\System Update\Reload_NoBuild_Ranked\output\logs\pipeline_2026-04-01_23-02-52.log
2026-04-01 23:02:52 | INFO | ===== Reload_NoBuild_Ranked: pipeline start =====
2026-04-01 23:02:52 | INFO | paths: lt=E:\フォートナイト\Picture\Loot Pool\TEST4\New Loot\System Update\Reload_NoBuild_Ranked\input\AthenaLootTierData_Client__final.json lp=E:\フォートナイト\Picture\Loot Pool\TEST4\New Loot\System Update\Reload_NoBuild_Ranked\input\AthenaLootPackages_Client__final.json minlist=E:\フォートナイト\Picture\Loot Pool\TEST4\New Loot\System Update\Reload_NoBuild_Ranked\input\items_unique_min.json
2026-04-01 23:02:52 | INFO | output: summary=E:\フォートナイト\Picture\Loot Pool\TEST4\New Loot\System Update\Reload_NoBuild_Ranked\output\summary lootdata=E:\フォートナイト\Picture\Loot Pool\TEST4\New Loot\System Update\戦利品データ\Reload_NoBuild_Ranked
2026-04-01 23:02:52 | INFO | flags: hotfix=True prewarm=True image=True workers=8
2026-04-01 23:02:52 | INFO | hotfix start: E:\フォートナイト\Picture\Loot Pool\TEST4\New Loot\System Update\LootPackage.py
2026-04-01 23:02:53 | INFO | hotfix lp stdout: [STEP1-1] base e:\Fmodel\Exports\FortniteGame\Content\Items\DataTables\AthenaLootPackages_Client.json
[HOTFIX:SEASON1] target=/Game/Items/Datatables/AthenaLootPackages_Client
[406] RowUpdate WorldPKG.AthenaLoot.Weapon.HighShotgun.05.Weight=0.050000 -> OK
[407] RowUpdate WorldPKG.AthenaLoot.Weapon.HighHandgun.05.Weight=0.050000 -> OK
[408] RowUpdate WorldPKG.AthenaLoot.Weapon.HighSMG.05.Weight=0.050000 -> OK
[409] RowUpdate WorldPKG.AthenaLoot.Weapon.HighAssaultAuto.05.Weight=0.050000 -> OK
[410] RowUpdate WorldPKG.AthenaLoot.Weapon.HighSniper.05.Weight=0.050000 -> OK
[411] RowUpdate WorldPKG.AthenaLoot.Weapon.HighRocket.05.Weight=0.050000 -> OK
[HOTFIX:SEASON1] Addrow(TableUpdate) なし -> スキップ
[HOTFIX:SEASON1] done: applied=6, deleted=0, skipped=0
[STEP1-2] merge e:\Fmodel\Exports\FortniteGame\Plugins\GameFeatures\BlastBerryLoot\Content\DataTables\Habanero\BlastBerryLootPackages_Habanero.json : replaced=542, added=1623
[HOTFIX:SEASON2] target=/BlastBerryLoot/DataTables/Habanero/BlastBerryLootPackages_Habanero
[1147] RowUpdate WorldList.AthenaLoot.Weapon.Shotgun.04.Weight=1.000000 -> OK
[1148] RowUpdate WorldList.AthenaLoot.Weapon.Shotgun.05.Weight=0.400000 -> OK
[1149] RowUpdate WorldList.AthenaLoot.Weapon.Shotgun.06.Weight=0.080000 -> OK
[1150] RowUpdate WorldList.AthenaLoot.Weapon.Shotgun.66.Weight=0.000000 -> OK
[1151] RowUpdate WorldList.AthenaLoot.Weapon.Shotgun.67.Weight=0.000000 -> OK
[1152] RowUpdate WorldList.AthenaLoot.Weapon.Shotgun.68.Weight=0.000000 -> OK
[1153] RowUpdate WorldList.AthenaLoot.Weapon.HighShotgun.05.Weight=0.400000 -> OK
[1154] RowUpdate WorldList.AthenaLoot.Weapon.HighShotgun.06.Weight=0.080000 -> OK
[1155] RowUpdate WorldList.AthenaLoot.Weapon.HighShotgun.07.Weight=0.016000 -> OK
[1156] RowUpdate WorldList.AthenaLoot.Weapon.HighShotgun.08.Weight=0.004000 -> OK
[1157] RowUpdate WorldList.AthenaLoot.Weapon.HighShotgun.95.Weight=0.000000 -> OK
[1158] RowUpdate WorldList.AthenaLoot.Weapon.HighShotgun.96.Weight=0.000000 -> OK
[1159] RowUpdate WorldList.AthenaLoot.Weapon.HighShotgun.97.Weight=0.000000 -> OK
[1160] RowUpdate WorldList.AthenaLoot.Weapon.HighShotgun.98.Weight=0.000000 -> OK
[1161] RowUpdate WorldList.ApolloLoot.Weapon.HighShotgun.03.Weight=0.750000 -> OK
[1162] RowUpdate WorldList.ApolloLoot.Weapon.HighShotgun.04.Weight=0.250000 -> OK
[1163] RowUpdate WorldList.ApolloLoot.Weapon.HighShotgun.51.Weight=0.000000 -> OK
[1164] RowUpdate WorldList.ApolloLoot.Weapon.HighShotgun.52.Weight=0.000000 -> OK
[1165] RowUpdate WorldList.AthenaSupplyDrop.Weapon.Shotgun.06.Weight=0.250000 -> OK
[1166] RowUpdate WorldList.AthenaSupplyDrop.Weapon.Shotgun.07.Weight=0.125000 -> OK
[1167] RowUpdate WorldList.AthenaSupplyDrop.Weapon.Shotgun.08.Weight=0.025000 -> OK
[1168] RowUpdate WorldList.AthenaSupplyDrop.Weapon.Shotgun.96.Weight=0.000000 -> OK
[1169] RowUpdate WorldList.AthenaSupplyDrop.Weapon.Shotgun.97.Weight=0.000000 -> OK
[1170] RowUpdate WorldList.AthenaSupplyDrop.Weapon.Shotgun.98.Weight=0.000000 -> OK
[1171] RowUpdate WorldList.AthenaSupplyDrop.Weapon.Shotgun.104.Weight=0.000000 -> OK
[1172] RowUpdate WorldList.AthenaSupplyDrop.Weapon.Shotgun.105.Weight=0.000000 -> OK
[1173] RowUpdate WorldList.AthenaSupplyDrop.Weapon.Shotgun.106.Weight=0.000000 -> OK
[1174] RowUpdate WorldList.AthenaHighConsumables.Utility.11.CountRange=(X=2,Y=2) -> OK
[1175] RowUpdate WorldList.AthenaHighConsumablesRare.Utility.11.CountRange=(X=2,Y=2) -> OK
[1176] RowUpdate WorldList.AthenaSupplyDropUtility.11.CountRange=(X=2,Y=2) -> OK
[1177] RowUpdate WorldList.AthenaConsumables.Utility.11.CountRange=(X=2,Y=2) -> OK
[HOTFIX:SEASON2] Addrow(TableUpdate) なし -> スキップ
[HOTFIX:SEASON2] done: applied=31, deleted=0, skipped=0
[STEP1-3] merge e:\Fmodel\Exports\FortniteGame\Plugins\GameFeatures\BlastBerryLoot\Content\DataTables\AthenaLootPackages_Client_BlastBerryOverride_Habanero.json : replaced=244, added=0
[HOTFIX:SEASON3] target=/BlastBerryLoot/DataTables/AthenaLootPackages_Client_BlastBerryOverride_Habanero
[1201] RowUpdate WorldPKG.AthenaLoot.Weapon.HighShotgun.04.LootPackageCall=WorldList.AthenaSupplyDropUtility -> OK
[1202] RowUpdate WorldPKG.AthenaLoot.Weapon.HighHandgun.04.LootPackageCall=WorldList.AthenaSupplyDropUtility -> OK
[1203] RowUpdate WorldPKG.AthenaLoot.Weapon.HighSMG.04.LootPackageCall=WorldList.AthenaSupplyDropUtility -> OK
[1204] RowUpdate WorldPKG.AthenaLoot.Weapon.HighAssaultAuto.04.LootPackageCall=WorldList.AthenaSupplyDropUtility -> OK
[1205] RowUpdate WorldPKG.AthenaLoot.Weapon.HighSniper.04.LootPackageCall=WorldList.AthenaSupplyDropUtility -> OK
[1206] RowUpdate WorldPKG.AthenaLoot.Weapon.HighRocket.04.LootPackageCall=WorldList.AthenaSupplyDropUtility -> OK
[1207] RowUpdate WorldPKG.ApolloLoot.Weapon.HighShotgun.04.LootPackageCall=WorldList.AthenaSupplyDropUtility -> OK
[1208] RowUpdate WorldPKG.ApolloLoot.Weapon.SMG.04.LootPackageCall=WorldList.AthenaSupplyDropUtility -> OK
[1209] RowUpdate WorldPKG.ApolloLoot.Weapon.AssaultAuto.04.LootPackageCall=WorldList.AthenaSupplyDropUtility -> OK
[1210] RowUpdate WorldPKG.ApolloLoot.Weapon.Sniper.04.LootPackageCall=WorldList.AthenaSupplyDropUtility -> OK
[1211] RowUpdate WorldPKG.ApolloLoot.Weapon.Rocket.04.LootPackageCall=WorldList.AthenaSupplyDropUtility -> OK
[1212] RowUpdate WorldPKG.ApolloLoot.Weapon.HighHandgun.04.LootPackageCall=WorldList.AthenaSupplyDropUtility -> OK
[1213] RowUpdate WorldPKG.AthenaSupplyDrop.Weapon.Assault.04.LootPackageCall=WorldList.AthenaSupplyDropUtility -> OK
[1214] RowUpdate WorldPKG.AthenaSupplyDrop.Weapon.Shotgun.04.LootPackageCall=WorldList.AthenaSupplyDropUtility -> OK
[1215] RowUpdate WorldPKG.AthenaSupplyDrop.Weapon.Sniper.04.LootPackageCall=WorldList.AthenaSupplyDropUtility -> OK
[1216] RowUpdate WorldPKG.AthenaSupplyDrop.Weapon.Rocket.04.LootPackageCall=WorldList.AthenaSupplyDropUtility -> OK
[1217] RowUpdate WorldPKG.AthenaSupplyDrop.Weapon.SMG.04.LootPackageCall=WorldList.AthenaSupplyDropUtility -> OK
[1218] RowUpdate WorldPKG.AthenaSupplyDrop.Weapon.Handgun.04.LootPackageCall=WorldList.AthenaSupplyDropUtility -> OK
[HOTFIX:SEASON3] Addrow(TableUpdate) なし -> スキップ
[HOTFIX:SEASON3] done: applied=18, deleted=0, skipped=0
[STEP1-4] merge E:\Fmodel\Exports\FortniteGame\Plugins\GameFeatures\BlastBerryLoot\Content\DataTables\NoBuild\AthenaLootPackages_Client_BlastBerryOverride_NoBuild.json : replaced=36, added=0
[HOTFIX:SEASON4] target=/BlastBerryLoot/DataTables/NoBuild/AthenaLootPackages_Client_BlastBerryOverride_NoBuild
[HOTFIX:SEASON4] Addrow(TableUpdate) なし -> スキップ
[HOTFIX:SEASON4] done: applied=0, deleted=0, skipped=0
[WRITE] final -> E:\フォートナイト\Picture\Loot Pool\TEST4\New Loot\System Update\Reload_NoBuild_Ranked\input\AthenaLootPackages_Client__final.json
[WRITE] per-input -> E:\フォートナイト\Picture\Loot Pool\TEST4\New Loot\System Update\Reload_NoBuild_Ranked\input\BlastBerryLootPackages_Habanero__final.json
[WRITE] per-input -> E:\フォートナイト\Picture\Loot Pool\TEST4\New Loot\System Update\Reload_NoBuild_Ranked\input\AthenaLootPackages_Client_BlastBerryOverride_Habanero__final.json
[WRITE] per-input -> E:\フォートナイト\Picture\Loot Pool\TEST4\New Loot\System Update\Reload_NoBuild_Ranked\input\AthenaLootPackages_Client_BlastBerryOverride_NoBuild__final.json
2026-04-01 23:02:53 | INFO | hotfix start: E:\フォートナイト\Picture\Loot Pool\TEST4\New Loot\System Update\LootTier.py
2026-04-01 23:02:53 | INFO | hotfix lt stdout: [STEP1-1] base e:\Fmodel\Exports\FortniteGame\Content\Items\DataTables\AthenaLootTierData_Client.json
[HOTFIX:SEASON1] target=/Game/Items/Datatables/AthenaLootTierData_Client
[HOTFIX:SEASON1] done: applied=0, deleted=0, skipped=0
[STEP1-2] merge e:\Fmodel\Exports\FortniteGame\Plugins\GameFeatures\BlastBerryLoot\Content\DataTables\Habanero\BlastBerryTierData_Habanero.json : replaced=1, added=60
[HOTFIX:SEASON2] target=/BlastBerryLoot/DataTables/Habanero/BlastBerryTierData_Habanero
[HOTFIX:SEASON2] done: applied=0, deleted=0, skipped=0
[STEP1-3] merge e:\Fmodel\Exports\FortniteGame\Plugins\GameFeatures\BlastBerryLoot\Content\DataTables\AthenaLootTierData_Client_BlastBerryOverride.json : replaced=264, added=0
[HOTFIX:SEASON3] target=/BlastBerryLoot/DataTables/AthenaLootTierData_Client_BlastBerryOverride_Habanero
[HOTFIX:SEASON3] done: applied=0, deleted=0, skipped=0
[STEP1-4] merge E:\Fmodel\Exports\FortniteGame\Plugins\GameFeatures\BlastBerryLoot\Content\DataTables\NoBuild\AthenaLootTierData_Client_BlastBerryOverride_NoBuild.json : replaced=0, added=0
[HOTFIX:SEASON4] target=/BlastBerryLoot/DataTables/NoBuild/AthenaLootTierData_Client_BlastBerryOverride_NoBuild
[HOTFIX:SEASON4] done: applied=0, deleted=0, skipped=0
[WRITE] final -> E:\フォートナイト\Picture\Loot Pool\TEST4\New Loot\System Update\Reload_NoBuild_Ranked\input\AthenaLootTierData_Client__final.json
[WRITE] per-input -> E:\フォートナイト\Picture\Loot Pool\TEST4\New Loot\System Update\Reload_NoBuild_Ranked\input\BlastBerryTierData_Habanero__final.json
[WRITE] per-input -> E:\フォートナイト\Picture\Loot Pool\TEST4\New Loot\System Update\Reload_NoBuild_Ranked\input\AthenaLootTierData_Client_BlastBerryOverride__final.json
[WRITE] per-input -> E:\フォートナイト\Picture\Loot Pool\TEST4\New Loot\System Update\Reload_NoBuild_Ranked\input\AthenaLootTierData_Client_BlastBerryOverride_NoBuild__final.json
2026-04-01 23:02:53 | INFO | ✓ Hotfix 適用完了 (1.24s)
2026-04-01 23:02:53 | INFO | load lt: E:\フォートナイト\Picture\Loot Pool\TEST4\New Loot\System Update\Reload_NoBuild_Ranked\input\AthenaLootTierData_Client__final.json
2026-04-01 23:02:53 | INFO | load lp: E:\フォートナイト\Picture\Loot Pool\TEST4\New Loot\System Update\Reload_NoBuild_Ranked\input\AthenaLootPackages_Client__final.json
2026-04-01 23:02:53 | INFO | load done (0.04s)
2026-04-01 23:02:53 | INFO | build summary start
2026-04-01 23:02:53 | INFO | build summary done (0.03s)
2026-04-01 23:02:53 | INFO | enrich summary with names start
2026-04-01 23:02:53 | INFO | enrich summary done (0.00s)
2026-04-01 23:02:53 | INFO | ✅ まとめJSONを作成: E:\フォートナイト\Picture\Loot Pool\TEST4\New Loot\System Update\Reload_NoBuild_Ranked\output\summary\v39.30_2026-04-01_23-02.json
2026-04-01 23:02:53 | INFO | build Reload_NoBuild_Ranked_LootData start
2026-04-01 23:02:53 | INFO | build BR_LootData done (0.00s)
2026-04-01 23:02:53 | INFO | ✅ Reload_NoBuild_Ranked_LootData を作成: E:\フォートナイト\Picture\Loot Pool\TEST4\New Loot\System Update\戦利品データ\Reload_NoBuild_Ranked\Reload_NoBuild_Ranked_LootData_2026-04-01_23-02.json
2026-04-01 23:02:53 | INFO | ✅ Web LootPool を更新: E:\フォートナイト\Web\assets\data\Loot\Reload_NoBuild_Ranked_ZB_LootPool.json
2026-04-01 23:02:53 | INFO | LootSummary start: E:\フォートナイト\Picture\Loot Pool\TEST4\New Loot\System Update\Reload_NoBuild_Ranked\scripts\LootSummary.py
2026-04-01 23:02:53 | INFO | LootSummary stdout: 🔎 抽出用: 最新ファイル = E:\フォートナイト\Picture\Loot Pool\TEST4\New Loot\System Update\Reload_NoBuild_Ranked\output\summary\v39.30_2026-04-01_23-02.json
✅ 抽出件数: 174
💾 保存: E:\フォートナイト\Picture\Loot Pool\TEST4\New Loot\System Update\Reload_NoBuild_Ranked\input\items_unique_min.json
🔎 比較用: base   = E:\フォートナイト\Picture\Loot Pool\TEST4\New Loot\System Update\Reload_NoBuild_Ranked\output\summary\v39.30_2026-03-20_07-25.json
🔎 比較用: target = E:\フォートナイト\Picture\Loot Pool\TEST4\New Loot\System Update\Reload_NoBuild_Ranked\output\summary\v39.30_2026-04-01_23-02.json
✅ 差分作成 完了
  追加   : 7 / 削除 : 4 / 変更 : 1 / 変化なし : 166
💾 差分: E:\フォートナイト\Picture\Loot Pool\TEST4\New Loot\System Update\Reload_NoBuild_Ranked\output\history\BR_20260401_2302\items_unique_min_diff.json
2026-04-01 23:02:53 | WARNING | LootSummary stderr: E:\フォートナイト\Picture\Loot Pool\TEST4\New Loot\System Update\Reload_NoBuild_Ranked\scripts\LootSummary.py:2: SyntaxWarning: invalid escape sequence '\B'
  """
2026-04-01 23:02:53 | INFO | ✅ LootSummary 実行完了（抽出→比較） (0.40s)
2026-04-01 23:02:53 | INFO | prewarm start
2026-04-01 23:03:15 | INFO | ✅ アイコンキャッシュ プリウォーム完了 (21.15s)
2026-04-01 23:03:15 | INFO | 画像化タスク数: 174
2026-04-01 23:03:15 | INFO | 画像生成 進捗: 1/174
2026-04-01 23:03:16 | INFO | 画像生成 進捗: 50/174
2026-04-01 23:03:16 | INFO | 画像生成 進捗: 100/174
2026-04-01 23:03:17 | INFO | 画像生成 進捗: 150/174
2026-04-01 23:03:18 | INFO | 画像生成 進捗: 174/174
2026-04-01 23:03:18 | INFO | ✅ 画像生成 完了（MinListベース）
2026-04-01 23:03:18 | INFO | ✅ Loot diff を作成: E:\フォートナイト\Web\assets\data\Loot\diff\Reload_NoBuild_Ranked_2026-04-01_23-03-18.json (added=7 removed=4 change=24)
2026-04-01 23:03:18 | INFO | ✅ AddedItems 画像を保存: E:\フォートナイト\Picture\Loot Pool\TEST4\New Loot\System Update\shared\images\Reload_NoBuild_Ranked\AddedItems\2026-04-01_23-03-18 (copied=7 missing=0)
2026-04-01 23:03:18 | INFO | git add: E:\フォートナイト\Picture\Loot Pool\TEST4\New Loot
2026-04-01 23:03:20 | INFO | git commit stdout: [main d211e13] Reload_NoBuild_Ranked update 2026-04-01 23:03:18
 25 files changed, 55418 insertions(+), 215 deletions(-)
 create mode 100644 System Update/Reload_NoBuild_Ranked/output/history/BR_20260401_2302/items_unique_min_diff.json
 create mode 100644 System Update/Reload_NoBuild_Ranked/output/logs/pipeline_2026-04-01_23-02-52.log
 create mode 100644 System Update/Reload_NoBuild_Ranked/output/summary/v39.30_2026-04-01_23-02.json
 create mode 100644 "System Update/shared/images/Reload_NoBuild_Ranked/AddedItems/2026-04-01_23-03-18/\343\203\206\343\202\243\343\202\2422 - O.X.R.\343\203\251\343\202\244\343\203\225\343\203\253.png"
 create mode 100644 "System Update/shared/images/Reload_NoBuild_Ranked/AddedItems/2026-04-01_23-03-18/\343\203\206\343\202\243\343\202\2423 - O.X.R.\343\203\251\343\202\244\343\203\225\343\203\253.png"
 create mode 100644 "System Update/shared/images/Reload_NoBuild_Ranked/AddedItems/2026-04-01_23-03-18/\343\203\206\343\202\243\343\202\2424 - O.X.R.\343\203\251\343\202\244\343\203\225\343\203\253.png"
 create mode 100644 "System Update/shared/images/Reload_NoBuild_Ranked/AddedItems/2026-04-01_23-03-18/\343\203\206\343\202\243\343\202\2425 - O.X.R.\343\203\251\343\202\244\343\203\225\343\203\253.png"
 create mode 100644 "System Update/shared/images/Reload_NoBuild_Ranked/AddedItems/2026-04-01_23-03-18/\343\203\206\343\202\243\343\202\2426 - \343\202\267\343\203\243\343\203\211\343\203\274\343\203\210\343\203\251\343\203\203\343\202\253\343\203\274.png"
 create mode 100644 "System Update/shared/images/Reload_NoBuild_Ranked/AddedItems/2026-04-01_23-03-18/\343\203\206\343\202\243\343\202\2426 - \343\203\226\343\203\274\343\203\240\343\202\271\343\203\212\343\202\244\343\203\221\343\203\274\343\203\251\343\202\244\343\203\225\343\203\253.png"
 create mode 100644 "System Update/shared/images/Reload_NoBuild_Ranked/AddedItems/2026-04-01_23-03-18/\343\203\206\343\202\243\343\202\2426 - \343\203\233\343\203\203\343\203\227\343\203\255\343\203\203\343\202\257\343\203\207\343\203\245\343\202\242\343\203\252\343\203\274.png"
 create mode 100644 "System Update/shared/images/Reload_NoBuild_Ranked/O.X.R.\343\203\251\343\202\244\343\203\225\343\203\253 - \343\203\206\343\202\243\343\202\2422.png"
 create mode 100644 "System Update/shared/images/Reload_NoBuild_Ranked/O.X.R.\343\203\251\343\202\244\343\203\225\343\203\253 - \343\203\206\343\202\243\343\202\2423.png"
 create mode 100644 "System Update/shared/images/Reload_NoBuild_Ranked/O.X.R.\343\203\251\343\202\244\343\203\225\343\203\253 - \343\203\206\343\202\243\343\202\2424.png"
 create mode 100644 "System Update/shared/images/Reload_NoBuild_Ranked/O.X.R.\343\203\251\343\202\244\343\203\225\343\203\253 - \343\203\206\343\202\243\343\202\2425.png"
 create mode 100644 "System Update/shared/images/Reload_NoBuild_Ranked/\343\202\267\343\203\243\343\203\211\343\203\274\343\203\210\343\203\251\343\203\203\343\202\253\343\203\274 - \343\203\206\343\202\243\343\202\2426.png"
 create mode 100644 "System Update/shared/images/Reload_NoBuild_Ranked/\343\202\271\343\202\257\343\202\244\343\203\226\343\203\252\343\203\274\343\201\256\343\202\263\343\203\263\343\203\220\343\203\203\343\203\210\343\202\242\343\202\265\343\203\253\343\203\210\343\203\251\343\202\244\343\203\225\343\203\253 - \343\203\206\343\202\243\343\202\2427.png"
 create mode 100644 "System Update/shared/images/Reload_NoBuild_Ranked/\343\203\226\343\203\274\343\203\240\343\202\271\343\203\212\343\202\244\343\203\221\343\203\274\343\203\251\343\202\244\343\203\225\343\203\253 - \343\203\206\343\202\243\343\202\2426.png"
 create mode 100644 "System Update/shared/images/Reload_NoBuild_Ranked/\343\203\233\343\203\203\343\203\227\343\203\255\343\203\203\343\202\257\343\203\207\343\203\245\343\202\242\343\203\252\343\203\274 - \343\203\206\343\202\243\343\202\2426.png"
 create mode 100644 "System Update/\346\210\246\345\210\251\345\223\201\343\203\207\343\203\274\343\202\277/Reload_NoBuild_Ranked/Reload_NoBuild_Ranked_LootData_2026-04-01_23-02.json"
2026-04-01 23:03:24 | WARNING | git push stderr: To https://github.com/Greenfox0833/New-Loot.git
   8b22d63..d211e13  main -> main
2026-04-01 23:03:24 | INFO | ✓ GitHub Push 完了
2026-04-01 23:03:24 | INFO | ===== Reload_NoBuild_Ranked: pipeline end =====
