2026-04-29 07:34:33 | INFO | log file (Reload_NoBuild_Ranked): E:\フォートナイト\Picture\Loot Pool\TEST4\New Loot\System Update\Reload_NoBuild_Ranked\output\logs\pipeline_2026-04-29_07-34-33.log
2026-04-29 07:34:33 | INFO | ===== Reload_NoBuild_Ranked: pipeline start =====
2026-04-29 07:34:33 | INFO | paths: lt=E:\フォートナイト\Picture\Loot Pool\TEST4\New Loot\System Update\Reload_NoBuild_Ranked\input\AthenaLootTierData_Client__final.json lp=E:\フォートナイト\Picture\Loot Pool\TEST4\New Loot\System Update\Reload_NoBuild_Ranked\input\AthenaLootPackages_Client__final.json minlist=E:\フォートナイト\Picture\Loot Pool\TEST4\New Loot\System Update\Reload_NoBuild_Ranked\input\items_unique_min.json
2026-04-29 07:34:33 | INFO | output: summary=E:\フォートナイト\Picture\Loot Pool\TEST4\New Loot\System Update\Reload_NoBuild_Ranked\output\summary lootdata=E:\フォートナイト\Picture\Loot Pool\TEST4\New Loot\System Update\戦利品データ\Reload_NoBuild_Ranked
2026-04-29 07:34:33 | INFO | flags: hotfix=True prewarm=True image=True workers=8
2026-04-29 07:34:33 | INFO | hotfix start: E:\フォートナイト\Picture\Loot Pool\TEST4\New Loot\System Update\LootPackage.py
2026-04-29 07:34:34 | INFO | hotfix lp stdout: [STEP1-1] base e:\Fmodel\Exports\FortniteGame\Content\Items\DataTables\AthenaLootPackages_Client.json
[HOTFIX:SEASON1] target=/Game/Items/Datatables/AthenaLootPackages_Client
[559] RowUpdate WorldPKG.AthenaLoot.Weapon.HighShotgun.05.Weight=0.050000 -> OK
[560] RowUpdate WorldPKG.AthenaLoot.Weapon.HighHandgun.05.Weight=0.050000 -> OK
[561] RowUpdate WorldPKG.AthenaLoot.Weapon.HighSMG.05.Weight=0.050000 -> OK
[562] RowUpdate WorldPKG.AthenaLoot.Weapon.HighAssaultAuto.05.Weight=0.050000 -> OK
[563] RowUpdate WorldPKG.AthenaLoot.Weapon.HighSniper.05.Weight=0.050000 -> OK
[564] RowUpdate WorldPKG.AthenaLoot.Weapon.HighRocket.05.Weight=0.050000 -> OK
[HOTFIX:SEASON1] Addrow(TableUpdate) なし -> スキップ
[HOTFIX:SEASON1] done: applied=6, deleted=0, skipped=0
[STEP1-2] merge e:\Fmodel\Exports\FortniteGame\Plugins\GameFeatures\BlastBerryLoot\Content\DataTables\Habanero\BlastBerryLootPackages_Habanero.json : replaced=543, added=1647
[HOTFIX:SEASON2] target=/BlastBerryLoot/DataTables/Habanero/BlastBerryLootPackages_Habanero
[1011] RowUpdate WorldList.AthenaWadStash.Medium.01.CountRange=(X=100,Y=100) -> OK
[1012] RowUpdate WorldList.AthenaWadStash.Large.01.CountRange=(X=200,Y=200) -> OK
[1013] RowUpdate WorldList.AthenaWadSafe.01.CountRange=(X=300,Y=300) -> OK
[1014] RowUpdate WorldList.AthenaWadGoldBarStack.Small.01.CountRange=(X=50,Y=50) -> OK
[1015] RowUpdate WorldList.AthenaWadGoldBarStack.Medium.01.CountRange=(X=100,Y=100) -> OK
[1016] RowUpdate WorldList.AthenaWadGoldBarStack.Large.01.CountRange=(X=200,Y=200) -> OK
[1017] RowUpdate WorldList.AthenaWadChests.01.CountRange=(X=50,Y=50) -> OK
[1018] RowUpdate WorldList.AthenaWadChests.02.CountRange=(X=75,Y=75) -> OK
[1019] RowUpdate WorldList.AthenaWadChests.03.Weight=0.050000 -> OK
[1020] RowUpdate WorldList.AthenaWadChests.03.CountRange=(X=100,Y=100) -> OK
[1021] RowUpdate WorldList.ApolloWadChests.01.CountRange=(X=100,Y=100) -> OK
[1022] RowUpdate WorldList.ApolloWadChests.02.CountRange=(X=150,Y=150) -> OK
[1023] RowUpdate WorldList.ApolloWadChests.03.CountRange=(X=250,Y=250) -> OK
[1029] RowUpdate WorldList.AthenaLoot.Weapon.Shotgun.60.Weight=0.000000 -> OK
[1030] RowUpdate WorldList.AthenaLoot.Weapon.Shotgun.61.Weight=0.000000 -> OK
[1031] RowUpdate WorldList.AthenaLoot.Weapon.Shotgun.62.Weight=0.000000 -> OK
[1032] RowUpdate WorldList.AthenaLoot.Weapon.Shotgun.79.Weight=0.400000 -> OK
[1033] RowUpdate WorldList.AthenaLoot.Weapon.HighShotgun.87.Weight=0.000000 -> OK
[1034] RowUpdate WorldList.AthenaLoot.Weapon.HighShotgun.88.Weight=0.000000 -> OK
[1035] RowUpdate WorldList.AthenaLoot.Weapon.HighShotgun.89.Weight=0.000000 -> OK
[1036] RowUpdate WorldList.AthenaLoot.Weapon.HighShotgun.90.Weight=0.000000 -> OK
[1037] RowUpdate WorldList.AthenaLoot.Weapon.HighShotgun.111.Weight=0.400000 -> OK
[1038] RowUpdate WorldList.ApolloLoot.Weapon.HighShotgun.47.Weight=0.000000 -> OK
[1039] RowUpdate WorldList.ApolloLoot.Weapon.HighShotgun.48.Weight=0.000000 -> OK
[1040] RowUpdate WorldList.AthenaSupplyDrop.Weapon.Shotgun.88.Weight=0.000000 -> OK
[1041] RowUpdate WorldList.AthenaSupplyDrop.Weapon.Shotgun.89.Weight=0.000000 -> OK
[1042] RowUpdate WorldList.AthenaSupplyDrop.Weapon.Shotgun.90.Weight=0.000000 -> OK
[1043] RowUpdate WorldList.AthenaSupplyDrop.Weapon.Shotgun.111.Weight=0.250000 -> OK
[1059] RowUpdate WorldList.AthenaHighConsumables.Utility.07.Weight=0.180000 -> OK
[1060] RowUpdate WorldList.AthenaHighConsumables.Utility.07.ItemDefinition=/GrappleWeapon/Items/GrappleKnife/V2/WID_GrappleKnife_VR.WID_GrappleKnife_VR -> OK
[1061] RowUpdate WorldList.AthenaHighConsumablesRare.Utility.07.ItemDefinition=/GrappleWeapon/Items/GrappleKnife/V2/WID_GrappleKnife_VR.WID_GrappleKnife_VR -> OK
[1062] RowUpdate WorldList.AthenaSupplyDropConsumables.12.ItemDefinition=/GrappleWeapon/Items/GrappleKnife/V2/WID_GrappleKnife_VR.WID_GrappleKnife_VR -> OK
[1063] RowUpdate WorldList.AthenaSupplyDropUtility.07.Weight=0.180000 -> OK
[1064] RowUpdate WorldList.AthenaSupplyDropUtility.07.ItemDefinition=/GrappleWeapon/Items/GrappleKnife/V2/WID_GrappleKnife_VR.WID_GrappleKnife_VR -> OK
[1065] RowUpdate WorldList.AthenaConsumables.Utility.07.ItemDefinition=/GrappleWeapon/Items/GrappleKnife/V2/WID_GrappleKnife_VR.WID_GrappleKnife_VR -> OK
[HOTFIX:SEASON2] Addrow(TableUpdate) なし -> スキップ
[HOTFIX:SEASON2] done: applied=35, deleted=0, skipped=0
[STEP1-3] merge e:\Fmodel\Exports\FortniteGame\Plugins\GameFeatures\BlastBerryLoot\Content\DataTables\AthenaLootPackages_Client_BlastBerryOverride_Habanero.json : replaced=244, added=0
[HOTFIX:SEASON3] target=/BlastBerryLoot/DataTables/AthenaLootPackages_Client_BlastBerryOverride_Habanero
[976] RowUpdate WorldPKG.AthenaLoot.Weapon.HighShotgun.04.LootPackageCall=WorldList.AthenaSupplyDropUtility -> OK
[977] RowUpdate WorldPKG.AthenaLoot.Weapon.HighHandgun.04.LootPackageCall=WorldList.AthenaSupplyDropUtility -> OK
[978] RowUpdate WorldPKG.AthenaLoot.Weapon.HighSMG.04.LootPackageCall=WorldList.AthenaSupplyDropUtility -> OK
[979] RowUpdate WorldPKG.AthenaLoot.Weapon.HighAssaultAuto.04.LootPackageCall=WorldList.AthenaSupplyDropUtility -> OK
[980] RowUpdate WorldPKG.AthenaLoot.Weapon.HighSniper.04.LootPackageCall=WorldList.AthenaSupplyDropUtility -> OK
[981] RowUpdate WorldPKG.AthenaLoot.Weapon.HighRocket.04.LootPackageCall=WorldList.AthenaSupplyDropUtility -> OK
[982] RowUpdate WorldPKG.ApolloLoot.Weapon.HighShotgun.04.LootPackageCall=WorldList.AthenaSupplyDropUtility -> OK
[983] RowUpdate WorldPKG.ApolloLoot.Weapon.SMG.04.LootPackageCall=WorldList.AthenaSupplyDropUtility -> OK
[984] RowUpdate WorldPKG.ApolloLoot.Weapon.AssaultAuto.04.LootPackageCall=WorldList.AthenaSupplyDropUtility -> OK
[985] RowUpdate WorldPKG.ApolloLoot.Weapon.Sniper.04.LootPackageCall=WorldList.AthenaSupplyDropUtility -> OK
[986] RowUpdate WorldPKG.ApolloLoot.Weapon.Rocket.04.LootPackageCall=WorldList.AthenaSupplyDropUtility -> OK
[987] RowUpdate WorldPKG.ApolloLoot.Weapon.HighHandgun.04.LootPackageCall=WorldList.AthenaSupplyDropUtility -> OK
[988] RowUpdate WorldPKG.AthenaSupplyDrop.Weapon.Assault.04.LootPackageCall=WorldList.AthenaSupplyDropUtility -> OK
[989] RowUpdate WorldPKG.AthenaSupplyDrop.Weapon.Shotgun.04.LootPackageCall=WorldList.AthenaSupplyDropUtility -> OK
[990] RowUpdate WorldPKG.AthenaSupplyDrop.Weapon.Sniper.04.LootPackageCall=WorldList.AthenaSupplyDropUtility -> OK
[991] RowUpdate WorldPKG.AthenaSupplyDrop.Weapon.Rocket.04.LootPackageCall=WorldList.AthenaSupplyDropUtility -> OK
[992] RowUpdate WorldPKG.AthenaSupplyDrop.Weapon.SMG.04.LootPackageCall=WorldList.AthenaSupplyDropUtility -> OK
[993] RowUpdate WorldPKG.AthenaSupplyDrop.Weapon.Handgun.04.LootPackageCall=WorldList.AthenaSupplyDropUtility -> OK
[HOTFIX:SEASON3] Addrow(TableUpdate) なし -> スキップ
[HOTFIX:SEASON3] done: applied=18, deleted=0, skipped=0
[STEP1-4] merge E:\Fmodel\Exports\FortniteGame\Plugins\GameFeatures\BlastBerryLoot\Content\DataTables\NoBuild\AthenaLootPackages_Client_BlastBerryOverride_NoBuild.json : replaced=36, added=0
[HOTFIX:SEASON4] target=/BlastBerryLoot/DataTables/NoBuild/AthenaLootPackages_Client_BlastBerryOverride_NoBuild
[HOTFIX:SEASON4] Addrow(TableUpdate) なし -> スキップ
[HOTFIX:SEASON4] done: applied=0, deleted=0, skipped=0
[WRITE] final -> E:\フォートナイト\Picture\Loot Pool\TEST4\New Loot\System Update\Reload_NoBuild_Ranked\input\AthenaLootPackages_Client__final.json
[WRITE] per-input -> E:\フォートナイト\Picture\Loot Pool\TEST4\New Loot\System Update\Reload_NoBuild_Ranked\input\BlastBerryLootPackages_Habanero__final.json
[WRITE] per-input -> E:\フォートナイト\Picture\Loot Pool\TEST4\New Loot\System Update\Reload_NoBuild_Ranked\input\AthenaLootPackages_Client_BlastBerryOverride_Habanero__final.json
[WRITE] per-input -> E:\フォートナイト\Picture\Loot Pool\TEST4\New Loot\System Update\Reload_NoBuild_Ranked\input\AthenaLootPackages_Client_BlastBerryOverride_NoBuild__final.json
2026-04-29 07:34:34 | INFO | hotfix start: E:\フォートナイト\Picture\Loot Pool\TEST4\New Loot\System Update\LootTier.py
2026-04-29 07:34:34 | INFO | hotfix lt stdout: [STEP1-1] base e:\Fmodel\Exports\FortniteGame\Content\Items\DataTables\AthenaLootTierData_Client.json
[HOTFIX:SEASON1] target=/Game/Items/Datatables/AthenaLootTierData_Client
[HOTFIX:SEASON1] done: applied=0, deleted=0, skipped=0
[STEP1-2] merge e:\Fmodel\Exports\FortniteGame\Plugins\GameFeatures\BlastBerryLoot\Content\DataTables\Habanero\BlastBerryTierData_Habanero.json : replaced=1, added=60
[HOTFIX:SEASON2] target=/BlastBerryLoot/DataTables/Habanero/BlastBerryTierData_Habanero
[HOTFIX:SEASON2] done: applied=0, deleted=0, skipped=0
[STEP1-3] merge e:\Fmodel\Exports\FortniteGame\Plugins\GameFeatures\BlastBerryLoot\Content\DataTables\AthenaLootTierData_Client_BlastBerryOverride.json : replaced=264, added=0
[HOTFIX:SEASON3] target=/BlastBerryLoot/DataTables/AthenaLootTierData_Client_BlastBerryOverride_Habanero
[HOTFIX:SEASON3] done: applied=0, deleted=0, skipped=0
[STEP1-4] merge E:\Fmodel\Exports\FortniteGame\Plugins\GameFeatures\BlastBerryLoot\Content\DataTables\NoBuild\AthenaLootTierData_Client_BlastBerryOverride_NoBuild.json : replaced=0, added=0
[HOTFIX:SEASON4] target=/BlastBerryLoot/DataTables/NoBuild/AthenaLootTierData_Client_BlastBerryOverride_NoBuild
[HOTFIX:SEASON4] done: applied=0, deleted=0, skipped=0
[WRITE] final -> E:\フォートナイト\Picture\Loot Pool\TEST4\New Loot\System Update\Reload_NoBuild_Ranked\input\AthenaLootTierData_Client__final.json
[WRITE] per-input -> E:\フォートナイト\Picture\Loot Pool\TEST4\New Loot\System Update\Reload_NoBuild_Ranked\input\BlastBerryTierData_Habanero__final.json
[WRITE] per-input -> E:\フォートナイト\Picture\Loot Pool\TEST4\New Loot\System Update\Reload_NoBuild_Ranked\input\AthenaLootTierData_Client_BlastBerryOverride__final.json
[WRITE] per-input -> E:\フォートナイト\Picture\Loot Pool\TEST4\New Loot\System Update\Reload_NoBuild_Ranked\input\AthenaLootTierData_Client_BlastBerryOverride_NoBuild__final.json
2026-04-29 07:34:34 | INFO | ✓ Hotfix 適用完了 (0.81s)
2026-04-29 07:34:34 | INFO | load lt: E:\フォートナイト\Picture\Loot Pool\TEST4\New Loot\System Update\Reload_NoBuild_Ranked\input\AthenaLootTierData_Client__final.json
2026-04-29 07:34:34 | INFO | load lp: E:\フォートナイト\Picture\Loot Pool\TEST4\New Loot\System Update\Reload_NoBuild_Ranked\input\AthenaLootPackages_Client__final.json
2026-04-29 07:34:34 | INFO | load done (0.20s)
2026-04-29 07:34:34 | INFO | build summary start
2026-04-29 07:34:34 | INFO | build summary done (0.03s)
2026-04-29 07:34:34 | INFO | enrich summary with names start
2026-04-29 07:34:34 | INFO | enrich summary done (0.00s)
2026-04-29 07:34:35 | INFO | ✅ まとめJSONを作成: E:\フォートナイト\Picture\Loot Pool\TEST4\New Loot\System Update\Reload_NoBuild_Ranked\output\summary\v39.30_2026-04-29_07-34.json
2026-04-29 07:34:35 | INFO | build Reload_NoBuild_Ranked_LootData start
2026-04-29 07:34:35 | INFO | build BR_LootData done (0.00s)
2026-04-29 07:34:35 | INFO | ✅ Reload_NoBuild_Ranked_LootData を作成: E:\フォートナイト\Picture\Loot Pool\TEST4\New Loot\System Update\戦利品データ\Reload_NoBuild_Ranked\Reload_NoBuild_Ranked_LootData_2026-04-29_07-34.json
2026-04-29 07:34:35 | INFO | ✅ Web LootPool を更新: E:\フォートナイト\Web\assets\data\Loot\Reload_NoBuild_Ranked_ZB_LootPool.json
2026-04-29 07:34:35 | INFO | LootSummary start: E:\フォートナイト\Picture\Loot Pool\TEST4\New Loot\System Update\Reload_NoBuild_Ranked\scripts\LootSummary.py
2026-04-29 07:34:35 | INFO | LootSummary stdout: 🔎 抽出用: 最新ファイル = E:\フォートナイト\Picture\Loot Pool\TEST4\New Loot\System Update\Reload_NoBuild_Ranked\output\summary\v39.30_2026-04-29_07-34.json
✅ 抽出件数: 168
💾 保存: E:\フォートナイト\Picture\Loot Pool\TEST4\New Loot\System Update\Reload_NoBuild_Ranked\input\items_unique_min.json
🔎 比較用: base   = E:\フォートナイト\Picture\Loot Pool\TEST4\New Loot\System Update\Reload_NoBuild_Ranked\output\summary\v39.30_2026-04-17_19-07.json
🔎 比較用: target = E:\フォートナイト\Picture\Loot Pool\TEST4\New Loot\System Update\Reload_NoBuild_Ranked\output\summary\v39.30_2026-04-29_07-34.json
✅ 差分作成 完了
  追加   : 2 / 削除 : 11 / 変更 : 0 / 変化なし : 166
💾 差分: E:\フォートナイト\Picture\Loot Pool\TEST4\New Loot\System Update\Reload_NoBuild_Ranked\output\history\BR_20260429_0734\items_unique_min_diff.json
2026-04-29 07:34:35 | WARNING | LootSummary stderr: E:\フォートナイト\Picture\Loot Pool\TEST4\New Loot\System Update\Reload_NoBuild_Ranked\scripts\LootSummary.py:2: SyntaxWarning: invalid escape sequence '\B'
  """
2026-04-29 07:34:35 | INFO | ✅ LootSummary 実行完了（抽出→比較） (0.26s)
2026-04-29 07:34:35 | INFO | prewarm start
2026-04-29 07:34:37 | INFO | ✅ アイコンキャッシュ プリウォーム完了 (1.70s)
2026-04-29 07:34:37 | INFO | 画像化タスク数: 168
2026-04-29 07:34:37 | INFO | 画像生成 進捗: 1/168
2026-04-29 07:34:37 | INFO | 画像生成 進捗: 50/168
2026-04-29 07:34:38 | INFO | 画像生成 進捗: 100/168
2026-04-29 07:34:38 | INFO | 画像生成 進捗: 150/168
2026-04-29 07:34:38 | INFO | 画像生成 進捗: 168/168
2026-04-29 07:34:38 | INFO | ✅ 画像生成 完了（MinListベース）
2026-04-29 07:34:38 | INFO | ✅ Loot diff を作成: E:\フォートナイト\Web\assets\data\Loot\diff\Reload_NoBuild_Ranked_2026-04-29_07-34-38.json (added=2 removed=11 change=21)
2026-04-29 07:34:38 | INFO | ✅ AddedItems 画像を保存: E:\フォートナイト\Picture\Loot Pool\TEST4\New Loot\System Update\shared\images\Reload_NoBuild_Ranked\AddedItems\2026-04-29_07-34-38 (copied=2 missing=0)
2026-04-29 07:34:38 | INFO | git add: E:\フォートナイト\Picture\Loot Pool\TEST4\New Loot
2026-04-29 07:34:40 | INFO | git commit stdout: [main f6780ba] Reload_NoBuild_Ranked update 2026-04-29 07:34:39
 15 files changed, 52261 insertions(+), 447 deletions(-)
 create mode 100644 System Update/Reload_NoBuild_Ranked/output/history/BR_20260429_0734/items_unique_min_diff.json
 create mode 100644 System Update/Reload_NoBuild_Ranked/output/logs/pipeline_2026-04-29_07-34-33.log
 create mode 100644 System Update/Reload_NoBuild_Ranked/output/summary/v39.30_2026-04-29_07-34.json
 create mode 100644 "System Update/shared/images/Reload_NoBuild_Ranked/AddedItems/2026-04-29_07-34-38/\343\203\206\343\202\243\343\202\2422 - \343\203\242\343\203\253\343\203\225\343\202\241\343\202\244\343\203\210\343\203\273\343\202\277\343\202\257\343\203\206\343\202\243\343\202\253\343\203\253\343\202\267\343\203\247\343\203\203\343\203\210\343\202\254\343\203\263.png"
 create mode 100644 "System Update/shared/images/Reload_NoBuild_Ranked/AddedItems/2026-04-29_07-34-38/\343\203\206\343\202\243\343\202\2424 - \343\202\260\343\203\251\343\203\203\343\203\227\343\203\253\343\203\226\343\203\254\343\202\244\343\203\211.png"
 create mode 100644 "System Update/shared/images/Reload_NoBuild_Ranked/\343\202\260\343\203\251\343\203\203\343\203\227\343\203\253\343\203\226\343\203\254\343\202\244\343\203\211 - \343\203\206\343\202\243\343\202\2424.png"
 create mode 100644 "System Update/shared/images/Reload_NoBuild_Ranked/\343\203\242\343\203\253\343\203\225\343\202\241\343\202\244\343\203\210\343\203\273\343\202\277\343\202\257\343\203\206\343\202\243\343\202\253\343\203\253\343\202\267\343\203\247\343\203\203\343\203\210\343\202\254\343\203\263 - \343\203\206\343\202\243\343\202\2422.png"
 create mode 100644 "System Update/\346\210\246\345\210\251\345\223\201\343\203\207\343\203\274\343\202\277/Reload_NoBuild_Ranked/Reload_NoBuild_Ranked_LootData_2026-04-29_07-34.json"
2026-04-29 07:34:44 | WARNING | git push stderr: To https://github.com/Greenfox0833/New-Loot.git
   25aedc2..f6780ba  main -> main
2026-04-29 07:34:44 | INFO | ✓ GitHub Push 完了
2026-04-29 07:34:44 | INFO | ===== Reload_NoBuild_Ranked: pipeline end =====
