2026-04-17 19:07:00 | INFO | log file (Reload_NoBuild_Ranked): E:\フォートナイト\Picture\Loot Pool\TEST4\New Loot\System Update\Reload_NoBuild_Ranked\output\logs\pipeline_2026-04-17_19-07-00.log
2026-04-17 19:07:00 | INFO | ===== Reload_NoBuild_Ranked: pipeline start =====
2026-04-17 19:07:00 | INFO | paths: lt=E:\フォートナイト\Picture\Loot Pool\TEST4\New Loot\System Update\Reload_NoBuild_Ranked\input\AthenaLootTierData_Client__final.json lp=E:\フォートナイト\Picture\Loot Pool\TEST4\New Loot\System Update\Reload_NoBuild_Ranked\input\AthenaLootPackages_Client__final.json minlist=E:\フォートナイト\Picture\Loot Pool\TEST4\New Loot\System Update\Reload_NoBuild_Ranked\input\items_unique_min.json
2026-04-17 19:07:00 | INFO | output: summary=E:\フォートナイト\Picture\Loot Pool\TEST4\New Loot\System Update\Reload_NoBuild_Ranked\output\summary lootdata=E:\フォートナイト\Picture\Loot Pool\TEST4\New Loot\System Update\戦利品データ\Reload_NoBuild_Ranked
2026-04-17 19:07:00 | INFO | flags: hotfix=True prewarm=True image=True workers=8
2026-04-17 19:07:00 | INFO | hotfix start: E:\フォートナイト\Picture\Loot Pool\TEST4\New Loot\System Update\LootPackage.py
2026-04-17 19:07:01 | INFO | hotfix lp stdout: [STEP1-1] base e:\Fmodel\Exports\FortniteGame\Content\Items\DataTables\AthenaLootPackages_Client.json
[HOTFIX:SEASON1] target=/Game/Items/Datatables/AthenaLootPackages_Client
[521] RowUpdate WorldPKG.AthenaLoot.Weapon.HighShotgun.05.Weight=0.050000 -> OK
[522] RowUpdate WorldPKG.AthenaLoot.Weapon.HighHandgun.05.Weight=0.050000 -> OK
[523] RowUpdate WorldPKG.AthenaLoot.Weapon.HighSMG.05.Weight=0.050000 -> OK
[524] RowUpdate WorldPKG.AthenaLoot.Weapon.HighAssaultAuto.05.Weight=0.050000 -> OK
[525] RowUpdate WorldPKG.AthenaLoot.Weapon.HighSniper.05.Weight=0.050000 -> OK
[526] RowUpdate WorldPKG.AthenaLoot.Weapon.HighRocket.05.Weight=0.050000 -> OK
[HOTFIX:SEASON1] Addrow(TableUpdate) なし -> スキップ
[HOTFIX:SEASON1] done: applied=6, deleted=0, skipped=0
[STEP1-2] merge e:\Fmodel\Exports\FortniteGame\Plugins\GameFeatures\BlastBerryLoot\Content\DataTables\Habanero\BlastBerryLootPackages_Habanero.json : replaced=543, added=1647
[HOTFIX:SEASON2] target=/BlastBerryLoot/DataTables/Habanero/BlastBerryLootPackages_Habanero
[957] RowUpdate WorldList.AthenaLoot.Weapon.Shotgun.04.Weight=1.000000 -> OK
[958] RowUpdate WorldList.AthenaLoot.Weapon.Shotgun.05.Weight=0.400000 -> OK
[959] RowUpdate WorldList.AthenaLoot.Weapon.Shotgun.06.Weight=0.080000 -> OK
[960] RowUpdate WorldList.AthenaLoot.Weapon.Shotgun.66.Weight=0.000000 -> OK
[961] RowUpdate WorldList.AthenaLoot.Weapon.Shotgun.67.Weight=0.000000 -> OK
[962] RowUpdate WorldList.AthenaLoot.Weapon.Shotgun.68.Weight=0.000000 -> OK
[963] RowUpdate WorldList.AthenaLoot.Weapon.HighShotgun.05.Weight=0.400000 -> OK
[964] RowUpdate WorldList.AthenaLoot.Weapon.HighShotgun.06.Weight=0.080000 -> OK
[965] RowUpdate WorldList.AthenaLoot.Weapon.HighShotgun.07.Weight=0.016000 -> OK
[966] RowUpdate WorldList.AthenaLoot.Weapon.HighShotgun.08.Weight=0.004000 -> OK
[967] RowUpdate WorldList.AthenaLoot.Weapon.HighShotgun.95.Weight=0.000000 -> OK
[968] RowUpdate WorldList.AthenaLoot.Weapon.HighShotgun.96.Weight=0.000000 -> OK
[969] RowUpdate WorldList.AthenaLoot.Weapon.HighShotgun.97.Weight=0.000000 -> OK
[970] RowUpdate WorldList.AthenaLoot.Weapon.HighShotgun.98.Weight=0.000000 -> OK
[971] RowUpdate WorldList.ApolloLoot.Weapon.HighShotgun.03.Weight=0.750000 -> OK
[972] RowUpdate WorldList.ApolloLoot.Weapon.HighShotgun.04.Weight=0.250000 -> OK
[973] RowUpdate WorldList.ApolloLoot.Weapon.HighShotgun.51.Weight=0.000000 -> OK
[974] RowUpdate WorldList.ApolloLoot.Weapon.HighShotgun.52.Weight=0.000000 -> OK
[975] RowUpdate WorldList.AthenaSupplyDrop.Weapon.Shotgun.06.Weight=0.250000 -> OK
[976] RowUpdate WorldList.AthenaSupplyDrop.Weapon.Shotgun.07.Weight=0.125000 -> OK
[977] RowUpdate WorldList.AthenaSupplyDrop.Weapon.Shotgun.08.Weight=0.025000 -> OK
[978] RowUpdate WorldList.AthenaSupplyDrop.Weapon.Shotgun.96.Weight=0.000000 -> OK
[979] RowUpdate WorldList.AthenaSupplyDrop.Weapon.Shotgun.97.Weight=0.000000 -> OK
[980] RowUpdate WorldList.AthenaSupplyDrop.Weapon.Shotgun.98.Weight=0.000000 -> OK
[981] RowUpdate WorldList.AthenaSupplyDrop.Weapon.Shotgun.104.Weight=0.000000 -> OK
[982] RowUpdate WorldList.AthenaSupplyDrop.Weapon.Shotgun.105.Weight=0.000000 -> OK
[983] RowUpdate WorldList.AthenaSupplyDrop.Weapon.Shotgun.106.Weight=0.000000 -> OK
[984] RowUpdate WorldList.AthenaHighConsumables.Utility.11.CountRange=(X=2,Y=2) -> OK
[985] RowUpdate WorldList.AthenaHighConsumablesRare.Utility.11.CountRange=(X=2,Y=2) -> OK
[986] RowUpdate WorldList.AthenaSupplyDropUtility.11.CountRange=(X=2,Y=2) -> OK
[987] RowUpdate WorldList.AthenaConsumables.Utility.11.CountRange=(X=2,Y=2) -> OK
[1048] RowUpdate WorldList.AthenaWadStash.Medium.01.CountRange=(X=100,Y=100) -> OK
[1049] RowUpdate WorldList.AthenaWadStash.Large.01.CountRange=(X=200,Y=200) -> OK
[1050] RowUpdate WorldList.AthenaWadSafe.01.CountRange=(X=300,Y=300) -> OK
[1051] RowUpdate WorldList.AthenaWadGoldBarStack.Small.01.CountRange=(X=50,Y=50) -> OK
[1052] RowUpdate WorldList.AthenaWadGoldBarStack.Medium.01.CountRange=(X=100,Y=100) -> OK
[1053] RowUpdate WorldList.AthenaWadGoldBarStack.Large.01.CountRange=(X=200,Y=200) -> OK
[1054] RowUpdate WorldList.AthenaWadChests.01.CountRange=(X=50,Y=50) -> OK
[1055] RowUpdate WorldList.AthenaWadChests.02.CountRange=(X=75,Y=75) -> OK
[1056] RowUpdate WorldList.AthenaWadChests.03.Weight=0.050000 -> OK
[1057] RowUpdate WorldList.AthenaWadChests.03.CountRange=(X=100,Y=100) -> OK
[1058] RowUpdate WorldList.ApolloWadChests.01.CountRange=(X=100,Y=100) -> OK
[1059] RowUpdate WorldList.ApolloWadChests.02.CountRange=(X=150,Y=150) -> OK
[1060] RowUpdate WorldList.ApolloWadChests.03.CountRange=(X=250,Y=250) -> OK
[HOTFIX:SEASON2] Addrow(TableUpdate) なし -> スキップ
[HOTFIX:SEASON2] done: applied=44, deleted=0, skipped=0
[STEP1-3] merge e:\Fmodel\Exports\FortniteGame\Plugins\GameFeatures\BlastBerryLoot\Content\DataTables\AthenaLootPackages_Client_BlastBerryOverride_Habanero.json : replaced=244, added=0
[HOTFIX:SEASON3] target=/BlastBerryLoot/DataTables/AthenaLootPackages_Client_BlastBerryOverride_Habanero
[1011] RowUpdate WorldPKG.AthenaLoot.Weapon.HighShotgun.04.LootPackageCall=WorldList.AthenaSupplyDropUtility -> OK
[1012] RowUpdate WorldPKG.AthenaLoot.Weapon.HighHandgun.04.LootPackageCall=WorldList.AthenaSupplyDropUtility -> OK
[1013] RowUpdate WorldPKG.AthenaLoot.Weapon.HighSMG.04.LootPackageCall=WorldList.AthenaSupplyDropUtility -> OK
[1014] RowUpdate WorldPKG.AthenaLoot.Weapon.HighAssaultAuto.04.LootPackageCall=WorldList.AthenaSupplyDropUtility -> OK
[1015] RowUpdate WorldPKG.AthenaLoot.Weapon.HighSniper.04.LootPackageCall=WorldList.AthenaSupplyDropUtility -> OK
[1016] RowUpdate WorldPKG.AthenaLoot.Weapon.HighRocket.04.LootPackageCall=WorldList.AthenaSupplyDropUtility -> OK
[1017] RowUpdate WorldPKG.ApolloLoot.Weapon.HighShotgun.04.LootPackageCall=WorldList.AthenaSupplyDropUtility -> OK
[1018] RowUpdate WorldPKG.ApolloLoot.Weapon.SMG.04.LootPackageCall=WorldList.AthenaSupplyDropUtility -> OK
[1019] RowUpdate WorldPKG.ApolloLoot.Weapon.AssaultAuto.04.LootPackageCall=WorldList.AthenaSupplyDropUtility -> OK
[1020] RowUpdate WorldPKG.ApolloLoot.Weapon.Sniper.04.LootPackageCall=WorldList.AthenaSupplyDropUtility -> OK
[1021] RowUpdate WorldPKG.ApolloLoot.Weapon.Rocket.04.LootPackageCall=WorldList.AthenaSupplyDropUtility -> OK
[1022] RowUpdate WorldPKG.ApolloLoot.Weapon.HighHandgun.04.LootPackageCall=WorldList.AthenaSupplyDropUtility -> OK
[1023] RowUpdate WorldPKG.AthenaSupplyDrop.Weapon.Assault.04.LootPackageCall=WorldList.AthenaSupplyDropUtility -> OK
[1024] RowUpdate WorldPKG.AthenaSupplyDrop.Weapon.Shotgun.04.LootPackageCall=WorldList.AthenaSupplyDropUtility -> OK
[1025] RowUpdate WorldPKG.AthenaSupplyDrop.Weapon.Sniper.04.LootPackageCall=WorldList.AthenaSupplyDropUtility -> OK
[1026] RowUpdate WorldPKG.AthenaSupplyDrop.Weapon.Rocket.04.LootPackageCall=WorldList.AthenaSupplyDropUtility -> OK
[1027] RowUpdate WorldPKG.AthenaSupplyDrop.Weapon.SMG.04.LootPackageCall=WorldList.AthenaSupplyDropUtility -> OK
[1028] RowUpdate WorldPKG.AthenaSupplyDrop.Weapon.Handgun.04.LootPackageCall=WorldList.AthenaSupplyDropUtility -> OK
[HOTFIX:SEASON3] Addrow(TableUpdate) なし -> スキップ
[HOTFIX:SEASON3] done: applied=18, deleted=0, skipped=0
[STEP1-4] merge E:\Fmodel\Exports\FortniteGame\Plugins\GameFeatures\BlastBerryLoot\Content\DataTables\NoBuild\AthenaLootPackages_Client_BlastBerryOverride_NoBuild.json : replaced=36, added=0
[HOTFIX:SEASON4] target=/BlastBerryLoot/DataTables/NoBuild/AthenaLootPackages_Client_BlastBerryOverride_NoBuild
[HOTFIX:SEASON4] Addrow(TableUpdate) なし -> スキップ
[HOTFIX:SEASON4] done: applied=0, deleted=0, skipped=0
[WRITE] final -> E:\フォートナイト\Picture\Loot Pool\TEST4\New Loot\System Update\Reload_NoBuild_Ranked\input\AthenaLootPackages_Client__final.json
[WRITE] per-input -> E:\フォートナイト\Picture\Loot Pool\TEST4\New Loot\System Update\Reload_NoBuild_Ranked\input\BlastBerryLootPackages_Habanero__final.json
[WRITE] per-input -> E:\フォートナイト\Picture\Loot Pool\TEST4\New Loot\System Update\Reload_NoBuild_Ranked\input\AthenaLootPackages_Client_BlastBerryOverride_Habanero__final.json
[WRITE] per-input -> E:\フォートナイト\Picture\Loot Pool\TEST4\New Loot\System Update\Reload_NoBuild_Ranked\input\AthenaLootPackages_Client_BlastBerryOverride_NoBuild__final.json
2026-04-17 19:07:01 | INFO | hotfix start: E:\フォートナイト\Picture\Loot Pool\TEST4\New Loot\System Update\LootTier.py
2026-04-17 19:07:01 | INFO | hotfix lt stdout: [STEP1-1] base e:\Fmodel\Exports\FortniteGame\Content\Items\DataTables\AthenaLootTierData_Client.json
[HOTFIX:SEASON1] target=/Game/Items/Datatables/AthenaLootTierData_Client
[HOTFIX:SEASON1] done: applied=0, deleted=0, skipped=0
[STEP1-2] merge e:\Fmodel\Exports\FortniteGame\Plugins\GameFeatures\BlastBerryLoot\Content\DataTables\Habanero\BlastBerryTierData_Habanero.json : replaced=1, added=60
[HOTFIX:SEASON2] target=/BlastBerryLoot/DataTables/Habanero/BlastBerryTierData_Habanero
[HOTFIX:SEASON2] done: applied=0, deleted=0, skipped=0
[STEP1-3] merge e:\Fmodel\Exports\FortniteGame\Plugins\GameFeatures\BlastBerryLoot\Content\DataTables\AthenaLootTierData_Client_BlastBerryOverride.json : replaced=264, added=0
[HOTFIX:SEASON3] target=/BlastBerryLoot/DataTables/AthenaLootTierData_Client_BlastBerryOverride_Habanero
[HOTFIX:SEASON3] done: applied=0, deleted=0, skipped=0
[STEP1-4] merge E:\Fmodel\Exports\FortniteGame\Plugins\GameFeatures\BlastBerryLoot\Content\DataTables\NoBuild\AthenaLootTierData_Client_BlastBerryOverride_NoBuild.json : replaced=0, added=0
[HOTFIX:SEASON4] target=/BlastBerryLoot/DataTables/NoBuild/AthenaLootTierData_Client_BlastBerryOverride_NoBuild
[HOTFIX:SEASON4] done: applied=0, deleted=0, skipped=0
[WRITE] final -> E:\フォートナイト\Picture\Loot Pool\TEST4\New Loot\System Update\Reload_NoBuild_Ranked\input\AthenaLootTierData_Client__final.json
[WRITE] per-input -> E:\フォートナイト\Picture\Loot Pool\TEST4\New Loot\System Update\Reload_NoBuild_Ranked\input\BlastBerryTierData_Habanero__final.json
[WRITE] per-input -> E:\フォートナイト\Picture\Loot Pool\TEST4\New Loot\System Update\Reload_NoBuild_Ranked\input\AthenaLootTierData_Client_BlastBerryOverride__final.json
[WRITE] per-input -> E:\フォートナイト\Picture\Loot Pool\TEST4\New Loot\System Update\Reload_NoBuild_Ranked\input\AthenaLootTierData_Client_BlastBerryOverride_NoBuild__final.json
2026-04-17 19:07:01 | INFO | ✓ Hotfix 適用完了 (0.94s)
2026-04-17 19:07:01 | INFO | load lt: E:\フォートナイト\Picture\Loot Pool\TEST4\New Loot\System Update\Reload_NoBuild_Ranked\input\AthenaLootTierData_Client__final.json
2026-04-17 19:07:01 | INFO | load lp: E:\フォートナイト\Picture\Loot Pool\TEST4\New Loot\System Update\Reload_NoBuild_Ranked\input\AthenaLootPackages_Client__final.json
2026-04-17 19:07:01 | INFO | load done (0.02s)
2026-04-17 19:07:01 | INFO | build summary start
2026-04-17 19:07:01 | INFO | build summary done (0.03s)
2026-04-17 19:07:01 | INFO | enrich summary with names start
2026-04-17 19:07:01 | INFO | enrich summary done (0.00s)
2026-04-17 19:07:01 | INFO | ✅ まとめJSONを作成: E:\フォートナイト\Picture\Loot Pool\TEST4\New Loot\System Update\Reload_NoBuild_Ranked\output\summary\v39.30_2026-04-17_19-07.json
2026-04-17 19:07:01 | INFO | build Reload_NoBuild_Ranked_LootData start
2026-04-17 19:07:01 | INFO | build BR_LootData done (0.00s)
2026-04-17 19:07:01 | INFO | ✅ Reload_NoBuild_Ranked_LootData を作成: E:\フォートナイト\Picture\Loot Pool\TEST4\New Loot\System Update\戦利品データ\Reload_NoBuild_Ranked\Reload_NoBuild_Ranked_LootData_2026-04-17_19-07.json
2026-04-17 19:07:01 | INFO | ✅ Web LootPool を更新: E:\フォートナイト\Web\assets\data\Loot\Reload_NoBuild_Ranked_ZB_LootPool.json
2026-04-17 19:07:01 | INFO | LootSummary start: E:\フォートナイト\Picture\Loot Pool\TEST4\New Loot\System Update\Reload_NoBuild_Ranked\scripts\LootSummary.py
2026-04-17 19:07:01 | INFO | LootSummary stdout: 🔎 抽出用: 最新ファイル = E:\フォートナイト\Picture\Loot Pool\TEST4\New Loot\System Update\Reload_NoBuild_Ranked\output\summary\v39.30_2026-04-17_19-07.json
✅ 抽出件数: 177
💾 保存: E:\フォートナイト\Picture\Loot Pool\TEST4\New Loot\System Update\Reload_NoBuild_Ranked\input\items_unique_min.json
🔎 比較用: base   = E:\フォートナイト\Picture\Loot Pool\TEST4\New Loot\System Update\Reload_NoBuild_Ranked\output\summary\v39.30_2026-04-01_23-02.json
🔎 比較用: target = E:\フォートナイト\Picture\Loot Pool\TEST4\New Loot\System Update\Reload_NoBuild_Ranked\output\summary\v39.30_2026-04-17_19-07.json
✅ 差分作成 完了
  追加   : 43 / 削除 : 40 / 変更 : 0 / 変化なし : 134
💾 差分: E:\フォートナイト\Picture\Loot Pool\TEST4\New Loot\System Update\Reload_NoBuild_Ranked\output\history\BR_20260417_1907\items_unique_min_diff.json
2026-04-17 19:07:01 | WARNING | LootSummary stderr: E:\フォートナイト\Picture\Loot Pool\TEST4\New Loot\System Update\Reload_NoBuild_Ranked\scripts\LootSummary.py:2: SyntaxWarning: invalid escape sequence '\B'
  """
2026-04-17 19:07:01 | INFO | ✅ LootSummary 実行完了（抽出→比較） (0.42s)
2026-04-17 19:07:01 | INFO | prewarm start
