2026-08-26 00:28:52 | INFO | log file: E:\フォートナイト\Picture\Loot Pool\TEST4\New Loot\System Update\Reload_Ranked\output\logs\pipeline_2026-08-26_00-28-52.log
2026-08-26 00:28:52 | INFO | ===== Reload_Ranked: pipeline start =====
2026-08-26 00:28:52 | INFO | paths: lt=E:\フォートナイト\Picture\Loot Pool\TEST4\New Loot\System Update\Reload_Ranked\input\AthenaLootTierData_Client__final.json lp=E:\フォートナイト\Picture\Loot Pool\TEST4\New Loot\System Update\Reload_Ranked\input\AthenaLootPackages_Client__final.json minlist=E:\フォートナイト\Picture\Loot Pool\TEST4\New Loot\System Update\Reload_Ranked\input\items_unique_min.json
2026-08-26 00:28:52 | INFO | output: summary=E:\フォートナイト\Picture\Loot Pool\TEST4\New Loot\System Update\Reload_Ranked\output\summary lootdata=E:\フォートナイト\Picture\Loot Pool\TEST4\New Loot\System Update\戦利品データ\Reload_Ranked
2026-08-26 00:28:52 | INFO | flags: hotfix=True prewarm=True image=True workers=8
2026-08-26 00:28:52 | INFO | hotfix start: E:\フォートナイト\Picture\Loot Pool\TEST4\New Loot\System Update\LootPackage.py
2026-08-26 00:28:54 | INFO | hotfix lp stdout: [STEP1-1] base https://export-service.dillyapis.com/v1/export/?Path=FortniteGame/Content/Items/DataTables/AthenaLootPackages_Client.uasset
[HOTFIX:SEASON1] target=/Game/Items/Datatables/AthenaLootPackages_Client
[986] RowUpdate PKG_Chest_Weapon_Shotgun_16.Weight=0.025000 -> OK
[987] RowUpdate PKG_Chest_Weapon_Handgun_16.Weight=0.025000 -> OK
[988] RowUpdate PKG_Chest_Weapon_SMG_16.Weight=0.025000 -> OK
[989] RowUpdate PKG_Chest_Weapon_Assault_16.Weight=0.025000 -> OK
[990] RowUpdate PKG_Chest_Weapon_Sniper_16.Weight=0.025000 -> OK
[991] RowUpdate PKG_RareChest_Weapon_Shotgun_14.Weight=0.060000 -> OK
[992] RowUpdate PKG_RareChest_Weapon_Handgun_14.Weight=0.060000 -> OK
[993] RowUpdate PKG_RareChest_Weapon_SMG_14.Weight=0.060000 -> OK
[994] RowUpdate PKG_RareChest_Weapon_Assault_14.Weight=0.060000 -> OK
[995] RowUpdate PKG_RareChest_Weapon_Sniper_14.Weight=0.060000 -> OK
[998] RowUpdate PKG_RareAmmoBox_09.Weight=0.000000 -> OK
[1008] RowUpdate PKG_Chest_Weapon_Assault_08.Weight=0.370000 -> OK
[1009] RowUpdate PKG_Chest_Weapon_Sniper_08.Weight=0.370000 -> OK
[1010] RowUpdate PKG_RareChest_Weapon_Handgun_06.Weight=0.450000 -> OK
[1011] RowUpdate PKG_RareChest_Weapon_SMG_06.Weight=0.450000 -> OK
[1012] RowUpdate PKG_RareChest_Weapon_Assault_06.Weight=0.450000 -> OK
[1013] RowUpdate PKG_RareChest_Weapon_Sniper_06.Weight=0.450000 -> OK
[1809] RowUpdate LIST_Gold_Small_01.CountRange=(X=150,Y=150) -> OK
[1810] RowUpdate LIST_Gold_Small_02.CountRange=(X=185,Y=185) -> OK
[1811] RowUpdate LIST_Gold_Small_03.CountRange=(X=260,Y=260) -> OK
[1812] RowUpdate LIST_Gold_Small_04.CountRange=(X=400,Y=400) -> OK
[1813] RowUpdate LIST_Gold_Small_05.CountRange=(X=550,Y=550) -> OK
[1814] RowUpdate LIST_Gold_Medium_01.CountRange=(X=375,Y=375) -> OK
[1815] RowUpdate LIST_Gold_Large_01.CountRange=(X=450,Y=450) -> OK
[1816] RowUpdate LIST_Gold_ExtraLarge_01.CountRange=(X=750,Y=750) -> OK
[1817] RowUpdate LIST_Gold_ExtraLarge_02.CountRange=(X=900,Y=900) -> OK
[1818] RowUpdate LIST_Gold_ExtraLarge_03.CountRange=(X=1125,Y=1125) -> OK
[1819] RowUpdate LIST_Gold_ExtraLarge_04.CountRange=(X=1300,Y=1300) -> OK
[1820] RowUpdate LIST_Gold_ExtraLarge_05.CountRange=(X=2250,Y=2250) -> OK
[1821] RowUpdate LIST_Gold_Register_01.CountRange=(X=150,Y=150) -> OK
[1822] RowUpdate LIST_Gold_Register_02.CountRange=(X=185,Y=185) -> OK
[1823] RowUpdate LIST_Gold_Register_03.CountRange=(X=260,Y=260) -> OK
[1824] RowUpdate LIST_Gold_Register_04.CountRange=(X=375,Y=375) -> OK
[1825] RowUpdate LIST_Gold_Register_05.CountRange=(X=560,Y=560) -> OK
[1826] RowUpdate LIST_Gold_Safe_01.CountRange=(X=150,Y=150) -> OK
[1827] RowUpdate LIST_Gold_Safe_02.CountRange=(X=185,Y=185) -> OK
[1828] RowUpdate LIST_Gold_Safe_03.CountRange=(X=260,Y=260) -> OK
[1829] RowUpdate LIST_Gold_Safe_04.CountRange=(X=375,Y=375) -> OK
[1830] RowUpdate LIST_Gold_Safe_05.CountRange=(X=560,Y=560) -> OK
[1831] RowUpdate LIST_Chest_Gold_01.CountRange=(X=55,Y=55) -> OK
[1832] RowUpdate LIST_Chest_Gold_02.CountRange=(X=70,Y=70) -> OK
[1833] RowUpdate LIST_Chest_Gold_03.CountRange=(X=85,Y=85) -> OK
[1834] RowUpdate LIST_Chest_Gold_04.CountRange=(X=110,Y=110) -> OK
[1835] RowUpdate LIST_Chest_Gold_05.CountRange=(X=225,Y=225) -> OK
[1836] RowUpdate LIST_RareChest_Gold_01.CountRange=(X=95,Y=95) -> OK
[1837] RowUpdate LIST_RareChest_Gold_02.CountRange=(X=115,Y=115) -> OK
[1838] RowUpdate LIST_RareChest_Gold_03.CountRange=(X=150,Y=150) -> OK
[1839] RowUpdate LIST_RareChest_Gold_04.CountRange=(X=240,Y=240) -> OK
[1840] RowUpdate LIST_RareChest_Gold_05.CountRange=(X=375,Y=375) -> OK
[1841] RowUpdate LIST_Fishing_Gold_01.CountRange=(X=375,Y=3753) -> OK
[1842] RowUpdate LIST_FishingHole_Gold_01.CountRange=(X=750,Y=750) -> OK
[HOTFIX:SEASON1] Addrow(TableUpdate) なし -> スキップ
[HOTFIX:SEASON1] done: applied=51, deleted=0, skipped=0
[STEP1-2] merge https://export-service.dillyapis.com/v1/export/?Path=FortniteGame/Plugins/GameFeatures/BlastBerryLoot/Content/DataTables/Habanero/BlastBerryLootPackages_Habanero.uasset : replaced=0, added=2315
[HOTFIX:SEASON2] target=/BlastBerryLoot/DataTables/Habanero/BlastBerryLootPackages_Habanero
[2102] RowUpdate WorldList.AthenaLoot.Weapon.Handgun.39.Weight=0.00000 -> OK
[2103] RowUpdate WorldList.AthenaLoot.Weapon.HighHandgun.59.Weight=0.00000 -> OK
[2104] RowUpdate WorldList.AthenaLoot.Weapon.SMG.15.Weight=0.000000 -> OK
[2105] RowUpdate WorldList.AthenaLoot.Weapon.SMG.16.Weight=0.400000 -> OK
[2106] RowUpdate WorldList.AthenaLoot.Weapon.SMG.17.Weight=0.080000 -> OK
[2107] RowUpdate WorldList.AthenaLoot.Weapon.HighSMG.21.Weight=0.00000 -> OK
[2108] RowUpdate WorldList.AthenaLoot.Weapon.HighSMG.22.Weight=0.00000 -> OK
[2109] RowUpdate WorldList.AthenaLoot.Weapon.HighSMG.23.Weight=0.0000 -> OK
[2110] RowUpdate WorldList.AthenaLoot.Weapon.HighSMG.24.Weight=0.00000 -> OK
[2111] RowUpdate WorldList.ApolloLoot.Weapon.SMG.11.Weight=0.0000 -> OK
[2112] RowUpdate WorldList.ApolloLoot.Weapon.SMG.12.Weight=0.0000 -> OK
[2113] RowUpdate WorldList.AthenaSupplyDrop.Weapon.Handgun.58.Weight=0.000 -> OK
[2114] RowUpdate WorldList.AthenaSupplyDrop.Weapon.SMG.22.Weight=0.000 -> OK
[2115] RowUpdate WorldList.AthenaSupplyDrop.Weapon.SMG.23.Weight=0.000 -> OK
[2116] RowUpdate WorldList.AthenaSupplyDrop.Weapon.SMG.24.Weight=0.0000 -> OK
[2117] RowUpdate WorldList.AthenaHighConsumables.Healing.34.Weight=0.0000 -> OK
[2118] RowUpdate WorldList.AthenaHighConsumablesRare.Healing.13.Weight=0.0000 -> OK
[2119] RowUpdate WorldList.AthenaSupplyDropConsumables.34.Weight=0.0000 -> OK
[2120] RowUpdate WorldList.AthenaSupplyDropHeals.13.Weight=0.0000 -> OK
[2121] RowUpdate WorldList.AthenaConsumables.Healing.14.Weight=0.0000 -> OK
[2142] RowUpdate WorldList.AthenaLoot.Weapon.Handgun.37.Weight=0.000000 -> OK
[HOTFIX:SEASON2] Addrow(TableUpdate) なし -> スキップ
[HOTFIX:SEASON2] done: applied=21, deleted=0, skipped=0
[STEP1-3] merge https://export-service.dillyapis.com/v1/export/?Path=FortniteGame/Plugins/GameFeatures/BlastBerryLoot/Content/DataTables/AthenaLootPackages_Client_BlastBerryOverride_Habanero.uasset : replaced=8, added=239
[HOTFIX:SEASON3] target=/BlastBerryLoot/DataTables/AthenaLootPackages_Client_BlastBerryOverride_Habanero
[2078] RowUpdate WorldPKG.AthenaLoot.Weapon.HighShotgun.04.LootPackageCall=WorldList.AthenaSupplyDropUtility -> OK
[2079] RowUpdate WorldPKG.AthenaLoot.Weapon.HighHandgun.04.LootPackageCall=WorldList.AthenaSupplyDropUtility -> OK
[2080] RowUpdate WorldPKG.AthenaLoot.Weapon.HighSMG.04.LootPackageCall=WorldList.AthenaSupplyDropUtility -> OK
[2081] RowUpdate WorldPKG.AthenaLoot.Weapon.HighAssaultAuto.04.LootPackageCall=WorldList.AthenaSupplyDropUtility -> OK
[2082] RowUpdate WorldPKG.AthenaLoot.Weapon.HighSniper.04.LootPackageCall=WorldList.AthenaSupplyDropUtility -> OK
[2083] RowUpdate WorldPKG.AthenaLoot.Weapon.HighRocket.04.LootPackageCall=WorldList.AthenaSupplyDropUtility -> OK
[2084] RowUpdate WorldPKG.ApolloLoot.Weapon.HighShotgun.04.LootPackageCall=WorldList.AthenaSupplyDropUtility -> OK
[2085] RowUpdate WorldPKG.ApolloLoot.Weapon.SMG.04.LootPackageCall=WorldList.AthenaSupplyDropUtility -> OK
[2086] RowUpdate WorldPKG.ApolloLoot.Weapon.AssaultAuto.04.LootPackageCall=WorldList.AthenaSupplyDropUtility -> OK
[2087] RowUpdate WorldPKG.ApolloLoot.Weapon.Sniper.04.LootPackageCall=WorldList.AthenaSupplyDropUtility -> OK
[2088] RowUpdate WorldPKG.ApolloLoot.Weapon.Rocket.04.LootPackageCall=WorldList.AthenaSupplyDropUtility -> OK
[2089] RowUpdate WorldPKG.ApolloLoot.Weapon.HighHandgun.04.LootPackageCall=WorldList.AthenaSupplyDropUtility -> OK
[2090] RowUpdate WorldPKG.AthenaSupplyDrop.Weapon.Assault.04.LootPackageCall=WorldList.AthenaSupplyDropUtility -> OK
[2091] RowUpdate WorldPKG.AthenaSupplyDrop.Weapon.Shotgun.04.LootPackageCall=WorldList.AthenaSupplyDropUtility -> OK
[2092] RowUpdate WorldPKG.AthenaSupplyDrop.Weapon.Sniper.04.LootPackageCall=WorldList.AthenaSupplyDropUtility -> OK
[2093] RowUpdate WorldPKG.AthenaSupplyDrop.Weapon.Rocket.04.LootPackageCall=WorldList.AthenaSupplyDropUtility -> OK
[2094] RowUpdate WorldPKG.AthenaSupplyDrop.Weapon.SMG.04.LootPackageCall=WorldList.AthenaSupplyDropUtility -> OK
[2095] RowUpdate WorldPKG.AthenaSupplyDrop.Weapon.Handgun.04.LootPackageCall=WorldList.AthenaSupplyDropUtility -> OK
[HOTFIX:SEASON3] Addrow(TableUpdate) なし -> スキップ
[HOTFIX:SEASON3] done: applied=18, deleted=0, skipped=0
[WRITE] final -> E:\フォートナイト\Picture\Loot Pool\TEST4\New Loot\System Update\Reload_Ranked\input\AthenaLootPackages_Client__final.json
[WRITE] per-input -> E:\フォートナイト\Picture\Loot Pool\TEST4\New Loot\System Update\Reload_Ranked\input\BlastBerryLootPackages_Habanero__final.json
[WRITE] per-input -> E:\フォートナイト\Picture\Loot Pool\TEST4\New Loot\System Update\Reload_Ranked\input\AthenaLootPackages_Client_BlastBerryOverride_Habanero__final.json
2026-08-26 00:28:54 | INFO | hotfix start: E:\フォートナイト\Picture\Loot Pool\TEST4\New Loot\System Update\LootTier.py
2026-08-26 00:28:56 | INFO | hotfix lt stdout: [STEP1-1] base https://export-service.dillyapis.com/v1/export/?Path=FortniteGame/Content/Items/DataTables/AthenaLootTierData_Client.uasset
[HOTFIX:SEASON1] target=/Game/Items/Datatables/AthenaLootTierData_Client
[1226] RowUpdate Loot_AthenaFloorLoot_02.Weight=0.600000 -> OK
[1227] RowUpdate Loot_AthenaTreasure_02.Weight=0.120000 -> OK
[1228] RowUpdate Loot_ApolloTreasure_Rare_02.Weight=0.100000 -> OK
[1751] RowUpdate LTG_Vend_Item_Mend_1_01.NumLootPackageDropsRange=(X=4.000000,Y=4.000000) -> OK
[1752] RowUpdate LTG_Vend_Item_Mend_1_01.LootPackageCategoryMinArray=(4,0,0,0,0,0,0,0,0,0,0) -> OK
[1753] RowUpdate LTG_Vend_Item_Mend_2_01.NumLootPackageDropsRange=(X=8.000000,Y=8.000000) -> OK
[1754] RowUpdate LTG_Vend_Item_Mend_2_01.LootPackageCategoryMinArray=(8,0,0,0,0,0,0,0,0,0,0) -> OK
[1755] RowUpdate LTG_Vend_Item_Mend_3_01.NumLootPackageDropsRange=(X=2.000000,Y=2.000000) -> OK
[1756] RowUpdate LTG_Vend_Item_Mend_3_01.LootPackageCategoryMinArray=(2,0,0,0,0,0,0,0,0,0,0) -> OK
[1757] RowUpdate LTG_Vend_Item_Mend_4_01.NumLootPackageDropsRange=(X=4.000000,Y=4.000000) -> OK
[1758] RowUpdate LTG_Vend_Item_Mend_4_01.LootPackageCategoryMinArray=(4,0,0,0,0,0,0,0,0,0,0) -> OK
[1759] RowUpdate LTG_Vend_Weapon_Shotgun_1_01.NumLootPackageDropsRange=(X=4.000000,Y=4.000000) -> OK
[1760] RowUpdate LTG_Vend_Weapon_Shotgun_1_01.LootPackageCategoryMinArray=(4,1,0,0,0,0,0,0,0,0,0) -> OK
[1761] RowUpdate LTG_Vend_Weapon_Shotgun_2_01.NumLootPackageDropsRange=(X=4.000000,Y=4.000000) -> OK
[1762] RowUpdate LTG_Vend_Weapon_Shotgun_2_01.LootPackageCategoryMinArray=(4,1,0,0,0,0,0,0,0,0,0) -> OK
[1763] RowUpdate LTG_Vend_Weapon_Shotgun_3_01.NumLootPackageDropsRange=(X=4.000000,Y=4.000000) -> OK
[1764] RowUpdate LTG_Vend_Weapon_Shotgun_3_01.LootPackageCategoryMinArray=(4,1,0,0,0,0,0,0,0,0,0) -> OK
[1765] RowUpdate LTG_Vend_Weapon_Shotgun_3_02.NumLootPackageDropsRange=(X=1.000000,Y=1.000000) -> OK
[1766] RowUpdate LTG_Vend_Weapon_Shotgun_3_02.LootPackageCategoryMinArray=(1,1,0,0,0,0,0,0,0,0,0) -> OK
[1767] RowUpdate LTG_Vend_Weapon_Shotgun_4_01.NumLootPackageDropsRange=(X=4.000000,Y=4.000000) -> OK
[1768] RowUpdate LTG_Vend_Weapon_Shotgun_4_01.LootPackageCategoryMinArray=(4,1,0,0,0,0,0,0,0,0,0) -> OK
[1769] RowUpdate LTG_Vend_Weapon_Shotgun_4_02.NumLootPackageDropsRange=(X=1.000000,Y=1.000000) -> OK
[1770] RowUpdate LTG_Vend_Weapon_Shotgun_4_02.LootPackageCategoryMinArray=(1,1,0,0,0,0,0,0,0,0,0) -> OK
[1771] RowUpdate LTG_Vend_Weapon_Handgun_1_01.NumLootPackageDropsRange=(X=4.000000,Y=4.000000) -> OK
[1772] RowUpdate LTG_Vend_Weapon_Handgun_1_01.LootPackageCategoryMinArray=(4,1,0,0,0,0,0,0,0,0,0) -> OK
[1773] RowUpdate LTG_Vend_Weapon_Handgun_2_01.NumLootPackageDropsRange=(X=4.000000,Y=4.000000) -> OK
[1774] RowUpdate LTG_Vend_Weapon_Handgun_2_01.LootPackageCategoryMinArray=(4,1,0,0,0,0,0,0,0,0,0) -> OK
[1775] RowUpdate LTG_Vend_Weapon_Handgun_3_01.NumLootPackageDropsRange=(X=4.000000,Y=4.000000) -> OK
[1776] RowUpdate LTG_Vend_Weapon_Handgun_3_01.LootPackageCategoryMinArray=(4,1,0,0,0,0,0,0,0,0,0) -> OK
[1777] RowUpdate LTG_Vend_Weapon_Handgun_3_02.NumLootPackageDropsRange=(X=1.000000,Y=1.000000) -> OK
[1778] RowUpdate LTG_Vend_Weapon_Handgun_3_02.LootPackageCategoryMinArray=(1,1,0,0,0,0,0,0,0,0,0) -> OK
[1779] RowUpdate LTG_Vend_Weapon_Handgun_4_01.NumLootPackageDropsRange=(X=4.000000,Y=4.000000) -> OK
[1780] RowUpdate LTG_Vend_Weapon_Handgun_4_01.LootPackageCategoryMinArray=(4,1,0,0,0,0,0,0,0,0,0) -> OK
[1781] RowUpdate LTG_Vend_Weapon_Handgun_4_02.NumLootPackageDropsRange=(X=1.000000,Y=1.000000) -> OK
[1782] RowUpdate LTG_Vend_Weapon_Handgun_4_02.LootPackageCategoryMinArray=(1,1,0,0,0,0,0,0,0,0,0) -> OK
[1783] RowUpdate LTG_Vend_Weapon_SMG_1_01.NumLootPackageDropsRange=(X=4.000000,Y=4.000000) -> OK
[1784] RowUpdate LTG_Vend_Weapon_SMG_1_01.LootPackageCategoryMinArray=(4,1,0,0,0,0,0,0,0,0,0) -> OK
[1785] RowUpdate LTG_Vend_Weapon_SMG_2_01.NumLootPackageDropsRange=(X=4.000000,Y=4.000000) -> OK
[1786] RowUpdate LTG_Vend_Weapon_SMG_2_01.LootPackageCategoryMinArray=(4,1,0,0,0,0,0,0,0,0,0) -> OK
[1787] RowUpdate LTG_Vend_Weapon_SMG_3_01.NumLootPackageDropsRange=(X=4.000000,Y=4.000000) -> OK
[1788] RowUpdate LTG_Vend_Weapon_SMG_3_01.LootPackageCategoryMinArray=(4,1,0,0,0,0,0,0,0,0,0) -> OK
[1789] RowUpdate LTG_Vend_Weapon_SMG_3_02.NumLootPackageDropsRange=(X=1.000000,Y=1.000000) -> OK
[1790] RowUpdate LTG_Vend_Weapon_SMG_3_02.LootPackageCategoryMinArray=(1,1,0,0,0,0,0,0,0,0,0) -> OK
[1791] RowUpdate LTG_Vend_Weapon_SMG_4_01.NumLootPackageDropsRange=(X=4.000000,Y=4.000000) -> OK
[1792] RowUpdate LTG_Vend_Weapon_SMG_4_01.LootPackageCategoryMinArray=(4,1,0,0,0,0,0,0,0,0,0) -> OK
[1793] RowUpdate LTG_Vend_Weapon_SMG_4_02.NumLootPackageDropsRange=(X=1.000000,Y=1.000000) -> OK
[1794] RowUpdate LTG_Vend_Weapon_SMG_4_02.LootPackageCategoryMinArray=(1,1,0,0,0,0,0,0,0,0,0) -> OK
[1795] RowUpdate LTG_Vend_Weapon_Assault_1_01.NumLootPackageDropsRange=(X=4.000000,Y=4.000000) -> OK
[1796] RowUpdate LTG_Vend_Weapon_Assault_1_01.LootPackageCategoryMinArray=(4,1,0,0,0,0,0,0,0,0,0) -> OK
[1797] RowUpdate LTG_Vend_Weapon_Assault_2_01.NumLootPackageDropsRange=(X=4.000000,Y=4.000000) -> OK
[1798] RowUpdate LTG_Vend_Weapon_Assault_2_01.LootPackageCategoryMinArray=(4,1,0,0,0,0,0,0,0,0,0) -> OK
[1799] RowUpdate LTG_Vend_Weapon_Assault_3_01.NumLootPackageDropsRange=(X=4.000000,Y=4.000000) -> OK
[1800] RowUpdate LTG_Vend_Weapon_Assault_3_01.LootPackageCategoryMinArray=(4,1,0,0,0,0,0,0,0,0,0) -> OK
[1801] RowUpdate LTG_Vend_Weapon_Assault_3_02.NumLootPackageDropsRange=(X=1.000000,Y=1.000000) -> OK
[1802] RowUpdate LTG_Vend_Weapon_Assault_3_02.LootPackageCategoryMinArray=(1,1,0,0,0,0,0,0,0,0,0) -> OK
[1803] RowUpdate LTG_Vend_Weapon_Assault_4_01.NumLootPackageDropsRange=(X=4.000000,Y=4.000000) -> OK
[1804] RowUpdate LTG_Vend_Weapon_Assault_4_01.LootPackageCategoryMinArray=(4,1,0,0,0,0,0,0,0,0,0) -> OK
[1805] RowUpdate LTG_Vend_Weapon_Assault_4_02.NumLootPackageDropsRange=(X=1.000000,Y=1.000000) -> OK
[1806] RowUpdate LTG_Vend_Weapon_Assault_4_02.LootPackageCategoryMinArray=(1,1,0,0,0,0,0,0,0,0,0) -> OK
[HOTFIX:SEASON1] done: applied=59, deleted=0, skipped=0
[STEP1-2] merge https://export-service.dillyapis.com/v1/export/?Path=FortniteGame/Plugins/GameFeatures/BlastBerryLoot/Content/DataTables/Habanero/BlastBerryTierData_Habanero.uasset : replaced=5, added=71
[HOTFIX:SEASON2] target=/BlastBerryLoot/DataTables/Habanero/BlastBerryTierData_Habanero
[HOTFIX:SEASON2] done: applied=0, deleted=0, skipped=0
[STEP1-3] merge https://export-service.dillyapis.com/v1/export/?Path=FortniteGame/Plugins/GameFeatures/BlastBerryLoot/Content/DataTables/AthenaLootTierData_Client_BlastBerryOverride_Habanero.uasset : replaced=72, added=192
[HOTFIX:SEASON3] target=/BlastBerryLoot/DataTables/AthenaLootTierData_Client_BlastBerryOverride_Habanero
[HOTFIX:SEASON3] done: applied=0, deleted=0, skipped=0
[WRITE] final -> E:\フォートナイト\Picture\Loot Pool\TEST4\New Loot\System Update\Reload_Ranked\input\AthenaLootTierData_Client__final.json
[WRITE] per-input -> E:\フォートナイト\Picture\Loot Pool\TEST4\New Loot\System Update\Reload_Ranked\input\BlastBerryTierData_Habanero__final.json
[WRITE] per-input -> E:\フォートナイト\Picture\Loot Pool\TEST4\New Loot\System Update\Reload_Ranked\input\AthenaLootTierData_Client_BlastBerryOverride_Habanero__final.json
2026-08-26 00:28:56 | INFO | ✓ Hotfix 適用完了 (3.83s)
2026-08-26 00:28:56 | INFO | load lt: E:\フォートナイト\Picture\Loot Pool\TEST4\New Loot\System Update\Reload_Ranked\input\AthenaLootTierData_Client__final.json
2026-08-26 00:28:56 | INFO | load lp: E:\フォートナイト\Picture\Loot Pool\TEST4\New Loot\System Update\Reload_Ranked\input\AthenaLootPackages_Client__final.json
2026-08-26 00:28:56 | INFO | load done (0.03s)
2026-08-26 00:28:56 | INFO | build summary start
2026-08-26 00:28:56 | INFO | build summary done (0.03s)
2026-08-26 00:28:56 | INFO | enrich summary with names start
2026-08-26 00:28:56 | INFO | enrich summary done (0.00s)
2026-08-26 00:28:56 | INFO | ✅ まとめJSONを作成: E:\フォートナイト\Picture\Loot Pool\TEST4\New Loot\System Update\Reload_Ranked\output\summary\v39.30_2026-08-26_00-28.json
2026-08-26 00:28:56 | INFO | build item metadata start
2026-08-26 00:28:56 | INFO | ✅ アイテム名・説明・タグJSONを更新: E:\フォートナイト\Picture\Loot Pool\TEST4\New Loot\System Update\shared\cache\item_metadata.json (0.13s)
2026-08-26 00:28:56 | INFO | build BR_LootData start
2026-08-26 00:28:56 | INFO | build BR_LootData done (0.00s)
2026-08-26 00:28:56 | INFO | ✅ BR_LootData を作成: E:\フォートナイト\Picture\Loot Pool\TEST4\New Loot\System Update\戦利品データ\Reload_Ranked\Reload_Ranked_LootData_2026-08-26_00-28.json
2026-08-26 00:28:56 | INFO | ✅ Web LootPool を更新: E:\フォートナイト\Web\assets\data\Loot\Reload_Ranked_LootPool.json
2026-08-26 00:28:56 | INFO | LootSummary start: E:\フォートナイト\Picture\Loot Pool\TEST4\New Loot\System Update\Reload_Ranked\scripts\LootSummary.py
2026-08-26 00:28:56 | INFO | LootSummary stdout: 🔎 抽出用: 最新ファイル = E:\フォートナイト\Picture\Loot Pool\TEST4\New Loot\System Update\Reload_Ranked\output\summary\v39.30_2026-08-26_00-28.json
✅ 抽出件数: 144
💾 保存: E:\フォートナイト\Picture\Loot Pool\TEST4\New Loot\System Update\Reload_Ranked\input\items_unique_min.json
🔎 比較用: base   = E:\フォートナイト\Picture\Loot Pool\TEST4\New Loot\System Update\Reload_Ranked\output\summary\v39.30_2026-08-26_00-22.json
🔎 比較用: target = E:\フォートナイト\Picture\Loot Pool\TEST4\New Loot\System Update\Reload_Ranked\output\summary\v39.30_2026-08-26_00-28.json
✅ 差分作成 完了
  追加   : 0 / 削除 : 5 / 変更 : 0 / 変化なし : 144
💾 差分: E:\フォートナイト\Picture\Loot Pool\TEST4\New Loot\System Update\Reload_Ranked\output\history\BR_20260826_0028\items_unique_min_diff.json
2026-08-26 00:28:56 | WARNING | LootSummary stderr: E:\フォートナイト\Picture\Loot Pool\TEST4\New Loot\System Update\Reload_Ranked\scripts\LootSummary.py:2: SyntaxWarning: invalid escape sequence '\B'
  """
2026-08-26 00:28:56 | INFO | ✅ LootSummary 実行完了（抽出→比較） (0.15s)
2026-08-26 00:28:56 | INFO | prewarm start
2026-08-26 00:28:58 | INFO | ✅ アイコンキャッシュ プリウォーム完了 (1.83s)
2026-08-26 00:28:58 | INFO | 画像化タスク数: 144
2026-08-26 00:28:58 | INFO | 画像生成 進捗: 1/144
2026-08-26 00:28:58 | INFO | 画像生成 進捗: 50/144
2026-08-26 00:28:59 | INFO | 画像生成 進捗: 100/144
2026-08-26 00:28:59 | INFO | 画像生成 進捗: 144/144
2026-08-26 00:28:59 | INFO | ✅ 画像生成 完了（MinListベース）
2026-08-26 00:28:59 | INFO | ✅ Loot diff を作成: E:\フォートナイト\Web\assets\data\Loot\diff\Reload_Ranked_2026-08-26_00-28-59.json (added=0 removed=7 change=18)
2026-08-26 00:28:59 | INFO | ℹ️ AddedItems 画像の追加対象なし (copied=0 missing=0)
2026-08-26 00:28:59 | INFO | git add: E:\フォートナイト\Picture\Loot Pool\TEST4\New Loot
2026-08-26 00:29:04 | INFO | git commit stdout: [main b0fe5a4] Reload_Ranked update 2026-08-26 00:29:03
 12 files changed, 47307 insertions(+), 197 deletions(-)
 create mode 100644 System Update/Reload_Ranked/output/history/BR_20260826_0028/items_unique_min_diff.json
 create mode 100644 System Update/Reload_Ranked/output/logs/pipeline_2026-08-26_00-28-52.log
 create mode 100644 System Update/Reload_Ranked/output/summary/v39.30_2026-08-26_00-28.json
 create mode 100644 "System Update/\346\210\246\345\210\251\345\223\201\343\203\207\343\203\274\343\202\277/Reload_Ranked/Reload_Ranked_LootData_2026-08-26_00-28.json"
2026-08-26 00:29:13 | WARNING | git push stderr: To https://github.com/Greenfox0833/New-Loot.git
   7ab1cc5..b0fe5a4  main -> main
2026-08-26 00:29:13 | INFO | ✓ GitHub Push 完了
2026-08-26 00:29:13 | INFO | ===== Reload_Ranked: pipeline end =====
