2026-05-07 23:26:14 | INFO | log file: E:\フォートナイト\Picture\Loot Pool\TEST4\New Loot\System Update\Reload_Ranked\output\logs\pipeline_2026-05-07_23-26-14.log
2026-05-07 23:26:14 | INFO | ===== Reload_Ranked: pipeline start =====
2026-05-07 23:26:14 | INFO | paths: lt=E:\フォートナイト\Picture\Loot Pool\TEST4\New Loot\System Update\Reload_Ranked\input\AthenaLootTierData_Client__final.json lp=E:\フォートナイト\Picture\Loot Pool\TEST4\New Loot\System Update\Reload_Ranked\input\AthenaLootPackages_Client__final.json minlist=E:\フォートナイト\Picture\Loot Pool\TEST4\New Loot\System Update\Reload_Ranked\input\items_unique_min.json
2026-05-07 23:26:14 | INFO | output: summary=E:\フォートナイト\Picture\Loot Pool\TEST4\New Loot\System Update\Reload_Ranked\output\summary lootdata=E:\フォートナイト\Picture\Loot Pool\TEST4\New Loot\System Update\戦利品データ\Reload_Ranked
2026-05-07 23:26:14 | INFO | flags: hotfix=True prewarm=True image=True workers=8
2026-05-07 23:26:14 | INFO | hotfix start: E:\フォートナイト\Picture\Loot Pool\TEST4\New Loot\System Update\LootPackage.py
2026-05-07 23:26:15 | INFO | hotfix lp stdout: [STEP1-1] base e:\Fmodel\Exports\FortniteGame\Content\Items\DataTables\AthenaLootPackages_Client.json
[HOTFIX:SEASON1] target=/Game/Items/Datatables/AthenaLootPackages_Client
[518] RowUpdate WorldPKG.AthenaLoot.Weapon.HighShotgun.05.Weight=0.066000 -> OK
[519] RowUpdate WorldPKG.AthenaLoot.Weapon.HighHandgun.05.Weight=0.066000 -> OK
[520] RowUpdate WorldPKG.AthenaLoot.Weapon.HighSMG.05.Weight=0.066000 -> OK
[521] RowUpdate WorldPKG.AthenaLoot.Weapon.HighAssaultAuto.05.Weight=0.066000 -> OK
[522] RowUpdate WorldPKG.AthenaLoot.Weapon.HighSniper.05.Weight=0.066000 -> OK
[523] RowUpdate WorldPKG.AthenaLoot.Weapon.HighRocket.05.Weight=0.066000 -> OK
[HOTFIX:SEASON1] Addrow(TableUpdate) なし -> スキップ
[HOTFIX:SEASON1] done: applied=6, deleted=0, skipped=0
[STEP1-2] merge e:\Fmodel\Exports\FortniteGame\Plugins\GameFeatures\BlastBerryLoot\Content\DataTables\Habanero\BlastBerryLootPackages_Habanero.json : replaced=543, added=1647
[HOTFIX:SEASON2] target=/BlastBerryLoot/DataTables/Habanero/BlastBerryLootPackages_Habanero
[873] RowUpdate WorldList.AthenaWadStash.Medium.01.CountRange=(X=100,Y=100) -> OK
[874] RowUpdate WorldList.AthenaWadStash.Large.01.CountRange=(X=200,Y=200) -> OK
[875] RowUpdate WorldList.AthenaWadSafe.01.CountRange=(X=300,Y=300) -> OK
[876] RowUpdate WorldList.AthenaWadGoldBarStack.Small.01.CountRange=(X=50,Y=50) -> OK
[877] RowUpdate WorldList.AthenaWadGoldBarStack.Medium.01.CountRange=(X=100,Y=100) -> OK
[878] RowUpdate WorldList.AthenaWadGoldBarStack.Large.01.CountRange=(X=200,Y=200) -> OK
[879] RowUpdate WorldList.AthenaWadChests.01.CountRange=(X=50,Y=50) -> OK
[880] RowUpdate WorldList.AthenaWadChests.02.CountRange=(X=75,Y=75) -> OK
[881] RowUpdate WorldList.AthenaWadChests.03.Weight=0.050000 -> OK
[882] RowUpdate WorldList.AthenaWadChests.03.CountRange=(X=100,Y=100) -> OK
[883] RowUpdate WorldList.ApolloWadChests.01.CountRange=(X=100,Y=100) -> OK
[884] RowUpdate WorldList.ApolloWadChests.02.CountRange=(X=150,Y=150) -> OK
[885] RowUpdate WorldList.ApolloWadChests.03.CountRange=(X=250,Y=250) -> OK
[909] RowUpdate WorldList.AthenaLoot.Weapon.Shotgun.39.Weight=1.000000 -> OK
[910] RowUpdate WorldList.AthenaLoot.Weapon.Shotgun.40.Weight=0.400000 -> OK
[911] RowUpdate WorldList.AthenaLoot.Weapon.Shotgun.41.Weight=0.080000 -> OK
[912] RowUpdate WorldList.AthenaLoot.Weapon.Shotgun.46.Weight=0.000000 -> OK
[913] RowUpdate WorldList.AthenaLoot.Weapon.Shotgun.47.Weight=0.000000 -> OK
[914] RowUpdate WorldList.AthenaLoot.Weapon.Shotgun.60.Weight=0.000000 -> OK
[915] RowUpdate WorldList.AthenaLoot.Weapon.Shotgun.61.Weight=0.000000 -> OK
[916] RowUpdate WorldList.AthenaLoot.Weapon.Shotgun.62.Weight=0.000000 -> OK
[917] RowUpdate WorldList.AthenaLoot.Weapon.Shotgun.72.Weight=1.000000 -> OK
[918] RowUpdate WorldList.AthenaLoot.Weapon.Shotgun.73.Weight=0.400000 -> OK
[919] RowUpdate WorldList.AthenaLoot.Weapon.Shotgun.74.Weight=0.080000 -> OK
[920] RowUpdate WorldList.AthenaLoot.Weapon.Shotgun.81.Weight=0.000000 -> OK
[921] RowUpdate WorldList.AthenaLoot.Weapon.Shotgun.82.Weight=0.000000 -> OK
[922] RowUpdate WorldList.AthenaLoot.Weapon.HighShotgun.59.Weight=0.400000 -> OK
[923] RowUpdate WorldList.AthenaLoot.Weapon.HighShotgun.60.Weight=0.080000 -> OK
[924] RowUpdate WorldList.AthenaLoot.Weapon.HighShotgun.61.Weight=0.016000 -> OK
[925] RowUpdate WorldList.AthenaLoot.Weapon.HighShotgun.62.Weight=0.004000 -> OK
[926] RowUpdate WorldList.AthenaLoot.Weapon.HighShotgun.67.Weight=0.000000 -> OK
[927] RowUpdate WorldList.AthenaLoot.Weapon.HighShotgun.68.Weight=0.000000 -> OK
[928] RowUpdate WorldList.AthenaLoot.Weapon.HighShotgun.69.Weight=0.000000 -> OK
[929] RowUpdate WorldList.AthenaLoot.Weapon.HighShotgun.70.Weight=0.000000 -> OK
[930] RowUpdate WorldList.AthenaLoot.Weapon.HighShotgun.87.Weight=0.000000 -> OK
[931] RowUpdate WorldList.AthenaLoot.Weapon.HighShotgun.88.Weight=0.000000 -> OK
[932] RowUpdate WorldList.AthenaLoot.Weapon.HighShotgun.89.Weight=0.000000 -> OK
[933] RowUpdate WorldList.AthenaLoot.Weapon.HighShotgun.90.Weight=0.000000 -> OK
[934] RowUpdate WorldList.AthenaLoot.Weapon.HighShotgun.103.Weight=0.400000 -> OK
[935] RowUpdate WorldList.AthenaLoot.Weapon.HighShotgun.104.Weight=0.080000 -> OK
[936] RowUpdate WorldList.AthenaLoot.Weapon.HighShotgun.105.Weight=0.016000 -> OK
[937] RowUpdate WorldList.AthenaLoot.Weapon.HighShotgun.106.Weight=0.004000 -> OK
[938] RowUpdate WorldList.AthenaLoot.Weapon.HighShotgun.115.Weight=0.000000 -> OK
[939] RowUpdate WorldList.AthenaLoot.Weapon.HighShotgun.116.Weight=0.000000 -> OK
[940] RowUpdate WorldList.AthenaLoot.Weapon.HighShotgun.117.Weight=0.000000 -> OK
[941] RowUpdate WorldList.AthenaLoot.Weapon.HighShotgun.118.Weight=0.000000 -> OK
[942] RowUpdate WorldList.AthenaLoot.Weapon.Handgun.25.Weight=0.000000 -> OK
[943] RowUpdate WorldList.AthenaLoot.Weapon.Handgun.26.Weight=0.000000 -> OK
[944] RowUpdate WorldList.AthenaLoot.Weapon.Handgun.27.Weight=1.000000 -> OK
[945] RowUpdate WorldList.AthenaLoot.Weapon.Handgun.28.Weight=0.400000 -> OK
[946] RowUpdate WorldList.AthenaLoot.Weapon.Handgun.29.Weight=0.080000 -> OK
[947] RowUpdate WorldList.AthenaLoot.Weapon.HighHandgun.36.Weight=0.000000 -> OK
[948] RowUpdate WorldList.AthenaLoot.Weapon.HighHandgun.37.Weight=0.000000 -> OK
[949] RowUpdate WorldList.AthenaLoot.Weapon.HighHandgun.38.Weight=0.000000 -> OK
[950] RowUpdate WorldList.AthenaLoot.Weapon.HighHandgun.39.Weight=0.000000 -> OK
[951] RowUpdate WorldList.AthenaLoot.Weapon.HighHandgun.40.Weight=0.400000 -> OK
[952] RowUpdate WorldList.AthenaLoot.Weapon.HighHandgun.41.Weight=0.080000 -> OK
[953] RowUpdate WorldList.AthenaLoot.Weapon.HighHandgun.42.Weight=0.016000 -> OK
[954] RowUpdate WorldList.AthenaLoot.Weapon.HighHandgun.43.Weight=0.004000 -> OK
[955] RowUpdate WorldList.AthenaLoot.Weapon.SMG.35.Weight=0.000000 -> OK
[956] RowUpdate WorldList.AthenaLoot.Weapon.SMG.36.Weight=0.000000 -> OK
[957] RowUpdate WorldList.AthenaLoot.Weapon.SMG.55.Weight=0.400000 -> OK
[958] RowUpdate WorldList.AthenaLoot.Weapon.HighSMG.48.Weight=0.000000 -> OK
[959] RowUpdate WorldList.AthenaLoot.Weapon.HighSMG.49.Weight=0.000000 -> OK
[960] RowUpdate WorldList.AthenaLoot.Weapon.HighSMG.50.Weight=0.000000 -> OK
[961] RowUpdate WorldList.AthenaLoot.Weapon.HighSMG.51.Weight=0.000000 -> OK
[962] RowUpdate WorldList.AthenaLoot.Weapon.HighSMG.76.Weight=0.400000 -> OK
[963] RowUpdate WorldList.AthenaLoot.Weapon.Sniper.31.Weight=0.000000 -> OK
[964] RowUpdate WorldList.AthenaLoot.Weapon.Sniper.32.Weight=0.000000 -> OK
[965] RowUpdate WorldList.AthenaLoot.Weapon.HighSniper.36.Weight=0.016000 -> OK
[966] RowUpdate WorldList.AthenaLoot.Weapon.HighSniper.36.ItemDefinition=/PepperCatGameplay/Gameplay/WID_PepperCat_SR.WID_PepperCat_SR -> OK
[967] RowUpdate WorldList.AthenaLoot.Weapon.HighSniper.37.Weight=0.080000 -> OK
[968] RowUpdate WorldList.AthenaLoot.Weapon.HighSniper.37.ItemDefinition=/PepperCatGameplay/Gameplay/WID_PepperCat_VR.WID_PepperCat_VR -> OK
[969] RowUpdate WorldList.AthenaLoot.Weapon.HighSniper.53.Weight=0.000000 -> OK
[970] RowUpdate WorldList.AthenaLoot.Weapon.HighSniper.54.Weight=0.000000 -> OK
[971] RowUpdate WorldList.AthenaLoot.Weapon.HighSniper.55.Weight=0.000000 -> OK
[972] RowUpdate WorldList.AthenaLoot.Weapon.HighSniper.56.Weight=0.000000 -> OK
[973] RowUpdate WorldList.AthenaLoot.Weapon.Rocket.12.Weight=0.080000 -> OK
[974] RowUpdate WorldList.AthenaLoot.Weapon.HighRocket.22.Weight=0.012000 -> OK
[975] RowUpdate WorldList.AthenaLoot.Weapon.HighRocket.23.Weight=0.003000 -> OK
[976] RowUpdate WorldList.ApolloLoot.Weapon.HighShotgun.33.Weight=0.750000 -> OK
[977] RowUpdate WorldList.ApolloLoot.Weapon.HighShotgun.34.Weight=0.250000 -> OK
[978] RowUpdate WorldList.ApolloLoot.Weapon.HighShotgun.37.Weight=0.000000 -> OK
[979] RowUpdate WorldList.ApolloLoot.Weapon.HighShotgun.38.Weight=0.000000 -> OK
[980] RowUpdate WorldList.ApolloLoot.Weapon.HighShotgun.47.Weight=0.000000 -> OK
[981] RowUpdate WorldList.ApolloLoot.Weapon.HighShotgun.48.Weight=0.000000 -> OK
[982] RowUpdate WorldList.ApolloLoot.Weapon.HighShotgun.55.Weight=0.750000 -> OK
[983] RowUpdate WorldList.ApolloLoot.Weapon.HighShotgun.56.Weight=0.250000 -> OK
[984] RowUpdate WorldList.ApolloLoot.Weapon.HighShotgun.61.Weight=0.000000 -> OK
[985] RowUpdate WorldList.ApolloLoot.Weapon.HighShotgun.62.Weight=0.000000 -> OK
[986] RowUpdate WorldList.ApolloLoot.Weapon.HighHandgun.20.Weight=0.000000 -> OK
[987] RowUpdate WorldList.ApolloLoot.Weapon.HighHandgun.21.Weight=0.000000 -> OK
[988] RowUpdate WorldList.ApolloLoot.Weapon.HighHandgun.22.Weight=0.750000 -> OK
[989] RowUpdate WorldList.ApolloLoot.Weapon.HighHandgun.23.Weight=0.250000 -> OK
[990] RowUpdate WorldList.ApolloLoot.Weapon.SMG.25.Weight=0.000000 -> OK
[991] RowUpdate WorldList.ApolloLoot.Weapon.SMG.26.Weight=0.000000 -> OK
[992] RowUpdate WorldList.ApolloLoot.Weapon.Sniper.19.Weight=0.750000 -> OK
[993] RowUpdate WorldList.ApolloLoot.Weapon.Sniper.19.ItemDefinition=/PepperCatGameplay/Gameplay/WID_PepperCat_VR.WID_PepperCat_VR -> OK
[994] RowUpdate WorldList.ApolloLoot.Weapon.Sniper.20.Weight=0.250000 -> OK
[995] RowUpdate WorldList.ApolloLoot.Weapon.Sniper.20.ItemDefinition=/PepperCatGameplay/Gameplay/WID_PepperCat_SR.WID_PepperCat_SR -> OK
[996] RowUpdate WorldList.ApolloLoot.Weapon.Sniper.29.Weight=0.000000 -> OK
[997] RowUpdate WorldList.ApolloLoot.Weapon.Sniper.30.Weight=0.000000 -> OK
[998] RowUpdate WorldList.ApolloLoot.Weapon.Rocket.16.Weight=0.250000 -> OK
[999] RowUpdate WorldList.ApolloLoot.Weapon.Rocket.17.Weight=0.250000 -> OK
[1000] RowUpdate WorldList.AthenaSupplyDrop.Weapon.Shotgun.60.Weight=0.250000 -> OK
[1001] RowUpdate WorldList.AthenaSupplyDrop.Weapon.Shotgun.61.Weight=0.125000 -> OK
[1002] RowUpdate WorldList.AthenaSupplyDrop.Weapon.Shotgun.62.Weight=0.025000 -> OK
[1003] RowUpdate WorldList.AthenaSupplyDrop.Weapon.Shotgun.68.Weight=0.000000 -> OK
[1004] RowUpdate WorldList.AthenaSupplyDrop.Weapon.Shotgun.69.Weight=0.000000 -> OK
[1005] RowUpdate WorldList.AthenaSupplyDrop.Weapon.Shotgun.70.Weight=0.000000 -> OK
[1006] RowUpdate WorldList.AthenaSupplyDrop.Weapon.Shotgun.88.Weight=0.000000 -> OK
[1007] RowUpdate WorldList.AthenaSupplyDrop.Weapon.Shotgun.89.Weight=0.000000 -> OK
[1008] RowUpdate WorldList.AthenaSupplyDrop.Weapon.Shotgun.90.Weight=0.000000 -> OK
[1009] RowUpdate WorldList.AthenaSupplyDrop.Weapon.Shotgun.104.Weight=0.250000 -> OK
[1010] RowUpdate WorldList.AthenaSupplyDrop.Weapon.Shotgun.105.Weight=0.125000 -> OK
[1011] RowUpdate WorldList.AthenaSupplyDrop.Weapon.Shotgun.106.Weight=0.025000 -> OK
[1012] RowUpdate WorldList.AthenaSupplyDrop.Weapon.Shotgun.116.Weight=0.000000 -> OK
[1013] RowUpdate WorldList.AthenaSupplyDrop.Weapon.Shotgun.117.Weight=0.000000 -> OK
[1014] RowUpdate WorldList.AthenaSupplyDrop.Weapon.Shotgun.118.Weight=0.000000 -> OK
[1015] RowUpdate WorldList.AthenaSupplyDrop.Weapon.Handgun.36.Weight=0.000000 -> OK
[1016] RowUpdate WorldList.AthenaSupplyDrop.Weapon.Handgun.37.Weight=0.000000 -> OK
[1017] RowUpdate WorldList.AthenaSupplyDrop.Weapon.Handgun.38.Weight=0.000000 -> OK
[1018] RowUpdate WorldList.AthenaSupplyDrop.Weapon.Handgun.40.Weight=0.250000 -> OK
[1019] RowUpdate WorldList.AthenaSupplyDrop.Weapon.Handgun.41.Weight=0.125000 -> OK
[1020] RowUpdate WorldList.AthenaSupplyDrop.Weapon.Handgun.42.Weight=0.025000 -> OK
[1021] RowUpdate WorldList.AthenaSupplyDrop.Weapon.SMG.49.Weight=0.000000 -> OK
[1022] RowUpdate WorldList.AthenaSupplyDrop.Weapon.SMG.50.Weight=0.000000 -> OK
[1023] RowUpdate WorldList.AthenaSupplyDrop.Weapon.SMG.51.Weight=0.000000 -> OK
[1024] RowUpdate WorldList.AthenaSupplyDrop.Weapon.SMG.76.Weight=0.125000 -> OK
[1025] RowUpdate WorldList.AthenaSupplyDrop.Weapon.Assault.128.Weight=0.125000 -> OK
[1026] RowUpdate WorldList.AthenaSupplyDrop.Weapon.Sniper.35.Weight=0.200000 -> OK
[1027] RowUpdate WorldList.AthenaSupplyDrop.Weapon.Sniper.35.ItemDefinition=/PepperCatGameplay/Gameplay/WID_PepperCat_VR.WID_PepperCat_VR -> OK
[1028] RowUpdate WorldList.AthenaSupplyDrop.Weapon.Sniper.36.Weight=0.125000 -> OK
[1029] RowUpdate WorldList.AthenaSupplyDrop.Weapon.Sniper.36.ItemDefinition=/PepperCatGameplay/Gameplay/WID_PepperCat_SR.WID_PepperCat_SR -> OK
[1030] RowUpdate WorldList.AthenaSupplyDrop.Weapon.Sniper.54.Weight=0.000000 -> OK
[1031] RowUpdate WorldList.AthenaSupplyDrop.Weapon.Sniper.55.Weight=0.000000 -> OK
[1032] RowUpdate WorldList.AthenaSupplyDrop.Weapon.Sniper.56.Weight=0.000000 -> OK
[1033] RowUpdate WorldList.AthenaSupplyDrop.Weapon.Rocket.22.Weight=0.090000 -> OK
[1034] RowUpdate WorldList.AthenaSupplyDrop.Weapon.Rocket.23.Weight=0.016000 -> OK
[1035] RowUpdate WorldList.AthenaHighConsumables.Utility.07.ItemDefinition=/GrappleWeapon/Items/GrappleKnife/V2/WID_GrappleKnife_VR.WID_GrappleKnife_VR -> OK
[1036] RowUpdate WorldList.AthenaHighConsumablesRare.Utility.07.ItemDefinition=/GrappleWeapon/Items/GrappleKnife/V2/WID_GrappleKnife_VR.WID_GrappleKnife_VR -> OK
[1037] RowUpdate WorldList.AthenaSupplyDropConsumables.12.ItemDefinition=/GrappleWeapon/Items/GrappleKnife/V2/WID_GrappleKnife_VR.WID_GrappleKnife_VR -> OK
[1038] RowUpdate WorldList.AthenaSupplyDropUtility.07.ItemDefinition=/GrappleWeapon/Items/GrappleKnife/V2/WID_GrappleKnife_VR.WID_GrappleKnife_VR -> OK
[1039] RowUpdate WorldList.AthenaConsumables.Utility.07.ItemDefinition=/GrappleWeapon/Items/GrappleKnife/V2/WID_GrappleKnife_VR.WID_GrappleKnife_VR -> OK
[1040] RowUpdate WorldList.MythicRandom.24.Weight=1.000000 -> OK
[1242] RowUpdate WorldList.AthenaLoot.Weapon.Shotgun.29.Weight=1.000000 -> OK
[1243] RowUpdate WorldList.AthenaLoot.Weapon.Shotgun.29.ItemDefinition=/DragonCartWeaponGameplay/Gameplay/DragonCart_Pump/WID_Shotgun_Pump_DragonCart_Athena_C.WID_Shotgun_Pump_DragonCart_Athena_C -> OK
[1244] RowUpdate WorldList.AthenaLoot.Weapon.Shotgun.30.Weight=0.400000 -> OK
[1245] RowUpdate WorldList.AthenaLoot.Weapon.Shotgun.30.ItemDefinition=/DragonCartWeaponGameplay/Gameplay/DragonCart_Pump/WID_Shotgun_Pump_DragonCart_Athena_UC.WID_Shotgun_Pump_DragonCart_Athena_UC -> OK
[1246] RowUpdate WorldList.AthenaLoot.Weapon.Shotgun.31.Weight=0.080000 -> OK
[1247] RowUpdate WorldList.AthenaLoot.Weapon.Shotgun.31.ItemDefinition=/DragonCartWeaponGameplay/Gameplay/DragonCart_Pump/WID_Shotgun_Pump_DragonCart_Athena_R.WID_Shotgun_Pump_DragonCart_Athena_R -> OK
[1248] RowUpdate WorldList.AthenaLoot.Weapon.HighShotgun.123.Weight=0.400000 -> OK
[1249] RowUpdate WorldList.AthenaLoot.Weapon.HighShotgun.124.Weight=0.080000 -> OK
[1250] RowUpdate WorldList.AthenaLoot.Weapon.HighShotgun.125.Weight=0.016000 -> OK
[1251] RowUpdate WorldList.AthenaLoot.Weapon.HighShotgun.126.Weight=0.004000 -> OK
[1252] RowUpdate WorldList.AthenaLoot.Weapon.SMG.15.Weight=0.000000 -> OK
[1253] RowUpdate WorldList.AthenaLoot.Weapon.SMG.16.Weight=0.000000 -> OK
[1254] RowUpdate WorldList.AthenaLoot.Weapon.SMG.17.Weight=0.000000 -> OK
[1255] RowUpdate WorldList.AthenaLoot.Weapon.HighSMG.21.Weight=0.000000 -> OK
[1256] RowUpdate WorldList.AthenaLoot.Weapon.HighSMG.22.Weight=0.000000 -> OK
[1257] RowUpdate WorldList.AthenaLoot.Weapon.HighSMG.23.Weight=0.000000 -> OK
[1258] RowUpdate WorldList.AthenaLoot.Weapon.HighSMG.24.Weight=0.000000 -> OK
[1259] RowUpdate WorldList.AthenaLoot.Weapon.AssaultAuto.84.Weight=1.000000 -> OK
[1260] RowUpdate WorldList.AthenaLoot.Weapon.AssaultAuto.85.Weight=0.400000 -> OK
[1261] RowUpdate WorldList.AthenaLoot.Weapon.AssaultAuto.86.Weight=0.080000 -> OK
[1262] RowUpdate WorldList.AthenaLoot.Weapon.HighAssaultAuto.116.Weight=0.400000 -> OK
[1263] RowUpdate WorldList.AthenaLoot.Weapon.HighAssaultAuto.117.Weight=0.080000 -> OK
[1264] RowUpdate WorldList.AthenaLoot.Weapon.HighAssaultAuto.118.Weight=0.016000 -> OK
[1265] RowUpdate WorldList.AthenaLoot.Weapon.HighAssaultAuto.119.Weight=0.004000 -> OK
[1266] RowUpdate WorldList.ApolloLoot.Weapon.HighShotgun.65.Weight=0.750000 -> OK
[1267] RowUpdate WorldList.ApolloLoot.Weapon.HighShotgun.66.Weight=0.250000 -> OK
[1268] RowUpdate WorldList.ApolloLoot.Weapon.SMG.11.Weight=0.000000 -> OK
[1269] RowUpdate WorldList.ApolloLoot.Weapon.SMG.12.Weight=0.000000 -> OK
[1270] RowUpdate WorldList.ApolloLoot.Weapon.AssaultAuto.59.Weight=0.750000 -> OK
[1271] RowUpdate WorldList.ApolloLoot.Weapon.AssaultAuto.60.Weight=0.250000 -> OK
[1272] RowUpdate WorldList.AthenaSupplyDrop.Weapon.Shotgun.124.Weight=0.250000 -> OK
[1273] RowUpdate WorldList.AthenaSupplyDrop.Weapon.Shotgun.125.Weight=0.125000 -> OK
[1274] RowUpdate WorldList.AthenaSupplyDrop.Weapon.Shotgun.126.Weight=0.025000 -> OK
[1275] RowUpdate WorldList.AthenaSupplyDrop.Weapon.SMG.22.Weight=0.000000 -> OK
[1276] RowUpdate WorldList.AthenaSupplyDrop.Weapon.SMG.23.Weight=0.000000 -> OK
[1277] RowUpdate WorldList.AthenaSupplyDrop.Weapon.SMG.24.Weight=0.000000 -> OK
[1278] RowUpdate WorldList.AthenaSupplyDrop.Weapon.Assault.117.Weight=0.225000 -> OK
[1279] RowUpdate WorldList.AthenaSupplyDrop.Weapon.Assault.118.Weight=0.125000 -> OK
[1280] RowUpdate WorldList.AthenaSupplyDrop.Weapon.Assault.119.Weight=0.025000 -> OK
[1281] RowUpdate WorldList.AthenaLoot.Weapon.Shotgun.72.Weight=0.000000 -> OK
[1282] RowUpdate WorldList.AthenaLoot.Weapon.Shotgun.73.Weight=0.000000 -> OK
[1283] RowUpdate WorldList.AthenaLoot.Weapon.Shotgun.74.Weight=0.000000 -> OK
[1284] RowUpdate WorldList.AthenaLoot.Weapon.HighShotgun.24.Weight=0.000000 -> OK
[1285] RowUpdate WorldList.AthenaLoot.Weapon.HighShotgun.25.Weight=0.000000 -> OK
[1286] RowUpdate WorldList.AthenaLoot.Weapon.HighShotgun.26.Weight=0.000000 -> OK
[1287] RowUpdate WorldList.AthenaLoot.Weapon.HighShotgun.27.Weight=0.000000 -> OK
[1288] RowUpdate WorldList.AthenaLoot.Weapon.HighShotgun.103.Weight=0.000000 -> OK
[1289] RowUpdate WorldList.AthenaLoot.Weapon.HighShotgun.104.Weight=0.000000 -> OK
[1290] RowUpdate WorldList.AthenaLoot.Weapon.HighShotgun.105.Weight=0.000000 -> OK
[1291] RowUpdate WorldList.AthenaLoot.Weapon.HighShotgun.106.Weight=0.000000 -> OK
[1292] RowUpdate WorldList.AthenaLoot.Weapon.HighSMG.13.Weight=0.000000 -> OK
[1293] RowUpdate WorldList.AthenaLoot.Weapon.HighSMG.14.Weight=0.000000 -> OK
[1294] RowUpdate WorldList.AthenaLoot.Weapon.HighSMG.15.Weight=0.000000 -> OK
[1295] RowUpdate WorldList.AthenaLoot.Weapon.HighSMG.16.Weight=0.000000 -> OK
[1296] RowUpdate WorldList.AthenaLoot.Weapon.AssaultAuto.67.Weight=0.000000 -> OK
[1297] RowUpdate WorldList.AthenaLoot.Weapon.AssaultAuto.68.Weight=0.000000 -> OK
[1298] RowUpdate WorldList.AthenaLoot.Weapon.HighAssaultAuto.92.Weight=0.000000 -> OK
[1299] RowUpdate WorldList.AthenaLoot.Weapon.HighAssaultAuto.93.Weight=0.000000 -> OK
[1300] RowUpdate WorldList.AthenaLoot.Weapon.HighAssaultAuto.94.Weight=0.000000 -> OK
[1301] RowUpdate WorldList.AthenaLoot.Weapon.HighAssaultAuto.95.Weight=0.000000 -> OK
[1302] RowUpdate WorldList.AthenaLoot.Weapon.HighAssaultAuto.112.Weight=0.000000 -> OK
[1303] RowUpdate WorldList.AthenaLoot.Weapon.HighAssaultAuto.113.Weight=0.000000 -> OK
[1304] RowUpdate WorldList.AthenaLoot.Weapon.HighAssaultAuto.114.Weight=0.000000 -> OK
[1305] RowUpdate WorldList.AthenaLoot.Weapon.HighAssaultAuto.115.Weight=0.000000 -> OK
[1306] RowUpdate WorldList.ApolloLoot.Weapon.HighShotgun.55.Weight=0.000000 -> OK
[1307] RowUpdate WorldList.ApolloLoot.Weapon.HighShotgun.56.Weight=0.000000 -> OK
[1308] RowUpdate WorldList.ApolloLoot.Weapon.AssaultAuto.47.Weight=0.000000 -> OK
[1309] RowUpdate WorldList.ApolloLoot.Weapon.AssaultAuto.48.Weight=0.000000 -> OK
[1310] RowUpdate WorldList.AthenaSupplyDrop.Weapon.Shotgun.104.Weight=0.000000 -> OK
[1311] RowUpdate WorldList.AthenaSupplyDrop.Weapon.Shotgun.105.Weight=0.000000 -> OK
[1312] RowUpdate WorldList.AthenaSupplyDrop.Weapon.Shotgun.106.Weight=0.000000 -> OK
[1313] RowUpdate WorldList.AthenaSupplyDrop.Weapon.Assault.93.Weight=0.000000 -> OK
[1314] RowUpdate WorldList.AthenaSupplyDrop.Weapon.Assault.94.Weight=0.000000 -> OK
[1315] RowUpdate WorldList.AthenaSupplyDrop.Weapon.Assault.95.Weight=0.000000 -> OK
[1336] RowUpdate WorldList.AthenaLoot.Weapon.Shotgun.01.Weight=1.000000 -> OK
[1337] RowUpdate WorldList.AthenaLoot.Weapon.Shotgun.02.Weight=0.400000 -> OK
[1338] RowUpdate WorldList.AthenaLoot.Weapon.Shotgun.03.Weight=0.080000 -> OK
[1339] RowUpdate WorldList.AthenaLoot.Weapon.Shotgun.04.Weight=1.000000 -> OK
[1340] RowUpdate WorldList.AthenaLoot.Weapon.Shotgun.05.Weight=0.400000 -> OK
[1341] RowUpdate WorldList.AthenaLoot.Weapon.Shotgun.06.Weight=0.080000 -> OK
[1342] RowUpdate WorldList.AthenaLoot.Weapon.Shotgun.76.Weight=0.000000 -> OK
[1343] RowUpdate WorldList.AthenaLoot.Weapon.Shotgun.79.Weight=0.000000 -> OK
[1344] RowUpdate WorldList.AthenaLoot.Weapon.HighShotgun.01.Weight=0.400000 -> OK
[1345] RowUpdate WorldList.AthenaLoot.Weapon.HighShotgun.02.Weight=0.080000 -> OK
[1346] RowUpdate WorldList.AthenaLoot.Weapon.HighShotgun.03.Weight=0.016000 -> OK
[1347] RowUpdate WorldList.AthenaLoot.Weapon.HighShotgun.04.Weight=0.004000 -> OK
[1348] RowUpdate WorldList.AthenaLoot.Weapon.HighShotgun.05.Weight=0.400000 -> OK
[1349] RowUpdate WorldList.AthenaLoot.Weapon.HighShotgun.06.Weight=0.080000 -> OK
[1350] RowUpdate WorldList.AthenaLoot.Weapon.HighShotgun.07.Weight=0.016000 -> OK
[1351] RowUpdate WorldList.AthenaLoot.Weapon.HighShotgun.08.Weight=0.004000 -> OK
[1352] RowUpdate WorldList.AthenaLoot.Weapon.HighShotgun.107.Weight=0.000000 -> OK
[1353] RowUpdate WorldList.AthenaLoot.Weapon.HighShotgun.111.Weight=0.000000 -> OK
[1354] RowUpdate WorldList.ApolloLoot.Weapon.HighShotgun.01.Weight=0.750000 -> OK
[1355] RowUpdate WorldList.ApolloLoot.Weapon.HighShotgun.02.Weight=0.250000 -> OK
[1356] RowUpdate WorldList.ApolloLoot.Weapon.HighShotgun.03.Weight=0.750000 -> OK
[1357] RowUpdate WorldList.ApolloLoot.Weapon.HighShotgun.04.Weight=0.250000 -> OK
[1358] RowUpdate WorldList.AthenaSupplyDrop.Weapon.Shotgun.02.Weight=0.250000 -> OK
[1359] RowUpdate WorldList.AthenaSupplyDrop.Weapon.Shotgun.03.Weight=0.125000 -> OK
[1360] RowUpdate WorldList.AthenaSupplyDrop.Weapon.Shotgun.04.Weight=0.025000 -> OK
[1361] RowUpdate WorldList.AthenaSupplyDrop.Weapon.Shotgun.06.Weight=0.250000 -> OK
[1362] RowUpdate WorldList.AthenaSupplyDrop.Weapon.Shotgun.07.Weight=0.125000 -> OK
[1363] RowUpdate WorldList.AthenaSupplyDrop.Weapon.Shotgun.08.Weight=0.025000 -> OK
[1364] RowUpdate WorldList.AthenaSupplyDrop.Weapon.Shotgun.108.Weight=0.000000 -> OK
[1365] RowUpdate WorldList.AthenaSupplyDrop.Weapon.Shotgun.111.Weight=0.000000 -> OK
[1366] RowUpdate WorldList.MythicRandom.04.Weight=1.000000 -> OK
[1367] RowUpdate WorldList.MythicRandom.05.Weight=1.000000 -> OK
[1368] RowUpdate WorldList.MythicRandom.08.Weight=1.000000 -> OK
[HOTFIX:SEASON2] Addrow(TableUpdate) なし -> スキップ
[HOTFIX:SEASON2] done: applied=252, deleted=0, skipped=0
[STEP1-3] merge e:\Fmodel\Exports\FortniteGame\Plugins\GameFeatures\BlastBerryLoot\Content\DataTables\AthenaLootPackages_Client_BlastBerryOverride_Habanero.json : replaced=244, added=0
[HOTFIX:SEASON3] target=/BlastBerryLoot/DataTables/AthenaLootPackages_Client_BlastBerryOverride_Habanero
[838] RowUpdate WorldPKG.AthenaLoot.Weapon.HighShotgun.04.LootPackageCall=WorldList.AthenaSupplyDropUtility -> OK
[839] RowUpdate WorldPKG.AthenaLoot.Weapon.HighHandgun.04.LootPackageCall=WorldList.AthenaSupplyDropUtility -> OK
[840] RowUpdate WorldPKG.AthenaLoot.Weapon.HighSMG.04.LootPackageCall=WorldList.AthenaSupplyDropUtility -> OK
[841] RowUpdate WorldPKG.AthenaLoot.Weapon.HighAssaultAuto.04.LootPackageCall=WorldList.AthenaSupplyDropUtility -> OK
[842] RowUpdate WorldPKG.AthenaLoot.Weapon.HighSniper.04.LootPackageCall=WorldList.AthenaSupplyDropUtility -> OK
[843] RowUpdate WorldPKG.AthenaLoot.Weapon.HighRocket.04.LootPackageCall=WorldList.AthenaSupplyDropUtility -> OK
[844] RowUpdate WorldPKG.ApolloLoot.Weapon.HighShotgun.04.LootPackageCall=WorldList.AthenaSupplyDropUtility -> OK
[845] RowUpdate WorldPKG.ApolloLoot.Weapon.SMG.04.LootPackageCall=WorldList.AthenaSupplyDropUtility -> OK
[846] RowUpdate WorldPKG.ApolloLoot.Weapon.AssaultAuto.04.LootPackageCall=WorldList.AthenaSupplyDropUtility -> OK
[847] RowUpdate WorldPKG.ApolloLoot.Weapon.Sniper.04.LootPackageCall=WorldList.AthenaSupplyDropUtility -> OK
[848] RowUpdate WorldPKG.ApolloLoot.Weapon.Rocket.04.LootPackageCall=WorldList.AthenaSupplyDropUtility -> OK
[849] RowUpdate WorldPKG.ApolloLoot.Weapon.HighHandgun.04.LootPackageCall=WorldList.AthenaSupplyDropUtility -> OK
[850] RowUpdate WorldPKG.AthenaSupplyDrop.Weapon.Assault.04.LootPackageCall=WorldList.AthenaSupplyDropUtility -> OK
[851] RowUpdate WorldPKG.AthenaSupplyDrop.Weapon.Shotgun.04.LootPackageCall=WorldList.AthenaSupplyDropUtility -> OK
[852] RowUpdate WorldPKG.AthenaSupplyDrop.Weapon.Sniper.04.LootPackageCall=WorldList.AthenaSupplyDropUtility -> OK
[853] RowUpdate WorldPKG.AthenaSupplyDrop.Weapon.Rocket.04.LootPackageCall=WorldList.AthenaSupplyDropUtility -> OK
[854] RowUpdate WorldPKG.AthenaSupplyDrop.Weapon.SMG.04.LootPackageCall=WorldList.AthenaSupplyDropUtility -> OK
[855] RowUpdate WorldPKG.AthenaSupplyDrop.Weapon.Handgun.04.LootPackageCall=WorldList.AthenaSupplyDropUtility -> OK
[HOTFIX:SEASON3] Addrow(TableUpdate) なし -> スキップ
[HOTFIX:SEASON3] done: applied=18, deleted=0, skipped=0
[WRITE] final -> E:\フォートナイト\Picture\Loot Pool\TEST4\New Loot\System Update\Reload_Ranked\input\AthenaLootPackages_Client__final.json
[WRITE] per-input -> E:\フォートナイト\Picture\Loot Pool\TEST4\New Loot\System Update\Reload_Ranked\input\BlastBerryLootPackages_Habanero__final.json
[WRITE] per-input -> E:\フォートナイト\Picture\Loot Pool\TEST4\New Loot\System Update\Reload_Ranked\input\AthenaLootPackages_Client_BlastBerryOverride_Habanero__final.json
2026-05-07 23:26:15 | INFO | hotfix start: E:\フォートナイト\Picture\Loot Pool\TEST4\New Loot\System Update\LootTier.py
2026-05-07 23:26:15 | INFO | hotfix lt stdout: [STEP1-1] base e:\Fmodel\Exports\FortniteGame\Content\Items\DataTables\AthenaLootTierData_Client.json
[HOTFIX:SEASON1] target=/Game/Items/Datatables/AthenaLootTierData_Client
[HOTFIX:SEASON1] done: applied=0, deleted=0, skipped=0
[STEP1-2] merge e:\Fmodel\Exports\FortniteGame\Plugins\GameFeatures\BlastBerryLoot\Content\DataTables\Habanero\BlastBerryTierData_Habanero.json : replaced=1, added=60
[HOTFIX:SEASON2] target=/BlastBerryLoot/DataTables/Habanero/BlastBerryTierData_Habanero
[HOTFIX:SEASON2] done: applied=0, deleted=0, skipped=0
[STEP1-3] merge e:\Fmodel\Exports\FortniteGame\Plugins\GameFeatures\BlastBerryLoot\Content\DataTables\AthenaLootTierData_Client_BlastBerryOverride_Habanero.json : replaced=264, added=0
[HOTFIX:SEASON3] target=/BlastBerryLoot/DataTables/AthenaLootTierData_Client_BlastBerryOverride_Habanero
[HOTFIX:SEASON3] done: applied=0, deleted=0, skipped=0
[WRITE] final -> E:\フォートナイト\Picture\Loot Pool\TEST4\New Loot\System Update\Reload_Ranked\input\AthenaLootTierData_Client__final.json
[WRITE] per-input -> E:\フォートナイト\Picture\Loot Pool\TEST4\New Loot\System Update\Reload_Ranked\input\BlastBerryTierData_Habanero__final.json
[WRITE] per-input -> E:\フォートナイト\Picture\Loot Pool\TEST4\New Loot\System Update\Reload_Ranked\input\AthenaLootTierData_Client_BlastBerryOverride_Habanero__final.json
2026-05-07 23:26:15 | INFO | ✓ Hotfix 適用完了 (1.10s)
2026-05-07 23:26:15 | INFO | load lt: E:\フォートナイト\Picture\Loot Pool\TEST4\New Loot\System Update\Reload_Ranked\input\AthenaLootTierData_Client__final.json
2026-05-07 23:26:15 | INFO | load lp: E:\フォートナイト\Picture\Loot Pool\TEST4\New Loot\System Update\Reload_Ranked\input\AthenaLootPackages_Client__final.json
2026-05-07 23:26:15 | INFO | load done (0.03s)
2026-05-07 23:26:15 | INFO | build summary start
2026-05-07 23:26:15 | INFO | build summary done (0.03s)
2026-05-07 23:26:15 | INFO | enrich summary with names start
2026-05-07 23:26:15 | INFO | enrich summary done (0.00s)
2026-05-07 23:26:15 | INFO | ✅ まとめJSONを作成: E:\フォートナイト\Picture\Loot Pool\TEST4\New Loot\System Update\Reload_Ranked\output\summary\v39.30_2026-05-07_23-26.json
2026-05-07 23:26:15 | INFO | build item metadata start
