2026-07-16 17:52:33 | INFO | log file: E:\フォートナイト\Picture\Loot Pool\TEST4\New Loot\System Update\Reload_Ranked\output\logs\pipeline_2026-07-16_17-52-33.log
2026-07-16 17:52:33 | INFO | ===== Reload_Ranked: pipeline start =====
2026-07-16 17:52:33 | INFO | paths: lt=E:\フォートナイト\Picture\Loot Pool\TEST4\New Loot\System Update\Reload_Ranked\input\AthenaLootTierData_Client__final.json lp=E:\フォートナイト\Picture\Loot Pool\TEST4\New Loot\System Update\Reload_Ranked\input\AthenaLootPackages_Client__final.json minlist=E:\フォートナイト\Picture\Loot Pool\TEST4\New Loot\System Update\Reload_Ranked\input\items_unique_min.json
2026-07-16 17:52:33 | INFO | output: summary=E:\フォートナイト\Picture\Loot Pool\TEST4\New Loot\System Update\Reload_Ranked\output\summary lootdata=E:\フォートナイト\Picture\Loot Pool\TEST4\New Loot\System Update\戦利品データ\Reload_Ranked
2026-07-16 17:52:33 | INFO | flags: hotfix=True prewarm=True image=True workers=8
2026-07-16 17:52:33 | INFO | hotfix start: E:\フォートナイト\Picture\Loot Pool\TEST4\New Loot\System Update\LootPackage.py
2026-07-16 17:52:34 | INFO | hotfix lp stdout: [STEP1-1] base e:\Fmodel\Exports\FortniteGame\Content\Items\DataTables\AthenaLootPackages_Client.json
[HOTFIX:SEASON1] target=/Game/Items/Datatables/AthenaLootPackages_Client
[745] RowUpdate PKG_Chest_Weapon_Shotgun_16.Weight=0.025000 -> OK
[746] RowUpdate PKG_Chest_Weapon_Handgun_16.Weight=0.025000 -> OK
[747] RowUpdate PKG_Chest_Weapon_SMG_16.Weight=0.025000 -> OK
[748] RowUpdate PKG_Chest_Weapon_Assault_16.Weight=0.025000 -> OK
[749] RowUpdate PKG_Chest_Weapon_Sniper_16.Weight=0.025000 -> OK
[750] RowUpdate PKG_RareChest_Weapon_Shotgun_14.Weight=0.060000 -> OK
[751] RowUpdate PKG_RareChest_Weapon_Handgun_14.Weight=0.060000 -> OK
[752] RowUpdate PKG_RareChest_Weapon_SMG_14.Weight=0.060000 -> OK
[753] RowUpdate PKG_RareChest_Weapon_Assault_14.Weight=0.060000 -> OK
[754] RowUpdate PKG_RareChest_Weapon_Sniper_14.Weight=0.060000 -> OK
[757] RowUpdate PKG_RareAmmoBox_09.Weight=0.000000 -> OK
[767] RowUpdate PKG_Chest_Weapon_Assault_08.Weight=0.370000 -> OK
[768] RowUpdate PKG_Chest_Weapon_Sniper_08.Weight=0.370000 -> OK
[769] RowUpdate PKG_RareChest_Weapon_Handgun_06.Weight=0.450000 -> OK
[770] RowUpdate PKG_RareChest_Weapon_SMG_06.Weight=0.450000 -> OK
[771] RowUpdate PKG_RareChest_Weapon_Assault_06.Weight=0.450000 -> OK
[772] RowUpdate PKG_RareChest_Weapon_Sniper_06.Weight=0.450000 -> OK
[773] RowUpdate PKG_Chest_Weapon_Shotgun_09.Weight=0.000000 -> OK
[901] RowUpdate PKG_FishingDefault_Light_05.Weight=0.0 -> OK
[902] RowUpdate PKG_FishingHole_Light_05.Weight=0.0 -> OK
[903] RowUpdate PKG_FishingHole_Upgrade_Light_04.Weight=0.0 -> OK
[904] RowUpdate PKG_FishingHole_Upgrade_Light_05.Weight=0.0 -> OK
[HOTFIX:SEASON1] Addrow(TableUpdate) なし -> スキップ
[HOTFIX:SEASON1] done: applied=22, deleted=0, skipped=0
[STEP1-2] merge e:\Fmodel\Exports\FortniteGame\Plugins\GameFeatures\BlastBerryLoot\Content\DataTables\Habanero\BlastBerryLootPackages_Habanero.json : replaced=0, added=2289
[HOTFIX:SEASON2] target=/BlastBerryLoot/DataTables/Habanero/BlastBerryLootPackages_Habanero
[1216] RowUpdate WorldList.AthenaWadStash.Medium.01.CountRange=(X=100,Y=100) -> OK
[1217] RowUpdate WorldList.AthenaWadStash.Large.01.CountRange=(X=200,Y=200) -> OK
[1218] RowUpdate WorldList.AthenaWadSafe.01.CountRange=(X=300,Y=300) -> OK
[1219] RowUpdate WorldList.AthenaWadGoldBarStack.Small.01.CountRange=(X=50,Y=50) -> OK
[1220] RowUpdate WorldList.AthenaWadGoldBarStack.Medium.01.CountRange=(X=100,Y=100) -> OK
[1221] RowUpdate WorldList.AthenaWadGoldBarStack.Large.01.CountRange=(X=200,Y=200) -> OK
[1222] RowUpdate WorldList.AthenaWadChests.01.CountRange=(X=50,Y=50) -> OK
[1223] RowUpdate WorldList.AthenaWadChests.02.CountRange=(X=75,Y=75) -> OK
[1224] RowUpdate WorldList.AthenaWadChests.03.Weight=0.050000 -> OK
[1225] RowUpdate WorldList.AthenaWadChests.03.CountRange=(X=100,Y=100) -> OK
[1226] RowUpdate WorldList.ApolloWadChests.01.CountRange=(X=100,Y=100) -> OK
[1227] RowUpdate WorldList.ApolloWadChests.02.CountRange=(X=150,Y=150) -> OK
[1228] RowUpdate WorldList.ApolloWadChests.03.CountRange=(X=250,Y=250) -> OK
[1278] RowUpdate WorldList.AthenaLoot.Weapon.Shotgun.91.Weight=0.000000 -> OK
[1279] RowUpdate WorldList.AthenaLoot.Weapon.HighShotgun.129.Weight=0.000000 -> OK
[1280] RowUpdate WorldList.AthenaSupplyDrop.Weapon.Shotgun.129.Weight=0.000000 -> OK
[1281] RowUpdate WorldList.AthenaLoot.Weapon.Handgun.25.Weight=0.000000 -> OK
[1282] RowUpdate WorldList.AthenaLoot.Weapon.Handgun.26.Weight=0.000000 -> OK
[1283] RowUpdate WorldList.AthenaLoot.Weapon.HighHandgun.36.Weight=0.000000 -> OK
[1284] RowUpdate WorldList.AthenaLoot.Weapon.HighHandgun.37.Weight=0.000000 -> OK
[1285] RowUpdate WorldList.AthenaLoot.Weapon.HighHandgun.38.Weight=0.000000 -> OK
[1286] RowUpdate WorldList.AthenaLoot.Weapon.HighHandgun.39.Weight=0.000000 -> OK
[1287] RowUpdate WorldList.ApolloLoot.Weapon.HighHandgun.20.Weight=0.000000 -> OK
[1288] RowUpdate WorldList.ApolloLoot.Weapon.HighHandgun.21.Weight=0.000000 -> OK
[1289] RowUpdate WorldList.AthenaSupplyDrop.Weapon.Handgun.36.Weight=0.000000 -> OK
[1290] RowUpdate WorldList.AthenaSupplyDrop.Weapon.Handgun.37.Weight=0.000000 -> OK
[1291] RowUpdate WorldList.AthenaSupplyDrop.Weapon.Handgun.38.Weight=0.000000 -> OK
[HOTFIX:SEASON2] Addrow(TableUpdate) なし -> スキップ
[HOTFIX:SEASON2] done: applied=27, deleted=0, skipped=0
[STEP1-3] merge e:\Fmodel\Exports\FortniteGame\Plugins\GameFeatures\BlastBerryLoot\Content\DataTables\AthenaLootPackages_Client_BlastBerryOverride_Habanero.json : replaced=5, added=239
[HOTFIX:SEASON3] target=/BlastBerryLoot/DataTables/AthenaLootPackages_Client_BlastBerryOverride_Habanero
[1260] RowUpdate WorldPKG.AthenaLoot.Weapon.HighShotgun.04.LootPackageCall=WorldList.AthenaSupplyDropUtility -> OK
[1261] RowUpdate WorldPKG.AthenaLoot.Weapon.HighHandgun.04.LootPackageCall=WorldList.AthenaSupplyDropUtility -> OK
[1262] RowUpdate WorldPKG.AthenaLoot.Weapon.HighSMG.04.LootPackageCall=WorldList.AthenaSupplyDropUtility -> OK
[1263] RowUpdate WorldPKG.AthenaLoot.Weapon.HighAssaultAuto.04.LootPackageCall=WorldList.AthenaSupplyDropUtility -> OK
[1264] RowUpdate WorldPKG.AthenaLoot.Weapon.HighSniper.04.LootPackageCall=WorldList.AthenaSupplyDropUtility -> OK
[1265] RowUpdate WorldPKG.AthenaLoot.Weapon.HighRocket.04.LootPackageCall=WorldList.AthenaSupplyDropUtility -> OK
[1266] RowUpdate WorldPKG.ApolloLoot.Weapon.HighShotgun.04.LootPackageCall=WorldList.AthenaSupplyDropUtility -> OK
[1267] RowUpdate WorldPKG.ApolloLoot.Weapon.SMG.04.LootPackageCall=WorldList.AthenaSupplyDropUtility -> OK
[1268] RowUpdate WorldPKG.ApolloLoot.Weapon.AssaultAuto.04.LootPackageCall=WorldList.AthenaSupplyDropUtility -> OK
[1269] RowUpdate WorldPKG.ApolloLoot.Weapon.Sniper.04.LootPackageCall=WorldList.AthenaSupplyDropUtility -> OK
[1270] RowUpdate WorldPKG.ApolloLoot.Weapon.Rocket.04.LootPackageCall=WorldList.AthenaSupplyDropUtility -> OK
[1271] RowUpdate WorldPKG.ApolloLoot.Weapon.HighHandgun.04.LootPackageCall=WorldList.AthenaSupplyDropUtility -> OK
[1272] RowUpdate WorldPKG.AthenaSupplyDrop.Weapon.Assault.04.LootPackageCall=WorldList.AthenaSupplyDropUtility -> OK
[1273] RowUpdate WorldPKG.AthenaSupplyDrop.Weapon.Shotgun.04.LootPackageCall=WorldList.AthenaSupplyDropUtility -> OK
[1274] RowUpdate WorldPKG.AthenaSupplyDrop.Weapon.Sniper.04.LootPackageCall=WorldList.AthenaSupplyDropUtility -> OK
[1275] RowUpdate WorldPKG.AthenaSupplyDrop.Weapon.Rocket.04.LootPackageCall=WorldList.AthenaSupplyDropUtility -> OK
[1276] RowUpdate WorldPKG.AthenaSupplyDrop.Weapon.SMG.04.LootPackageCall=WorldList.AthenaSupplyDropUtility -> OK
[1277] RowUpdate WorldPKG.AthenaSupplyDrop.Weapon.Handgun.04.LootPackageCall=WorldList.AthenaSupplyDropUtility -> OK
[HOTFIX:SEASON3] Addrow(TableUpdate) なし -> スキップ
[HOTFIX:SEASON3] done: applied=18, deleted=0, skipped=0
[WRITE] final -> E:\フォートナイト\Picture\Loot Pool\TEST4\New Loot\System Update\Reload_Ranked\input\AthenaLootPackages_Client__final.json
[WRITE] per-input -> E:\フォートナイト\Picture\Loot Pool\TEST4\New Loot\System Update\Reload_Ranked\input\BlastBerryLootPackages_Habanero__final.json
[WRITE] per-input -> E:\フォートナイト\Picture\Loot Pool\TEST4\New Loot\System Update\Reload_Ranked\input\AthenaLootPackages_Client_BlastBerryOverride_Habanero__final.json
2026-07-16 17:52:34 | INFO | hotfix start: E:\フォートナイト\Picture\Loot Pool\TEST4\New Loot\System Update\LootTier.py
2026-07-16 17:52:34 | INFO | hotfix lt stdout: [STEP1-1] base e:\Fmodel\Exports\FortniteGame\Content\Items\DataTables\AthenaLootTierData_Client.json
[HOTFIX:SEASON1] target=/Game/Items/Datatables/AthenaLootTierData_Client
[HOTFIX:SEASON1] done: applied=0, deleted=0, skipped=0
[STEP1-2] merge e:\Fmodel\Exports\FortniteGame\Plugins\GameFeatures\BlastBerryLoot\Content\DataTables\Habanero\BlastBerryTierData_Habanero.json : replaced=4, added=71
[HOTFIX:SEASON2] target=/BlastBerryLoot/DataTables/Habanero/BlastBerryTierData_Habanero
[691] RowUpdate LTG_Reboot_Early_01.LootPackageCategoryMinArray=(1,0,1,1,1,0,0,0,0,0,0) -> OK
[692] RowUpdate LTG_Reboot_Mid_01.LootPackageCategoryMinArray=(1,1,1,1,1,1,0,0,0,0,0) -> OK
[693] RowUpdate LTG_Reboot_Late_01.LootPackageCategoryMinArray=(1,1,1,1,1,1,1,0,0,0,0) -> OK
[HOTFIX:SEASON2] done: applied=3, deleted=0, skipped=0
[STEP1-3] merge e:\Fmodel\Exports\FortniteGame\Plugins\GameFeatures\BlastBerryLoot\Content\DataTables\AthenaLootTierData_Client_BlastBerryOverride_Habanero.json : replaced=64, added=200
[HOTFIX:SEASON3] target=/BlastBerryLoot/DataTables/AthenaLootTierData_Client_BlastBerryOverride_Habanero
[HOTFIX:SEASON3] done: applied=0, deleted=0, skipped=0
[WRITE] final -> E:\フォートナイト\Picture\Loot Pool\TEST4\New Loot\System Update\Reload_Ranked\input\AthenaLootTierData_Client__final.json
[WRITE] per-input -> E:\フォートナイト\Picture\Loot Pool\TEST4\New Loot\System Update\Reload_Ranked\input\BlastBerryTierData_Habanero__final.json
[WRITE] per-input -> E:\フォートナイト\Picture\Loot Pool\TEST4\New Loot\System Update\Reload_Ranked\input\AthenaLootTierData_Client_BlastBerryOverride_Habanero__final.json
2026-07-16 17:52:34 | INFO | ✓ Hotfix 適用完了 (1.10s)
2026-07-16 17:52:34 | INFO | load lt: E:\フォートナイト\Picture\Loot Pool\TEST4\New Loot\System Update\Reload_Ranked\input\AthenaLootTierData_Client__final.json
2026-07-16 17:52:34 | INFO | load lp: E:\フォートナイト\Picture\Loot Pool\TEST4\New Loot\System Update\Reload_Ranked\input\AthenaLootPackages_Client__final.json
2026-07-16 17:52:34 | INFO | load done (0.02s)
2026-07-16 17:52:34 | INFO | build summary start
2026-07-16 17:52:34 | INFO | build summary done (0.03s)
2026-07-16 17:52:34 | INFO | enrich summary with names start
2026-07-16 17:52:34 | INFO | enrich summary done (0.00s)
2026-07-16 17:52:34 | INFO | ✅ まとめJSONを作成: E:\フォートナイト\Picture\Loot Pool\TEST4\New Loot\System Update\Reload_Ranked\output\summary\v39.30_2026-07-16_17-52.json
2026-07-16 17:52:34 | INFO | build item metadata start
2026-07-16 17:53:26 | INFO | ✅ アイテム名・説明・タグJSONを更新: E:\フォートナイト\Picture\Loot Pool\TEST4\New Loot\System Update\shared\cache\item_metadata.json (51.52s)
2026-07-16 17:53:26 | INFO | build BR_LootData start
2026-07-16 17:53:26 | INFO | build BR_LootData done (0.00s)
2026-07-16 17:53:26 | INFO | ✅ BR_LootData を作成: E:\フォートナイト\Picture\Loot Pool\TEST4\New Loot\System Update\戦利品データ\Reload_Ranked\Reload_Ranked_LootData_2026-07-16_17-53.json
2026-07-16 17:53:26 | INFO | ✅ Web LootPool を更新: E:\フォートナイト\Web\assets\data\Loot\Reload_Ranked_LootPool.json
2026-07-16 17:53:26 | INFO | LootSummary start: E:\フォートナイト\Picture\Loot Pool\TEST4\New Loot\System Update\Reload_Ranked\scripts\LootSummary.py
2026-07-16 17:53:26 | INFO | LootSummary stdout: 🔎 抽出用: 最新ファイル = E:\フォートナイト\Picture\Loot Pool\TEST4\New Loot\System Update\Reload_Ranked\output\summary\v39.30_2026-07-16_17-52.json
✅ 抽出件数: 144
💾 保存: E:\フォートナイト\Picture\Loot Pool\TEST4\New Loot\System Update\Reload_Ranked\input\items_unique_min.json
🔎 比較用: base   = E:\フォートナイト\Picture\Loot Pool\TEST4\New Loot\System Update\Reload_Ranked\output\summary\v39.30_2026-06-06_11-02.json
🔎 比較用: target = E:\フォートナイト\Picture\Loot Pool\TEST4\New Loot\System Update\Reload_Ranked\output\summary\v39.30_2026-07-16_17-52.json
✅ 差分作成 完了
  追加   : 5 / 削除 : 28 / 変更 : 0 / 変化なし : 139
💾 差分: E:\フォートナイト\Picture\Loot Pool\TEST4\New Loot\System Update\Reload_Ranked\output\history\BR_20260716_1753\items_unique_min_diff.json
2026-07-16 17:53:26 | WARNING | LootSummary stderr: E:\フォートナイト\Picture\Loot Pool\TEST4\New Loot\System Update\Reload_Ranked\scripts\LootSummary.py:2: SyntaxWarning: invalid escape sequence '\B'
  """
2026-07-16 17:53:26 | INFO | ✅ LootSummary 実行完了（抽出→比較） (0.33s)
2026-07-16 17:53:26 | INFO | prewarm start
2026-07-16 17:53:29 | INFO | ✅ アイコンキャッシュ プリウォーム完了 (2.31s)
2026-07-16 17:53:29 | INFO | 画像化タスク数: 144
2026-07-16 17:53:29 | INFO | 画像生成 進捗: 1/144
2026-07-16 17:53:29 | INFO | 画像生成 進捗: 50/144
2026-07-16 17:53:30 | INFO | 画像生成 進捗: 100/144
2026-07-16 17:53:31 | INFO | 画像生成 進捗: 144/144
2026-07-16 17:53:31 | INFO | ✅ 画像生成 完了（MinListベース）
2026-07-16 17:53:31 | INFO | ✅ Loot diff を作成: E:\フォートナイト\Web\assets\data\Loot\diff\Reload_Ranked_2026-07-16_17-53-31.json (added=6 removed=32 change=78)
2026-07-16 17:53:31 | INFO | ✅ AddedItems 画像を保存: E:\フォートナイト\Picture\Loot Pool\TEST4\New Loot\System Update\shared\images\Reload_Ranked\AddedItems\2026-07-16_17-53-31 (copied=6 missing=0)
2026-07-16 17:53:31 | INFO | git add: E:\フォートナイト\Picture\Loot Pool\TEST4\New Loot
2026-07-16 17:53:36 | INFO | git commit stdout: [main 9dbf393] Reload_Ranked update 2026-07-16 17:53:35
 18 files changed, 50798 insertions(+), 752 deletions(-)
 create mode 100644 System Update/Reload_Ranked/output/history/BR_20260716_1753/items_unique_min_diff.json
 create mode 100644 System Update/Reload_Ranked/output/logs/pipeline_2026-07-16_17-52-33.log
 create mode 100644 System Update/Reload_Ranked/output/summary/v39.30_2026-07-16_17-52.json
 create mode 100644 "System Update/shared/images/Reload_Ranked/AddedItems/2026-07-16_17-53-31/\343\203\206\343\202\243\343\202\2422 - \343\202\262\343\203\274\343\203\210\343\202\255\343\203\274\343\203\221\343\203\274\343\202\267\343\203\247\343\203\203\343\203\210\343\202\254\343\203\263.png"
 create mode 100644 "System Update/shared/images/Reload_Ranked/AddedItems/2026-07-16_17-53-31/\343\203\206\343\202\243\343\202\2422 - \343\203\242\343\203\253\343\203\225\343\202\241\343\202\244\343\203\210\343\203\273\343\202\277\343\202\257\343\203\206\343\202\243\343\202\253\343\203\253\343\202\267\343\203\247\343\203\203\343\203\210\343\202\254\343\203\263.png"
 create mode 100644 "System Update/shared/images/Reload_Ranked/AddedItems/2026-07-16_17-53-31/\343\203\206\343\202\243\343\202\2423 - \343\202\262\343\203\274\343\203\210\343\202\255\343\203\274\343\203\221\343\203\274\343\202\267\343\203\247\343\203\203\343\203\210\343\202\254\343\203\263.png"
 create mode 100644 "System Update/shared/images/Reload_Ranked/AddedItems/2026-07-16_17-53-31/\343\203\206\343\202\243\343\202\2423 - \343\202\267\343\203\274\343\203\253\343\203\211\343\202\261\343\202\260.png"
 create mode 100644 "System Update/shared/images/Reload_Ranked/AddedItems/2026-07-16_17-53-31/\343\203\206\343\202\243\343\202\2424 - \343\202\262\343\203\274\343\203\210\343\202\255\343\203\274\343\203\221\343\203\274\343\202\267\343\203\247\343\203\203\343\203\210\343\202\254\343\203\263.png"
 create mode 100644 "System Update/shared/images/Reload_Ranked/AddedItems/2026-07-16_17-53-31/\343\203\206\343\202\243\343\202\2425 - \343\202\262\343\203\274\343\203\210\343\202\255\343\203\274\343\203\221\343\203\274\343\202\267\343\203\247\343\203\203\343\203\210\343\202\254\343\203\263.png"
 create mode 100644 "System Update/\346\210\246\345\210\251\345\223\201\343\203\207\343\203\274\343\202\277/Reload_Ranked/Reload_Ranked_LootData_2026-07-16_17-53.json"
2026-07-16 17:53:45 | WARNING | git push stderr: To https://github.com/Greenfox0833/New-Loot.git
   1f11e4f..9dbf393  main -> main
2026-07-16 17:53:45 | INFO | ✓ GitHub Push 完了
2026-07-16 17:53:45 | INFO | ===== Reload_Ranked: pipeline end =====
