2026-09-17 17:41:57 | INFO | log file: E:\フォートナイト\Picture\Loot Pool\TEST4\New Loot\System Update\Reload_Ranked\output\logs\pipeline_2026-09-17_17-41-57.log
2026-09-17 17:41:57 | INFO | ===== Reload_Ranked: pipeline start =====
2026-09-17 17:41:57 | INFO | paths: lt=E:\フォートナイト\Picture\Loot Pool\TEST4\New Loot\System Update\Reload_Ranked\input\AthenaLootTierData_Client__final.json lp=E:\フォートナイト\Picture\Loot Pool\TEST4\New Loot\System Update\Reload_Ranked\input\AthenaLootPackages_Client__final.json minlist=E:\フォートナイト\Picture\Loot Pool\TEST4\New Loot\System Update\Reload_Ranked\input\items_unique_min.json
2026-09-17 17:41:57 | INFO | output: summary=E:\フォートナイト\Picture\Loot Pool\TEST4\New Loot\System Update\Reload_Ranked\output\summary lootdata=E:\フォートナイト\Picture\Loot Pool\TEST4\New Loot\System Update\戦利品データ\Reload_Ranked
2026-09-17 17:41:57 | INFO | flags: hotfix=True prewarm=True image=True workers=8
2026-09-17 17:41:57 | INFO | hotfix start: E:\フォートナイト\Picture\Loot Pool\TEST4\New Loot\System Update\LootPackage.py
2026-09-17 17:42:01 | INFO | hotfix lp stdout: [STEP1-1] base http://localhost:3849/api/v1/export?path=FortniteGame/Content/Items/DataTables/AthenaLootPackages_Client.uasset
[STEP1-2] merge http://localhost:3849/api/v1/export?path=FortniteGame/Plugins/GameFeatures/BlastBerryLoot/Content/DataTables/Habanero/BlastBerryLootPackages_Habanero.uasset : replaced=0, added=2378
[STEP1-3] merge http://localhost:3849/api/v1/export?path=FortniteGame/Plugins/GameFeatures/BlastBerryLoot/Content/DataTables/AthenaLootPackages_Client_BlastBerryOverride_Habanero.uasset : replaced=8, added=239
[HOTFIX:SEASON1] target=/Game/Items/Datatables/AthenaLootPackages_Client
[771] RowUpdate PKG_Chest_Weapon_Shotgun_16.Weight=0.025000 -> OK
[772] RowUpdate PKG_Chest_Weapon_Handgun_16.Weight=0.025000 -> OK
[773] RowUpdate PKG_Chest_Weapon_SMG_16.Weight=0.025000 -> OK
[774] RowUpdate PKG_Chest_Weapon_Assault_16.Weight=0.025000 -> OK
[775] RowUpdate PKG_Chest_Weapon_Sniper_16.Weight=0.025000 -> OK
[776] RowUpdate PKG_RareChest_Weapon_Shotgun_14.Weight=0.060000 -> OK
[777] RowUpdate PKG_RareChest_Weapon_Handgun_14.Weight=0.060000 -> OK
[778] RowUpdate PKG_RareChest_Weapon_SMG_14.Weight=0.060000 -> OK
[779] RowUpdate PKG_RareChest_Weapon_Assault_14.Weight=0.060000 -> OK
[780] RowUpdate PKG_RareChest_Weapon_Sniper_14.Weight=0.060000 -> OK
[781] RowUpdate PKG_RareAmmoBox_09.Weight=0.000000 -> OK
[791] RowUpdate PKG_Chest_Weapon_Assault_08.Weight=0.0000 -> OK
[792] RowUpdate PKG_Chest_Weapon_Sniper_08.Weight=0.00000 -> OK
[793] RowUpdate PKG_RareChest_Weapon_Handgun_06.Weight=0.00000 -> OK
[794] RowUpdate PKG_RareChest_Weapon_SMG_06.Weight=0.00000 -> OK
[795] RowUpdate PKG_RareChest_Weapon_Assault_06.Weight=0.00000 -> OK
[796] RowUpdate PKG_RareChest_Weapon_Sniper_06.Weight=0.00000 -> OK
[797] RowUpdate PKG_Chest_Weapon_Shotgun_07.Weight=0.120000 -> OK
[798] RowUpdate PKG_Chest_Weapon_Handgun_07.Weight=0.120000 -> OK
[799] RowUpdate PKG_Chest_Weapon_SMG_07.Weight=0.120000 -> OK
[800] RowUpdate PKG_Chest_Weapon_Assault_07.Weight=0.120000 -> OK
[801] RowUpdate PKG_Chest_Weapon_Sniper_07.Weight=0.120000 -> OK
[802] RowUpdate PKG_Chest_Weapon_Launcher_07.Weight=0.120000 -> OK
[803] RowUpdate PKG_RareChest_Weapon_Shotgun_05.Weight=0.140000 -> OK
[804] RowUpdate PKG_RareChest_Weapon_Handgun_05.Weight=0.140000 -> OK
[805] RowUpdate PKG_RareChest_Weapon_SMG_05.Weight=0.140000 -> OK
[806] RowUpdate PKG_RareChest_Weapon_Assault_05.Weight=0.140000 -> OK
[807] RowUpdate PKG_RareChest_Weapon_Sniper_05.Weight=0.140000 -> OK
[808] RowUpdate PKG_RareChest_Weapon_Launcher_05.Weight=0.140000 -> OK
[1176] RowUpdate LIST_Gold_Small_01.CountRange=(X=150,Y=150) -> OK
[1177] RowUpdate LIST_Gold_Small_02.CountRange=(X=185,Y=185) -> OK
[1178] RowUpdate LIST_Gold_Small_03.CountRange=(X=260,Y=260) -> OK
[1179] RowUpdate LIST_Gold_Small_04.CountRange=(X=400,Y=400) -> OK
[1180] RowUpdate LIST_Gold_Small_05.CountRange=(X=550,Y=550) -> OK
[1181] RowUpdate LIST_Gold_Medium_01.CountRange=(X=375,Y=375) -> OK
[1182] RowUpdate LIST_Gold_Large_01.CountRange=(X=450,Y=450) -> OK
[1183] RowUpdate LIST_Gold_ExtraLarge_01.CountRange=(X=750,Y=750) -> OK
[1184] RowUpdate LIST_Gold_ExtraLarge_02.CountRange=(X=900,Y=900) -> OK
[1185] RowUpdate LIST_Gold_ExtraLarge_03.CountRange=(X=1125,Y=1125) -> OK
[1186] RowUpdate LIST_Gold_ExtraLarge_04.CountRange=(X=1300,Y=1300) -> OK
[1187] RowUpdate LIST_Gold_ExtraLarge_05.CountRange=(X=2250,Y=2250) -> OK
[1188] RowUpdate LIST_Gold_Register_01.CountRange=(X=150,Y=150) -> OK
[1189] RowUpdate LIST_Gold_Register_02.CountRange=(X=185,Y=185) -> OK
[1190] RowUpdate LIST_Gold_Register_03.CountRange=(X=260,Y=260) -> OK
[1191] RowUpdate LIST_Gold_Register_04.CountRange=(X=375,Y=375) -> OK
[1192] RowUpdate LIST_Gold_Register_05.CountRange=(X=560,Y=560) -> OK
[1193] RowUpdate LIST_Gold_Safe_01.CountRange=(X=150,Y=150) -> OK
[1194] RowUpdate LIST_Gold_Safe_02.CountRange=(X=185,Y=185) -> OK
[1195] RowUpdate LIST_Gold_Safe_03.CountRange=(X=260,Y=260) -> OK
[1196] RowUpdate LIST_Gold_Safe_04.CountRange=(X=375,Y=375) -> OK
[1197] RowUpdate LIST_Gold_Safe_05.CountRange=(X=560,Y=560) -> OK
[1198] RowUpdate LIST_Chest_Gold_01.CountRange=(X=55,Y=55) -> OK
[1199] RowUpdate LIST_Chest_Gold_02.CountRange=(X=70,Y=70) -> OK
[1200] RowUpdate LIST_Chest_Gold_03.CountRange=(X=85,Y=85) -> OK
[1201] RowUpdate LIST_Chest_Gold_04.CountRange=(X=110,Y=110) -> OK
[1202] RowUpdate LIST_Chest_Gold_05.CountRange=(X=225,Y=225) -> OK
[1203] RowUpdate LIST_RareChest_Gold_01.CountRange=(X=95,Y=95) -> OK
[1204] RowUpdate LIST_RareChest_Gold_02.CountRange=(X=115,Y=115) -> OK
[1205] RowUpdate LIST_RareChest_Gold_03.CountRange=(X=150,Y=150) -> OK
[1206] RowUpdate LIST_RareChest_Gold_04.CountRange=(X=240,Y=240) -> OK
[1207] RowUpdate LIST_RareChest_Gold_05.CountRange=(X=375,Y=375) -> OK
[1208] RowUpdate LIST_Fishing_Gold_01.CountRange=(X=375,Y=3753) -> OK
[1209] RowUpdate LIST_FishingHole_Gold_01.CountRange=(X=750,Y=750) -> OK
[1285] RowUpdate PKG_FishingDefault_Consumable_03.Weight=0.010000 -> OK
[1286] RowUpdate PKG_FishingHole_Consumable_03.Weight=0.010000 -> OK
[1319] RowUpdate PKG_FishingDefault_Light_05.Weight=0.000000 -> OK
[1320] RowUpdate PKG_FishingHole_Light_05.Weight=0.000000 -> OK
[1321] RowUpdate PKG_FishingDefault_Light_05.Weight=0.000000 -> OK
[1322] RowUpdate PKG_FishingHole_Light_05.Weight=0.000000 -> OK
[1330] RowUpdate PKG_FishingDefault_Consumable_03.Weight=0.008000 -> OK
[1372] RowUpdate LIST_RareRodBox_05.Weight=0.000000 -> OK
[1373] RowUpdate LIST_RareRodBox_Harpoon_01.Weight=0.000000 -> OK
[1944] RowUpdate PKG_FishingDefault_Consumable_01.Weight=0.030000 -> OK
[1945] RowUpdate PKG_FishingDefault_Consumable_02.Weight=0.000000 -> OK
[1946] RowUpdate PKG_FishingDefault_Consumable_03.Weight=0.000000 -> OK
[1947] RowUpdate PKG_FishingDefault_Consumable_07.Weight=0.970000 -> OK
[1948] RowUpdate PKG_FishingDefault_Consumable_07.LootPackageCall=LIST_Ammo_Random -> OK
[HOTFIX:SEASON1] Addrow(TableUpdate) なし -> スキップ
[HOTFIX:SEASON1] done: applied=77, deleted=0, skipped=0
[HOTFIX:SEASON2] target=/BlastBerryLoot/DataTables/Habanero/BlastBerryLootPackages_Habanero
[1573] RowUpdate WorldList.AthenaHighConsumables.Utility.10.Weight=0.000000 -> OK
[1574] RowUpdate WorldList.AthenaHighConsumablesRare.Utility.10.Weight=0.000000 -> OK
[1575] RowUpdate WorldList.AthenaSupplyDropConsumables.15.Weight=0.000000 -> OK
[1576] RowUpdate WorldList.AthenaSupplyDropConsumables.Utility.10.Weight=0.000000 -> OK
[1577] RowUpdate WorldList.AthenaConsumables.Utility.10.Weight=0.000000 -> OK
[1578] RowUpdate WorldList.MythicRandom.62.Weight=0.000000 -> OK
[1752] RowUpdate WorldList.AthenaLoot.Weapon.Handgun.39.Weight=0.00000 -> OK
[1753] RowUpdate WorldList.AthenaLoot.Weapon.HighHandgun.59.Weight=0.00000 -> OK
[1754] RowUpdate WorldList.AthenaLoot.Weapon.SMG.15.Weight=0.000000 -> OK
[1755] RowUpdate WorldList.AthenaLoot.Weapon.SMG.16.Weight=0.400000 -> OK
[1756] RowUpdate WorldList.AthenaLoot.Weapon.SMG.17.Weight=0.080000 -> OK
[1757] RowUpdate WorldList.AthenaLoot.Weapon.HighSMG.21.Weight=0.00000 -> OK
[1758] RowUpdate WorldList.AthenaLoot.Weapon.HighSMG.22.Weight=0.00000 -> OK
[1759] RowUpdate WorldList.AthenaLoot.Weapon.HighSMG.23.Weight=0.0000 -> OK
[1760] RowUpdate WorldList.AthenaLoot.Weapon.HighSMG.24.Weight=0.00000 -> OK
[1761] RowUpdate WorldList.ApolloLoot.Weapon.SMG.11.Weight=0.0000 -> OK
[1762] RowUpdate WorldList.ApolloLoot.Weapon.SMG.12.Weight=0.0000 -> OK
[1763] RowUpdate WorldList.AthenaSupplyDrop.Weapon.Handgun.58.Weight=0.000 -> OK
[1764] RowUpdate WorldList.AthenaSupplyDrop.Weapon.SMG.22.Weight=0.000 -> OK
[1765] RowUpdate WorldList.AthenaSupplyDrop.Weapon.SMG.23.Weight=0.000 -> OK
[1766] RowUpdate WorldList.AthenaSupplyDrop.Weapon.SMG.24.Weight=0.0000 -> OK
[1767] RowUpdate WorldList.AthenaHighConsumables.Healing.34.Weight=0.0000 -> OK
[1768] RowUpdate WorldList.AthenaHighConsumablesRare.Healing.13.Weight=0.0000 -> OK
[1769] RowUpdate WorldList.AthenaSupplyDropConsumables.34.Weight=0.0000 -> OK
[1770] RowUpdate WorldList.AthenaSupplyDropHeals.13.Weight=0.0000 -> SKIP(no row)
[1771] RowUpdate WorldList.AthenaConsumables.Healing.14.Weight=0.0000 -> OK
[1792] RowUpdate WorldList.AthenaLoot.Weapon.Handgun.37.Weight=0.000000 -> OK
[1872] RowUpdate WorldList.AthenaHighConsumables.Utility.07.Weight=0.000000 -> OK
[1873] RowUpdate WorldList.AthenaHighConsumablesRare.Utility.07.Weight=0.000000 -> OK
[1874] RowUpdate WorldList.AthenaSupplyDropConsumables.12.Weight=0.000000 -> OK
[1875] RowUpdate WorldList.AthenaSupplyDropConsumables.Utility.07.Weight=0.000000 -> OK
[1876] RowUpdate WorldList.AthenaConsumables.Utility.07.Weight=0.000000 -> OK
[1877] RowUpdate WorldList.MythicRandom.60.Weight=0.000000 -> OK
[HOTFIX:SEASON2] Addrow(TableUpdate) なし -> スキップ
[HOTFIX:SEASON2] done: applied=32, deleted=0, skipped=1
[HOTFIX:SEASON3] target=/BlastBerryLoot/DataTables/AthenaLootPackages_Client_BlastBerryOverride_Habanero
[1728] RowUpdate WorldPKG.AthenaLoot.Weapon.HighShotgun.04.LootPackageCall=WorldList.AthenaSupplyDropUtility -> OK
[1729] RowUpdate WorldPKG.AthenaLoot.Weapon.HighHandgun.04.LootPackageCall=WorldList.AthenaSupplyDropUtility -> OK
[1730] RowUpdate WorldPKG.AthenaLoot.Weapon.HighSMG.04.LootPackageCall=WorldList.AthenaSupplyDropUtility -> OK
[1731] RowUpdate WorldPKG.AthenaLoot.Weapon.HighAssaultAuto.04.LootPackageCall=WorldList.AthenaSupplyDropUtility -> OK
[1732] RowUpdate WorldPKG.AthenaLoot.Weapon.HighSniper.04.LootPackageCall=WorldList.AthenaSupplyDropUtility -> OK
[1733] RowUpdate WorldPKG.AthenaLoot.Weapon.HighRocket.04.LootPackageCall=WorldList.AthenaSupplyDropUtility -> OK
[1734] RowUpdate WorldPKG.ApolloLoot.Weapon.HighShotgun.04.LootPackageCall=WorldList.AthenaSupplyDropUtility -> OK
[1735] RowUpdate WorldPKG.ApolloLoot.Weapon.SMG.04.LootPackageCall=WorldList.AthenaSupplyDropUtility -> OK
[1736] RowUpdate WorldPKG.ApolloLoot.Weapon.AssaultAuto.04.LootPackageCall=WorldList.AthenaSupplyDropUtility -> OK
[1737] RowUpdate WorldPKG.ApolloLoot.Weapon.Sniper.04.LootPackageCall=WorldList.AthenaSupplyDropUtility -> OK
[1738] RowUpdate WorldPKG.ApolloLoot.Weapon.Rocket.04.LootPackageCall=WorldList.AthenaSupplyDropUtility -> OK
[1739] RowUpdate WorldPKG.ApolloLoot.Weapon.HighHandgun.04.LootPackageCall=WorldList.AthenaSupplyDropUtility -> OK
[1740] RowUpdate WorldPKG.AthenaSupplyDrop.Weapon.Assault.04.LootPackageCall=WorldList.AthenaSupplyDropUtility -> OK
[1741] RowUpdate WorldPKG.AthenaSupplyDrop.Weapon.Shotgun.04.LootPackageCall=WorldList.AthenaSupplyDropUtility -> OK
[1742] RowUpdate WorldPKG.AthenaSupplyDrop.Weapon.Sniper.04.LootPackageCall=WorldList.AthenaSupplyDropUtility -> OK
[1743] RowUpdate WorldPKG.AthenaSupplyDrop.Weapon.Rocket.04.LootPackageCall=WorldList.AthenaSupplyDropUtility -> OK
[1744] RowUpdate WorldPKG.AthenaSupplyDrop.Weapon.SMG.04.LootPackageCall=WorldList.AthenaSupplyDropUtility -> OK
[1745] RowUpdate WorldPKG.AthenaSupplyDrop.Weapon.Handgun.04.LootPackageCall=WorldList.AthenaSupplyDropUtility -> OK
[HOTFIX:SEASON3] Addrow(TableUpdate) なし -> スキップ
[HOTFIX:SEASON3] done: applied=18, deleted=0, skipped=0
[WRITE] final -> E:\フォートナイト\Picture\Loot Pool\TEST4\New Loot\System Update\Reload_Ranked\input\AthenaLootPackages_Client__final.json
[WRITE] per-input -> E:\フォートナイト\Picture\Loot Pool\TEST4\New Loot\System Update\Reload_Ranked\input\BlastBerryLootPackages_Habanero__final.json
[WRITE] per-input -> E:\フォートナイト\Picture\Loot Pool\TEST4\New Loot\System Update\Reload_Ranked\input\AthenaLootPackages_Client_BlastBerryOverride_Habanero__final.json
2026-09-17 17:42:01 | INFO | hotfix start: E:\フォートナイト\Picture\Loot Pool\TEST4\New Loot\System Update\LootTier.py
2026-09-17 17:42:04 | INFO | hotfix lt stdout: [STEP1-1] base http://localhost:3849/api/v1/export?path=FortniteGame/Content/Items/DataTables/AthenaLootTierData_Client.uasset
[STEP1-2] merge http://localhost:3849/api/v1/export?path=FortniteGame/Plugins/GameFeatures/BlastBerryLoot/Content/DataTables/Habanero/BlastBerryTierData_Habanero.uasset : replaced=10, added=76
[STEP1-3] merge http://localhost:3849/api/v1/export?path=FortniteGame/Plugins/GameFeatures/BlastBerryLoot/Content/DataTables/AthenaLootTierData_Client_BlastBerryOverride_Habanero.uasset : replaced=72, added=192
[HOTFIX:SEASON1] target=/Game/Items/Datatables/AthenaLootTierData_Client
[1020] RowUpdate Loot_AthenaFloorLoot_02.Weight=0.600000 -> OK
[1021] RowUpdate Loot_AthenaTreasure_02.Weight=0.120000 -> OK
[1022] RowUpdate Loot_ApolloTreasure_Rare_02.Weight=0.100000 -> OK
[1582] RowUpdate Loot_AthenaWadSafe_01.Weight=1.000000 -> OK
[HOTFIX:SEASON1] done: applied=4, deleted=0, skipped=0
[HOTFIX:SEASON2] target=/BlastBerryLoot/DataTables/Habanero/BlastBerryTierData_Habanero
[HOTFIX:SEASON2] done: applied=0, deleted=0, skipped=0
[HOTFIX:SEASON3] target=/BlastBerryLoot/DataTables/AthenaLootTierData_Client_BlastBerryOverride_Habanero
[HOTFIX:SEASON3] done: applied=0, deleted=0, skipped=0
[WRITE] final -> E:\フォートナイト\Picture\Loot Pool\TEST4\New Loot\System Update\Reload_Ranked\input\AthenaLootTierData_Client__final.json
[WRITE] per-input -> E:\フォートナイト\Picture\Loot Pool\TEST4\New Loot\System Update\Reload_Ranked\input\BlastBerryTierData_Habanero__final.json
[WRITE] per-input -> E:\フォートナイト\Picture\Loot Pool\TEST4\New Loot\System Update\Reload_Ranked\input\AthenaLootTierData_Client_BlastBerryOverride_Habanero__final.json
2026-09-17 17:42:04 | INFO | ✓ Hotfix 適用完了 (6.59s)
2026-09-17 17:42:04 | INFO | load lt: E:\フォートナイト\Picture\Loot Pool\TEST4\New Loot\System Update\Reload_Ranked\input\AthenaLootTierData_Client__final.json
2026-09-17 17:42:04 | INFO | load lp: E:\フォートナイト\Picture\Loot Pool\TEST4\New Loot\System Update\Reload_Ranked\input\AthenaLootPackages_Client__final.json
2026-09-17 17:42:04 | INFO | load done (0.03s)
2026-09-17 17:42:04 | INFO | build summary start
2026-09-17 17:42:06 | INFO | build summary done (2.34s)
2026-09-17 17:42:06 | INFO | enrich summary with names start
2026-09-17 17:42:06 | INFO | enrich summary done (0.31s)
2026-09-17 17:42:06 | INFO | ✅ まとめJSONを作成: E:\フォートナイト\Picture\Loot Pool\TEST4\New Loot\System Update\Reload_Ranked\output\summary\v39.30_2026-09-17_17-42.json
2026-09-17 17:42:06 | INFO | build item metadata start
2026-09-17 17:42:11 | INFO | ✅ アイテム名・説明・タグJSONを更新: E:\フォートナイト\Picture\Loot Pool\TEST4\New Loot\System Update\shared\cache\item_metadata.json (4.51s)
2026-09-17 17:42:11 | INFO | build BR_LootData start
2026-09-17 17:42:11 | INFO | build BR_LootData done (0.01s)
2026-09-17 17:42:11 | INFO | ✅ BR_LootData を作成: E:\フォートナイト\Picture\Loot Pool\TEST4\New Loot\System Update\戦利品データ\Reload_Ranked\Reload_Ranked_LootData_2026-09-17_17-42.json
2026-09-17 17:42:11 | INFO | ✅ Web LootPool を更新: E:\フォートナイト\Web\loot\data\Reload_Ranked_LootPool.json
2026-09-17 17:42:11 | INFO | LootSummary start: E:\フォートナイト\Picture\Loot Pool\TEST4\New Loot\System Update\Reload_Ranked\scripts\LootSummary.py
2026-09-17 17:42:11 | INFO | LootSummary stdout: 🔎 抽出用: 最新ファイル = E:\フォートナイト\Picture\Loot Pool\TEST4\New Loot\System Update\Reload_Ranked\output\summary\v39.30_2026-09-17_17-42.json
✅ 抽出件数: 153
💾 保存: E:\フォートナイト\Picture\Loot Pool\TEST4\New Loot\System Update\Reload_Ranked\input\items_unique_min.json
🔎 比較用: base   = E:\フォートナイト\Picture\Loot Pool\TEST4\New Loot\System Update\Reload_Ranked\output\summary\v39.30_2026-09-03_18-16.json
🔎 比較用: target = E:\フォートナイト\Picture\Loot Pool\TEST4\New Loot\System Update\Reload_Ranked\output\summary\v39.30_2026-09-17_17-42.json
✅ 差分作成 完了
  追加   : 31 / 削除 : 35 / 変更 : 3 / 変化なし : 119
💾 差分: E:\フォートナイト\Picture\Loot Pool\TEST4\New Loot\System Update\Reload_Ranked\output\history\BR_20260917_1742\items_unique_min_diff.json
2026-09-17 17:42:11 | WARNING | LootSummary stderr: E:\フォートナイト\Picture\Loot Pool\TEST4\New Loot\System Update\Reload_Ranked\scripts\LootSummary.py:2: SyntaxWarning: invalid escape sequence '\B'
  """
2026-09-17 17:42:11 | INFO | ✅ LootSummary 実行完了（抽出→比較） (0.33s)
2026-09-17 17:42:11 | INFO | prewarm start
2026-09-17 17:42:13 | INFO | ✅ アイコンキャッシュ プリウォーム完了 (1.95s)
2026-09-17 17:42:13 | INFO | 画像化タスク数: 153
2026-09-17 17:42:13 | INFO | 画像生成 進捗: 1/153
2026-09-17 17:42:14 | INFO | 画像生成 進捗: 50/153
2026-09-17 17:42:15 | INFO | 画像生成 進捗: 100/153
2026-09-17 17:42:15 | INFO | 画像生成 進捗: 150/153
2026-09-17 17:42:15 | INFO | 画像生成 進捗: 153/153
2026-09-17 17:42:15 | INFO | ✅ 画像生成 完了（MinListベース）
2026-09-17 17:42:15 | INFO | ✅ Loot diff を作成: E:\フォートナイト\Web\loot\data\diff\Reload_Ranked_2026-09-17_17-42-15.json (added=35 removed=39 change=25)
2026-09-17 17:42:16 | INFO | ✅ AddedItems 画像を保存: E:\フォートナイト\Picture\Loot Pool\TEST4\New Loot\System Update\shared\images\Reload_Ranked\AddedItems\2026-09-17_17-42-15 (copied=33 missing=2)
2026-09-17 17:42:16 | INFO | git add: E:\フォートナイト\Picture\Loot Pool\TEST4\New Loot
2026-09-17 17:42:19 | INFO | git commit stdout: [main 82323a3] Reload_Ranked update 2026-09-17 17:42:18
 56 files changed, 82146 insertions(+), 24683 deletions(-)
 create mode 100644 System Update/Reload_Ranked/output/history/BR_20260917_1742/items_unique_min_diff.json
 create mode 100644 System Update/Reload_Ranked/output/logs/pipeline_2026-09-17_17-41-57.log
 create mode 100644 System Update/Reload_Ranked/output/summary/v39.30_2026-09-17_17-42.json
 create mode 100644 "System Update/shared/images/Reload_Ranked/AddedItems/2026-09-17_17-42-15/\343\203\206\343\202\243\343\202\2421 - \343\202\265\343\202\244\343\203\254\343\203\263\343\202\265\343\203\274\344\273\230\343\201\215\343\203\224\343\202\271\343\203\210\343\203\253.png"
 create mode 100644 "System Update/shared/images/Reload_Ranked/AddedItems/2026-09-17_17-42-15/\343\203\206\343\202\243\343\202\2421 - \343\203\254\343\203\203\343\203\211\343\202\242\343\202\244\343\203\273\343\202\265\343\203\226\343\203\236\343\202\267\343\203\263\343\202\254\343\203\263.png"
 create mode 100644 "System Update/shared/images/Reload_Ranked/AddedItems/2026-09-17_17-42-15/\343\203\206\343\202\243\343\202\2421 - \345\214\205\345\270\257.png"
 create mode 100644 "System Update/shared/images/Reload_Ranked/AddedItems/2026-09-17_17-42-15/\343\203\206\343\202\243\343\202\2422 - MK\343\202\273\343\203\226\343\203\263\343\202\242\343\202\265\343\203\253\343\203\210\343\203\251\343\202\244\343\203\225\343\203\253.png"
 create mode 100644 "System Update/shared/images/Reload_Ranked/AddedItems/2026-09-17_17-42-15/\343\203\206\343\202\243\343\202\2422 - O.X.R.\343\203\251\343\202\244\343\203\225\343\203\253.png"
 create mode 100644 "System Update/shared/images/Reload_Ranked/AddedItems/2026-09-17_17-42-15/\343\203\206\343\202\243\343\202\2422 - \343\202\265\343\202\244\343\203\254\343\203\263\343\202\265\343\203\274\344\273\230\343\201\215\343\203\224\343\202\271\343\203\210\343\203\253.png"
 create mode 100644 "System Update/shared/images/Reload_Ranked/AddedItems/2026-09-17_17-42-15/\343\203\206\343\202\243\343\202\2422 - \343\202\271\343\202\244\343\203\274\343\203\221\343\203\274\343\202\267\343\203\247\343\203\203\343\203\210\343\202\254\343\203\263.png"
 create mode 100644 "System Update/shared/images/Reload_Ranked/AddedItems/2026-09-17_17-42-15/\343\203\206\343\202\243\343\202\2422 - \343\203\225\343\203\255\343\203\203\343\203\221\343\203\274.png"
 create mode 100644 "System Update/shared/images/Reload_Ranked/AddedItems/2026-09-17_17-42-15/\343\203\206\343\202\243\343\202\2422 - \343\203\235\343\202\261\343\203\203\343\203\210\343\202\267\343\203\274\343\203\253\343\203\211\343\203\220\343\203\226\343\203\253Jr..png"
 create mode 100644 "System Update/shared/images/Reload_Ranked/AddedItems/2026-09-17_17-42-15/\343\203\206\343\202\243\343\202\2422 - \343\203\242\343\203\253\343\203\225\343\202\241\343\202\244\343\203\210\343\203\273\343\202\242\343\202\265\343\203\253\343\203\210\343\203\251\343\202\244\343\203\225\343\203\253.png"
 create mode 100644 "System Update/shared/images/Reload_Ranked/AddedItems/2026-09-17_17-42-15/\343\203\206\343\202\243\343\202\2422 - \343\203\242\343\203\253\343\203\225\343\202\241\343\202\244\343\203\210\343\203\273\343\202\265\343\203\263\343\203\200\343\203\274\343\202\267\343\203\247\343\203\203\343\203\210\343\202\254\343\203\263.png"
 create mode 100644 "System Update/shared/images/Reload_Ranked/AddedItems/2026-09-17_17-42-15/\343\203\206\343\202\243\343\202\2422 - \343\203\242\343\203\253\343\203\225\343\202\241\343\202\244\343\203\210\343\203\273\343\202\273\343\203\263\343\203\201\343\203\215\343\203\253 \343\203\235\343\203\263\343\203\227\343\202\267\343\203\247\343\203\203\343\203\210\343\202\254\343\203\263.png"
 create mode 100644 "System Update/shared/images/Reload_Ranked/AddedItems/2026-09-17_17-42-15/\343\203\206\343\202\243\343\202\2422 - \343\203\242\343\203\253\343\203\225\343\202\241\343\202\244\343\203\210\343\203\273\343\203\225\343\203\254\343\203\203\343\202\257\343\202\271\343\202\265\343\203\226\343\203\236\343\202\267\343\203\263\343\202\254\343\203\263.png"
 create mode 100644 "System Update/shared/images/Reload_Ranked/AddedItems/2026-09-17_17-42-15/\343\203\206\343\202\243\343\202\2422 - \343\203\254\343\203\203\343\203\211\343\202\242\343\202\244\343\203\273\343\202\265\343\203\226\343\203\236\343\202\267\343\203\263\343\202\254\343\203\263.png"
 create mode 100644 "System Update/shared/images/Reload_Ranked/AddedItems/2026-09-17_17-42-15/\343\203\206\343\202\243\343\202\2423 - MK\343\202\273\343\203\226\343\203\263\343\202\242\343\202\265\343\203\253\343\203\210\343\203\251\343\202\244\343\203\225\343\203\253.png"
 create mode 100644 "System Update/shared/images/Reload_Ranked/AddedItems/2026-09-17_17-42-15/\343\203\206\343\202\243\343\202\2423 - O.X.R.\343\203\251\343\202\244\343\203\225\343\203\253.png"
 create mode 100644 "System Update/shared/images/Reload_Ranked/AddedItems/2026-09-17_17-42-15/\343\203\206\343\202\243\343\202\2423 - \343\202\265\343\202\244\343\203\254\343\203\263\343\202\265\343\203\274\344\273\230\343\201\215\343\203\224\343\202\271\343\203\210\343\203\253.png"
 create mode 100644 "System Update/shared/images/Reload_Ranked/AddedItems/2026-09-17_17-42-15/\343\203\206\343\202\243\343\202\2423 - \343\202\267\343\203\274\343\203\253\343\203\211\343\203\225\343\202\243\343\203\203\343\202\267\343\203\245.png"
 create mode 100644 "System Update/shared/images/Reload_Ranked/AddedItems/2026-09-17_17-42-15/\343\203\206\343\202\243\343\202\2423 - \343\202\271\343\202\244\343\203\274\343\203\221\343\203\274\343\202\267\343\203\247\343\203\203\343\203\210\343\202\254\343\203\263.png"
 create mode 100644 "System Update/shared/images/Reload_Ranked/AddedItems/2026-09-17_17-42-15/\343\203\206\343\202\243\343\202\2423 - \343\203\235\343\202\261\343\203\203\343\203\210\345\214\273\347\231\202\343\203\237\343\202\271\343\203\210 \343\202\271\343\203\242\343\203\274\343\202\257.png"
 create mode 100644 "System Update/shared/images/Reload_Ranked/AddedItems/2026-09-17_17-42-15/\343\203\206\343\202\243\343\202\2423 - \343\203\242\343\203\253\343\203\225\343\202\241\343\202\244\343\203\210\343\203\273\343\203\217\343\203\263\343\203\211\343\202\255\343\203\243\343\203\216\343\203\263.png"
 create mode 100644 "System Update/shared/images/Reload_Ranked/AddedItems/2026-09-17_17-42-15/\343\203\206\343\202\243\343\202\2423 - \343\203\254\343\203\203\343\203\211\343\202\242\343\202\244\343\203\273\343\202\265\343\203\226\343\203\236\343\202\267\343\203\263\343\202\254\343\203\263.png"
 create mode 100644 "System Update/shared/images/Reload_Ranked/AddedItems/2026-09-17_17-42-15/\343\203\206\343\202\243\343\202\2424 - MK\343\202\273\343\203\226\343\203\263\343\202\242\343\202\265\343\203\253\343\203\210\343\203\251\343\202\244\343\203\225\343\203\253.png"
 create mode 100644 "System Update/shared/images/Reload_Ranked/AddedItems/2026-09-17_17-42-15/\343\203\206\343\202\243\343\202\2424 - O.X.R.\343\203\251\343\202\244\343\203\225\343\203\253.png"
 create mode 100644 "System Update/shared/images/Reload_Ranked/AddedItems/2026-09-17_17-42-15/\343\203\206\343\202\243\343\202\2424 - \343\202\265\343\202\244\343\203\254\343\203\263\343\202\265\343\203\274\344\273\230\343\201\215\343\203\224\343\202\271\343\203\210\343\203\253.png"
 create mode 100644 "System Update/shared/images/Reload_Ranked/AddedItems/2026-09-17_17-42-15/\343\203\206\343\202\243\343\202\2424 - \343\202\271\343\202\244\343\203\274\343\203\221\343\203\274\343\202\267\343\203\247\343\203\203\343\203\210\343\202\254\343\203\263.png"
 create mode 100644 "System Update/shared/images/Reload_Ranked/AddedItems/2026-09-17_17-42-15/\343\203\206\343\202\243\343\202\2424 - \343\203\235\343\202\261\343\203\203\343\203\210 \343\202\267\343\203\247\343\203\203\343\202\257\343\202\246\343\202\247\343\203\274\343\203\226\343\202\260\343\203\254\343\203\215\343\203\274\343\203\211.png"
 create mode 100644 "System Update/shared/images/Reload_Ranked/AddedItems/2026-09-17_17-42-15/\343\203\206\343\202\243\343\202\2424 - \343\203\254\343\203\203\343\203\211\343\202\242\343\202\244\343\203\273\343\202\265\343\203\226\343\203\236\343\202\267\343\203\263\343\202\254\343\203\263.png"
 create mode 100644 "System Update/shared/images/Reload_Ranked/AddedItems/2026-09-17_17-42-15/\343\203\206\343\202\243\343\202\2425 - MK\343\202\273\343\203\226\343\203\263\343\202\242\343\202\265\343\203\253\343\203\210\343\203\251\343\202\244\343\203\225\343\203\253.png"
 create mode 100644 "System Update/shared/images/Reload_Ranked/AddedItems/2026-09-17_17-42-15/\343\203\206\343\202\243\343\202\2425 - O.X.R.\343\203\251\343\202\244\343\203\225\343\203\253.png"
 create mode 100644 "System Update/shared/images/Reload_Ranked/AddedItems/2026-09-17_17-42-15/\343\203\206\343\202\243\343\202\2425 - \343\202\265\343\202\244\343\203\254\343\203\263\343\202\265\343\203\274\344\273\230\343\201\215\343\203\224\343\202\271\343\203\210\343\203\253.png"
 create mode 100644 "System Update/shared/images/Reload_Ranked/AddedItems/2026-09-17_17-42-15/\343\203\206\343\202\243\343\202\2425 - \343\202\271\343\202\244\343\203\274\343\203\221\343\203\274\343\202\267\343\203\247\343\203\203\343\203\210\343\202\254\343\203\263.png"
 create mode 100644 "System Update/shared/images/Reload_Ranked/AddedItems/2026-09-17_17-42-15/\343\203\206\343\202\243\343\202\2425 - \343\203\254\343\203\203\343\203\211\343\202\242\343\202\244\343\203\273\343\202\265\343\203\226\343\203\236\343\202\267\343\203\263\343\202\254\343\203\263.png"
 create mode 100644 "System Update/shared/images/Reload_Ranked/\343\202\260\343\203\251\343\203\203\343\203\227\343\203\253\343\202\260\343\203\255\343\203\274\343\203\226 - \343\203\206\343\202\243\343\202\2424.png"
 create mode 100644 "System Update/shared/images/Reload_Ranked/\343\202\271\343\203\206\343\202\243\343\203\203\343\202\255\343\203\274\343\202\260\343\203\254\343\203\215\343\203\274\343\203\211\343\203\251\343\203\263\343\203\201\343\203\243\343\203\274   - \343\203\206\343\202\243\343\202\2424.png"
 create mode 100644 "System Update/shared/images/Reload_Ranked/\343\202\271\343\203\206\343\202\243\343\203\203\343\202\255\343\203\274\343\202\260\343\203\254\343\203\215\343\203\274\343\203\211\343\203\251\343\203\263\343\203\201\343\203\243\343\203\274   - \343\203\206\343\202\243\343\202\2425.png"
 create mode 100644 "System Update/shared/images/Reload_Ranked/\343\203\225\343\202\241\343\202\246\343\203\263\343\203\207\343\203\274\343\202\267\343\203\247\343\203\263\343\201\256MK\343\202\273\343\203\226\343\203\263\343\202\242\343\202\265\343\203\253\343\203\210\343\203\251\343\202\244\343\203\225\343\203\253 - \343\203\206\343\202\243\343\202\2427.png"
 create mode 100644 "System Update/shared/images/Reload_Ranked/\343\203\231\343\202\257\343\202\277\343\203\2747 DMR - \343\203\206\343\202\243\343\202\2427.png"
 create mode 100644 "System Update/shared/images/Reload_Ranked/\343\203\235\343\202\261\343\203\203\343\203\210 \343\202\267\343\203\247\343\203\203\343\202\257\343\202\246\343\202\247\343\203\274\343\203\226\343\202\260\343\203\254\343\203\215\343\203\274\343\203\211 - \343\203\206\343\202\243\343\202\2424.png"
 create mode 100644 "System Update/shared/images/Reload_Ranked/\343\203\235\343\202\261\343\203\203\343\203\210\343\202\267\343\203\274\343\203\253\343\203\211\343\203\220\343\203\226\343\203\253Jr. - \343\203\206\343\202\243\343\202\2422.png"
 create mode 100644 "System Update/shared/images/Reload_Ranked/\343\203\235\343\202\261\343\203\203\343\203\210\345\214\273\347\231\202\343\203\237\343\202\271\343\203\210 \343\202\271\343\203\242\343\203\274\343\202\257 - \343\203\206\343\202\243\343\202\2423.png"
 create mode 100644 "System Update/\346\210\246\345\210\251\345\223\201\343\203\207\343\203\274\343\202\277/Reload_Ranked/Reload_Ranked_LootData_2026-09-17_17-42.json"
2026-09-17 17:42:25 | WARNING | git push stderr: To https://github.com/Greenfox0833/New-Loot.git
   77d54f0..82323a3  main -> main
2026-09-17 17:42:25 | INFO | ✓ GitHub Push 完了
2026-09-17 17:42:25 | INFO | ===== Reload_Ranked: pipeline end =====
