2026-09-03 18:16:25 | INFO | log file: E:\フォートナイト\Picture\Loot Pool\TEST4\New Loot\System Update\Reload_Ranked\output\logs\pipeline_2026-09-03_18-16-25.log
2026-09-03 18:16:25 | INFO | ===== Reload_Ranked: pipeline start =====
2026-09-03 18:16:25 | INFO | paths: lt=E:\フォートナイト\Picture\Loot Pool\TEST4\New Loot\System Update\Reload_Ranked\input\AthenaLootTierData_Client__final.json lp=E:\フォートナイト\Picture\Loot Pool\TEST4\New Loot\System Update\Reload_Ranked\input\AthenaLootPackages_Client__final.json minlist=E:\フォートナイト\Picture\Loot Pool\TEST4\New Loot\System Update\Reload_Ranked\input\items_unique_min.json
2026-09-03 18:16:25 | INFO | output: summary=E:\フォートナイト\Picture\Loot Pool\TEST4\New Loot\System Update\Reload_Ranked\output\summary lootdata=E:\フォートナイト\Picture\Loot Pool\TEST4\New Loot\System Update\戦利品データ\Reload_Ranked
2026-09-03 18:16:25 | INFO | flags: hotfix=True prewarm=True image=True workers=8
2026-09-03 18:16:25 | INFO | hotfix start: E:\フォートナイト\Picture\Loot Pool\TEST4\New Loot\System Update\LootPackage.py
2026-09-03 18:16:28 | INFO | hotfix lp stdout: [STEP1-1] base https://export-service.dillyapis.com/v1/export/?Path=FortniteGame/Content/Items/DataTables/AthenaLootPackages_Client.uasset
[HOTFIX:SEASON1] target=/Game/Items/Datatables/AthenaLootPackages_Client
[949] RowUpdate PKG_Chest_Weapon_Shotgun_16.Weight=0.025000 -> OK
[950] RowUpdate PKG_Chest_Weapon_Handgun_16.Weight=0.025000 -> OK
[951] RowUpdate PKG_Chest_Weapon_SMG_16.Weight=0.025000 -> OK
[952] RowUpdate PKG_Chest_Weapon_Assault_16.Weight=0.025000 -> OK
[953] RowUpdate PKG_Chest_Weapon_Sniper_16.Weight=0.025000 -> OK
[954] RowUpdate PKG_RareChest_Weapon_Shotgun_14.Weight=0.060000 -> OK
[955] RowUpdate PKG_RareChest_Weapon_Handgun_14.Weight=0.060000 -> OK
[956] RowUpdate PKG_RareChest_Weapon_SMG_14.Weight=0.060000 -> OK
[957] RowUpdate PKG_RareChest_Weapon_Assault_14.Weight=0.060000 -> OK
[958] RowUpdate PKG_RareChest_Weapon_Sniper_14.Weight=0.060000 -> OK
[959] RowUpdate PKG_RareAmmoBox_09.Weight=0.000000 -> OK
[969] RowUpdate PKG_Chest_Weapon_Assault_08.Weight=0.0000 -> OK
[970] RowUpdate PKG_Chest_Weapon_Sniper_08.Weight=0.00000 -> OK
[971] RowUpdate PKG_RareChest_Weapon_Handgun_06.Weight=0.00000 -> OK
[972] RowUpdate PKG_RareChest_Weapon_SMG_06.Weight=0.00000 -> OK
[973] RowUpdate PKG_RareChest_Weapon_Assault_06.Weight=0.00000 -> OK
[974] RowUpdate PKG_RareChest_Weapon_Sniper_06.Weight=0.00000 -> OK
[975] RowUpdate PKG_Chest_Weapon_Shotgun_07.Weight=0.120000 -> OK
[976] RowUpdate PKG_Chest_Weapon_Handgun_07.Weight=0.120000 -> OK
[977] RowUpdate PKG_Chest_Weapon_SMG_07.Weight=0.120000 -> OK
[978] RowUpdate PKG_Chest_Weapon_Assault_07.Weight=0.120000 -> OK
[979] RowUpdate PKG_Chest_Weapon_Sniper_07.Weight=0.120000 -> OK
[980] RowUpdate PKG_Chest_Weapon_Launcher_07.Weight=0.120000 -> OK
[981] RowUpdate PKG_RareChest_Weapon_Shotgun_05.Weight=0.140000 -> OK
[982] RowUpdate PKG_RareChest_Weapon_Handgun_05.Weight=0.140000 -> OK
[983] RowUpdate PKG_RareChest_Weapon_SMG_05.Weight=0.140000 -> OK
[984] RowUpdate PKG_RareChest_Weapon_Assault_05.Weight=0.140000 -> OK
[985] RowUpdate PKG_RareChest_Weapon_Sniper_05.Weight=0.140000 -> OK
[986] RowUpdate PKG_RareChest_Weapon_Launcher_05.Weight=0.140000 -> OK
[1381] RowUpdate LIST_Gold_Small_01.CountRange=(X=150,Y=150) -> OK
[1382] RowUpdate LIST_Gold_Small_02.CountRange=(X=185,Y=185) -> OK
[1383] RowUpdate LIST_Gold_Small_03.CountRange=(X=260,Y=260) -> OK
[1384] RowUpdate LIST_Gold_Small_04.CountRange=(X=400,Y=400) -> OK
[1385] RowUpdate LIST_Gold_Small_05.CountRange=(X=550,Y=550) -> OK
[1386] RowUpdate LIST_Gold_Medium_01.CountRange=(X=375,Y=375) -> OK
[1387] RowUpdate LIST_Gold_Large_01.CountRange=(X=450,Y=450) -> OK
[1388] RowUpdate LIST_Gold_ExtraLarge_01.CountRange=(X=750,Y=750) -> OK
[1389] RowUpdate LIST_Gold_ExtraLarge_02.CountRange=(X=900,Y=900) -> OK
[1390] RowUpdate LIST_Gold_ExtraLarge_03.CountRange=(X=1125,Y=1125) -> OK
[1391] RowUpdate LIST_Gold_ExtraLarge_04.CountRange=(X=1300,Y=1300) -> OK
[1392] RowUpdate LIST_Gold_ExtraLarge_05.CountRange=(X=2250,Y=2250) -> OK
[1393] RowUpdate LIST_Gold_Register_01.CountRange=(X=150,Y=150) -> OK
[1394] RowUpdate LIST_Gold_Register_02.CountRange=(X=185,Y=185) -> OK
[1395] RowUpdate LIST_Gold_Register_03.CountRange=(X=260,Y=260) -> OK
[1396] RowUpdate LIST_Gold_Register_04.CountRange=(X=375,Y=375) -> OK
[1397] RowUpdate LIST_Gold_Register_05.CountRange=(X=560,Y=560) -> OK
[1398] RowUpdate LIST_Gold_Safe_01.CountRange=(X=150,Y=150) -> OK
[1399] RowUpdate LIST_Gold_Safe_02.CountRange=(X=185,Y=185) -> OK
[1400] RowUpdate LIST_Gold_Safe_03.CountRange=(X=260,Y=260) -> OK
[1401] RowUpdate LIST_Gold_Safe_04.CountRange=(X=375,Y=375) -> OK
[1402] RowUpdate LIST_Gold_Safe_05.CountRange=(X=560,Y=560) -> OK
[1403] RowUpdate LIST_Chest_Gold_01.CountRange=(X=55,Y=55) -> OK
[1404] RowUpdate LIST_Chest_Gold_02.CountRange=(X=70,Y=70) -> OK
[1405] RowUpdate LIST_Chest_Gold_03.CountRange=(X=85,Y=85) -> OK
[1406] RowUpdate LIST_Chest_Gold_04.CountRange=(X=110,Y=110) -> OK
[1407] RowUpdate LIST_Chest_Gold_05.CountRange=(X=225,Y=225) -> OK
[1408] RowUpdate LIST_RareChest_Gold_01.CountRange=(X=95,Y=95) -> OK
[1409] RowUpdate LIST_RareChest_Gold_02.CountRange=(X=115,Y=115) -> OK
[1410] RowUpdate LIST_RareChest_Gold_03.CountRange=(X=150,Y=150) -> OK
[1411] RowUpdate LIST_RareChest_Gold_04.CountRange=(X=240,Y=240) -> OK
[1412] RowUpdate LIST_RareChest_Gold_05.CountRange=(X=375,Y=375) -> OK
[1413] RowUpdate LIST_Fishing_Gold_01.CountRange=(X=375,Y=3753) -> OK
[1414] RowUpdate LIST_FishingHole_Gold_01.CountRange=(X=750,Y=750) -> OK
[1514] RowUpdate PKG_FishingDefault_Light_05.Weight=0.000000 -> OK
[1515] RowUpdate PKG_FishingHole_Light_05.Weight=0.000000 -> OK
[1516] RowUpdate PKG_FishingDefault_Light_05.Weight=0.000000 -> OK
[1517] RowUpdate PKG_FishingHole_Light_05.Weight=0.000000 -> OK
[1525] RowUpdate PKG_FishingDefault_Consumable_03.Weight=0.008000 -> OK
[1587] RowUpdate LIST_RareRodBox_05.Weight=0.000000 -> OK
[1588] RowUpdate LIST_RareRodBox_Harpoon_01.Weight=0.000000 -> OK
[HOTFIX:SEASON1] Addrow(TableUpdate) なし -> スキップ
[HOTFIX:SEASON1] done: applied=70, deleted=0, skipped=0
[STEP1-2] merge https://export-service.dillyapis.com/v1/export/?Path=FortniteGame/Plugins/GameFeatures/BlastBerryLoot/Content/DataTables/Habanero/BlastBerryLootPackages_Habanero.uasset : replaced=0, added=2356
[HOTFIX:SEASON2] target=/BlastBerryLoot/DataTables/Habanero/BlastBerryLootPackages_Habanero
[1921] RowUpdate WorldList.AthenaLoot.Weapon.Handgun.39.Weight=0.00000 -> OK
[1922] RowUpdate WorldList.AthenaLoot.Weapon.HighHandgun.59.Weight=0.00000 -> OK
[1923] RowUpdate WorldList.AthenaLoot.Weapon.SMG.15.Weight=0.000000 -> OK
[1924] RowUpdate WorldList.AthenaLoot.Weapon.SMG.16.Weight=0.400000 -> OK
[1925] RowUpdate WorldList.AthenaLoot.Weapon.SMG.17.Weight=0.080000 -> OK
[1926] RowUpdate WorldList.AthenaLoot.Weapon.HighSMG.21.Weight=0.00000 -> OK
[1927] RowUpdate WorldList.AthenaLoot.Weapon.HighSMG.22.Weight=0.00000 -> OK
[1928] RowUpdate WorldList.AthenaLoot.Weapon.HighSMG.23.Weight=0.0000 -> OK
[1929] RowUpdate WorldList.AthenaLoot.Weapon.HighSMG.24.Weight=0.00000 -> OK
[1930] RowUpdate WorldList.ApolloLoot.Weapon.SMG.11.Weight=0.0000 -> OK
[1931] RowUpdate WorldList.ApolloLoot.Weapon.SMG.12.Weight=0.0000 -> OK
[1932] RowUpdate WorldList.AthenaSupplyDrop.Weapon.Handgun.58.Weight=0.000 -> OK
[1933] RowUpdate WorldList.AthenaSupplyDrop.Weapon.SMG.22.Weight=0.000 -> OK
[1934] RowUpdate WorldList.AthenaSupplyDrop.Weapon.SMG.23.Weight=0.000 -> OK
[1935] RowUpdate WorldList.AthenaSupplyDrop.Weapon.SMG.24.Weight=0.0000 -> OK
[1936] RowUpdate WorldList.AthenaHighConsumables.Healing.34.Weight=0.0000 -> OK
[1937] RowUpdate WorldList.AthenaHighConsumablesRare.Healing.13.Weight=0.0000 -> OK
[1938] RowUpdate WorldList.AthenaSupplyDropConsumables.34.Weight=0.0000 -> OK
[1939] RowUpdate WorldList.AthenaSupplyDropHeals.13.Weight=0.0000 -> OK
[1940] RowUpdate WorldList.AthenaConsumables.Healing.14.Weight=0.0000 -> OK
[1961] RowUpdate WorldList.AthenaLoot.Weapon.Handgun.37.Weight=0.000000 -> OK
[2041] RowUpdate WorldList.AthenaHighConsumables.Utility.07.Weight=0.000000 -> OK
[2042] RowUpdate WorldList.AthenaHighConsumablesRare.Utility.07.Weight=0.000000 -> OK
[2043] RowUpdate WorldList.AthenaSupplyDropConsumables.12.Weight=0.000000 -> OK
[2044] RowUpdate WorldList.AthenaSupplyDropConsumables.Utility.07.Weight=0.000000 -> SKIP(no row)
[2045] RowUpdate WorldList.AthenaConsumables.Utility.07.Weight=0.000000 -> OK
[HOTFIX:SEASON2] Addrow(TableUpdate) なし -> スキップ
[HOTFIX:SEASON2] done: applied=25, deleted=0, skipped=1
[STEP1-3] merge https://export-service.dillyapis.com/v1/export/?Path=FortniteGame/Plugins/GameFeatures/BlastBerryLoot/Content/DataTables/AthenaLootPackages_Client_BlastBerryOverride_Habanero.uasset : replaced=8, added=239
[HOTFIX:SEASON3] target=/BlastBerryLoot/DataTables/AthenaLootPackages_Client_BlastBerryOverride_Habanero
[1897] RowUpdate WorldPKG.AthenaLoot.Weapon.HighShotgun.04.LootPackageCall=WorldList.AthenaSupplyDropUtility -> OK
[1898] RowUpdate WorldPKG.AthenaLoot.Weapon.HighHandgun.04.LootPackageCall=WorldList.AthenaSupplyDropUtility -> OK
[1899] RowUpdate WorldPKG.AthenaLoot.Weapon.HighSMG.04.LootPackageCall=WorldList.AthenaSupplyDropUtility -> OK
[1900] RowUpdate WorldPKG.AthenaLoot.Weapon.HighAssaultAuto.04.LootPackageCall=WorldList.AthenaSupplyDropUtility -> OK
[1901] RowUpdate WorldPKG.AthenaLoot.Weapon.HighSniper.04.LootPackageCall=WorldList.AthenaSupplyDropUtility -> OK
[1902] RowUpdate WorldPKG.AthenaLoot.Weapon.HighRocket.04.LootPackageCall=WorldList.AthenaSupplyDropUtility -> OK
[1903] RowUpdate WorldPKG.ApolloLoot.Weapon.HighShotgun.04.LootPackageCall=WorldList.AthenaSupplyDropUtility -> OK
[1904] RowUpdate WorldPKG.ApolloLoot.Weapon.SMG.04.LootPackageCall=WorldList.AthenaSupplyDropUtility -> OK
[1905] RowUpdate WorldPKG.ApolloLoot.Weapon.AssaultAuto.04.LootPackageCall=WorldList.AthenaSupplyDropUtility -> OK
[1906] RowUpdate WorldPKG.ApolloLoot.Weapon.Sniper.04.LootPackageCall=WorldList.AthenaSupplyDropUtility -> OK
[1907] RowUpdate WorldPKG.ApolloLoot.Weapon.Rocket.04.LootPackageCall=WorldList.AthenaSupplyDropUtility -> OK
[1908] RowUpdate WorldPKG.ApolloLoot.Weapon.HighHandgun.04.LootPackageCall=WorldList.AthenaSupplyDropUtility -> OK
[1909] RowUpdate WorldPKG.AthenaSupplyDrop.Weapon.Assault.04.LootPackageCall=WorldList.AthenaSupplyDropUtility -> OK
[1910] RowUpdate WorldPKG.AthenaSupplyDrop.Weapon.Shotgun.04.LootPackageCall=WorldList.AthenaSupplyDropUtility -> OK
[1911] RowUpdate WorldPKG.AthenaSupplyDrop.Weapon.Sniper.04.LootPackageCall=WorldList.AthenaSupplyDropUtility -> OK
[1912] RowUpdate WorldPKG.AthenaSupplyDrop.Weapon.Rocket.04.LootPackageCall=WorldList.AthenaSupplyDropUtility -> OK
[1913] RowUpdate WorldPKG.AthenaSupplyDrop.Weapon.SMG.04.LootPackageCall=WorldList.AthenaSupplyDropUtility -> OK
[1914] RowUpdate WorldPKG.AthenaSupplyDrop.Weapon.Handgun.04.LootPackageCall=WorldList.AthenaSupplyDropUtility -> OK
[HOTFIX:SEASON3] Addrow(TableUpdate) なし -> スキップ
[HOTFIX:SEASON3] done: applied=18, deleted=0, skipped=0
[WRITE] final -> E:\フォートナイト\Picture\Loot Pool\TEST4\New Loot\System Update\Reload_Ranked\input\AthenaLootPackages_Client__final.json
[WRITE] per-input -> E:\フォートナイト\Picture\Loot Pool\TEST4\New Loot\System Update\Reload_Ranked\input\BlastBerryLootPackages_Habanero__final.json
[WRITE] per-input -> E:\フォートナイト\Picture\Loot Pool\TEST4\New Loot\System Update\Reload_Ranked\input\AthenaLootPackages_Client_BlastBerryOverride_Habanero__final.json
2026-09-03 18:16:28 | INFO | hotfix start: E:\フォートナイト\Picture\Loot Pool\TEST4\New Loot\System Update\LootTier.py
2026-09-03 18:16:30 | INFO | hotfix lt stdout: [STEP1-1] base https://export-service.dillyapis.com/v1/export/?Path=FortniteGame/Content/Items/DataTables/AthenaLootTierData_Client.uasset
[HOTFIX:SEASON1] target=/Game/Items/Datatables/AthenaLootTierData_Client
[1198] RowUpdate Loot_AthenaFloorLoot_02.Weight=0.600000 -> OK
[1199] RowUpdate Loot_AthenaTreasure_02.Weight=0.120000 -> OK
[1200] RowUpdate Loot_ApolloTreasure_Rare_02.Weight=0.100000 -> OK
[HOTFIX:SEASON1] done: applied=3, deleted=0, skipped=0
[STEP1-2] merge https://export-service.dillyapis.com/v1/export/?Path=FortniteGame/Plugins/GameFeatures/BlastBerryLoot/Content/DataTables/Habanero/BlastBerryTierData_Habanero.uasset : replaced=5, added=75
[HOTFIX:SEASON2] target=/BlastBerryLoot/DataTables/Habanero/BlastBerryTierData_Habanero
[HOTFIX:SEASON2] done: applied=0, deleted=0, skipped=0
[STEP1-3] merge https://export-service.dillyapis.com/v1/export/?Path=FortniteGame/Plugins/GameFeatures/BlastBerryLoot/Content/DataTables/AthenaLootTierData_Client_BlastBerryOverride_Habanero.uasset : replaced=72, added=192
[HOTFIX:SEASON3] target=/BlastBerryLoot/DataTables/AthenaLootTierData_Client_BlastBerryOverride_Habanero
[HOTFIX:SEASON3] done: applied=0, deleted=0, skipped=0
[WRITE] final -> E:\フォートナイト\Picture\Loot Pool\TEST4\New Loot\System Update\Reload_Ranked\input\AthenaLootTierData_Client__final.json
[WRITE] per-input -> E:\フォートナイト\Picture\Loot Pool\TEST4\New Loot\System Update\Reload_Ranked\input\BlastBerryTierData_Habanero__final.json
[WRITE] per-input -> E:\フォートナイト\Picture\Loot Pool\TEST4\New Loot\System Update\Reload_Ranked\input\AthenaLootTierData_Client_BlastBerryOverride_Habanero__final.json
2026-09-03 18:16:30 | INFO | ✓ Hotfix 適用完了 (4.21s)
2026-09-03 18:16:30 | INFO | load lt: E:\フォートナイト\Picture\Loot Pool\TEST4\New Loot\System Update\Reload_Ranked\input\AthenaLootTierData_Client__final.json
2026-09-03 18:16:30 | INFO | load lp: E:\フォートナイト\Picture\Loot Pool\TEST4\New Loot\System Update\Reload_Ranked\input\AthenaLootPackages_Client__final.json
2026-09-03 18:16:30 | INFO | load done (0.03s)
2026-09-03 18:16:30 | INFO | build summary start
2026-09-03 18:16:30 | INFO | build summary done (0.03s)
2026-09-03 18:16:30 | INFO | enrich summary with names start
2026-09-03 18:16:30 | INFO | enrich summary done (0.53s)
2026-09-03 18:16:30 | INFO | ✅ まとめJSONを作成: E:\フォートナイト\Picture\Loot Pool\TEST4\New Loot\System Update\Reload_Ranked\output\summary\v39.30_2026-09-03_18-16.json
2026-09-03 18:16:30 | INFO | build item metadata start
2026-09-03 18:16:30 | INFO | ✅ アイテム名・説明・タグJSONを更新: E:\フォートナイト\Picture\Loot Pool\TEST4\New Loot\System Update\shared\cache\item_metadata.json (0.18s)
2026-09-03 18:16:30 | INFO | build BR_LootData start
2026-09-03 18:16:30 | INFO | build BR_LootData done (0.00s)
2026-09-03 18:16:30 | INFO | ✅ BR_LootData を作成: E:\フォートナイト\Picture\Loot Pool\TEST4\New Loot\System Update\戦利品データ\Reload_Ranked\Reload_Ranked_LootData_2026-09-03_18-16.json
2026-09-03 18:16:31 | INFO | ✅ Web LootPool を更新: E:\フォートナイト\Web\loot\data\Reload_Ranked_LootPool.json
2026-09-03 18:16:31 | INFO | LootSummary start: E:\フォートナイト\Picture\Loot Pool\TEST4\New Loot\System Update\Reload_Ranked\scripts\LootSummary.py
2026-09-03 18:16:31 | INFO | LootSummary stdout: 🔎 抽出用: 最新ファイル = E:\フォートナイト\Picture\Loot Pool\TEST4\New Loot\System Update\Reload_Ranked\output\summary\v39.30_2026-09-03_18-16.json
✅ 抽出件数: 157
💾 保存: E:\フォートナイト\Picture\Loot Pool\TEST4\New Loot\System Update\Reload_Ranked\input\items_unique_min.json
🔎 比較用: base   = E:\フォートナイト\Picture\Loot Pool\TEST4\New Loot\System Update\Reload_Ranked\output\summary\v39.30_2026-09-03_18-01.json
🔎 比較用: target = E:\フォートナイト\Picture\Loot Pool\TEST4\New Loot\System Update\Reload_Ranked\output\summary\v39.30_2026-09-03_18-16.json
✅ 差分作成 完了
  追加   : 0 / 削除 : 0 / 変更 : 1 / 変化なし : 156
💾 差分: E:\フォートナイト\Picture\Loot Pool\TEST4\New Loot\System Update\Reload_Ranked\output\history\BR_20260903_1816\items_unique_min_diff.json
2026-09-03 18:16:31 | WARNING | LootSummary stderr: E:\フォートナイト\Picture\Loot Pool\TEST4\New Loot\System Update\Reload_Ranked\scripts\LootSummary.py:2: SyntaxWarning: invalid escape sequence '\B'
  """
2026-09-03 18:16:31 | INFO | ✅ LootSummary 実行完了（抽出→比較） (0.21s)
2026-09-03 18:16:31 | INFO | prewarm start
2026-09-03 18:16:33 | INFO | ✅ アイコンキャッシュ プリウォーム完了 (2.57s)
2026-09-03 18:16:33 | INFO | 画像化タスク数: 157
2026-09-03 18:16:33 | INFO | 画像生成 進捗: 1/157
2026-09-03 18:16:34 | INFO | 画像生成 進捗: 50/157
2026-09-03 18:16:34 | INFO | 画像生成 進捗: 100/157
2026-09-03 18:16:35 | INFO | 画像生成 進捗: 150/157
2026-09-03 18:16:35 | INFO | 画像生成 進捗: 157/157
2026-09-03 18:16:35 | INFO | ✅ 画像生成 完了（MinListベース）
2026-09-03 18:16:35 | INFO | ✅ Loot diff を作成: E:\フォートナイト\Web\loot\data\diff\Reload_Ranked_2026-09-03_18-16-35.json (added=25 removed=13 change=103)
2026-09-03 18:16:36 | INFO | ✅ AddedItems 画像を保存: E:\フォートナイト\Picture\Loot Pool\TEST4\New Loot\System Update\shared\images\Reload_Ranked\AddedItems\2026-09-03_18-16-35 (copied=22 missing=3)
2026-09-03 18:16:36 | INFO | git add: E:\フォートナイト\Picture\Loot Pool\TEST4\New Loot
2026-09-03 18:16:49 | INFO | git commit stdout: [main 383ef46] Reload_Ranked update 2026-09-03 18:16:40
 37 files changed, 164937 insertions(+), 20300 deletions(-)
 create mode 100644 System Update/Reload_Ranked/output/history/BR_20260903_1816/items_unique_min_diff.json
 create mode 100644 System Update/Reload_Ranked/output/logs/pipeline_2026-09-03_18-16-25.log
 create mode 100644 System Update/Reload_Ranked/output/summary/v39.30_2026-09-03_18-16.json
 create mode 100644 System Update/__pycache__/update_locres_ja.cpython-312.pyc
 create mode 100644 System Update/shared/cache/locres_ja.json
 create mode 100644 "System Update/shared/images/Reload_Ranked/AddedItems/2026-09-03_18-16-35/\343\203\206\343\202\243\343\202\2421 - \343\203\225\343\203\245\343\203\274\343\203\252\343\203\274 \343\202\242\343\202\265\343\203\253\343\203\210\343\203\251\343\202\244\343\203\225\343\203\253.png"
 create mode 100644 "System Update/shared/images/Reload_Ranked/AddedItems/2026-09-03_18-16-35/\343\203\206\343\202\243\343\202\2422 - \343\203\217\343\203\263\343\203\236\343\203\274\343\203\252\343\203\234\343\203\253\343\203\220\343\203\274.png"
 create mode 100644 "System Update/shared/images/Reload_Ranked/AddedItems/2026-09-03_18-16-35/\343\203\206\343\202\243\343\202\2422 - \343\203\225\343\203\245\343\203\274\343\203\252\343\203\274 \343\202\242\343\202\265\343\203\253\343\203\210\343\203\251\343\202\244\343\203\225\343\203\253.png"
 create mode 100644 "System Update/shared/images/Reload_Ranked/AddedItems/2026-09-03_18-16-35/\343\203\206\343\202\243\343\202\2422 - \343\203\254\343\203\263\343\202\270\343\203\243\343\203\274\343\202\267\343\203\247\343\203\203\343\203\210\343\202\254\343\203\263.png"
 create mode 100644 "System Update/shared/images/Reload_Ranked/AddedItems/2026-09-03_18-16-35/\343\203\206\343\202\243\343\202\2423 - \343\203\217\343\203\263\343\203\236\343\203\274\343\203\252\343\203\234\343\203\253\343\203\220\343\203\274.png"
 create mode 100644 "System Update/shared/images/Reload_Ranked/AddedItems/2026-09-03_18-16-35/\343\203\206\343\202\243\343\202\2423 - \343\203\225\343\203\245\343\203\274\343\203\252\343\203\274 \343\202\242\343\202\265\343\203\253\343\203\210\343\203\251\343\202\244\343\203\225\343\203\253.png"
 create mode 100644 "System Update/shared/images/Reload_Ranked/AddedItems/2026-09-03_18-16-35/\343\203\206\343\202\243\343\202\2423 - \343\203\231\343\202\257\343\202\277\343\203\2747 DMR.png"
 create mode 100644 "System Update/shared/images/Reload_Ranked/AddedItems/2026-09-03_18-16-35/\343\203\206\343\202\243\343\202\2423 - \343\203\254\343\203\263\343\202\270\343\203\243\343\203\274\343\202\267\343\203\247\343\203\203\343\203\210\343\202\254\343\203\263.png"
 create mode 100644 "System Update/shared/images/Reload_Ranked/AddedItems/2026-09-03_18-16-35/\343\203\206\343\202\243\343\202\2423 - \345\214\273\347\231\202\343\203\237\343\202\271\343\203\210 \343\202\271\343\203\242\343\203\274\343\202\257\343\202\260\343\203\254\343\203\215\343\203\274\343\203\211.png"
 create mode 100644 "System Update/shared/images/Reload_Ranked/AddedItems/2026-09-03_18-16-35/\343\203\206\343\202\243\343\202\2424 - \343\202\273\343\203\226\343\203\263\343\201\256\343\203\221\343\203\257\343\203\274\343\202\260\343\203\255\343\203\274\343\203\226.png"
 create mode 100644 "System Update/shared/images/Reload_Ranked/AddedItems/2026-09-03_18-16-35/\343\203\206\343\202\243\343\202\2424 - \343\203\217\343\203\263\343\203\236\343\203\274\343\203\252\343\203\234\343\203\253\343\203\220\343\203\274.png"
 create mode 100644 "System Update/shared/images/Reload_Ranked/AddedItems/2026-09-03_18-16-35/\343\203\206\343\202\243\343\202\2424 - \343\203\224\343\202\266\343\203\221\343\203\274\343\203\206\343\202\243\343\203\274.png"
 create mode 100644 "System Update/shared/images/Reload_Ranked/AddedItems/2026-09-03_18-16-35/\343\203\206\343\202\243\343\202\2424 - \343\203\225\343\203\245\343\203\274\343\203\252\343\203\274 \343\202\242\343\202\265\343\203\253\343\203\210\343\203\251\343\202\244\343\203\225\343\203\253.png"
 create mode 100644 "System Update/shared/images/Reload_Ranked/AddedItems/2026-09-03_18-16-35/\343\203\206\343\202\243\343\202\2424 - \343\203\231\343\202\257\343\202\277\343\203\2747 DMR.png"
 create mode 100644 "System Update/shared/images/Reload_Ranked/AddedItems/2026-09-03_18-16-35/\343\203\206\343\202\243\343\202\2424 - \343\203\254\343\203\263\343\202\270\343\203\243\343\203\274\343\202\267\343\203\247\343\203\203\343\203\210\343\202\254\343\203\263.png"
 create mode 100644 "System Update/shared/images/Reload_Ranked/AddedItems/2026-09-03_18-16-35/\343\203\206\343\202\243\343\202\2425 - \343\203\217\343\203\263\343\203\236\343\203\274\343\203\252\343\203\234\343\203\253\343\203\220\343\203\274.png"
 create mode 100644 "System Update/shared/images/Reload_Ranked/AddedItems/2026-09-03_18-16-35/\343\203\206\343\202\243\343\202\2425 - \343\203\225\343\203\245\343\203\274\343\203\252\343\203\274 \343\202\242\343\202\265\343\203\253\343\203\210\343\203\251\343\202\244\343\203\225\343\203\253.png"
 create mode 100644 "System Update/shared/images/Reload_Ranked/AddedItems/2026-09-03_18-16-35/\343\203\206\343\202\243\343\202\2425 - \343\203\227\343\203\254\343\202\267\343\202\270\343\203\247\343\203\263\343\203\273\343\202\250\343\202\242\343\202\271\343\203\210\343\203\251\343\202\244\343\202\257.png"
 create mode 100644 "System Update/shared/images/Reload_Ranked/AddedItems/2026-09-03_18-16-35/\343\203\206\343\202\243\343\202\2425 - \343\203\231\343\202\257\343\202\277\343\203\2747 DMR.png"
 create mode 100644 "System Update/shared/images/Reload_Ranked/AddedItems/2026-09-03_18-16-35/\343\203\206\343\202\243\343\202\2425 - \343\203\254\343\203\263\343\202\270\343\203\243\343\203\274\343\202\267\343\203\247\343\203\203\343\203\210\343\202\254\343\203\263.png"
 create mode 100644 "System Update/shared/images/Reload_Ranked/AddedItems/2026-09-03_18-16-35/\343\203\206\343\202\243\343\202\2427 - \343\203\204\343\203\274\343\203\273\343\202\267\343\203\247\343\203\203\343\203\210\343\202\267\343\203\247\343\203\203\343\203\210\343\202\254\343\203\263.png"
 create mode 100644 "System Update/shared/images/Reload_Ranked/AddedItems/2026-09-03_18-16-35/\343\203\206\343\202\243\343\202\2427 - \343\203\225\343\202\241\343\202\246\343\203\263\343\203\207\343\203\274\343\202\267\343\203\247\343\203\263\343\201\256\343\203\221\343\203\257\343\203\274\343\202\260\343\203\255\343\203\274\343\203\226.png"
 create mode 100644 "System Update/shared/images/Reload_Ranked/\343\203\227\343\203\254\343\202\267\343\202\270\343\203\247\343\203\263\343\203\273\343\202\250\343\202\242\343\202\271\343\203\210\343\203\251\343\202\244\343\202\257 - \343\203\206\343\202\243\343\202\2425.png"
 create mode 100644 System Update/update_locres_ja.py
 delete mode 100644 "System Update/\346\210\246\345\210\251\345\223\201\343\203\207\343\203\274\343\202\277/Reload_Ranked/Reload_Ranked_LootData_2026-09-03_18-01.json"
 rename "System Update/\346\210\246\345\210\251\345\223\201\343\203\207\343\203\274\343\202\277/Reload_Ranked/Reload_Ranked_LootData_2026-09-03_17-40.json" => "System Update/\346\210\246\345\210\251\345\223\201\343\203\207\343\203\274\343\202\277/Reload_Ranked/Reload_Ranked_LootData_2026-09-03_18-16.json" (99%)
2026-09-03 18:16:55 | WARNING | git push stderr: To https://github.com/Greenfox0833/New-Loot.git
   61bbc63..383ef46  main -> main
2026-09-03 18:16:55 | INFO | ✓ GitHub Push 完了
2026-09-03 18:16:55 | INFO | ===== Reload_Ranked: pipeline end =====
