2026-10-01 18:20:11 | INFO | log file: E:\フォートナイト\Picture\Loot Pool\TEST4\New Loot\System Update\Reload_Ranked\output\logs\pipeline_2026-10-01_18-20-11.log
2026-10-01 18:20:11 | INFO | ===== Reload_Ranked: pipeline start =====
2026-10-01 18:20:11 | INFO | paths: lt=E:\フォートナイト\Picture\Loot Pool\TEST4\New Loot\System Update\Reload_Ranked\input\AthenaLootTierData_Client__final.json lp=E:\フォートナイト\Picture\Loot Pool\TEST4\New Loot\System Update\Reload_Ranked\input\AthenaLootPackages_Client__final.json minlist=E:\フォートナイト\Picture\Loot Pool\TEST4\New Loot\System Update\Reload_Ranked\input\items_unique_min.json
2026-10-01 18:20:11 | INFO | output: summary=E:\フォートナイト\Picture\Loot Pool\TEST4\New Loot\System Update\Reload_Ranked\output\summary lootdata=E:\フォートナイト\Picture\Loot Pool\TEST4\New Loot\System Update\戦利品データ\Reload_Ranked
2026-10-01 18:20:11 | INFO | flags: hotfix=True prewarm=True image=True workers=8
2026-10-01 18:20:11 | INFO | hotfix start: E:\フォートナイト\Picture\Loot Pool\TEST4\New Loot\System Update\LootPackage.py
2026-10-01 18:20:15 | INFO | hotfix lp stdout: [STEP1-1] base http://localhost:3849/api/v1/export?path=FortniteGame/Content/Items/DataTables/AthenaLootPackages_Client.uasset
[STEP1-2] merge http://localhost:3849/api/v1/export?path=FortniteGame/Plugins/GameFeatures/BlastBerryLoot/Content/DataTables/Habanero/BlastBerryLootPackages_Habanero.uasset : replaced=0, added=2393
[STEP1-3] merge http://localhost:3849/api/v1/export?path=FortniteGame/Plugins/GameFeatures/BlastBerryLoot/Content/DataTables/AthenaLootPackages_Client_BlastBerryOverride_Habanero.uasset : replaced=8, added=239
[HOTFIX:SEASON1] target=/Game/Items/Datatables/AthenaLootPackages_Client
[915] RowUpdate PKG_Chest_Weapon_Shotgun_16.Weight=0.025000 -> OK
[916] RowUpdate PKG_Chest_Weapon_Handgun_16.Weight=0.025000 -> OK
[917] RowUpdate PKG_Chest_Weapon_SMG_16.Weight=0.025000 -> OK
[918] RowUpdate PKG_Chest_Weapon_Assault_16.Weight=0.025000 -> OK
[919] RowUpdate PKG_Chest_Weapon_Sniper_16.Weight=0.025000 -> OK
[920] RowUpdate PKG_RareChest_Weapon_Shotgun_14.Weight=0.060000 -> OK
[921] RowUpdate PKG_RareChest_Weapon_Handgun_14.Weight=0.060000 -> OK
[922] RowUpdate PKG_RareChest_Weapon_SMG_14.Weight=0.060000 -> OK
[923] RowUpdate PKG_RareChest_Weapon_Assault_14.Weight=0.060000 -> OK
[924] RowUpdate PKG_RareChest_Weapon_Sniper_14.Weight=0.060000 -> OK
[925] RowUpdate PKG_RareAmmoBox_09.Weight=0.000000 -> OK
[935] RowUpdate PKG_Chest_Weapon_Assault_08.Weight=0.0000 -> OK
[936] RowUpdate PKG_Chest_Weapon_Sniper_08.Weight=0.00000 -> OK
[937] RowUpdate PKG_RareChest_Weapon_Handgun_06.Weight=0.00000 -> OK
[938] RowUpdate PKG_RareChest_Weapon_SMG_06.Weight=0.00000 -> OK
[939] RowUpdate PKG_RareChest_Weapon_Assault_06.Weight=0.00000 -> OK
[940] RowUpdate PKG_RareChest_Weapon_Sniper_06.Weight=0.00000 -> OK
[941] RowUpdate PKG_Chest_Weapon_Shotgun_07.Weight=0.120000 -> OK
[942] RowUpdate PKG_Chest_Weapon_Handgun_07.Weight=0.120000 -> OK
[943] RowUpdate PKG_Chest_Weapon_SMG_07.Weight=0.120000 -> OK
[944] RowUpdate PKG_Chest_Weapon_Assault_07.Weight=0.120000 -> OK
[945] RowUpdate PKG_Chest_Weapon_Sniper_07.Weight=0.120000 -> OK
[946] RowUpdate PKG_Chest_Weapon_Launcher_07.Weight=0.120000 -> OK
[947] RowUpdate PKG_RareChest_Weapon_Shotgun_05.Weight=0.140000 -> OK
[948] RowUpdate PKG_RareChest_Weapon_Handgun_05.Weight=0.140000 -> OK
[949] RowUpdate PKG_RareChest_Weapon_SMG_05.Weight=0.140000 -> OK
[950] RowUpdate PKG_RareChest_Weapon_Assault_05.Weight=0.140000 -> OK
[951] RowUpdate PKG_RareChest_Weapon_Sniper_05.Weight=0.140000 -> OK
[952] RowUpdate PKG_RareChest_Weapon_Launcher_05.Weight=0.140000 -> OK
[1320] RowUpdate LIST_Gold_Small_01.CountRange=(X=150,Y=150) -> OK
[1321] RowUpdate LIST_Gold_Small_02.CountRange=(X=185,Y=185) -> OK
[1322] RowUpdate LIST_Gold_Small_03.CountRange=(X=260,Y=260) -> OK
[1323] RowUpdate LIST_Gold_Small_04.CountRange=(X=400,Y=400) -> OK
[1324] RowUpdate LIST_Gold_Small_05.CountRange=(X=550,Y=550) -> OK
[1325] RowUpdate LIST_Gold_Medium_01.CountRange=(X=375,Y=375) -> OK
[1326] RowUpdate LIST_Gold_Large_01.CountRange=(X=450,Y=450) -> OK
[1327] RowUpdate LIST_Gold_ExtraLarge_01.CountRange=(X=750,Y=750) -> OK
[1328] RowUpdate LIST_Gold_ExtraLarge_02.CountRange=(X=900,Y=900) -> OK
[1329] RowUpdate LIST_Gold_ExtraLarge_03.CountRange=(X=1125,Y=1125) -> OK
[1330] RowUpdate LIST_Gold_ExtraLarge_04.CountRange=(X=1300,Y=1300) -> OK
[1331] RowUpdate LIST_Gold_ExtraLarge_05.CountRange=(X=2250,Y=2250) -> OK
[1332] RowUpdate LIST_Gold_Register_01.CountRange=(X=150,Y=150) -> OK
[1333] RowUpdate LIST_Gold_Register_02.CountRange=(X=185,Y=185) -> OK
[1334] RowUpdate LIST_Gold_Register_03.CountRange=(X=260,Y=260) -> OK
[1335] RowUpdate LIST_Gold_Register_04.CountRange=(X=375,Y=375) -> OK
[1336] RowUpdate LIST_Gold_Register_05.CountRange=(X=560,Y=560) -> OK
[1337] RowUpdate LIST_Gold_Safe_01.CountRange=(X=150,Y=150) -> OK
[1338] RowUpdate LIST_Gold_Safe_02.CountRange=(X=185,Y=185) -> OK
[1339] RowUpdate LIST_Gold_Safe_03.CountRange=(X=260,Y=260) -> OK
[1340] RowUpdate LIST_Gold_Safe_04.CountRange=(X=375,Y=375) -> OK
[1341] RowUpdate LIST_Gold_Safe_05.CountRange=(X=560,Y=560) -> OK
[1342] RowUpdate LIST_Chest_Gold_01.CountRange=(X=55,Y=55) -> OK
[1343] RowUpdate LIST_Chest_Gold_02.CountRange=(X=70,Y=70) -> OK
[1344] RowUpdate LIST_Chest_Gold_03.CountRange=(X=85,Y=85) -> OK
[1345] RowUpdate LIST_Chest_Gold_04.CountRange=(X=110,Y=110) -> OK
[1346] RowUpdate LIST_Chest_Gold_05.CountRange=(X=225,Y=225) -> OK
[1347] RowUpdate LIST_RareChest_Gold_01.CountRange=(X=95,Y=95) -> OK
[1348] RowUpdate LIST_RareChest_Gold_02.CountRange=(X=115,Y=115) -> OK
[1349] RowUpdate LIST_RareChest_Gold_03.CountRange=(X=150,Y=150) -> OK
[1350] RowUpdate LIST_RareChest_Gold_04.CountRange=(X=240,Y=240) -> OK
[1351] RowUpdate LIST_RareChest_Gold_05.CountRange=(X=375,Y=375) -> OK
[1352] RowUpdate LIST_Fishing_Gold_01.CountRange=(X=375,Y=3753) -> OK
[1353] RowUpdate LIST_FishingHole_Gold_01.CountRange=(X=750,Y=750) -> OK
[1405] RowUpdate PKG_FishingDefault_Consumable_03.Weight=0.010000 -> OK
[1406] RowUpdate PKG_FishingHole_Consumable_03.Weight=0.010000 -> OK
[1439] RowUpdate PKG_FishingDefault_Light_05.Weight=0.000000 -> OK
[1440] RowUpdate PKG_FishingHole_Light_05.Weight=0.000000 -> OK
[1441] RowUpdate PKG_FishingDefault_Light_05.Weight=0.000000 -> OK
[1442] RowUpdate PKG_FishingHole_Light_05.Weight=0.000000 -> OK
[1450] RowUpdate PKG_FishingDefault_Consumable_03.Weight=0.008000 -> OK
[1492] RowUpdate LIST_RareRodBox_05.Weight=0.000000 -> OK
[1493] RowUpdate LIST_RareRodBox_Harpoon_01.Weight=0.000000 -> OK
[1871] RowUpdate PKG_FloorLoot_Consumable_09.Weight=0.250000 -> OK
[1872] RowUpdate PKG_Chest_Weapon_Shotgun_13.Weight=0.200000 -> OK
[1873] RowUpdate PKG_Chest_Weapon_Handgun_13.Weight=0.200000 -> OK
[1874] RowUpdate PKG_Chest_Weapon_SMG_13.Weight=0.200000 -> OK
[1875] RowUpdate PKG_Chest_Weapon_Assault_13.Weight=0.200000 -> OK
[1876] RowUpdate PKG_RareChest_Weapon_Shotgun_11.Weight=0.200000 -> OK
[1877] RowUpdate PKG_RareChest_Weapon_Handgun_11.Weight=0.200000 -> OK
[1878] RowUpdate PKG_RareChest_Weapon_SMG_11.Weight=0.200000 -> OK
[1879] RowUpdate PKG_RareChest_Weapon_Assault_11.Weight=0.200000 -> OK
[2283] RowUpdate PKG_FishingDefault_Consumable_01.Weight=0.030000 -> OK
[2284] RowUpdate PKG_FishingDefault_Consumable_02.Weight=0.000000 -> OK
[2285] RowUpdate PKG_FishingDefault_Consumable_03.Weight=0.000000 -> OK
[2286] RowUpdate PKG_FishingDefault_Consumable_07.Weight=0.970000 -> OK
[2287] RowUpdate PKG_FishingDefault_Consumable_07.LootPackageCall=LIST_Ammo_Random -> OK
[2296] RowUpdate PKG_FloorLoot_Consumable_09.Weight=0.000000 -> OK
[2297] RowUpdate PKG_Chest_Weapon_Shotgun_13.Weight=0.000000 -> OK
[2298] RowUpdate PKG_Chest_Weapon_Handgun_13.Weight=0.000000 -> OK
[2299] RowUpdate PKG_Chest_Weapon_SMG_13.Weight=0.000000 -> OK
[2300] RowUpdate PKG_Chest_Weapon_Assault_13.Weight=0.000000 -> OK
[2301] RowUpdate PKG_RareChest_Weapon_Shotgun_11.Weight=0.000000 -> OK
[2302] RowUpdate PKG_RareChest_Weapon_Handgun_11.Weight=0.000000 -> OK
[2303] RowUpdate PKG_RareChest_Weapon_SMG_11.Weight=0.000000 -> OK
[2304] RowUpdate PKG_RareChest_Weapon_Assault_11.Weight=0.000000 -> OK
[HOTFIX:SEASON1] Addrow(TableUpdate) なし -> スキップ
[HOTFIX:SEASON1] done: applied=95, deleted=0, skipped=0
[HOTFIX:SEASON2] target=/BlastBerryLoot/DataTables/Habanero/BlastBerryLootPackages_Habanero
[1693] RowUpdate WorldList.AthenaHighConsumables.Utility.10.Weight=0.000000 -> OK
[1694] RowUpdate WorldList.AthenaHighConsumablesRare.Utility.10.Weight=0.000000 -> OK
[1695] RowUpdate WorldList.AthenaSupplyDropConsumables.15.Weight=0.000000 -> OK
[1696] RowUpdate WorldList.AthenaSupplyDropConsumables.Utility.10.Weight=0.000000 -> OK
[1697] RowUpdate WorldList.AthenaConsumables.Utility.10.Weight=0.000000 -> OK
[1698] RowUpdate WorldList.MythicRandom.62.Weight=0.000000 -> OK
[2065] RowUpdate WorldList.AthenaLoot.Weapon.Handgun.39.Weight=0.00000 -> OK
[2066] RowUpdate WorldList.AthenaLoot.Weapon.HighHandgun.59.Weight=0.00000 -> OK
[2067] RowUpdate WorldList.AthenaLoot.Weapon.SMG.15.Weight=0.000000 -> OK
[2068] RowUpdate WorldList.AthenaLoot.Weapon.SMG.16.Weight=0.400000 -> OK
[2069] RowUpdate WorldList.AthenaLoot.Weapon.SMG.17.Weight=0.080000 -> OK
[2070] RowUpdate WorldList.AthenaLoot.Weapon.HighSMG.21.Weight=0.00000 -> OK
[2071] RowUpdate WorldList.AthenaLoot.Weapon.HighSMG.22.Weight=0.00000 -> OK
[2072] RowUpdate WorldList.AthenaLoot.Weapon.HighSMG.23.Weight=0.0000 -> OK
[2073] RowUpdate WorldList.AthenaLoot.Weapon.HighSMG.24.Weight=0.00000 -> OK
[2074] RowUpdate WorldList.ApolloLoot.Weapon.SMG.11.Weight=0.0000 -> OK
[2075] RowUpdate WorldList.ApolloLoot.Weapon.SMG.12.Weight=0.0000 -> OK
[2076] RowUpdate WorldList.AthenaSupplyDrop.Weapon.Handgun.58.Weight=0.000 -> OK
[2077] RowUpdate WorldList.AthenaSupplyDrop.Weapon.SMG.22.Weight=0.000 -> OK
[2078] RowUpdate WorldList.AthenaSupplyDrop.Weapon.SMG.23.Weight=0.000 -> OK
[2079] RowUpdate WorldList.AthenaSupplyDrop.Weapon.SMG.24.Weight=0.0000 -> OK
[2080] RowUpdate WorldList.AthenaHighConsumables.Healing.34.Weight=0.0000 -> OK
[2081] RowUpdate WorldList.AthenaHighConsumablesRare.Healing.13.Weight=0.0000 -> OK
[2082] RowUpdate WorldList.AthenaSupplyDropConsumables.34.Weight=0.0000 -> OK
[2083] RowUpdate WorldList.AthenaSupplyDropHeals.13.Weight=0.0000 -> SKIP(no row)
[2084] RowUpdate WorldList.AthenaConsumables.Healing.14.Weight=0.0000 -> OK
[2105] RowUpdate WorldList.AthenaLoot.Weapon.Handgun.37.Weight=0.000000 -> OK
[2185] RowUpdate WorldList.AthenaHighConsumables.Utility.07.Weight=0.000000 -> OK
[2186] RowUpdate WorldList.AthenaHighConsumablesRare.Utility.07.Weight=0.000000 -> OK
[2187] RowUpdate WorldList.AthenaSupplyDropConsumables.12.Weight=0.000000 -> OK
[2188] RowUpdate WorldList.AthenaSupplyDropConsumables.Utility.07.Weight=0.000000 -> OK
[2189] RowUpdate WorldList.AthenaConsumables.Utility.07.Weight=0.000000 -> OK
[2190] RowUpdate WorldList.MythicRandom.60.Weight=0.000000 -> OK
[2206] RowUpdate WorldPKG.BlastBerrySupply.01.LootPackageCall=WorldList.AthenaSupplyDrop.Weapon.Shotgun -> OK
[2207] RowUpdate WorldPKG.BlastBerrySupply.02.LootPackageCall=WorldList.AthenaSupplyDrop.Weapon.SMG -> OK
[2208] RowUpdate WorldPKG.BlastBerrySupply.03.LootPackageCall=WorldList.AthenaSupplyDrop.Weapon.Assault -> OK
[2209] RowUpdate WorldPKG.BlastBerrySupply.04.LootPackageCall=WorldList.AthenaSupplyDrop.Weapon.Assault -> OK
[2210] RowUpdate WorldPKG.BlastBerrySupply.05.LootPackageCall=WorldList.AthenaSupplyDrop.Weapon.Handgun -> OK
[2211] RowUpdate WorldPKG.BlastBerrySupply.06.LootPackageCall=WorldList.AthenaSupplyDrop.Weapon.Sniper -> OK
[HOTFIX:SEASON2] Addrow(TableUpdate) なし -> スキップ
[HOTFIX:SEASON2] done: applied=38, deleted=0, skipped=1
[HOTFIX:SEASON3] target=/BlastBerryLoot/DataTables/AthenaLootPackages_Client_BlastBerryOverride_Habanero
[2041] RowUpdate WorldPKG.AthenaLoot.Weapon.HighShotgun.04.LootPackageCall=WorldList.AthenaSupplyDropUtility -> OK
[2042] RowUpdate WorldPKG.AthenaLoot.Weapon.HighHandgun.04.LootPackageCall=WorldList.AthenaSupplyDropUtility -> OK
[2043] RowUpdate WorldPKG.AthenaLoot.Weapon.HighSMG.04.LootPackageCall=WorldList.AthenaSupplyDropUtility -> OK
[2044] RowUpdate WorldPKG.AthenaLoot.Weapon.HighAssaultAuto.04.LootPackageCall=WorldList.AthenaSupplyDropUtility -> OK
[2045] RowUpdate WorldPKG.AthenaLoot.Weapon.HighSniper.04.LootPackageCall=WorldList.AthenaSupplyDropUtility -> OK
[2046] RowUpdate WorldPKG.AthenaLoot.Weapon.HighRocket.04.LootPackageCall=WorldList.AthenaSupplyDropUtility -> OK
[2047] RowUpdate WorldPKG.ApolloLoot.Weapon.HighShotgun.04.LootPackageCall=WorldList.AthenaSupplyDropUtility -> OK
[2048] RowUpdate WorldPKG.ApolloLoot.Weapon.SMG.04.LootPackageCall=WorldList.AthenaSupplyDropUtility -> OK
[2049] RowUpdate WorldPKG.ApolloLoot.Weapon.AssaultAuto.04.LootPackageCall=WorldList.AthenaSupplyDropUtility -> OK
[2050] RowUpdate WorldPKG.ApolloLoot.Weapon.Sniper.04.LootPackageCall=WorldList.AthenaSupplyDropUtility -> OK
[2051] RowUpdate WorldPKG.ApolloLoot.Weapon.Rocket.04.LootPackageCall=WorldList.AthenaSupplyDropUtility -> OK
[2052] RowUpdate WorldPKG.ApolloLoot.Weapon.HighHandgun.04.LootPackageCall=WorldList.AthenaSupplyDropUtility -> OK
[2053] RowUpdate WorldPKG.AthenaSupplyDrop.Weapon.Assault.04.LootPackageCall=WorldList.AthenaSupplyDropUtility -> OK
[2054] RowUpdate WorldPKG.AthenaSupplyDrop.Weapon.Shotgun.04.LootPackageCall=WorldList.AthenaSupplyDropUtility -> OK
[2055] RowUpdate WorldPKG.AthenaSupplyDrop.Weapon.Sniper.04.LootPackageCall=WorldList.AthenaSupplyDropUtility -> OK
[2056] RowUpdate WorldPKG.AthenaSupplyDrop.Weapon.Rocket.04.LootPackageCall=WorldList.AthenaSupplyDropUtility -> OK
[2057] RowUpdate WorldPKG.AthenaSupplyDrop.Weapon.SMG.04.LootPackageCall=WorldList.AthenaSupplyDropUtility -> OK
[2058] RowUpdate WorldPKG.AthenaSupplyDrop.Weapon.Handgun.04.LootPackageCall=WorldList.AthenaSupplyDropUtility -> OK
[HOTFIX:SEASON3] Addrow(TableUpdate) なし -> スキップ
[HOTFIX:SEASON3] done: applied=18, deleted=0, skipped=0
[WRITE] final -> E:\フォートナイト\Picture\Loot Pool\TEST4\New Loot\System Update\Reload_Ranked\input\AthenaLootPackages_Client__final.json
[WRITE] per-input -> E:\フォートナイト\Picture\Loot Pool\TEST4\New Loot\System Update\Reload_Ranked\input\BlastBerryLootPackages_Habanero__final.json
[WRITE] per-input -> E:\フォートナイト\Picture\Loot Pool\TEST4\New Loot\System Update\Reload_Ranked\input\AthenaLootPackages_Client_BlastBerryOverride_Habanero__final.json
2026-10-01 18:20:15 | INFO | hotfix start: E:\フォートナイト\Picture\Loot Pool\TEST4\New Loot\System Update\LootTier.py
2026-10-01 18:20:17 | INFO | hotfix lt stdout: [STEP1-1] base http://localhost:3849/api/v1/export?path=FortniteGame/Content/Items/DataTables/AthenaLootTierData_Client.uasset
[STEP1-2] merge http://localhost:3849/api/v1/export?path=FortniteGame/Plugins/GameFeatures/BlastBerryLoot/Content/DataTables/Habanero/BlastBerryTierData_Habanero.uasset : replaced=10, added=76
[STEP1-3] merge http://localhost:3849/api/v1/export?path=FortniteGame/Plugins/GameFeatures/BlastBerryLoot/Content/DataTables/AthenaLootTierData_Client_BlastBerryOverride_Habanero.uasset : replaced=72, added=192
[HOTFIX:SEASON1] target=/Game/Items/Datatables/AthenaLootTierData_Client
[1164] RowUpdate Loot_AthenaFloorLoot_02.Weight=0.600000 -> OK
[1165] RowUpdate Loot_AthenaTreasure_02.Weight=0.120000 -> OK
[1166] RowUpdate Loot_ApolloTreasure_Rare_02.Weight=0.100000 -> OK
[1702] RowUpdate Loot_AthenaWadSafe_01.Weight=1.000000 -> OK
[1778] RowUpdate LTG_Vend_Item_Mend_1_01.NumLootPackageDropsRange=(X=4.000000,Y=4.000000) -> OK
[1779] RowUpdate LTG_Vend_Item_Mend_1_01.LootPackageCategoryMinArray=(4,0,0,0,0,0,0,0,0,0,0) -> OK
[1780] RowUpdate LTG_Vend_Item_Mend_2_01.NumLootPackageDropsRange=(X=8.000000,Y=8.000000) -> OK
[1781] RowUpdate LTG_Vend_Item_Mend_2_01.LootPackageCategoryMinArray=(8,0,0,0,0,0,0,0,0,0,0) -> OK
[1782] RowUpdate LTG_Vend_Item_Mend_3_01.NumLootPackageDropsRange=(X=2.000000,Y=2.000000) -> OK
[1783] RowUpdate LTG_Vend_Item_Mend_3_01.LootPackageCategoryMinArray=(2,0,0,0,0,0,0,0,0,0,0) -> OK
[1784] RowUpdate LTG_Vend_Item_Mend_4_01.NumLootPackageDropsRange=(X=4.000000,Y=4.000000) -> OK
[1785] RowUpdate LTG_Vend_Item_Mend_4_01.LootPackageCategoryMinArray=(4,0,0,0,0,0,0,0,0,0,0) -> OK
[1786] RowUpdate LTG_Vend_Weapon_Shotgun_1_01.NumLootPackageDropsRange=(X=4.000000,Y=4.000000) -> OK
[1787] RowUpdate LTG_Vend_Weapon_Shotgun_1_01.LootPackageCategoryMinArray=(4,1,0,0,0,0,0,0,0,0,0) -> OK
[1788] RowUpdate LTG_Vend_Weapon_Shotgun_2_01.NumLootPackageDropsRange=(X=4.000000,Y=4.000000) -> OK
[1789] RowUpdate LTG_Vend_Weapon_Shotgun_2_01.LootPackageCategoryMinArray=(4,1,0,0,0,0,0,0,0,0,0) -> OK
[1790] RowUpdate LTG_Vend_Weapon_Shotgun_3_01.NumLootPackageDropsRange=(X=4.000000,Y=4.000000) -> OK
[1791] RowUpdate LTG_Vend_Weapon_Shotgun_3_01.LootPackageCategoryMinArray=(4,1,0,0,0,0,0,0,0,0,0) -> OK
[1792] RowUpdate LTG_Vend_Weapon_Shotgun_3_02.NumLootPackageDropsRange=(X=1.000000,Y=1.000000) -> OK
[1793] RowUpdate LTG_Vend_Weapon_Shotgun_3_02.LootPackageCategoryMinArray=(1,1,0,0,0,0,0,0,0,0,0) -> OK
[1794] RowUpdate LTG_Vend_Weapon_Shotgun_4_01.NumLootPackageDropsRange=(X=4.000000,Y=4.000000) -> OK
[1795] RowUpdate LTG_Vend_Weapon_Shotgun_4_01.LootPackageCategoryMinArray=(4,1,0,0,0,0,0,0,0,0,0) -> OK
[1796] RowUpdate LTG_Vend_Weapon_Shotgun_4_02.NumLootPackageDropsRange=(X=1.000000,Y=1.000000) -> OK
[1797] RowUpdate LTG_Vend_Weapon_Shotgun_4_02.LootPackageCategoryMinArray=(1,1,0,0,0,0,0,0,0,0,0) -> OK
[1798] RowUpdate LTG_Vend_Weapon_Handgun_1_01.NumLootPackageDropsRange=(X=4.000000,Y=4.000000) -> OK
[1799] RowUpdate LTG_Vend_Weapon_Handgun_1_01.LootPackageCategoryMinArray=(4,1,0,0,0,0,0,0,0,0,0) -> OK
[1800] RowUpdate LTG_Vend_Weapon_Handgun_2_01.NumLootPackageDropsRange=(X=4.000000,Y=4.000000) -> OK
[1801] RowUpdate LTG_Vend_Weapon_Handgun_2_01.LootPackageCategoryMinArray=(4,1,0,0,0,0,0,0,0,0,0) -> OK
[1802] RowUpdate LTG_Vend_Weapon_Handgun_3_01.NumLootPackageDropsRange=(X=4.000000,Y=4.000000) -> OK
[1803] RowUpdate LTG_Vend_Weapon_Handgun_3_01.LootPackageCategoryMinArray=(4,1,0,0,0,0,0,0,0,0,0) -> OK
[1804] RowUpdate LTG_Vend_Weapon_Handgun_3_02.NumLootPackageDropsRange=(X=1.000000,Y=1.000000) -> OK
[1805] RowUpdate LTG_Vend_Weapon_Handgun_3_02.LootPackageCategoryMinArray=(1,1,0,0,0,0,0,0,0,0,0) -> OK
[1806] RowUpdate LTG_Vend_Weapon_Handgun_4_01.NumLootPackageDropsRange=(X=4.000000,Y=4.000000) -> OK
[1807] RowUpdate LTG_Vend_Weapon_Handgun_4_01.LootPackageCategoryMinArray=(4,1,0,0,0,0,0,0,0,0,0) -> OK
[1808] RowUpdate LTG_Vend_Weapon_Handgun_4_02.NumLootPackageDropsRange=(X=1.000000,Y=1.000000) -> OK
[1809] RowUpdate LTG_Vend_Weapon_Handgun_4_02.LootPackageCategoryMinArray=(1,1,0,0,0,0,0,0,0,0,0) -> OK
[1810] RowUpdate LTG_Vend_Weapon_SMG_1_01.NumLootPackageDropsRange=(X=4.000000,Y=4.000000) -> OK
[1811] RowUpdate LTG_Vend_Weapon_SMG_1_01.LootPackageCategoryMinArray=(4,1,0,0,0,0,0,0,0,0,0) -> OK
[1812] RowUpdate LTG_Vend_Weapon_SMG_2_01.NumLootPackageDropsRange=(X=4.000000,Y=4.000000) -> OK
[1813] RowUpdate LTG_Vend_Weapon_SMG_2_01.LootPackageCategoryMinArray=(4,1,0,0,0,0,0,0,0,0,0) -> OK
[1814] RowUpdate LTG_Vend_Weapon_SMG_3_01.NumLootPackageDropsRange=(X=4.000000,Y=4.000000) -> OK
[1815] RowUpdate LTG_Vend_Weapon_SMG_3_01.LootPackageCategoryMinArray=(4,1,0,0,0,0,0,0,0,0,0) -> OK
[1816] RowUpdate LTG_Vend_Weapon_SMG_3_02.NumLootPackageDropsRange=(X=1.000000,Y=1.000000) -> OK
[1817] RowUpdate LTG_Vend_Weapon_SMG_3_02.LootPackageCategoryMinArray=(1,1,0,0,0,0,0,0,0,0,0) -> OK
[1818] RowUpdate LTG_Vend_Weapon_SMG_4_01.NumLootPackageDropsRange=(X=4.000000,Y=4.000000) -> OK
[1819] RowUpdate LTG_Vend_Weapon_SMG_4_01.LootPackageCategoryMinArray=(4,1,0,0,0,0,0,0,0,0,0) -> OK
[1820] RowUpdate LTG_Vend_Weapon_SMG_4_02.NumLootPackageDropsRange=(X=1.000000,Y=1.000000) -> OK
[1821] RowUpdate LTG_Vend_Weapon_SMG_4_02.LootPackageCategoryMinArray=(1,1,0,0,0,0,0,0,0,0,0) -> OK
[1822] RowUpdate LTG_Vend_Weapon_Assault_1_01.NumLootPackageDropsRange=(X=4.000000,Y=4.000000) -> OK
[1823] RowUpdate LTG_Vend_Weapon_Assault_1_01.LootPackageCategoryMinArray=(4,1,0,0,0,0,0,0,0,0,0) -> OK
[1824] RowUpdate LTG_Vend_Weapon_Assault_2_01.NumLootPackageDropsRange=(X=4.000000,Y=4.000000) -> OK
[1825] RowUpdate LTG_Vend_Weapon_Assault_2_01.LootPackageCategoryMinArray=(4,1,0,0,0,0,0,0,0,0,0) -> OK
[1826] RowUpdate LTG_Vend_Weapon_Assault_3_01.NumLootPackageDropsRange=(X=4.000000,Y=4.000000) -> OK
[1827] RowUpdate LTG_Vend_Weapon_Assault_3_01.LootPackageCategoryMinArray=(4,1,0,0,0,0,0,0,0,0,0) -> OK
[1828] RowUpdate LTG_Vend_Weapon_Assault_3_02.NumLootPackageDropsRange=(X=1.000000,Y=1.000000) -> OK
[1829] RowUpdate LTG_Vend_Weapon_Assault_3_02.LootPackageCategoryMinArray=(1,1,0,0,0,0,0,0,0,0,0) -> OK
[1830] RowUpdate LTG_Vend_Weapon_Assault_4_01.NumLootPackageDropsRange=(X=4.000000,Y=4.000000) -> OK
[1831] RowUpdate LTG_Vend_Weapon_Assault_4_01.LootPackageCategoryMinArray=(4,1,0,0,0,0,0,0,0,0,0) -> OK
[1832] RowUpdate LTG_Vend_Weapon_Assault_4_02.NumLootPackageDropsRange=(X=1.000000,Y=1.000000) -> OK
[1833] RowUpdate LTG_Vend_Weapon_Assault_4_02.LootPackageCategoryMinArray=(1,1,0,0,0,0,0,0,0,0,0) -> OK
[1870] RowUpdate Loot_BirthdayPresents_01.Weight=1.000000 -> OK
[HOTFIX:SEASON1] done: applied=61, deleted=0, skipped=0
[HOTFIX:SEASON2] target=/BlastBerryLoot/DataTables/Habanero/BlastBerryTierData_Habanero
[HOTFIX:SEASON2] done: applied=0, deleted=0, skipped=0
[HOTFIX:SEASON3] target=/BlastBerryLoot/DataTables/AthenaLootTierData_Client_BlastBerryOverride_Habanero
[HOTFIX:SEASON3] done: applied=0, deleted=0, skipped=0
[WRITE] final -> E:\フォートナイト\Picture\Loot Pool\TEST4\New Loot\System Update\Reload_Ranked\input\AthenaLootTierData_Client__final.json
[WRITE] per-input -> E:\フォートナイト\Picture\Loot Pool\TEST4\New Loot\System Update\Reload_Ranked\input\BlastBerryTierData_Habanero__final.json
[WRITE] per-input -> E:\フォートナイト\Picture\Loot Pool\TEST4\New Loot\System Update\Reload_Ranked\input\AthenaLootTierData_Client_BlastBerryOverride_Habanero__final.json
2026-10-01 18:20:17 | INFO | ✓ Hotfix 適用完了 (6.20s)
2026-10-01 18:20:17 | INFO | load lt: E:\フォートナイト\Picture\Loot Pool\TEST4\New Loot\System Update\Reload_Ranked\input\AthenaLootTierData_Client__final.json
2026-10-01 18:20:17 | INFO | load lp: E:\フォートナイト\Picture\Loot Pool\TEST4\New Loot\System Update\Reload_Ranked\input\AthenaLootPackages_Client__final.json
2026-10-01 18:20:18 | INFO | load done (0.03s)
2026-10-01 18:20:18 | INFO | build summary start
2026-10-01 18:20:20 | INFO | build summary done (2.25s)
2026-10-01 18:20:20 | INFO | enrich summary with names start
2026-10-01 18:20:20 | INFO | enrich summary done (0.19s)
2026-10-01 18:20:20 | INFO | ✅ まとめJSONを作成: E:\フォートナイト\Picture\Loot Pool\TEST4\New Loot\System Update\Reload_Ranked\output\summary\v39.30_2026-10-01_18-20.json
2026-10-01 18:20:20 | INFO | build item metadata start
2026-10-01 18:20:23 | INFO | ✅ アイテム名・説明・タグJSONを更新: E:\フォートナイト\Picture\Loot Pool\TEST4\New Loot\System Update\shared\cache\item_metadata.json (2.93s)
2026-10-01 18:20:23 | INFO | build BR_LootData start
2026-10-01 18:20:23 | ERROR | [!] main 内でエラー: schema v2検証で1件のエラーが見つかりました: [{"type": "invalid_quantity", "path": "lootTables.Loot_BirthdayPresents.lootGroups[0].packages[0].items[0]", "message": "quantityは0より大きい必要があります。"}]
2026-10-01 18:20:23 | ERROR | Traceback (most recent call last):
  File "e:\フォートナイト\Picture\Loot Pool\TEST4\New Loot\System Update\Reload_Ranked\pipeline.py", line 161, in main
    br_view = build_validated_schema_v2(summary, rows_lp, PROFILE_NAME)
              ^^^^^^^^^^^^^^^^^^^^^^^^^^^^^^^^^^^^^^^^^^^^^^^^^^^^^^^^^
  File "E:\フォートナイト\Picture\Loot Pool\TEST4\New Loot\System Update\summary.py", line 500, in build_validated_schema_v2
    raise ValueError(f"schema v2検証で{len(errors)}件のエラーが見つかりました: {preview}")
ValueError: schema v2検証で1件のエラーが見つかりました: [{"type": "invalid_quantity", "path": "lootTables.Loot_BirthdayPresents.lootGroups[0].packages[0].items[0]", "message": "quantityは0より大きい必要があります。"}]
2026-10-01 18:20:23 | INFO | git add: E:\フォートナイト\Picture\Loot Pool\TEST4\New Loot
2026-10-01 18:20:25 | INFO | git commit stdout: [main 8505b7d] Reload_Ranked update 2026-10-01 18:20:24
 10 files changed, 33474 insertions(+), 930 deletions(-)
 create mode 100644 System Update/Reload_Ranked/output/logs/pipeline_2026-10-01_18-20-11.log
 create mode 100644 System Update/Reload_Ranked/output/summary/v39.30_2026-10-01_18-20.json
2026-10-01 18:20:28 | WARNING | git push stderr: To https://github.com/Greenfox0833/New-Loot.git
   a9101f4..8505b7d  main -> main
2026-10-01 18:20:28 | INFO | ✓ GitHub Push 完了
2026-10-01 18:20:28 | INFO | ===== Reload_Ranked: pipeline end =====
