2026-04-16 18:34:30 | INFO | log file: E:\フォートナイト\Picture\Loot Pool\TEST4\New Loot\System Update\期間限定\HazelnutSpread\output\logs\pipeline_2026-04-16_18-34-30.log
2026-04-16 18:34:30 | INFO | ===== HazelnutSpread: pipeline start =====
2026-04-16 18:34:30 | INFO | paths: lt=E:\フォートナイト\Picture\Loot Pool\TEST4\New Loot\System Update\期間限定\HazelnutSpread\input\AthenaLootTierData_Client__final.json lp=E:\フォートナイト\Picture\Loot Pool\TEST4\New Loot\System Update\期間限定\HazelnutSpread\input\AthenaLootPackages_Client__final.json minlist=E:\フォートナイト\Picture\Loot Pool\TEST4\New Loot\System Update\期間限定\HazelnutSpread\input\items_unique_min.json
2026-04-16 18:34:30 | INFO | output: summary=E:\フォートナイト\Picture\Loot Pool\TEST4\New Loot\System Update\期間限定\HazelnutSpread\output\summary lootdata=E:\フォートナイト\Picture\Loot Pool\TEST4\New Loot\System Update\戦利品データ\期間限定\HazelnutSpread
2026-04-16 18:34:30 | INFO | flags: hotfix=True prewarm=True image=True workers=8
2026-04-16 18:34:30 | INFO | hotfix start: E:\フォートナイト\Picture\Loot Pool\TEST4\New Loot\System Update\LootPackage.py
2026-04-16 18:34:30 | INFO | hotfix lp stdout: [STEP1-1] base e:\Fmodel\Exports\FortniteGame\Plugins\GameFeatures\HazelnutSpread\Content\DataTables\HazelnutSpread_AthenaLootPackages.json
[HOTFIX:SEASON1] target=/HazelnutSpread/DataTables/HazelnutSpread_AthenaLootPackages
[353] RowUpdate VendItemList.HazelnutSpread.Consumables.02.Weight=1.000000 -> OK
[625] RowUpdate VendItemPKG.HazelnutSpread.Weapons.Heavy.01.Weight=1.000000 -> OK
[626] RowUpdate VendItemPKG.HazelnutSpread.Weapons.Light.01.Weight=0.000000 -> OK
[627] RowUpdate VendItemList.HazelnutSpread.Weapons.Heavy.01.Weight=1.000000 -> OK
[628] RowUpdate VendItemList.HazelnutSpread.Weapons.Heavy.01.ItemDefinition=/Game/Athena/Items/Weapons/WaffleTruck/WID_WaffleTruck_BoomSniper.WID_WaffleTruck_BoomSniper -> OK
[629] RowUpdate VendItemList.HazelnutSpread.Weapons.Light.01.Weight=0.000000 -> OK
[630] RowUpdate VendItemList.HazelnutSpread.Weapons.Light.01.ItemDefinition=None -> OK
[HOTFIX:SEASON1] Addrow(TableUpdate) なし -> スキップ
[HOTFIX:SEASON1] done: applied=7, deleted=0, skipped=0
[STEP1-2] merge e:\Fmodel\Exports\FortniteGame\Plugins\GameFeatures\HazelnutSpread\Content\DataTables\HazelnutSpread_AthenaLootPackages_Override.json : replaced=0, added=0
[HOTFIX:SEASON2] target=/HazelnutSpread/DataTables/HazelnutSpread_AthenaLootPackages_Override
[HOTFIX:SEASON2] Addrow(TableUpdate) なし -> スキップ
[HOTFIX:SEASON2] done: applied=0, deleted=0, skipped=0
[WRITE] final -> E:\フォートナイト\Picture\Loot Pool\TEST4\New Loot\System Update\期間限定\HazelnutSpread\input\AthenaLootPackages_Client__final.json
[WRITE] per-input -> E:\フォートナイト\Picture\Loot Pool\TEST4\New Loot\System Update\期間限定\HazelnutSpread\input\HazelnutSpread_AthenaLootPackages__final.json
[WRITE] per-input -> E:\フォートナイト\Picture\Loot Pool\TEST4\New Loot\System Update\期間限定\HazelnutSpread\input\HazelnutSpread_AthenaLootPackages_Override__final.json
2026-04-16 18:34:30 | INFO | hotfix start: E:\フォートナイト\Picture\Loot Pool\TEST4\New Loot\System Update\LootTier.py
2026-04-16 18:34:30 | INFO | hotfix lt stdout: [STEP1-1] base e:\Fmodel\Exports\FortniteGame\Plugins\GameFeatures\HazelnutSpread\Content\DataTables\HazelnutSpread_AthenaLootTierData.json
[HOTFIX:SEASON1] target=/HazelnutSpread/DataTables/HazelnutSpread_AthenaLootTierData
[351] RowUpdate LTG_Vend_HazelnutSpread_SeasonalWeapons_Explosive_01.Weight=1.000000 -> OK
[352] RowUpdate LTG_Vend_HazelnutSpread_SeasonalWeapons_Gauntlets_01.Weight=1.000000 -> OK
[631] RowUpdate LTG_Vend_HazelnutSpread_Weapons_Heavy_01.Weight=1.000000 -> OK
[632] RowUpdate LTG_Vend_HazelnutSpread_Weapons_Light_01.Weight=0.000000 -> OK
[HOTFIX:SEASON1] done: applied=4, deleted=0, skipped=0
[STEP1-2] merge e:\Fmodel\Exports\FortniteGame\Plugins\GameFeatures\HazelnutSpread\Content\DataTables\HazelnutSpread_AthenaLootTierData_Override.json : replaced=0, added=0
[HOTFIX:SEASON2] target=/HazelnutSpread/DataTables/HazelnutSpread_AthenaLootTierData_Override
[HOTFIX:SEASON2] done: applied=0, deleted=0, skipped=0
[WRITE] final -> E:\フォートナイト\Picture\Loot Pool\TEST4\New Loot\System Update\期間限定\HazelnutSpread\input\AthenaLootTierData_Client__final.json
[WRITE] per-input -> E:\フォートナイト\Picture\Loot Pool\TEST4\New Loot\System Update\期間限定\HazelnutSpread\input\HazelnutSpread_AthenaLootTierData__final.json
[WRITE] per-input -> E:\フォートナイト\Picture\Loot Pool\TEST4\New Loot\System Update\期間限定\HazelnutSpread\input\HazelnutSpread_AthenaLootTierData_Override__final.json
2026-04-16 18:34:30 | INFO | ✓ Hotfix 適用完了 (0.32s)
2026-04-16 18:34:30 | INFO | load lt: E:\フォートナイト\Picture\Loot Pool\TEST4\New Loot\System Update\期間限定\HazelnutSpread\input\AthenaLootTierData_Client__final.json
2026-04-16 18:34:30 | INFO | load lp: E:\フォートナイト\Picture\Loot Pool\TEST4\New Loot\System Update\期間限定\HazelnutSpread\input\AthenaLootPackages_Client__final.json
2026-04-16 18:34:30 | INFO | load done (0.00s)
2026-04-16 18:34:30 | INFO | build summary start
2026-04-16 18:34:30 | INFO | build summary done (0.00s)
2026-04-16 18:34:30 | INFO | enrich summary with names start
2026-04-16 18:34:30 | INFO | enrich summary done (0.00s)
2026-04-16 18:34:30 | INFO | ✅ まとめJSONを作成: E:\フォートナイト\Picture\Loot Pool\TEST4\New Loot\System Update\期間限定\HazelnutSpread\output\summary\v39.30_2026-04-16_18-34.json
2026-04-16 18:34:30 | INFO | build BR_LootData start
2026-04-16 18:34:30 | INFO | build BR_LootData done (0.00s)
2026-04-16 18:34:30 | INFO | ✅ BR_LootData を作成: E:\フォートナイト\Picture\Loot Pool\TEST4\New Loot\System Update\戦利品データ\期間限定\HazelnutSpread\HazelnutSpread_LootData_2026-04-16_18-34.json
2026-04-16 18:34:30 | INFO | ✅ Web LootPool を更新: E:\フォートナイト\Web\assets\data\Loot\HazelnutSpread_LootPool.json
2026-04-16 18:34:30 | INFO | LootSummary start: E:\フォートナイト\Picture\Loot Pool\TEST4\New Loot\System Update\期間限定\HazelnutSpread\scripts\LootSummary.py
2026-04-16 18:34:30 | INFO | LootSummary stdout: 🔎 抽出用: 最新ファイル = E:\フォートナイト\Picture\Loot Pool\TEST4\New Loot\System Update\期間限定\HazelnutSpread\output\summary\v39.30_2026-04-16_18-34.json
✅ 抽出件数: 15
💾 保存: E:\フォートナイト\Picture\Loot Pool\TEST4\New Loot\System Update\期間限定\HazelnutSpread\input\items_unique_min.json
🔎 比較用: base   = E:\フォートナイト\Picture\Loot Pool\TEST4\New Loot\System Update\期間限定\HazelnutSpread\output\summary\v39.30_2026-04-02_17-33.json
🔎 比較用: target = E:\フォートナイト\Picture\Loot Pool\TEST4\New Loot\System Update\期間限定\HazelnutSpread\output\summary\v39.30_2026-04-16_18-34.json
✅ 差分作成 完了
  追加   : 2 / 削除 : 3 / 変更 : 0 / 変化なし : 13
💾 差分: E:\フォートナイト\Picture\Loot Pool\TEST4\New Loot\System Update\期間限定\HazelnutSpread\output\history\BR_20260416_1834\items_unique_min_diff.json
2026-04-16 18:34:30 | WARNING | LootSummary stderr: E:\フォートナイト\Picture\Loot Pool\TEST4\New Loot\System Update\期間限定\HazelnutSpread\scripts\LootSummary.py:2: SyntaxWarning: invalid escape sequence '\B'
  """
2026-04-16 18:34:30 | INFO | ✅ LootSummary 実行完了（抽出→比較） (0.15s)
2026-04-16 18:34:30 | INFO | prewarm start
