2026-03-26 00:43:00 | INFO | log file: E:\フォートナイト\Picture\Loot Pool\TEST4\New Loot\System Update\期間限定\Reload_Comp_20260326\output\logs\pipeline_2026-03-26_00-43-00.log
2026-03-26 00:43:00 | INFO | ===== Reload_Comp_20260326: pipeline start =====
2026-03-26 00:43:00 | INFO | paths: lt=E:\フォートナイト\Picture\Loot Pool\TEST4\New Loot\System Update\期間限定\Reload_Comp_20260326\input\AthenaLootTierData_Client__final.json lp=E:\フォートナイト\Picture\Loot Pool\TEST4\New Loot\System Update\期間限定\Reload_Comp_20260326\input\AthenaLootPackages_Client__final.json minlist=E:\フォートナイト\Picture\Loot Pool\TEST4\New Loot\System Update\期間限定\Reload_Comp_20260326\input\items_unique_min.json
2026-03-26 00:43:00 | INFO | output: summary=E:\フォートナイト\Picture\Loot Pool\TEST4\New Loot\System Update\期間限定\Reload_Comp_20260326\output\summary lootdata=E:\フォートナイト\Picture\Loot Pool\TEST4\New Loot\System Update\戦利品データ\期間限定\Reload_Comp_20260326
2026-03-26 00:43:00 | INFO | flags: hotfix=True prewarm=True image=True workers=8
2026-03-26 00:43:00 | INFO | hotfix start: E:\フォートナイト\Picture\Loot Pool\TEST4\New Loot\System Update\LootPackage.py
2026-03-26 00:43:01 | INFO | hotfix lp stdout: [STEP1-1] base e:\Fmodel\Exports\FortniteGame\Content\Items\DataTables\AthenaLootPackages_Client.json
[HOTFIX:SEASON1] target=/Game/Items/Datatables/AthenaLootPackages_Client
[664] RowUpdate WorldPKG.AthenaLoot.Weapon.HighShotgun.05.Weight=0.050000 -> OK
[665] RowUpdate WorldPKG.AthenaLoot.Weapon.HighHandgun.05.Weight=0.050000 -> OK
[666] RowUpdate WorldPKG.AthenaLoot.Weapon.HighSMG.05.Weight=0.050000 -> OK
[667] RowUpdate WorldPKG.AthenaLoot.Weapon.HighAssaultAuto.05.Weight=0.050000 -> OK
[668] RowUpdate WorldPKG.AthenaLoot.Weapon.HighSniper.05.Weight=0.050000 -> OK
[669] RowUpdate WorldPKG.AthenaLoot.Weapon.HighRocket.05.Weight=0.050000 -> OK
[HOTFIX:SEASON1] Addrow(TableUpdate) なし -> スキップ
[HOTFIX:SEASON1] done: applied=6, deleted=0, skipped=0
[STEP1-2] merge e:\Fmodel\Exports\FortniteGame\Plugins\GameFeatures\BlastBerryLoot\Content\DataTables\Habanero\BlastBerryLootPackages_Habanero.json : replaced=542, added=1622
[HOTFIX:SEASON2] target=/BlastBerryLoot/DataTables/Habanero/BlastBerryLootPackages_Habanero
[1078] RowUpdate WorldList.AthenaLoot.Weapon.Shotgun.04.Weight=1.000000 -> OK
[1079] RowUpdate WorldList.AthenaLoot.Weapon.Shotgun.05.Weight=0.400000 -> OK
[1080] RowUpdate WorldList.AthenaLoot.Weapon.Shotgun.06.Weight=0.080000 -> OK
[1081] RowUpdate WorldList.AthenaLoot.Weapon.Shotgun.66.Weight=0.000000 -> OK
[1082] RowUpdate WorldList.AthenaLoot.Weapon.Shotgun.67.Weight=0.000000 -> OK
[1083] RowUpdate WorldList.AthenaLoot.Weapon.Shotgun.68.Weight=0.000000 -> OK
[1084] RowUpdate WorldList.AthenaLoot.Weapon.HighShotgun.05.Weight=0.400000 -> OK
[1085] RowUpdate WorldList.AthenaLoot.Weapon.HighShotgun.06.Weight=0.080000 -> OK
[1086] RowUpdate WorldList.AthenaLoot.Weapon.HighShotgun.07.Weight=0.016000 -> OK
[1087] RowUpdate WorldList.AthenaLoot.Weapon.HighShotgun.08.Weight=0.004000 -> OK
[1088] RowUpdate WorldList.AthenaLoot.Weapon.HighShotgun.95.Weight=0.000000 -> OK
[1089] RowUpdate WorldList.AthenaLoot.Weapon.HighShotgun.96.Weight=0.000000 -> OK
[1090] RowUpdate WorldList.AthenaLoot.Weapon.HighShotgun.97.Weight=0.000000 -> OK
[1091] RowUpdate WorldList.AthenaLoot.Weapon.HighShotgun.98.Weight=0.000000 -> OK
[1092] RowUpdate WorldList.ApolloLoot.Weapon.HighShotgun.03.Weight=0.750000 -> OK
[1093] RowUpdate WorldList.ApolloLoot.Weapon.HighShotgun.04.Weight=0.250000 -> OK
[1094] RowUpdate WorldList.ApolloLoot.Weapon.HighShotgun.51.Weight=0.000000 -> OK
[1095] RowUpdate WorldList.ApolloLoot.Weapon.HighShotgun.52.Weight=0.000000 -> OK
[1096] RowUpdate WorldList.AthenaSupplyDrop.Weapon.Shotgun.06.Weight=0.250000 -> OK
[1097] RowUpdate WorldList.AthenaSupplyDrop.Weapon.Shotgun.07.Weight=0.125000 -> OK
[1098] RowUpdate WorldList.AthenaSupplyDrop.Weapon.Shotgun.08.Weight=0.025000 -> OK
[1099] RowUpdate WorldList.AthenaSupplyDrop.Weapon.Shotgun.96.Weight=0.000000 -> OK
[1100] RowUpdate WorldList.AthenaSupplyDrop.Weapon.Shotgun.97.Weight=0.000000 -> OK
[1101] RowUpdate WorldList.AthenaSupplyDrop.Weapon.Shotgun.98.Weight=0.000000 -> OK
[1102] RowUpdate WorldList.AthenaSupplyDrop.Weapon.Shotgun.104.Weight=0.000000 -> OK
[1103] RowUpdate WorldList.AthenaSupplyDrop.Weapon.Shotgun.105.Weight=0.000000 -> OK
[1104] RowUpdate WorldList.AthenaSupplyDrop.Weapon.Shotgun.106.Weight=0.000000 -> OK
[1105] RowUpdate WorldList.AthenaHighConsumables.Utility.11.CountRange=(X=2,Y=2) -> OK
[1106] RowUpdate WorldList.AthenaHighConsumablesRare.Utility.11.CountRange=(X=2,Y=2) -> OK
[1107] RowUpdate WorldList.AthenaSupplyDropUtility.11.CountRange=(X=2,Y=2) -> OK
[1108] RowUpdate WorldList.AthenaConsumables.Utility.11.CountRange=(X=2,Y=2) -> OK
[HOTFIX:SEASON2] Addrow(TableUpdate) なし -> スキップ
[HOTFIX:SEASON2] done: applied=31, deleted=0, skipped=0
[STEP1-3] merge e:\Fmodel\Exports\FortniteGame\Plugins\GameFeatures\BlastBerryLoot\Content\DataTables\AthenaLootPackages_Client_BlastBerryOverride_Habanero.json : replaced=244, added=0
[HOTFIX:SEASON3] target=/BlastBerryLoot/DataTables/AthenaLootPackages_Client_BlastBerryOverride_Habanero
[1132] RowUpdate WorldPKG.AthenaLoot.Weapon.HighShotgun.04.LootPackageCall=WorldList.AthenaSupplyDropUtility -> OK
[1133] RowUpdate WorldPKG.AthenaLoot.Weapon.HighHandgun.04.LootPackageCall=WorldList.AthenaSupplyDropUtility -> OK
[1134] RowUpdate WorldPKG.AthenaLoot.Weapon.HighSMG.04.LootPackageCall=WorldList.AthenaSupplyDropUtility -> OK
[1135] RowUpdate WorldPKG.AthenaLoot.Weapon.HighAssaultAuto.04.LootPackageCall=WorldList.AthenaSupplyDropUtility -> OK
[1136] RowUpdate WorldPKG.AthenaLoot.Weapon.HighSniper.04.LootPackageCall=WorldList.AthenaSupplyDropUtility -> OK
[1137] RowUpdate WorldPKG.AthenaLoot.Weapon.HighRocket.04.LootPackageCall=WorldList.AthenaSupplyDropUtility -> OK
[1138] RowUpdate WorldPKG.ApolloLoot.Weapon.HighShotgun.04.LootPackageCall=WorldList.AthenaSupplyDropUtility -> OK
[1139] RowUpdate WorldPKG.ApolloLoot.Weapon.SMG.04.LootPackageCall=WorldList.AthenaSupplyDropUtility -> OK
[1140] RowUpdate WorldPKG.ApolloLoot.Weapon.AssaultAuto.04.LootPackageCall=WorldList.AthenaSupplyDropUtility -> OK
[1141] RowUpdate WorldPKG.ApolloLoot.Weapon.Sniper.04.LootPackageCall=WorldList.AthenaSupplyDropUtility -> OK
[1142] RowUpdate WorldPKG.ApolloLoot.Weapon.Rocket.04.LootPackageCall=WorldList.AthenaSupplyDropUtility -> OK
[1143] RowUpdate WorldPKG.ApolloLoot.Weapon.HighHandgun.04.LootPackageCall=WorldList.AthenaSupplyDropUtility -> OK
[1144] RowUpdate WorldPKG.AthenaSupplyDrop.Weapon.Assault.04.LootPackageCall=WorldList.AthenaSupplyDropUtility -> OK
[1145] RowUpdate WorldPKG.AthenaSupplyDrop.Weapon.Shotgun.04.LootPackageCall=WorldList.AthenaSupplyDropUtility -> OK
[1146] RowUpdate WorldPKG.AthenaSupplyDrop.Weapon.Sniper.04.LootPackageCall=WorldList.AthenaSupplyDropUtility -> OK
[1147] RowUpdate WorldPKG.AthenaSupplyDrop.Weapon.Rocket.04.LootPackageCall=WorldList.AthenaSupplyDropUtility -> OK
[1148] RowUpdate WorldPKG.AthenaSupplyDrop.Weapon.SMG.04.LootPackageCall=WorldList.AthenaSupplyDropUtility -> OK
[1149] RowUpdate WorldPKG.AthenaSupplyDrop.Weapon.Handgun.04.LootPackageCall=WorldList.AthenaSupplyDropUtility -> OK
[HOTFIX:SEASON3] Addrow(TableUpdate) なし -> スキップ
[HOTFIX:SEASON3] done: applied=18, deleted=0, skipped=0
[STEP1-4] merge e:\Fmodel\Exports\FortniteGame\Plugins\GameFeatures\BlastBerryLoot\Content\DataTables\NoBuild\AthenaLootPackages_Client_BlastBerryOverride_NoBuild.json : replaced=36, added=0
[HOTFIX:SEASON4] target=/BlastBerryLoot/DataTables/NoBuild/AthenaLootPackages_Client_BlastBerryOverride_NoBuild
[HOTFIX:SEASON4] Addrow(TableUpdate) なし -> スキップ
[HOTFIX:SEASON4] done: applied=0, deleted=0, skipped=0
[WRITE] final -> E:\フォートナイト\Picture\Loot Pool\TEST4\New Loot\System Update\期間限定\Reload_Comp_20260326\input\AthenaLootPackages_Client__final.json
[WRITE] per-input -> E:\フォートナイト\Picture\Loot Pool\TEST4\New Loot\System Update\期間限定\Reload_Comp_20260326\input\BlastBerryLootPackages_Habanero__final.json
[WRITE] per-input -> E:\フォートナイト\Picture\Loot Pool\TEST4\New Loot\System Update\期間限定\Reload_Comp_20260326\input\AthenaLootPackages_Client_BlastBerryOverride_Habanero__final.json
[WRITE] per-input -> E:\フォートナイト\Picture\Loot Pool\TEST4\New Loot\System Update\期間限定\Reload_Comp_20260326\input\AthenaLootPackages_Client_BlastBerryOverride_NoBuild__final.json
2026-03-26 00:43:01 | INFO | hotfix start: E:\フォートナイト\Picture\Loot Pool\TEST4\New Loot\System Update\LootTier.py
2026-03-26 00:43:02 | INFO | hotfix lt stdout: [STEP1-1] base e:\Fmodel\Exports\FortniteGame\Content\Items\DataTables\AthenaLootTierData_Client.json
[HOTFIX:SEASON1] target=/Game/Items/Datatables/AthenaLootTierData_Client
[HOTFIX:SEASON1] done: applied=0, deleted=0, skipped=0
[STEP1-2] merge e:\Fmodel\Exports\FortniteGame\Plugins\GameFeatures\BlastBerryLoot\Content\DataTables\Habanero\BlastBerryTierData_Habanero.json : replaced=1, added=60
[HOTFIX:SEASON2] target=/BlastBerryLoot/DataTables/Habanero/BlastBerryTierData_Habanero
[HOTFIX:SEASON2] done: applied=0, deleted=0, skipped=0
[STEP1-3] merge e:\Fmodel\Exports\FortniteGame\Plugins\GameFeatures\BlastBerryLoot\Content\DataTables\AthenaLootTierData_Client_BlastBerryOverride_Habanero.json : replaced=264, added=0
[HOTFIX:SEASON3] target=/BlastBerryLoot/DataTables/AthenaLootTierData_Client_BlastBerryOverride_Habanero
[HOTFIX:SEASON3] done: applied=0, deleted=0, skipped=0
[WRITE] final -> E:\フォートナイト\Picture\Loot Pool\TEST4\New Loot\System Update\期間限定\Reload_Comp_20260326\input\AthenaLootTierData_Client__final.json
[WRITE] per-input -> E:\フォートナイト\Picture\Loot Pool\TEST4\New Loot\System Update\期間限定\Reload_Comp_20260326\input\BlastBerryTierData_Habanero__final.json
[WRITE] per-input -> E:\フォートナイト\Picture\Loot Pool\TEST4\New Loot\System Update\期間限定\Reload_Comp_20260326\input\AthenaLootTierData_Client_BlastBerryOverride_Habanero__final.json
2026-03-26 00:43:02 | INFO | ✓ Hotfix 適用完了 (1.34s)
2026-03-26 00:43:02 | INFO | load lt: E:\フォートナイト\Picture\Loot Pool\TEST4\New Loot\System Update\期間限定\Reload_Comp_20260326\input\AthenaLootTierData_Client__final.json
2026-03-26 00:43:02 | INFO | load lp: E:\フォートナイト\Picture\Loot Pool\TEST4\New Loot\System Update\期間限定\Reload_Comp_20260326\input\AthenaLootPackages_Client__final.json
2026-03-26 00:43:02 | INFO | load done (0.03s)
2026-03-26 00:43:02 | INFO | build summary start
2026-03-26 00:43:02 | INFO | build summary done (0.03s)
2026-03-26 00:43:02 | INFO | enrich summary with names start
2026-03-26 00:43:02 | INFO | enrich summary done (0.00s)
2026-03-26 00:43:02 | INFO | ✅ まとめJSONを作成: E:\フォートナイト\Picture\Loot Pool\TEST4\New Loot\System Update\期間限定\Reload_Comp_20260326\output\summary\v39.30_2026-03-26_00-43.json
2026-03-26 00:43:02 | INFO | build BR_LootData start
2026-03-26 00:43:02 | INFO | build BR_LootData done (0.00s)
2026-03-26 00:43:02 | INFO | ✅ BR_LootData を作成: E:\フォートナイト\Picture\Loot Pool\TEST4\New Loot\System Update\戦利品データ\期間限定\Reload_Comp_20260326\Reload_Comp_20260326_LootData_2026-03-26_00-43.json
2026-03-26 00:43:02 | INFO | ✅ Web LootPool を更新: E:\フォートナイト\Web\assets\data\Loot\Reload_Comp_20260326_LootPool.json
2026-03-26 00:43:02 | INFO | LootSummary start: E:\フォートナイト\Picture\Loot Pool\TEST4\New Loot\System Update\期間限定\Reload_Comp_20260326\scripts\LootSummary.py
2026-03-26 00:43:02 | INFO | LootSummary stdout: 🔎 抽出用: 最新ファイル = E:\フォートナイト\Picture\Loot Pool\TEST4\New Loot\System Update\期間限定\Reload_Comp_20260326\output\summary\v39.30_2026-03-26_00-43.json
✅ 抽出件数: 171
💾 保存: E:\フォートナイト\Picture\Loot Pool\TEST4\New Loot\System Update\期間限定\Reload_Comp_20260326\input\items_unique_min.json
🔎 比較用: base   = E:\フォートナイト\Picture\Loot Pool\TEST4\New Loot\System Update\期間限定\Reload_Comp_20260326\output\summary\v39.30_2026-03-20_07-18.json
🔎 比較用: target = E:\フォートナイト\Picture\Loot Pool\TEST4\New Loot\System Update\期間限定\Reload_Comp_20260326\output\summary\v39.30_2026-03-26_00-43.json
✅ 差分作成 完了
  追加   : 3 / 削除 : 2 / 変更 : 1 / 変化なし : 167
💾 差分: E:\フォートナイト\Picture\Loot Pool\TEST4\New Loot\System Update\期間限定\Reload_Comp_20260326\output\history\BR_20260326_0043\items_unique_min_diff.json
2026-03-26 00:43:02 | WARNING | LootSummary stderr: E:\フォートナイト\Picture\Loot Pool\TEST4\New Loot\System Update\期間限定\Reload_Comp_20260326\scripts\LootSummary.py:2: SyntaxWarning: invalid escape sequence '\B'
  """
2026-03-26 00:43:02 | INFO | ✅ LootSummary 実行完了（抽出→比較） (0.18s)
2026-03-26 00:43:02 | INFO | prewarm start
2026-03-26 00:43:38 | INFO | ✅ アイコンキャッシュ プリウォーム完了 (35.95s)
2026-03-26 00:43:38 | INFO | 画像化タスク数: 171
2026-03-26 00:43:38 | INFO | 画像生成 進捗: 1/171
2026-03-26 00:43:39 | INFO | 画像生成 進捗: 50/171
2026-03-26 00:43:40 | INFO | 画像生成 進捗: 100/171
2026-03-26 00:43:42 | INFO | 画像生成 進捗: 150/171
2026-03-26 00:43:42 | INFO | 画像生成 進捗: 171/171
2026-03-26 00:43:42 | INFO | ✅ 画像生成 完了（MinListベース）
2026-03-26 00:43:42 | INFO | ✅ Loot diff: 変更なし（作成スキップ）
2026-03-26 00:43:42 | INFO | git add: E:\フォートナイト\Picture\Loot Pool\TEST4\New Loot\System Update
2026-03-26 00:43:52 | INFO | git commit stdout: [main 4538ca3] Reload_Comp_20260326 update 2026-03-26 00:43:46
 252 files changed, 1543995 insertions(+)
 create mode 100644 "System Update/shared/images/\346\234\237\351\226\223\351\231\220\345\256\232/Reload_Comp_20260326/O.X.R.\343\203\251\343\202\244\343\203\225\343\203\253 - \343\203\206\343\202\243\343\202\2427.png"
 create mode 100644 "System Update/shared/images/\346\234\237\351\226\223\351\231\220\345\256\232/Reload_Comp_20260326/\343\202\242\343\202\265\343\203\253\343\203\210\343\203\251\343\202\244\343\203\225\343\203\253   - \343\203\206\343\202\243\343\202\2421.png"
 create mode 100644 "System Update/shared/images/\346\234\237\351\226\223\351\231\220\345\256\232/Reload_Comp_20260326/\343\202\242\343\203\254\343\202\271\343\201\256\343\202\246\343\202\251\343\203\274\343\203\225\343\202\251\343\203\274\343\202\270\343\203\211\343\203\273\343\202\242\343\202\265\343\203\253\343\203\210\343\203\251\343\202\244\343\203\225\343\203\253 - \343\203\206\343\202\243\343\202\2427.png"
 create mode 100644 "System Update/shared/images/\346\234\237\351\226\223\351\231\220\345\256\232/Reload_Comp_20260326/\343\202\242\343\203\263\343\202\271\343\203\206\343\203\274\343\203\226\343\203\253 \343\202\265\343\203\263\343\203\200\343\203\274\343\202\257\343\203\251\343\203\203\343\203\227DMR - \343\203\206\343\202\243\343\202\2426.png"
 create mode 100644 "System Update/shared/images/\346\234\237\351\226\223\351\231\220\345\256\232/Reload_Comp_20260326/\343\202\242\343\203\263\343\202\271\343\203\206\343\203\274\343\203\226\343\203\253 \343\203\225\343\203\255\343\202\271\343\203\210\343\203\225\343\202\241\343\202\244\343\202\242\343\203\273\343\202\267\343\203\247\343\203\203\343\203\210\343\202\254\343\203\263 - \343\203\206\343\202\243\343\202\2426.png"
 create mode 100644 "System Update/shared/images/\346\234\237\351\226\223\351\231\220\345\256\232/Reload_Comp_20260326/\343\202\242\343\203\263\343\202\271\343\203\206\343\203\274\343\203\226\343\203\253 \343\203\250\343\202\244\343\203\263\343\202\257\343\203\273\343\202\267\343\203\247\343\203\203\343\203\210\343\202\254\343\203\263 - \343\203\206\343\202\243\343\202\2426.png"
 create mode 100644 "System Update/shared/images/\346\234\237\351\226\223\351\231\220\345\256\232/Reload_Comp_20260326/\343\202\242\343\203\263\343\202\271\343\203\206\343\203\274\343\203\226\343\203\253 \343\203\264\343\202\251\343\203\253\343\203\206\343\203\274\343\202\270\343\203\273\343\203\220\343\203\274\343\202\271\343\203\210\343\203\224\343\202\271\343\203\210\343\203\253 - \343\203\206\343\202\243\343\202\2426.png"
 create mode 100644 "System Update/shared/images/\346\234\237\351\226\223\351\231\220\345\256\232/Reload_Comp_20260326/\343\202\250\343\203\251\343\203\207\343\202\243\343\202\261\343\203\274\343\202\277\343\203\274 O.X.R.\343\203\251\343\202\244\343\203\225\343\203\253 - \343\203\206\343\202\243\343\202\2426.png"
 create mode 100644 "System Update/shared/images/\346\234\237\351\226\223\351\231\220\345\256\232/Reload_Comp_20260326/\343\202\250\343\203\251\343\203\207\343\202\243\343\202\261\343\203\274\343\202\277\343\203\274 \343\202\267\343\203\243\343\203\211\343\203\274\343\203\273\343\203\227\343\203\254\343\202\267\343\202\270\343\203\247\343\203\263SMG - \343\203\206\343\202\243\343\202\2426.png"
 create mode 100644 "System Update/shared/images/\346\234\237\351\226\223\351\231\220\345\256\232/Reload_Comp_20260326/\343\202\250\343\203\251\343\203\207\343\202\243\343\202\261\343\203\274\343\202\277\343\203\274 \343\202\267\343\203\247\343\203\203\343\202\257&\343\202\271\343\203\255\343\203\274\343\203\273\343\202\267\343\203\247\343\203\203\343\202\257\343\202\246\343\202\247\343\203\274\343\203\226\343\203\251\343\203\263\343\203\201\343\203\243\343\203\274 - \343\203\206\343\202\243\343\202\2426.png"
 create mode 100644 "System Update/shared/images/\346\234\237\351\226\223\351\231\220\345\256\232/Reload_Comp_20260326/\343\202\250\343\203\251\343\203\207\343\202\243\343\202\261\343\203\274\343\202\277\343\203\274 \343\203\233\343\203\203\343\203\227\343\203\255\343\203\203\343\202\257\343\203\273\343\203\225\343\203\245\343\203\274\343\203\252\343\203\274 \343\202\242\343\202\265\343\203\253\343\203\210\343\203\251\343\202\244\343\203\225\343\203\253 - \343\203\206\343\202\243\343\202\2426.png"
 create mode 100644 "System Update/shared/images/\346\234\237\351\226\223\351\231\220\345\256\232/Reload_Comp_20260326/\343\202\250\343\203\251\343\203\207\343\202\243\343\202\261\343\203\274\343\202\277\343\203\274 \343\203\236\343\203\274\343\202\257\343\202\271\343\203\236\343\203\263\343\203\273\343\203\254\343\203\203\343\202\253\343\203\274\343\203\252\343\203\234\343\203\253\343\203\220\343\203\274 - \343\203\206\343\202\243\343\202\2426.png"
 create mode 100644 "System Update/shared/images/\346\234\237\351\226\223\351\231\220\345\256\232/Reload_Comp_20260326/\343\202\250\343\203\263\343\203\217\343\203\263\343\202\271\343\203\211 \343\203\217\343\203\263\343\203\211\343\202\255\343\203\243\343\203\216\343\203\263 - \343\203\206\343\202\243\343\202\2427.png"
 create mode 100644 "System Update/shared/images/\346\234\237\351\226\223\351\231\220\345\256\232/Reload_Comp_20260326/\343\202\250\343\203\263\343\203\217\343\203\263\343\202\271\343\203\211\343\203\273\343\202\263\343\203\251\343\203\206\343\203\251\343\203\253\343\203\200\343\203\241\343\203\274\343\202\270 \343\202\242\343\202\265\343\203\253\343\203\210\343\203\251\343\202\244\343\203\225\343\203\253 - \343\203\206\343\202\243\343\202\2427.png"
 create mode 100644 "System Update/shared/images/\346\234\237\351\226\223\351\231\220\345\256\232/Reload_Comp_20260326/\343\202\252\343\202\271\343\202\253\343\203\274\343\201\256\343\203\225\343\203\254\343\203\263\343\202\270\343\203\274 \343\202\252\343\203\274\343\203\210\343\202\267\343\203\247\343\203\203\343\203\210\343\202\254\343\203\263 - \343\203\206\343\202\243\343\202\2427.png"
 create mode 100644 "System Update/shared/images/\346\234\237\351\226\223\351\231\220\345\256\232/Reload_Comp_20260326/\343\202\252\343\203\274\343\203\220\343\203\274\343\202\257\343\203\255\343\203\203\343\202\257\343\203\221\343\203\253\343\202\271\343\203\251\343\202\244\343\203\225\343\203\253 - \343\203\206\343\202\243\343\202\2427.png"
 create mode 100644 "System Update/shared/images/\346\234\237\351\226\223\351\231\220\345\256\232/Reload_Comp_20260326/\343\202\252\343\203\274\343\203\220\343\203\274\343\203\211\343\203\251\343\202\244\343\203\226 \343\202\260\343\203\254\343\203\215\343\203\274\343\203\211 - \343\203\206\343\202\243\343\202\2423.png"
 create mode 100644 "System Update/shared/images/\346\234\237\351\226\223\351\231\220\345\256\232/Reload_Comp_20260326/\343\202\252\343\203\274\343\203\220\343\203\274\343\203\211\343\203\251\343\202\244\343\203\226 \343\202\277\343\202\257\343\203\206\343\202\243\343\202\253\343\203\253\343\203\224\343\202\271\343\203\210\343\203\253 - \343\203\206\343\202\243\343\202\2427.png"
 create mode 100644 "System Update/shared/images/\346\234\237\351\226\223\351\231\220\345\256\232/Reload_Comp_20260326/\343\202\255\343\203\203\343\203\210\343\201\256\343\202\267\343\203\247\343\203\203\343\202\257\343\202\246\343\202\247\343\203\274\343\203\226\343\203\251\343\203\263\343\203\201\343\203\243\343\203\274 - \343\203\206\343\202\243\343\202\2427.png"
 create mode 100644 "System Update/shared/images/\346\234\237\351\226\223\351\231\220\345\256\232/Reload_Comp_20260326/\343\202\255\343\203\243\343\203\231\343\203\204 - \343\203\206\343\202\243\343\202\2421.png"
 create mode 100644 "System Update/shared/images/\346\234\237\351\226\223\351\231\220\345\256\232/Reload_Comp_20260326/\343\202\257\343\203\251\343\203\203\343\202\267\343\203\245\343\203\221\343\203\203\343\203\211Jr. - \343\203\206\343\202\243\343\202\2422.png"
 create mode 100644 "System Update/shared/images/\346\234\237\351\226\223\351\231\220\345\256\232/Reload_Comp_20260326/\343\202\260\343\203\251\343\203\203\343\203\227\343\203\251\343\203\274 - \343\203\206\343\202\243\343\202\2424.png"
 create mode 100644 "System Update/shared/images/\346\234\237\351\226\223\351\231\220\345\256\232/Reload_Comp_20260326/\343\202\263\343\202\263\343\203\212\343\203\203\343\203\204 - \343\203\206\343\202\243\343\202\2421.png"
 create mode 100644 "System Update/shared/images/\346\234\237\351\226\223\351\231\220\345\256\232/Reload_Comp_20260326/\343\202\263\343\203\253\343\201\256\343\203\207\343\203\203\343\203\211\343\202\242\343\202\244DMR - \343\203\206\343\202\243\343\202\2427.png"
 create mode 100644 "System Update/shared/images/\346\234\237\351\226\223\351\231\220\345\256\232/Reload_Comp_20260326/\343\202\263\343\203\263\343\203\200\343\202\257\343\202\277\343\203\274\343\203\217\343\203\263\343\203\211\343\202\255\343\203\243\343\203\216\343\203\263 - \343\203\206\343\202\243\343\202\2427.png"
 create mode 100644 "System Update/shared/images/\346\234\237\351\226\223\351\231\220\345\256\232/Reload_Comp_20260326/\343\202\263\343\203\263\343\203\220\343\203\203\343\203\210\343\202\242\343\202\265\343\203\253\343\203\210\343\203\251\343\202\244\343\203\225\343\203\253 - \343\203\206\343\202\243\343\202\2421.png"
 create mode 100644 "System Update/shared/images/\346\234\237\351\226\223\351\231\220\345\256\232/Reload_Comp_20260326/\343\202\263\343\203\263\343\203\220\343\203\203\343\203\210\343\202\242\343\202\265\343\203\253\343\203\210\343\203\251\343\202\244\343\203\225\343\203\253 - \343\203\206\343\202\243\343\202\2422.png"
 create mode 100644 "System Update/shared/images/\346\234\237\351\226\223\351\231\220\345\256\232/Reload_Comp_20260326/\343\202\263\343\203\263\343\203\220\343\203\203\343\203\210\343\202\242\343\202\265\343\203\253\343\203\210\343\203\251\343\202\244\343\203\225\343\203\253 - \343\203\206\343\202\243\343\202\2423.png"
 create mode 100644 "System Update/shared/images/\346\234\237\351\226\223\351\231\220\345\256\232/Reload_Comp_20260326/\343\202\263\343\203\263\343\203\220\343\203\203\343\203\210\343\202\242\343\202\265\343\203\253\343\203\210\343\203\251\343\202\244\343\203\225\343\203\253 - \343\203\206\343\202\243\343\202\2424.png"
 create mode 100644 "System Update/shared/images/\346\234\237\351\226\223\351\231\220\345\256\232/Reload_Comp_20260326/\343\202\263\343\203\263\343\203\220\343\203\203\343\203\210\343\202\242\343\202\265\343\203\253\343\203\210\343\203\251\343\202\244\343\203\225\343\203\253 - \343\203\206\343\202\243\343\202\2425.png"
 create mode 100644 "System Update/shared/images/\346\234\237\351\226\223\351\231\220\345\256\232/Reload_Comp_20260326/\343\202\263\343\203\274\343\203\263 - \343\203\206\343\202\243\343\202\2421.png"
 create mode 100644 "System Update/shared/images/\346\234\237\351\226\223\351\231\220\345\256\232/Reload_Comp_20260326/\343\202\264\343\203\274\343\203\253\343\203\211 - \343\203\206\343\202\243\343\202\2421.png"
 create mode 100644 "System Update/shared/images/\346\234\237\351\226\223\351\231\220\345\256\232/Reload_Comp_20260326/\343\202\267\343\203\245\343\203\251\343\203\226\343\203\234\343\203\240 - \343\203\206\343\202\243\343\202\2425.png"
 create mode 100644 "System Update/shared/images/\346\234\237\351\226\223\351\231\220\345\256\232/Reload_Comp_20260326/\343\202\267\343\203\274\343\203\253\343\203\211\343\202\255\343\203\216\343\202\263 - \343\203\206\343\202\243\343\202\2421.png"
 create mode 100644 "System Update/shared/images/\346\234\237\351\226\223\351\231\220\345\256\232/Reload_Comp_20260326/\343\202\267\343\203\274\343\203\253\343\203\211\343\203\220\343\203\226\343\203\253Jr. - \343\203\206\343\202\243\343\202\2422.png"
 create mode 100644 "System Update/shared/images/\346\234\237\351\226\223\351\231\220\345\256\232/Reload_Comp_20260326/\343\202\267\343\203\274\343\203\253\343\203\211\343\203\225\343\202\243\343\203\203\343\202\267\343\203\245 - \343\203\206\343\202\243\343\202\2423.png"
 create mode 100644 "System Update/shared/images/\346\234\237\351\226\223\351\231\220\345\256\232/Reload_Comp_20260326/\343\202\267\343\203\274\343\203\253\343\203\211\343\203\235\343\203\274\343\202\267\343\203\247\343\203\263 - \343\203\206\343\202\243\343\202\2423.png"
 create mode 100644 "System Update/shared/images/\346\234\237\351\226\223\351\231\220\345\256\232/Reload_Comp_20260326/\343\202\271\343\202\244\343\203\274\343\203\221\343\203\274\343\202\267\343\203\247\343\203\203\343\203\210\343\202\254\343\203\263 - \343\203\206\343\202\243\343\202\2427.png"
 create mode 100644 "System Update/shared/images/\346\234\237\351\226\223\351\231\220\345\256\232/Reload_Comp_20260326/\343\202\271\343\202\257\343\202\244\343\203\226\343\203\252\343\203\274\343\201\256\343\202\263\343\203\263\343\203\220\343\203\203\343\203\210\343\202\242\343\202\265\343\203\253\343\203\210\343\203\251\343\202\244\343\203\225\343\203\253 - \343\203\206\343\202\243\343\202\2427.png"
 create mode 100644 "System Update/shared/images/\346\234\237\351\226\223\351\231\220\345\256\232/Reload_Comp_20260326/\343\202\271\343\203\221\343\202\244\343\202\242\343\203\273\343\203\251\343\202\244\343\203\225\343\203\253 - \343\203\206\343\202\243\343\202\2422.png"
 create mode 100644 "System Update/shared/images/\346\234\237\351\226\223\351\231\220\345\256\232/Reload_Comp_20260326/\343\202\271\343\203\221\343\202\244\343\202\242\343\203\273\343\203\251\343\202\244\343\203\225\343\203\253 - \343\203\206\343\202\243\343\202\2423.png"
 create mode 100644 "System Update/shared/images/\346\234\237\351\226\223\351\231\220\345\256\232/Reload_Comp_20260326/\343\202\271\343\203\221\343\202\244\343\202\242\343\203\273\343\203\251\343\202\244\343\203\225\343\203\253 - \343\203\206\343\202\243\343\202\2424.png"
 create mode 100644 "System Update/shared/images/\346\234\237\351\226\223\351\231\220\345\256\232/Reload_Comp_20260326/\343\202\271\343\203\221\343\202\244\343\202\242\343\203\273\343\203\251\343\202\244\343\203\225\343\203\253 - \343\203\206\343\202\243\343\202\2425.png"
 create mode 100644 "System Update/shared/images/\346\234\237\351\226\223\351\231\220\345\256\232/Reload_Comp_20260326/\343\202\271\343\203\242\343\203\274\343\203\253\343\203\225\343\202\243\343\203\203\343\202\267\343\203\245 - \343\203\206\343\202\243\343\202\2421.png"
 create mode 100644 "System Update/shared/images/\346\234\237\351\226\223\351\231\220\345\256\232/Reload_Comp_20260326/\343\202\271\343\203\251\343\203\203\343\203\227\343\203\231\343\203\252\343\203\274\343\203\273\343\203\225\343\202\243\343\202\272(\343\202\250\343\202\255\343\202\276\343\203\201\343\203\203\343\202\257) - \343\203\206\343\202\243\343\202\2426.png"
 create mode 100644 "System Update/shared/images/\346\234\237\351\226\223\351\231\220\345\256\232/Reload_Comp_20260326/\343\202\271\343\203\251\343\203\203\343\203\227\343\203\273\343\202\271\343\203\227\343\203\251\343\203\203\343\202\267\343\203\245 - \343\203\206\343\202\243\343\202\2423.png"
 create mode 100644 "System Update/shared/images/\346\234\237\351\226\223\351\231\220\345\256\232/Reload_Comp_20260326/\343\202\271\343\203\251\343\203\274\343\203\227\343\202\255\343\203\216\343\202\263 - \343\203\206\343\202\243\343\202\2421.png"
 create mode 100644 "System Update/shared/images/\346\234\237\351\226\223\351\231\220\345\256\232/Reload_Comp_20260326/\343\202\271\343\203\251\343\203\274\343\203\227\343\202\270\343\203\245\343\203\274\343\202\271 - \343\203\206\343\202\243\343\202\2425.png"
 create mode 100644 "System Update/shared/images/\346\234\237\351\226\223\351\231\220\345\256\232/Reload_Comp_20260326/\343\202\271\343\203\274\343\203\221\343\203\274\343\202\270\343\203\243\343\203\263\343\203\227\343\203\221\343\203\203\343\203\211 - \343\203\206\343\202\243\343\202\2424.png"
 create mode 100644 "System Update/shared/images/\346\234\237\351\226\223\351\231\220\345\256\232/Reload_Comp_20260326/\343\202\273\343\203\226\343\203\263\343\201\256\343\202\257\343\203\251\343\202\271\343\202\277\343\203\274\343\202\255\343\203\243\343\203\216\343\203\263 - \343\203\206\343\202\243\343\202\2424.png"
 create mode 100644 "System Update/shared/images/\346\234\237\351\226\223\351\231\220\345\256\232/Reload_Comp_20260326/\343\202\273\343\203\226\343\203\263\343\201\256\343\202\257\343\203\251\343\202\271\343\202\277\343\203\274\343\202\255\343\203\243\343\203\216\343\203\263 - \343\203\206\343\202\243\343\202\2425.png"
 create mode 100644 "System Update/shared/images/\346\234\237\351\226\223\351\231\220\345\256\232/Reload_Comp_20260326/\343\202\274\343\202\246\343\202\271\343\201\256\343\203\217\343\203\263\343\203\210\343\203\254\343\202\271DMR - \343\203\206\343\202\243\343\202\2427.png"
 create mode 100644 "System Update/shared/images/\346\234\237\351\226\223\351\231\220\345\256\232/Reload_Comp_20260326/\343\203\200\343\203\226\343\203\253 - \343\203\206\343\202\243\343\202\2426.png"
 create mode 100644 "System Update/shared/images/\346\234\237\351\226\223\351\231\220\345\256\232/Reload_Comp_20260326/\343\203\204\343\202\244\343\203\263\343\203\217\343\203\263\343\203\236\343\203\274\343\202\267\343\203\247\343\203\203\343\203\210\343\202\254\343\203\263 - \343\203\206\343\202\243\343\202\2421.png"
 create mode 100644 "System Update/shared/images/\346\234\237\351\226\223\351\231\220\345\256\232/Reload_Comp_20260326/\343\203\204\343\202\244\343\203\263\343\203\217\343\203\263\343\203\236\343\203\274\343\202\267\343\203\247\343\203\203\343\203\210\343\202\254\343\203\263 - \343\203\206\343\202\243\343\202\2422.png"
 create mode 100644 "System Update/shared/images/\346\234\237\351\226\223\351\231\220\345\256\232/Reload_Comp_20260326/\343\203\204\343\202\244\343\203\263\343\203\217\343\203\263\343\203\236\343\203\274\343\202\267\343\203\247\343\203\203\343\203\210\343\202\254\343\203\263 - \343\203\206\343\202\243\343\202\2423.png"
 create mode 100644 "System Update/shared/images/\346\234\237\351\226\223\351\231\220\345\256\232/Reload_Comp_20260326/\343\203\204\343\202\244\343\203\263\343\203\217\343\203\263\343\203\236\343\203\274\343\202\267\343\203\247\343\203\203\343\203\210\343\202\254\343\203\263 - \343\203\206\343\202\243\343\202\2424.png"
 create mode 100644 "System Update/shared/images/\346\234\237\351\226\223\351\231\220\345\256\232/Reload_Comp_20260326/\343\203\204\343\202\244\343\203\263\343\203\217\343\203\263\343\203\236\343\203\274\343\202\267\343\203\247\343\203\203\343\203\210\343\202\254\343\203\263 - \343\203\206\343\202\243\343\202\2425.png"
 create mode 100644 "System Update/shared/images/\346\234\237\351\226\223\351\231\220\345\256\232/Reload_Comp_20260326/\343\203\204\343\202\244\343\203\263\343\203\236\343\202\260 \343\202\265\343\203\226\343\203\236\343\202\267\343\203\263\343\202\254\343\203\263 - \343\203\206\343\202\243\343\202\2421.png"
 create mode 100644 "System Update/shared/images/\346\234\237\351\226\223\351\231\220\345\256\232/Reload_Comp_20260326/\343\203\204\343\202\244\343\203\263\343\203\236\343\202\260 \343\202\265\343\203\226\343\203\236\343\202\267\343\203\263\343\202\254\343\203\263 - \343\203\206\343\202\243\343\202\2422.png"
 create mode 100644 "System Update/shared/images/\346\234\237\351\226\223\351\231\220\345\256\232/Reload_Comp_20260326/\343\203\204\343\202\244\343\203\263\343\203\236\343\202\260 \343\202\265\343\203\226\343\203\236\343\202\267\343\203\263\343\202\254\343\203\263 - \343\203\206\343\202\243\343\202\2423.png"
 create mode 100644 "System Update/shared/images/\346\234\237\351\226\223\351\231\220\345\256\232/Reload_Comp_20260326/\343\203\204\343\202\244\343\203\263\343\203\236\343\202\260 \343\202\265\343\203\226\343\203\236\343\202\267\343\203\263\343\202\254\343\203\263 - \343\203\206\343\202\243\343\202\2424.png"
 create mode 100644 "System Update/shared/images/\346\234\237\351\226\223\351\231\220\345\256\232/Reload_Comp_20260326/\343\203\204\343\202\244\343\203\263\343\203\236\343\202\260 \343\202\265\343\203\226\343\203\236\343\202\267\343\203\263\343\202\254\343\203\263 - \343\203\206\343\202\243\343\202\2425.png"
 create mode 100644 "System Update/shared/images/\346\234\237\351\226\223\351\231\220\345\256\232/Reload_Comp_20260326/\343\203\207\343\203\245\343\202\242\343\203\253\343\203\236\343\202\244\343\202\257\343\203\255\343\202\265\343\203\226\343\203\236\343\202\267\343\203\263\343\202\254\343\203\263 - \343\203\206\343\202\243\343\202\2422.png"
 create mode 100644 "System Update/shared/images/\346\234\237\351\226\223\351\231\220\345\256\232/Reload_Comp_20260326/\343\203\207\343\203\245\343\202\242\343\203\253\343\203\236\343\202\244\343\202\257\343\203\255\343\202\265\343\203\226\343\203\236\343\202\267\343\203\263\343\202\254\343\203\263 - \343\203\206\343\202\243\343\202\2423.png"
 create mode 100644 "System Update/shared/images/\346\234\237\351\226\223\351\231\220\345\256\232/Reload_Comp_20260326/\343\203\207\343\203\245\343\202\242\343\203\253\343\203\236\343\202\244\343\202\257\343\203\255\343\202\265\343\203\226\343\203\236\343\202\267\343\203\263\343\202\254\343\203\263 - \343\203\206\343\202\243\343\202\2424.png"
 create mode 100644 "System Update/shared/images/\346\234\237\351\226\223\351\231\220\345\256\232/Reload_Comp_20260326/\343\203\207\343\203\245\343\202\242\343\203\253\343\203\236\343\202\244\343\202\257\343\203\255\343\202\265\343\203\226\343\203\236\343\202\267\343\203\263\343\202\254\343\203\263 - \343\203\206\343\202\243\343\202\2425.png"
 create mode 100644 "System Update/shared/images/\346\234\237\351\226\223\351\231\220\345\256\232/Reload_Comp_20260326/\343\203\210\343\203\251\343\203\226\343\203\253 - \343\203\206\343\202\243\343\202\2426.png"
 create mode 100644 "System Update/shared/images/\346\234\237\351\226\223\351\231\220\345\256\232/Reload_Comp_20260326/\343\203\213\343\203\274\343\202\267\343\203\243\343\201\256\343\202\271\343\203\210\343\203\251\343\202\244\343\202\253\343\203\274 \343\202\242\343\202\265\343\203\253\343\203\210\343\203\251\343\202\244\343\203\225\343\203\253 - \343\203\206\343\202\243\343\202\2427.png"
 create mode 100644 "System Update/shared/images/\346\234\237\351\226\223\351\231\220\345\256\232/Reload_Comp_20260326/\343\203\217\343\202\244\343\202\271\343\203\206\343\203\203\343\203\211\343\203\273\343\202\250\343\202\257\343\202\271\343\203\227\343\203\255\343\203\274\343\202\267\343\203\226\343\203\273\343\202\242\343\202\265\343\203\253\343\203\210\343\203\251\343\202\244\343\203\225\343\203\253 - \343\203\206\343\202\243\343\202\2426.png"
 create mode 100644 "System Update/shared/images/\346\234\237\351\226\223\351\231\220\345\256\232/Reload_Comp_20260326/\343\203\217\343\202\244\343\202\271\343\203\206\343\203\203\343\203\211\343\203\273\343\203\226\343\203\252\343\203\263\343\202\257\343\203\236\343\202\260\343\203\273\343\202\265\343\203\226\343\203\236\343\202\267\343\203\263\343\202\254\343\203\263 - \343\203\206\343\202\243\343\202\2426.png"
 create mode 100644 "System Update/shared/images/\346\234\237\351\226\223\351\231\220\345\256\232/Reload_Comp_20260326/\343\203\217\343\202\244\343\202\271\343\203\206\343\203\203\343\203\211\343\203\273\343\203\226\343\203\252\343\203\274\343\203\201\343\203\243\343\203\274\343\203\273\343\202\267\343\203\247\343\203\203\343\203\210\343\202\254\343\203\263 - \343\203\206\343\202\243\343\202\2426.png"
 create mode 100644 "System Update/shared/images/\346\234\237\351\226\223\351\231\220\345\256\232/Reload_Comp_20260326/\343\203\217\343\202\244\343\203\221\343\203\274\343\203\220\343\203\274\343\202\271\343\203\210\343\203\273\343\203\224\343\202\271\343\203\210\343\203\253 - \343\203\206\343\202\243\343\202\2422.png"
 create mode 100644 "System Update/shared/images/\346\234\237\351\226\223\351\231\220\345\256\232/Reload_Comp_20260326/\343\203\217\343\202\244\343\203\221\343\203\274\343\203\220\343\203\274\343\202\271\343\203\210\343\203\273\343\203\224\343\202\271\343\203\210\343\203\253 - \343\203\206\343\202\243\343\202\2423.png"
 create mode 100644 "System Update/shared/images/\346\234\237\351\226\223\351\231\220\345\256\232/Reload_Comp_20260326/\343\203\217\343\202\244\343\203\221\343\203\274\343\203\220\343\203\274\343\202\271\343\203\210\343\203\273\343\203\224\343\202\271\343\203\210\343\203\253 - \343\203\206\343\202\243\343\202\2424.png"
 create mode 100644 "System Update/shared/images/\346\234\237\351\226\223\351\231\220\345\256\232/Reload_Comp_20260326/\343\203\217\343\202\244\343\203\221\343\203\274\343\203\220\343\203\274\343\202\271\343\203\210\343\203\273\343\203\224\343\202\271\343\203\210\343\203\253 - \343\203\206\343\202\243\343\202\2425.png"
 create mode 100644 "System Update/shared/images/\346\234\237\351\226\223\351\231\220\345\256\232/Reload_Comp_20260326/\343\203\217\343\203\207\343\202\271\343\201\256\343\203\217\343\203\274\343\203\223\343\203\263\343\202\270\343\203\243\343\203\274\343\202\265\343\203\226\343\203\236\343\202\267\343\203\263\343\202\254\343\203\263 - \343\203\206\343\202\243\343\202\2427.png"
 create mode 100644 "System Update/shared/images/\346\234\237\351\226\223\351\231\220\345\256\232/Reload_Comp_20260326/\343\203\217\343\203\263\343\203\206\343\202\243\343\203\263\343\202\260\343\203\251\343\202\244\343\203\225\343\203\253 - \343\203\206\343\202\243\343\202\2422.png"
 create mode 100644 "System Update/shared/images/\346\234\237\351\226\223\351\231\220\345\256\232/Reload_Comp_20260326/\343\203\217\343\203\263\343\203\206\343\202\243\343\203\263\343\202\260\343\203\251\343\202\244\343\203\225\343\203\253 - \343\203\206\343\202\243\343\202\2423.png"
 create mode 100644 "System Update/shared/images/\346\234\237\351\226\223\351\231\220\345\256\232/Reload_Comp_20260326/\343\203\217\343\203\263\343\203\206\343\202\243\343\203\263\343\202\260\343\203\251\343\202\244\343\203\225\343\203\253 - \343\203\206\343\202\243\343\202\2424.png"
 create mode 100644 "System Update/shared/images/\346\234\237\351\226\223\351\231\220\345\256\232/Reload_Comp_20260326/\343\203\217\343\203\263\343\203\206\343\202\243\343\203\263\343\202\260\343\203\251\343\202\244\343\203\225\343\203\253 - \343\203\206\343\202\243\343\202\2425.png"
 create mode 100644 "System Update/shared/images/\346\234\237\351\226\223\351\231\220\345\256\232/Reload_Comp_20260326/\343\203\217\343\203\263\343\203\211\343\202\255\343\203\243\343\203\216\343\203\263 - \343\203\206\343\202\243\343\202\2423.png"
 create mode 100644 "System Update/shared/images/\346\234\237\351\226\223\351\231\220\345\256\232/Reload_Comp_20260326/\343\203\217\343\203\263\343\203\236\343\203\274\343\202\242\343\202\265\343\203\253\343\203\210\343\203\251\343\202\244\343\203\225\343\203\253 - \343\203\206\343\202\243\343\202\2421.png"
 create mode 100644 "System Update/shared/images/\346\234\237\351\226\223\351\231\220\345\256\232/Reload_Comp_20260326/\343\203\217\343\203\263\343\203\236\343\203\274\343\202\242\343\202\265\343\203\253\343\203\210\343\203\251\343\202\244\343\203\225\343\203\253 - \343\203\206\343\202\243\343\202\2422.png"
 create mode 100644 "System Update/shared/images/\346\234\237\351\226\223\351\231\220\345\256\232/Reload_Comp_20260326/\343\203\217\343\203\263\343\203\236\343\203\274\343\202\242\343\202\265\343\203\253\343\203\210\343\203\251\343\202\244\343\203\225\343\203\253 - \343\203\206\343\202\243\343\202\2423.png"
 create mode 100644 "System Update/shared/images/\346\234\237\351\226\223\351\231\220\345\256\232/Reload_Comp_20260326/\343\203\217\343\203\263\343\203\236\343\203\274\343\202\242\343\202\265\343\203\253\343\203\210\343\203\251\343\202\244\343\203\225\343\203\253 - \343\203\206\343\202\243\343\202\2424.png"
 create mode 100644 "System Update/shared/images/\346\234\237\351\226\223\351\231\220\345\256\232/Reload_Comp_20260326/\343\203\217\343\203\263\343\203\236\343\203\274\343\202\242\343\202\265\343\203\253\343\203\210\343\203\251\343\202\244\343\203\225\343\203\253 - \343\203\206\343\202\243\343\202\2425.png"
 create mode 100644 "System Update/shared/images/\346\234\237\351\226\223\351\231\220\345\256\232/Reload_Comp_20260326/\343\203\220\343\203\212\343\203\212 - \343\203\206\343\202\243\343\202\2421.png"
 create mode 100644 "System Update/shared/images/\346\234\237\351\226\223\351\231\220\345\256\232/Reload_Comp_20260326/\343\203\220\343\203\255\343\203\263\343\201\256\343\203\200\343\203\226\343\203\253\343\203\200\343\202\246\343\203\263\343\203\224\343\202\271\343\203\210\343\203\253 - \343\203\206\343\202\243\343\202\2427.png"
 create mode 100644 "System Update/shared/images/\346\234\237\351\226\223\351\231\220\345\256\232/Reload_Comp_20260326/\343\203\223\343\203\203\343\202\260\343\203\226\343\203\203\343\202\267\343\203\245\343\203\234\343\203\240 - \343\203\206\343\202\243\343\202\2423.png"
 create mode 100644 "System Update/shared/images/\346\234\237\351\226\223\351\231\220\345\256\232/Reload_Comp_20260326/\343\203\224\343\202\266\343\203\221\343\203\274\343\203\206\343\202\243\343\203\274 - \343\203\206\343\202\243\343\202\2424.png"
 create mode 100644 "System Update/shared/images/\346\234\237\351\226\223\351\231\220\345\256\232/Reload_Comp_20260326/\343\203\224\343\203\263\343\203\235\343\202\244\343\203\263\343\203\210 \343\202\242\343\202\244\343\202\242\343\203\263\343\203\235\343\203\263\343\203\227\343\202\267\343\203\247\343\203\203\343\203\210\343\202\254\343\203\263 - \343\203\206\343\202\243\343\202\2427.png"
 create mode 100644 "System Update/shared/images/\346\234\237\351\226\223\351\231\220\345\256\232/Reload_Comp_20260326/\343\203\225\343\202\243\343\203\203\343\202\267\343\203\263\343\202\260\343\203\225\343\203\203\343\202\257 - \343\203\206\343\202\243\343\202\2421.png"
 create mode 100644 "System Update/shared/images/\346\234\237\351\226\223\351\231\220\345\256\232/Reload_Comp_20260326/\343\203\225\343\203\254\343\203\203\343\202\257\343\202\271 \343\202\265\343\203\226\343\203\236\343\202\267\343\203\263\343\202\254\343\203\263 - \343\203\206\343\202\243\343\202\2422.png"
 create mode 100644 "System Update/shared/images/\346\234\237\351\226\223\351\231\220\345\256\232/Reload_Comp_20260326/\343\203\225\343\203\254\343\203\203\343\202\257\343\202\271 \343\202\265\343\203\226\343\203\236\343\202\267\343\203\263\343\202\254\343\203\263 - \343\203\206\343\202\243\343\202\2423.png"
 create mode 100644 "System Update/shared/images/\346\234\237\351\226\223\351\231\220\345\256\232/Reload_Comp_20260326/\343\203\225\343\203\254\343\203\203\343\202\257\343\202\271 \343\202\265\343\203\226\343\203\236\343\202\267\343\203\263\343\202\254\343\203\263 - \343\203\206\343\202\243\343\202\2424.png"
 create mode 100644 "System Update/shared/images/\346\234\237\351\226\223\351\231\220\345\256\232/Reload_Comp_20260326/\343\203\225\343\203\254\343\203\203\343\202\257\343\202\271 \343\202\265\343\203\226\343\203\236\343\202\267\343\203\263\343\202\254\343\203\263 - \343\203\206\343\202\243\343\202\2425.png"
 create mode 100644 "System Update/shared/images/\346\234\237\351\226\223\351\231\220\345\256\232/Reload_Comp_20260326/\343\203\225\343\203\254\343\203\203\343\202\257\343\202\271 \343\202\265\343\203\226\343\203\236\343\202\267\343\203\263\343\202\254\343\203\263 - \343\203\206\343\202\243\343\202\2427.png"
 create mode 100644 "System Update/shared/images/\346\234\237\351\226\223\351\231\220\345\256\232/Reload_Comp_20260326/\343\203\225\343\203\255\343\203\203\343\203\221\343\203\274 - \343\203\206\343\202\243\343\202\2422.png"
 create mode 100644 "System Update/shared/images/\346\234\237\351\226\223\351\231\220\345\256\232/Reload_Comp_20260326/\343\203\225\343\203\255\343\203\274\343\203\231\343\203\252\343\203\274\343\203\237\343\202\271\343\203\210\343\202\260\343\203\254\343\203\215\343\203\274\343\203\211 - \343\203\206\343\202\243\343\202\2424.png"
 create mode 100644 "System Update/shared/images/\346\234\237\351\226\223\351\231\220\345\256\232/Reload_Comp_20260326/\343\203\225\343\203\255\343\203\274\343\203\231\343\203\252\343\203\274\343\203\273\343\203\225\343\202\243\343\202\272 - \343\203\206\343\202\243\343\202\2423.png"
 create mode 100644 "System Update/shared/images/\346\234\237\351\226\223\351\231\220\345\256\232/Reload_Comp_20260326/\343\203\226\343\203\253\343\203\274\343\202\277\343\202\271\343\201\256\343\203\204\343\202\244\343\203\263\343\203\217\343\203\263\343\203\236\343\203\274\343\202\267\343\203\247\343\203\203\343\203\210\343\202\254\343\203\263 - \343\203\206\343\202\243\343\202\2427.png"
 create mode 100644 "System Update/shared/images/\346\234\237\351\226\223\351\231\220\345\256\232/Reload_Comp_20260326/\343\203\226\343\203\253\343\203\274\343\203\210 \343\203\215\343\203\241\343\202\267\343\202\271 \343\202\242\343\202\265\343\203\253\343\203\210\343\203\251\343\202\244\343\203\225\343\203\253 - \343\203\206\343\202\243\343\202\2427.png"
 create mode 100644 "System Update/shared/images/\346\234\237\351\226\223\351\231\220\345\256\232/Reload_Comp_20260326/\343\203\227\343\203\251\343\202\244\343\203\240\343\202\267\343\203\247\343\203\203\343\203\210\343\202\254\343\203\263 - \343\203\206\343\202\243\343\202\2422.png"
 create mode 100644 "System Update/shared/images/\346\234\237\351\226\223\351\231\220\345\256\232/Reload_Comp_20260326/\343\203\227\343\203\251\343\202\244\343\203\240\343\202\267\343\203\247\343\203\203\343\203\210\343\202\254\343\203\263 - \343\203\206\343\202\243\343\202\2423.png"
 create mode 100644 "System Update/shared/images/\346\234\237\351\226\223\351\231\220\345\256\232/Reload_Comp_20260326/\343\203\227\343\203\251\343\202\244\343\203\240\343\202\267\343\203\247\343\203\203\343\203\210\343\202\254\343\203\263 - \343\203\206\343\202\243\343\202\2424.png"
 create mode 100644 "System Update/shared/images/\346\234\237\351\226\223\351\231\220\345\256\232/Reload_Comp_20260326/\343\203\227\343\203\251\343\202\244\343\203\240\343\202\267\343\203\247\343\203\203\343\203\210\343\202\254\343\203\263 - \343\203\206\343\202\243\343\202\2425.png"
 create mode 100644 "System Update/shared/images/\346\234\237\351\226\223\351\231\220\345\256\232/Reload_Comp_20260326/\343\203\230\343\203\223\343\203\274\343\202\267\343\203\247\343\203\203\343\203\210\343\202\254\343\203\263 - \343\203\206\343\202\243\343\202\2422.png"
 create mode 100644 "System Update/shared/images/\346\234\237\351\226\223\351\231\220\345\256\232/Reload_Comp_20260326/\343\203\230\343\203\223\343\203\274\343\202\267\343\203\247\343\203\203\343\203\210\343\202\254\343\203\263 - \343\203\206\343\202\243\343\202\2423.png"
 create mode 100644 "System Update/shared/images/\346\234\237\351\226\223\351\231\220\345\256\232/Reload_Comp_20260326/\343\203\230\343\203\223\343\203\274\343\202\267\343\203\247\343\203\203\343\203\210\343\202\254\343\203\263 - \343\203\206\343\202\243\343\202\2424.png"
 create mode 100644 "System Update/shared/images/\346\234\237\351\226\223\351\231\220\345\256\232/Reload_Comp_20260326/\343\203\230\343\203\223\343\203\274\343\202\267\343\203\247\343\203\203\343\203\210\343\202\254\343\203\263 - \343\203\206\343\202\243\343\202\2425.png"
 create mode 100644 "System Update/shared/images/\346\234\237\351\226\223\351\231\220\345\256\232/Reload_Comp_20260326/\343\203\234\343\203\253\343\203\210\343\202\242\343\202\257\343\202\267\343\203\247\343\203\263\343\202\271\343\203\212\343\202\244\343\203\221\343\203\274\343\203\251\343\202\244\343\203\225\343\203\253 - \343\203\206\343\202\243\343\202\2422.png"
 create mode 100644 "System Update/shared/images/\346\234\237\351\226\223\351\231\220\345\256\232/Reload_Comp_20260326/\343\203\234\343\203\253\343\203\210\343\202\242\343\202\257\343\202\267\343\203\247\343\203\263\343\202\271\343\203\212\343\202\244\343\203\221\343\203\274\343\203\251\343\202\244\343\203\225\343\203\253 - \343\203\206\343\202\243\343\202\2423.png"
 create mode 100644 "System Update/shared/images/\346\234\237\351\226\223\351\231\220\345\256\232/Reload_Comp_20260326/\343\203\234\343\203\253\343\203\210\343\202\242\343\202\257\343\202\267\343\203\247\343\203\263\343\202\271\343\203\212\343\202\244\343\203\221\343\203\274\343\203\251\343\202\244\343\203\225\343\203\253 - \343\203\206\343\202\243\343\202\2424.png"
 create mode 100644 "System Update/shared/images/\346\234\237\351\226\223\351\231\220\345\256\232/Reload_Comp_20260326/\343\203\234\343\203\253\343\203\210\343\202\242\343\202\257\343\202\267\343\203\247\343\203\263\343\202\271\343\203\212\343\202\244\343\203\221\343\203\274\343\203\251\343\202\244\343\203\225\343\203\253 - \343\203\206\343\202\243\343\202\2425.png"
 create mode 100644 "System Update/shared/images/\346\234\237\351\226\223\351\231\220\345\256\232/Reload_Comp_20260326/\343\203\235\343\202\261\343\203\203\343\203\210\343\203\220\343\203\263\343\202\253\343\203\274 - \343\203\206\343\202\243\343\202\2422.png"
 create mode 100644 "System Update/shared/images/\346\234\237\351\226\223\351\231\220\345\256\232/Reload_Comp_20260326/\343\203\235\343\203\263\343\203\227\343\202\267\343\203\247\343\203\203\343\203\210\343\202\254\343\203\263 - \343\203\206\343\202\243\343\202\2421.png"
 create mode 100644 "System Update/shared/images/\346\234\237\351\226\223\351\231\220\345\256\232/Reload_Comp_20260326/\343\203\235\343\203\263\343\203\227\343\202\267\343\203\247\343\203\203\343\203\210\343\202\254\343\203\263 - \343\203\206\343\202\243\343\202\2422.png"
 create mode 100644 "System Update/shared/images/\346\234\237\351\226\223\351\231\220\345\256\232/Reload_Comp_20260326/\343\203\235\343\203\263\343\203\227\343\202\267\343\203\247\343\203\203\343\203\210\343\202\254\343\203\263 - \343\203\206\343\202\243\343\202\2423.png"
 create mode 100644 "System Update/shared/images/\346\234\237\351\226\223\351\231\220\345\256\232/Reload_Comp_20260326/\343\203\235\343\203\263\343\203\227\343\202\267\343\203\247\343\203\203\343\203\210\343\202\254\343\203\263 - \343\203\206\343\202\243\343\202\2424.png"
 create mode 100644 "System Update/shared/images/\346\234\237\351\226\223\351\231\220\345\256\232/Reload_Comp_20260326/\343\203\235\343\203\263\343\203\227\343\202\267\343\203\247\343\203\203\343\203\210\343\202\254\343\203\263 - \343\203\206\343\202\243\343\202\2425.png"
 create mode 100644 "System Update/shared/images/\346\234\237\351\226\223\351\231\220\345\256\232/Reload_Comp_20260326/\343\203\236\343\202\244\343\203\200\343\202\271\343\201\256\343\202\256\343\203\253\343\203\207\343\203\203\343\203\211\343\202\242\343\202\244\343\203\211\343\203\251\343\203\240\343\202\254\343\203\263 - \343\203\206\343\202\243\343\202\2427.png"
 create mode 100644 "System Update/shared/images/\346\234\237\351\226\223\351\231\220\345\256\232/Reload_Comp_20260326/\343\203\236\343\202\244\343\203\200\343\202\271\343\201\256\343\203\211\343\203\251\343\203\240\343\202\254\343\203\263 - \343\203\206\343\202\243\343\202\2427.png"
 create mode 100644 "System Update/shared/images/\346\234\237\351\226\223\351\231\220\345\256\232/Reload_Comp_20260326/\343\203\237\343\202\267\343\203\203\343\202\257\343\202\264\343\203\274\343\203\253\343\203\211\343\203\225\343\202\243\343\203\203\343\202\267\343\203\245 - \343\203\206\343\202\243\343\202\2427.png"
 create mode 100644 "System Update/shared/images/\346\234\237\351\226\223\351\231\220\345\256\232/Reload_Comp_20260326/\343\203\237\343\203\213\343\202\267\343\203\274\343\203\253\343\203\211\343\203\235\343\203\274\343\202\267\343\203\247\343\203\263 - \343\203\206\343\202\243\343\202\2422.png"
 create mode 100644 "System Update/shared/images/\346\234\237\351\226\223\351\231\220\345\256\232/Reload_Comp_20260326/\343\203\241\343\202\254\343\203\255\343\203\273\343\203\211\343\203\263\343\201\256\343\202\263\343\203\263\343\203\220\343\203\203\343\203\210\343\202\267\343\203\247\343\203\203\343\203\210\343\202\254\343\203\263 - \343\203\206\343\202\243\343\202\2427.png"
 create mode 100644 "System Update/shared/images/\346\234\237\351\226\223\351\231\220\345\256\232/Reload_Comp_20260326/\343\203\242\343\203\212\343\203\274\343\202\257\343\203\224\343\202\271\343\203\210\343\203\253 - \343\203\206\343\202\243\343\202\2422.png"
 create mode 100644 "System Update/shared/images/\346\234\237\351\226\223\351\231\220\345\256\232/Reload_Comp_20260326/\343\203\242\343\203\212\343\203\274\343\202\257\343\203\224\343\202\271\343\203\210\343\203\253 - \343\203\206\343\202\243\343\202\2423.png"
 create mode 100644 "System Update/shared/images/\346\234\237\351\226\223\351\231\220\345\256\232/Reload_Comp_20260326/\343\203\242\343\203\212\343\203\274\343\202\257\343\203\224\343\202\271\343\203\210\343\203\253 - \343\203\206\343\202\243\343\202\2424.png"
 create mode 100644 "System Update/shared/images/\346\234\237\351\226\223\351\231\220\345\256\232/Reload_Comp_20260326/\343\203\242\343\203\212\343\203\274\343\202\257\343\203\224\343\202\271\343\203\210\343\203\253 - \343\203\206\343\202\243\343\202\2425.png"
 create mode 100644 "System Update/shared/images/\346\234\237\351\226\223\351\231\220\345\256\232/Reload_Comp_20260326/\343\203\242\343\203\253\343\203\225\343\202\241\343\202\244\343\203\210\343\203\273\343\202\265\343\203\226\343\203\236\343\202\267\343\203\263\343\202\254\343\203\263 - \343\203\206\343\202\243\343\202\2422.png"
 create mode 100644 "System Update/shared/images/\346\234\237\351\226\223\351\231\220\345\256\232/Reload_Comp_20260326/\343\203\242\343\203\253\343\203\225\343\202\241\343\202\244\343\203\210\343\203\273\343\203\217\343\203\263\343\203\211\343\202\255\343\203\243\343\203\216\343\203\263 - \343\203\206\343\202\243\343\202\2423.png"
 create mode 100644 "System Update/shared/images/\346\234\237\351\226\223\351\231\220\345\256\232/Reload_Comp_20260326/\343\203\252\343\203\263\343\202\260\343\203\236\343\202\271\343\202\277\343\203\274\343\201\256\343\203\226\343\203\274\343\203\240\343\203\234\343\203\253\343\203\210 - \343\203\206\343\202\243\343\202\2427.png"
 create mode 100644 "System Update/shared/images/\346\234\237\351\226\223\351\231\220\345\256\232/Reload_Comp_20260326/\343\203\252\343\203\263\343\202\264 - \343\203\206\343\202\243\343\202\2421.png"
 create mode 100644 "System Update/shared/images/\346\234\237\351\226\223\351\231\220\345\256\232/Reload_Comp_20260326/\343\203\254\343\203\203\343\203\211\343\202\242\343\202\244 \343\202\242\343\202\265\343\203\253\343\203\210\343\203\251\343\202\244\343\203\225\343\203\253 - \343\203\206\343\202\243\343\202\2422.png"
 create mode 100644 "System Update/shared/images/\346\234\237\351\226\223\351\231\220\345\256\232/Reload_Comp_20260326/\343\203\254\343\203\203\343\203\211\343\202\242\343\202\244 \343\202\242\343\202\265\343\203\253\343\203\210\343\203\251\343\202\244\343\203\225\343\203\253 - \343\203\206\343\202\243\343\202\2423.png"
 create mode 100644 "System Update/shared/images/\346\234\237\351\226\223\351\231\220\345\256\232/Reload_Comp_20260326/\343\203\254\343\203\203\343\203\211\343\202\242\343\202\244 \343\202\242\343\202\265\343\203\253\343\203\210\343\203\251\343\202\244\343\203\225\343\203\253 - \343\203\206\343\202\243\343\202\2424.png"
 create mode 100644 "System Update/shared/images/\346\234\237\351\226\223\351\231\220\345\256\232/Reload_Comp_20260326/\343\203\254\343\203\203\343\203\211\343\202\242\343\202\244 \343\202\242\343\202\265\343\203\253\343\203\210\343\203\251\343\202\244\343\203\225\343\203\253 - \343\203\206\343\202\243\343\202\2425.png"
 create mode 100644 "System Update/shared/images/\346\234\237\351\226\223\351\231\220\345\256\232/Reload_Comp_20260326/\343\203\254\343\203\263\343\202\270\343\203\243\343\203\274\343\203\224\343\202\271\343\203\210\343\203\253 - \343\203\206\343\202\243\343\202\2421.png"
 create mode 100644 "System Update/shared/images/\346\234\237\351\226\223\351\231\220\345\256\232/Reload_Comp_20260326/\343\203\254\343\203\263\343\202\270\343\203\243\343\203\274\343\203\224\343\202\271\343\203\210\343\203\253 - \343\203\206\343\202\243\343\202\2422.png"
 create mode 100644 "System Update/shared/images/\346\234\237\351\226\223\351\231\220\345\256\232/Reload_Comp_20260326/\343\203\254\343\203\263\343\202\270\343\203\243\343\203\274\343\203\224\343\202\271\343\203\210\343\203\253 - \343\203\206\343\202\243\343\202\2423.png"
 create mode 100644 "System Update/shared/images/\346\234\237\351\226\223\351\231\220\345\256\232/Reload_Comp_20260326/\343\203\254\343\203\263\343\202\270\343\203\243\343\203\274\343\203\224\343\202\271\343\203\210\343\203\253 - \343\203\206\343\202\243\343\202\2424.png"
 create mode 100644 "System Update/shared/images/\346\234\237\351\226\223\351\231\220\345\256\232/Reload_Comp_20260326/\343\203\254\343\203\263\343\202\270\343\203\243\343\203\274\343\203\224\343\202\271\343\203\210\343\203\253 - \343\203\206\343\202\243\343\202\2425.png"
 create mode 100644 "System Update/shared/images/\346\234\237\351\226\223\351\231\220\345\256\232/Reload_Comp_20260326/\343\203\255\343\203\274\343\203\254\343\202\271 \343\202\242\343\202\257\343\202\273\343\203\251\343\203\251\343\203\263\343\203\210 \343\203\233\343\203\255\343\203\204\343\202\244\343\202\271\343\202\277\343\203\274 \343\202\242\343\202\265\343\203\253\343\203\210\343\203\251\343\202\244\343\203\225\343\203\253 - \343\203\206\343\202\243\343\202\2426.png"
 create mode 100644 "System Update/shared/images/\346\234\237\351\226\223\351\231\220\345\256\232/Reload_Comp_20260326/\343\203\255\343\203\274\343\203\254\343\202\271 \343\202\250\343\202\257\343\202\271\343\203\227\343\203\255\343\203\274\343\202\267\343\203\226 \343\203\236\343\203\263\343\203\242\343\202\271\343\203\224\343\202\271\343\203\210\343\203\253 - \343\203\206\343\202\243\343\202\2426.png"
 create mode 100644 "System Update/shared/images/\346\234\237\351\226\223\351\231\220\345\256\232/Reload_Comp_20260326/\343\203\255\343\203\274\343\203\254\343\202\271 \343\202\267\343\203\247\343\203\203\343\202\257\343\202\246\343\202\247\343\203\274\343\203\226\343\203\255\343\202\261\343\203\203\343\203\210\343\203\251\343\203\263\343\203\201\343\203\243\343\203\274 - \343\203\206\343\202\243\343\202\2426.png"
 create mode 100644 "System Update/shared/images/\346\234\237\351\226\223\351\231\220\345\256\232/Reload_Comp_20260326/\343\203\255\343\203\274\343\203\254\343\202\271 \343\202\271\343\203\206\343\202\243\343\203\263\343\202\257\343\203\251\343\202\244\343\203\225\343\203\253 - \343\203\206\343\202\243\343\202\2426.png"
 create mode 100644 "System Update/shared/images/\346\234\237\351\226\223\351\231\220\345\256\232/Reload_Comp_20260326/\343\203\255\343\203\274\343\203\254\343\202\271 \343\202\271\343\203\251\343\203\203\343\203\227\343\202\255\343\203\243\343\203\216\343\203\263 - \343\203\206\343\202\243\343\202\2426.png"
 create mode 100644 "System Update/shared/images/\346\234\237\351\226\223\351\231\220\345\256\232/Reload_Comp_20260326/\343\203\255\343\203\274\343\203\254\343\202\271 \343\202\271\343\203\251\343\203\203\343\203\227\343\202\270\343\203\243\343\202\260 - \343\203\206\343\202\243\343\202\2426.png"
 create mode 100644 "System Update/shared/images/\346\234\237\351\226\223\351\231\220\345\256\232/Reload_Comp_20260326/\343\203\255\343\203\274\343\203\254\343\202\271 \343\203\204\343\202\244\343\203\263\343\203\225\343\202\241\343\202\244\343\202\242 \343\202\271\343\203\251\343\203\203\343\203\227\343\202\267\343\203\247\343\203\203\343\203\210\343\202\254\343\203\263 - \343\203\206\343\202\243\343\202\2426.png"
 create mode 100644 "System Update/shared/images/\346\234\237\351\226\223\351\231\220\345\256\232/Reload_Comp_20260326/\343\203\255\343\203\274\343\203\254\343\202\271 \343\203\210\343\203\252\343\203\213\343\203\206\343\202\243\343\202\242\343\202\265\343\203\253\343\203\210\343\203\251\343\202\244\343\203\225\343\203\253 - \343\203\206\343\202\243\343\202\2426.png"
 create mode 100644 "System Update/shared/images/\346\234\237\351\226\223\351\231\220\345\256\232/Reload_Comp_20260326/\343\203\255\343\203\274\343\203\254\343\202\271 \343\203\230\343\203\223\343\203\274\343\202\244\343\203\263\343\203\221\343\202\257\343\203\210 \343\203\210\343\203\251\343\203\203\343\202\255\343\203\263\343\202\260\343\203\251\343\202\244\343\203\225\343\203\253 - \343\203\206\343\202\243\343\202\2426.png"
 create mode 100644 "System Update/shared/images/\346\234\237\351\226\223\351\231\220\345\256\232/Reload_Comp_20260326/\343\203\264\343\202\241\343\203\254\343\203\252\343\202\242\343\201\256\343\203\217\343\202\244\343\203\221\343\203\274\343\202\265\343\203\226\343\203\236\343\202\267\343\203\263\343\202\254\343\203\263 - \343\203\206\343\202\243\343\202\2427.png"
 create mode 100644 "System Update/shared/images/\346\234\237\351\226\223\351\231\220\345\256\232/Reload_Comp_20260326/\345\214\205\345\270\257 - \343\203\206\343\202\243\343\202\2421.png"
 create mode 100644 "System Update/shared/images/\346\234\237\351\226\223\351\231\220\345\256\232/Reload_Comp_20260326/\345\214\273\347\231\202\343\202\255\343\203\203\343\203\210 - \343\203\206\343\202\243\343\202\2422.png"
 create mode 100644 "System Update/shared/images/\346\234\237\351\226\223\351\231\220\345\256\232/Reload_Comp_20260326/\345\214\273\347\231\202\343\203\237\343\202\271\343\203\210 \343\202\271\343\203\242\343\203\274\343\202\257\343\202\260\343\203\254\343\203\215\343\203\274\343\203\211 - \343\203\206\343\202\243\343\202\2423.png"
 create mode 100644 "System Update/shared/images/\346\234\237\351\226\223\351\231\220\345\256\232/Reload_Comp_20260326/\345\274\267\345\214\226\345\236\213\343\202\242\343\202\246\343\203\210\343\203\255\343\203\274\343\202\267\343\203\247\343\203\203\343\203\210\343\202\254\343\203\263 - \343\203\206\343\202\243\343\202\2427.png"
 create mode 100644 "System Update/shared/images/\346\234\237\351\226\223\351\231\220\345\256\232/Reload_Comp_20260326/\345\274\267\345\214\226\345\236\213\343\202\250\343\203\263\343\203\225\343\202\251\343\203\274\343\202\265\343\203\274 \343\202\242\343\202\265\343\203\253\343\203\210\343\203\251\343\202\244\343\203\225\343\203\253 - \343\203\206\343\202\243\343\202\2427.png"
 create mode 100644 "System Update/shared/images/\346\234\237\351\226\223\351\231\220\345\256\232/Reload_Comp_20260326/\345\274\267\345\214\226\345\236\213\343\202\271\343\203\210\343\203\251\343\202\244\343\202\253\343\203\274\343\203\220\343\203\274\343\202\271\343\203\210\343\203\251\343\202\244\343\203\225\343\203\253 - \343\203\206\343\202\243\343\202\2427.png"
 create mode 100644 "System Update/shared/images/\346\234\237\351\226\223\351\231\220\345\256\232/Reload_Comp_20260326/\345\274\267\345\214\226\345\236\213\343\202\271\343\203\221\343\202\244\343\202\242\343\203\273\343\203\251\343\202\244\343\203\225\343\203\253 - \343\203\206\343\202\243\343\202\2427.png"
 create mode 100644 "System Update/shared/images/\346\234\237\351\226\223\351\231\220\345\256\232/Reload_Comp_20260326/\345\274\267\345\214\226\345\236\213\343\202\273\343\203\263\343\203\201\343\203\215\343\203\253 \343\203\235\343\203\263\343\203\227\343\202\267\343\203\247\343\203\203\343\203\210\343\202\254\343\203\263 - \343\203\206\343\202\243\343\202\2427.png"
 create mode 100644 "System Update/shared/images/\346\234\237\351\226\223\351\231\220\345\256\232/Reload_Comp_20260326/\345\274\267\345\214\226\345\236\213\343\203\217\343\202\244\343\203\221\343\203\274\343\203\220\343\203\274\343\202\271\343\203\210\343\203\273\343\203\224\343\202\271\343\203\210\343\203\253 - \343\203\206\343\202\243\343\202\2427.png"
 create mode 100644 "System Update/shared/images/\346\234\237\351\226\223\351\231\220\345\256\232/Reload_Comp_20260326/\345\274\267\345\214\226\345\236\213\343\203\233\343\203\255\343\203\204\343\202\244\343\202\271\343\202\277\343\203\274 \343\202\242\343\202\265\343\203\253\343\203\210\343\203\251\343\202\244\343\203\225\343\203\253 - \343\203\206\343\202\243\343\202\2427.png"
 create mode 100644 "System Update/shared/images/\346\234\237\351\226\223\351\231\220\345\256\232/Reload_Comp_20260326/\345\274\267\345\214\226\345\236\213\343\203\254\343\203\203\343\202\253\343\203\274\343\203\252\343\203\234\343\203\253\343\203\220\343\203\274 - \343\203\206\343\202\243\343\202\2427.png"
 create mode 100644 "System Update/shared/images/\346\234\237\351\226\223\351\231\220\345\256\232/Reload_Comp_20260326/\345\274\276\350\226\254_ \343\203\255\343\202\261\343\203\203\343\203\210\345\274\276 - \343\203\206\343\202\243\343\202\2421.png"
 create mode 100644 "System Update/shared/images/\346\234\237\351\226\223\351\231\220\345\256\232/Reload_Comp_20260326/\345\274\276\350\226\254_ \344\270\255\345\217\243\345\276\204\345\274\276 - \343\203\206\343\202\243\343\202\2421.png"
 create mode 100644 "System Update/shared/images/\346\234\237\351\226\223\351\231\220\345\256\232/Reload_Comp_20260326/\345\274\276\350\226\254_ \345\244\247\345\217\243\345\276\204\345\274\276 - \343\203\206\343\202\243\343\202\2421.png"
 create mode 100644 "System Update/shared/images/\346\234\237\351\226\223\351\231\220\345\256\232/Reload_Comp_20260326/\345\274\276\350\226\254_ \345\260\217\345\217\243\345\276\204\345\274\276 - \343\203\206\343\202\243\343\202\2421.png"
 create mode 100644 "System Update/shared/images/\346\234\237\351\226\223\351\231\220\345\256\232/Reload_Comp_20260326/\345\274\276\350\226\254_ \346\225\243\345\274\276 - \343\203\206\343\202\243\343\202\2421.png"
 create mode 100644 "System Update/shared/images/\346\234\237\351\226\223\351\231\220\345\256\232/Reload_Comp_20260326/\346\234\250\346\235\220 - \343\203\206\343\202\243\343\202\2421.png"
 create mode 100644 "System Update/shared/images/\346\234\237\351\226\223\351\231\220\345\256\232/Reload_Comp_20260326/\347\216\213\350\200\205\343\202\250\343\202\244\343\202\270\343\203\254\343\202\271\343\201\256\343\202\267\343\203\247\343\203\203\343\202\257\343\202\246\343\202\247\343\203\274\343\203\226\343\203\217\343\203\263\343\203\236\343\203\274 - \343\203\206\343\202\243\343\202\2427.png"
 create mode 100644 "System Update/\346\210\246\345\210\251\345\223\201\343\203\207\343\203\274\343\202\277/\346\234\237\351\226\223\351\231\220\345\256\232/Reload_Comp_20260326/Reload_Comp_20260326_LootData_2026-03-26_00-43.json"
 create mode 100644 "System Update/\346\234\237\351\226\223\351\231\220\345\256\232/Reload_Comp_20260326/__pycache__/config.cpython-312.pyc"
 create mode 100644 "System Update/\346\234\237\351\226\223\351\231\220\345\256\232/Reload_Comp_20260326/__pycache__/config.cpython-312.pyc.2182211934640"
 create mode 100644 "System Update/\346\234\237\351\226\223\351\231\220\345\256\232/Reload_Comp_20260326/__pycache__/pipeline.cpython-312.pyc"
 create mode 100644 "System Update/\346\234\237\351\226\223\351\231\220\345\256\232/Reload_Comp_20260326/config.py"
 create mode 100644 "System Update/\346\234\237\351\226\223\351\231\220\345\256\232/Reload_Comp_20260326/input/AthenaLootPackages_Client_BlastBerryOverride_Habanero__final.json"
 create mode 100644 "System Update/\346\234\237\351\226\223\351\231\220\345\256\232/Reload_Comp_20260326/input/AthenaLootPackages_Client_BlastBerryOverride_NoBuild__final.json"
 create mode 100644 "System Update/\346\234\237\351\226\223\351\231\220\345\256\232/Reload_Comp_20260326/input/AthenaLootPackages_Client_BlastBerryOverride__final.json"
 create mode 100644 "System Update/\346\234\237\351\226\223\351\231\220\345\256\232/Reload_Comp_20260326/input/AthenaLootPackages_Client__final.json"
 create mode 100644 "System Update/\346\234\237\351\226\223\351\231\220\345\256\232/Reload_Comp_20260326/input/AthenaLootTierData_Client_BlastBerryOverride_Habanero__final.json"
 create mode 100644 "System Update/\346\234\237\351\226\223\351\231\220\345\256\232/Reload_Comp_20260326/input/AthenaLootTierData_Client_BlastBerryOverride__final.json"
 create mode 100644 "System Update/\346\234\237\351\226\223\351\231\220\345\256\232/Reload_Comp_20260326/input/AthenaLootTierData_Client__final.json"
 create mode 100644 "System Update/\346\234\237\351\226\223\351\231\220\345\256\232/Reload_Comp_20260326/input/BlastBerryLootPackages_Habanero__final.json"
 create mode 100644 "System Update/\346\234\237\351\226\223\351\231\220\345\256\232/Reload_Comp_20260326/input/BlastBerryLootPackages__final.json"
 create mode 100644 "System Update/\346\234\237\351\226\223\351\231\220\345\256\232/Reload_Comp_20260326/input/BlastBerryTierData_Habanero__final.json"
 create mode 100644 "System Update/\346\234\237\351\226\223\351\231\220\345\256\232/Reload_Comp_20260326/input/BlastBerryTierData__final.json"
 create mode 100644 "System Update/\346\234\237\351\226\223\351\231\220\345\256\232/Reload_Comp_20260326/input/items_unique_min.json"
 create mode 100644 "System Update/\346\234\237\351\226\223\351\231\220\345\256\232/Reload_Comp_20260326/output/history/BR_20260122_2324/items_unique_min_diff.json"
 create mode 100644 "System Update/\346\234\237\351\226\223\351\231\220\345\256\232/Reload_Comp_20260326/output/history/BR_20260122_2333/items_unique_min_diff.json"
 create mode 100644 "System Update/\346\234\237\351\226\223\351\231\220\345\256\232/Reload_Comp_20260326/output/history/BR_20260123_2126/items_unique_min_diff.json"
 create mode 100644 "System Update/\346\234\237\351\226\223\351\231\220\345\256\232/Reload_Comp_20260326/output/history/BR_20260205_2008/items_unique_min_diff.json"
 create mode 100644 "System Update/\346\234\237\351\226\223\351\231\220\345\256\232/Reload_Comp_20260326/output/history/BR_20260206_0811/items_unique_min_diff.json"
 create mode 100644 "System Update/\346\234\237\351\226\223\351\231\220\345\256\232/Reload_Comp_20260326/output/history/BR_20260211_0813/items_unique_min_diff.json"
 create mode 100644 "System Update/\346\234\237\351\226\223\351\231\220\345\256\232/Reload_Comp_20260326/output/history/BR_20260213_2106/items_unique_min_diff.json"
 create mode 100644 "System Update/\346\234\237\351\226\223\351\231\220\345\256\232/Reload_Comp_20260326/output/history/BR_20260214_0107/items_unique_min_diff.json"
 create mode 100644 "System Update/\346\234\237\351\226\223\351\231\220\345\256\232/Reload_Comp_20260326/output/history/BR_20260216_1330/items_unique_min_diff.json"
 create mode 100644 "System Update/\346\234\237\351\226\223\351\231\220\345\256\232/Reload_Comp_20260326/output/history/BR_20260218_0012/items_unique_min_diff.json"
 create mode 100644 "System Update/\346\234\237\351\226\223\351\231\220\345\256\232/Reload_Comp_20260326/output/history/BR_20260219_1838/items_unique_min_diff.json"
 create mode 100644 "System Update/\346\234\237\351\226\223\351\231\220\345\256\232/Reload_Comp_20260326/output/history/BR_20260305_1832/items_unique_min_diff.json"
 create mode 100644 "System Update/\346\234\237\351\226\223\351\231\220\345\256\232/Reload_Comp_20260326/output/history/BR_20260310_0728/items_unique_min_diff.json"
 create mode 100644 "System Update/\346\234\237\351\226\223\351\231\220\345\256\232/Reload_Comp_20260326/output/history/BR_20260310_0807/items_unique_min_diff.json"
 create mode 100644 "System Update/\346\234\237\351\226\223\351\231\220\345\256\232/Reload_Comp_20260326/output/history/BR_20260310_0809/items_unique_min_diff.json"
 create mode 100644 "System Update/\346\234\237\351\226\223\351\231\220\345\256\232/Reload_Comp_20260326/output/history/BR_20260319_1716/items_unique_min_diff.json"
 create mode 100644 "System Update/\346\234\237\351\226\223\351\231\220\345\256\232/Reload_Comp_20260326/output/history/BR_20260320_0708/items_unique_min_diff.json"
 create mode 100644 "System Update/\346\234\237\351\226\223\351\231\220\345\256\232/Reload_Comp_20260326/output/history/BR_20260320_0718/items_unique_min_diff.json"
 create mode 100644 "System Update/\346\234\237\351\226\223\351\231\220\345\256\232/Reload_Comp_20260326/output/history/BR_20260326_0043/items_unique_min_diff.json"
 create mode 100644 "System Update/\346\234\237\351\226\223\351\231\220\345\256\232/Reload_Comp_20260326/output/logs/pipeline_2026-01-22_23-09-29.log"
 create mode 100644 "System Update/\346\234\237\351\226\223\351\231\220\345\256\232/Reload_Comp_20260326/output/logs/pipeline_2026-01-22_23-23-42.log"
 create mode 100644 "System Update/\346\234\237\351\226\223\351\231\220\345\256\232/Reload_Comp_20260326/output/logs/pipeline_2026-01-22_23-24-56.log"
 create mode 100644 "System Update/\346\234\237\351\226\223\351\231\220\345\256\232/Reload_Comp_20260326/output/logs/pipeline_2026-01-22_23-33-16.log"
 create mode 100644 "System Update/\346\234\237\351\226\223\351\231\220\345\256\232/Reload_Comp_20260326/output/logs/pipeline_2026-01-23_21-26-06.log"
 create mode 100644 "System Update/\346\234\237\351\226\223\351\231\220\345\256\232/Reload_Comp_20260326/output/logs/pipeline_2026-02-05_20-08-19.log"
 create mode 100644 "System Update/\346\234\237\351\226\223\351\231\220\345\256\232/Reload_Comp_20260326/output/logs/pipeline_2026-02-06_08-10-59.log"
 create mode 100644 "System Update/\346\234\237\351\226\223\351\231\220\345\256\232/Reload_Comp_20260326/output/logs/pipeline_2026-02-11_08-12-59.log"
 create mode 100644 "System Update/\346\234\237\351\226\223\351\231\220\345\256\232/Reload_Comp_20260326/output/logs/pipeline_2026-02-13_21-06-31.log"
 create mode 100644 "System Update/\346\234\237\351\226\223\351\231\220\345\256\232/Reload_Comp_20260326/output/logs/pipeline_2026-02-14_01-07-37.log"
 create mode 100644 "System Update/\346\234\237\351\226\223\351\231\220\345\256\232/Reload_Comp_20260326/output/logs/pipeline_2026-02-16_13-30-24.log"
 create mode 100644 "System Update/\346\234\237\351\226\223\351\231\220\345\256\232/Reload_Comp_20260326/output/logs/pipeline_2026-02-18_00-12-32.log"
 create mode 100644 "System Update/\346\234\237\351\226\223\351\231\220\345\256\232/Reload_Comp_20260326/output/logs/pipeline_2026-02-19_18-38-49.log"
 create mode 100644 "System Update/\346\234\237\351\226\223\351\231\220\345\256\232/Reload_Comp_20260326/output/logs/pipeline_2026-03-05_18-31-49.log"
 create mode 100644 "System Update/\346\234\237\351\226\223\351\231\220\345\256\232/Reload_Comp_20260326/output/logs/pipeline_2026-03-10_07-28-04.log"
 create mode 100644 "System Update/\346\234\237\351\226\223\351\231\220\345\256\232/Reload_Comp_20260326/output/logs/pipeline_2026-03-10_08-06-58.log"
 create mode 100644 "System Update/\346\234\237\351\226\223\351\231\220\345\256\232/Reload_Comp_20260326/output/logs/pipeline_2026-03-10_08-09-56.log"
 create mode 100644 "System Update/\346\234\237\351\226\223\351\231\220\345\256\232/Reload_Comp_20260326/output/logs/pipeline_2026-03-19_17-15-59.log"
 create mode 100644 "System Update/\346\234\237\351\226\223\351\231\220\345\256\232/Reload_Comp_20260326/output/logs/pipeline_2026-03-20_07-08-42.log"
 create mode 100644 "System Update/\346\234\237\351\226\223\351\231\220\345\256\232/Reload_Comp_20260326/output/logs/pipeline_2026-03-20_07-18-13.log"
 create mode 100644 "System Update/\346\234\237\351\226\223\351\231\220\345\256\232/Reload_Comp_20260326/output/logs/pipeline_2026-03-26_00-43-00.log"
 create mode 100644 "System Update/\346\234\237\351\226\223\351\231\220\345\256\232/Reload_Comp_20260326/output/summary/v39.30_2026-01-22_23-10.json"
 create mode 100644 "System Update/\346\234\237\351\226\223\351\231\220\345\256\232/Reload_Comp_20260326/output/summary/v39.30_2026-01-22_23-23.json"
 create mode 100644 "System Update/\346\234\237\351\226\223\351\231\220\345\256\232/Reload_Comp_20260326/output/summary/v39.30_2026-01-22_23-24.json"
 create mode 100644 "System Update/\346\234\237\351\226\223\351\231\220\345\256\232/Reload_Comp_20260326/output/summary/v39.30_2026-01-22_23-33.json"
 create mode 100644 "System Update/\346\234\237\351\226\223\351\231\220\345\256\232/Reload_Comp_20260326/output/summary/v39.30_2026-01-23_21-26.json"
 create mode 100644 "System Update/\346\234\237\351\226\223\351\231\220\345\256\232/Reload_Comp_20260326/output/summary/v39.30_2026-02-05_20-08.json"
 create mode 100644 "System Update/\346\234\237\351\226\223\351\231\220\345\256\232/Reload_Comp_20260326/output/summary/v39.30_2026-02-06_08-11.json"
 create mode 100644 "System Update/\346\234\237\351\226\223\351\231\220\345\256\232/Reload_Comp_20260326/output/summary/v39.30_2026-02-11_08-13.json"
 create mode 100644 "System Update/\346\234\237\351\226\223\351\231\220\345\256\232/Reload_Comp_20260326/output/summary/v39.30_2026-02-13_21-06.json"
 create mode 100644 "System Update/\346\234\237\351\226\223\351\231\220\345\256\232/Reload_Comp_20260326/output/summary/v39.30_2026-02-14_01-07.json"
 create mode 100644 "System Update/\346\234\237\351\226\223\351\231\220\345\256\232/Reload_Comp_20260326/output/summary/v39.30_2026-02-16_13-30.json"
 create mode 100644 "System Update/\346\234\237\351\226\223\351\231\220\345\256\232/Reload_Comp_20260326/output/summary/v39.30_2026-02-18_00-12.json"
 create mode 100644 "System Update/\346\234\237\351\226\223\351\231\220\345\256\232/Reload_Comp_20260326/output/summary/v39.30_2026-02-19_18-38.json"
 create mode 100644 "System Update/\346\234\237\351\226\223\351\231\220\345\256\232/Reload_Comp_20260326/output/summary/v39.30_2026-03-05_18-32.json"
 create mode 100644 "System Update/\346\234\237\351\226\223\351\231\220\345\256\232/Reload_Comp_20260326/output/summary/v39.30_2026-03-10_07-28.json"
 create mode 100644 "System Update/\346\234\237\351\226\223\351\231\220\345\256\232/Reload_Comp_20260326/output/summary/v39.30_2026-03-10_08-06.json"
 create mode 100644 "System Update/\346\234\237\351\226\223\351\231\220\345\256\232/Reload_Comp_20260326/output/summary/v39.30_2026-03-10_08-09.json"
 create mode 100644 "System Update/\346\234\237\351\226\223\351\231\220\345\256\232/Reload_Comp_20260326/output/summary/v39.30_2026-03-19_17-16.json"
 create mode 100644 "System Update/\346\234\237\351\226\223\351\231\220\345\256\232/Reload_Comp_20260326/output/summary/v39.30_2026-03-20_07-08.json"
 create mode 100644 "System Update/\346\234\237\351\226\223\351\231\220\345\256\232/Reload_Comp_20260326/output/summary/v39.30_2026-03-20_07-18.json"
 create mode 100644 "System Update/\346\234\237\351\226\223\351\231\220\345\256\232/Reload_Comp_20260326/output/summary/v39.30_2026-03-26_00-43.json"
 create mode 100644 "System Update/\346\234\237\351\226\223\351\231\220\345\256\232/Reload_Comp_20260326/pipeline.py"
 create mode 100644 "System Update/\346\234\237\351\226\223\351\231\220\345\256\232/Reload_Comp_20260326/scripts/LootSummary.py"
2026-03-26 00:43:58 | WARNING | git push stderr: To https://github.com/Greenfox0833/New-Loot.git
   48433d1..4538ca3  main -> main
2026-03-26 00:43:58 | INFO | ✓ GitHub Push 完了
2026-03-26 00:43:58 | INFO | ===== Reload_Comp_20260326: pipeline end =====
