2026-05-23 13:17:24 | INFO | log file: E:\フォートナイト\Picture\Loot Pool\TEST4\New Loot\System Update\期間限定\StintBrush\output\logs\pipeline_2026-05-23_13-17-24.log
2026-05-23 13:17:24 | INFO | ===== StintBrush: pipeline start =====
2026-05-23 13:17:24 | INFO | paths: lt=E:\フォートナイト\Picture\Loot Pool\TEST4\New Loot\System Update\期間限定\StintBrush\input\AthenaLootTierData_Client__final.json lp=E:\フォートナイト\Picture\Loot Pool\TEST4\New Loot\System Update\期間限定\StintBrush\input\AthenaLootPackages_Client__final.json minlist=E:\フォートナイト\Picture\Loot Pool\TEST4\New Loot\System Update\期間限定\StintBrush\input\items_unique_min.json
2026-05-23 13:17:24 | INFO | output: summary=E:\フォートナイト\Picture\Loot Pool\TEST4\New Loot\System Update\期間限定\StintBrush\output\summary lootdata=E:\フォートナイト\Picture\Loot Pool\TEST4\New Loot\System Update\戦利品データ\期間限定\StintBrush
2026-05-23 13:17:24 | INFO | flags: hotfix=True prewarm=True image=True workers=8
2026-05-23 13:17:24 | INFO | hotfix start: E:\フォートナイト\Picture\Loot Pool\TEST4\New Loot\System Update\LootPackage.py
2026-05-23 13:17:24 | INFO | hotfix lp stdout: [STEP1-1] base e:\Fmodel\Exports\FortniteGame\Plugins\GameFeatures\StintBrushLoot\Content\DataTables\StintBrushLoot_LootPackages.json
[HOTFIX:SEASON1] target=/Game/Items/Datatables/AthenaLootPackages_Clientaaaa
[HOTFIX:SEASON1] Addrow(TableUpdate) なし -> スキップ
[HOTFIX:SEASON1] done: applied=0, deleted=0, skipped=0
[WRITE] final -> E:\フォートナイト\Picture\Loot Pool\TEST4\New Loot\System Update\期間限定\StintBrush\input\AthenaLootPackages_Client__final.json
[WRITE] per-input -> E:\フォートナイト\Picture\Loot Pool\TEST4\New Loot\System Update\期間限定\StintBrush\input\StintBrushLoot_LootPackages__final.json
2026-05-23 13:17:24 | INFO | hotfix start: E:\フォートナイト\Picture\Loot Pool\TEST4\New Loot\System Update\LootTier.py
2026-05-23 13:17:24 | INFO | hotfix lt stdout: [STEP1-1] base e:\Fmodel\Exports\FortniteGame\Plugins\GameFeatures\StintBrushLoot\Content\DataTables\StintBrushLoot_LootTierData.json
[HOTFIX:SEASON1] target=/Game/Items/Datatables/AthenaLootTierData_Clientaaa
[HOTFIX:SEASON1] done: applied=0, deleted=0, skipped=0
[WRITE] final -> E:\フォートナイト\Picture\Loot Pool\TEST4\New Loot\System Update\期間限定\StintBrush\input\AthenaLootTierData_Client__final.json
[WRITE] per-input -> E:\フォートナイト\Picture\Loot Pool\TEST4\New Loot\System Update\期間限定\StintBrush\input\StintBrushLoot_LootTierData__final.json
2026-05-23 13:17:24 | INFO | ✓ Hotfix 適用完了 (0.45s)
2026-05-23 13:17:24 | INFO | load lt: E:\フォートナイト\Picture\Loot Pool\TEST4\New Loot\System Update\期間限定\StintBrush\input\AthenaLootTierData_Client__final.json
2026-05-23 13:17:24 | INFO | load lp: E:\フォートナイト\Picture\Loot Pool\TEST4\New Loot\System Update\期間限定\StintBrush\input\AthenaLootPackages_Client__final.json
2026-05-23 13:17:24 | INFO | load done (0.00s)
2026-05-23 13:17:24 | INFO | build summary start
2026-05-23 13:17:26 | INFO | build summary done (1.48s)
2026-05-23 13:17:26 | INFO | enrich summary with names start
2026-05-23 13:17:26 | INFO | enrich summary done (0.40s)
2026-05-23 13:17:26 | INFO | ✅ まとめJSONを作成: E:\フォートナイト\Picture\Loot Pool\TEST4\New Loot\System Update\期間限定\StintBrush\output\summary\v39.30_2026-05-23_13-17.json
2026-05-23 13:17:26 | INFO | build item metadata start
2026-05-23 13:17:32 | INFO | ✅ アイテム名・説明・タグJSONを更新: E:\フォートナイト\Picture\Loot Pool\TEST4\New Loot\System Update\shared\cache\item_metadata.json (6.29s)
2026-05-23 13:17:32 | INFO | build BR_LootData start
2026-05-23 13:17:32 | INFO | build BR_LootData done (0.00s)
2026-05-23 13:17:32 | INFO | ✅ BR_LootData を作成: E:\フォートナイト\Picture\Loot Pool\TEST4\New Loot\System Update\戦利品データ\期間限定\StintBrush\StintBrush_LootData_2026-05-23_13-17.json
2026-05-23 13:17:32 | INFO | ✅ Web LootPool を更新: E:\フォートナイト\Web\assets\data\Loot\StintBrush_LootPool.json
2026-05-23 13:17:32 | INFO | LootSummary start: E:\フォートナイト\Picture\Loot Pool\TEST4\New Loot\System Update\期間限定\StintBrush\scripts\LootSummary.py
2026-05-23 13:17:33 | INFO | LootSummary stdout: 🔎 抽出用: 最新ファイル = E:\フォートナイト\Picture\Loot Pool\TEST4\New Loot\System Update\期間限定\StintBrush\output\summary\v39.30_2026-05-23_13-17.json
✅ 抽出件数: 17
💾 保存: E:\フォートナイト\Picture\Loot Pool\TEST4\New Loot\System Update\期間限定\StintBrush\input\items_unique_min.json
🔎 比較用: base   = E:\フォートナイト\Picture\Loot Pool\TEST4\New Loot\System Update\期間限定\StintBrush\output\summary\v39.30_2026-04-16_18-42.json
🔎 比較用: target = E:\フォートナイト\Picture\Loot Pool\TEST4\New Loot\System Update\期間限定\StintBrush\output\summary\v39.30_2026-05-23_13-17.json
✅ 差分作成 完了
  追加   : 17 / 削除 : 3 / 変更 : 0 / 変化なし : 0
💾 差分: E:\フォートナイト\Picture\Loot Pool\TEST4\New Loot\System Update\期間限定\StintBrush\output\history\BR_20260523_1317\items_unique_min_diff.json
2026-05-23 13:17:33 | WARNING | LootSummary stderr: E:\フォートナイト\Picture\Loot Pool\TEST4\New Loot\System Update\期間限定\StintBrush\scripts\LootSummary.py:2: SyntaxWarning: invalid escape sequence '\B'
  """
2026-05-23 13:17:33 | INFO | ✅ LootSummary 実行完了（抽出→比較） (0.21s)
2026-05-23 13:17:33 | INFO | prewarm start
2026-05-23 13:17:34 | INFO | ✅ アイコンキャッシュ プリウォーム完了 (1.22s)
2026-05-23 13:17:34 | INFO | 画像化タスク数: 17
2026-05-23 13:17:34 | INFO | 画像生成 進捗: 1/17
2026-05-23 13:17:35 | INFO | 画像生成 進捗: 17/17
2026-05-23 13:17:35 | INFO | ✅ 画像生成 完了（MinListベース）
2026-05-23 13:17:35 | INFO | ✅ Loot diff: 変更なし（作成スキップ）
2026-05-23 13:17:35 | INFO | git add: E:\フォートナイト\Picture\Loot Pool\TEST4\New Loot\System Update
2026-05-23 13:17:43 | INFO | git commit stdout: [main 64feb1a] StintBrush update 2026-05-23 13:17:39
 66 files changed, 17097 insertions(+), 130 deletions(-)
 create mode 100644 System Update/shared/icon_cache/DemonMaskVoid__Assets__Icons__T_Icon_BR_Mask_Void_L.png
 create mode 100644 System Update/shared/icon_cache/KatanaGameplay__Items__Katana__Icons__T-Icon-Weapons-Sharp-KatanaWeapon-L.png
 create mode 100644 "System Update/shared/images/\346\234\237\351\226\223\351\231\220\345\256\232/StintBrush/\343\202\252\343\203\274\343\203\220\343\203\274\343\203\211\343\203\251\343\202\244\343\203\226 \343\203\221\343\203\253\343\202\271\343\203\251\343\202\244\343\203\225\343\203\253 - \343\203\206\343\202\243\343\202\2426.png"
 create mode 100644 "System Update/shared/images/\346\234\237\351\226\223\351\231\220\345\256\232/StintBrush/\343\202\253\343\203\207\343\203\245\343\202\261\343\202\246\343\202\271\343\203\273\343\202\271\343\202\277\343\203\203\343\203\225 - \343\203\206\343\202\243\343\202\2425.png"
 create mode 100644 "System Update/shared/images/\346\234\237\351\226\223\351\231\220\345\256\232/StintBrush/\343\202\255\343\203\215\343\203\206\343\202\243\343\203\203\343\202\257\343\203\226\343\203\254\343\202\244\343\203\211 - \343\203\206\343\202\243\343\202\2424.png"
 create mode 100644 "System Update/shared/images/\346\234\237\351\226\223\351\231\220\345\256\232/StintBrush/\343\202\267\343\203\247\343\203\203\343\202\257\343\202\246\343\202\247\343\203\274\343\203\226\343\203\217\343\203\263\343\203\236\343\203\274 - \343\203\206\343\202\243\343\202\2424.png"
 create mode 100644 "System Update/shared/images/\346\234\237\351\226\223\351\231\220\345\256\232/StintBrush/\343\202\267\343\203\274\343\203\253\343\203\211\343\202\261\343\202\260 - \343\203\206\343\202\243\343\202\2423.png"
 create mode 100644 "System Update/shared/images/\346\234\237\351\226\223\351\231\220\345\256\232/StintBrush/\343\202\267\343\203\274\343\203\253\343\203\211\343\203\220\343\203\226\343\203\253 - \343\203\206\343\202\243\343\202\2423.png"
 create mode 100644 "System Update/shared/images/\346\234\237\351\226\223\351\231\220\345\256\232/StintBrush/\343\202\270\343\202\247\343\203\203\343\203\210\343\203\221\343\203\203\343\202\257 - \343\203\206\343\202\243\343\202\2423.png"
 create mode 100644 "System Update/shared/images/\346\234\237\351\226\223\351\231\220\345\256\232/StintBrush/\343\203\201\343\203\243\343\202\260\343\202\270\343\203\243\343\202\260 - \343\203\206\343\202\243\343\202\2425.png"
 create mode 100644 "System Update/shared/images/\346\234\237\351\226\223\351\231\220\345\256\232/StintBrush/\343\203\201\343\203\243\343\202\260\343\202\271\343\203\227\343\203\251\343\203\203\343\202\267\343\203\245 - \343\203\206\343\202\243\343\202\2423.png"
 create mode 100644 "System Update/shared/images/\346\234\237\351\226\223\351\231\220\345\256\232/StintBrush/\343\203\204\343\202\244\343\203\263\343\202\265\343\202\244\343\203\225\343\202\251\343\203\263\343\202\267\343\203\247\343\203\203\343\203\210\343\202\254\343\203\263 - \343\203\206\343\202\243\343\202\2426.png"
 create mode 100644 "System Update/shared/images/\346\234\237\351\226\223\351\231\220\345\256\232/StintBrush/\343\203\221\343\203\253\343\202\271\343\203\224\343\202\271\343\203\210\343\203\253 - \343\203\206\343\202\243\343\202\2424.png"
 create mode 100644 "System Update/shared/images/\346\234\237\351\226\223\351\231\220\345\256\232/StintBrush/\343\203\224\343\202\271\343\203\210\343\203\253 - \343\203\206\343\202\243\343\202\2423.png"
 create mode 100644 "System Update/shared/images/\346\234\237\351\226\223\351\231\220\345\256\232/StintBrush/\343\203\252\343\203\274\343\202\263\343\203\263\343\203\234\343\202\246(\343\202\250\343\202\255\343\202\276\343\203\201\343\203\203\343\202\257) - \343\203\206\343\202\243\343\202\2426.png"
 create mode 100644 "System Update/shared/images/\346\234\237\351\226\223\351\231\220\345\256\232/StintBrush/\343\203\252\343\203\274\343\203\224\343\203\263\343\202\260 \343\203\251\343\202\244\343\203\210\343\203\213\343\203\263\343\202\260\343\202\254\343\203\263(\343\202\250\343\202\255\343\202\276\343\203\201\343\203\203\343\202\257) - \343\203\206\343\202\243\343\202\2426.png"
 create mode 100644 "System Update/shared/images/\346\234\237\351\226\223\351\231\220\345\256\232/StintBrush/\343\203\255\343\202\261\343\203\203\343\203\210\343\203\251\343\203\263\343\203\201\343\203\243\343\203\274    - \343\203\206\343\202\243\343\202\2424.png"
 create mode 100644 "System Update/shared/images/\346\234\237\351\226\223\351\231\220\345\256\232/StintBrush/\345\256\210\350\255\267\350\200\205\343\201\256\347\233\276 - \343\203\206\343\202\243\343\202\2423.png"
 create mode 100644 "System Update/shared/images/\346\234\237\351\226\223\351\231\220\345\256\232/StintBrush/\350\231\232\347\251\272\343\201\256\351\254\274\343\201\256\344\273\256\351\235\242 - \343\203\206\343\202\243\343\202\2424.png"
 create mode 100644 "System Update/\346\210\246\345\210\251\345\223\201\343\203\207\343\203\274\343\202\277/\346\234\237\351\226\223\351\231\220\345\256\232/StintBrush/StintBrush_LootData_2026-05-23_13-17.json"
 create mode 100644 "System Update/\346\234\237\351\226\223\351\231\220\345\256\232/StintBrush/__pycache__/config.cpython-312.pyc"
 create mode 100644 "System Update/\346\234\237\351\226\223\351\231\220\345\256\232/StintBrush/__pycache__/config.cpython-312.pyc.2182211934640"
 create mode 100644 "System Update/\346\234\237\351\226\223\351\231\220\345\256\232/StintBrush/__pycache__/pipeline.cpython-312.pyc"
 create mode 100644 "System Update/\346\234\237\351\226\223\351\231\220\345\256\232/StintBrush/config.py"
 create mode 100644 "System Update/\346\234\237\351\226\223\351\231\220\345\256\232/StintBrush/input/AthenaLootPackages_Client__final.json"
 create mode 100644 "System Update/\346\234\237\351\226\223\351\231\220\345\256\232/StintBrush/input/AthenaLootTierData_Client__final.json"
 create mode 100644 "System Update/\346\234\237\351\226\223\351\231\220\345\256\232/StintBrush/input/BetterFishing_LootPackages__final.json"
 create mode 100644 "System Update/\346\234\237\351\226\223\351\231\220\345\256\232/StintBrush/input/BetterFishing_LootTierData__final.json"
 create mode 100644 "System Update/\346\234\237\351\226\223\351\231\220\345\256\232/StintBrush/input/HazelnutSpread_AthenaLootPackages_Override__final.json"
 create mode 100644 "System Update/\346\234\237\351\226\223\351\231\220\345\256\232/StintBrush/input/HazelnutSpread_AthenaLootPackages__final.json"
 create mode 100644 "System Update/\346\234\237\351\226\223\351\231\220\345\256\232/StintBrush/input/HazelnutSpread_AthenaLootTierData_Override__final.json"
 create mode 100644 "System Update/\346\234\237\351\226\223\351\231\220\345\256\232/StintBrush/input/HazelnutSpread_AthenaLootTierData__final.json"
 create mode 100644 "System Update/\346\234\237\351\226\223\351\231\220\345\256\232/StintBrush/input/ItemCache_03_LootPackages__final.json"
 create mode 100644 "System Update/\346\234\237\351\226\223\351\231\220\345\256\232/StintBrush/input/ItemCache_03_LootTierData__final.json"
 create mode 100644 "System Update/\346\234\237\351\226\223\351\231\220\345\256\232/StintBrush/input/StintBrushLoot_LootPackages__final.json"
 create mode 100644 "System Update/\346\234\237\351\226\223\351\231\220\345\256\232/StintBrush/input/StintBrushLoot_LootTierData__final.json"
 create mode 100644 "System Update/\346\234\237\351\226\223\351\231\220\345\256\232/StintBrush/input/items_unique_min.json"
 create mode 100644 "System Update/\346\234\237\351\226\223\351\231\220\345\256\232/StintBrush/output/history/BR_20260321_1542/items_unique_min_diff.json"
 create mode 100644 "System Update/\346\234\237\351\226\223\351\231\220\345\256\232/StintBrush/output/history/BR_20260321_1552/items_unique_min_diff.json"
 create mode 100644 "System Update/\346\234\237\351\226\223\351\231\220\345\256\232/StintBrush/output/history/BR_20260321_1611/items_unique_min_diff.json"
 create mode 100644 "System Update/\346\234\237\351\226\223\351\231\220\345\256\232/StintBrush/output/history/BR_20260321_1636/items_unique_min_diff.json"
 create mode 100644 "System Update/\346\234\237\351\226\223\351\231\220\345\256\232/StintBrush/output/history/BR_20260416_1842/items_unique_min_diff.json"
 create mode 100644 "System Update/\346\234\237\351\226\223\351\231\220\345\256\232/StintBrush/output/history/BR_20260523_1317/items_unique_min_diff.json"
 create mode 100644 "System Update/\346\234\237\351\226\223\351\231\220\345\256\232/StintBrush/output/logs/pipeline_2026-03-21_15-35-03.log"
 create mode 100644 "System Update/\346\234\237\351\226\223\351\231\220\345\256\232/StintBrush/output/logs/pipeline_2026-03-21_15-36-14.log"
 create mode 100644 "System Update/\346\234\237\351\226\223\351\231\220\345\256\232/StintBrush/output/logs/pipeline_2026-03-21_15-42-24.log"
 create mode 100644 "System Update/\346\234\237\351\226\223\351\231\220\345\256\232/StintBrush/output/logs/pipeline_2026-03-21_15-52-44.log"
 create mode 100644 "System Update/\346\234\237\351\226\223\351\231\220\345\256\232/StintBrush/output/logs/pipeline_2026-03-21_16-11-54.log"
 create mode 100644 "System Update/\346\234\237\351\226\223\351\231\220\345\256\232/StintBrush/output/logs/pipeline_2026-03-21_16-36-38.log"
 create mode 100644 "System Update/\346\234\237\351\226\223\351\231\220\345\256\232/StintBrush/output/logs/pipeline_2026-04-16_18-41-59.log"
 create mode 100644 "System Update/\346\234\237\351\226\223\351\231\220\345\256\232/StintBrush/output/logs/pipeline_2026-05-23_13-17-24.log"
 create mode 100644 "System Update/\346\234\237\351\226\223\351\231\220\345\256\232/StintBrush/output/summary/v39.30_2026-03-21_15-36.json"
 create mode 100644 "System Update/\346\234\237\351\226\223\351\231\220\345\256\232/StintBrush/output/summary/v39.30_2026-03-21_15-42.json"
 create mode 100644 "System Update/\346\234\237\351\226\223\351\231\220\345\256\232/StintBrush/output/summary/v39.30_2026-03-21_15-52.json"
 create mode 100644 "System Update/\346\234\237\351\226\223\351\231\220\345\256\232/StintBrush/output/summary/v39.30_2026-03-21_16-11.json"
 create mode 100644 "System Update/\346\234\237\351\226\223\351\231\220\345\256\232/StintBrush/output/summary/v39.30_2026-03-21_16-36.json"
 create mode 100644 "System Update/\346\234\237\351\226\223\351\231\220\345\256\232/StintBrush/output/summary/v39.30_2026-04-16_18-42.json"
 create mode 100644 "System Update/\346\234\237\351\226\223\351\231\220\345\256\232/StintBrush/output/summary/v39.30_2026-05-23_13-17.json"
 create mode 100644 "System Update/\346\234\237\351\226\223\351\231\220\345\256\232/StintBrush/pipeline.py"
 create mode 100644 "System Update/\346\234\237\351\226\223\351\231\220\345\256\232/StintBrush/scripts/LootSummary.py"
 create mode 100644 "System Update/\346\234\237\351\226\223\351\231\220\345\256\232/StintBrush/scripts/__pycache__/LootSummary.cpython-312.pyc"
2026-05-23 13:17:53 | WARNING | git push stderr: To https://github.com/Greenfox0833/New-Loot.git
   5fffe25..64feb1a  main -> main
2026-05-23 13:17:53 | INFO | ✓ GitHub Push 完了
2026-05-23 13:17:53 | INFO | ===== StintBrush: pipeline end =====
