2026-03-21 16:34:57 | INFO | log file: E:\フォートナイト\Picture\Loot Pool\TEST4\New Loot\System Update\期間限定\ItemCache_02\output\logs\pipeline_2026-03-21_16-34-57.log
2026-03-21 16:34:57 | INFO | ===== ItemCache_02: pipeline start =====
2026-03-21 16:34:57 | INFO | paths: lt=E:\フォートナイト\Picture\Loot Pool\TEST4\New Loot\System Update\期間限定\ItemCache_02\input\AthenaLootTierData_Client__final.json lp=E:\フォートナイト\Picture\Loot Pool\TEST4\New Loot\System Update\期間限定\ItemCache_02\input\AthenaLootPackages_Client__final.json minlist=E:\フォートナイト\Picture\Loot Pool\TEST4\New Loot\System Update\期間限定\ItemCache_02\input\items_unique_min.json
2026-03-21 16:34:57 | INFO | output: summary=E:\フォートナイト\Picture\Loot Pool\TEST4\New Loot\System Update\期間限定\ItemCache_02\output\summary lootdata=E:\フォートナイト\Picture\Loot Pool\TEST4\New Loot\System Update\戦利品データ\期間限定\ItemCache_02
2026-03-21 16:34:57 | INFO | flags: hotfix=True prewarm=True image=True workers=8
2026-03-21 16:34:57 | INFO | hotfix start: E:\フォートナイト\Picture\Loot Pool\TEST4\New Loot\System Update\LootPackage.py
2026-03-21 16:34:57 | INFO | hotfix lp stdout: [STEP1-1] base e:\Fmodel\Exports\FortniteGame\Plugins\GameFeatures\RA_ItemCache_ItemSet2\Content\DataTables\ItemCache_02_LootPackages.json
[HOTFIX:SEASON1] target=/RA_ItemCache_ItemSet2/DataTables/ItemCache_02_LootPackages
[HOTFIX:SEASON1] Addrow(TableUpdate) なし -> スキップ
[HOTFIX:SEASON1] done: applied=0, deleted=0, skipped=0
[WRITE] final -> E:\フォートナイト\Picture\Loot Pool\TEST4\New Loot\System Update\期間限定\ItemCache_02\input\AthenaLootPackages_Client__final.json
[WRITE] per-input -> E:\フォートナイト\Picture\Loot Pool\TEST4\New Loot\System Update\期間限定\ItemCache_02\input\ItemCache_02_LootPackages__final.json
2026-03-21 16:34:57 | INFO | hotfix start: E:\フォートナイト\Picture\Loot Pool\TEST4\New Loot\System Update\LootTier.py
2026-03-21 16:34:57 | INFO | hotfix lt stdout: [STEP1-1] base e:\Fmodel\Exports\FortniteGame\Plugins\GameFeatures\RA_ItemCache_ItemSet2\Content\DataTables\ItemCache_02_LootTierData.json
[HOTFIX:SEASON1] target=/RA_ItemCache_ItemSet2/DataTables/ItemCache_02_LootTierData
[HOTFIX:SEASON1] done: applied=0, deleted=0, skipped=0
[WRITE] final -> E:\フォートナイト\Picture\Loot Pool\TEST4\New Loot\System Update\期間限定\ItemCache_02\input\AthenaLootTierData_Client__final.json
[WRITE] per-input -> E:\フォートナイト\Picture\Loot Pool\TEST4\New Loot\System Update\期間限定\ItemCache_02\input\ItemCache_02_LootTierData__final.json
2026-03-21 16:34:57 | INFO | ✓ Hotfix 適用完了 (0.55s)
2026-03-21 16:34:57 | INFO | load lt: E:\フォートナイト\Picture\Loot Pool\TEST4\New Loot\System Update\期間限定\ItemCache_02\input\AthenaLootTierData_Client__final.json
2026-03-21 16:34:57 | INFO | load lp: E:\フォートナイト\Picture\Loot Pool\TEST4\New Loot\System Update\期間限定\ItemCache_02\input\AthenaLootPackages_Client__final.json
2026-03-21 16:34:57 | INFO | load done (0.00s)
2026-03-21 16:34:57 | INFO | build summary start
2026-03-21 16:34:58 | INFO | build summary done (0.99s)
2026-03-21 16:34:58 | INFO | enrich summary with names start
2026-03-21 16:34:59 | INFO | enrich summary done (0.55s)
2026-03-21 16:34:59 | INFO | ✅ まとめJSONを作成: E:\フォートナイト\Picture\Loot Pool\TEST4\New Loot\System Update\期間限定\ItemCache_02\output\summary\v39.30_2026-03-21_16-34.json
2026-03-21 16:34:59 | INFO | build BR_LootData start
2026-03-21 16:34:59 | INFO | build BR_LootData done (0.00s)
2026-03-21 16:34:59 | INFO | ✅ BR_LootData を作成: E:\フォートナイト\Picture\Loot Pool\TEST4\New Loot\System Update\戦利品データ\期間限定\ItemCache_02\ItemCache_02_LootData_2026-03-21_16-34.json
2026-03-21 16:34:59 | INFO | ✅ Web LootPool を更新: E:\フォートナイト\Web\assets\data\Loot\ItemCache_02_LootPool.json
2026-03-21 16:34:59 | INFO | LootSummary start: E:\フォートナイト\Picture\Loot Pool\TEST4\New Loot\System Update\期間限定\ItemCache_02\scripts\LootSummary.py
2026-03-21 16:34:59 | INFO | LootSummary stdout: 🔎 抽出用: 最新ファイル = E:\フォートナイト\Picture\Loot Pool\TEST4\New Loot\System Update\期間限定\ItemCache_02\output\summary\v39.30_2026-03-21_16-34.json
✅ 抽出件数: 3
💾 保存: E:\フォートナイト\Picture\Loot Pool\TEST4\New Loot\System Update\期間限定\ItemCache_02\input\items_unique_min.json
🔎 比較用: base   = E:\フォートナイト\Picture\Loot Pool\TEST4\New Loot\System Update\期間限定\ItemCache_02\output\summary\v39.30_2026-03-21_16-11.json
🔎 比較用: target = E:\フォートナイト\Picture\Loot Pool\TEST4\New Loot\System Update\期間限定\ItemCache_02\output\summary\v39.30_2026-03-21_16-34.json
✅ 差分作成 完了
  追加   : 3 / 削除 : 9 / 変更 : 0 / 変化なし : 0
💾 差分: E:\フォートナイト\Picture\Loot Pool\TEST4\New Loot\System Update\期間限定\ItemCache_02\output\history\BR_20260321_1634\items_unique_min_diff.json
2026-03-21 16:34:59 | WARNING | LootSummary stderr: E:\フォートナイト\Picture\Loot Pool\TEST4\New Loot\System Update\期間限定\ItemCache_02\scripts\LootSummary.py:2: SyntaxWarning: invalid escape sequence '\B'
  """
2026-03-21 16:34:59 | INFO | ✅ LootSummary 実行完了（抽出→比較） (0.24s)
2026-03-21 16:34:59 | INFO | prewarm start
2026-03-21 16:34:59 | INFO | ✅ アイコンキャッシュ プリウォーム完了 (0.12s)
2026-03-21 16:34:59 | INFO | 画像化タスク数: 3
2026-03-21 16:34:59 | INFO | 画像生成 進捗: 1/3
2026-03-21 16:34:59 | INFO | 画像生成 進捗: 3/3
2026-03-21 16:34:59 | INFO | ✅ 画像生成 完了（MinListベース）
2026-03-21 16:34:59 | WARNING | Loot diff に失敗: Traceback (most recent call last):
  File "e:\フォートナイト\Picture\Loot Pool\TEST4\New Loot\System Update\期間限定\ItemCache_02\pipeline.py", line 243, in main
    diff_result = run_latest_diff(PROFILE_NAME)
                  ^^^^^^^^^^^^^^^^^^^^^^^^^^^^^
  File "E:\フォートナイト\Picture\Loot Pool\TEST4\New Loot\System Update\diff_loot_auto.py", line 88, in run_latest_diff
    old_file, new_file = latest_two_files(folder)
                         ^^^^^^^^^^^^^^^^^^^^^^^^
  File "E:\フォートナイト\Picture\Loot Pool\TEST4\New Loot\System Update\diff_loot_auto.py", line 23, in latest_two_files
    raise FileNotFoundError("JSON files are less than 2 in the selected folder.")
FileNotFoundError: JSON files are less than 2 in the selected folder.
2026-03-21 16:34:59 | INFO | git add: E:\フォートナイト\Picture\Loot Pool\TEST4\New Loot\System Update
2026-03-21 16:35:03 | INFO | git commit stdout: [main 22ed7ec] ItemCache_02 update 2026-03-21 16:35:01
 21 files changed, 1873 insertions(+), 419 deletions(-)
 create mode 100644 System Update/shared/icon_cache/GrappleWeapon__Items__Icons__T-T-Icon-BR-Sharp-GrappleKnife-L.png
 create mode 100644 System Update/shared/icon_cache/SunRoseChainWhipGameplay__Items__ChainWhip__Icons__T-Icon-BR-Sharp-Chains-SunRose-L.png
 create mode 100644 System Update/shared/icon_cache/SunRoseWeaponsGameplay__Items__Weapons__CerberusSG__Icons__T-Icon-Weapons-Shotgun-ThreeBarrel-L.png
 create mode 100644 "System Update/shared/images/\346\234\237\351\226\223\351\231\220\345\256\232/ItemCache_02/\343\202\260\343\203\251\343\203\203\343\203\227\343\203\253\343\203\226\343\203\254\343\202\244\343\203\211 - \343\203\206\343\202\243\343\202\2424.png"
 create mode 100644 "System Update/shared/images/\346\234\237\351\226\223\351\231\220\345\256\232/ItemCache_02/\343\203\217\343\203\207\343\202\271\343\201\256\351\216\226 - \343\203\206\343\202\243\343\202\2424.png"
 create mode 100644 "System Update/shared/images/\346\234\237\351\226\223\351\231\220\345\256\232/ItemCache_02/\343\203\242\343\202\270\343\203\245\343\203\251\343\203\274\345\274\217\343\202\262\343\203\274\343\203\210\343\202\255\343\203\274\343\203\221\343\203\274\343\202\267\343\203\247\343\203\203\343\203\210\343\202\254\343\203\263 - \343\203\206\343\202\243\343\202\2425.png"
 create mode 100644 "System Update/\346\210\246\345\210\251\345\223\201\343\203\207\343\203\274\343\202\277/\346\234\237\351\226\223\351\231\220\345\256\232/ItemCache_02/ItemCache_02_LootData_2026-03-21_16-34.json"
 create mode 100644 "System Update/\346\234\237\351\226\223\351\231\220\345\256\232/ItemCache_02/input/ItemCache_02_LootPackages__final.json"
 create mode 100644 "System Update/\346\234\237\351\226\223\351\231\220\345\256\232/ItemCache_02/input/ItemCache_02_LootTierData__final.json"
 create mode 100644 "System Update/\346\234\237\351\226\223\351\231\220\345\256\232/ItemCache_02/output/history/BR_20260321_1634/items_unique_min_diff.json"
 create mode 100644 "System Update/\346\234\237\351\226\223\351\231\220\345\256\232/ItemCache_02/output/logs/pipeline_2026-03-21_16-34-57.log"
 create mode 100644 "System Update/\346\234\237\351\226\223\351\231\220\345\256\232/ItemCache_02/output/summary/v39.30_2026-03-21_16-34.json"
2026-03-21 16:35:07 | WARNING | git push stderr: To https://github.com/Greenfox0833/New-Loot.git
   6fd6180..22ed7ec  main -> main
2026-03-21 16:35:07 | INFO | ✓ GitHub Push 完了
2026-03-21 16:35:07 | INFO | ===== ItemCache_02: pipeline end =====
