2026-06-07 07:34:29 | INFO | log file: E:\フォートナイト\Picture\Loot Pool\TEST4\New Loot\System Update\NoBuild\output\logs\pipeline_2026-06-07_07-34-29.log
2026-06-07 07:34:29 | INFO | ===== BR: pipeline start =====
2026-06-07 07:34:29 | INFO | paths: lt=E:\フォートナイト\Picture\Loot Pool\TEST4\New Loot\System Update\NoBuild\input\AthenaLootTierData_Client__final.json lp=E:\フォートナイト\Picture\Loot Pool\TEST4\New Loot\System Update\NoBuild\input\AthenaLootPackages_Client__final.json minlist=E:\フォートナイト\Picture\Loot Pool\TEST4\New Loot\System Update\NoBuild\input\items_unique_min.json
2026-06-07 07:34:29 | INFO | output: summary=E:\フォートナイト\Picture\Loot Pool\TEST4\New Loot\System Update\NoBuild\output\summary lootdata=E:\フォートナイト\Picture\Loot Pool\TEST4\New Loot\System Update\戦利品データ\NoBuild
2026-06-07 07:34:29 | INFO | flags: hotfix=True prewarm=True image=True workers=8
2026-06-07 07:34:29 | INFO | hotfix start: E:\フォートナイト\Picture\Loot Pool\TEST4\New Loot\System Update\LootPackage.py
2026-06-07 07:34:30 | INFO | hotfix lp stdout: [STEP1-1] base e:\Fmodel\Exports\FortniteGame\Content\Items\DataTables\AthenaLootPackages_Client.json
[HOTFIX:SEASON1] target=/Game/Items/DataTables/AthenaLootPackages_Client
[HOTFIX:SEASON1] Addrow(TableUpdate) なし -> スキップ
[HOTFIX:SEASON1] done: applied=0, deleted=0, skipped=0
[STEP1-2] merge e:\Fmodel\Exports\FortniteGame\Plugins\GameFeatures\OrangeRemoteLoot\Content\DataTables\OrangeRemoteLootPackages_Client.json : replaced=134, added=636
[HOTFIX:SEASON2] target=/OrangeRemoteLoot/DataTables/OrangeRemoteLootPackages_Client
[1014] RowUpdate LIST_Weapons_Rare_Handgun_02.Weight=1.15 -> OK
[1015] RowUpdate LIST_Weapons_Epic_Handgun_02.Weight=1.15 -> OK
[1016] RowUpdate LIST_Weapons_Legendary_Handgun_02.Weight=1.15 -> OK
[1107] RowUpdate LIST_RelicVaultKey_01.Weight=0.1625 -> OK
[1108] RowUpdate LIST_RelicVaultKey_02.Weight=0.0875 -> OK
[1109] RowUpdate LIST_Chest_Consumables_Utility_03.Weight=5.500000 -> OK
[1110] RowUpdate LIST_FloorLoot_Consumables_Utility_03.Weight=1.350000 -> OK
[HOTFIX:SEASON2] Addrow(TableUpdate) なし -> スキップ
[HOTFIX:SEASON2] done: applied=7, deleted=0, skipped=0
[STEP1-3] merge e:\Fmodel\Exports\FortniteGame\Plugins\GameFeatures\OrangeRemoteLoot\Content\DataTables\Comp\OrangeRemoteLootPackages_Client_Comp.json : replaced=80, added=5
[HOTFIX:SEASON3] target=/OrangeRemoteLoot/DataTables/Comp/OrangeRemoteLootPackages_Client_Comp
[HOTFIX:SEASON3] Addrow(TableUpdate) なし -> スキップ
[HOTFIX:SEASON3] done: applied=0, deleted=0, skipped=0
[STEP1-4] merge E:\Fmodel\Exports\FortniteGame\Plugins\GameFeatures\OrangeRemoteLoot\Content\DataTables\Comp\OrangeRemoteLootPackages_Client_Comp_Backup.json : replaced=0, added=1
[HOTFIX:SEASON4] target=/OrangeRemoteLoot/DataTables/Comp/OrangeRemoteLootPackages_Client_Comp_Backup
[HOTFIX:SEASON4] Addrow(TableUpdate) なし -> スキップ
[HOTFIX:SEASON4] done: applied=0, deleted=0, skipped=0
[STEP1-5] merge E:\Fmodel\Exports\FortniteGame\Plugins\GameFeatures\OrangeRemoteLoot\Content\DataTables\NoBuildComp\OrangeRemoteLootPackages_Client_Comp_NoBuild.json : replaced=24, added=0
[HOTFIX:SEASON5] target=/OrangeRemoteLoot/DataTables/NoBuildComp/OrangeRemoteLootPackages_Client_Comp_NoBuild
[HOTFIX:SEASON5] Addrow(TableUpdate) なし -> スキップ
[HOTFIX:SEASON5] done: applied=0, deleted=0, skipped=0
[STEP1-6] merge E:\Fmodel\Exports\FortniteGame\Plugins\GameFeatures\OrangeRemoteLoot\Content\DataTables\NoBuildComp\OrangeRemoteLootPackages_Client_Comp_Backup.json : replaced=0, added=1
[HOTFIX:SEASON6] target=/OrangeRemoteLoot/DataTables/NoBuildComp/OrangeRemoteLootPackages_Client_Comp_Backup
[HOTFIX:SEASON6] Addrow(TableUpdate) なし -> スキップ
[HOTFIX:SEASON6] done: applied=0, deleted=0, skipped=0
[WRITE] final -> E:\フォートナイト\Picture\Loot Pool\TEST4\New Loot\System Update\NoBuild\input\AthenaLootPackages_Client__final.json
[WRITE] per-input -> E:\フォートナイト\Picture\Loot Pool\TEST4\New Loot\System Update\NoBuild\input\OrangeRemoteLootPackages_Client__final.json
[WRITE] per-input -> E:\フォートナイト\Picture\Loot Pool\TEST4\New Loot\System Update\NoBuild\input\OrangeRemoteLootPackages_Client_Comp__final.json
[WRITE] per-input -> E:\フォートナイト\Picture\Loot Pool\TEST4\New Loot\System Update\NoBuild\input\OrangeRemoteLootPackages_Client_Comp_Backup__final.json
[WRITE] per-input -> E:\フォートナイト\Picture\Loot Pool\TEST4\New Loot\System Update\NoBuild\input\OrangeRemoteLootPackages_Client_Comp_NoBuild__final.json
2026-06-07 07:34:30 | INFO | hotfix start: E:\フォートナイト\Picture\Loot Pool\TEST4\New Loot\System Update\LootTier.py
2026-06-07 07:34:31 | INFO | hotfix lt stdout: [STEP1-1] base e:\Fmodel\Exports\FortniteGame\Content\Items\DataTables\AthenaLootTierData_Client.json
[HOTFIX:SEASON1] target=/Game/Items/DataTables/AthenaLootTierData_Client
[HOTFIX:SEASON1] done: applied=0, deleted=0, skipped=0
[STEP1-2] merge e:\Fmodel\Exports\FortniteGame\Plugins\GameFeatures\OrangeRemoteLoot\Content\DataTables\OrangeRemoteLootTierData_Client.json : replaced=0, added=101
[HOTFIX:SEASON2] target=/OrangeRemoteLoot/DataTables/OrangeRemoteLootTierData_Client
[HOTFIX:SEASON2] done: applied=0, deleted=0, skipped=0
[STEP1-3] merge E:\Fmodel\Exports\FortniteGame\Plugins\GameFeatures\OrangeRemoteLoot\Content\DataTables\NoBuildBR\OverrideLootTierData_NoBuildBR.json : replaced=2, added=0
[HOTFIX:SEASON3] target=/OrangeRemoteLoot/DataTables/NoBuildBR/OverrideLootTierData_NoBuildBR
[HOTFIX:SEASON3] done: applied=0, deleted=0, skipped=0
[WRITE] final -> E:\フォートナイト\Picture\Loot Pool\TEST4\New Loot\System Update\NoBuild\input\AthenaLootTierData_Client__final.json
[WRITE] per-input -> E:\フォートナイト\Picture\Loot Pool\TEST4\New Loot\System Update\NoBuild\input\OrangeRemoteLootTierData_Client__final.json
[WRITE] per-input -> E:\フォートナイト\Picture\Loot Pool\TEST4\New Loot\System Update\NoBuild\input\OverrideLootTierData_NoBuildBR__final.json
2026-06-07 07:34:31 | INFO | ✓ Hotfix 適用完了 (2.59s)
2026-06-07 07:34:31 | INFO | load lt: E:\フォートナイト\Picture\Loot Pool\TEST4\New Loot\System Update\NoBuild\input\AthenaLootTierData_Client__final.json
2026-06-07 07:34:31 | INFO | load lp: E:\フォートナイト\Picture\Loot Pool\TEST4\New Loot\System Update\NoBuild\input\AthenaLootPackages_Client__final.json
2026-06-07 07:34:31 | INFO | load done (0.02s)
2026-06-07 07:34:31 | INFO | build summary start
2026-06-07 07:34:31 | INFO | build summary done (0.06s)
2026-06-07 07:34:31 | INFO | enrich summary with names start
2026-06-07 07:34:31 | INFO | enrich summary done (0.00s)
2026-06-07 07:34:31 | INFO | ✅ まとめJSONを作成: E:\フォートナイト\Picture\Loot Pool\TEST4\New Loot\System Update\NoBuild\output\summary\v39.30_2026-06-07_07-34.json
2026-06-07 07:34:31 | INFO | build item metadata start
2026-06-07 07:34:35 | INFO | ✅ アイテム名・説明・タグJSONを更新: E:\フォートナイト\Picture\Loot Pool\TEST4\New Loot\System Update\shared\cache\item_metadata.json (3.42s)
2026-06-07 07:34:35 | INFO | build BR_LootData start
2026-06-07 07:34:35 | INFO | build BR_LootData done (0.00s)
2026-06-07 07:34:35 | INFO | ✅ BR_LootData を作成: E:\フォートナイト\Picture\Loot Pool\TEST4\New Loot\System Update\戦利品データ\NoBuild\NoBuild_LootData_2026-06-07_07-34.json
2026-06-07 07:34:35 | INFO | ✅ Web LootPool を更新: E:\フォートナイト\Web\assets\data\Loot\ZB_LootPool.json
2026-06-07 07:34:35 | INFO | LootSummary start: E:\フォートナイト\Picture\Loot Pool\TEST4\New Loot\System Update\NoBuild\scripts\LootSummary.py
2026-06-07 07:34:35 | INFO | LootSummary stdout: 🔎 抽出用: 最新ファイル = E:\フォートナイト\Picture\Loot Pool\TEST4\New Loot\System Update\NoBuild\output\summary\v39.30_2026-06-07_07-34.json
✅ 抽出件数: 98
💾 保存: E:\フォートナイト\Picture\Loot Pool\TEST4\New Loot\System Update\NoBuild\input\items_unique_min.json
🔎 比較用: base   = E:\フォートナイト\Picture\Loot Pool\TEST4\New Loot\System Update\NoBuild\output\summary\v39.30_2026-05-30_04-36.json
🔎 比較用: target = E:\フォートナイト\Picture\Loot Pool\TEST4\New Loot\System Update\NoBuild\output\summary\v39.30_2026-06-07_07-34.json
✅ 差分作成 完了
  追加   : 62 / 削除 : 79 / 変更 : 0 / 変化なし : 36
💾 差分: E:\フォートナイト\Picture\Loot Pool\TEST4\New Loot\System Update\NoBuild\output\history\BR_20260607_0734\items_unique_min_diff.json
2026-06-07 07:34:35 | WARNING | LootSummary stderr: E:\フォートナイト\Picture\Loot Pool\TEST4\New Loot\System Update\NoBuild\scripts\LootSummary.py:2: SyntaxWarning: invalid escape sequence '\B'
  """
2026-06-07 07:34:35 | INFO | ✅ LootSummary 実行完了（抽出→比較） (0.52s)
2026-06-07 07:34:35 | INFO | prewarm start
2026-06-07 07:34:37 | INFO | ✅ アイコンキャッシュ プリウォーム完了 (1.71s)
2026-06-07 07:34:37 | INFO | 画像化タスク数: 98
2026-06-07 07:34:38 | INFO | 画像生成 進捗: 1/98
2026-06-07 07:34:39 | INFO | 画像生成 進捗: 50/98
2026-06-07 07:34:40 | INFO | 画像生成 進捗: 98/98
2026-06-07 07:34:40 | INFO | ✅ 画像生成 完了（MinListベース）
2026-06-07 07:34:40 | INFO | ✅ Loot diff を作成: E:\フォートナイト\Web\assets\data\Loot\diff\NoBuild_2026-06-07_07-34-40.json (added=90 removed=113 change=31)
2026-06-07 07:34:41 | INFO | ✅ AddedItems 画像を保存: E:\フォートナイト\Picture\Loot Pool\TEST4\New Loot\System Update\shared\images\NoBuild\AddedItems\2026-06-07_07-34-40 (copied=90 missing=0)
2026-06-07 07:34:41 | INFO | git add: E:\フォートナイト\Picture\Loot Pool\TEST4\New Loot
2026-06-07 07:34:59 | INFO | git commit stdout: [main 5f247ed] BR update 2026-06-07 07:34:53
 162 files changed, 302757 insertions(+), 93639 deletions(-)
 create mode 100644 System Update/NoBuild/input/OrangeRemoteLootPackages_Client_Comp_Backup__final.json
 create mode 100644 System Update/NoBuild/input/OrangeRemoteLootPackages_Client_Comp_NoBuild__final.json
 create mode 100644 System Update/NoBuild/input/OrangeRemoteLootPackages_Client_Comp__final.json
 create mode 100644 System Update/NoBuild/input/OrangeRemoteLootPackages_Client__final.json
 create mode 100644 System Update/NoBuild/input/OrangeRemoteLootTierData_Client__final.json
 create mode 100644 System Update/NoBuild/output/history/BR_20260607_0734/items_unique_min_diff.json
 create mode 100644 System Update/NoBuild/output/logs/pipeline_2026-06-07_07-34-29.log
 create mode 100644 System Update/NoBuild/output/summary/v39.30_2026-06-07_07-34.json
 create mode 100644 "System Update/shared/images/NoBuild/9mm \343\203\220\343\203\220\343\203\244\343\202\254 - \343\203\206\343\202\243\343\202\2427.png"
 create mode 100644 "System Update/shared/images/NoBuild/AddedItems/2026-06-07_07-34-40/\343\203\206\343\202\243\343\202\2421 - \343\202\250\343\202\257\343\202\271\343\203\206\343\203\263\343\203\211 \343\203\225\343\202\251\343\203\274\343\202\253\343\202\271\343\202\267\343\203\247\343\203\203\343\203\210\343\202\254\343\203\263.png"
 create mode 100644 "System Update/shared/images/NoBuild/AddedItems/2026-06-07_07-34-40/\343\203\206\343\202\243\343\202\2421 - \343\202\253\343\202\252\343\202\271 \343\202\250\343\202\257\343\202\271\343\203\227\343\203\255\343\203\274\343\203\200\343\203\274\343\203\251\343\202\244\343\203\225\343\203\253.png"
 create mode 100644 "System Update/shared/images/NoBuild/AddedItems/2026-06-07_07-34-40/\343\203\206\343\202\243\343\202\2421 - \343\202\264\343\203\274\343\203\253\343\203\211.png"
 create mode 100644 "System Update/shared/images/NoBuild/AddedItems/2026-06-07_07-34-40/\343\203\206\343\202\243\343\202\2421 - \343\202\265\343\203\274\343\202\270\343\202\253\343\203\253 \343\203\220\343\203\274\343\202\271\343\203\210\343\203\251\343\202\244\343\203\225\343\203\253.png"
 create mode 100644 "System Update/shared/images/NoBuild/AddedItems/2026-06-07_07-34-40/\343\203\206\343\202\243\343\202\2421 - \343\202\271\343\203\206\343\202\243\343\203\263\343\202\254\343\203\274\343\202\265\343\203\226\343\203\236\343\202\267\343\203\263\343\202\254\343\203\263.png"
 create mode 100644 "System Update/shared/images/NoBuild/AddedItems/2026-06-07_07-34-40/\343\203\206\343\202\243\343\202\2421 - \343\202\271\343\203\210\343\203\251\343\202\244\343\202\253\343\203\274\343\203\235\343\203\263\343\203\227\343\202\267\343\203\247\343\203\203\343\203\210\343\202\254\343\203\263.png"
 create mode 100644 "System Update/shared/images/NoBuild/AddedItems/2026-06-07_07-34-40/\343\203\206\343\202\243\343\202\2421 - \343\202\271\343\203\242\343\203\274\343\203\253\343\203\225\343\202\243\343\203\203\343\202\267\343\203\245.png"
 create mode 100644 "System Update/shared/images/NoBuild/AddedItems/2026-06-07_07-34-40/\343\203\206\343\202\243\343\202\2421 - \343\202\271\343\203\251\343\203\274\343\203\227\343\202\255\343\203\216\343\202\263.png"
 create mode 100644 "System Update/shared/images/NoBuild/AddedItems/2026-06-07_07-34-40/\343\203\206\343\202\243\343\202\2421 - \343\203\225\343\203\254\343\203\203\343\202\257\343\202\271 \343\202\265\343\203\226\343\203\236\343\202\267\343\203\263\343\202\254\343\203\263.png"
 create mode 100644 "System Update/shared/images/NoBuild/AddedItems/2026-06-07_07-34-40/\343\203\206\343\202\243\343\202\2421 - \343\203\241\343\202\244\343\203\264\343\202\241\343\203\263 \343\202\252\343\203\274\343\203\210\343\202\267\343\203\247\343\203\203\343\203\210\343\202\254\343\203\263.png"
 create mode 100644 "System Update/shared/images/NoBuild/AddedItems/2026-06-07_07-34-40/\343\203\206\343\202\243\343\202\2421 - \343\203\252\343\203\263\343\202\264.png"
 create mode 100644 "System Update/shared/images/NoBuild/AddedItems/2026-06-07_07-34-40/\343\203\206\343\202\243\343\202\2421 - \343\203\254\343\203\263\343\202\254\343\203\273\343\203\220\343\203\263\343\202\253\343\203\274.png"
 create mode 100644 "System Update/shared/images/NoBuild/AddedItems/2026-06-07_07-34-40/\343\203\206\343\202\243\343\202\2421 - \343\203\254\343\203\263\343\202\270\343\203\243\343\203\274\343\203\224\343\202\271\343\203\210\343\203\253.png"
 create mode 100644 "System Update/shared/images/NoBuild/AddedItems/2026-06-07_07-34-40/\343\203\206\343\202\243\343\202\2421 - \345\214\205\345\270\257.png"
 create mode 100644 "System Update/shared/images/NoBuild/AddedItems/2026-06-07_07-34-40/\343\203\206\343\202\243\343\202\2421 - \345\274\276\350\226\254_ \343\203\255\343\202\261\343\203\203\343\203\210\345\274\276.png"
 create mode 100644 "System Update/shared/images/NoBuild/AddedItems/2026-06-07_07-34-40/\343\203\206\343\202\243\343\202\2421 - \345\274\276\350\226\254_ \344\270\255\345\217\243\345\276\204\345\274\276.png"
 create mode 100644 "System Update/shared/images/NoBuild/AddedItems/2026-06-07_07-34-40/\343\203\206\343\202\243\343\202\2421 - \345\274\276\350\226\254_ \345\244\247\345\217\243\345\276\204\345\274\276.png"
 create mode 100644 "System Update/shared/images/NoBuild/AddedItems/2026-06-07_07-34-40/\343\203\206\343\202\243\343\202\2421 - \345\274\276\350\226\254_ \345\260\217\345\217\243\345\276\204\345\274\276.png"
 create mode 100644 "System Update/shared/images/NoBuild/AddedItems/2026-06-07_07-34-40/\343\203\206\343\202\243\343\202\2421 - \345\274\276\350\226\254_ \346\225\243\345\274\276.png"
 create mode 100644 "System Update/shared/images/NoBuild/AddedItems/2026-06-07_07-34-40/\343\203\206\343\202\243\343\202\2421 - \347\205\231\351\233\262 .png"
 create mode 100644 "System Update/shared/images/NoBuild/AddedItems/2026-06-07_07-34-40/\343\203\206\343\202\243\343\202\2422 - \343\202\250\343\202\257\343\202\271\343\203\206\343\203\263\343\203\211 \343\203\225\343\202\251\343\203\274\343\202\253\343\202\271\343\202\267\343\203\247\343\203\203\343\203\210\343\202\254\343\203\263.png"
 create mode 100644 "System Update/shared/images/NoBuild/AddedItems/2026-06-07_07-34-40/\343\203\206\343\202\243\343\202\2422 - \343\202\253\343\202\252\343\202\271 \343\202\250\343\202\257\343\202\271\343\203\227\343\203\255\343\203\274\343\203\200\343\203\274\343\203\251\343\202\244\343\203\225\343\203\253.png"
 create mode 100644 "System Update/shared/images/NoBuild/AddedItems/2026-06-07_07-34-40/\343\203\206\343\202\243\343\202\2422 - \343\202\253\343\202\252\343\202\271\343\203\252\343\203\255\343\203\274\343\203\200\343\203\274\343\202\267\343\203\247\343\203\203\343\203\210\343\202\254\343\203\263.png"
 create mode 100644 "System Update/shared/images/NoBuild/AddedItems/2026-06-07_07-34-40/\343\203\206\343\202\243\343\202\2422 - \343\202\254\343\202\272\343\203\253\343\202\270\343\203\245\343\203\274\343\202\271.png"
 create mode 100644 "System Update/shared/images/NoBuild/AddedItems/2026-06-07_07-34-40/\343\203\206\343\202\243\343\202\2422 - \343\202\265\343\203\274\343\202\270\343\202\253\343\203\253 \343\203\220\343\203\274\343\202\271\343\203\210\343\203\251\343\202\244\343\203\225\343\203\253.png"
 create mode 100644 "System Update/shared/images/NoBuild/AddedItems/2026-06-07_07-34-40/\343\203\206\343\202\243\343\202\2422 - \343\202\271\343\203\206\343\202\243\343\203\263\343\202\254\343\203\274\343\202\265\343\203\226\343\203\236\343\202\267\343\203\263\343\202\254\343\203\263.png"
 create mode 100644 "System Update/shared/images/NoBuild/AddedItems/2026-06-07_07-34-40/\343\203\206\343\202\243\343\202\2422 - \343\202\271\343\203\210\343\203\251\343\202\244\343\202\253\343\203\274\343\203\235\343\203\263\343\203\227\343\202\267\343\203\247\343\203\203\343\203\210\343\202\254\343\203\263.png"
 create mode 100644 "System Update/shared/images/NoBuild/AddedItems/2026-06-07_07-34-40/\343\203\206\343\202\243\343\202\2422 - \343\203\217\343\203\263\343\203\206\343\202\243\343\203\263\343\202\260\343\203\251\343\202\244\343\203\225\343\203\253.png"
 create mode 100644 "System Update/shared/images/NoBuild/AddedItems/2026-06-07_07-34-40/\343\203\206\343\202\243\343\202\2422 - \343\203\225\343\203\254\343\203\203\343\202\257\343\202\271 \343\202\265\343\203\226\343\203\236\343\202\267\343\203\263\343\202\254\343\203\263.png"
 create mode 100644 "System Update/shared/images/NoBuild/AddedItems/2026-06-07_07-34-40/\343\203\206\343\202\243\343\202\2422 - \343\203\225\343\203\255\343\203\203\343\203\221\343\203\274.png"
 create mode 100644 "System Update/shared/images/NoBuild/AddedItems/2026-06-07_07-34-40/\343\203\206\343\202\243\343\202\2422 - \343\203\237\343\203\213\343\202\267\343\203\274\343\203\253\343\203\211\343\203\235\343\203\274\343\202\267\343\203\247\343\203\263.png"
 create mode 100644 "System Update/shared/images/NoBuild/AddedItems/2026-06-07_07-34-40/\343\203\206\343\202\243\343\202\2422 - \343\203\241\343\202\244\343\203\264\343\202\241\343\203\263 \343\202\252\343\203\274\343\203\210\343\202\267\343\203\247\343\203\203\343\203\210\343\202\254\343\203\263.png"
 create mode 100644 "System Update/shared/images/NoBuild/AddedItems/2026-06-07_07-34-40/\343\203\206\343\202\243\343\202\2422 - \343\203\254\343\203\263\343\202\270\343\203\243\343\203\274\343\203\224\343\202\271\343\203\210\343\203\253.png"
 create mode 100644 "System Update/shared/images/NoBuild/AddedItems/2026-06-07_07-34-40/\343\203\206\343\202\243\343\202\2422 - \345\214\273\347\231\202\343\202\255\343\203\203\343\203\210.png"
 create mode 100644 "System Update/shared/images/NoBuild/AddedItems/2026-06-07_07-34-40/\343\203\206\343\202\243\343\202\2423 - \343\202\250\343\202\257\343\202\271\343\203\206\343\203\263\343\203\211 \343\203\225\343\202\251\343\203\274\343\202\253\343\202\271\343\202\267\343\203\247\343\203\203\343\203\210\343\202\254\343\203\263.png"
 create mode 100644 "System Update/shared/images/NoBuild/AddedItems/2026-06-07_07-34-40/\343\203\206\343\202\243\343\202\2423 - \343\202\252\343\203\274\343\203\220\343\203\274\343\203\211\343\203\251\343\202\244\343\203\226 \343\202\260\343\203\254\343\203\215\343\203\274\343\203\211.png"
 create mode 100644 "System Update/shared/images/NoBuild/AddedItems/2026-06-07_07-34-40/\343\203\206\343\202\243\343\202\2423 - \343\202\253\343\202\252\343\202\271 \343\202\250\343\202\257\343\202\271\343\203\227\343\203\255\343\203\274\343\203\200\343\203\274\343\203\251\343\202\244\343\203\225\343\203\253.png"
 create mode 100644 "System Update/shared/images/NoBuild/AddedItems/2026-06-07_07-34-40/\343\203\206\343\202\243\343\202\2423 - \343\202\253\343\202\252\343\202\271\343\203\252\343\203\255\343\203\274\343\203\200\343\203\274\343\202\267\343\203\247\343\203\203\343\203\210\343\202\254\343\203\263.png"
 create mode 100644 "System Update/shared/images/NoBuild/AddedItems/2026-06-07_07-34-40/\343\203\206\343\202\243\343\202\2423 - \343\202\265\343\203\274\343\202\270\343\202\253\343\203\253 \343\203\220\343\203\274\343\202\271\343\203\210\343\203\251\343\202\244\343\203\225\343\203\253.png"
 create mode 100644 "System Update/shared/images/NoBuild/AddedItems/2026-06-07_07-34-40/\343\203\206\343\202\243\343\202\2423 - \343\202\267\343\203\274\343\203\253\343\203\211\343\203\220\343\203\226\343\203\253.png"
 create mode 100644 "System Update/shared/images/NoBuild/AddedItems/2026-06-07_07-34-40/\343\203\206\343\202\243\343\202\2423 - \343\202\267\343\203\274\343\203\253\343\203\211\343\203\225\343\202\243\343\203\203\343\202\267\343\203\245.png"
 create mode 100644 "System Update/shared/images/NoBuild/AddedItems/2026-06-07_07-34-40/\343\203\206\343\202\243\343\202\2423 - \343\202\267\343\203\274\343\203\253\343\203\211\343\203\226\343\203\254\343\202\244\343\202\253\343\203\274EMP.png"
 create mode 100644 "System Update/shared/images/NoBuild/AddedItems/2026-06-07_07-34-40/\343\203\206\343\202\243\343\202\2423 - \343\202\267\343\203\274\343\203\253\343\203\211\343\203\235\343\203\274\343\202\267\343\203\247\343\203\263.png"
 create mode 100644 "System Update/shared/images/NoBuild/AddedItems/2026-06-07_07-34-40/\343\203\206\343\202\243\343\202\2423 - \343\202\270\343\202\247\343\203\252\343\203\274\343\203\225\343\202\243\343\203\203\343\202\267\343\203\245.png"
 create mode 100644 "System Update/shared/images/NoBuild/AddedItems/2026-06-07_07-34-40/\343\203\206\343\202\243\343\202\2423 - \343\202\271\343\203\206\343\202\243\343\203\263\343\202\254\343\203\274\343\202\265\343\203\226\343\203\236\343\202\267\343\203\263\343\202\254\343\203\263.png"
 create mode 100644 "System Update/shared/images/NoBuild/AddedItems/2026-06-07_07-34-40/\343\203\206\343\202\243\343\202\2423 - \343\202\271\343\203\210\343\203\251\343\202\244\343\202\253\343\203\274\343\203\235\343\203\263\343\203\227\343\202\267\343\203\247\343\203\203\343\203\210\343\202\254\343\203\263.png"
 create mode 100644 "System Update/shared/images/NoBuild/AddedItems/2026-06-07_07-34-40/\343\203\206\343\202\243\343\202\2423 - \343\202\271\343\203\221\343\202\244\343\202\267\343\203\274\343\203\225\343\202\243\343\203\203\343\202\267\343\203\245.png"
 create mode 100644 "System Update/shared/images/NoBuild/AddedItems/2026-06-07_07-34-40/\343\203\206\343\202\243\343\202\2423 - \343\203\217\343\203\263\343\203\206\343\202\243\343\203\263\343\202\260\343\203\251\343\202\244\343\203\225\343\203\253.png"
 create mode 100644 "System Update/shared/images/NoBuild/AddedItems/2026-06-07_07-34-40/\343\203\206\343\202\243\343\202\2423 - \343\203\225\343\203\254\343\203\203\343\202\257\343\202\271 \343\202\265\343\203\226\343\203\236\343\202\267\343\203\263\343\202\254\343\203\263.png"
 create mode 100644 "System Update/shared/images/NoBuild/AddedItems/2026-06-07_07-34-40/\343\203\206\343\202\243\343\202\2423 - \343\203\241\343\202\244\343\203\264\343\202\241\343\203\263 \343\202\252\343\203\274\343\203\210\343\202\267\343\203\247\343\203\203\343\203\210\343\202\254\343\203\263.png"
 create mode 100644 "System Update/shared/images/NoBuild/AddedItems/2026-06-07_07-34-40/\343\203\206\343\202\243\343\202\2423 - \343\203\251\343\203\263\343\202\271\343\203\230\343\203\203\343\203\211 \343\203\224\343\202\271\343\203\210\343\203\253.png"
 create mode 100644 "System Update/shared/images/NoBuild/AddedItems/2026-06-07_07-34-40/\343\203\206\343\202\243\343\202\2423 - \343\203\254\343\203\263\343\202\270\343\203\243\343\203\274\343\203\224\343\202\271\343\203\210\343\203\253.png"
 create mode 100644 "System Update/shared/images/NoBuild/AddedItems/2026-06-07_07-34-40/\343\203\206\343\202\243\343\202\2423 - \344\277\235\347\256\241\345\272\253\343\201\256\343\202\253\343\202\256.png"
 create mode 100644 "System Update/shared/images/NoBuild/AddedItems/2026-06-07_07-34-40/\343\203\206\343\202\243\343\202\2423 - \345\256\210\350\255\267\350\200\205\343\201\256\347\233\276.png"
 create mode 100644 "System Update/shared/images/NoBuild/AddedItems/2026-06-07_07-34-40/\343\203\206\343\202\243\343\202\2424 - \343\202\250\343\202\257\343\202\271\343\203\206\343\203\263\343\203\211 \343\203\225\343\202\251\343\203\274\343\202\253\343\202\271\343\202\267\343\203\247\343\203\203\343\203\210\343\202\254\343\203\263.png"
 create mode 100644 "System Update/shared/images/NoBuild/AddedItems/2026-06-07_07-34-40/\343\203\206\343\202\243\343\202\2424 - \343\202\253\343\202\252\343\202\271 \343\202\250\343\202\257\343\202\271\343\203\227\343\203\255\343\203\274\343\203\200\343\203\274\343\203\251\343\202\244\343\203\225\343\203\253.png"
 create mode 100644 "System Update/shared/images/NoBuild/AddedItems/2026-06-07_07-34-40/\343\203\206\343\202\243\343\202\2424 - \343\202\253\343\202\252\343\202\271\343\203\252\343\203\255\343\203\274\343\203\200\343\203\274\343\202\267\343\203\247\343\203\203\343\203\210\343\202\254\343\203\263.png"
 create mode 100644 "System Update/shared/images/NoBuild/AddedItems/2026-06-07_07-34-40/\343\203\206\343\202\243\343\202\2424 - \343\202\265\343\203\274\343\202\270\343\202\253\343\203\253 \343\203\220\343\203\274\343\202\271\343\203\210\343\203\251\343\202\244\343\203\225\343\203\253.png"
 create mode 100644 "System Update/shared/images/NoBuild/AddedItems/2026-06-07_07-34-40/\343\203\206\343\202\243\343\202\2424 - \343\202\271\343\203\206\343\202\243\343\203\263\343\202\254\343\203\274\343\202\265\343\203\226\343\203\236\343\202\267\343\203\263\343\202\254\343\203\263.png"
 create mode 100644 "System Update/shared/images/NoBuild/AddedItems/2026-06-07_07-34-40/\343\203\206\343\202\243\343\202\2424 - \343\202\271\343\203\210\343\203\251\343\202\244\343\202\253\343\203\274\343\203\235\343\203\263\343\203\227\343\202\267\343\203\247\343\203\203\343\203\210\343\202\254\343\203\263.png"
 create mode 100644 "System Update/shared/images/NoBuild/AddedItems/2026-06-07_07-34-40/\343\203\206\343\202\243\343\202\2424 - \343\202\273\343\203\226\343\203\263\343\202\271\343\203\251\343\202\244\343\203\200\343\203\274.png"
 create mode 100644 "System Update/shared/images/NoBuild/AddedItems/2026-06-07_07-34-40/\343\203\206\343\202\243\343\202\2424 - \343\203\217\343\203\263\343\203\206\343\202\243\343\203\263\343\202\260\343\203\251\343\202\244\343\203\225\343\203\253.png"
 create mode 100644 "System Update/shared/images/NoBuild/AddedItems/2026-06-07_07-34-40/\343\203\206\343\202\243\343\202\2424 - \343\203\221\343\203\253\343\202\271\343\203\273\343\202\271\343\202\255\343\203\243\343\203\212\343\203\274.png"
 create mode 100644 "System Update/shared/images/NoBuild/AddedItems/2026-06-07_07-34-40/\343\203\206\343\202\243\343\202\2424 - \343\203\225\343\203\254\343\203\203\343\202\257\343\202\271 \343\202\265\343\203\226\343\203\236\343\202\267\343\203\263\343\202\254\343\203\263.png"
 create mode 100644 "System Update/shared/images/NoBuild/AddedItems/2026-06-07_07-34-40/\343\203\206\343\202\243\343\202\2424 - \343\203\241\343\202\244\343\203\264\343\202\241\343\203\263 \343\202\252\343\203\274\343\203\210\343\202\267\343\203\247\343\203\203\343\203\210\343\202\254\343\203\263.png"
 create mode 100644 "System Update/shared/images/NoBuild/AddedItems/2026-06-07_07-34-40/\343\203\206\343\202\243\343\202\2424 - \343\203\251\343\203\263\343\202\271\343\203\230\343\203\203\343\203\211 \343\203\224\343\202\271\343\203\210\343\203\253.png"
 create mode 100644 "System Update/shared/images/NoBuild/AddedItems/2026-06-07_07-34-40/\343\203\206\343\202\243\343\202\2424 - \343\203\254\343\203\263\343\202\270\343\203\243\343\203\274\343\203\224\343\202\271\343\203\210\343\203\253.png"
 create mode 100644 "System Update/shared/images/NoBuild/AddedItems/2026-06-07_07-34-40/\343\203\206\343\202\243\343\202\2425 - \343\202\250\343\202\257\343\202\271\343\203\206\343\203\263\343\203\211 \343\203\225\343\202\251\343\203\274\343\202\253\343\202\271\343\202\267\343\203\247\343\203\203\343\203\210\343\202\254\343\203\263.png"
 create mode 100644 "System Update/shared/images/NoBuild/AddedItems/2026-06-07_07-34-40/\343\203\206\343\202\243\343\202\2425 - \343\202\250\343\203\224\343\203\203\343\202\257\344\277\235\347\256\241\345\272\253\343\201\256\343\202\253\343\203\274\343\203\211\343\202\255\343\203\274.png"
 create mode 100644 "System Update/shared/images/NoBuild/AddedItems/2026-06-07_07-34-40/\343\203\206\343\202\243\343\202\2425 - \343\202\253\343\202\252\343\202\271 \343\202\250\343\202\257\343\202\271\343\203\227\343\203\255\343\203\274\343\203\200\343\203\274\343\203\251\343\202\244\343\203\225\343\203\253.png"
 create mode 100644 "System Update/shared/images/NoBuild/AddedItems/2026-06-07_07-34-40/\343\203\206\343\202\243\343\202\2425 - \343\202\253\343\202\252\343\202\271\343\203\252\343\203\255\343\203\274\343\203\200\343\203\274\343\202\267\343\203\247\343\203\203\343\203\210\343\202\254\343\203\263.png"
 create mode 100644 "System Update/shared/images/NoBuild/AddedItems/2026-06-07_07-34-40/\343\203\206\343\202\243\343\202\2425 - \343\202\265\343\203\274\343\202\270\343\202\253\343\203\253 \343\203\220\343\203\274\343\202\271\343\203\210\343\203\251\343\202\244\343\203\225\343\203\253.png"
 create mode 100644 "System Update/shared/images/NoBuild/AddedItems/2026-06-07_07-34-40/\343\203\206\343\202\243\343\202\2425 - \343\202\267\343\203\245\343\203\251\343\203\226\343\203\234\343\203\240.png"
 create mode 100644 "System Update/shared/images/NoBuild/AddedItems/2026-06-07_07-34-40/\343\203\206\343\202\243\343\202\2425 - \343\202\271\343\203\206\343\202\243\343\203\263\343\202\254\343\203\274\343\202\265\343\203\226\343\203\236\343\202\267\343\203\263\343\202\254\343\203\263.png"
 create mode 100644 "System Update/shared/images/NoBuild/AddedItems/2026-06-07_07-34-40/\343\203\206\343\202\243\343\202\2425 - \343\202\271\343\203\210\343\203\251\343\202\244\343\202\253\343\203\274\343\203\235\343\203\263\343\203\227\343\202\267\343\203\247\343\203\203\343\203\210\343\202\254\343\203\263.png"
 create mode 100644 "System Update/shared/images/NoBuild/AddedItems/2026-06-07_07-34-40/\343\203\206\343\202\243\343\202\2425 - \343\203\201\343\203\243\343\202\260\343\202\270\343\203\243\343\202\260.png"
 create mode 100644 "System Update/shared/images/NoBuild/AddedItems/2026-06-07_07-34-40/\343\203\206\343\202\243\343\202\2425 - \343\203\217\343\203\263\343\203\206\343\202\243\343\203\263\343\202\260\343\203\251\343\202\244\343\203\225\343\203\253.png"
 create mode 100644 "System Update/shared/images/NoBuild/AddedItems/2026-06-07_07-34-40/\343\203\206\343\202\243\343\202\2425 - \343\203\225\343\203\254\343\203\203\343\202\257\343\202\271 \343\202\265\343\203\226\343\203\236\343\202\267\343\203\263\343\202\254\343\203\263.png"
 create mode 100644 "System Update/shared/images/NoBuild/AddedItems/2026-06-07_07-34-40/\343\203\206\343\202\243\343\202\2425 - \343\203\226\343\203\203\343\202\267\343\203\245.png"
 create mode 100644 "System Update/shared/images/NoBuild/AddedItems/2026-06-07_07-34-40/\343\203\206\343\202\243\343\202\2425 - \343\203\241\343\202\244\343\203\264\343\202\241\343\203\263 \343\202\252\343\203\274\343\203\210\343\202\267\343\203\247\343\203\203\343\203\210\343\202\254\343\203\263.png"
 create mode 100644 "System Update/shared/images/NoBuild/AddedItems/2026-06-07_07-34-40/\343\203\206\343\202\243\343\202\2425 - \343\203\251\343\203\263\343\202\271\343\203\230\343\203\203\343\203\211 \343\203\224\343\202\271\343\203\210\343\203\253.png"
 create mode 100644 "System Update/shared/images/NoBuild/AddedItems/2026-06-07_07-34-40/\343\203\206\343\202\243\343\202\2425 - \343\203\254\343\203\263\343\202\270\343\203\243\343\203\274\343\203\224\343\202\271\343\203\210\343\203\253.png"
 create mode 100644 "System Update/shared/images/NoBuild/AddedItems/2026-06-07_07-34-40/\343\203\206\343\202\243\343\202\2427 - 9mm \343\203\220\343\203\220\343\203\244\343\202\254.png"
 create mode 100644 "System Update/shared/images/NoBuild/AddedItems/2026-06-07_07-34-40/\343\203\206\343\202\243\343\202\2427 - \343\202\246\343\202\251\343\203\253\343\203\225\343\201\256\343\203\241\343\202\244\343\203\264\343\202\241\343\203\263 \343\202\252\343\203\274\343\203\210\343\202\267\343\203\247\343\203\203\343\203\210\343\202\254\343\203\263.png"
 create mode 100644 "System Update/shared/images/NoBuild/AddedItems/2026-06-07_07-34-40/\343\203\206\343\202\243\343\202\2427 - \343\202\264\343\203\274\343\203\253\343\203\207\343\203\263\343\203\210\343\203\252\343\203\245\343\203\225.png"
 create mode 100644 "System Update/shared/images/NoBuild/AddedItems/2026-06-07_07-34-40/\343\203\206\343\202\243\343\202\2427 - \343\202\271\343\203\210\343\203\251\343\202\244\343\202\253\343\203\274\343\203\235\343\203\263\343\203\227\343\202\267\343\203\247\343\203\203\343\203\210\343\202\254\343\203\263.png"
 create mode 100644 "System Update/shared/images/NoBuild/AddedItems/2026-06-07_07-34-40/\343\203\206\343\202\243\343\202\2427 - \343\203\217\343\203\263\343\203\206\343\202\243\343\203\263\343\202\260\343\203\251\343\202\244\343\203\225\343\203\253.png"
 create mode 100644 "System Update/shared/images/NoBuild/AddedItems/2026-06-07_07-34-40/\343\203\206\343\202\243\343\202\2427 - \343\203\252\343\203\237\343\203\203\343\203\210\343\203\254\343\202\271 \343\202\273\343\203\226\343\203\263\343\202\271\343\203\251\343\202\244\343\203\200\343\203\274.png"
 create mode 100644 "System Update/shared/images/NoBuild/AddedItems/2026-06-07_07-34-40/\343\203\206\343\202\243\343\202\2427 - \343\203\252\343\203\274\343\203\201\343\203\243\343\203\274\343\203\273\343\202\250\343\202\257\343\202\271\343\203\206\343\203\263\343\203\211\343\203\273\343\202\267\343\203\247\343\203\203\343\203\210\343\202\254\343\203\263.png"
 create mode 100644 "System Update/shared/images/NoBuild/AddedItems/2026-06-07_07-34-40/\343\203\206\343\202\243\343\202\2427 - \343\203\264\343\202\251\343\202\244\343\203\211\343\203\226\343\203\254\343\202\244\343\203\211\343\201\256\343\203\220\343\203\274\343\202\271\343\203\210\343\203\251\343\202\244\343\203\225\343\203\253.png"
 create mode 100644 "System Update/shared/images/NoBuild/\343\202\246\343\202\251\343\203\253\343\203\225\343\201\256\343\203\241\343\202\244\343\203\264\343\202\241\343\203\263 \343\202\252\343\203\274\343\203\210\343\202\267\343\203\247\343\203\203\343\203\210\343\202\254\343\203\263 - \343\203\206\343\202\243\343\202\2427.png"
 create mode 100644 "System Update/shared/images/NoBuild/\343\202\250\343\202\257\343\202\271\343\203\206\343\203\263\343\203\211 \343\203\225\343\202\251\343\203\274\343\202\253\343\202\271\343\202\267\343\203\247\343\203\203\343\203\210\343\202\254\343\203\263 - \343\203\206\343\202\243\343\202\2421.png"
 create mode 100644 "System Update/shared/images/NoBuild/\343\202\250\343\202\257\343\202\271\343\203\206\343\203\263\343\203\211 \343\203\225\343\202\251\343\203\274\343\202\253\343\202\271\343\202\267\343\203\247\343\203\203\343\203\210\343\202\254\343\203\263 - \343\203\206\343\202\243\343\202\2422.png"
 create mode 100644 "System Update/shared/images/NoBuild/\343\202\250\343\202\257\343\202\271\343\203\206\343\203\263\343\203\211 \343\203\225\343\202\251\343\203\274\343\202\253\343\202\271\343\202\267\343\203\247\343\203\203\343\203\210\343\202\254\343\203\263 - \343\203\206\343\202\243\343\202\2423.png"
 create mode 100644 "System Update/shared/images/NoBuild/\343\202\250\343\202\257\343\202\271\343\203\206\343\203\263\343\203\211 \343\203\225\343\202\251\343\203\274\343\202\253\343\202\271\343\202\267\343\203\247\343\203\203\343\203\210\343\202\254\343\203\263 - \343\203\206\343\202\243\343\202\2424.png"
 create mode 100644 "System Update/shared/images/NoBuild/\343\202\250\343\202\257\343\202\271\343\203\206\343\203\263\343\203\211 \343\203\225\343\202\251\343\203\274\343\202\253\343\202\271\343\202\267\343\203\247\343\203\203\343\203\210\343\202\254\343\203\263 - \343\203\206\343\202\243\343\202\2425.png"
 create mode 100644 "System Update/shared/images/NoBuild/\343\202\250\343\203\224\343\203\203\343\202\257\344\277\235\347\256\241\345\272\253\343\201\256\343\202\253\343\203\274\343\203\211\343\202\255\343\203\274 - \343\203\206\343\202\243\343\202\2425.png"
 create mode 100644 "System Update/shared/images/NoBuild/\343\202\253\343\202\252\343\202\271 \343\202\250\343\202\257\343\202\271\343\203\227\343\203\255\343\203\274\343\203\200\343\203\274\343\203\251\343\202\244\343\203\225\343\203\253 - \343\203\206\343\202\243\343\202\2421.png"
 create mode 100644 "System Update/shared/images/NoBuild/\343\202\253\343\202\252\343\202\271 \343\202\250\343\202\257\343\202\271\343\203\227\343\203\255\343\203\274\343\203\200\343\203\274\343\203\251\343\202\244\343\203\225\343\203\253 - \343\203\206\343\202\243\343\202\2422.png"
 create mode 100644 "System Update/shared/images/NoBuild/\343\202\253\343\202\252\343\202\271 \343\202\250\343\202\257\343\202\271\343\203\227\343\203\255\343\203\274\343\203\200\343\203\274\343\203\251\343\202\244\343\203\225\343\203\253 - \343\203\206\343\202\243\343\202\2423.png"
 create mode 100644 "System Update/shared/images/NoBuild/\343\202\253\343\202\252\343\202\271 \343\202\250\343\202\257\343\202\271\343\203\227\343\203\255\343\203\274\343\203\200\343\203\274\343\203\251\343\202\244\343\203\225\343\203\253 - \343\203\206\343\202\243\343\202\2424.png"
 create mode 100644 "System Update/shared/images/NoBuild/\343\202\253\343\202\252\343\202\271 \343\202\250\343\202\257\343\202\271\343\203\227\343\203\255\343\203\274\343\203\200\343\203\274\343\203\251\343\202\244\343\203\225\343\203\253 - \343\203\206\343\202\243\343\202\2425.png"
 create mode 100644 "System Update/shared/images/NoBuild/\343\202\254\343\202\272\343\203\253\343\202\270\343\203\245\343\203\274\343\202\271 - \343\203\206\343\202\243\343\202\2422.png"
 create mode 100644 "System Update/shared/images/NoBuild/\343\202\264\343\203\274\343\203\253\343\203\207\343\203\263\343\203\210\343\203\252\343\203\245\343\203\225 - \343\203\206\343\202\243\343\202\2427.png"
 create mode 100644 "System Update/shared/images/NoBuild/\343\202\265\343\203\274\343\202\270\343\202\253\343\203\253 \343\203\220\343\203\274\343\202\271\343\203\210\343\203\251\343\202\244\343\203\225\343\203\253 - \343\203\206\343\202\243\343\202\2421.png"
 create mode 100644 "System Update/shared/images/NoBuild/\343\202\265\343\203\274\343\202\270\343\202\253\343\203\253 \343\203\220\343\203\274\343\202\271\343\203\210\343\203\251\343\202\244\343\203\225\343\203\253 - \343\203\206\343\202\243\343\202\2422.png"
 create mode 100644 "System Update/shared/images/NoBuild/\343\202\265\343\203\274\343\202\270\343\202\253\343\203\253 \343\203\220\343\203\274\343\202\271\343\203\210\343\203\251\343\202\244\343\203\225\343\203\253 - \343\203\206\343\202\243\343\202\2423.png"
 create mode 100644 "System Update/shared/images/NoBuild/\343\202\265\343\203\274\343\202\270\343\202\253\343\203\253 \343\203\220\343\203\274\343\202\271\343\203\210\343\203\251\343\202\244\343\203\225\343\203\253 - \343\203\206\343\202\243\343\202\2424.png"
 create mode 100644 "System Update/shared/images/NoBuild/\343\202\265\343\203\274\343\202\270\343\202\253\343\203\253 \343\203\220\343\203\274\343\202\271\343\203\210\343\203\251\343\202\244\343\203\225\343\203\253 - \343\203\206\343\202\243\343\202\2425.png"
 create mode 100644 "System Update/shared/images/NoBuild/\343\202\267\343\203\274\343\203\253\343\203\211\343\203\220\343\203\226\343\203\253 - \343\203\206\343\202\243\343\202\2423.png"
 create mode 100644 "System Update/shared/images/NoBuild/\343\202\267\343\203\274\343\203\253\343\203\211\343\203\226\343\203\254\343\202\244\343\202\253\343\203\274EMP - \343\203\206\343\202\243\343\202\2423.png"
 create mode 100644 "System Update/shared/images/NoBuild/\343\202\271\343\203\206\343\202\243\343\203\263\343\202\254\343\203\274\343\202\265\343\203\226\343\203\236\343\202\267\343\203\263\343\202\254\343\203\263 - \343\203\206\343\202\243\343\202\2421.png"
 create mode 100644 "System Update/shared/images/NoBuild/\343\202\271\343\203\206\343\202\243\343\203\263\343\202\254\343\203\274\343\202\265\343\203\226\343\203\236\343\202\267\343\203\263\343\202\254\343\203\263 - \343\203\206\343\202\243\343\202\2422.png"
 create mode 100644 "System Update/shared/images/NoBuild/\343\202\271\343\203\206\343\202\243\343\203\263\343\202\254\343\203\274\343\202\265\343\203\226\343\203\236\343\202\267\343\203\263\343\202\254\343\203\263 - \343\203\206\343\202\243\343\202\2423.png"
 create mode 100644 "System Update/shared/images/NoBuild/\343\202\271\343\203\206\343\202\243\343\203\263\343\202\254\343\203\274\343\202\265\343\203\226\343\203\236\343\202\267\343\203\263\343\202\254\343\203\263 - \343\203\206\343\202\243\343\202\2424.png"
 create mode 100644 "System Update/shared/images/NoBuild/\343\202\271\343\203\206\343\202\243\343\203\263\343\202\254\343\203\274\343\202\265\343\203\226\343\203\236\343\202\267\343\203\263\343\202\254\343\203\263 - \343\203\206\343\202\243\343\202\2425.png"
 create mode 100644 "System Update/shared/images/NoBuild/\343\202\271\343\203\210\343\203\251\343\202\244\343\202\253\343\203\274\343\203\235\343\203\263\343\203\227\343\202\267\343\203\247\343\203\203\343\203\210\343\202\254\343\203\263 - \343\203\206\343\202\243\343\202\2421.png"
 create mode 100644 "System Update/shared/images/NoBuild/\343\202\271\343\203\210\343\203\251\343\202\244\343\202\253\343\203\274\343\203\235\343\203\263\343\203\227\343\202\267\343\203\247\343\203\203\343\203\210\343\202\254\343\203\263 - \343\203\206\343\202\243\343\202\2422.png"
 create mode 100644 "System Update/shared/images/NoBuild/\343\202\271\343\203\210\343\203\251\343\202\244\343\202\253\343\203\274\343\203\235\343\203\263\343\203\227\343\202\267\343\203\247\343\203\203\343\203\210\343\202\254\343\203\263 - \343\203\206\343\202\243\343\202\2423.png"
 create mode 100644 "System Update/shared/images/NoBuild/\343\202\271\343\203\210\343\203\251\343\202\244\343\202\253\343\203\274\343\203\235\343\203\263\343\203\227\343\202\267\343\203\247\343\203\203\343\203\210\343\202\254\343\203\263 - \343\203\206\343\202\243\343\202\2424.png"
 create mode 100644 "System Update/shared/images/NoBuild/\343\202\271\343\203\210\343\203\251\343\202\244\343\202\253\343\203\274\343\203\235\343\203\263\343\203\227\343\202\267\343\203\247\343\203\203\343\203\210\343\202\254\343\203\263 - \343\203\206\343\202\243\343\202\2425.png"
 create mode 100644 "System Update/shared/images/NoBuild/\343\202\271\343\203\210\343\203\251\343\202\244\343\202\253\343\203\274\343\203\235\343\203\263\343\203\227\343\202\267\343\203\247\343\203\203\343\203\210\343\202\254\343\203\263 - \343\203\206\343\202\243\343\202\2427.png"
 create mode 100644 "System Update/shared/images/NoBuild/\343\202\273\343\203\226\343\203\263\343\202\271\343\203\251\343\202\244\343\203\200\343\203\274 - \343\203\206\343\202\243\343\202\2424.png"
 create mode 100644 "System Update/shared/images/NoBuild/\343\203\217\343\203\263\343\203\206\343\202\243\343\203\263\343\202\260\343\203\251\343\202\244\343\203\225\343\203\253 - \343\203\206\343\202\243\343\202\2422.png"
 create mode 100644 "System Update/shared/images/NoBuild/\343\203\217\343\203\263\343\203\206\343\202\243\343\203\263\343\202\260\343\203\251\343\202\244\343\203\225\343\203\253 - \343\203\206\343\202\243\343\202\2427.png"
 create mode 100644 "System Update/shared/images/NoBuild/\343\203\221\343\203\253\343\202\271\343\203\273\343\202\271\343\202\255\343\203\243\343\203\212\343\203\274 - \343\203\206\343\202\243\343\202\2424.png"
 create mode 100644 "System Update/shared/images/NoBuild/\343\203\241\343\202\244\343\203\264\343\202\241\343\203\263 \343\202\252\343\203\274\343\203\210\343\202\267\343\203\247\343\203\203\343\203\210\343\202\254\343\203\263 - \343\203\206\343\202\243\343\202\2421.png"
 create mode 100644 "System Update/shared/images/NoBuild/\343\203\241\343\202\244\343\203\264\343\202\241\343\203\263 \343\202\252\343\203\274\343\203\210\343\202\267\343\203\247\343\203\203\343\203\210\343\202\254\343\203\263 - \343\203\206\343\202\243\343\202\2422.png"
 create mode 100644 "System Update/shared/images/NoBuild/\343\203\241\343\202\244\343\203\264\343\202\241\343\203\263 \343\202\252\343\203\274\343\203\210\343\202\267\343\203\247\343\203\203\343\203\210\343\202\254\343\203\263 - \343\203\206\343\202\243\343\202\2423.png"
 create mode 100644 "System Update/shared/images/NoBuild/\343\203\241\343\202\244\343\203\264\343\202\241\343\203\263 \343\202\252\343\203\274\343\203\210\343\202\267\343\203\247\343\203\203\343\203\210\343\202\254\343\203\263 - \343\203\206\343\202\243\343\202\2424.png"
 create mode 100644 "System Update/shared/images/NoBuild/\343\203\241\343\202\244\343\203\264\343\202\241\343\203\263 \343\202\252\343\203\274\343\203\210\343\202\267\343\203\247\343\203\203\343\203\210\343\202\254\343\203\263 - \343\203\206\343\202\243\343\202\2425.png"
 create mode 100644 "System Update/shared/images/NoBuild/\343\203\251\343\203\263\343\202\271\343\203\230\343\203\203\343\203\211 \343\203\224\343\202\271\343\203\210\343\203\253 - \343\203\206\343\202\243\343\202\2423.png"
 create mode 100644 "System Update/shared/images/NoBuild/\343\203\251\343\203\263\343\202\271\343\203\230\343\203\203\343\203\211 \343\203\224\343\202\271\343\203\210\343\203\253 - \343\203\206\343\202\243\343\202\2424.png"
 create mode 100644 "System Update/shared/images/NoBuild/\343\203\251\343\203\263\343\202\271\343\203\230\343\203\203\343\203\211 \343\203\224\343\202\271\343\203\210\343\203\253 - \343\203\206\343\202\243\343\202\2425.png"
 create mode 100644 "System Update/shared/images/NoBuild/\343\203\252\343\203\237\343\203\203\343\203\210\343\203\254\343\202\271 \343\202\273\343\203\226\343\203\263\343\202\271\343\203\251\343\202\244\343\203\200\343\203\274 - \343\203\206\343\202\243\343\202\2427.png"
 create mode 100644 "System Update/shared/images/NoBuild/\343\203\252\343\203\274\343\203\201\343\203\243\343\203\274\343\203\273\343\202\250\343\202\257\343\202\271\343\203\206\343\203\263\343\203\211\343\203\273\343\202\267\343\203\247\343\203\203\343\203\210\343\202\254\343\203\263 - \343\203\206\343\202\243\343\202\2427.png"
 create mode 100644 "System Update/shared/images/NoBuild/\343\203\254\343\203\263\343\202\270\343\203\243\343\203\274\343\203\224\343\202\271\343\203\210\343\203\253 - \343\203\206\343\202\243\343\202\2421.png"
 create mode 100644 "System Update/shared/images/NoBuild/\343\203\254\343\203\263\343\202\270\343\203\243\343\203\274\343\203\224\343\202\271\343\203\210\343\203\253 - \343\203\206\343\202\243\343\202\2422.png"
 create mode 100644 "System Update/shared/images/NoBuild/\343\203\254\343\203\263\343\202\270\343\203\243\343\203\274\343\203\224\343\202\271\343\203\210\343\203\253 - \343\203\206\343\202\243\343\202\2423.png"
 create mode 100644 "System Update/shared/images/NoBuild/\343\203\254\343\203\263\343\202\270\343\203\243\343\203\274\343\203\224\343\202\271\343\203\210\343\203\253 - \343\203\206\343\202\243\343\202\2424.png"
 create mode 100644 "System Update/shared/images/NoBuild/\343\203\254\343\203\263\343\202\270\343\203\243\343\203\274\343\203\224\343\202\271\343\203\210\343\203\253 - \343\203\206\343\202\243\343\202\2425.png"
 create mode 100644 "System Update/shared/images/NoBuild/\343\203\264\343\202\251\343\202\244\343\203\211\343\203\226\343\203\254\343\202\244\343\203\211\343\201\256\343\203\220\343\203\274\343\202\271\343\203\210\343\203\251\343\202\244\343\203\225\343\203\253 - \343\203\206\343\202\243\343\202\2427.png"
 create mode 100644 "System Update/shared/images/NoBuild/\344\277\235\347\256\241\345\272\253\343\201\256\343\202\253\343\202\256 - \343\203\206\343\202\243\343\202\2423.png"
 create mode 100644 "System Update/\346\210\246\345\210\251\345\223\201\343\203\207\343\203\274\343\202\277/NoBuild/NoBuild_LootData_2026-06-07_07-34.json"
2026-06-07 07:35:08 | WARNING | git push stderr: To https://github.com/Greenfox0833/New-Loot.git
   d59e7a4..5f247ed  main -> main
2026-06-07 07:35:08 | INFO | ✓ GitHub Push 完了
2026-06-07 07:35:08 | INFO | ===== BR: pipeline end =====
