2026-05-14 17:46:58 | INFO | log file: E:\フォートナイト\Picture\Loot Pool\TEST4\New Loot\System Update\NoBuild\output\logs\pipeline_2026-05-14_17-46-58.log
2026-05-14 17:46:58 | INFO | ===== BR: pipeline start =====
2026-05-14 17:46:58 | INFO | paths: lt=E:\フォートナイト\Picture\Loot Pool\TEST4\New Loot\System Update\NoBuild\input\AthenaLootTierData_Client__final.json lp=E:\フォートナイト\Picture\Loot Pool\TEST4\New Loot\System Update\NoBuild\input\AthenaLootPackages_Client__final.json minlist=E:\フォートナイト\Picture\Loot Pool\TEST4\New Loot\System Update\NoBuild\input\items_unique_min.json
2026-05-14 17:46:58 | INFO | output: summary=E:\フォートナイト\Picture\Loot Pool\TEST4\New Loot\System Update\NoBuild\output\summary lootdata=E:\フォートナイト\Picture\Loot Pool\TEST4\New Loot\System Update\戦利品データ\NoBuild
2026-05-14 17:46:58 | INFO | flags: hotfix=True prewarm=True image=True workers=8
2026-05-14 17:46:58 | INFO | hotfix start: E:\フォートナイト\Picture\Loot Pool\TEST4\New Loot\System Update\LootPackage.py
2026-05-14 17:46:59 | INFO | hotfix lp stdout: [STEP1-1] base e:\Fmodel\Exports\FortniteGame\Content\Items\DataTables\AthenaLootPackages_Client.json
[HOTFIX:SEASON1] target=/Game/Items/DataTables/AthenaLootPackages_Client
[HOTFIX:SEASON1] Addrow(TableUpdate) なし -> スキップ
[HOTFIX:SEASON1] done: applied=0, deleted=0, skipped=0
[STEP1-2] merge e:\Fmodel\Exports\FortniteGame\Plugins\GameFeatures\TeaCakeLoot\Content\DataTables\TeaCakeLootPackages_Client.json : replaced=418, added=1121
[HOTFIX:SEASON2] target=/TeaCakeLoot/DataTables/TeaCakeLootPackages_Client
[490] RowUpdate WorldList.ApolloLoot.Weapon.Rocket.01.Weight=0.000010 -> OK
[491] RowUpdate WorldList.ApolloLoot.Weapon.Rocket.01.CountRange=(X=1,Y=1) -> OK
[492] RowUpdate WorldList.ApolloLoot.Weapon.Rocket.01.ItemDefinition=/WeaponsUpdated/Gameplay/CombatAR/Hitscan/WID_Assault_MoonFlax_CombatAR_HS_Athena_SR.WID_Assault_MoonFlax_CombatAR_HS_Athena_SR -> OK
[496] RowUpdate WorldList.AthenaLoot.Ammo.Medium.01.CountRange=(X=36,Y=36) -> OK
[497] RowUpdate LIST_PaV_04_Boss_Weapon.01.ItemDefinition=/TeaCakeIceGauntlets/Gameplay/WID_IceGauntlets_BigBomb.WID_IceGauntlets_BigBomb -> OK
[498] RowUpdate LIST_PaV_04_Boss_Ammo.03.Weight=1.000000 -> OK
[499] RowUpdate LIST_PaV_04_Boss_Ammo.03.CountRange=(X=36,Y=36) -> OK
[500] RowUpdate LIST_PaV_04_Boss_Consume.01.Weight=0.500000 -> OK
[501] RowUpdate LIST_PaV_04_Boss_Consume.02.Weight=0.500000 -> OK
[502] RowUpdate LIST_PaV_04_Boss_Consume.03.Weight=0.000000 -> OK
[503] RowUpdate LIST_PaV_04_Boss_Consume.04.Weight=0.000000 -> OK
[543] RowUpdate PKG_DragRace_Winner.04.LootPackageCall=LIST_DragRace -> OK
[544] RowUpdate PKG_GoldenWaterfall_Weapon.04.Weight=0.600000 -> OK
[545] RowUpdate PKG_GoldenWaterfall_Weapon.04.LootPackageCall=WorldList.Weapons.Rarity.Rare -> OK
[546] RowUpdate PKG_GoldenWaterfall_Weapon.05.Weight=0.400000 -> OK
[547] RowUpdate PKG_GoldenWaterfall_Weapon.05.LootPackageCall=WorldList.Weapons.Rarity.Epic -> OK
[548] RowUpdate LIST_IceKingLieutenant_Weapon.01.ItemDefinition=/WeaponsUpdated/Gameplay/Pistol/WID_Pistol_Auto_HighTier_Athena_SR.WID_Pistol_Auto_HighTier_Athena_SR -> OK
[549] RowUpdate LIST_IceKingLieutenant_Weapon.02.ItemDefinition=/WeaponsUpdated/Gameplay/Pistol/WID_Pistol_Auto_HighTier_Athena_UR.WID_Pistol_Auto_HighTier_Athena_UR -> OK
[550] RowUpdate LIST_DeadliftRecord_Mythic.01.ItemDefinition=/DragonCartWeaponGameplay/Gameplay/DragonCart_Pump/WID_Shotgun_Pump_DragonCart_Athena_UR.WID_Shotgun_Pump_DragonCart_Athena_UR -> OK
[551] AddRow -> ADD LIST_DragRace.01
[552] RowUpdate WorldList.AthenaWadStash.Small.01.CountRange=(X=150,Y=150) -> OK
[553] RowUpdate WorldList.AthenaWadStash.Small.02.CountRange=(X=200,Y=200) -> OK
[554] RowUpdate WorldList.AthenaWadStash.Small.03.CountRange=(X=275,Y=275) -> OK
[555] RowUpdate WorldList.AthenaWadStash.Small.04.CountRange=(X=400,Y=400) -> OK
[556] RowUpdate WorldList.AthenaWadStash.Large.01.CountRange=(X=750,Y=750) -> OK
[557] RowUpdate WorldList.AthenaWadChests.01.CountRange=(X=50,Y=50) -> OK
[558] RowUpdate WorldList.AthenaWadChests.02.CountRange=(X=80,Y=80) -> OK
[559] RowUpdate WorldList.AthenaWadChests.03.CountRange=(X=100,Y=100) -> OK
[560] RowUpdate WorldList.FlopperDefault.Light.01.CountRange=(X=150,Y=150) -> OK
[561] RowUpdate WorldList.FlopperHigh.Light.01.CountRange=(X=150,Y=150) -> OK
[562] RowUpdate WorldList.FlopperHigh.Consumables.03.CountRange=(X=150,Y=150) -> OK
[563] RowUpdate WorldList.FlopperBetter.Light.01.CountRange=(X=150,Y=150) -> OK
[564] RowUpdate WorldList.FlopperBetter.Shell.01.CountRange=(X=150,Y=150) -> OK
[565] RowUpdate WorldList.FlopperBetter.Medium.18.CountRange=(X=150,Y=150) -> OK
[566] RowUpdate LIST_BountyBoard_Gold.01.CountRange=(X=1000,Y=1000) -> OK
[579] RowUpdate WorldList.AthenaHighConsumables.Healing.08.Weight=0.040000 -> OK
[580] RowUpdate WorldList.AthenaConsumables.Healing.08.Weight=0.010000 -> OK
[698] RowUpdate WorldList.AthenaHighConsumables.14.Weight=0.000000 -> OK
[699] RowUpdate WorldList.AthenaHighConsumablesRare.14.Weight=0.000000 -> OK
[700] RowUpdate WorldList.AthenaSupplyDropConsumables.13.Weight=0.000000 -> OK
[701] RowUpdate WorldList.AthenaConsumables.14.Weight=0.000000 -> OK
[766] RowUpdate LIST_Boss_Zadie_Weapon.01.ItemDefinition=/PaprikaCoreWeapons/Items/Weapons/PaprikaAR_Heavy/HitscanWIDs/WID_Assault_Paprika_Heavy_Athena_HS_SR.WID_Assault_Paprika_Heavy_Athena_HS_SR -> SKIP(no row)
[767] RowUpdate LIST_Boss_Zadie_Weapon.02.ItemDefinition=/PaprikaCoreWeapons/Items/Weapons/PaprikaAR_Heavy/HitscanWIDs/WID_Assault_Paprika_Heavy_Athena_HS_UR.WID_Assault_Paprika_Heavy_Athena_HS_UR -> SKIP(no row)
[HOTFIX:SEASON2] done: applied=41, deleted=0, skipped=2
[STEP1-3] merge E:\Fmodel\Exports\FortniteGame\Plugins\GameFeatures\TeaCakeLoot\Content\DataTables\NoBuildBR\TeaCakeLoot_OverrideLootPackagesData_NoBuildBR.json : replaced=41, added=63
[HOTFIX:SEASON3] target=/TeaCakeLoot/DataTables/NoBuildBR/TeaCakeLoot_OverrideLootPackagesData_NoBuildBR
[689] RowUpdate WorldList.AthenaHighConsumables.14.Weight=0.000000 -> OK
[690] RowUpdate WorldList.AthenaHighConsumables.Utility.18.Weight=0.000000 -> OK
[691] RowUpdate WorldList.AthenaHighConsumablesRare.14.Weight=0.000000 -> OK
[692] RowUpdate WorldList.AthenaHighConsumablesRare.Utility.19.Weight=0.000000 -> OK
[693] RowUpdate WorldList.AthenaSupplyDropConsumables.13.Weight=0.000000 -> OK
[694] RowUpdate WorldList.AthenaSupplyDropConsumables.Utility.19.Weight=0.000000 -> OK
[695] RowUpdate WorldList.AthenaConsumables.14.Weight=0.000000 -> OK
[696] RowUpdate WorldList.AthenaConsumables.Utility.19.Weight=0.000000 -> OK
[697] RowUpdate LIST_Vend_Item_Heal_Health.11.Weight=0.000000 -> OK
[778] RowUpdate LIST_Vend_Item_Heal_Health.04.Weight=0.000000 -> OK
[779] RowUpdate LIST_Vend_Item_Heal_Health.05.Weight=0.000000 -> OK
[780] RowUpdate LIST_Vend_Item_Heal_Health.06.Weight=0.000000 -> OK
[781] RowUpdate LIST_Vend_Item_Heal_Health.07.Weight=0.000000 -> OK
[782] RowUpdate LIST_Vend_Item_Heal_Health.08.Weight=0.000000 -> OK
[783] RowUpdate LIST_Vend_Item_Heal_Health.10.Weight=0.000000 -> OK
[784] RowUpdate LIST_Vend_Item_Heal_Health.11.Weight=0.200000 -> OK
[785] RowUpdate LIST_Vend_Item_Heal_Health.11.ItemDefinition=/FizzyCloudGameplay/Gameplay/WID_FizzyCloud.WID_FizzyCloud -> OK
[HOTFIX:SEASON3] Addrow(TableUpdate) なし -> スキップ
[HOTFIX:SEASON3] done: applied=17, deleted=0, skipped=0
[WRITE] final -> E:\フォートナイト\Picture\Loot Pool\TEST4\New Loot\System Update\NoBuild\input\AthenaLootPackages_Client__final.json
[WRITE] per-input -> E:\フォートナイト\Picture\Loot Pool\TEST4\New Loot\System Update\NoBuild\input\TeaCakeLootPackages_Client__final.json
[WRITE] per-input -> E:\フォートナイト\Picture\Loot Pool\TEST4\New Loot\System Update\NoBuild\input\TeaCakeLoot_OverrideLootPackagesData_NoBuildBR__final.json
2026-05-14 17:46:59 | INFO | hotfix start: E:\フォートナイト\Picture\Loot Pool\TEST4\New Loot\System Update\LootTier.py
2026-05-14 17:46:59 | INFO | hotfix lt stdout: [STEP1-1] base e:\Fmodel\Exports\FortniteGame\Content\Items\DataTables\AthenaLootTierData_Client.json
[HOTFIX:SEASON1] target=/Game/Items/DataTables/AthenaLootTierData_Client
[HOTFIX:SEASON1] done: applied=0, deleted=0, skipped=0
[STEP1-2] merge e:\Fmodel\Exports\FortniteGame\Plugins\GameFeatures\TeaCakeLoot\Content\DataTables\TeaCakeLootTierData_Client.json : replaced=1, added=134
[HOTFIX:SEASON2] target=/TeaCakeLoot/DataTables/TeaCakeLootTierData_Client
[HOTFIX:SEASON2] done: applied=0, deleted=0, skipped=0
[STEP1-3] merge E:\Fmodel\Exports\FortniteGame\Plugins\GameFeatures\TeaCakeLoot\Content\DataTables\NoBuildBR\TeaCakeLoot_OverrideLootTierData_NoBuildBR.json : replaced=4, added=0
[HOTFIX:SEASON3] target=/TeaCakeLoot/DataTables/NoBuildBR/TeaCakeLoot_OverrideLootTierData_NoBuildBR
[HOTFIX:SEASON3] done: applied=0, deleted=0, skipped=0
[WRITE] final -> E:\フォートナイト\Picture\Loot Pool\TEST4\New Loot\System Update\NoBuild\input\AthenaLootTierData_Client__final.json
[WRITE] per-input -> E:\フォートナイト\Picture\Loot Pool\TEST4\New Loot\System Update\NoBuild\input\TeaCakeLootTierData_Client__final.json
[WRITE] per-input -> E:\フォートナイト\Picture\Loot Pool\TEST4\New Loot\System Update\NoBuild\input\TeaCakeLoot_OverrideLootTierData_NoBuildBR__final.json
2026-05-14 17:46:59 | INFO | ✓ Hotfix 適用完了 (0.64s)
2026-05-14 17:46:59 | INFO | load lt: E:\フォートナイト\Picture\Loot Pool\TEST4\New Loot\System Update\NoBuild\input\AthenaLootTierData_Client__final.json
2026-05-14 17:46:59 | INFO | load lp: E:\フォートナイト\Picture\Loot Pool\TEST4\New Loot\System Update\NoBuild\input\AthenaLootPackages_Client__final.json
2026-05-14 17:46:59 | INFO | load done (0.03s)
2026-05-14 17:46:59 | INFO | build summary start
2026-05-14 17:47:01 | INFO | build summary done (1.86s)
2026-05-14 17:47:01 | INFO | enrich summary with names start
2026-05-14 17:47:02 | INFO | enrich summary done (1.13s)
2026-05-14 17:47:02 | INFO | ✅ まとめJSONを作成: E:\フォートナイト\Picture\Loot Pool\TEST4\New Loot\System Update\NoBuild\output\summary\v39.30_2026-05-14_17-47.json
2026-05-14 17:47:02 | INFO | build item metadata start
2026-05-14 17:47:04 | INFO | ✅ アイテム名・説明・タグJSONを更新: E:\フォートナイト\Picture\Loot Pool\TEST4\New Loot\System Update\shared\cache\item_metadata.json (2.23s)
2026-05-14 17:47:04 | INFO | build BR_LootData start
2026-05-14 17:47:04 | INFO | build BR_LootData done (0.00s)
2026-05-14 17:47:04 | INFO | ✅ BR_LootData を作成: E:\フォートナイト\Picture\Loot Pool\TEST4\New Loot\System Update\戦利品データ\NoBuild\NoBuild_LootData_2026-05-14_17-47.json
2026-05-14 17:47:04 | INFO | ✅ Web LootPool を更新: E:\フォートナイト\Web\assets\data\Loot\ZB_LootPool.json
2026-05-14 17:47:04 | INFO | LootSummary start: E:\フォートナイト\Picture\Loot Pool\TEST4\New Loot\System Update\NoBuild\scripts\LootSummary.py
2026-05-14 17:47:05 | INFO | LootSummary stdout: 🔎 抽出用: 最新ファイル = E:\フォートナイト\Picture\Loot Pool\TEST4\New Loot\System Update\NoBuild\output\summary\v39.30_2026-05-14_17-47.json
✅ 抽出件数: 115
💾 保存: E:\フォートナイト\Picture\Loot Pool\TEST4\New Loot\System Update\NoBuild\input\items_unique_min.json
🔎 比較用: base   = E:\フォートナイト\Picture\Loot Pool\TEST4\New Loot\System Update\NoBuild\output\summary\v39.30_2026-04-17_19-06.json
🔎 比較用: target = E:\フォートナイト\Picture\Loot Pool\TEST4\New Loot\System Update\NoBuild\output\summary\v39.30_2026-05-14_17-47.json
✅ 差分作成 完了
  追加   : 13 / 削除 : 12 / 変更 : 0 / 変化なし : 102
💾 差分: E:\フォートナイト\Picture\Loot Pool\TEST4\New Loot\System Update\NoBuild\output\history\BR_20260514_1747\items_unique_min_diff.json
2026-05-14 17:47:05 | WARNING | LootSummary stderr: E:\フォートナイト\Picture\Loot Pool\TEST4\New Loot\System Update\NoBuild\scripts\LootSummary.py:2: SyntaxWarning: invalid escape sequence '\B'
  """
2026-05-14 17:47:05 | INFO | ✅ LootSummary 実行完了（抽出→比較） (0.29s)
2026-05-14 17:47:05 | INFO | prewarm start
2026-05-14 17:47:06 | INFO | ✅ アイコンキャッシュ プリウォーム完了 (1.02s)
2026-05-14 17:47:06 | INFO | 画像化タスク数: 115
2026-05-14 17:47:06 | INFO | 画像生成 進捗: 1/115
2026-05-14 17:47:07 | INFO | 画像生成 進捗: 50/115
2026-05-14 17:47:07 | INFO | 画像生成 進捗: 100/115
2026-05-14 17:47:07 | INFO | 画像生成 進捗: 115/115
2026-05-14 17:47:07 | INFO | ✅ 画像生成 完了（MinListベース）
2026-05-14 17:47:08 | INFO | ✅ Loot diff を作成: E:\フォートナイト\Web\assets\data\Loot\diff\NoBuild_2026-05-14_17-47-08.json (added=65 removed=23 change=66)
2026-05-14 17:47:08 | INFO | ✅ AddedItems 画像を保存: E:\フォートナイト\Picture\Loot Pool\TEST4\New Loot\System Update\shared\images\NoBuild\AddedItems\2026-05-14_17-47-08 (copied=64 missing=1)
2026-05-14 17:47:08 | INFO | git add: E:\フォートナイト\Picture\Loot Pool\TEST4\New Loot
2026-05-14 17:47:11 | INFO | git commit stdout: [main 7578f73] BR update 2026-05-14 17:47:10
 93 files changed, 90226 insertions(+), 8824 deletions(-)
 create mode 100644 System Update/NoBuild/output/history/BR_20260514_1747/items_unique_min_diff.json
 create mode 100644 System Update/NoBuild/output/logs/pipeline_2026-05-14_17-46-58.log
 create mode 100644 System Update/NoBuild/output/summary/v39.30_2026-05-14_17-47.json
 create mode 100644 System Update/shared/icon_cache/Game__UI__Foundation__Textures__Icons__Athena__T-T-Icon-BR-SilverBlazer-L.png
 create mode 100644 System Update/shared/icon_cache/MedCloud__Assets__Icons__T_Icon_BR_Explosive_Smoke_TeaCakeF_ui_L.png
 create mode 100644 System Update/shared/icon_cache/ShielderGameplay__Icons__T-T-Icon-BR-BubbleShieldGadget-L.png
 create mode 100644 "System Update/shared/images/NoBuild/AddedItems/2026-05-14_17-47-08/\343\203\206\343\202\243\343\202\2421 - \343\202\264\343\203\274\343\203\253\343\203\211.png"
 create mode 100644 "System Update/shared/images/NoBuild/AddedItems/2026-05-14_17-47-08/\343\203\206\343\202\243\343\202\2421 - \343\203\254\343\203\263\343\202\254\343\203\273\343\203\220\343\203\263\343\202\253\343\203\274.png"
 create mode 100644 "System Update/shared/images/NoBuild/AddedItems/2026-05-14_17-47-08/\343\203\206\343\202\243\343\202\2421 - \345\214\205\345\270\257.png"
 create mode 100644 "System Update/shared/images/NoBuild/AddedItems/2026-05-14_17-47-08/\343\203\206\343\202\243\343\202\2421 - \345\274\276\350\226\254_ \344\270\255\345\217\243\345\276\204\345\274\276.png"
 create mode 100644 "System Update/shared/images/NoBuild/AddedItems/2026-05-14_17-47-08/\343\203\206\343\202\243\343\202\2421 - \345\274\276\350\226\254_ \345\244\247\345\217\243\345\276\204\345\274\276.png"
 create mode 100644 "System Update/shared/images/NoBuild/AddedItems/2026-05-14_17-47-08/\343\203\206\343\202\243\343\202\2421 - \345\274\276\350\226\254_ \345\260\217\345\217\243\345\276\204\345\274\276.png"
 create mode 100644 "System Update/shared/images/NoBuild/AddedItems/2026-05-14_17-47-08/\343\203\206\343\202\243\343\202\2421 - \345\274\276\350\226\254_ \346\225\243\345\274\276.png"
 create mode 100644 "System Update/shared/images/NoBuild/AddedItems/2026-05-14_17-47-08/\343\203\206\343\202\243\343\202\2421 - \346\234\250\346\235\220.png"
 create mode 100644 "System Update/shared/images/NoBuild/AddedItems/2026-05-14_17-47-08/\343\203\206\343\202\243\343\202\2421 - \347\205\231\351\233\262 .png"
 create mode 100644 "System Update/shared/images/NoBuild/AddedItems/2026-05-14_17-47-08/\343\203\206\343\202\243\343\202\2422 - \343\202\242\343\202\244\343\202\242\343\203\263\343\203\235\343\203\263\343\203\227\343\202\267\343\203\247\343\203\203\343\203\210\343\202\254\343\203\263.png"
 create mode 100644 "System Update/shared/images/NoBuild/AddedItems/2026-05-14_17-47-08/\343\203\206\343\202\243\343\202\2422 - \343\202\253\343\202\252\343\202\271\343\203\252\343\203\255\343\203\274\343\203\200\343\203\274\343\202\267\343\203\247\343\203\203\343\203\210\343\202\254\343\203\263.png"
 create mode 100644 "System Update/shared/images/NoBuild/AddedItems/2026-05-14_17-47-08/\343\203\206\343\202\243\343\202\2422 - \343\202\263\343\203\263\343\203\220\343\203\203\343\203\210\343\202\242\343\202\265\343\203\253\343\203\210\343\203\251\343\202\244\343\203\225\343\203\253.png"
 create mode 100644 "System Update/shared/images/NoBuild/AddedItems/2026-05-14_17-47-08/\343\203\206\343\202\243\343\202\2422 - \343\202\265\343\203\263\343\203\200\343\203\274\343\203\220\343\203\274\343\202\271\343\203\210 \343\202\265\343\203\226\343\203\236\343\202\267\343\203\263\343\202\254\343\203\263.png"
 create mode 100644 "System Update/shared/images/NoBuild/AddedItems/2026-05-14_17-47-08/\343\203\206\343\202\243\343\202\2422 - \343\203\204\343\202\244\343\203\263\343\203\217\343\203\263\343\203\236\343\203\274\343\202\267\343\203\247\343\203\203\343\203\210\343\202\254\343\203\263.png"
 create mode 100644 "System Update/shared/images/NoBuild/AddedItems/2026-05-14_17-47-08/\343\203\206\343\202\243\343\202\2422 - \343\203\204\343\202\244\343\203\263\343\203\236\343\202\260 \343\202\265\343\203\226\343\203\236\343\202\267\343\203\263\343\202\254\343\203\263.png"
 create mode 100644 "System Update/shared/images/NoBuild/AddedItems/2026-05-14_17-47-08/\343\203\206\343\202\243\343\202\2422 - \343\203\215\343\203\241\343\202\267\343\202\271 \343\202\242\343\202\265\343\203\253\343\203\210\343\203\251\343\202\244\343\203\225\343\203\253.png"
 create mode 100644 "System Update/shared/images/NoBuild/AddedItems/2026-05-14_17-47-08/\343\203\206\343\202\243\343\202\2422 - \343\203\237\343\203\213\343\202\267\343\203\274\343\203\253\343\203\211\343\203\235\343\203\274\343\202\267\343\203\247\343\203\263.png"
 create mode 100644 "System Update/shared/images/NoBuild/AddedItems/2026-05-14_17-47-08/\343\203\206\343\202\243\343\202\2422 - \345\214\273\347\231\202\343\202\255\343\203\203\343\203\210.png"
 create mode 100644 "System Update/shared/images/NoBuild/AddedItems/2026-05-14_17-47-08/\343\203\206\343\202\243\343\202\2423 - \343\202\242\343\202\244\343\202\242\343\203\263\343\203\235\343\203\263\343\203\227\343\202\267\343\203\247\343\203\203\343\203\210\343\202\254\343\203\263.png"
 create mode 100644 "System Update/shared/images/NoBuild/AddedItems/2026-05-14_17-47-08/\343\203\206\343\202\243\343\202\2423 - \343\202\253\343\202\252\343\202\271\343\203\252\343\203\255\343\203\274\343\203\200\343\203\274\343\202\267\343\203\247\343\203\203\343\203\210\343\202\254\343\203\263.png"
 create mode 100644 "System Update/shared/images/NoBuild/AddedItems/2026-05-14_17-47-08/\343\203\206\343\202\243\343\202\2423 - \343\202\263\343\203\263\343\203\220\343\203\203\343\203\210\343\202\242\343\202\265\343\203\253\343\203\210\343\203\251\343\202\244\343\203\225\343\203\253.png"
 create mode 100644 "System Update/shared/images/NoBuild/AddedItems/2026-05-14_17-47-08/\343\203\206\343\202\243\343\202\2423 - \343\202\265\343\203\263\343\203\200\343\203\274\343\203\220\343\203\274\343\202\271\343\203\210 \343\202\265\343\203\226\343\203\236\343\202\267\343\203\263\343\202\254\343\203\263.png"
 create mode 100644 "System Update/shared/images/NoBuild/AddedItems/2026-05-14_17-47-08/\343\203\206\343\202\243\343\202\2423 - \343\202\267\343\203\274\343\203\253\343\203\211\343\203\235\343\203\274\343\202\267\343\203\247\343\203\263.png"
 create mode 100644 "System Update/shared/images/NoBuild/AddedItems/2026-05-14_17-47-08/\343\203\206\343\202\243\343\202\2423 - \343\202\271\343\203\274\343\203\221\343\203\274\343\202\267\343\203\245\343\203\254\343\203\203\343\203\200\343\203\274  .png"
 create mode 100644 "System Update/shared/images/NoBuild/AddedItems/2026-05-14_17-47-08/\343\203\206\343\202\243\343\202\2423 - \343\203\201\343\203\243\343\202\260\343\202\271\343\203\227\343\203\251\343\203\203\343\202\267\343\203\245.png"
 create mode 100644 "System Update/shared/images/NoBuild/AddedItems/2026-05-14_17-47-08/\343\203\206\343\202\243\343\202\2423 - \343\203\204\343\202\244\343\203\263\343\203\217\343\203\263\343\203\236\343\203\274\343\202\267\343\203\247\343\203\203\343\203\210\343\202\254\343\203\263.png"
 create mode 100644 "System Update/shared/images/NoBuild/AddedItems/2026-05-14_17-47-08/\343\203\206\343\202\243\343\202\2423 - \343\203\204\343\202\244\343\203\263\343\203\236\343\202\260 \343\202\265\343\203\226\343\203\236\343\202\267\343\203\263\343\202\254\343\203\263.png"
 create mode 100644 "System Update/shared/images/NoBuild/AddedItems/2026-05-14_17-47-08/\343\203\206\343\202\243\343\202\2423 - \343\203\215\343\203\241\343\202\267\343\202\271 \343\202\242\343\202\265\343\203\253\343\203\210\343\203\251\343\202\244\343\203\225\343\203\253.png"
 create mode 100644 "System Update/shared/images/NoBuild/AddedItems/2026-05-14_17-47-08/\343\203\206\343\202\243\343\202\2423 - \343\203\224\343\202\271\343\203\210\343\203\253.png"
 create mode 100644 "System Update/shared/images/NoBuild/AddedItems/2026-05-14_17-47-08/\343\203\206\343\202\243\343\202\2423 - \343\203\231\343\202\257\343\202\277\343\203\2747 DMR.png"
 create mode 100644 "System Update/shared/images/NoBuild/AddedItems/2026-05-14_17-47-08/\343\203\206\343\202\243\343\202\2423 - \343\203\235\343\202\261\343\203\203\343\203\210\343\202\267\343\203\274\343\203\253\343\203\211\343\203\220\343\203\226\343\203\253.png"
 create mode 100644 "System Update/shared/images/NoBuild/AddedItems/2026-05-14_17-47-08/\343\203\206\343\202\243\343\202\2423 - \343\203\235\343\202\261\343\203\203\343\203\210\345\214\273\347\231\202\343\203\237\343\202\271\343\203\210 \343\202\271\343\203\242\343\203\274\343\202\257.png"
 create mode 100644 "System Update/shared/images/NoBuild/AddedItems/2026-05-14_17-47-08/\343\203\206\343\202\243\343\202\2423 - \345\256\210\350\255\267\350\200\205\343\201\256\347\233\276.png"
 create mode 100644 "System Update/shared/images/NoBuild/AddedItems/2026-05-14_17-47-08/\343\203\206\343\202\243\343\202\2424 - \343\202\242\343\202\244\343\202\242\343\203\263\343\203\235\343\203\263\343\203\227\343\202\267\343\203\247\343\203\203\343\203\210\343\202\254\343\203\263.png"
 create mode 100644 "System Update/shared/images/NoBuild/AddedItems/2026-05-14_17-47-08/\343\203\206\343\202\243\343\202\2424 - \343\202\253\343\202\252\343\202\271\343\203\252\343\203\255\343\203\274\343\203\200\343\203\274\343\202\267\343\203\247\343\203\203\343\203\210\343\202\254\343\203\263.png"
 create mode 100644 "System Update/shared/images/NoBuild/AddedItems/2026-05-14_17-47-08/\343\203\206\343\202\243\343\202\2424 - \343\202\255\343\203\245\343\203\274\343\203\226\343\203\251\343\202\244\343\203\225\343\203\253.png"
 create mode 100644 "System Update/shared/images/NoBuild/AddedItems/2026-05-14_17-47-08/\343\203\206\343\202\243\343\202\2424 - \343\202\263\343\203\263\343\203\220\343\203\203\343\203\210\343\202\242\343\202\265\343\203\253\343\203\210\343\203\251\343\202\244\343\203\225\343\203\253.png"
 create mode 100644 "System Update/shared/images/NoBuild/AddedItems/2026-05-14_17-47-08/\343\203\206\343\202\243\343\202\2424 - \343\202\265\343\203\263\343\203\200\343\203\274\343\203\220\343\203\274\343\202\271\343\203\210 \343\202\265\343\203\226\343\203\236\343\202\267\343\203\263\343\202\254\343\203\263.png"
 create mode 100644 "System Update/shared/images/NoBuild/AddedItems/2026-05-14_17-47-08/\343\203\206\343\202\243\343\202\2424 - \343\202\271\343\203\274\343\203\221\343\203\274\343\202\267\343\203\245\343\203\254\343\203\203\343\203\200\343\203\274  .png"
 create mode 100644 "System Update/shared/images/NoBuild/AddedItems/2026-05-14_17-47-08/\343\203\206\343\202\243\343\202\2424 - \343\203\204\343\202\244\343\203\263\343\203\217\343\203\263\343\203\236\343\203\274\343\202\267\343\203\247\343\203\203\343\203\210\343\202\254\343\203\263.png"
 create mode 100644 "System Update/shared/images/NoBuild/AddedItems/2026-05-14_17-47-08/\343\203\206\343\202\243\343\202\2424 - \343\203\204\343\202\244\343\203\263\343\203\236\343\202\260 \343\202\265\343\203\226\343\203\236\343\202\267\343\203\263\343\202\254\343\203\263.png"
 create mode 100644 "System Update/shared/images/NoBuild/AddedItems/2026-05-14_17-47-08/\343\203\206\343\202\243\343\202\2424 - \343\203\215\343\203\241\343\202\267\343\202\271 \343\202\242\343\202\265\343\203\253\343\203\210\343\203\251\343\202\244\343\203\225\343\203\253.png"
 create mode 100644 "System Update/shared/images/NoBuild/AddedItems/2026-05-14_17-47-08/\343\203\206\343\202\243\343\202\2424 - \343\203\217\343\203\263\343\203\236\343\203\274\343\203\252\343\203\234\343\203\253\343\203\220\343\203\274.png"
 create mode 100644 "System Update/shared/images/NoBuild/AddedItems/2026-05-14_17-47-08/\343\203\206\343\202\243\343\202\2424 - \343\203\221\343\203\253\343\202\271\343\203\224\343\202\271\343\203\210\343\203\253.png"
 create mode 100644 "System Update/shared/images/NoBuild/AddedItems/2026-05-14_17-47-08/\343\203\206\343\202\243\343\202\2424 - \343\203\224\343\202\271\343\203\210\343\203\253.png"
 create mode 100644 "System Update/shared/images/NoBuild/AddedItems/2026-05-14_17-47-08/\343\203\206\343\202\243\343\202\2424 - \343\203\225\343\203\255\343\203\274\343\203\231\343\203\252\343\203\274\343\203\237\343\202\271\343\203\210\343\202\260\343\203\254\343\203\215\343\203\274\343\203\211.png"
 create mode 100644 "System Update/shared/images/NoBuild/AddedItems/2026-05-14_17-47-08/\343\203\206\343\202\243\343\202\2424 - \343\203\235\343\202\261\343\203\203\343\203\210 \343\202\267\343\203\247\343\203\203\343\202\257\343\202\246\343\202\247\343\203\274\343\203\226\343\202\260\343\203\254\343\203\215\343\203\274\343\203\211.png"
 create mode 100644 "System Update/shared/images/NoBuild/AddedItems/2026-05-14_17-47-08/\343\203\206\343\202\243\343\202\2425 - \343\202\242\343\202\244\343\202\242\343\203\263\343\203\235\343\203\263\343\203\227\343\202\267\343\203\247\343\203\203\343\203\210\343\202\254\343\203\263.png"
 create mode 100644 "System Update/shared/images/NoBuild/AddedItems/2026-05-14_17-47-08/\343\203\206\343\202\243\343\202\2425 - \343\202\253\343\202\252\343\202\271\343\203\252\343\203\255\343\203\274\343\203\200\343\203\274\343\202\267\343\203\247\343\203\203\343\203\210\343\202\254\343\203\263.png"
 create mode 100644 "System Update/shared/images/NoBuild/AddedItems/2026-05-14_17-47-08/\343\203\206\343\202\243\343\202\2425 - \343\202\253\343\203\207\343\203\245\343\202\261\343\202\246\343\202\271\343\203\273\343\202\271\343\202\277\343\203\203\343\203\225.png"
 create mode 100644 "System Update/shared/images/NoBuild/AddedItems/2026-05-14_17-47-08/\343\203\206\343\202\243\343\202\2425 - \343\202\255\343\203\245\343\203\274\343\203\226\343\203\251\343\202\244\343\203\225\343\203\253.png"
 create mode 100644 "System Update/shared/images/NoBuild/AddedItems/2026-05-14_17-47-08/\343\203\206\343\202\243\343\202\2425 - \343\202\263\343\203\263\343\203\220\343\203\203\343\203\210\343\202\242\343\202\265\343\203\253\343\203\210\343\203\251\343\202\244\343\203\225\343\203\253.png"
 create mode 100644 "System Update/shared/images/NoBuild/AddedItems/2026-05-14_17-47-08/\343\203\206\343\202\243\343\202\2425 - \343\202\265\343\203\263\343\203\200\343\203\274\343\203\220\343\203\274\343\202\271\343\203\210 \343\202\265\343\203\226\343\203\236\343\202\267\343\203\263\343\202\254\343\203\263.png"
 create mode 100644 "System Update/shared/images/NoBuild/AddedItems/2026-05-14_17-47-08/\343\203\206\343\202\243\343\202\2425 - \343\202\267\343\203\245\343\203\251\343\203\226\343\203\234\343\203\240.png"
 create mode 100644 "System Update/shared/images/NoBuild/AddedItems/2026-05-14_17-47-08/\343\203\206\343\202\243\343\202\2425 - \343\202\271\343\203\251\343\203\203\343\203\232\343\203\255\343\203\274\343\203\213\343\203\273\343\203\224\343\202\266.png"
 create mode 100644 "System Update/shared/images/NoBuild/AddedItems/2026-05-14_17-47-08/\343\203\206\343\202\243\343\202\2425 - \343\202\271\343\203\274\343\203\221\343\203\274\343\202\267\343\203\245\343\203\254\343\203\203\343\203\200\343\203\274  .png"
 create mode 100644 "System Update/shared/images/NoBuild/AddedItems/2026-05-14_17-47-08/\343\203\206\343\202\243\343\202\2425 - \343\203\201\343\203\243\343\202\260\343\202\270\343\203\243\343\202\260.png"
 create mode 100644 "System Update/shared/images/NoBuild/AddedItems/2026-05-14_17-47-08/\343\203\206\343\202\243\343\202\2425 - \343\203\204\343\202\244\343\203\263\343\203\217\343\203\263\343\203\236\343\203\274\343\202\267\343\203\247\343\203\203\343\203\210\343\202\254\343\203\263.png"
 create mode 100644 "System Update/shared/images/NoBuild/AddedItems/2026-05-14_17-47-08/\343\203\206\343\202\243\343\202\2425 - \343\203\204\343\202\244\343\203\263\343\203\236\343\202\260 \343\202\265\343\203\226\343\203\236\343\202\267\343\203\263\343\202\254\343\203\263.png"
 create mode 100644 "System Update/shared/images/NoBuild/AddedItems/2026-05-14_17-47-08/\343\203\206\343\202\243\343\202\2425 - \343\203\215\343\203\241\343\202\267\343\202\271 \343\202\242\343\202\265\343\203\253\343\203\210\343\203\251\343\202\244\343\203\225\343\203\253.png"
 create mode 100644 "System Update/shared/images/NoBuild/AddedItems/2026-05-14_17-47-08/\343\203\206\343\202\243\343\202\2425 - \343\203\217\343\203\263\343\203\236\343\203\274\343\203\252\343\203\234\343\203\253\343\203\220\343\203\274.png"
 create mode 100644 "System Update/shared/images/NoBuild/AddedItems/2026-05-14_17-47-08/\343\203\206\343\202\243\343\202\2425 - \343\203\224\343\202\271\343\203\210\343\203\253.png"
 create mode 100644 "System Update/shared/images/NoBuild/AddedItems/2026-05-14_17-47-08/\343\203\206\343\202\243\343\202\2425 - \343\203\226\343\203\203\343\202\267\343\203\245.png"
 create mode 100644 "System Update/shared/images/NoBuild/AddedItems/2026-05-14_17-47-08/\343\203\206\343\202\243\343\202\2425 - \343\203\231\343\202\257\343\202\277\343\203\2747 DMR.png"
 create mode 100644 "System Update/shared/images/NoBuild/\343\202\253\343\203\207\343\203\245\343\202\261\343\202\246\343\202\271\343\203\273\343\202\271\343\202\277\343\203\203\343\203\225 - \343\203\206\343\202\243\343\202\2425.png"
 create mode 100644 "System Update/shared/images/NoBuild/\343\202\255\343\203\245\343\203\274\343\203\226\343\203\251\343\202\244\343\203\225\343\203\253 - \343\203\206\343\202\243\343\202\2424.png"
 create mode 100644 "System Update/shared/images/NoBuild/\343\202\255\343\203\245\343\203\274\343\203\226\343\203\251\343\202\244\343\203\225\343\203\253 - \343\203\206\343\202\243\343\202\2425.png"
 create mode 100644 "System Update/shared/images/NoBuild/\343\202\267\343\203\245\343\203\251\343\203\226\343\203\234\343\203\240 - \343\203\206\343\202\243\343\202\2425.png"
 create mode 100644 "System Update/shared/images/NoBuild/\343\203\221\343\203\253\343\202\271\343\203\224\343\202\271\343\203\210\343\203\253 - \343\203\206\343\202\243\343\202\2424.png"
 create mode 100644 "System Update/shared/images/NoBuild/\343\203\235\343\202\261\343\203\203\343\203\210 \343\202\267\343\203\247\343\203\203\343\202\257\343\202\246\343\202\247\343\203\274\343\203\226\343\202\260\343\203\254\343\203\215\343\203\274\343\203\211 - \343\203\206\343\202\243\343\202\2424.png"
 create mode 100644 "System Update/shared/images/NoBuild/\343\203\235\343\202\261\343\203\203\343\203\210\343\202\267\343\203\274\343\203\253\343\203\211\343\203\220\343\203\226\343\203\253 - \343\203\206\343\202\243\343\202\2423.png"
 create mode 100644 "System Update/shared/images/NoBuild/\343\203\235\343\202\261\343\203\203\343\203\210\345\214\273\347\231\202\343\203\237\343\202\271\343\203\210 \343\202\271\343\203\242\343\203\274\343\202\257 - \343\203\206\343\202\243\343\202\2423.png"
 create mode 100644 "System Update/shared/images/NoBuild/\343\203\254\343\203\263\343\202\254\343\203\273\343\203\220\343\203\263\343\202\253\343\203\274 - \343\203\206\343\202\243\343\202\2421.png"
 create mode 100644 "System Update/shared/images/NoBuild/\345\247\213\343\201\276\343\202\212\343\201\256\343\203\224\343\202\271\343\203\210\343\203\253 - \343\203\206\343\202\243\343\202\2421.png"
 create mode 100644 "System Update/shared/images/NoBuild/\345\256\210\350\255\267\350\200\205\343\201\256\347\233\276 - \343\203\206\343\202\243\343\202\2423.png"
 create mode 100644 "System Update/shared/images/NoBuild/\347\205\231\351\233\262  - \343\203\206\343\202\243\343\202\2421.png"
 create mode 100644 "System Update/\346\210\246\345\210\251\345\223\201\343\203\207\343\203\274\343\202\277/NoBuild/NoBuild_LootData_2026-05-14_17-47.json"
2026-05-14 17:47:15 | WARNING | git push stderr: To https://github.com/Greenfox0833/New-Loot.git
   b11660d..7578f73  main -> main
2026-05-14 17:47:15 | INFO | ✓ GitHub Push 完了
2026-05-14 17:47:15 | INFO | ===== BR: pipeline end =====
