2026-03-20 08:25:29 | INFO | log file: E:\フォートナイト\Picture\Loot Pool\TEST4\New Loot\System Update\NoBuild\output\logs\pipeline_2026-03-20_08-25-29.log
2026-03-20 08:25:29 | INFO | ===== BR: pipeline start =====
2026-03-20 08:25:29 | INFO | paths: lt=E:\フォートナイト\Picture\Loot Pool\TEST4\New Loot\System Update\NoBuild\input\AthenaLootTierData_Client__final.json lp=E:\フォートナイト\Picture\Loot Pool\TEST4\New Loot\System Update\NoBuild\input\AthenaLootPackages_Client__final.json minlist=E:\フォートナイト\Picture\Loot Pool\TEST4\New Loot\System Update\NoBuild\input\items_unique_min.json
2026-03-20 08:25:29 | INFO | output: summary=E:\フォートナイト\Picture\Loot Pool\TEST4\New Loot\System Update\NoBuild\output\summary lootdata=E:\フォートナイト\Picture\Loot Pool\TEST4\New Loot\System Update\戦利品データ\NoBuild
2026-03-20 08:25:29 | INFO | flags: hotfix=True prewarm=True image=True workers=8
2026-03-20 08:25:29 | INFO | hotfix start: E:\フォートナイト\Picture\Loot Pool\TEST4\New Loot\System Update\LootPackage.py
2026-03-20 08:25:29 | INFO | hotfix lp stdout: [STEP1-1] base e:\Fmodel\Exports\FortniteGame\Content\Items\DataTables\AthenaLootPackages_Client.json
[HOTFIX:SEASON1] target=/Game/Items/DataTables/AthenaLootPackages_Client
[HOTFIX:SEASON1] Addrow(TableUpdate) なし -> スキップ
[HOTFIX:SEASON1] done: applied=0, deleted=0, skipped=0
[STEP1-2] merge e:\Fmodel\Exports\FortniteGame\Plugins\GameFeatures\TeaCakeLoot\Content\DataTables\TeaCakeLootPackages_Client.json : replaced=427, added=1026
[HOTFIX:SEASON2] target=/TeaCakeLoot/DataTables/TeaCakeLootPackages_Client
[498] RowUpdate WorldList.AthenaHighConsumables.Utility.06.CountRange=(X=2,Y=2) -> OK
[499] RowUpdate WorldList.AthenaHighConsumablesRare.Utility.07.CountRange=(X=2,Y=2) -> OK
[500] RowUpdate WorldList.AthenaSupplyDropConsumables.Utility.07.CountRange=(X=2,Y=2) -> OK
[501] RowUpdate WorldList.AthenaConsumables.Utility.07.CountRange=(X=2,Y=2) -> OK
[502] RowUpdate LIST_GoldenWaterfall_Item.01.CountRange=(X=2,Y=2) -> OK
[503] RowUpdate WorldList.AthenaLoot.TowelCommittee.Consumable.06.CountRange=(X=2,Y=2) -> OK
[504] RowUpdate LIST_RiftDrone_Consume.03.CountRange=(X=4,Y=4) -> OK
[564] RowUpdate WorldList.ApolloLoot.Weapon.Rocket.01.Weight=0.000010 -> OK
[565] RowUpdate WorldList.ApolloLoot.Weapon.Rocket.01.CountRange=(X=1,Y=1) -> OK
[566] RowUpdate WorldList.ApolloLoot.Weapon.Rocket.01.ItemDefinition=/WeaponsUpdated/Gameplay/CombatAR/Hitscan/WID_Assault_MoonFlax_CombatAR_HS_Athena_SR.WID_Assault_MoonFlax_CombatAR_HS_Athena_SR -> OK
[574] RowUpdate WorldList.AthenaLoot.Ammo.Medium.01.CountRange=(X=36,Y=36) -> OK
[575] RowUpdate LIST_PaV_04_Boss_Weapon.01.ItemDefinition=/PaprikaCoreWeapons/Items/Weapons/PaprikaAR_Heavy/WID_Assault_Paprika_Heavy_Athena_SR.WID_Assault_Paprika_Heavy_Athena_SR -> OK
[576] RowUpdate LIST_PaV_04_Boss_Ammo.03.Weight=1.000000 -> OK
[577] RowUpdate LIST_PaV_04_Boss_Ammo.03.CountRange=(X=36,Y=36) -> OK
[578] RowUpdate LIST_PaV_04_Boss_Consume.01.Weight=0.500000 -> OK
[579] RowUpdate LIST_PaV_04_Boss_Consume.02.Weight=0.500000 -> OK
[580] RowUpdate LIST_PaV_04_Boss_Consume.03.Weight=0.000000 -> OK
[581] RowUpdate LIST_PaV_04_Boss_Consume.04.Weight=0.000000 -> OK
[HOTFIX:SEASON2] Addrow(TableUpdate) なし -> スキップ
[HOTFIX:SEASON2] done: applied=18, deleted=0, skipped=0
[STEP1-3] merge E:\Fmodel\Exports\FortniteGame\Plugins\GameFeatures\TeaCakeLoot\Content\DataTables\NoBuildBR\TeaCakeLoot_OverrideLootPackagesData_NoBuildBR.json : replaced=11, added=19
[HOTFIX:SEASON3] target=/TeaCakeLoot/DataTables/NoBuildBR/TeaCakeLoot_OverrideLootPackagesData_NoBuildBR
[572] RowUpdate WorldList.AthenaHighConsumables.Utility.01.Weight=0.1300000 -> OK
[573] RowUpdate WorldList.AthenaHighConsumables.Utility.01.ItemDefinition=/ImpulseGrenade/Gameplay/StimpulseGrenade/Athena_Stimpulse.Athena_Stimpulse -> OK
[HOTFIX:SEASON3] Addrow(TableUpdate) なし -> スキップ
[HOTFIX:SEASON3] done: applied=2, deleted=0, skipped=0
[WRITE] final -> E:\フォートナイト\Picture\Loot Pool\TEST4\New Loot\System Update\NoBuild\input\AthenaLootPackages_Client__final.json
[WRITE] per-input -> E:\フォートナイト\Picture\Loot Pool\TEST4\New Loot\System Update\NoBuild\input\TeaCakeLootPackages_Client__final.json
[WRITE] per-input -> E:\フォートナイト\Picture\Loot Pool\TEST4\New Loot\System Update\NoBuild\input\TeaCakeLoot_OverrideLootPackagesData_NoBuildBR__final.json
2026-03-20 08:25:29 | INFO | hotfix start: E:\フォートナイト\Picture\Loot Pool\TEST4\New Loot\System Update\LootTier.py
2026-03-20 08:25:30 | INFO | hotfix lt stdout: [STEP1-1] base e:\Fmodel\Exports\FortniteGame\Content\Items\DataTables\AthenaLootTierData_Client.json
[HOTFIX:SEASON1] target=/Game/Items/DataTables/AthenaLootTierData_Client
[HOTFIX:SEASON1] done: applied=0, deleted=0, skipped=0
[STEP1-2] merge e:\Fmodel\Exports\FortniteGame\Plugins\GameFeatures\TeaCakeLoot\Content\DataTables\TeaCakeLootTierData_Client.json : replaced=1, added=121
[HOTFIX:SEASON2] target=/TeaCakeLoot/DataTables/TeaCakeLootTierData_Client
[HOTFIX:SEASON2] done: applied=0, deleted=0, skipped=0
[STEP1-3] merge E:\Fmodel\Exports\FortniteGame\Plugins\GameFeatures\TeaCakeLoot\Content\DataTables\NoBuildBR\TeaCakeLoot_OverrideLootTierData_NoBuildBR.json : replaced=0, added=0
[HOTFIX:SEASON3] target=/TeaCakeLoot/DataTables/NoBuildBR/TeaCakeLoot_OverrideLootTierData_NoBuildBR
[HOTFIX:SEASON3] done: applied=0, deleted=0, skipped=0
[WRITE] final -> E:\フォートナイト\Picture\Loot Pool\TEST4\New Loot\System Update\NoBuild\input\AthenaLootTierData_Client__final.json
[WRITE] per-input -> E:\フォートナイト\Picture\Loot Pool\TEST4\New Loot\System Update\NoBuild\input\TeaCakeLootTierData_Client__final.json
[WRITE] per-input -> E:\フォートナイト\Picture\Loot Pool\TEST4\New Loot\System Update\NoBuild\input\TeaCakeLoot_OverrideLootTierData_NoBuildBR__final.json
2026-03-20 08:25:30 | INFO | ✓ Hotfix 適用完了 (1.29s)
2026-03-20 08:25:30 | INFO | load lt: E:\フォートナイト\Picture\Loot Pool\TEST4\New Loot\System Update\NoBuild\input\AthenaLootTierData_Client__final.json
2026-03-20 08:25:30 | INFO | load lp: E:\フォートナイト\Picture\Loot Pool\TEST4\New Loot\System Update\NoBuild\input\AthenaLootPackages_Client__final.json
2026-03-20 08:25:30 | INFO | load done (0.03s)
2026-03-20 08:25:30 | INFO | build summary start
2026-03-20 08:25:30 | INFO | build summary done (0.03s)
2026-03-20 08:25:30 | INFO | enrich summary with names start
2026-03-20 08:25:30 | INFO | enrich summary done (0.00s)
2026-03-20 08:25:30 | INFO | ✅ まとめJSONを作成: E:\フォートナイト\Picture\Loot Pool\TEST4\New Loot\System Update\NoBuild\output\summary\v39.30_2026-03-20_08-25.json
2026-03-20 08:25:30 | INFO | build BR_LootData start
2026-03-20 08:25:30 | INFO | build BR_LootData done (0.00s)
2026-03-20 08:25:30 | INFO | ✅ BR_LootData を作成: E:\フォートナイト\Picture\Loot Pool\TEST4\New Loot\System Update\戦利品データ\NoBuild\NoBuild_LootData_2026-03-20_08-25.json
2026-03-20 08:25:30 | INFO | ✅ Web LootPool を更新: E:\フォートナイト\Web\assets\data\Loot\ZB_LootPool.json
2026-03-20 08:25:30 | INFO | LootSummary start: E:\フォートナイト\Picture\Loot Pool\TEST4\New Loot\System Update\NoBuild\scripts\LootSummary.py
2026-03-20 08:25:31 | INFO | LootSummary stdout: 🔎 抽出用: 最新ファイル = E:\フォートナイト\Picture\Loot Pool\TEST4\New Loot\System Update\NoBuild\output\summary\v39.30_2026-03-20_08-25.json
✅ 抽出件数: 100
💾 保存: E:\フォートナイト\Picture\Loot Pool\TEST4\New Loot\System Update\NoBuild\input\items_unique_min.json
🔎 比較用: base   = E:\フォートナイト\Picture\Loot Pool\TEST4\New Loot\System Update\NoBuild\output\summary\v39.30_2026-03-20_06-47.json
🔎 比較用: target = E:\フォートナイト\Picture\Loot Pool\TEST4\New Loot\System Update\NoBuild\output\summary\v39.30_2026-03-20_08-25.json
✅ 差分作成 完了
  追加   : 1 / 削除 : 1 / 変更 : 0 / 変化なし : 99
💾 差分: E:\フォートナイト\Picture\Loot Pool\TEST4\New Loot\System Update\NoBuild\output\history\BR_20260320_0825\items_unique_min_diff.json
2026-03-20 08:25:31 | WARNING | LootSummary stderr: E:\フォートナイト\Picture\Loot Pool\TEST4\New Loot\System Update\NoBuild\scripts\LootSummary.py:2: SyntaxWarning: invalid escape sequence '\B'
  """
2026-03-20 08:25:31 | INFO | ✅ LootSummary 実行完了（抽出→比較） (0.48s)
2026-03-20 08:25:31 | INFO | prewarm start
2026-03-20 08:25:33 | INFO | ✅ アイコンキャッシュ プリウォーム完了 (2.26s)
2026-03-20 08:25:33 | INFO | 画像化タスク数: 100
2026-03-20 08:25:33 | INFO | 画像生成 進捗: 1/100
2026-03-20 08:25:34 | INFO | 画像生成 進捗: 50/100
2026-03-20 08:25:34 | INFO | 画像生成 進捗: 100/100
2026-03-20 08:25:34 | INFO | ✅ 画像生成 完了（MinListベース）
2026-03-20 08:25:35 | INFO | ✅ Loot diff を作成: E:\フォートナイト\Web\assets\data\Loot\diff\NoBuild_2026-03-20_08-25-35.json (added=1 removed=3 change=9)
2026-03-20 08:25:35 | INFO | ✅ AddedItems 画像を保存: E:\フォートナイト\Picture\Loot Pool\TEST4\New Loot\System Update\shared\images\NoBuild\AddedItems\2026-03-20_08-25-35 (copied=1 missing=0)
2026-03-20 08:25:35 | INFO | git add: E:\フォートナイト\Picture\Loot Pool\TEST4\New Loot
2026-03-20 08:25:40 | INFO | git commit stdout: [main 7a2bd92] BR update 2026-03-20 08:25:37
 11 files changed, 62555 insertions(+), 80 deletions(-)
 create mode 100644 System Update/NoBuild/output/history/BR_20260320_0825/items_unique_min_diff.json
 create mode 100644 System Update/NoBuild/output/logs/pipeline_2026-03-20_08-25-29.log
 create mode 100644 System Update/NoBuild/output/summary/v39.30_2026-03-20_08-25.json
 create mode 100644 "System Update/shared/images/NoBuild/AddedItems/2026-03-20_08-25-35/\343\203\206\343\202\243\343\202\2425 - \343\203\242\343\202\270\343\203\245\343\203\251\343\203\274\345\274\217\343\203\215\343\203\241\343\202\267\343\202\271 \343\202\242\343\202\265\343\203\253\343\203\210\343\203\251\343\202\244\343\203\225\343\203\253.png"
 create mode 100644 "System Update/shared/images/NoBuild/\343\203\242\343\202\270\343\203\245\343\203\251\343\203\274\345\274\217\343\203\215\343\203\241\343\202\267\343\202\271 \343\202\242\343\202\265\343\203\253\343\203\210\343\203\251\343\202\244\343\203\225\343\203\253 - \343\203\206\343\202\243\343\202\2425.png"
 create mode 100644 "System Update/\346\210\246\345\210\251\345\223\201\343\203\207\343\203\274\343\202\277/NoBuild/NoBuild_LootData_2026-03-20_08-25.json"
2026-03-20 08:25:43 | WARNING | git push stderr: To https://github.com/Greenfox0833/New-Loot.git
   c246f6b..7a2bd92  main -> main
2026-03-20 08:25:43 | INFO | ✓ GitHub Push 完了
2026-03-20 08:25:43 | INFO | ===== BR: pipeline end =====
