2026-01-23 00:18:45 | INFO | log file: E:\フォートナイト\Picture\Loot Pool\TEST4\New Loot\System Update\NoBuild\output\logs\pipeline_2026-01-23_00-18-45.log
2026-01-23 00:18:45 | INFO | ===== BR: pipeline start =====
2026-01-23 00:18:45 | INFO | paths: lt=E:\フォートナイト\Picture\Loot Pool\TEST4\New Loot\System Update\NoBuild\input\AthenaLootTierData_Client__final.json lp=E:\フォートナイト\Picture\Loot Pool\TEST4\New Loot\System Update\NoBuild\input\AthenaLootPackages_Client__final.json minlist=E:\フォートナイト\Picture\Loot Pool\TEST4\New Loot\System Update\NoBuild\input\items_unique_min.json
2026-01-23 00:18:45 | INFO | output: summary=E:\フォートナイト\Picture\Loot Pool\TEST4\New Loot\System Update\NoBuild\output\summary lootdata=E:\フォートナイト\Picture\Loot Pool\TEST4\New Loot\System Update\lootdata\NoBuild
2026-01-23 00:18:45 | INFO | flags: hotfix=True prewarm=True image=True workers=8
2026-01-23 00:18:45 | INFO | hotfix start: E:\フォートナイト\Picture\Loot Pool\TEST4\New Loot\System Update\LootPackage.py
2026-01-23 00:18:46 | INFO | hotfix lp stdout: [STEP1-2] merge e:\Fmodel\Exports\FortniteGame\Plugins\GameFeatures\DragonCartLoot\Content\DataTables\DragonCartLootPackages_Client.json : replaced=435, added=742
[HOTFIX:SEASON1] target=/Game/Items/DataTables/AthenaLootPackages_Client
[HOTFIX:SEASON1] Addrow(TableUpdate) なし -> スキップ
[HOTFIX:SEASON1] done: applied=0, deleted=0, skipped=0
[HOTFIX:SEASON2] target=/DragonCartLoot/DataTables/DragonCartLootPackages_Client
[332] AddRow -> ADD WorldPKG.Specialist.Supply.Extra.Loot.01
[336] RowUpdate WorldList.AthenaHighConsumables.23.Weight=0.050000 -> OK
[337] RowUpdate WorldList.AthenaHighConsumablesRare.24.Weight=0.050000 -> OK
[338] RowUpdate WorldList.AthenaSupplyDropConsumables.23.Weight=0.050000 -> OK
[339] RowUpdate WorldList.AthenaConsumables.24.Weight=0.050000 -> OK
[346] RowUpdate PKG_ThemeParkCannon_Solo.01.Weight=0.250000 -> OK
[347] RowUpdate PKG_ThemeParkCannon_Solo.02.Weight=0.750000 -> OK
[348] RowUpdate PKG_ThemeParkCannon_Solo.02.LootPackageCall=WorldList.Weapons.Rarity.Epic -> OK
[349] RowUpdate PKG_ThemeParkCannon_Solo.04.Weight=0.000000 -> OK
[350] RowUpdate PKG_ThemeParkCannon_Duo.01.Weight=0.250000 -> OK
[351] RowUpdate PKG_ThemeParkCannon_Duo.02.Weight=0.750000 -> OK
[352] RowUpdate PKG_ThemeParkCannon_Duo.02.LootPackageCall=WorldList.Weapons.Rarity.Epic -> OK
[353] RowUpdate PKG_ThemeParkCannon_Duo.04.Weight=0.000000 -> OK
[354] RowUpdate PKG_ThemeParkCannon_Trio.01.Weight=0.250000 -> OK
[355] RowUpdate PKG_ThemeParkCannon_Trio.02.Weight=0.750000 -> OK
[356] RowUpdate PKG_ThemeParkCannon_Trio.02.LootPackageCall=WorldList.Weapons.Rarity.Epic -> OK
[357] RowUpdate PKG_ThemeParkCannon_Trio.04.Weight=0.000000 -> OK
[358] RowUpdate PKG_ThemeParkCannon_Squad.01.Weight=0.250000 -> OK
[359] RowUpdate PKG_ThemeParkCannon_Squad.02.Weight=0.750000 -> OK
[360] RowUpdate PKG_ThemeParkCannon_Squad.02.LootPackageCall=WorldList.Weapons.Rarity.Epic -> OK
[361] RowUpdate PKG_ThemeParkCannon_Squad.04.Weight=0.000000 -> OK
[362] RowUpdate LIST_Vend_Item_Sniper_Ammo.01.CountRange=(X=10,Y=10) -> OK
[363] RowUpdate LIST_ThemeParkCannon_Consumable.05.Weight=0.100000 -> OK
[364] RowUpdate LIST_ThemeParkCannon_Consumable.05.CountRange=(X=2,Y=2) -> OK
[365] RowUpdate LIST_ThemeParkCannon_Consumable.05.ItemDefinition=/PaprikaConsumables/Gameplay/ShieldRefresh/WID_Paprika_ShieldPot.WID_Paprika_ShieldPot -> OK
[366] RowUpdate LIST_ThemeParkCannon_Consumable.06.Weight=0.100000 -> OK
[367] RowUpdate LIST_ThemeParkCannon_Consumable.06.CountRange=(X=1,Y=1) -> OK
[368] RowUpdate LIST_ThemeParkCannon_Consumable.06.ItemDefinition=/PaprikaConsumables/Gameplay/MedRefresh/WID_Paprika_MedBox.WID_Paprika_MedBox -> OK
[369] RowUpdate LIST_Vend_Item_Sniper_Ammo.01.CountRange=(X=10,Y=10) -> OK
[407] RowUpdate LIST_Vend_Item_Sniper_Ammo.01.CountRange=(X=10,Y=10) -> OK
[449] RowUpdate WorldList.AthenaHighConsumables.19.Weight=0.040000 -> OK
[450] RowUpdate WorldList.AthenaConsumables.18.Weight=0.010000 -> OK
[451] RowUpdate WorldList.Weapons.Rarity.Legendary.20.Weight=1.000000 -> OK
[492] RowUpdate WorldList.AthenaHighConsumables.20.CountRange=(X=2,Y=2) -> OK
[493] RowUpdate WorldList.AthenaHighConsumablesRare.20.CountRange=(X=2,Y=2) -> OK
[494] RowUpdate WorldList.AthenaSupplyDropConsumables.22.CountRange=(X=2,Y=2) -> OK
[495] RowUpdate WorldList.AthenaConsumables.20.CountRange=(X=2,Y=2) -> OK
[496] RowUpdate LIST_Boss_Gamma_Consumable.01.CountRange=(X=2,Y=2) -> OK
[497] RowUpdate LIST_Balloon_Item.02.CountRange=(X=2,Y=2) -> OK
[498] RowUpdate PKG_CareDrop.04.LootPackageCall=WorldList.AthenaHighConsumables -> OK
[515] RowUpdate WorldList.AthenaHighConsumables.14.Weight=0.000000 -> OK
[516] RowUpdate WorldList.AthenaHighConsumablesRare.14.Weight=0.000000 -> OK
[517] RowUpdate WorldList.AthenaSupplyDropConsumables.13.Weight=0.000000 -> OK
[518] RowUpdate WorldList.AthenaConsumables.14.Weight=0.000000 -> OK
[528] RowUpdate WorldList.AthenaHighConsumables.14.CountRange=(X=3,Y=3) -> OK
[531] RowUpdate WorldList.AthenaHighConsumables.20.Weight=0.150000 -> OK
[532] RowUpdate WorldList.AthenaHighConsumables.20.CountRange=(X=3,Y=3) -> OK
[533] RowUpdate WorldList.AthenaHighConsumablesRare.20.Weight=0.200000 -> OK
[534] RowUpdate WorldList.AthenaHighConsumablesRare.20.CountRange=(X=3,Y=3) -> OK
[535] RowUpdate WorldList.AthenaSupplyDropConsumables.22.Weight=0.200000 -> OK
[536] RowUpdate WorldList.AthenaSupplyDropConsumables.22.CountRange=(X=3,Y=3) -> OK
[537] RowUpdate WorldList.AthenaConsumables.20.CountRange=(X=3,Y=3) -> OK
[538] RowUpdate LIST_Boss_Gamma_Consumable.01.CountRange=(X=3,Y=3) -> OK
[539] RowUpdate LIST_Balloon_Item.02.CountRange=(X=3,Y=3) -> OK
[HOTFIX:SEASON2] done: applied=54, deleted=0, skipped=0
[WRITE] final -> E:\フォートナイト\Picture\Loot Pool\TEST4\New Loot\System Update\BR\input\AthenaLootPackages_Client__final.json
[WRITE] per-input -> E:\フォートナイト\Picture\Loot Pool\TEST4\New Loot\System Update\BR\input\DragonCartLootPackages_Client__final.json
2026-01-23 00:18:46 | INFO | hotfix start: E:\フォートナイト\Picture\Loot Pool\TEST4\New Loot\System Update\LootTier.py
2026-01-23 00:18:46 | INFO | hotfix lt stdout: [STEP1-2] merge e:\Fmodel\Exports\FortniteGame\Plugins\GameFeatures\DragonCartLoot\Content\DataTables\DragonCartLootTierData_Client.json : replaced=0, added=88
[HOTFIX:SEASON1] target=/Game/Items/DataTables/AthenaLootTierData_Client
[304] RowUpdate Loot_AthenaTreasure_04.Weight=0.050000 -> OK
[305] RowUpdate Loot_ApolloTreasure_Rare_04.Weight=0.150000 -> OK
[306] RowUpdate Loot_AthenaSupplyDrop_03.Weight=0.300000 -> OK
[372] RowUpdate Loot_AthenaFlopper_High_01.Weight=0.000000 -> OK
[373] RowUpdate Loot_AthenaFlopper_High_02.Weight=0.000000 -> OK
[374] RowUpdate Loot_AthenaFlopper_High_03.Weight=0.000000 -> OK
[HOTFIX:SEASON1] done: applied=6, deleted=0, skipped=0
[HOTFIX:SEASON2] target=/DragonCartLoot/DataTables/DragonCartLootTierData_Client
[331] AddRow -> ADD Loot_Specialist_Supply_Extra_01
[HOTFIX:SEASON2] done: applied=1, deleted=0, skipped=0
[WRITE] final -> E:\フォートナイト\Picture\Loot Pool\TEST4\New Loot\System Update\BR\input\AthenaLootTierData_Client__final.json
[WRITE] per-input -> E:\フォートナイト\Picture\Loot Pool\TEST4\New Loot\System Update\BR\input\DragonCartLootTierData_Client__final.json
2026-01-23 00:18:46 | INFO | ✓ Hotfix 適用完了 (0.94s)
2026-01-23 00:18:46 | INFO | load lt: E:\フォートナイト\Picture\Loot Pool\TEST4\New Loot\System Update\NoBuild\input\AthenaLootTierData_Client__final.json
2026-01-23 00:18:46 | ERROR | [!] main 内でエラー: [Errno 2] No such file or directory: 'E:\\フォートナイト\\Picture\\Loot Pool\\TEST4\\New Loot\\System Update\\NoBuild\\input\\AthenaLootTierData_Client__final.json'
2026-01-23 00:18:46 | ERROR | Traceback (most recent call last):
  File "e:\フォートナイト\Picture\Loot Pool\TEST4\New Loot\System Update\NoBuild\pipeline.py", line 121, in main
    rows_lt = load_rows(str(lt_json_path))
              ^^^^^^^^^^^^^^^^^^^^^^^^^^^^
  File "E:\フォートナイト\Picture\Loot Pool\TEST4\New Loot\System Update\summary.py", line 9, in load_rows
    with open(path, "r", encoding="utf-8") as f:
         ^^^^^^^^^^^^^^^^^^^^^^^^^^^^^^^^^
FileNotFoundError: [Errno 2] No such file or directory: 'E:\\フォートナイト\\Picture\\Loot Pool\\TEST4\\New Loot\\System Update\\NoBuild\\input\\AthenaLootTierData_Client__final.json'
2026-01-23 00:18:46 | INFO | ℹ️ BR_Discord が見つかりません: E:\フォートナイト\Picture\Loot Pool\TEST4\New Loot\System Update\NoBuild\scripts\BR_Discor.py
2026-01-23 00:18:46 | INFO | git add: E:\フォートナイト\Picture\Loot Pool\TEST4\New Loot
