2026-03-05 23:30:05 | INFO | log file: E:\フォートナイト\Picture\Loot Pool\TEST4\New Loot\System Update\ForbiddenFruit\output\logs\pipeline_2026-03-05_23-30-05.log
2026-03-05 23:30:05 | INFO | ===== ForbiddenFruit: pipeline start =====
2026-03-05 23:30:05 | INFO | paths: lt=E:\フォートナイト\Picture\Loot Pool\TEST4\New Loot\System Update\ForbiddenFruit\input\AthenaLootTierData_Client__final.json lp=E:\フォートナイト\Picture\Loot Pool\TEST4\New Loot\System Update\ForbiddenFruit\input\AthenaLootPackages_Client__final.json minlist=E:\フォートナイト\Picture\Loot Pool\TEST4\New Loot\System Update\ForbiddenFruit\input\items_unique_min.json
2026-03-05 23:30:05 | INFO | output: summary=E:\フォートナイト\Picture\Loot Pool\TEST4\New Loot\System Update\ForbiddenFruit\output\summary lootdata=E:\フォートナイト\Picture\Loot Pool\TEST4\New Loot\System Update\戦利品データ\ForbiddenFruit
2026-03-05 23:30:05 | INFO | flags: hotfix=True prewarm=True image=True workers=8
2026-03-05 23:30:05 | INFO | hotfix start: E:\フォートナイト\Picture\Loot Pool\TEST4\New Loot\System Update\LootPackage.py
2026-03-05 23:30:06 | INFO | hotfix lp stdout: [STEP1-1] base E:\Fmodel\Exports\FortniteGame\Plugins\GameFeatures\ForbiddenFruitDataTables\Content\DataTables\ForbiddenFruitChapterLootPackages.json
[HOTFIX:SEASON1] target=/ForbiddenFruitDataTables/DataTables/ForbiddenFruitChapterLootPackages
[915] RowUpdate WorldList.BusGold.01.CountRange=(X=500,Y=500) -> OK
[918] RowUpdate WorldList.BusAmmoRockets.01.Weight=1.000000 -> OK
[919] RowUpdate WorldList.BusAmmoRockets.01.CountRange=(X=12,Y=12) -> OK
[920] RowUpdate WorldList.BusWeap.01.ItemDefinition=/CherrySmokeWeaponGameplay/Gameplay/SpireGun/WID_Assault_CherrySmoke_SpireGun_Athena_UC.WID_Assault_CherrySmoke_SpireGun_Athena_UC -> OK
[921] RowUpdate WorldList.BusWeap.02.Weight=0.800000 -> OK
[922] RowUpdate WorldList.BusWeap.02.ItemDefinition=/Game/Athena/Items/Weapons/WID_Assault_LMG_Athena_R_Ore_T03.WID_Assault_LMG_Athena_R_Ore_T03 -> OK
[923] RowUpdate WorldList.BusWeap.03.Weight=1.000000 -> OK
[924] RowUpdate WorldList.BusWeap.03.ItemDefinition=/FirePetalWeaponGameplay/Gameplay/FirePetal_AutoShotgun/WID_Shotgun_Auto_FirePetal_Athena_UC.WID_Shotgun_Auto_FirePetal_Athena_UC -> OK
[925] RowUpdate WorldList.BusWeap.04.Weight=0.600000 -> OK
[926] RowUpdate WorldList.BusWeap.04.ItemDefinition=/Game/Athena/Items/Weapons/WID_Athena_SMG_VR.WID_Athena_SMG_VR -> OK
[927] RowUpdate WorldList.BusWeap.05.Weight=0.400000 -> OK
[928] RowUpdate WorldList.BusWeap.05.ItemDefinition=/Area51Gun/Gameplay/WID_DragonCart_LightningGun_VR.WID_DragonCart_LightningGun_VR -> OK
[929] RowUpdate WorldList.BusGrant.ItemSet.1.01.Weight=1.000000 -> OK
[930] RowUpdate WorldList.BusGrant.ItemSet.1.01.CountRange=(X=2,Y=2) -> OK
[931] RowUpdate WorldList.BusGrant.ItemSet.1.01.ItemDefinition=/Game/Athena/Items/Consumables/Flopper/HopFlopper/WID_Athena_Flopper_HopFlopper.WID_Athena_Flopper_HopFlopper -> OK
[932] RowUpdate WorldList.GoldChest.Boons.01.Weight=1.000000 -> OK
[933] RowUpdate WorldList.GoldChest.Boons.01.ItemDefinition=/Game/Athena/Items/Weapons/WID_Assault_LMG_Athena_VR_Ore_T03.WID_Assault_LMG_Athena_VR_Ore_T03 -> OK
[934] RowUpdate WorldList.GoldChest.Boons.02.Weight=1.000000 -> OK
[935] RowUpdate WorldList.GoldChest.Boons.02.ItemDefinition=/CrimsonMist/Gameplay/Weapons/HeavyMinigun/WID_CrimsonMist_HeavyMinigun_VR.WID_CrimsonMist_HeavyMinigun_VR -> OK
[936] RowUpdate WorldList.GoldChest.Boons.03.Weight=1.000000 -> OK
[937] RowUpdate WorldList.GoldChest.Boons.03.ItemDefinition=/Area51Gun/Gameplay/WID_DragonCart_LightningGun_VR.WID_DragonCart_LightningGun_VR -> OK
[938] RowUpdate WorldList.AthenaBlitzLlama.StandardItem.01.Weight=0.750000 -> OK
[939] RowUpdate WorldList.AthenaBlitzLlama.StandardItem.01.ItemDefinition=/Game/Athena/Items/Weapons/WID_Assault_LMG_Athena_VR_Ore_T03.WID_Assault_LMG_Athena_VR_Ore_T03 -> OK
[940] RowUpdate WorldList.AthenaBlitzLlama.StandardItem.02.Weight=1.000000 -> OK
[941] RowUpdate WorldList.AthenaBlitzLlama.StandardItem.02.ItemDefinition=/Game/Athena/Items/Weapons/WID_Assault_LMG_Athena_SR_Ore_T03.WID_Assault_LMG_Athena_SR_Ore_T03 -> OK
[942] RowUpdate WorldList.AthenaBlitzLlama.StandardItem.03.Weight=1.000000 -> OK
[943] RowUpdate WorldList.AthenaBlitzLlama.StandardItem.03.ItemDefinition=/CrimsonMist/Gameplay/Weapons/HeavyMinigun/WID_CrimsonMist_HeavyMinigun_SR.WID_CrimsonMist_HeavyMinigun_SR -> OK
[944] RowUpdate WorldList.AthenaBlitzLlama.StandardItem.04.Weight=0.750000 -> OK
[945] RowUpdate WorldList.AthenaBlitzLlama.StandardItem.04.ItemDefinition=/CrimsonMist/Gameplay/Weapons/HeavyMinigun/WID_CrimsonMist_HeavyMinigun_VR.WID_CrimsonMist_HeavyMinigun_VR -> OK
[946] RowUpdate WorldList.AthenaBlitzLlama.StandardItem.05.Weight=1.000000 -> OK
[947] RowUpdate WorldList.AthenaBlitzLlama.StandardItem.05.ItemDefinition=/Area51Gun/Gameplay/WID_DragonCart_LightningGun_SR.WID_DragonCart_LightningGun_SR -> OK
[948] RowUpdate WorldList.AthenaBlitzLlama.StandardItem.06.Weight=0.750000 -> OK
[949] RowUpdate WorldList.AthenaBlitzLlama.StandardItem.06.ItemDefinition=/Area51Gun/Gameplay/WID_DragonCart_LightningGun_VR.WID_DragonCart_LightningGun_VR -> OK
[950] RowUpdate WorldList.AthenaBlitzLlama.MythicItem.01.Weight=1.000000 -> OK
[951] RowUpdate WorldList.AthenaBlitzLlama.MythicItem.01.ItemDefinition=/Game/Athena/Items/Weapons/Boss/WID_Boss_Hos_MG.WID_Boss_Hos_MG -> OK
[952] RowUpdate WorldList.AthenaBlitzLlama.MythicItem.02.Weight=1.000000 -> OK
[953] RowUpdate WorldList.AthenaBlitzLlama.MythicItem.02.ItemDefinition=/CrimsonMist/Gameplay/Weapons/HeavyMinigun/WID_CrimsonMist_HeavyMinigun_UR.WID_CrimsonMist_HeavyMinigun_UR -> OK
[954] RowUpdate WorldList.AthenaBlitzLlama.MythicItem.03.Weight=1.000000 -> OK
[955] RowUpdate WorldList.AthenaBlitzLlama.MythicItem.03.ItemDefinition=/Area51Gun/Gameplay/WID_DragonCart_LightningGun_UR.WID_DragonCart_LightningGun_UR -> OK
[956] RowUpdate WorldList.AthenaSupplyDrop.Sp.Weapon.01.Weight=1.000000 -> OK
[957] RowUpdate WorldList.AthenaSupplyDrop.Sp.Weapon.01.ItemDefinition=/Game/Athena/Items/Weapons/WID_Assault_LMG_Athena_VR_Ore_T03.WID_Assault_LMG_Athena_VR_Ore_T03 -> OK
[958] RowUpdate WorldList.AthenaSupplyDrop.Sp.Weapon.02.Weight=0.750000 -> OK
[959] RowUpdate WorldList.AthenaSupplyDrop.Sp.Weapon.02.ItemDefinition=/Game/Athena/Items/Weapons/WID_Assault_LMG_Athena_SR_Ore_T03.WID_Assault_LMG_Athena_SR_Ore_T03 -> OK
[960] RowUpdate WorldList.AthenaSupplyDrop.Sp.Weapon.03.Weight=1.000000 -> OK
[961] RowUpdate WorldList.AthenaSupplyDrop.Sp.Weapon.03.ItemDefinition=/Area51Gun/Gameplay/WID_DragonCart_LightningGun_VR.WID_DragonCart_LightningGun_VR -> OK
[962] RowUpdate WorldList.AthenaSupplyDrop.Sp.Weapon.04.Weight=0.750000 -> OK
[963] RowUpdate WorldList.AthenaSupplyDrop.Sp.Weapon.04.ItemDefinition=/Area51Gun/Gameplay/WID_DragonCart_LightningGun_SR.WID_DragonCart_LightningGun_SR -> OK
[964] RowUpdate WorldList.AthenaSupplyDrop.Sp.Weapon.05.Weight=1.000000 -> OK
[965] RowUpdate WorldList.AthenaSupplyDrop.Sp.Weapon.05.ItemDefinition=/CrimsonMist/Gameplay/Weapons/HeavyMinigun/WID_CrimsonMist_HeavyMinigun_VR.WID_CrimsonMist_HeavyMinigun_VR -> OK
[966] RowUpdate WorldList.AthenaSupplyDrop.Sp.Weapon.06.Weight=0.750000 -> OK
[967] RowUpdate WorldList.AthenaSupplyDrop.Sp.Weapon.06.ItemDefinition=/CrimsonMist/Gameplay/Weapons/HeavyMinigun/WID_CrimsonMist_HeavyMinigun_SR.WID_CrimsonMist_HeavyMinigun_SR -> OK
[HOTFIX:SEASON1] Addrow(TableUpdate) なし -> スキップ
[HOTFIX:SEASON1] done: applied=51, deleted=0, skipped=0
[STEP1-2] merge E:\Fmodel\Exports\FortniteGame\Plugins\GameFeatures\ForbiddenFruitDataTables\Content\DataTables\AthenaLootPackages_Client_ForbiddenFruitChapterOverride_NoBuild.json : replaced=20, added=9
[HOTFIX:SEASON2] target=/ForbiddenFruitDataTables/DataTables/AthenaLootTierData_Client_ForbiddenFruitChapterOverride_NoBuild
[HOTFIX:SEASON2] Addrow(TableUpdate) なし -> スキップ
[HOTFIX:SEASON2] done: applied=0, deleted=0, skipped=0
[WRITE] final -> E:\フォートナイト\Picture\Loot Pool\TEST4\New Loot\System Update\ForbiddenFruit\input\AthenaLootPackages_Client__final.json
[WRITE] per-input -> E:\フォートナイト\Picture\Loot Pool\TEST4\New Loot\System Update\ForbiddenFruit\input\ForbiddenFruitChapterLootPackages__final.json
[WRITE] per-input -> E:\フォートナイト\Picture\Loot Pool\TEST4\New Loot\System Update\ForbiddenFruit\input\AthenaLootPackages_Client_ForbiddenFruitChapterOverride_NoBuild__final.json
2026-03-05 23:30:06 | INFO | hotfix start: E:\フォートナイト\Picture\Loot Pool\TEST4\New Loot\System Update\LootTier.py
2026-03-05 23:30:06 | INFO | hotfix lt stdout: [STEP1-1] base E:\Fmodel\Exports\FortniteGame\Plugins\GameFeatures\ForbiddenFruitDataTables\Content\DataTables\ForbiddenFruitChapterLootTierData.json
[HOTFIX:SEASON1] target=/ForbiddenFruitDataTables/DataTables/ForbiddenFruitChapterLootTierData
[HOTFIX:SEASON1] done: applied=0, deleted=0, skipped=0
[STEP1-2] merge E:\Fmodel\Exports\FortniteGame\Plugins\GameFeatures\ForbiddenFruitDataTables\Content\DataTables\AthenaLootTierData_Client_ForbiddenFruitChapterOverride_NoBuild.json : replaced=0, added=0
[HOTFIX:SEASON2] target=/ForbiddenFruitDataTables/DataTables/AthenaLootTierData_Client_ForbiddenFruitChapterOverride_NoBuild
[HOTFIX:SEASON2] done: applied=0, deleted=0, skipped=0
[WRITE] final -> E:\フォートナイト\Picture\Loot Pool\TEST4\New Loot\System Update\ForbiddenFruit\input\AthenaLootTierData_Client__final.json
[WRITE] per-input -> E:\フォートナイト\Picture\Loot Pool\TEST4\New Loot\System Update\ForbiddenFruit\input\ForbiddenFruitChapterLootTierData__final.json
[WRITE] per-input -> E:\フォートナイト\Picture\Loot Pool\TEST4\New Loot\System Update\ForbiddenFruit\input\AthenaLootTierData_Client_ForbiddenFruitChapterOverride_NoBuild__final.json
2026-03-05 23:30:06 | INFO | ✓ Hotfix 適用完了 (0.70s)
2026-03-05 23:30:06 | INFO | load lt: E:\フォートナイト\Picture\Loot Pool\TEST4\New Loot\System Update\ForbiddenFruit\input\AthenaLootTierData_Client__final.json
2026-03-05 23:30:06 | INFO | load lp: E:\フォートナイト\Picture\Loot Pool\TEST4\New Loot\System Update\ForbiddenFruit\input\AthenaLootPackages_Client__final.json
2026-03-05 23:30:06 | INFO | load done (0.02s)
2026-03-05 23:30:06 | INFO | build summary start
2026-03-05 23:30:06 | INFO | build summary done (0.47s)
2026-03-05 23:30:06 | INFO | enrich summary with names start
2026-03-05 23:30:07 | INFO | enrich summary done (0.19s)
2026-03-05 23:30:07 | INFO | ✅ まとめJSONを作成: E:\フォートナイト\Picture\Loot Pool\TEST4\New Loot\System Update\ForbiddenFruit\output\summary\v39.30_2026-03-05_23-30.json
2026-03-05 23:30:07 | INFO | build BR_LootData start
2026-03-05 23:30:07 | INFO | build BR_LootData done (0.00s)
2026-03-05 23:30:07 | INFO | ✅ BR_LootData を作成: E:\フォートナイト\Picture\Loot Pool\TEST4\New Loot\System Update\戦利品データ\ForbiddenFruit\ForbiddenFruit_LootData_2026-03-05_23-30.json
2026-03-05 23:30:07 | INFO | ✅ Web LootPool を更新: E:\フォートナイト\Web\assets\data\Loot\Blitz_LootPool.json
2026-03-05 23:30:07 | INFO | LootSummary start: E:\フォートナイト\Picture\Loot Pool\TEST4\New Loot\System Update\ForbiddenFruit\scripts\LootSummary.py
2026-03-05 23:30:07 | INFO | LootSummary stdout: 🔎 抽出用: 最新ファイル = E:\フォートナイト\Picture\Loot Pool\TEST4\New Loot\System Update\ForbiddenFruit\output\summary\v39.30_2026-03-05_23-30.json
✅ 抽出件数: 163
💾 保存: E:\フォートナイト\Picture\Loot Pool\TEST4\New Loot\System Update\ForbiddenFruit\input\items_unique_min.json
🔎 比較用: base   = E:\フォートナイト\Picture\Loot Pool\TEST4\New Loot\System Update\ForbiddenFruit\output\summary\v39.30_2026-02-19_19-19.json
🔎 比較用: target = E:\フォートナイト\Picture\Loot Pool\TEST4\New Loot\System Update\ForbiddenFruit\output\summary\v39.30_2026-03-05_23-30.json
✅ 差分作成 完了
  追加   : 10 / 削除 : 4 / 変更 : 0 / 変化なし : 153
💾 差分: E:\フォートナイト\Picture\Loot Pool\TEST4\New Loot\System Update\ForbiddenFruit\output\history\BR_20260305_2330\items_unique_min_diff.json
2026-03-05 23:30:07 | WARNING | LootSummary stderr: E:\フォートナイト\Picture\Loot Pool\TEST4\New Loot\System Update\ForbiddenFruit\scripts\LootSummary.py:2: SyntaxWarning: invalid escape sequence '\B'
  """
2026-03-05 23:30:07 | INFO | ✅ LootSummary 実行完了（抽出→比較） (0.36s)
2026-03-05 23:30:07 | INFO | prewarm start
