2026-05-29 09:36:24 | INFO | log file: E:\フォートナイト\Picture\Loot Pool\TEST4\New Loot\System Update\ForbiddenFruit\output\logs\pipeline_2026-05-29_09-36-24.log
2026-05-29 09:36:24 | INFO | ===== ForbiddenFruit: pipeline start =====
2026-05-29 09:36:24 | INFO | paths: lt=E:\フォートナイト\Picture\Loot Pool\TEST4\New Loot\System Update\ForbiddenFruit\input\AthenaLootTierData_Client__final.json lp=E:\フォートナイト\Picture\Loot Pool\TEST4\New Loot\System Update\ForbiddenFruit\input\AthenaLootPackages_Client__final.json minlist=E:\フォートナイト\Picture\Loot Pool\TEST4\New Loot\System Update\ForbiddenFruit\input\items_unique_min.json
2026-05-29 09:36:24 | INFO | output: summary=E:\フォートナイト\Picture\Loot Pool\TEST4\New Loot\System Update\ForbiddenFruit\output\summary lootdata=E:\フォートナイト\Picture\Loot Pool\TEST4\New Loot\System Update\戦利品データ\ForbiddenFruit
2026-05-29 09:36:24 | INFO | flags: hotfix=True prewarm=True image=True workers=8
2026-05-29 09:36:24 | INFO | hotfix start: E:\フォートナイト\Picture\Loot Pool\TEST4\New Loot\System Update\LootPackage.py
2026-05-29 09:36:25 | INFO | hotfix lp stdout: [STEP1-1] base E:\Fmodel\Exports\FortniteGame\Plugins\GameFeatures\ForbiddenFruitDataTables\Content\DataTables\ForbiddenFruitChapterLootPackages.json
[HOTFIX:SEASON1] target=/ForbiddenFruitDataTables/DataTables/ForbiddenFruitChapterLootPackages
[992] RowUpdate WorldList.BusWeap.01.Weight=0.000000 -> OK
[993] RowUpdate WorldList.BusWeap.01.ItemDefinition=/FirePetalWeaponGameplay/Gameplay/FirePetal_AutoShotgun/WID_Shotgun_Auto_FirePetal_Athena_UC.WID_Shotgun_Auto_FirePetal_Athena_UC -> OK
[994] RowUpdate WorldList.BusWeap.02.Weight=0.000000 -> OK
[995] RowUpdate WorldList.BusWeap.02.ItemDefinition=/RadicalWeaponsGameplay/Weapons/RadicalCoreAR/WID_Assault_Radical_CoreAR_Athena_UC.WID_Assault_Radical_CoreAR_Athena_UC -> OK
[996] RowUpdate WorldList.BusWeap.03.Weight=0.000000 -> OK
[997] RowUpdate WorldList.BusWeap.03.ItemDefinition=/RadicalWeaponsGameplay/Weapons/RadicalShotgunPump/WID_Shotgun_RadicalPump_Athena_UC.WID_Shotgun_RadicalPump_Athena_UC -> OK
[998] RowUpdate WorldList.BusWeap.04.Weight=0.000000 -> OK
[999] RowUpdate WorldList.BusWeap.04.ItemDefinition=/VividRazorWeaponGameplay/Gameplay/CQBAR/WID_CQB_AR_UC.WID_CQB_AR_UC -> OK
[1000] RowUpdate WorldList.BusWeap.05.Weight=0.000000 -> OK
[1001] RowUpdate WorldList.BusWeap.05.ItemDefinition=/MusterCoreWeapons/Items/Weapons/MusterQuickSMG/WID_SMG_MusterQuick_Athena_UC.WID_SMG_MusterQuick_Athena_UC -> OK
[1002] RowUpdate WorldList.BusWeap.06.Weight=1.500000 -> OK
[1003] RowUpdate WorldList.BusWeap.06.ItemDefinition=/LavaLeaf/Gameplay/WID_LavaLeaf_1P.WID_LavaLeaf_1P -> OK
[1004] RowUpdate WorldList.BusGrant.ItemSet.1.01.Weight=1.000000 -> OK
[1005] RowUpdate WorldList.BusGrant.ItemSet.1.01.CountRange=(X=2,Y=2) -> OK
[1006] RowUpdate WorldList.BusGrant.ItemSet.1.01.ItemDefinition=/DragonCartWeaponGameplay/Gameplay/DragonCart_Grenade/WID_DragonCart_Grenade_Athena.WID_DragonCart_Grenade_Athena -> OK
[1007] RowUpdate WorldList.BusGrant2.BusWeap.01.Weight=1.000000 -> OK
[1008] RowUpdate WorldList.BusGrant2.BusWeap.01.ItemDefinition=/DragonCartWeaponGameplay/Gameplay/DragonCart_DualShotguns/WID_Shotgun_Auto_Dual_DragonCart_Athena_X.WID_Shotgun_Auto_Dual_DragonCart_Athena_X -> OK
[1009] RowUpdate WorldList.BusGrant2.ItemSet.1.01.Weight=1.000000 -> OK
[1010] RowUpdate WorldList.BusGrant2.ItemSet.1.01.ItemDefinition=/DemonMaskVoid/Gameplay/WID_DemonMask_VoidTeleport.WID_DemonMask_VoidTeleport -> OK
[1011] RowUpdate WorldList.GoldChest.Boons.01.Weight=0.330000 -> OK
[1012] RowUpdate WorldList.GoldChest.Boons.01.ItemDefinition=/LavaLeaf/Gameplay/WID_LavaLeaf_1P.WID_LavaLeaf_1P -> OK
[1013] RowUpdate WorldList.GoldChest.Boons.02.Weight=0.750000 -> OK
[1014] RowUpdate WorldList.GoldChest.Boons.02.ItemDefinition=/WingSuit/Gameplay/WingSuit_PhysicsFlying/WID_Proto_WingSuit_FlyingPhysics.WID_Proto_WingSuit_FlyingPhysics -> OK
[1015] RowUpdate WorldList.AthenaBlitzLlama.StandardItem.01.Weight=1 -> OK
[1016] RowUpdate WorldList.AthenaBlitzLlama.StandardItem.01.ItemDefinition=/LavaLeaf/Gameplay/WID_LavaLeaf_1P.WID_LavaLeaf_1P -> OK
[1017] RowUpdate WorldList.AthenaBlitzLlama.StandardItem.02.Weight=.8 -> OK
[1018] RowUpdate WorldList.AthenaBlitzLlama.StandardItem.02.ItemDefinition=/HoneyGlass/Gameplay/WID_HoneyGlass.WID_HoneyGlass -> OK
[1019] RowUpdate WorldList.AthenaSupplyDrop.Utility.01.Weight=1.000000 -> OK
[1020] RowUpdate WorldList.AthenaSupplyDrop.Utility.01.ItemDefinition=/WingSuit/Gameplay/WingSuit_PhysicsFlying/WID_Proto_WingSuit_FlyingPhysics.WID_Proto_WingSuit_FlyingPhysics -> OK
[1021] RowUpdate WorldList.AthenaSupplyDrop.Sp.Weapon.01.Weight=1 -> OK
[1022] RowUpdate WorldList.AthenaSupplyDrop.Sp.Weapon.01.ItemDefinition=/LavaLeaf/Gameplay/WID_LavaLeaf_1P.WID_LavaLeaf_1P -> OK
[1023] RowUpdate WorldList.AthenaSupplyDrop.Sp.Weapon.02.Weight=.8 -> OK
[1024] RowUpdate WorldList.AthenaSupplyDrop.Sp.Weapon.02.ItemDefinition=/HoneyGlass/Gameplay/WID_HoneyGlass.WID_HoneyGlass -> OK
[1025] RowUpdate WorldList.AthenaBlitzLlama.MythicItem.01.Weight=0.750000 -> OK
[1026] RowUpdate WorldList.AthenaBlitzLlama.MythicItem.01.ItemDefinition=/LavaLeaf/Gameplay/WID_LavaLeaf_1P.WID_LavaLeaf_1P -> OK
[1027] RowUpdate WorldList.AthenaBlitzLlama.MythicItem.02.Weight=1 -> OK
[1028] RowUpdate WorldList.AthenaBlitzLlama.MythicItem.02.ItemDefinition=/HoneyGlass/Gameplay/WID_HoneyGlass.WID_HoneyGlass -> OK
[HOTFIX:SEASON1] Addrow(TableUpdate) なし -> スキップ
[HOTFIX:SEASON1] done: applied=37, deleted=0, skipped=0
[STEP1-2] merge E:\Fmodel\Exports\FortniteGame\Plugins\GameFeatures\ForbiddenFruitDataTables\Content\DataTables\AthenaLootPackages_Client_ForbiddenFruitChapterOverride_NoBuild.json : replaced=20, added=9
[HOTFIX:SEASON2] target=/ForbiddenFruitDataTables/DataTables/AthenaLootTierData_Client_ForbiddenFruitChapterOverride_NoBuild
[HOTFIX:SEASON2] Addrow(TableUpdate) なし -> スキップ
[HOTFIX:SEASON2] done: applied=0, deleted=0, skipped=0
[WRITE] final -> E:\フォートナイト\Picture\Loot Pool\TEST4\New Loot\System Update\ForbiddenFruit\input\AthenaLootPackages_Client__final.json
[WRITE] per-input -> E:\フォートナイト\Picture\Loot Pool\TEST4\New Loot\System Update\ForbiddenFruit\input\ForbiddenFruitChapterLootPackages__final.json
[WRITE] per-input -> E:\フォートナイト\Picture\Loot Pool\TEST4\New Loot\System Update\ForbiddenFruit\input\AthenaLootPackages_Client_ForbiddenFruitChapterOverride_NoBuild__final.json
2026-05-29 09:36:25 | INFO | hotfix start: E:\フォートナイト\Picture\Loot Pool\TEST4\New Loot\System Update\LootTier.py
2026-05-29 09:36:25 | INFO | hotfix lt stdout: [STEP1-1] base E:\Fmodel\Exports\FortniteGame\Plugins\GameFeatures\ForbiddenFruitDataTables\Content\DataTables\ForbiddenFruitChapterLootTierData.json
[HOTFIX:SEASON1] target=/ForbiddenFruitDataTables/DataTables/ForbiddenFruitChapterLootTierData
[1029] RowUpdate Loot_Bus_Grant_02.Weight=0.500000 -> OK
[HOTFIX:SEASON1] done: applied=1, deleted=0, skipped=0
[STEP1-2] merge E:\Fmodel\Exports\FortniteGame\Plugins\GameFeatures\ForbiddenFruitDataTables\Content\DataTables\AthenaLootTierData_Client_ForbiddenFruitChapterOverride_NoBuild.json : replaced=0, added=0
[HOTFIX:SEASON2] target=/ForbiddenFruitDataTables/DataTables/AthenaLootTierData_Client_ForbiddenFruitChapterOverride_NoBuild
[HOTFIX:SEASON2] done: applied=0, deleted=0, skipped=0
[WRITE] final -> E:\フォートナイト\Picture\Loot Pool\TEST4\New Loot\System Update\ForbiddenFruit\input\AthenaLootTierData_Client__final.json
[WRITE] per-input -> E:\フォートナイト\Picture\Loot Pool\TEST4\New Loot\System Update\ForbiddenFruit\input\ForbiddenFruitChapterLootTierData__final.json
[WRITE] per-input -> E:\フォートナイト\Picture\Loot Pool\TEST4\New Loot\System Update\ForbiddenFruit\input\AthenaLootTierData_Client_ForbiddenFruitChapterOverride_NoBuild__final.json
2026-05-29 09:36:25 | INFO | ✓ Hotfix 適用完了 (0.85s)
2026-05-29 09:36:25 | INFO | load lt: E:\フォートナイト\Picture\Loot Pool\TEST4\New Loot\System Update\ForbiddenFruit\input\AthenaLootTierData_Client__final.json
2026-05-29 09:36:25 | INFO | load lp: E:\フォートナイト\Picture\Loot Pool\TEST4\New Loot\System Update\ForbiddenFruit\input\AthenaLootPackages_Client__final.json
2026-05-29 09:36:25 | INFO | load done (0.01s)
2026-05-29 09:36:25 | INFO | build summary start
2026-05-29 09:36:25 | INFO | build summary done (0.03s)
2026-05-29 09:36:25 | INFO | enrich summary with names start
2026-05-29 09:36:25 | INFO | enrich summary done (0.00s)
2026-05-29 09:36:25 | INFO | ✅ まとめJSONを作成: E:\フォートナイト\Picture\Loot Pool\TEST4\New Loot\System Update\ForbiddenFruit\output\summary\v39.30_2026-05-29_09-36.json
2026-05-29 09:36:25 | INFO | build item metadata start
2026-05-29 09:37:25 | INFO | ✅ アイテム名・説明・タグJSONを更新: E:\フォートナイト\Picture\Loot Pool\TEST4\New Loot\System Update\shared\cache\item_metadata.json (60.36s)
2026-05-29 09:37:25 | INFO | build BR_LootData start
2026-05-29 09:37:25 | INFO | build BR_LootData done (0.00s)
2026-05-29 09:37:25 | INFO | ✅ BR_LootData を作成: E:\フォートナイト\Picture\Loot Pool\TEST4\New Loot\System Update\戦利品データ\ForbiddenFruit\ForbiddenFruit_LootData_2026-05-29_09-37.json
2026-05-29 09:37:25 | INFO | ✅ Web LootPool を更新: E:\フォートナイト\Web\assets\data\Loot\Blitz_LootPool.json
2026-05-29 09:37:25 | INFO | LootSummary start: E:\フォートナイト\Picture\Loot Pool\TEST4\New Loot\System Update\ForbiddenFruit\scripts\LootSummary.py
2026-05-29 09:37:25 | INFO | LootSummary stdout: 🔎 抽出用: 最新ファイル = E:\フォートナイト\Picture\Loot Pool\TEST4\New Loot\System Update\ForbiddenFruit\output\summary\v39.30_2026-05-29_09-36.json
✅ 抽出件数: 183
💾 保存: E:\フォートナイト\Picture\Loot Pool\TEST4\New Loot\System Update\ForbiddenFruit\input\items_unique_min.json
🔎 比較用: base   = E:\フォートナイト\Picture\Loot Pool\TEST4\New Loot\System Update\ForbiddenFruit\output\summary\v39.30_2026-04-30_18-06.json
🔎 比較用: target = E:\フォートナイト\Picture\Loot Pool\TEST4\New Loot\System Update\ForbiddenFruit\output\summary\v39.30_2026-05-29_09-36.json
✅ 差分作成 完了
  追加   : 6 / 削除 : 13 / 変更 : 0 / 変化なし : 177
💾 差分: E:\フォートナイト\Picture\Loot Pool\TEST4\New Loot\System Update\ForbiddenFruit\output\history\BR_20260529_0937\items_unique_min_diff.json
2026-05-29 09:37:25 | WARNING | LootSummary stderr: E:\フォートナイト\Picture\Loot Pool\TEST4\New Loot\System Update\ForbiddenFruit\scripts\LootSummary.py:2: SyntaxWarning: invalid escape sequence '\B'
  """
2026-05-29 09:37:25 | INFO | ✅ LootSummary 実行完了（抽出→比較） (0.23s)
2026-05-29 09:37:25 | INFO | prewarm start
2026-05-29 09:37:27 | INFO | ✅ アイコンキャッシュ プリウォーム完了 (1.38s)
2026-05-29 09:37:27 | INFO | 画像化タスク数: 183
2026-05-29 09:37:27 | INFO | 画像生成 進捗: 1/183
2026-05-29 09:37:28 | INFO | 画像生成 進捗: 50/183
2026-05-29 09:37:28 | INFO | 画像生成 進捗: 100/183
2026-05-29 09:37:29 | INFO | 画像生成 進捗: 150/183
2026-05-29 09:37:29 | INFO | 画像生成 進捗: 183/183
2026-05-29 09:37:29 | INFO | ✅ 画像生成 完了（MinListベース）
2026-05-29 09:37:29 | INFO | ✅ Loot diff を作成: E:\フォートナイト\Web\assets\data\Loot\diff\Blitz_2026-05-29_09-37-29.json (added=6 removed=17 change=2)
2026-05-29 09:37:29 | INFO | ✅ AddedItems 画像を保存: E:\フォートナイト\Picture\Loot Pool\TEST4\New Loot\System Update\shared\images\ForbiddenFruit\AddedItems\2026-05-29_09-37-29 (copied=6 missing=0)
2026-05-29 09:37:29 | INFO | git add: E:\フォートナイト\Picture\Loot Pool\TEST4\New Loot
2026-05-29 09:37:32 | INFO | git commit stdout: [main a543543] ForbiddenFruit update 2026-05-29 09:37:30
 27 files changed, 26187 insertions(+), 475 deletions(-)
 create mode 100644 System Update/ForbiddenFruit/output/history/BR_20260529_0937/items_unique_min_diff.json
 create mode 100644 System Update/ForbiddenFruit/output/logs/pipeline_2026-05-29_09-36-24.log
 create mode 100644 System Update/ForbiddenFruit/output/summary/v39.30_2026-05-29_09-36.json
 create mode 100644 "System Update/shared/images/ForbiddenFruit/AddedItems/2026-05-29_09-37-29/\343\203\206\343\202\243\343\202\2421 - \343\202\260\343\203\254\343\203\215\343\203\274\343\203\211.png"
 create mode 100644 "System Update/shared/images/ForbiddenFruit/AddedItems/2026-05-29_09-37-29/\343\203\206\343\202\243\343\202\2424 - \343\202\246\343\202\244\343\203\263\343\202\260\343\202\271\343\203\274\343\203\204.png"
 create mode 100644 "System Update/shared/images/ForbiddenFruit/AddedItems/2026-05-29_09-37-29/\343\203\206\343\202\243\343\202\2424 - \343\203\221\343\203\253\343\202\271\343\203\224\343\202\271\343\203\210\343\203\253.png"
 create mode 100644 "System Update/shared/images/ForbiddenFruit/AddedItems/2026-05-29_09-37-29/\343\203\206\343\202\243\343\202\2424 - \350\231\232\347\251\272\343\201\256\351\254\274\343\201\256\344\273\256\351\235\242.png"
 create mode 100644 "System Update/shared/images/ForbiddenFruit/AddedItems/2026-05-29_09-37-29/\343\203\206\343\202\243\343\202\2425 - \343\202\253\343\203\207\343\203\245\343\202\261\343\202\246\343\202\271\343\203\273\343\202\271\343\202\277\343\203\203\343\203\225.png"
 create mode 100644 "System Update/shared/images/ForbiddenFruit/AddedItems/2026-05-29_09-37-29/\343\203\206\343\202\243\343\202\2426 - \343\203\204\343\202\244\343\203\263\343\202\265\343\202\244\343\203\225\343\202\251\343\203\263\343\202\267\343\203\247\343\203\203\343\203\210\343\202\254\343\203\263.png"
 create mode 100644 "System Update/shared/images/ForbiddenFruit/\343\202\246\343\202\244\343\203\263\343\202\260\343\202\271\343\203\274\343\203\204 - \343\203\206\343\202\243\343\202\2424.png"
 create mode 100644 "System Update/shared/images/ForbiddenFruit/\343\202\253\343\203\207\343\203\245\343\202\261\343\202\246\343\202\271\343\203\273\343\202\271\343\202\277\343\203\203\343\203\225 - \343\203\206\343\202\243\343\202\2425.png"
 create mode 100644 "System Update/shared/images/ForbiddenFruit/\343\202\260\343\203\254\343\203\215\343\203\274\343\203\211 - \343\203\206\343\202\243\343\202\2421.png"
 create mode 100644 "System Update/shared/images/ForbiddenFruit/\343\203\204\343\202\244\343\203\263\343\202\265\343\202\244\343\203\225\343\202\251\343\203\263\343\202\267\343\203\247\343\203\203\343\203\210\343\202\254\343\203\263 - \343\203\206\343\202\243\343\202\2426.png"
 create mode 100644 "System Update/shared/images/ForbiddenFruit/\343\203\221\343\203\253\343\202\271\343\203\224\343\202\271\343\203\210\343\203\253 - \343\203\206\343\202\243\343\202\2424.png"
 create mode 100644 "System Update/shared/images/ForbiddenFruit/\350\231\232\347\251\272\343\201\256\351\254\274\343\201\256\344\273\256\351\235\242 - \343\203\206\343\202\243\343\202\2424.png"
 create mode 100644 "System Update/\346\210\246\345\210\251\345\223\201\343\203\207\343\203\274\343\202\277/ForbiddenFruit/ForbiddenFruit_LootData_2026-05-29_09-37.json"
2026-05-29 09:37:39 | WARNING | git push stderr: To https://github.com/Greenfox0833/New-Loot.git
   d09ccf3..a543543  main -> main
2026-05-29 09:37:39 | INFO | ✓ GitHub Push 完了
2026-05-29 09:37:39 | INFO | ===== ForbiddenFruit: pipeline end =====
