2026-02-06 08:03:52 | INFO | log file: E:\フォートナイト\Picture\Loot Pool\TEST4\New Loot\System Update\ForbiddenFruit\output\logs\pipeline_2026-02-06_08-03-52.log
2026-02-06 08:03:52 | INFO | ===== ForbiddenFruit: pipeline start =====
2026-02-06 08:03:52 | INFO | paths: lt=E:\フォートナイト\Picture\Loot Pool\TEST4\New Loot\System Update\ForbiddenFruit\input\AthenaLootTierData_Client__final.json lp=E:\フォートナイト\Picture\Loot Pool\TEST4\New Loot\System Update\ForbiddenFruit\input\AthenaLootPackages_Client__final.json minlist=E:\フォートナイト\Picture\Loot Pool\TEST4\New Loot\System Update\ForbiddenFruit\input\items_unique_min.json
2026-02-06 08:03:52 | INFO | output: summary=E:\フォートナイト\Picture\Loot Pool\TEST4\New Loot\System Update\ForbiddenFruit\output\summary lootdata=E:\フォートナイト\Picture\Loot Pool\TEST4\New Loot\System Update\戦利品データ\ForbiddenFruit
2026-02-06 08:03:52 | INFO | flags: hotfix=True prewarm=True image=True workers=8
2026-02-06 08:03:52 | INFO | hotfix start: E:\フォートナイト\Picture\Loot Pool\TEST4\New Loot\System Update\LootPackage.py
2026-02-06 08:03:52 | INFO | hotfix lp stdout: [STEP1-2] merge E:\Fmodel\Exports\FortniteGame\Plugins\GameFeatures\ForbiddenFruitDataTables\Content\DataTables\AthenaLootPackages_Client_ForbiddenFruitChapterOverride_NoBuild.json : replaced=20, added=9
[HOTFIX:SEASON1] target=/ForbiddenFruitDataTables/DataTables/ForbiddenFruitChapterLootPackages
[636] RowUpdate WorldList.BusGold.01.CountRange=(X=500,Y=500) -> OK
[637] RowUpdate WorldList.BusWeap.02.Weight=1.000000 -> OK
[638] RowUpdate WorldList.BusWeap.02.ItemDefinition=/FirePetalWeaponGameplay/Gameplay/FirePetal_SMG_Quirky/WID_SMG_FirePetal_Quirky_Athena_R.WID_SMG_FirePetal_Quirky_Athena_R -> OK
[639] RowUpdate WorldList.BusWeap.03.Weight=1.000000 -> OK
[640] RowUpdate WorldList.BusWeap.03.ItemDefinition=/TidalCraneWeaponGameplay/Gameplay/Weapons/MilitaryAR/WID_Assault_TidalCrane_Athena_R.WID_Assault_TidalCrane_Athena_R -> OK
[643] RowUpdate WorldList.BusAmmoRockets.01.Weight=1.000000 -> OK
[644] RowUpdate WorldList.BusAmmoRockets.01.CountRange=(X=12,Y=12) -> OK
[645] RowUpdate WorldList.BusWeap.01.Weight=0.330000 -> OK
[646] RowUpdate WorldList.BusWeap.01.ItemDefinition=/Game/Athena/Items/Weapons/WID_Athena_SMG_VR.WID_Athena_SMG_VR -> OK
[647] RowUpdate WorldList.BusWeap.02.Weight=1.000000 -> OK
[648] RowUpdate WorldList.BusWeap.02.ItemDefinition=/ChronoWeaponGameplay/Items/PanRifle/WID_Assault_Chrono_Pan_Rifle_Athena_UC.WID_Assault_Chrono_Pan_Rifle_Athena_UC -> OK
[649] RowUpdate WorldList.BusWeap.03.Weight=1.000000 -> OK
[650] RowUpdate WorldList.BusWeap.03.ItemDefinition=/FirePetalWeaponGameplay/Gameplay/FirePetal_FlavorShotgun/WID_Shotgun_FirePetal_Flavor_Athena_UC.WID_Shotgun_FirePetal_Flavor_Athena_UC -> OK
[651] RowUpdate WorldList.BusWeap.04.Weight=1.000000 -> OK
[652] RowUpdate WorldList.BusWeap.04.ItemDefinition=/TidalCraneWeaponGameplay/Gameplay/Weapons/WreckerRevolver/WID_Revolver_TidalCrane_Athena_UC.WID_Revolver_TidalCrane_Athena_UC -> OK
[653] RowUpdate WorldList.BusWeap.05.Weight=0.100000 -> OK
[654] RowUpdate WorldList.BusWeap.05.ItemDefinition=/LemonExam/Gameplay/WID_Athena_LemonExam_SR.WID_Athena_LemonExam_SR -> OK
[655] RowUpdate WorldList.BusGrant.ItemSet.1.01.Weight=1.000000 -> OK
[656] RowUpdate WorldList.BusGrant.ItemSet.1.01.ItemDefinition=/PoliteDinner/Gameplay/WID_PoliteDinner.WID_PoliteDinner -> OK
[657] RowUpdate WorldList.BusConsumable.02.ItemDefinition=/ValidCandy/Gameplay/WID_Athena_ValidCandy.WID_Athena_ValidCandy -> OK
[658] RowUpdate WorldList.AthenaSupplyDrop.Heals.01.Weight=1.000000 -> OK
[659] RowUpdate WorldList.AthenaSupplyDrop.Heals.01.ItemDefinition=/PoliteDinner/Gameplay/WID_PoliteDinner.WID_PoliteDinner -> OK
[660] RowUpdate WorldList.AthenaSupplyDrop.Utility.01.Weight=1.500000 -> OK
[661] RowUpdate WorldList.AthenaSupplyDrop.Utility.01.ItemDefinition=/ValidCandy/Gameplay/WID_Athena_ValidCandy.WID_Athena_ValidCandy -> OK
[662] RowUpdate WorldList.AthenaSupplyDrop.Utility.02.Weight=1.500000 -> OK
[663] RowUpdate WorldList.AthenaSupplyDrop.Utility.02.ItemDefinition=/WinterDecay/Gameplay/WID_WinterDecay_Teleport.WID_WinterDecay_Teleport -> OK
[664] RowUpdate WorldList.AthenaSupplyDrop.Sp.Weapon.01.Weight=1.000000 -> OK
[665] RowUpdate WorldList.AthenaSupplyDrop.Sp.Weapon.01.ItemDefinition=/LemonExam/Gameplay/WID_Athena_LemonExam_SR.WID_Athena_LemonExam_SR -> OK
[666] RowUpdate WorldList.GoldLlama.Consumable.04.Weight=1.000000 -> OK
[667] RowUpdate WorldList.GoldLlama.Consumable.04.ItemDefinition=/PoliteDinner/Gameplay/WID_PoliteDinner.WID_PoliteDinner -> OK
[668] RowUpdate WorldList.AthenaBlitzLlama.StandardItem.01.Weight=1.000000 -> OK
[669] RowUpdate WorldList.AthenaBlitzLlama.StandardItem.01.ItemDefinition=/LemonExam/Gameplay/WID_Athena_LemonExam_SR.WID_Athena_LemonExam_SR -> OK
[670] RowUpdate WorldList.AthenaBlitzLlama.MythicItem.01.Weight=1.000000 -> OK
[671] RowUpdate WorldList.AthenaBlitzLlama.MythicItem.01.ItemDefinition=/LemonExam/Gameplay/WID_Athena_LemonExam_SR.WID_Athena_LemonExam_SR -> OK
[672] RowUpdate WorldList.AthenaHighConsumables.06.Weight=0.500000 -> OK
[673] RowUpdate WorldList.AthenaHighConsumables.06.ItemDefinition=/PoliteDinner/Gameplay/WID_PoliteDinner.WID_PoliteDinner -> OK
[674] RowUpdate WorldList.AthenaHighConsumables.07.Weight=0.500000 -> OK
[675] RowUpdate WorldList.AthenaHighConsumables.07.ItemDefinition=/WinterDecay/Gameplay/WID_WinterDecay_Teleport.WID_WinterDecay_Teleport -> OK
[676] RowUpdate WorldList.AthenaHighConsumables.08.Weight=0.500000 -> OK
[677] RowUpdate WorldList.AthenaHighConsumables.08.ItemDefinition=/ValidCandy/Gameplay/WID_Athena_ValidCandy.WID_Athena_ValidCandy -> OK
[678] RowUpdate WorldList.AthenaConsumables.05.Weight=0.250000 -> OK
[679] RowUpdate WorldList.AthenaConsumables.05.ItemDefinition=/PoliteDinner/Gameplay/WID_PoliteDinner.WID_PoliteDinner -> OK
[680] RowUpdate WorldList.AthenaConsumables.06.Weight=0.250000 -> OK
[681] RowUpdate WorldList.AthenaConsumables.06.ItemDefinition=/ValidCandy/Gameplay/WID_Athena_ValidCandy.WID_Athena_ValidCandy -> OK
[682] RowUpdate WorldList.AthenaConsumables.07.Weight=0.250000 -> OK
[683] RowUpdate WorldList.AthenaConsumables.07.ItemDefinition=/WinterDecay/Gameplay/WID_WinterDecay_Teleport.WID_WinterDecay_Teleport -> OK
[684] RowUpdate WorldList.AthenaHighConsumables.07.CountRange=(X=1,Y=1) -> OK
[685] RowUpdate WorldList.AthenaSupplyDrop.Utility.02.CountRange=(X=1,Y=1) -> OK
[686] RowUpdate WorldList.AthenaConsumables.07.CountRange=(X=1,Y=1) -> OK
[687] RowUpdate WorldList.GoldChest.Boons.01.Weight=1.000000 -> OK
[688] RowUpdate WorldList.GoldChest.Boons.01.ItemDefinition=/ValidCandy/Gameplay/WID_Athena_ValidCandy.WID_Athena_ValidCandy -> OK
[689] RowUpdate WorldList.GoldChest.Boons.02.Weight=1.000000 -> OK
[690] RowUpdate WorldList.GoldChest.Boons.02.ItemDefinition=/WinterDecay/Gameplay/WID_WinterDecay_Teleport.WID_WinterDecay_Teleport -> OK
[691] RowUpdate WorldList.GoldChest.Boons.03.Weight=1.000000 -> OK
[692] RowUpdate WorldList.GoldChest.Boons.03.ItemDefinition=/PoliteDinner/Gameplay/WID_PoliteDinner.WID_PoliteDinner -> OK
[HOTFIX:SEASON1] Addrow(TableUpdate) なし -> スキップ
[HOTFIX:SEASON1] done: applied=55, deleted=0, skipped=0
[HOTFIX:SEASON2] target=/ForbiddenFruitDataTables/DataTables/AthenaLootTierData_Client_ForbiddenFruitChapterOverride_NoBuild
[HOTFIX:SEASON2] Addrow(TableUpdate) なし -> スキップ
[HOTFIX:SEASON2] done: applied=0, deleted=0, skipped=0
[WRITE] final -> E:\フォートナイト\Picture\Loot Pool\TEST4\New Loot\System Update\ForbiddenFruit\input\AthenaLootPackages_Client__final.json
[WRITE] per-input -> E:\フォートナイト\Picture\Loot Pool\TEST4\New Loot\System Update\ForbiddenFruit\input\ForbiddenFruitChapterLootPackages__final.json
[WRITE] per-input -> E:\フォートナイト\Picture\Loot Pool\TEST4\New Loot\System Update\ForbiddenFruit\input\AthenaLootPackages_Client_ForbiddenFruitChapterOverride_NoBuild__final.json
2026-02-06 08:03:52 | INFO | hotfix start: E:\フォートナイト\Picture\Loot Pool\TEST4\New Loot\System Update\LootTier.py
2026-02-06 08:03:52 | INFO | hotfix lt stdout: [STEP1-2] merge E:\Fmodel\Exports\FortniteGame\Plugins\GameFeatures\ForbiddenFruitDataTables\Content\DataTables\AthenaLootTierData_Client_ForbiddenFruitChapterOverride_NoBuild.json : replaced=0, added=0
[HOTFIX:SEASON1] target=/ForbiddenFruitDataTables/DataTables/ForbiddenFruitChapterLootTierData
[HOTFIX:SEASON1] done: applied=0, deleted=0, skipped=0
[HOTFIX:SEASON2] target=/ForbiddenFruitDataTables/DataTables/AthenaLootTierData_Client_ForbiddenFruitChapterOverride_NoBuild
[HOTFIX:SEASON2] done: applied=0, deleted=0, skipped=0
[WRITE] final -> E:\フォートナイト\Picture\Loot Pool\TEST4\New Loot\System Update\ForbiddenFruit\input\AthenaLootTierData_Client__final.json
[WRITE] per-input -> E:\フォートナイト\Picture\Loot Pool\TEST4\New Loot\System Update\ForbiddenFruit\input\ForbiddenFruitChapterLootTierData__final.json
[WRITE] per-input -> E:\フォートナイト\Picture\Loot Pool\TEST4\New Loot\System Update\ForbiddenFruit\input\AthenaLootTierData_Client_ForbiddenFruitChapterOverride_NoBuild__final.json
2026-02-06 08:03:52 | INFO | ✓ Hotfix 適用完了 (0.34s)
2026-02-06 08:03:52 | INFO | load lt: E:\フォートナイト\Picture\Loot Pool\TEST4\New Loot\System Update\ForbiddenFruit\input\AthenaLootTierData_Client__final.json
2026-02-06 08:03:52 | INFO | load lp: E:\フォートナイト\Picture\Loot Pool\TEST4\New Loot\System Update\ForbiddenFruit\input\AthenaLootPackages_Client__final.json
2026-02-06 08:03:52 | INFO | load done (0.01s)
2026-02-06 08:03:52 | INFO | build summary start
2026-02-06 08:03:52 | INFO | build summary done (0.01s)
2026-02-06 08:03:52 | INFO | enrich summary with names start
2026-02-06 08:03:52 | INFO | enrich summary done (0.00s)
2026-02-06 08:03:52 | INFO | ✅ まとめJSONを作成: E:\フォートナイト\Picture\Loot Pool\TEST4\New Loot\System Update\ForbiddenFruit\output\summary\v39.30_2026-02-06_08-03.json
2026-02-06 08:03:52 | INFO | build BR_LootData start
2026-02-06 08:03:52 | INFO | build BR_LootData done (0.00s)
2026-02-06 08:03:52 | INFO | ✅ BR_LootData を作成: E:\フォートナイト\Picture\Loot Pool\TEST4\New Loot\System Update\戦利品データ\ForbiddenFruit\ForbiddenFruit_LootData_2026-02-06_08-03.json
2026-02-06 08:03:52 | INFO | ✅ Web LootPool を更新: E:\フォートナイト\Web\assets\data\Loot\Blitz_LootPool.json
2026-02-06 08:03:52 | INFO | LootSummary start: E:\フォートナイト\Picture\Loot Pool\TEST4\New Loot\System Update\ForbiddenFruit\scripts\LootSummary.py
2026-02-06 08:03:52 | INFO | LootSummary stdout: 🔎 抽出用: 最新ファイル = E:\フォートナイト\Picture\Loot Pool\TEST4\New Loot\System Update\ForbiddenFruit\output\summary\v39.30_2026-02-06_08-03.json
✅ 抽出件数: 159
💾 保存: E:\フォートナイト\Picture\Loot Pool\TEST4\New Loot\System Update\ForbiddenFruit\input\items_unique_min.json
🔎 比較用: base   = E:\フォートナイト\Picture\Loot Pool\TEST4\New Loot\System Update\ForbiddenFruit\output\summary\v39.30_2026-02-06_07-58.json
🔎 比較用: target = E:\フォートナイト\Picture\Loot Pool\TEST4\New Loot\System Update\ForbiddenFruit\output\summary\v39.30_2026-02-06_08-03.json
✅ 差分作成 完了
  追加   : 0 / 削除 : 0 / 変更 : 0 / 変化なし : 159
💾 差分: E:\フォートナイト\Picture\Loot Pool\TEST4\New Loot\System Update\ForbiddenFruit\output\history\BR_20260206_0803\items_unique_min_diff.json
2026-02-06 08:03:52 | WARNING | LootSummary stderr: E:\フォートナイト\Picture\Loot Pool\TEST4\New Loot\System Update\ForbiddenFruit\scripts\LootSummary.py:2: SyntaxWarning: invalid escape sequence '\B'
  """
2026-02-06 08:03:52 | INFO | ✅ LootSummary 実行完了（抽出→比較） (0.09s)
2026-02-06 08:03:52 | INFO | prewarm start
2026-02-06 08:04:24 | INFO | ✅ アイコンキャッシュ プリウォーム完了 (31.39s)
2026-02-06 08:04:24 | INFO | 画像化タスク数: 159
2026-02-06 08:04:24 | INFO | 画像生成 進捗: 1/159
2026-02-06 08:04:26 | INFO | 画像生成 進捗: 50/159
2026-02-06 08:04:27 | INFO | 画像生成 進捗: 100/159
2026-02-06 08:04:29 | INFO | 画像生成 進捗: 150/159
2026-02-06 08:04:29 | INFO | 画像生成 進捗: 159/159
2026-02-06 08:04:29 | INFO | ✅ 画像生成 完了（MinListベース）
2026-02-06 08:04:29 | INFO | ✅ Loot diff: 変更なし（作成スキップ）
2026-02-06 08:04:29 | INFO | ℹ️ BR_Discord が見つかりません: E:\フォートナイト\Picture\Loot Pool\TEST4\New Loot\System Update\ForbiddenFruit\scripts\BR_Discor.py
2026-02-06 08:04:29 | INFO | git add: E:\フォートナイト\Picture\Loot Pool\TEST4\New Loot
2026-02-06 08:04:30 | INFO | git commit stdout: [main eef1ccd] ForbiddenFruit update 2026-02-06 08:04:29
 7 files changed, 22851 insertions(+), 2 deletions(-)
 create mode 100644 System Update/ForbiddenFruit/output/history/BR_20260206_0803/items_unique_min_diff.json
 create mode 100644 System Update/ForbiddenFruit/output/logs/pipeline_2026-02-06_08-03-52.log
 create mode 100644 System Update/ForbiddenFruit/output/summary/v39.30_2026-02-06_08-03.json
 create mode 100644 "System Update/\346\210\246\345\210\251\345\223\201\343\203\207\343\203\274\343\202\277/ForbiddenFruit/ForbiddenFruit_LootData_2026-02-06_08-03.json"
2026-02-06 08:04:32 | WARNING | git push stderr: To https://github.com/Greenfox0833/New-Loot.git
   2854902..eef1ccd  main -> main
2026-02-06 08:04:32 | INFO | ✓ GitHub Push 完了
2026-02-06 08:04:32 | INFO | ===== ForbiddenFruit: pipeline end =====
