2026-04-30 18:06:54 | INFO | log file: E:\フォートナイト\Picture\Loot Pool\TEST4\New Loot\System Update\ForbiddenFruit\output\logs\pipeline_2026-04-30_18-06-54.log
2026-04-30 18:06:54 | INFO | ===== ForbiddenFruit: pipeline start =====
2026-04-30 18:06:54 | INFO | paths: lt=E:\フォートナイト\Picture\Loot Pool\TEST4\New Loot\System Update\ForbiddenFruit\input\AthenaLootTierData_Client__final.json lp=E:\フォートナイト\Picture\Loot Pool\TEST4\New Loot\System Update\ForbiddenFruit\input\AthenaLootPackages_Client__final.json minlist=E:\フォートナイト\Picture\Loot Pool\TEST4\New Loot\System Update\ForbiddenFruit\input\items_unique_min.json
2026-04-30 18:06:54 | INFO | output: summary=E:\フォートナイト\Picture\Loot Pool\TEST4\New Loot\System Update\ForbiddenFruit\output\summary lootdata=E:\フォートナイト\Picture\Loot Pool\TEST4\New Loot\System Update\戦利品データ\ForbiddenFruit
2026-04-30 18:06:54 | INFO | flags: hotfix=True prewarm=True image=True workers=8
2026-04-30 18:06:54 | INFO | hotfix start: E:\フォートナイト\Picture\Loot Pool\TEST4\New Loot\System Update\LootPackage.py
2026-04-30 18:06:55 | INFO | hotfix lp stdout: [STEP1-1] base E:\Fmodel\Exports\FortniteGame\Plugins\GameFeatures\ForbiddenFruitDataTables\Content\DataTables\ForbiddenFruitChapterLootPackages.json
[HOTFIX:SEASON1] target=/ForbiddenFruitDataTables/DataTables/ForbiddenFruitChapterLootPackages
[710] RowUpdate WorldList.BusWeap.01.ItemDefinition=/TeaCakeWeapons/Gameplay/TeaCake_Pistol/WID_Pistol_Heavy_TeaCake_Athena_UC.WID_Pistol_Heavy_TeaCake_Athena_UC -> OK
[711] RowUpdate WorldList.BusWeap.02.Weight=0.660000 -> OK
[712] RowUpdate WorldList.BusWeap.02.ItemDefinition=/TeaCakeWeapons/Gameplay/TeaCake_Pistol/WID_Pistol_Heavy_TeaCake_Athena_R.WID_Pistol_Heavy_TeaCake_Athena_R -> OK
[713] RowUpdate WorldList.BusWeap.03.Weight=1.000000 -> OK
[714] RowUpdate WorldList.BusWeap.03.ItemDefinition=/MusterCoreWeapons/Items/Weapons/MusterQuickSMG/WID_SMG_MusterQuick_Athena_UC.WID_SMG_MusterQuick_Athena_UC -> OK
[715] RowUpdate WorldList.BusWeap.04.Weight=1.000000 -> OK
[716] RowUpdate WorldList.BusWeap.04.ItemDefinition=/MusterCoreWeapons/Items/Weapons/MusterPistol/WID_Pistol_Muster_Athena_UC.WID_Pistol_Muster_Athena_UC -> OK
[717] RowUpdate WorldList.BusWeap.05.Weight=1.000000 -> OK
[718] RowUpdate WorldList.BusWeap.05.ItemDefinition=/MusterCoreWeapons/Items/Weapons/MusterPumpShotgun/WID_Shotgun_MusterPump_Athena_UC.WID_Shotgun_MusterPump_Athena_UC -> OK
[719] RowUpdate WorldList.BusWeap.06.Weight=1.000000 -> OK
[720] RowUpdate WorldList.BusWeap.06.ItemDefinition=/MusterCoreWeapons/Items/Weapons/MusterDPSShotgun/WID_Shotgun_MusterDPS_Athena_UC.WID_Shotgun_MusterDPS_Athena_UC -> OK
[721] RowUpdate WorldList.BusWeap.07.Weight=0.000000 -> OK
[722] RowUpdate WorldList.BusWeap.07.ItemDefinition=/PepperCatGameplay/Gameplay/WID_PepperCat_VR.WID_PepperCat_VR -> OK
[723] RowUpdate WorldList.BusWeap.08.Weight=0.660000 -> OK
[724] RowUpdate WorldList.BusWeap.08.ItemDefinition=/MusterCoreWeapons/Items/Weapons/SwordDMR/WID_Sniper_NoScope_ExSword_Athena_R.WID_Sniper_NoScope_ExSword_Athena_R -> OK
[725] RowUpdate WorldList.BusGrant.ItemSet.1.01.Weight=1.000000 -> OK
[726] RowUpdate WorldList.BusGrant.ItemSet.1.01.CountRange=(X=3,Y=3) -> OK
[727] RowUpdate WorldList.BusGrant.ItemSet.1.01.ItemDefinition=/MusterConsumables/Items/EnergyDrink/Items/WID_Athena_EnergyDrink.WID_Athena_EnergyDrink -> OK
[728] RowUpdate WorldList.GoldChest.Boons.01.Weight=0.000000 -> OK
[729] RowUpdate WorldList.GoldChest.Boons.01.ItemDefinition=/PepperCatGameplay/Gameplay/WID_PepperCat_VR.WID_PepperCat_VR -> OK
[730] RowUpdate WorldList.GoldChest.Boons.02.Weight=1.000000 -> OK
[731] RowUpdate WorldList.GoldChest.Boons.02.ItemDefinition=/ShockwaveMace/Items/WID_Muster_ShockwaveMace.WID_Muster_ShockwaveMace -> OK
[732] RowUpdate WorldList.GoldChest.Boons.04.Weight=1.000000 -> OK
[733] RowUpdate WorldList.GoldChest.Boons.04.ItemDefinition=/MusterCoreWeapons/Items/Weapons/SwordDMR/WID_Sniper_NoScope_ExSword_Athena_VR.WID_Sniper_NoScope_ExSword_Athena_VR -> OK
[734] RowUpdate WorldList.GoldChest.Medallions.01.Weight=1.000000 -> OK
[735] RowUpdate WorldList.GoldChest.Medallions.01.ItemDefinition=/ZiplineDeployer/Gameplay/WID_ZiplineDeployer_VR.WID_ZiplineDeployer_VR -> OK
[736] RowUpdate WorldList.AthenaSupplyDrop.Utility.01.Weight=1.000000 -> OK
[737] RowUpdate WorldList.AthenaSupplyDrop.Utility.01.ItemDefinition=/ZiplineDeployer/Gameplay/WID_ZiplineDeployer_VR.WID_ZiplineDeployer_VR -> OK
[738] RowUpdate WorldList.AthenaBlitzLlama.MythicItem.01.Weight=0.000000 -> OK
[739] RowUpdate WorldList.AthenaBlitzLlama.MythicItem.01.ItemDefinition=/PepperCatGameplay/Gameplay/WID_PepperCat_UR.WID_PepperCat_UR -> OK
[740] RowUpdate WorldList.AthenaBlitzLlama.MythicItem.02.Weight=1.000000 -> OK
[741] RowUpdate WorldList.AthenaBlitzLlama.MythicItem.02.ItemDefinition=/TeaCakeWeapons/Gameplay/TeaCake_Pistol/WID_Pistol_Heavy_TeaCake_Athena_UR.WID_Pistol_Heavy_TeaCake_Athena_UR -> OK
[742] RowUpdate WorldList.AthenaBlitzLlama.MythicItem.03.Weight=1.000000 -> OK
[743] RowUpdate WorldList.AthenaBlitzLlama.MythicItem.03.ItemDefinition=/MusterCoreWeapons/Items/Weapons/SwordDMR/WID_Sniper_NoScope_ExSword_Athena_UR_EmblemBoss.WID_Sniper_NoScope_ExSword_Athena_UR_EmblemBoss -> OK
[744] RowUpdate WorldList.AthenaBlitzLlama.MythicItem.04.Weight=1.000000 -> OK
[745] RowUpdate WorldList.AthenaBlitzLlama.MythicItem.04.ItemDefinition=/ShockwaveMace/Items/WID_Muster_ShockwaveMace_Mythic.WID_Muster_ShockwaveMace_Mythic -> OK
[746] RowUpdate WorldList.AthenaSupplyDrop.Utility.01.Weight=1.000000 -> OK
[747] RowUpdate WorldList.AthenaSupplyDrop.Utility.01.ItemDefinition=/ZiplineDeployer/Gameplay/WID_ZiplineDeployer_VR.WID_ZiplineDeployer_VR -> OK
[748] RowUpdate WorldList.AthenaSupplyDrop.Sp.Weapon.01.Weight=1.000000 -> OK
[749] RowUpdate WorldList.AthenaSupplyDrop.Sp.Weapon.01.ItemDefinition=/TeaCakeWeapons/Gameplay/TeaCake_Pistol/WID_Pistol_Heavy_TeaCake_Athena_SR.WID_Pistol_Heavy_TeaCake_Athena_SR -> OK
[750] RowUpdate WorldList.AthenaSupplyDrop.Sp.Weapon.02.Weight=0.000000 -> OK
[751] RowUpdate WorldList.AthenaSupplyDrop.Sp.Weapon.02.ItemDefinition=/PepperCatGameplay/Gameplay/WID_PepperCat_SR.WID_PepperCat_SR -> OK
[752] RowUpdate WorldList.AthenaSupplyDrop.Sp.Weapon.03.Weight=1.000000 -> OK
[753] RowUpdate WorldList.AthenaSupplyDrop.Sp.Weapon.03.ItemDefinition=/MusterCoreWeapons/Items/Weapons/SwordDMR/WID_Sniper_NoScope_ExSword_Athena_SR.WID_Sniper_NoScope_ExSword_Athena_SR -> OK
[754] RowUpdate WorldList.AthenaSupplyDrop.Sp.Weapon.04.Weight=1.000000 -> OK
[755] RowUpdate WorldList.AthenaSupplyDrop.Sp.Weapon.04.ItemDefinition=/ShockwaveMace/Items/WID_Muster_ShockwaveMace_Mythic.WID_Muster_ShockwaveMace_Mythic -> OK
[756] RowUpdate WorldList.AthenaAmmoLarge.06.Weight=0.800000 -> OK
[757] RowUpdate WorldList.AthenaAmmoSmall.04.Weight=0.800000 -> OK
[758] RowUpdate WorldList.BusAmmoHeavy.01.Weight=1.000000 -> OK
[759] RowUpdate WorldList.AthenaLoot.Ammo.Heavy.01.Weight=0.800000 -> OK
[760] RowUpdate WorldList.AthenaLoot.Ammo.06.Weight=0.800000 -> OK
[HOTFIX:SEASON1] Addrow(TableUpdate) なし -> スキップ
[HOTFIX:SEASON1] done: applied=51, deleted=0, skipped=0
[STEP1-2] merge E:\Fmodel\Exports\FortniteGame\Plugins\GameFeatures\ForbiddenFruitDataTables\Content\DataTables\AthenaLootPackages_Client_ForbiddenFruitChapterOverride_NoBuild.json : replaced=20, added=9
[HOTFIX:SEASON2] target=/ForbiddenFruitDataTables/DataTables/AthenaLootTierData_Client_ForbiddenFruitChapterOverride_NoBuild
[HOTFIX:SEASON2] Addrow(TableUpdate) なし -> スキップ
[HOTFIX:SEASON2] done: applied=0, deleted=0, skipped=0
[WRITE] final -> E:\フォートナイト\Picture\Loot Pool\TEST4\New Loot\System Update\ForbiddenFruit\input\AthenaLootPackages_Client__final.json
[WRITE] per-input -> E:\フォートナイト\Picture\Loot Pool\TEST4\New Loot\System Update\ForbiddenFruit\input\ForbiddenFruitChapterLootPackages__final.json
[WRITE] per-input -> E:\フォートナイト\Picture\Loot Pool\TEST4\New Loot\System Update\ForbiddenFruit\input\AthenaLootPackages_Client_ForbiddenFruitChapterOverride_NoBuild__final.json
2026-04-30 18:06:55 | INFO | hotfix start: E:\フォートナイト\Picture\Loot Pool\TEST4\New Loot\System Update\LootTier.py
2026-04-30 18:06:55 | INFO | hotfix lt stdout: [STEP1-1] base E:\Fmodel\Exports\FortniteGame\Plugins\GameFeatures\ForbiddenFruitDataTables\Content\DataTables\ForbiddenFruitChapterLootTierData.json
[HOTFIX:SEASON1] target=/ForbiddenFruitDataTables/DataTables/ForbiddenFruitChapterLootTierData
[HOTFIX:SEASON1] done: applied=0, deleted=0, skipped=0
[STEP1-2] merge E:\Fmodel\Exports\FortniteGame\Plugins\GameFeatures\ForbiddenFruitDataTables\Content\DataTables\AthenaLootTierData_Client_ForbiddenFruitChapterOverride_NoBuild.json : replaced=0, added=0
[HOTFIX:SEASON2] target=/ForbiddenFruitDataTables/DataTables/AthenaLootTierData_Client_ForbiddenFruitChapterOverride_NoBuild
[HOTFIX:SEASON2] done: applied=0, deleted=0, skipped=0
[WRITE] final -> E:\フォートナイト\Picture\Loot Pool\TEST4\New Loot\System Update\ForbiddenFruit\input\AthenaLootTierData_Client__final.json
[WRITE] per-input -> E:\フォートナイト\Picture\Loot Pool\TEST4\New Loot\System Update\ForbiddenFruit\input\ForbiddenFruitChapterLootTierData__final.json
[WRITE] per-input -> E:\フォートナイト\Picture\Loot Pool\TEST4\New Loot\System Update\ForbiddenFruit\input\AthenaLootTierData_Client_ForbiddenFruitChapterOverride_NoBuild__final.json
2026-04-30 18:06:55 | INFO | ✓ Hotfix 適用完了 (0.47s)
2026-04-30 18:06:55 | INFO | load lt: E:\フォートナイト\Picture\Loot Pool\TEST4\New Loot\System Update\ForbiddenFruit\input\AthenaLootTierData_Client__final.json
2026-04-30 18:06:55 | INFO | load lp: E:\フォートナイト\Picture\Loot Pool\TEST4\New Loot\System Update\ForbiddenFruit\input\AthenaLootPackages_Client__final.json
2026-04-30 18:06:55 | INFO | load done (0.01s)
2026-04-30 18:06:55 | INFO | build summary start
