2026-01-23 21:23:54 | INFO | log file: E:\フォートナイト\Picture\Loot Pool\TEST4\New Loot\System Update\ForbiddenFruit\output\logs\pipeline_2026-01-23_21-23-54.log
2026-01-23 21:23:54 | INFO | ===== ForbiddenFruit: pipeline start =====
2026-01-23 21:23:54 | INFO | paths: lt=E:\フォートナイト\Picture\Loot Pool\TEST4\New Loot\System Update\ForbiddenFruit\input\AthenaLootTierData_Client__final.json lp=E:\フォートナイト\Picture\Loot Pool\TEST4\New Loot\System Update\ForbiddenFruit\input\AthenaLootPackages_Client__final.json minlist=E:\フォートナイト\Picture\Loot Pool\TEST4\New Loot\System Update\ForbiddenFruit\input\items_unique_min.json
2026-01-23 21:23:54 | INFO | output: summary=E:\フォートナイト\Picture\Loot Pool\TEST4\New Loot\System Update\ForbiddenFruit\output\summary lootdata=E:\フォートナイト\Picture\Loot Pool\TEST4\New Loot\System Update\戦利品データ\ForbiddenFruit
2026-01-23 21:23:54 | INFO | flags: hotfix=True prewarm=True image=True workers=8
2026-01-23 21:23:54 | INFO | hotfix start: E:\フォートナイト\Picture\Loot Pool\TEST4\New Loot\System Update\LootPackage.py
2026-01-23 21:23:55 | INFO | hotfix lp stdout: [STEP1-2] merge E:\Fmodel\Exports\FortniteGame\Plugins\GameFeatures\ForbiddenFruitDataTables\Content\DataTables\AthenaLootPackages_Client_ForbiddenFruitChapterOverride_NoBuild.json : replaced=20, added=9
[HOTFIX:SEASON1] target=/ForbiddenFruitDataTables/DataTables/ForbiddenFruitChapterLootPackages
[629] RowUpdate WorldList.BusGold.01.CountRange=(X=500,Y=500) -> OK
[630] RowUpdate WorldList.BusWeap.02.Weight=1.000000 -> OK
[631] RowUpdate WorldList.BusWeap.02.ItemDefinition=/FirePetalWeaponGameplay/Gameplay/FirePetal_SMG_Quirky/WID_SMG_FirePetal_Quirky_Athena_R.WID_SMG_FirePetal_Quirky_Athena_R -> OK
[632] RowUpdate WorldList.BusWeap.03.Weight=1.000000 -> OK
[633] RowUpdate WorldList.BusWeap.03.ItemDefinition=/TidalCraneWeaponGameplay/Gameplay/Weapons/MilitaryAR/WID_Assault_TidalCrane_Athena_R.WID_Assault_TidalCrane_Athena_R -> OK
[636] RowUpdate WorldList.BusAmmoRockets.01.Weight=1.000000 -> OK
[637] RowUpdate WorldList.BusAmmoRockets.01.CountRange=(X=12,Y=12) -> OK
[638] RowUpdate WorldList.BusWeap.01.ItemDefinition=/DragonCartWeaponGameplay/Gameplay/DragonCart_DualShotguns/WID_Shotgun_Auto_Dual_DragonCart_Athena_UC.WID_Shotgun_Auto_Dual_DragonCart_Athena_UC -> OK
[639] RowUpdate WorldList.BusWeap.02.Weight=1.000000 -> OK
[640] RowUpdate WorldList.BusWeap.02.ItemDefinition=/CherrySmokeWeaponGameplay/Gameplay/Pistol/WID_Pistol_Auto_CherrySmoke_Athena_UC.WID_Pistol_Auto_CherrySmoke_Athena_UC -> OK
[641] RowUpdate WorldList.BusWeap.03.Weight=1.000000 -> OK
[642] RowUpdate WorldList.BusWeap.03.ItemDefinition=/DragonCartWeaponGameplay/Gameplay/DragonCart_SMG/SMG_Standard_DragonCart/WID_SMG_DragonCart_Athena_UC.WID_SMG_DragonCart_Athena_UC -> OK
[643] RowUpdate WorldList.BusWeap.04.Weight=0.330000 -> OK
[644] RowUpdate WorldList.BusWeap.04.ItemDefinition=/Game/Athena/Items/Weapons/WID_Assault_SemiAuto_Athena_UR_Ore_T03.WID_Assault_SemiAuto_Athena_UR_Ore_T03 -> OK
[645] RowUpdate WorldList.BusWeap.05.Weight=0.330000 -> OK
[646] RowUpdate WorldList.BusWeap.05.ItemDefinition=/Game/Athena/Items/Weapons/Boss/WID_Boss_Adventure_AR.WID_Boss_Adventure_AR -> OK
[647] RowUpdate WorldList.BusGrant.ItemSet.1.01.Weight=1.000000 -> OK
[648] RowUpdate WorldList.BusGrant.ItemSet.1.01.CountRange=(X=3,Y=3) -> OK
[649] RowUpdate WorldList.BusGrant.ItemSet.1.01.ItemDefinition=/HopscotchWeaponsGameplay/Items/Proto/WID_Athena_AppleSunSmall.WID_Athena_AppleSunSmall -> OK
[650] RowUpdate WorldList.BusGrant.ItemSet.2.01.Weight=1.000000 -> OK
[651] RowUpdate WorldList.BusGrant.ItemSet.2.01.CountRange=(X=2,Y=2) -> OK
[652] RowUpdate WorldList.BusGrant.ItemSet.2.01.ItemDefinition=/Game/Athena/Items/Consumables/Flopper/Thermal/WID_Athena_Flopper_Thermal.WID_Athena_Flopper_Thermal -> OK
[653] RowUpdate WorldList.AthenaSupplyDrop.Utility.04.Weight=0.000000 -> OK
[654] RowUpdate WorldList.AthenaSupplyDrop.Utility.05.Weight=0.000000 -> OK
[655] RowUpdate WorldList.AthenaSupplyDrop.Utility.12.Weight=1.000000 -> OK
[656] RowUpdate WorldList.AthenaSupplyDrop.Utility.12.ItemDefinition=/StealthSplash/Gameplay/WID_StealthSplash.WID_StealthSplash -> OK
[657] RowUpdate WorldList.AthenaSupplyDrop.Utility.14.Weight=0.000000 -> OK
[658] RowUpdate WorldList.GoldChest.Boons.01.Weight=1.000000 -> OK
[659] RowUpdate WorldList.GoldChest.Boons.01.CountRange=(X=2,Y=2) -> OK
[660] RowUpdate WorldList.GoldChest.Boons.01.ItemDefinition=/StealthSplash/Gameplay/WID_StealthSplash.WID_StealthSplash -> OK
[661] RowUpdate WorldList.GoldChest.Medallions.01.Weight=1.000000 -> OK
[662] RowUpdate WorldList.GoldChest.Medallions.01.CountRange=(X=2,Y=2) -> OK
[663] RowUpdate WorldList.GoldChest.Medallions.01.ItemDefinition=/Game/Athena/Items/Consumables/Flopper/Thermal/WID_Athena_Flopper_Thermal.WID_Athena_Flopper_Thermal -> OK
[664] RowUpdate WorldList.AthenaSupplyDrop.Sp.Weapon.01.Weight=1.000000 -> OK
[665] RowUpdate WorldList.AthenaSupplyDrop.Sp.Weapon.01.ItemDefinition=/CrimsonMist/Gameplay/Weapons/HeavyMinigun/WID_CrimsonMist_HeavyMinigun_VR.WID_CrimsonMist_HeavyMinigun_VR -> OK
[666] RowUpdate WorldList.AthenaBlitzLlama.StandardItem.01.Weight=1.000000 -> OK
[667] RowUpdate WorldList.AthenaBlitzLlama.StandardItem.01.ItemDefinition=/CrimsonMist/Gameplay/Weapons/HeavyMinigun/WID_CrimsonMist_HeavyMinigun_VR.WID_CrimsonMist_HeavyMinigun_VR -> OK
[668] RowUpdate WorldList.AthenaBlitzLlama.MythicItem.01.Weight=1.000000 -> OK
[669] RowUpdate WorldList.AthenaBlitzLlama.MythicItem.01.ItemDefinition=/CrimsonMist/Gameplay/Weapons/HeavyMinigun/WID_CrimsonMist_HeavyMinigun_UR.WID_CrimsonMist_HeavyMinigun_UR -> OK
[HOTFIX:SEASON1] Addrow(TableUpdate) なし -> スキップ
[HOTFIX:SEASON1] done: applied=39, deleted=0, skipped=0
[HOTFIX:SEASON2] target=/ForbiddenFruitDataTables/DataTables/AthenaLootTierData_Client_ForbiddenFruitChapterOverride_NoBuild
[HOTFIX:SEASON2] Addrow(TableUpdate) なし -> スキップ
[HOTFIX:SEASON2] done: applied=0, deleted=0, skipped=0
[WRITE] final -> E:\フォートナイト\Picture\Loot Pool\TEST4\New Loot\System Update\ForbiddenFruit\input\AthenaLootPackages_Client__final.json
[WRITE] per-input -> E:\フォートナイト\Picture\Loot Pool\TEST4\New Loot\System Update\ForbiddenFruit\input\ForbiddenFruitChapterLootPackages__final.json
[WRITE] per-input -> E:\フォートナイト\Picture\Loot Pool\TEST4\New Loot\System Update\ForbiddenFruit\input\AthenaLootPackages_Client_ForbiddenFruitChapterOverride_NoBuild__final.json
2026-01-23 21:23:55 | INFO | hotfix start: E:\フォートナイト\Picture\Loot Pool\TEST4\New Loot\System Update\LootTier.py
2026-01-23 21:23:55 | INFO | hotfix lt stdout: [STEP1-2] merge E:\Fmodel\Exports\FortniteGame\Plugins\GameFeatures\ForbiddenFruitDataTables\Content\DataTables\AthenaLootTierData_Client_ForbiddenFruitChapterOverride_NoBuild.json : replaced=0, added=0
[HOTFIX:SEASON1] target=/ForbiddenFruitDataTables/DataTables/ForbiddenFruitChapterLootTierData
[HOTFIX:SEASON1] done: applied=0, deleted=0, skipped=0
[HOTFIX:SEASON2] target=/ForbiddenFruitDataTables/DataTables/AthenaLootTierData_Client_ForbiddenFruitChapterOverride_NoBuild
[HOTFIX:SEASON2] done: applied=0, deleted=0, skipped=0
[WRITE] final -> E:\フォートナイト\Picture\Loot Pool\TEST4\New Loot\System Update\ForbiddenFruit\input\AthenaLootTierData_Client__final.json
[WRITE] per-input -> E:\フォートナイト\Picture\Loot Pool\TEST4\New Loot\System Update\ForbiddenFruit\input\ForbiddenFruitChapterLootTierData__final.json
[WRITE] per-input -> E:\フォートナイト\Picture\Loot Pool\TEST4\New Loot\System Update\ForbiddenFruit\input\AthenaLootTierData_Client_ForbiddenFruitChapterOverride_NoBuild__final.json
2026-01-23 21:23:55 | INFO | ✓ Hotfix 適用完了 (0.94s)
2026-01-23 21:23:55 | INFO | load lt: E:\フォートナイト\Picture\Loot Pool\TEST4\New Loot\System Update\ForbiddenFruit\input\AthenaLootTierData_Client__final.json
2026-01-23 21:23:55 | INFO | load lp: E:\フォートナイト\Picture\Loot Pool\TEST4\New Loot\System Update\ForbiddenFruit\input\AthenaLootPackages_Client__final.json
2026-01-23 21:23:55 | INFO | load done (0.02s)
2026-01-23 21:23:55 | INFO | build summary start
2026-01-23 21:23:55 | INFO | build summary done (0.01s)
2026-01-23 21:23:55 | INFO | enrich summary with names start
2026-01-23 21:23:55 | INFO | enrich summary done (0.00s)
2026-01-23 21:23:55 | INFO | ✅ まとめJSONを作成: E:\フォートナイト\Picture\Loot Pool\TEST4\New Loot\System Update\ForbiddenFruit\output\summary\v39.30_2026-01-23_21-23.json
2026-01-23 21:23:55 | INFO | build BR_LootData start
2026-01-23 21:23:55 | INFO | build BR_LootData done (0.00s)
2026-01-23 21:23:55 | INFO | ✅ BR_LootData を作成: E:\フォートナイト\Picture\Loot Pool\TEST4\New Loot\System Update\戦利品データ\ForbiddenFruit\ForbiddenFruit_LootData_2026-01-23_21-23.json
2026-01-23 21:23:55 | INFO | ✅ Web LootPool を更新: E:\フォートナイト\Web\assets\data\Loot\Blitz_LootPool.json
2026-01-23 21:23:55 | INFO | LootSummary start: E:\フォートナイト\Picture\Loot Pool\TEST4\New Loot\System Update\ForbiddenFruit\scripts\LootSummary.py
2026-01-23 21:23:55 | INFO | LootSummary stdout: 🔎 抽出用: 最新ファイル = E:\フォートナイト\Picture\Loot Pool\TEST4\New Loot\System Update\ForbiddenFruit\output\summary\v39.30_2026-01-23_21-23.json
✅ 抽出件数: 157
💾 保存: E:\フォートナイト\Picture\Loot Pool\TEST4\New Loot\System Update\ForbiddenFruit\input\items_unique_min.json
🔎 比較用: base   = E:\フォートナイト\Picture\Loot Pool\TEST4\New Loot\System Update\ForbiddenFruit\output\summary\v39.30_2026-01-22_22-44.json
🔎 比較用: target = E:\フォートナイト\Picture\Loot Pool\TEST4\New Loot\System Update\ForbiddenFruit\output\summary\v39.30_2026-01-23_21-23.json
✅ 差分作成 完了
  追加   : 0 / 削除 : 0 / 変更 : 0 / 変化なし : 157
💾 差分: E:\フォートナイト\Picture\Loot Pool\TEST4\New Loot\System Update\ForbiddenFruit\output\history\BR_20260123_2123\items_unique_min_diff.json
2026-01-23 21:23:55 | WARNING | LootSummary stderr: E:\フォートナイト\Picture\Loot Pool\TEST4\New Loot\System Update\ForbiddenFruit\scripts\LootSummary.py:2: SyntaxWarning: invalid escape sequence '\B'
  """
2026-01-23 21:23:55 | INFO | ✅ LootSummary 実行完了（抽出→比較） (0.23s)
2026-01-23 21:23:55 | INFO | prewarm start
2026-01-23 21:24:27 | INFO | ✅ アイコンキャッシュ プリウォーム完了 (32.00s)
2026-01-23 21:24:27 | INFO | 画像化タスク数: 157
2026-01-23 21:24:28 | INFO | 画像生成 進捗: 1/157
2026-01-23 21:24:30 | INFO | 画像生成 進捗: 50/157
2026-01-23 21:24:31 | INFO | 画像生成 進捗: 100/157
2026-01-23 21:24:33 | INFO | 画像生成 進捗: 150/157
2026-01-23 21:24:33 | INFO | 画像生成 進捗: 157/157
2026-01-23 21:24:33 | INFO | ✅ 画像生成 完了（MinListベース）
2026-01-23 21:24:33 | INFO | ℹ️ BR_Discord が見つかりません: E:\フォートナイト\Picture\Loot Pool\TEST4\New Loot\System Update\ForbiddenFruit\scripts\BR_Discor.py
2026-01-23 21:24:33 | INFO | git add: E:\フォートナイト\Picture\Loot Pool\TEST4\New Loot
2026-01-23 21:24:36 | INFO | git commit stdout: [main 2d35f99] ForbiddenFruit update 2026-01-23 21:24:35
 163 files changed, 21588 insertions(+)
 create mode 100644 System Update/ForbiddenFruit/output/history/BR_20260123_2123/items_unique_min_diff.json
 create mode 100644 System Update/ForbiddenFruit/output/logs/pipeline_2026-01-23_21-23-54.log
 create mode 100644 System Update/ForbiddenFruit/output/summary/v39.30_2026-01-23_21-23.json
 create mode 100644 "System Update/shared/images/ForbiddenFruit/Blitz \343\203\235\343\203\263\343\203\227\343\202\267\343\203\247\343\203\203\343\203\210\343\202\254\343\203\263 - \343\203\206\343\202\243\343\202\2427.png"
 create mode 100644 "System Update/shared/images/ForbiddenFruit/O.X.R.\343\203\251\343\202\244\343\203\225\343\203\253 - \343\203\206\343\202\243\343\202\2422.png"
 create mode 100644 "System Update/shared/images/ForbiddenFruit/O.X.R.\343\203\251\343\202\244\343\203\225\343\203\253 - \343\203\206\343\202\243\343\202\2423.png"
 create mode 100644 "System Update/shared/images/ForbiddenFruit/O.X.R.\343\203\251\343\202\244\343\203\225\343\203\253 - \343\203\206\343\202\243\343\202\2424.png"
 create mode 100644 "System Update/shared/images/ForbiddenFruit/O.X.R.\343\203\251\343\202\244\343\203\225\343\203\253 - \343\203\206\343\202\243\343\202\2425.png"
 create mode 100644 "System Update/shared/images/ForbiddenFruit/O.X.R.\343\203\251\343\202\244\343\203\225\343\203\253 - \343\203\206\343\202\243\343\202\2427.png"
 create mode 100644 "System Update/shared/images/ForbiddenFruit/\343\202\242\343\202\244\343\202\242\343\203\263\343\203\235\343\203\263\343\203\227\343\202\267\343\203\247\343\203\203\343\203\210\343\202\254\343\203\263 - \343\203\206\343\202\243\343\202\2422.png"
 create mode 100644 "System Update/shared/images/ForbiddenFruit/\343\202\242\343\202\244\343\202\242\343\203\263\343\203\235\343\203\263\343\203\227\343\202\267\343\203\247\343\203\203\343\203\210\343\202\254\343\203\263 - \343\203\206\343\202\243\343\202\2423.png"
 create mode 100644 "System Update/shared/images/ForbiddenFruit/\343\202\242\343\202\244\343\202\242\343\203\263\343\203\235\343\203\263\343\203\227\343\202\267\343\203\247\343\203\203\343\203\210\343\202\254\343\203\263 - \343\203\206\343\202\243\343\202\2424.png"
 create mode 100644 "System Update/shared/images/ForbiddenFruit/\343\202\242\343\202\244\343\202\242\343\203\263\343\203\235\343\203\263\343\203\227\343\202\267\343\203\247\343\203\203\343\203\210\343\202\254\343\203\263 - \343\203\206\343\202\243\343\202\2425.png"
 create mode 100644 "System Update/shared/images/ForbiddenFruit/\343\202\242\343\202\246\343\203\210\343\203\255\343\203\274\343\202\267\343\203\247\343\203\203\343\203\210\343\202\254\343\203\263 - \343\203\206\343\202\243\343\202\2422.png"
 create mode 100644 "System Update/shared/images/ForbiddenFruit/\343\202\242\343\202\246\343\203\210\343\203\255\343\203\274\343\202\267\343\203\247\343\203\203\343\203\210\343\202\254\343\203\263 - \343\203\206\343\202\243\343\202\2423.png"
 create mode 100644 "System Update/shared/images/ForbiddenFruit/\343\202\242\343\202\246\343\203\210\343\203\255\343\203\274\343\202\267\343\203\247\343\203\203\343\203\210\343\202\254\343\203\263 - \343\203\206\343\202\243\343\202\2424.png"
 create mode 100644 "System Update/shared/images/ForbiddenFruit/\343\202\242\343\202\246\343\203\210\343\203\255\343\203\274\343\202\267\343\203\247\343\203\203\343\203\210\343\202\254\343\203\263 - \343\203\206\343\202\243\343\202\2425.png"
 create mode 100644 "System Update/shared/images/ForbiddenFruit/\343\202\242\343\203\263\343\202\271\343\203\206\343\203\274\343\203\226\343\203\253 \343\203\250\343\202\244\343\203\263\343\202\257\343\203\273\343\202\267\343\203\247\343\203\203\343\203\210\343\202\254\343\203\263 - \343\203\206\343\202\243\343\202\2426.png"
 create mode 100644 "System Update/shared/images/ForbiddenFruit/\343\202\242\343\203\263\343\202\271\343\203\206\343\203\274\343\203\226\343\203\253 \343\203\264\343\202\251\343\203\253\343\203\206\343\203\274\343\202\270\343\203\273\343\203\220\343\203\274\343\202\271\343\203\210\343\203\224\343\202\271\343\203\210\343\203\253 - \343\203\206\343\202\243\343\202\2426.png"
 create mode 100644 "System Update/shared/images/ForbiddenFruit/\343\202\244\343\203\263\343\203\225\343\202\243\343\203\213\343\203\206\343\202\243\343\203\226\343\203\254\343\202\244\343\203\211 - \343\203\206\343\202\243\343\202\2427.png"
 create mode 100644 "System Update/shared/images/ForbiddenFruit/\343\202\250\343\203\251\343\203\207\343\202\243\343\202\261\343\203\274\343\202\277\343\203\274 O.X.R.\343\203\251\343\202\244\343\203\225\343\203\253 - \343\203\206\343\202\243\343\202\2426.png"
 create mode 100644 "System Update/shared/images/ForbiddenFruit/\343\202\250\343\203\251\343\203\207\343\202\243\343\202\261\343\203\274\343\202\277\343\203\274 \343\203\233\343\203\203\343\203\227\343\203\255\343\203\203\343\202\257\343\203\273\343\203\225\343\203\245\343\203\274\343\203\252\343\203\274 \343\202\242\343\202\265\343\203\253\343\203\210\343\203\251\343\202\244\343\203\225\343\203\253 - \343\203\206\343\202\243\343\202\2426.png"
 create mode 100644 "System Update/shared/images/ForbiddenFruit/\343\202\250\343\203\251\343\203\207\343\202\243\343\202\261\343\203\274\343\202\277\343\203\274 \343\203\236\343\203\274\343\202\257\343\202\271\343\203\236\343\203\263\343\203\273\343\203\254\343\203\203\343\202\253\343\203\274\343\203\252\343\203\234\343\203\253\343\203\220\343\203\274 - \343\203\206\343\202\243\343\202\2426.png"
 create mode 100644 "System Update/shared/images/ForbiddenFruit/\343\202\250\343\203\263\343\203\217\343\203\263\343\202\271\343\203\211 \343\202\244\343\203\263\343\203\225\343\202\243\343\203\253\343\203\210\343\203\254\343\203\274\343\202\277\343\203\274 \343\203\235\343\203\263\343\203\227\343\202\267\343\203\247\343\203\203\343\203\210\343\202\254\343\203\263 - \343\203\206\343\202\243\343\202\2427.png"
 create mode 100644 "System Update/shared/images/ForbiddenFruit/\343\202\250\343\203\263\343\203\217\343\203\263\343\202\271\343\203\211\343\203\217\343\203\234\343\203\203\343\202\257\343\202\267\343\203\247\343\203\203\343\203\210\343\202\254\343\203\263 - \343\203\206\343\202\243\343\202\2427.png"
 create mode 100644 "System Update/shared/images/ForbiddenFruit/\343\202\250\343\203\263\343\203\217\343\203\263\343\202\271\343\203\211\343\203\225\343\203\251\343\203\203\343\203\227\343\202\270\343\203\243\343\203\203\343\202\257\343\203\251\343\202\244\343\203\225\343\203\253 - \343\203\206\343\202\243\343\202\2427.png"
 create mode 100644 "System Update/shared/images/ForbiddenFruit/\343\202\250\343\203\263\343\203\217\343\203\263\343\202\271\343\203\211\343\203\273\343\202\263\343\203\251\343\203\206\343\203\251\343\203\253\343\203\200\343\203\241\343\203\274\343\202\270 \343\202\242\343\202\265\343\203\253\343\203\210\343\203\251\343\202\244\343\203\225\343\203\253 - \343\203\206\343\202\243\343\202\2427.png"
 create mode 100644 "System Update/shared/images/ForbiddenFruit/\343\202\252\343\203\213 \343\202\267\343\203\247\343\203\203\343\203\210\343\202\254\343\203\263 - \343\203\206\343\202\243\343\202\2422.png"
 create mode 100644 "System Update/shared/images/ForbiddenFruit/\343\202\252\343\203\213 \343\202\267\343\203\247\343\203\203\343\203\210\343\202\254\343\203\263 - \343\203\206\343\202\243\343\202\2423.png"
 create mode 100644 "System Update/shared/images/ForbiddenFruit/\343\202\252\343\203\213 \343\202\267\343\203\247\343\203\203\343\203\210\343\202\254\343\203\263 - \343\203\206\343\202\243\343\202\2424.png"
 create mode 100644 "System Update/shared/images/ForbiddenFruit/\343\202\252\343\203\213 \343\202\267\343\203\247\343\203\203\343\203\210\343\202\254\343\203\263 - \343\203\206\343\202\243\343\202\2425.png"
 create mode 100644 "System Update/shared/images/ForbiddenFruit/\343\202\252\343\203\274\343\202\267\343\203\243\343\203\263\343\201\256\343\203\220\343\203\274\343\202\271\343\203\210\343\202\242\343\202\265\343\203\253\343\203\210\343\203\251\343\202\244\343\203\225\343\203\253 - \343\203\206\343\202\243\343\202\2427.png"
 create mode 100644 "System Update/shared/images/ForbiddenFruit/\343\202\254\343\202\272\343\203\253\343\202\270\343\203\245\343\203\274\343\202\271 - \343\203\206\343\202\243\343\202\2422.png"
 create mode 100644 "System Update/shared/images/ForbiddenFruit/\343\202\255\343\203\203\343\203\210\343\201\256\343\203\201\343\203\243\343\203\274\343\202\270\343\202\267\343\203\247\343\203\203\343\203\210\343\202\254\343\203\263 - \343\203\206\343\202\243\343\202\2427.png"
 create mode 100644 "System Update/shared/images/ForbiddenFruit/\343\202\257\343\203\251\343\203\203\343\202\267\343\203\245\343\203\221\343\203\203\343\203\211Jr. - \343\203\206\343\202\243\343\202\2422.png"
 create mode 100644 "System Update/shared/images/ForbiddenFruit/\343\202\260\343\203\263\343\203\212\343\203\274\343\201\256\343\202\271\343\203\206\343\202\243\343\203\263\343\202\254\343\203\274\343\202\265\343\203\226\343\203\236\343\202\267\343\203\263\343\202\254\343\203\263 - \343\203\206\343\202\243\343\202\2427.png"
 create mode 100644 "System Update/shared/images/ForbiddenFruit/\343\202\263\343\203\251\343\203\206\343\203\251\343\203\253\343\203\200\343\203\241\343\203\274\343\202\270 \343\202\242\343\202\265\343\203\253\343\203\210\343\203\251\343\202\244\343\203\225\343\203\253 - \343\203\206\343\202\243\343\202\2422.png"
 create mode 100644 "System Update/shared/images/ForbiddenFruit/\343\202\263\343\203\251\343\203\206\343\203\251\343\203\253\343\203\200\343\203\241\343\203\274\343\202\270 \343\202\242\343\202\265\343\203\253\343\203\210\343\203\251\343\202\244\343\203\225\343\203\253 - \343\203\206\343\202\243\343\202\2423.png"
 create mode 100644 "System Update/shared/images/ForbiddenFruit/\343\202\263\343\203\251\343\203\206\343\203\251\343\203\253\343\203\200\343\203\241\343\203\274\343\202\270 \343\202\242\343\202\265\343\203\253\343\203\210\343\203\251\343\202\244\343\203\225\343\203\253 - \343\203\206\343\202\243\343\202\2424.png"
 create mode 100644 "System Update/shared/images/ForbiddenFruit/\343\202\263\343\203\251\343\203\206\343\203\251\343\203\253\343\203\200\343\203\241\343\203\274\343\202\270 \343\202\242\343\202\265\343\203\253\343\203\210\343\203\251\343\202\244\343\203\225\343\203\253 - \343\203\206\343\202\243\343\202\2425.png"
 create mode 100644 "System Update/shared/images/ForbiddenFruit/\343\202\264\343\203\274\343\203\253\343\203\211 - \343\203\206\343\202\243\343\202\2421.png"
 create mode 100644 "System Update/shared/images/ForbiddenFruit/\343\202\265\343\202\244\343\203\254\343\203\263\343\202\265\343\203\274\344\273\230\343\201\215\343\203\224\343\202\271\343\203\210\343\203\253 - \343\203\206\343\202\243\343\202\2422.png"
 create mode 100644 "System Update/shared/images/ForbiddenFruit/\343\202\265\343\202\244\343\203\254\343\203\263\343\202\265\343\203\274\344\273\230\343\201\215\343\203\224\343\202\271\343\203\210\343\203\253 - \343\203\206\343\202\243\343\202\2423.png"
 create mode 100644 "System Update/shared/images/ForbiddenFruit/\343\202\265\343\202\244\343\203\254\343\203\263\343\202\265\343\203\274\344\273\230\343\201\215\343\203\224\343\202\271\343\203\210\343\203\253 - \343\203\206\343\202\243\343\202\2424.png"
 create mode 100644 "System Update/shared/images/ForbiddenFruit/\343\202\265\343\202\244\343\203\254\343\203\263\343\202\265\343\203\274\344\273\230\343\201\215\343\203\224\343\202\271\343\203\210\343\203\253 - \343\203\206\343\202\243\343\202\2425.png"
 create mode 100644 "System Update/shared/images/ForbiddenFruit/\343\202\265\343\202\244\343\203\254\343\203\263\343\202\265\343\203\274\344\273\230\343\201\215\343\203\224\343\202\271\343\203\210\343\203\253 - \343\203\206\343\202\243\343\202\2427.png"
 create mode 100644 "System Update/shared/images/ForbiddenFruit/\343\202\265\343\203\263\343\203\200\343\203\274\343\202\267\343\203\247\343\203\203\343\203\210\343\202\254\343\203\263 - \343\203\206\343\202\243\343\202\2422.png"
 create mode 100644 "System Update/shared/images/ForbiddenFruit/\343\202\265\343\203\263\343\203\200\343\203\274\343\202\267\343\203\247\343\203\203\343\203\210\343\202\254\343\203\263 - \343\203\206\343\202\243\343\202\2423.png"
 create mode 100644 "System Update/shared/images/ForbiddenFruit/\343\202\265\343\203\263\343\203\200\343\203\274\343\202\267\343\203\247\343\203\203\343\203\210\343\202\254\343\203\263 - \343\203\206\343\202\243\343\202\2424.png"
 create mode 100644 "System Update/shared/images/ForbiddenFruit/\343\202\265\343\203\263\343\203\200\343\203\274\343\202\267\343\203\247\343\203\203\343\203\210\343\202\254\343\203\263 - \343\203\206\343\202\243\343\202\2425.png"
 create mode 100644 "System Update/shared/images/ForbiddenFruit/\343\202\265\343\203\274\343\202\270\343\203\225\343\202\241\343\202\244\343\202\242SMG - \343\203\206\343\202\243\343\202\2422.png"
 create mode 100644 "System Update/shared/images/ForbiddenFruit/\343\202\265\343\203\274\343\202\270\343\203\225\343\202\241\343\202\244\343\202\242SMG - \343\203\206\343\202\243\343\202\2423.png"
 create mode 100644 "System Update/shared/images/ForbiddenFruit/\343\202\265\343\203\274\343\202\270\343\203\225\343\202\241\343\202\244\343\202\242SMG - \343\203\206\343\202\243\343\202\2424.png"
 create mode 100644 "System Update/shared/images/ForbiddenFruit/\343\202\265\343\203\274\343\202\270\343\203\225\343\202\241\343\202\244\343\202\242SMG - \343\203\206\343\202\243\343\202\2425.png"
 create mode 100644 "System Update/shared/images/ForbiddenFruit/\343\202\265\343\203\274\343\203\236\343\203\253\343\203\225\343\202\243\343\203\203\343\202\267\343\203\245 - \343\203\206\343\202\243\343\202\2425.png"
 create mode 100644 "System Update/shared/images/ForbiddenFruit/\343\202\267\343\203\243\343\203\211\343\203\274\343\203\210\343\203\251\343\203\203\343\202\253\343\203\274 - \343\203\206\343\202\243\343\202\2426.png"
 create mode 100644 "System Update/shared/images/ForbiddenFruit/\343\202\267\343\203\243\343\203\211\343\203\274\343\203\236\343\202\244\343\203\200\343\202\271\343\201\256\343\203\211\343\203\251\343\203\240\343\202\254\343\203\263 - \343\203\206\343\202\243\343\202\2427.png"
 create mode 100644 "System Update/shared/images/ForbiddenFruit/\343\202\267\343\203\274\343\203\253\343\203\211\343\203\220\343\203\226\343\203\253Jr. - \343\203\206\343\202\243\343\202\2422.png"
 create mode 100644 "System Update/shared/images/ForbiddenFruit/\343\202\267\343\203\274\343\203\253\343\203\211\343\203\235\343\203\274\343\202\267\343\203\247\343\203\263 - \343\203\206\343\202\243\343\202\2423.png"
 create mode 100644 "System Update/shared/images/ForbiddenFruit/\343\202\270\343\203\245\343\203\274\343\203\253\343\202\272\343\201\256\343\203\211\343\203\251\343\203\240\343\202\254\343\203\263 - \343\203\206\343\202\243\343\202\2427.png"
 create mode 100644 "System Update/shared/images/ForbiddenFruit/\343\202\271\343\202\244\343\203\274\343\203\221\343\203\274\343\202\267\343\203\247\343\203\203\343\203\210\343\202\254\343\203\263 - \343\203\206\343\202\243\343\202\2422.png"
 create mode 100644 "System Update/shared/images/ForbiddenFruit/\343\202\271\343\202\244\343\203\274\343\203\221\343\203\274\343\202\267\343\203\247\343\203\203\343\203\210\343\202\254\343\203\263 - \343\203\206\343\202\243\343\202\2423.png"
 create mode 100644 "System Update/shared/images/ForbiddenFruit/\343\202\271\343\202\244\343\203\274\343\203\221\343\203\274\343\202\267\343\203\247\343\203\203\343\203\210\343\202\254\343\203\263 - \343\203\206\343\202\243\343\202\2424.png"
 create mode 100644 "System Update/shared/images/ForbiddenFruit/\343\202\271\343\202\244\343\203\274\343\203\221\343\203\274\343\202\267\343\203\247\343\203\203\343\203\210\343\202\254\343\203\263 - \343\203\206\343\202\243\343\202\2425.png"
 create mode 100644 "System Update/shared/images/ForbiddenFruit/\343\202\271\343\202\244\343\203\274\343\203\221\343\203\274\343\202\267\343\203\247\343\203\203\343\203\210\343\202\254\343\203\263 - \343\203\206\343\202\243\343\202\2427.png"
 create mode 100644 "System Update/shared/images/ForbiddenFruit/\343\202\271\343\202\253\343\202\244\343\201\256\343\202\242\343\202\265\343\203\253\343\203\210\343\203\251\343\202\244\343\203\225\343\203\253 - \343\203\206\343\202\243\343\202\2427.png"
 create mode 100644 "System Update/shared/images/ForbiddenFruit/\343\202\271\343\203\206\343\203\253\343\202\271 \343\202\271\343\203\227\343\203\251\343\203\203\343\202\267\343\203\245 - \343\203\206\343\202\243\343\202\2423.png"
 create mode 100644 "System Update/shared/images/ForbiddenFruit/\343\202\271\343\203\221\343\202\244\343\202\242\343\203\273\343\203\251\343\202\244\343\203\225\343\203\253 - \343\203\206\343\202\243\343\202\2422.png"
 create mode 100644 "System Update/shared/images/ForbiddenFruit/\343\202\271\343\203\221\343\202\244\343\202\242\343\203\273\343\203\251\343\202\244\343\203\225\343\203\253 - \343\203\206\343\202\243\343\202\2423.png"
 create mode 100644 "System Update/shared/images/ForbiddenFruit/\343\202\271\343\203\221\343\202\244\343\202\242\343\203\273\343\203\251\343\202\244\343\203\225\343\203\253 - \343\203\206\343\202\243\343\202\2424.png"
 create mode 100644 "System Update/shared/images/ForbiddenFruit/\343\202\271\343\203\221\343\202\244\343\202\242\343\203\273\343\203\251\343\202\244\343\203\225\343\203\253 - \343\203\206\343\202\243\343\202\2425.png"
 create mode 100644 "System Update/shared/images/ForbiddenFruit/\343\202\271\343\203\251\343\203\203\343\203\227\343\202\270\343\203\245\343\203\274\343\202\271 - \343\203\206\343\202\243\343\202\2423.png"
 create mode 100644 "System Update/shared/images/ForbiddenFruit/\343\202\271\343\203\251\343\203\203\343\203\227\343\203\273\343\202\271\343\203\227\343\203\251\343\203\203\343\202\267\343\203\245 - \343\203\206\343\202\243\343\202\2423.png"
 create mode 100644 "System Update/shared/images/ForbiddenFruit/\343\202\271\343\203\251\343\203\274\343\203\227\343\202\270\343\203\245\343\203\274\343\202\271 - \343\203\206\343\202\243\343\202\2425.png"
 create mode 100644 "System Update/shared/images/ForbiddenFruit/\343\202\273\343\203\263\343\203\201\343\203\215\343\203\253 \343\203\235\343\203\263\343\203\227\343\202\267\343\203\247\343\203\203\343\203\210\343\202\254\343\203\263 - \343\203\206\343\202\243\343\202\2422.png"
 create mode 100644 "System Update/shared/images/ForbiddenFruit/\343\202\273\343\203\263\343\203\201\343\203\215\343\203\253 \343\203\235\343\203\263\343\203\227\343\202\267\343\203\247\343\203\203\343\203\210\343\202\254\343\203\263 - \343\203\206\343\202\243\343\202\2423.png"
 create mode 100644 "System Update/shared/images/ForbiddenFruit/\343\202\273\343\203\263\343\203\201\343\203\215\343\203\253 \343\203\235\343\203\263\343\203\227\343\202\267\343\203\247\343\203\203\343\203\210\343\202\254\343\203\263 - \343\203\206\343\202\243\343\202\2424.png"
 create mode 100644 "System Update/shared/images/ForbiddenFruit/\343\202\273\343\203\263\343\203\201\343\203\215\343\203\253 \343\203\235\343\203\263\343\203\227\343\202\267\343\203\247\343\203\203\343\203\210\343\202\254\343\203\263 - \343\203\206\343\202\243\343\202\2425.png"
 create mode 100644 "System Update/shared/images/ForbiddenFruit/\343\203\200\343\203\226 - \343\203\206\343\202\243\343\202\2426.png"
 create mode 100644 "System Update/shared/images/ForbiddenFruit/\343\203\200\343\203\226\343\203\253 - \343\203\206\343\202\243\343\202\2426.png"
 create mode 100644 "System Update/shared/images/ForbiddenFruit/\343\203\201\343\203\243\343\202\260\343\202\270\343\203\243\343\202\260 - \343\203\206\343\202\243\343\202\2425.png"
 create mode 100644 "System Update/shared/images/ForbiddenFruit/\343\203\204\343\202\244\343\203\263\343\203\217\343\203\263\343\203\236\343\203\274\343\202\267\343\203\247\343\203\203\343\203\210\343\202\254\343\203\263 - \343\203\206\343\202\243\343\202\2422.png"
 create mode 100644 "System Update/shared/images/ForbiddenFruit/\343\203\204\343\202\244\343\203\263\343\203\217\343\203\263\343\203\236\343\203\274\343\202\267\343\203\247\343\203\203\343\203\210\343\202\254\343\203\263 - \343\203\206\343\202\243\343\202\2423.png"
 create mode 100644 "System Update/shared/images/ForbiddenFruit/\343\203\204\343\202\244\343\203\263\343\203\217\343\203\263\343\203\236\343\203\274\343\202\267\343\203\247\343\203\203\343\203\210\343\202\254\343\203\263 - \343\203\206\343\202\243\343\202\2424.png"
 create mode 100644 "System Update/shared/images/ForbiddenFruit/\343\203\204\343\202\244\343\203\263\343\203\217\343\203\263\343\203\236\343\203\274\343\202\267\343\203\247\343\203\203\343\203\210\343\202\254\343\203\263 - \343\203\206\343\202\243\343\202\2425.png"
 create mode 100644 "System Update/shared/images/ForbiddenFruit/\343\203\204\343\202\244\343\203\263\343\203\225\343\202\241\343\202\244\343\202\242 \343\202\252\343\203\274\343\203\210\343\202\267\343\203\247\343\203\203\343\203\210\343\202\254\343\203\263 - \343\203\206\343\202\243\343\202\2422.png"
 create mode 100644 "System Update/shared/images/ForbiddenFruit/\343\203\204\343\202\244\343\203\263\343\203\225\343\202\241\343\202\244\343\202\242 \343\202\252\343\203\274\343\203\210\343\202\267\343\203\247\343\203\203\343\203\210\343\202\254\343\203\263 - \343\203\206\343\202\243\343\202\2423.png"
 create mode 100644 "System Update/shared/images/ForbiddenFruit/\343\203\204\343\202\244\343\203\263\343\203\225\343\202\241\343\202\244\343\202\242 \343\202\252\343\203\274\343\203\210\343\202\267\343\203\247\343\203\203\343\203\210\343\202\254\343\203\263 - \343\203\206\343\202\243\343\202\2424.png"
 create mode 100644 "System Update/shared/images/ForbiddenFruit/\343\203\204\343\202\244\343\203\263\343\203\225\343\202\241\343\202\244\343\202\242 \343\202\252\343\203\274\343\203\210\343\202\267\343\203\247\343\203\203\343\203\210\343\202\254\343\203\263 - \343\203\206\343\202\243\343\202\2425.png"
 create mode 100644 "System Update/shared/images/ForbiddenFruit/\343\203\204\343\202\244\343\203\263\343\203\236\343\202\260 \343\202\265\343\203\226\343\203\236\343\202\267\343\203\263\343\202\254\343\203\263 - \343\203\206\343\202\243\343\202\2422.png"
 create mode 100644 "System Update/shared/images/ForbiddenFruit/\343\203\204\343\202\244\343\203\263\343\203\236\343\202\260 \343\202\265\343\203\226\343\203\236\343\202\267\343\203\263\343\202\254\343\203\263 - \343\203\206\343\202\243\343\202\2423.png"
 create mode 100644 "System Update/shared/images/ForbiddenFruit/\343\203\204\343\202\244\343\203\263\343\203\236\343\202\260 \343\202\265\343\203\226\343\203\236\343\202\267\343\203\263\343\202\254\343\203\263 - \343\203\206\343\202\243\343\202\2424.png"
 create mode 100644 "System Update/shared/images/ForbiddenFruit/\343\203\204\343\202\244\343\203\263\343\203\236\343\202\260 \343\202\265\343\203\226\343\203\236\343\202\267\343\203\263\343\202\254\343\203\263 - \343\203\206\343\202\243\343\202\2425.png"
 create mode 100644 "System Update/shared/images/ForbiddenFruit/\343\203\210\343\203\251\343\203\226\343\203\253 - \343\203\206\343\202\243\343\202\2426.png"
 create mode 100644 "System Update/shared/images/ForbiddenFruit/\343\203\213\343\203\243\343\203\203\343\202\271\343\203\253\343\201\256\343\203\213\343\203\243\343\203\263\343\203\213\343\203\243\343\203\263\343\203\251\343\202\244\343\203\225\343\203\253 - \343\203\206\343\202\243\343\202\2427.png"
 create mode 100644 "System Update/shared/images/ForbiddenFruit/\343\203\217\343\202\244\343\202\253\343\203\274\343\203\211\343\201\256\343\203\217\343\203\234\343\203\203\343\202\257\343\202\265\343\202\244\343\203\254\343\203\263\343\202\265\343\203\274\344\273\230\343\201\215\343\203\251\343\202\244\343\203\225\343\203\253 - \343\203\206\343\202\243\343\202\2427.png"
 create mode 100644 "System Update/shared/images/ForbiddenFruit/\343\203\217\343\202\244\343\202\271\343\203\206\343\203\203\343\203\211\343\203\273\343\202\242\343\202\257\343\202\273\343\203\251\343\203\251\343\203\263\343\203\210\343\203\273\343\202\267\343\203\247\343\203\203\343\203\210\343\202\254\343\203\263 - \343\203\206\343\202\243\343\202\2426.png"
 create mode 100644 "System Update/shared/images/ForbiddenFruit/\343\203\217\343\202\244\343\202\271\343\203\206\343\203\203\343\203\211\343\203\273\343\203\226\343\203\252\343\203\263\343\202\257\343\203\236\343\202\260\343\203\273\343\202\265\343\203\226\343\203\236\343\202\267\343\203\263\343\202\254\343\203\263 - \343\203\206\343\202\243\343\202\2426.png"
 create mode 100644 "System Update/shared/images/ForbiddenFruit/\343\203\217\343\202\244\343\202\271\343\203\206\343\203\203\343\203\211\343\203\273\343\203\226\343\203\252\343\203\274\343\203\201\343\203\243\343\203\274\343\203\273\343\202\267\343\203\247\343\203\203\343\203\210\343\202\254\343\203\263 - \343\203\206\343\202\243\343\202\2426.png"
 create mode 100644 "System Update/shared/images/ForbiddenFruit/\343\203\217\343\202\244\343\202\271\343\203\206\343\203\203\343\203\211\343\203\273\343\203\251\343\203\263\343\203\273\343\202\242\343\203\263\343\203\211\343\203\273\343\202\254\343\203\263\343\203\273\343\202\265\343\203\226\343\203\236\343\202\267\343\203\263\343\202\254\343\203\263 - \343\203\206\343\202\243\343\202\2426.png"
 create mode 100644 "System Update/shared/images/ForbiddenFruit/\343\203\217\343\202\244\343\203\221\343\203\274\343\203\220\343\203\274\343\202\271\343\203\210\343\203\273\343\203\224\343\202\271\343\203\210\343\203\253 - \343\203\206\343\202\243\343\202\2422.png"
 create mode 100644 "System Update/shared/images/ForbiddenFruit/\343\203\217\343\202\244\343\203\221\343\203\274\343\203\220\343\203\274\343\202\271\343\203\210\343\203\273\343\203\224\343\202\271\343\203\210\343\203\253 - \343\203\206\343\202\243\343\202\2423.png"
 create mode 100644 "System Update/shared/images/ForbiddenFruit/\343\203\217\343\202\244\343\203\221\343\203\274\343\203\220\343\203\274\343\202\271\343\203\210\343\203\273\343\203\224\343\202\271\343\203\210\343\203\253 - \343\203\206\343\202\243\343\202\2424.png"
 create mode 100644 "System Update/shared/images/ForbiddenFruit/\343\203\217\343\202\244\343\203\221\343\203\274\343\203\220\343\203\274\343\202\271\343\203\210\343\203\273\343\203\224\343\202\271\343\203\210\343\203\253 - \343\203\206\343\202\243\343\202\2425.png"
 create mode 100644 "System Update/shared/images/ForbiddenFruit/\343\203\217\343\203\234\343\203\203\343\202\257\343\202\265\343\202\244\343\203\254\343\203\263\343\202\265\343\203\274\344\273\230\343\201\215\343\202\242\343\202\265\343\203\253\343\203\210\343\203\251\343\202\244\343\203\225\343\203\253 - \343\203\206\343\202\243\343\202\2422.png"
 create mode 100644 "System Update/shared/images/ForbiddenFruit/\343\203\217\343\203\234\343\203\203\343\202\257\343\202\265\343\202\244\343\203\254\343\203\263\343\202\265\343\203\274\344\273\230\343\201\215\343\202\242\343\202\265\343\203\253\343\203\210\343\203\251\343\202\244\343\203\225\343\203\253 - \343\203\206\343\202\243\343\202\2423.png"
 create mode 100644 "System Update/shared/images/ForbiddenFruit/\343\203\217\343\203\234\343\203\203\343\202\257\343\202\265\343\202\244\343\203\254\343\203\263\343\202\265\343\203\274\344\273\230\343\201\215\343\202\242\343\202\265\343\203\253\343\203\210\343\203\251\343\202\244\343\203\225\343\203\253 - \343\203\206\343\202\243\343\202\2424.png"
 create mode 100644 "System Update/shared/images/ForbiddenFruit/\343\203\217\343\203\234\343\203\203\343\202\257\343\202\265\343\202\244\343\203\254\343\203\263\343\202\265\343\203\274\344\273\230\343\201\215\343\202\242\343\202\265\343\203\253\343\203\210\343\203\251\343\202\244\343\203\225\343\203\253 - \343\203\206\343\202\243\343\202\2425.png"
 create mode 100644 "System Update/shared/images/ForbiddenFruit/\343\203\217\343\203\234\343\203\203\343\202\257\343\203\235\343\203\263\343\203\227\343\202\267\343\203\247\343\203\203\343\203\210\343\202\254\343\203\263 - \343\203\206\343\202\243\343\202\2422.png"
 create mode 100644 "System Update/shared/images/ForbiddenFruit/\343\203\217\343\203\234\343\203\203\343\202\257\343\203\235\343\203\263\343\203\227\343\202\267\343\203\247\343\203\203\343\203\210\343\202\254\343\203\263 - \343\203\206\343\202\243\343\202\2423.png"
 create mode 100644 "System Update/shared/images/ForbiddenFruit/\343\203\217\343\203\234\343\203\203\343\202\257\343\203\235\343\203\263\343\203\227\343\202\267\343\203\247\343\203\203\343\203\210\343\202\254\343\203\263 - \343\203\206\343\202\243\343\202\2424.png"
 create mode 100644 "System Update/shared/images/ForbiddenFruit/\343\203\217\343\203\234\343\203\203\343\202\257\343\203\235\343\203\263\343\203\227\343\202\267\343\203\247\343\203\203\343\203\210\343\202\254\343\203\263 - \343\203\206\343\202\243\343\202\2425.png"
 create mode 100644 "System Update/shared/images/ForbiddenFruit/\343\203\223\343\203\203\343\202\260\343\203\226\343\203\203\343\202\267\343\203\245\343\203\234\343\203\240 - \343\203\206\343\202\243\343\202\2423.png"
 create mode 100644 "System Update/shared/images/ForbiddenFruit/\343\203\224\343\203\263\343\203\235\343\202\244\343\203\263\343\203\210 \343\202\242\343\202\244\343\202\242\343\203\263\343\203\235\343\203\263\343\203\227\343\202\267\343\203\247\343\203\203\343\203\210\343\202\254\343\203\263 - \343\203\206\343\202\243\343\202\2427.png"
 create mode 100644 "System Update/shared/images/ForbiddenFruit/\343\203\225\343\203\245\343\203\274\343\203\252\343\203\274 \343\202\242\343\202\265\343\203\253\343\203\210\343\203\251\343\202\244\343\203\225\343\203\253 - \343\203\206\343\202\243\343\202\2422.png"
 create mode 100644 "System Update/shared/images/ForbiddenFruit/\343\203\225\343\203\245\343\203\274\343\203\252\343\203\274 \343\202\242\343\202\265\343\203\253\343\203\210\343\203\251\343\202\244\343\203\225\343\203\253 - \343\203\206\343\202\243\343\202\2423.png"
 create mode 100644 "System Update/shared/images/ForbiddenFruit/\343\203\225\343\203\245\343\203\274\343\203\252\343\203\274 \343\202\242\343\202\265\343\203\253\343\203\210\343\203\251\343\202\244\343\203\225\343\203\253 - \343\203\206\343\202\243\343\202\2424.png"
 create mode 100644 "System Update/shared/images/ForbiddenFruit/\343\203\225\343\203\245\343\203\274\343\203\252\343\203\274 \343\202\242\343\202\265\343\203\253\343\203\210\343\203\251\343\202\244\343\203\225\343\203\253 - \343\203\206\343\202\243\343\202\2425.png"
 create mode 100644 "System Update/shared/images/ForbiddenFruit/\343\203\225\343\203\251\343\203\203\343\203\227\343\202\270\343\203\243\343\203\203\343\202\257\343\203\251\343\202\244\343\203\225\343\203\253 - \343\203\206\343\202\243\343\202\2423.png"
 create mode 100644 "System Update/shared/images/ForbiddenFruit/\343\203\225\343\203\251\343\203\203\343\203\227\343\202\270\343\203\243\343\203\203\343\202\257\343\203\251\343\202\244\343\203\225\343\203\253 - \343\203\206\343\202\243\343\202\2424.png"
 create mode 100644 "System Update/shared/images/ForbiddenFruit/\343\203\225\343\203\251\343\203\203\343\203\227\343\202\270\343\203\243\343\203\203\343\202\257\343\203\251\343\202\244\343\203\225\343\203\253 - \343\203\206\343\202\243\343\202\2425.png"
 create mode 100644 "System Update/shared/images/ForbiddenFruit/\343\203\225\343\203\254\343\203\203\343\202\257\343\202\271 \343\202\265\343\203\226\343\203\236\343\202\267\343\203\263\343\202\254\343\203\263 - \343\203\206\343\202\243\343\202\2422.png"
 create mode 100644 "System Update/shared/images/ForbiddenFruit/\343\203\225\343\203\254\343\203\203\343\202\257\343\202\271 \343\202\265\343\203\226\343\203\236\343\202\267\343\203\263\343\202\254\343\203\263 - \343\203\206\343\202\243\343\202\2423.png"
 create mode 100644 "System Update/shared/images/ForbiddenFruit/\343\203\225\343\203\254\343\203\203\343\202\257\343\202\271 \343\202\265\343\203\226\343\203\236\343\202\267\343\203\263\343\202\254\343\203\263 - \343\203\206\343\202\243\343\202\2424.png"
 create mode 100644 "System Update/shared/images/ForbiddenFruit/\343\203\225\343\203\254\343\203\203\343\202\257\343\202\271 \343\202\265\343\203\226\343\203\236\343\202\267\343\203\263\343\202\254\343\203\263 - \343\203\206\343\202\243\343\202\2425.png"
 create mode 100644 "System Update/shared/images/ForbiddenFruit/\343\203\225\343\203\254\343\203\203\343\202\257\343\202\271 \343\202\265\343\203\226\343\203\236\343\202\267\343\203\263\343\202\254\343\203\263 - \343\203\206\343\202\243\343\202\2427.png"
 create mode 100644 "System Update/shared/images/ForbiddenFruit/\343\203\226\343\203\253\343\203\274\343\202\277\343\202\271\343\201\256\343\203\204\343\202\244\343\203\263\343\203\217\343\203\263\343\203\236\343\203\274\343\202\267\343\203\247\343\203\203\343\203\210\343\202\254\343\203\263 - \343\203\206\343\202\243\343\202\2427.png"
 create mode 100644 "System Update/shared/images/ForbiddenFruit/\343\203\226\343\203\253\343\203\274\343\202\277\343\202\271\343\201\256\343\203\237\343\203\213\343\202\254\343\203\263 - \343\203\206\343\202\243\343\202\2427.png"
 create mode 100644 "System Update/shared/images/ForbiddenFruit/\343\203\233\343\203\203\343\203\227\343\203\255\343\203\203\343\202\257\343\203\207\343\203\245\343\202\242\343\203\252\343\203\274 - \343\203\206\343\202\243\343\202\2426.png"
 create mode 100644 "System Update/shared/images/ForbiddenFruit/\343\203\236\343\202\244\343\203\200\343\202\271\343\201\256\343\203\211\343\203\251\343\203\240\343\202\254\343\203\263 - \343\203\206\343\202\243\343\202\2427.png"
 create mode 100644 "System Update/shared/images/ForbiddenFruit/\343\203\237\343\202\267\343\203\203\343\202\257\343\202\264\343\203\274\343\203\253\343\203\211\343\203\225\343\202\243\343\203\203\343\202\267\343\203\245 - \343\203\206\343\202\243\343\202\2427.png"
 create mode 100644 "System Update/shared/images/ForbiddenFruit/\343\203\237\343\203\213\343\202\267\343\203\274\343\203\253\343\203\211\343\203\235\343\203\274\343\202\267\343\203\247\343\203\263 - \343\203\206\343\202\243\343\202\2422.png"
 create mode 100644 "System Update/shared/images/ForbiddenFruit/\343\203\241\343\202\244\343\203\264\343\202\241\343\203\263 \343\202\252\343\203\274\343\203\210\343\202\267\343\203\247\343\203\203\343\203\210\343\202\254\343\203\263 - \343\203\206\343\202\243\343\202\2422.png"
 create mode 100644 "System Update/shared/images/ForbiddenFruit/\343\203\241\343\202\244\343\203\264\343\202\241\343\203\263 \343\202\252\343\203\274\343\203\210\343\202\267\343\203\247\343\203\203\343\203\210\343\202\254\343\203\263 - \343\203\206\343\202\243\343\202\2423.png"
 create mode 100644 "System Update/shared/images/ForbiddenFruit/\343\203\241\343\202\244\343\203\264\343\202\241\343\203\263 \343\202\252\343\203\274\343\203\210\343\202\267\343\203\247\343\203\203\343\203\210\343\202\254\343\203\263 - \343\203\206\343\202\243\343\202\2424.png"
 create mode 100644 "System Update/shared/images/ForbiddenFruit/\343\203\241\343\202\244\343\203\264\343\202\241\343\203\263 \343\202\252\343\203\274\343\203\210\343\202\267\343\203\247\343\203\203\343\203\210\343\202\254\343\203\263 - \343\203\206\343\202\243\343\202\2425.png"
 create mode 100644 "System Update/shared/images/ForbiddenFruit/\343\203\254\343\203\203\343\202\253\343\203\274\343\203\252\343\203\234\343\203\253\343\203\220\343\203\274 - \343\203\206\343\202\243\343\202\2422.png"
 create mode 100644 "System Update/shared/images/ForbiddenFruit/\343\203\254\343\203\203\343\202\253\343\203\274\343\203\252\343\203\234\343\203\253\343\203\220\343\203\274 - \343\203\206\343\202\243\343\202\2423.png"
 create mode 100644 "System Update/shared/images/ForbiddenFruit/\343\203\254\343\203\203\343\202\253\343\203\274\343\203\252\343\203\234\343\203\253\343\203\220\343\203\274 - \343\203\206\343\202\243\343\202\2424.png"
 create mode 100644 "System Update/shared/images/ForbiddenFruit/\343\203\254\343\203\203\343\202\253\343\203\274\343\203\252\343\203\234\343\203\253\343\203\220\343\203\274 - \343\203\206\343\202\243\343\202\2425.png"
 create mode 100644 "System Update/shared/images/ForbiddenFruit/\343\203\254\343\203\203\343\203\211\343\202\271\343\203\224\343\203\203\343\202\277\343\203\2743000 - \343\203\206\343\202\243\343\202\2424.png"
 create mode 100644 "System Update/shared/images/ForbiddenFruit/\343\203\254\343\203\203\343\203\211\343\202\271\343\203\224\343\203\203\343\202\277\343\203\2743000 - \343\203\206\343\202\243\343\202\2427.png"
 create mode 100644 "System Update/shared/images/ForbiddenFruit/\343\203\255\343\203\274\343\203\254\343\202\271 \343\202\271\343\203\251\343\203\203\343\203\227\343\202\270\343\203\243\343\202\260 - \343\203\206\343\202\243\343\202\2426.png"
 create mode 100644 "System Update/shared/images/ForbiddenFruit/\343\203\255\343\203\274\343\203\254\343\202\271 \343\203\204\343\202\244\343\203\263\343\203\225\343\202\241\343\202\244\343\202\242 \343\202\271\343\203\251\343\203\203\343\203\227\343\202\267\343\203\247\343\203\203\343\203\210\343\202\254\343\203\263 - \343\203\206\343\202\243\343\202\2426.png"
 create mode 100644 "System Update/shared/images/ForbiddenFruit/\343\203\255\343\203\274\343\203\254\343\202\271 \343\203\210\343\203\252\343\203\213\343\203\206\343\202\243\343\202\242\343\202\265\343\203\253\343\203\210\343\203\251\343\202\244\343\203\225\343\203\253 - \343\203\206\343\202\243\343\202\2426.png"
 create mode 100644 "System Update/shared/images/ForbiddenFruit/\345\214\273\347\231\202\343\202\255\343\203\203\343\203\210 - \343\203\206\343\202\243\343\202\2422.png"
 create mode 100644 "System Update/shared/images/ForbiddenFruit/\345\274\267\345\214\226\345\236\213\343\202\242\343\202\246\343\203\210\343\203\255\343\203\274\343\202\267\343\203\247\343\203\203\343\203\210\343\202\254\343\203\263 - \343\203\206\343\202\243\343\202\2427.png"
 create mode 100644 "System Update/shared/images/ForbiddenFruit/\345\274\267\345\214\226\345\236\213\343\202\252\343\203\213 \343\202\267\343\203\247\343\203\203\343\203\210\343\202\254\343\203\263 - \343\203\206\343\202\243\343\202\2427.png"
 create mode 100644 "System Update/shared/images/ForbiddenFruit/\345\274\267\345\214\226\345\236\213\343\202\265\343\203\274\343\202\270\343\203\225\343\202\241\343\202\244\343\202\242SMG - \343\203\206\343\202\243\343\202\2427.png"
 create mode 100644 "System Update/shared/images/ForbiddenFruit/\345\274\267\345\214\226\345\236\213\343\202\271\343\203\221\343\202\244\343\202\242\343\203\273\343\203\251\343\202\244\343\203\225\343\203\253 - \343\203\206\343\202\243\343\202\2427.png"
 create mode 100644 "System Update/shared/images/ForbiddenFruit/\345\274\267\345\214\226\345\236\213\343\202\273\343\203\263\343\203\201\343\203\215\343\203\253 \343\203\235\343\203\263\343\203\227\343\202\267\343\203\247\343\203\203\343\203\210\343\202\254\343\203\263 - \343\203\206\343\202\243\343\202\2427.png"
 create mode 100644 "System Update/shared/images/ForbiddenFruit/\345\274\267\345\214\226\345\236\213\343\203\204\343\202\244\343\203\263\343\203\225\343\202\241\343\202\244\343\202\242 \343\202\252\343\203\274\343\203\210\343\202\267\343\203\247\343\203\203\343\203\210\343\202\254\343\203\263 - \343\203\206\343\202\243\343\202\2427.png"
 create mode 100644 "System Update/shared/images/ForbiddenFruit/\345\274\267\345\214\226\345\236\213\343\203\217\343\202\244\343\203\221\343\203\274\343\203\220\343\203\274\343\202\271\343\203\210\343\203\273\343\203\224\343\202\271\343\203\210\343\203\253 - \343\203\206\343\202\243\343\202\2427.png"
 create mode 100644 "System Update/shared/images/ForbiddenFruit/\345\274\267\345\214\226\345\236\213\343\203\225\343\203\245\343\203\274\343\203\252\343\203\274 \343\202\242\343\202\265\343\203\253\343\203\210\343\203\251\343\202\244\343\203\225\343\203\253 - \343\203\206\343\202\243\343\202\2427.png"
 create mode 100644 "System Update/shared/images/ForbiddenFruit/\345\274\267\345\214\226\345\236\213\343\203\254\343\203\203\343\202\253\343\203\274\343\203\252\343\203\234\343\203\253\343\203\220\343\203\274 - \343\203\206\343\202\243\343\202\2427.png"
 create mode 100644 "System Update/shared/images/ForbiddenFruit/\345\274\276\350\226\254_ \343\203\255\343\202\261\343\203\203\343\203\210\345\274\276 - \343\203\206\343\202\243\343\202\2421.png"
 create mode 100644 "System Update/shared/images/ForbiddenFruit/\345\274\276\350\226\254_ \344\270\255\345\217\243\345\276\204\345\274\276 - \343\203\206\343\202\243\343\202\2421.png"
 create mode 100644 "System Update/shared/images/ForbiddenFruit/\345\274\276\350\226\254_ \345\260\217\345\217\243\345\276\204\345\274\276 - \343\203\206\343\202\243\343\202\2421.png"
 create mode 100644 "System Update/shared/images/ForbiddenFruit/\345\274\276\350\226\254_ \346\225\243\345\274\276 - \343\203\206\343\202\243\343\202\2421.png"
 create mode 100644 "System Update/shared/images/ForbiddenFruit/\347\245\236\343\200\205\343\201\256\343\203\220\343\203\212\343\203\212 - \343\203\206\343\202\243\343\202\2425.png"
 create mode 100644 "System Update/\346\210\246\345\210\251\345\223\201\343\203\207\343\203\274\343\202\277/ForbiddenFruit/ForbiddenFruit_LootData_2026-01-23_21-23.json"
2026-01-23 21:24:43 | WARNING | git push stderr: To https://github.com/Greenfox0833/New-Loot.git
   6db6a4a..2d35f99  main -> main
2026-01-23 21:24:43 | INFO | ✓ GitHub Push 完了
2026-01-23 21:24:43 | INFO | ===== ForbiddenFruit: pipeline end =====
