2026-01-22 22:32:34 | INFO | log file: E:\フォートナイト\Picture\Loot Pool\TEST4\New Loot\System Update\ForbiddenFruit\output\logs\pipeline_2026-01-22_22-32-34.log
2026-01-22 22:32:34 | INFO | ===== ForbiddenFruit: pipeline start =====
2026-01-22 22:32:34 | INFO | paths: lt=E:\フォートナイト\Picture\Loot Pool\TEST4\New Loot\System Update\ForbiddenFruit\input\AthenaLootTierData_Client__final.json lp=E:\フォートナイト\Picture\Loot Pool\TEST4\New Loot\System Update\ForbiddenFruit\input\AthenaLootPackages_Client__final.json minlist=E:\フォートナイト\Picture\Loot Pool\TEST4\New Loot\System Update\ForbiddenFruit\input\items_unique_min.json
2026-01-22 22:32:34 | INFO | output: summary=E:\フォートナイト\Picture\Loot Pool\TEST4\New Loot\System Update\ForbiddenFruit\output\summary lootdata=E:\フォートナイト\Picture\Loot Pool\TEST4\New Loot\System Update\lootdata\ForbiddenFruit\LootPercent
2026-01-22 22:32:34 | INFO | flags: hotfix=True prewarm=True image=True workers=8
2026-01-22 22:32:34 | INFO | hotfix start: E:\フォートナイト\Picture\Loot Pool\TEST4\New Loot\System Update\LootPackage.py
2026-01-22 22:32:34 | INFO | hotfix lp stdout: [STEP1-2] merge E:\Fmodel\Exports\FortniteGame\Plugins\GameFeatures\ForbiddenFruitDataTables\Content\DataTables\AthenaLootPackages_Client_ForbiddenFruitChapterOverride_NoBuild.json : replaced=20, added=9
[HOTFIX:SEASON1] target=/ForbiddenFruitDataTables/DataTables/ForbiddenFruitChapterLootPackages
[629] RowUpdate WorldList.BusGold.01.CountRange=(X=500,Y=500) -> OK
[630] RowUpdate WorldList.BusWeap.02.Weight=1.000000 -> OK
[631] RowUpdate WorldList.BusWeap.02.ItemDefinition=/FirePetalWeaponGameplay/Gameplay/FirePetal_SMG_Quirky/WID_SMG_FirePetal_Quirky_Athena_R.WID_SMG_FirePetal_Quirky_Athena_R -> OK
[632] RowUpdate WorldList.BusWeap.03.Weight=1.000000 -> OK
[633] RowUpdate WorldList.BusWeap.03.ItemDefinition=/TidalCraneWeaponGameplay/Gameplay/Weapons/MilitaryAR/WID_Assault_TidalCrane_Athena_R.WID_Assault_TidalCrane_Athena_R -> OK
[636] RowUpdate WorldList.BusAmmoRockets.01.Weight=1.000000 -> OK
[637] RowUpdate WorldList.BusAmmoRockets.01.CountRange=(X=12,Y=12) -> OK
[638] RowUpdate WorldList.BusWeap.01.ItemDefinition=/DragonCartWeaponGameplay/Gameplay/DragonCart_DualShotguns/WID_Shotgun_Auto_Dual_DragonCart_Athena_UC.WID_Shotgun_Auto_Dual_DragonCart_Athena_UC -> OK
[639] RowUpdate WorldList.BusWeap.02.Weight=1.000000 -> OK
[640] RowUpdate WorldList.BusWeap.02.ItemDefinition=/CherrySmokeWeaponGameplay/Gameplay/Pistol/WID_Pistol_Auto_CherrySmoke_Athena_UC.WID_Pistol_Auto_CherrySmoke_Athena_UC -> OK
[641] RowUpdate WorldList.BusWeap.03.Weight=1.000000 -> OK
[642] RowUpdate WorldList.BusWeap.03.ItemDefinition=/DragonCartWeaponGameplay/Gameplay/DragonCart_SMG/SMG_Standard_DragonCart/WID_SMG_DragonCart_Athena_UC.WID_SMG_DragonCart_Athena_UC -> OK
[643] RowUpdate WorldList.BusWeap.04.Weight=0.330000 -> OK
[644] RowUpdate WorldList.BusWeap.04.ItemDefinition=/Game/Athena/Items/Weapons/WID_Assault_SemiAuto_Athena_UR_Ore_T03.WID_Assault_SemiAuto_Athena_UR_Ore_T03 -> OK
[645] RowUpdate WorldList.BusWeap.05.Weight=0.330000 -> OK
[646] RowUpdate WorldList.BusWeap.05.ItemDefinition=/Game/Athena/Items/Weapons/Boss/WID_Boss_Adventure_AR.WID_Boss_Adventure_AR -> OK
[647] RowUpdate WorldList.BusGrant.ItemSet.1.01.Weight=1.000000 -> OK
[648] RowUpdate WorldList.BusGrant.ItemSet.1.01.CountRange=(X=3,Y=3) -> OK
[649] RowUpdate WorldList.BusGrant.ItemSet.1.01.ItemDefinition=/HopscotchWeaponsGameplay/Items/Proto/WID_Athena_AppleSunSmall.WID_Athena_AppleSunSmall -> OK
[650] RowUpdate WorldList.BusGrant.ItemSet.2.01.Weight=1.000000 -> OK
[651] RowUpdate WorldList.BusGrant.ItemSet.2.01.CountRange=(X=2,Y=2) -> OK
[652] RowUpdate WorldList.BusGrant.ItemSet.2.01.ItemDefinition=/Game/Athena/Items/Consumables/Flopper/Thermal/WID_Athena_Flopper_Thermal.WID_Athena_Flopper_Thermal -> OK
[653] RowUpdate WorldList.AthenaSupplyDrop.Utility.04.Weight=0.000000 -> OK
[654] RowUpdate WorldList.AthenaSupplyDrop.Utility.05.Weight=0.000000 -> OK
[655] RowUpdate WorldList.AthenaSupplyDrop.Utility.12.Weight=1.000000 -> OK
[656] RowUpdate WorldList.AthenaSupplyDrop.Utility.12.ItemDefinition=/StealthSplash/Gameplay/WID_StealthSplash.WID_StealthSplash -> OK
[657] RowUpdate WorldList.AthenaSupplyDrop.Utility.14.Weight=0.000000 -> OK
[658] RowUpdate WorldList.GoldChest.Boons.01.Weight=1.000000 -> OK
[659] RowUpdate WorldList.GoldChest.Boons.01.CountRange=(X=2,Y=2) -> OK
[660] RowUpdate WorldList.GoldChest.Boons.01.ItemDefinition=/StealthSplash/Gameplay/WID_StealthSplash.WID_StealthSplash -> OK
[661] RowUpdate WorldList.GoldChest.Medallions.01.Weight=1.000000 -> OK
[662] RowUpdate WorldList.GoldChest.Medallions.01.CountRange=(X=2,Y=2) -> OK
[663] RowUpdate WorldList.GoldChest.Medallions.01.ItemDefinition=/Game/Athena/Items/Consumables/Flopper/Thermal/WID_Athena_Flopper_Thermal.WID_Athena_Flopper_Thermal -> OK
[664] RowUpdate WorldList.AthenaSupplyDrop.Sp.Weapon.01.Weight=1.000000 -> OK
[665] RowUpdate WorldList.AthenaSupplyDrop.Sp.Weapon.01.ItemDefinition=/CrimsonMist/Gameplay/Weapons/HeavyMinigun/WID_CrimsonMist_HeavyMinigun_VR.WID_CrimsonMist_HeavyMinigun_VR -> OK
[666] RowUpdate WorldList.AthenaBlitzLlama.StandardItem.01.Weight=1.000000 -> OK
[667] RowUpdate WorldList.AthenaBlitzLlama.StandardItem.01.ItemDefinition=/CrimsonMist/Gameplay/Weapons/HeavyMinigun/WID_CrimsonMist_HeavyMinigun_VR.WID_CrimsonMist_HeavyMinigun_VR -> OK
[668] RowUpdate WorldList.AthenaBlitzLlama.MythicItem.01.Weight=1.000000 -> OK
[669] RowUpdate WorldList.AthenaBlitzLlama.MythicItem.01.ItemDefinition=/CrimsonMist/Gameplay/Weapons/HeavyMinigun/WID_CrimsonMist_HeavyMinigun_UR.WID_CrimsonMist_HeavyMinigun_UR -> OK
[HOTFIX:SEASON1] Addrow(TableUpdate) なし -> スキップ
[HOTFIX:SEASON1] done: applied=39, deleted=0, skipped=0
[HOTFIX:SEASON2] target=/ForbiddenFruitDataTables/DataTables/AthenaLootTierData_Client_ForbiddenFruitChapterOverride_NoBuild
[HOTFIX:SEASON2] Addrow(TableUpdate) なし -> スキップ
[HOTFIX:SEASON2] done: applied=0, deleted=0, skipped=0
[WRITE] final -> E:\フォートナイト\Picture\Loot Pool\TEST4\New Loot\System Update\ForbiddenFruit\input\AthenaLootPackages_Client__final.json
[WRITE] per-input -> E:\フォートナイト\Picture\Loot Pool\TEST4\New Loot\System Update\ForbiddenFruit\input\ForbiddenFruitChapterLootPackages__final.json
[WRITE] per-input -> E:\フォートナイト\Picture\Loot Pool\TEST4\New Loot\System Update\ForbiddenFruit\input\AthenaLootPackages_Client_ForbiddenFruitChapterOverride_NoBuild__final.json
2026-01-22 22:32:34 | INFO | hotfix start: E:\フォートナイト\Picture\Loot Pool\TEST4\New Loot\System Update\LootTier.py
2026-01-22 22:32:34 | INFO | hotfix lt stdout: [STEP1-2] merge E:\Fmodel\Exports\FortniteGame\Plugins\GameFeatures\ForbiddenFruitDataTables\Content\DataTables\AthenaLootTierData_Client_ForbiddenFruitChapterOverride_NoBuild.json : replaced=0, added=0
[HOTFIX:SEASON1] target=/ForbiddenFruitDataTables/DataTables/ForbiddenFruitChapterLootTierData
[HOTFIX:SEASON1] done: applied=0, deleted=0, skipped=0
[HOTFIX:SEASON2] target=/ForbiddenFruitDataTables/DataTables/AthenaLootTierData_Client_ForbiddenFruitChapterOverride_NoBuild
[HOTFIX:SEASON2] done: applied=0, deleted=0, skipped=0
[WRITE] final -> E:\フォートナイト\Picture\Loot Pool\TEST4\New Loot\System Update\ForbiddenFruit\input\AthenaLootTierData_Client__final.json
[WRITE] per-input -> E:\フォートナイト\Picture\Loot Pool\TEST4\New Loot\System Update\ForbiddenFruit\input\ForbiddenFruitChapterLootTierData__final.json
[WRITE] per-input -> E:\フォートナイト\Picture\Loot Pool\TEST4\New Loot\System Update\ForbiddenFruit\input\AthenaLootTierData_Client_ForbiddenFruitChapterOverride_NoBuild__final.json
2026-01-22 22:32:34 | INFO | ✓ Hotfix 適用完了 (0.50s)
2026-01-22 22:32:34 | INFO | load lt: E:\フォートナイト\Picture\Loot Pool\TEST4\New Loot\System Update\ForbiddenFruit\input\AthenaLootTierData_Client__final.json
2026-01-22 22:32:34 | INFO | load lp: E:\フォートナイト\Picture\Loot Pool\TEST4\New Loot\System Update\ForbiddenFruit\input\AthenaLootPackages_Client__final.json
2026-01-22 22:32:34 | INFO | load done (0.01s)
2026-01-22 22:32:34 | INFO | build summary start
2026-01-22 22:32:34 | INFO | build summary done (0.01s)
2026-01-22 22:32:34 | INFO | enrich summary with names start
2026-01-22 22:32:34 | INFO | enrich summary done (0.00s)
2026-01-22 22:32:34 | INFO | ✅ まとめJSONを作成: E:\フォートナイト\Picture\Loot Pool\TEST4\New Loot\System Update\ForbiddenFruit\output\summary\v39.30_2026-01-22_22-32.json
2026-01-22 22:32:34 | INFO | build BR_LootData start
2026-01-22 22:32:34 | INFO | build BR_LootData done (0.00s)
2026-01-22 22:32:34 | INFO | ✅ BR_LootData を作成: E:\フォートナイト\Picture\Loot Pool\TEST4\New Loot\System Update\lootdata\ForbiddenFruit\LootPercent\BR_LootData_2026-01-22_22-32.json
2026-01-22 22:32:34 | INFO | LootSummary start: E:\フォートナイト\Picture\Loot Pool\TEST4\New Loot\System Update\ForbiddenFruit\scripts\LootSummary.py
2026-01-22 22:32:35 | INFO | LootSummary stdout: 🔎 抽出用: 最新ファイル = E:\フォートナイト\Picture\Loot Pool\TEST4\New Loot\System Update\ForbiddenFruit\output\summary\v39.30_2026-01-22_22-32.json
✅ 抽出件数: 157
💾 保存: E:\フォートナイト\Picture\Loot Pool\TEST4\New Loot\System Update\ForbiddenFruit\input\items_unique_min.json
🔎 比較用: base   = E:\フォートナイト\Picture\Loot Pool\TEST4\New Loot\System Update\ForbiddenFruit\output\summary\v39.30_2026-01-22_22-30.json
🔎 比較用: target = E:\フォートナイト\Picture\Loot Pool\TEST4\New Loot\System Update\ForbiddenFruit\output\summary\v39.30_2026-01-22_22-32.json
✅ 差分作成 完了
  追加   : 0 / 削除 : 0 / 変更 : 0 / 変化なし : 157
💾 差分: E:\フォートナイト\Picture\Loot Pool\TEST4\New Loot\System Update\ForbiddenFruit\output\history\BR_20260122_2232\items_unique_min_diff.json
2026-01-22 22:32:35 | WARNING | LootSummary stderr: E:\フォートナイト\Picture\Loot Pool\TEST4\New Loot\System Update\ForbiddenFruit\scripts\LootSummary.py:2: SyntaxWarning: invalid escape sequence '\B'
  """
2026-01-22 22:32:35 | INFO | ✅ LootSummary 実行完了（抽出→比較） (0.10s)
2026-01-22 22:32:35 | INFO | prewarm start
2026-01-22 22:33:21 | INFO | ✅ アイコンキャッシュ プリウォーム完了 (46.68s)
2026-01-22 22:33:21 | INFO | 画像化タスク数: 157
2026-01-22 22:33:22 | INFO | 画像生成 進捗: 1/157
2026-01-22 22:33:24 | INFO | 画像生成 進捗: 50/157
2026-01-22 22:33:26 | INFO | 画像生成 進捗: 100/157
2026-01-22 22:33:28 | INFO | 画像生成 進捗: 150/157
2026-01-22 22:33:28 | INFO | 画像生成 進捗: 157/157
2026-01-22 22:33:28 | INFO | ✅ 画像生成 完了（MinListベース）
2026-01-22 22:33:28 | INFO | ℹ️ BR_Discord が見つかりません: E:\フォートナイト\Picture\Loot Pool\TEST4\New Loot\System Update\ForbiddenFruit\scripts\BR_Discor.py
2026-01-22 22:33:28 | INFO | git add: E:\フォートナイト\Picture\Loot Pool\TEST4\New Loot
2026-01-22 22:33:38 | INFO | git commit stdout: [main 46ebdde] ForbiddenFruit update 2026-01-22 22:33:37
 195 files changed, 22971 insertions(+), 3 deletions(-)
 create mode 100644 System Update/ForbiddenFruit/input/items_unique_min.json
 create mode 100644 System Update/ForbiddenFruit/output/history/BR_20260122_2232/items_unique_min_diff.json
 create mode 100644 System Update/ForbiddenFruit/output/logs/pipeline_2026-01-22_22-32-34.log
 create mode 100644 System Update/ForbiddenFruit/output/summary/v39.30_2026-01-22_22-32.json
 create mode 100644 System Update/ForbiddenFruit/scripts/LootSummary.py
 create mode 100644 System Update/lootdata/ForbiddenFruit/LootPercent/BR_LootData_2026-01-22_22-32.json
 create mode 100644 System Update/shared/icon_cache/BigBushGrenade__Items__Icons__T-T-Icon-BR-LeafGrenadeGadget-L.png
 create mode 100644 System Update/shared/icon_cache/CherrySmokeWeaponGameplay__Gameplay__Pistol__Icons__T_Icon_BR_Pistol_CherrySmoke_L.png
 create mode 100644 System Update/shared/icon_cache/CherrySmokeWeaponGameplay__Gameplay__Pistol__Textures__T_Icon_BR_Exotic_PistolShockwave_L.png
 create mode 100644 System Update/shared/icon_cache/CherrySmokeWeaponGameplay__Gameplay__SpireGun__Textures__T_Icon_BR_Heavy_Spire_L.png
 create mode 100644 System Update/shared/icon_cache/ChronoConsumables__Assets__SlapSplash__UI__T-T-Icon-BR-Consumable-SlapSplash-L.png
 create mode 100644 System Update/shared/icon_cache/ChronoWeaponGameplay__Items__PanRifle__Icons__T-Icon-Weapons-ChronoPanRifle-L.png
 create mode 100644 System Update/shared/icon_cache/CrimsonMist__Gameplay__Weapons__HeavyMinigun__Icons__T_Icon_Weapons_HeavyMiniGun_TidalCrane_L.png
 create mode 100644 System Update/shared/icon_cache/CrimsonMist__Gameplay__Weapons__SemiAuto_Shotgun__Icons__T_Icon_Weapons_Shotgun_SemiAuto_TidalCrane_L.png
 create mode 100644 System Update/shared/icon_cache/FirePetalWeaponGameplay__Gameplay__FirePetal_AR_Fast__Icons__T_Icon_Weapons_Exotic_Hoprock_Fury_L.png
 create mode 100644 System Update/shared/icon_cache/FirePetalWeaponGameplay__Gameplay__FirePetal_AR_Fast__Icons__T_Icon_Weapons_Rifle_Assault_FasterFirePetal_L.png
 create mode 100644 System Update/shared/icon_cache/FirePetalWeaponGameplay__Gameplay__FirePetal_AutoShotgun__Icons__T_Icon_Weapons_Shotgun_Auto_FirePetal_L.png
 create mode 100644 System Update/shared/icon_cache/FirePetalWeaponGameplay__Gameplay__FirePetal_FlavorShotgun__Icons__T_Icon_Weapons_Shotgun_Break_FirePetal_L.png
 create mode 100644 System Update/shared/icon_cache/FirePetalWeaponGameplay__Gameplay__FirePetal_PumpShotgun__Icons__T_Icon_Weapons_Shotgun_Pump_FirePetal_L.png
 create mode 100644 System Update/shared/icon_cache/FirePetalWeaponGameplay__Gameplay__FirePetal_SMG_Quirky__Icons__T_Icon_Weapons_SMG_Flavor_FirePetal_L.png
 create mode 100644 System Update/shared/icon_cache/FlipperGameplay__Icons__T-Icon-Weapons-CoreSMGWeapon-L.png
 create mode 100644 System Update/shared/icon_cache/FlipperGameplay__Icons__T-T-Icon-BR-RejuvenationPotionItem-L.png
 create mode 100644 System Update/shared/icon_cache/Game__UI__Foundation__Textures__Icons__Athena__T-T-Icon-BR-AnglerFish-L.png
 create mode 100644 System Update/shared/icon_cache/Game__UI__Foundation__Textures__Icons__Athena__T-T-Icon-BR-BucketNiceGadget-L.png
 create mode 100644 System Update/shared/icon_cache/Game__UI__Foundation__Textures__Icons__Weapons__Items__T-Icon-Weapons-Blade-Athena-L.png
 create mode 100644 System Update/shared/icon_cache/Game__UI__Foundation__Textures__Icons__Weapons__Items__T-Icon-Weapons-BurstRifleMark2TT-L.png
 create mode 100644 System Update/shared/icon_cache/Game__UI__Foundation__Textures__Icons__Weapons__Items__T-Icon-Weapons-CatBurglarGhostGun-L.png
 create mode 100644 System Update/shared/icon_cache/Game__UI__Foundation__Textures__Icons__Weapons__Items__T-Icon-Weapons-DrumGunEngineer-L.png
 create mode 100644 System Update/shared/icon_cache/Game__UI__Foundation__Textures__Icons__Weapons__Items__T-Icon-Weapons-MidasDrumGun-L.png
 create mode 100644 System Update/shared/icon_cache/Game__UI__Foundation__Textures__Icons__Weapons__Items__T-Icon-Weapons-PneumaticShotgunTT-L.png
 create mode 100644 System Update/shared/icon_cache/Game__UI__Foundation__Textures__Icons__Weapons__Items__T-Icon-Weapons-SK-LegendaryHeavyAR-L.png
 create mode 100644 System Update/shared/icon_cache/Game__UI__Foundation__Textures__Icons__Weapons__Items__T-Icon-Weapons-TheDubWeapon-L.png
 create mode 100644 System Update/shared/icon_cache/Game__UI__Foundation__Textures__Icons__Weapons__Items__T-Icon-Weapons-TrackingPistolWeapon-L.png
 create mode 100644 System Update/shared/icon_cache/Game__UI__Foundation__Textures__Icons__Weapons__Items__TIconWeaponsHopRockDueliesL.png
 create mode 100644 System Update/shared/icon_cache/Game__UI__Foundation__Textures__Icons__Weapons__MilitaryCore__T-Icon-Weapons-SK-45-Silenced-L.png
 create mode 100644 System Update/shared/icon_cache/HopscotchWeaponsGameplay__Items__HopscotchShotgun__Icons__T-Icon-Weapons-Shotgun-Hopscotch-L.png
 create mode 100644 System Update/shared/icon_cache/MusterConsumables__Items__EnergyDrink__Icons__T-T-Icon-BR-EnergyDrink-L.png
 create mode 100644 System Update/shared/icon_cache/MusterCoreWeapons__Items__Weapons__Exotics__Icons__T-Icon-Weapons-BreachShotgun-L.png
 create mode 100644 System Update/shared/icon_cache/MusterCoreWeapons__Items__Weapons__Exotics__Icons__T-Icon-Weapons-MusterSMG-L.png
 create mode 100644 System Update/shared/icon_cache/MusterCoreWeapons__Items__Weapons__Exotics__Icons__T-Icon-Weapons-SlapSMG-L.png
 create mode 100644 System Update/shared/icon_cache/MusterCoreWeapons__Items__Weapons__Exotics__Icons__T-Icon-Weapons-StackShotgun-L.png
 create mode 100644 System Update/shared/icon_cache/MusterCoreWeapons__Items__Weapons__MusterDPSShotgun__Icons__T-Icon-Weapons-CoreS23AutoShotgun-L.png
 create mode 100644 System Update/shared/icon_cache/MusterCoreWeapons__Items__Weapons__MusterPumpShotgun__Icons__T-Icon-Weapons-CoreS23PumpShotgun-L.png
 create mode 100644 System Update/shared/icon_cache/MusterCoreWeapons__Items__Weapons__MusterQuickSMG__Icons__T-Icon-Weapons-CoreS23QuickMagSMG-L.png
 create mode 100644 System Update/shared/icon_cache/RadicalWeaponsGameplay__Weapons__RadicalCoreAR__Icons__T-Icon-Weapons-Ch4S2AssaultRifleWeapon-L.png
 create mode 100644 System Update/shared/icon_cache/RadicalWeaponsGameplay__Weapons__RadicalShotgunPump__Icons__T-Icon-Weapons-Ch4S2PumpShotgunWeapon-L.png
 create mode 100644 System Update/shared/icon_cache/ShieldBubble__Gameplay__ShieldBubbleJr__Icons__T-Icon-BR-Gadget-SilverBlazerMini-L.png
 create mode 100644 System Update/shared/icon_cache/SunRoseConsumablesGameplay__Assets__GoldenBanana__Icons__T-Icon-BR-Consumable-Banana-Golden-L.png
 create mode 100644 System Update/shared/icon_cache/TidalCraneExotics__Gameplay__DoubleTrouble__Icons__T_Icon_Weapons_Exotic_SG_L.png
 create mode 100644 System Update/shared/icon_cache/TidalCraneWeaponGameplay__Gameplay__Weapons__MilitaryAR__Icons__T_Icon_Weapons_Rifle_TidalCrane_L.png
 create mode 100644 System Update/shared/icon_cache/TidalCraneWeaponGameplay__Gameplay__Weapons__TerminatorAR__Icons__T_Icon_Weapons_Terminator_Unscoped_AR_L.png
 create mode 100644 System Update/shared/icon_cache/TidalCraneWeaponGameplay__Gameplay__Weapons__WreckerRevolver__Icons__T_Icon_Weapons_Exotic_Wrecker_Exotic_L.png
 create mode 100644 System Update/shared/icon_cache/TidalCraneWeaponGameplay__Gameplay__Weapons__WreckerRevolver__Icons__T_Icon_Weapons_WreckerTidalCrane_L.png
 create mode 100644 System Update/shared/icon_cache/VividRazorExotics__Gameplay__LawlessShotgunSlap__Icons__T_Icon_Weapons_Shotgun_Auto_FirePetal_Slap_L.png
 create mode 100644 System Update/shared/icon_cache/VividRazorExotics__Gameplay__SlapJug__Icons__T_Icon_BR_Consumable_ChugJug_Agile_Slap_L.png
 create mode 100644 System Update/shared/icon_cache/VividRazorWeaponGameplay__Gameplay__CQBAR__Icons__T_Icon_Weapons_Rifle_Assault_VividRazor_L.png
 create mode 100644 System Update/shared/icon_cache/VividRazorWeaponGameplay__Gameplay__CQBAR__Icons__T_Icon_Weapons_Rifle_Assault_VividRazor_TriShot_L.png
 create mode 100644 System Update/shared/icon_cache/VividRazorWeaponGameplay__Gameplay__SawedOffShotgun__Icons__T_Icon_BR_Exotic_ShotgunPull_L.png
 create mode 100644 System Update/shared/icon_cache/VividRazorWeaponGameplay__Gameplay__SawedOffShotgun__Icons__T_Icon_Weapons_ShotgunSawedOff_L.png
 create mode 100644 "System Update/shared/images/Blitz \343\203\235\343\203\263\343\203\227\343\202\267\343\203\247\343\203\203\343\203\210\343\202\254\343\203\263 - \343\203\206\343\202\243\343\202\2427.png"
 create mode 100644 "System Update/shared/images/O.X.R.\343\203\251\343\202\244\343\203\225\343\203\253 - \343\203\206\343\202\243\343\202\2422.png"
 create mode 100644 "System Update/shared/images/O.X.R.\343\203\251\343\202\244\343\203\225\343\203\253 - \343\203\206\343\202\243\343\202\2423.png"
 create mode 100644 "System Update/shared/images/O.X.R.\343\203\251\343\202\244\343\203\225\343\203\253 - \343\203\206\343\202\243\343\202\2424.png"
 create mode 100644 "System Update/shared/images/O.X.R.\343\203\251\343\202\244\343\203\225\343\203\253 - \343\203\206\343\202\243\343\202\2425.png"
 create mode 100644 "System Update/shared/images/O.X.R.\343\203\251\343\202\244\343\203\225\343\203\253 - \343\203\206\343\202\243\343\202\2427.png"
 create mode 100644 "System Update/shared/images/\343\202\242\343\202\246\343\203\210\343\203\255\343\203\274\343\202\267\343\203\247\343\203\203\343\203\210\343\202\254\343\203\263 - \343\203\206\343\202\243\343\202\2422.png"
 create mode 100644 "System Update/shared/images/\343\202\242\343\202\246\343\203\210\343\203\255\343\203\274\343\202\267\343\203\247\343\203\203\343\203\210\343\202\254\343\203\263 - \343\203\206\343\202\243\343\202\2423.png"
 create mode 100644 "System Update/shared/images/\343\202\242\343\202\246\343\203\210\343\203\255\343\203\274\343\202\267\343\203\247\343\203\203\343\203\210\343\202\254\343\203\263 - \343\203\206\343\202\243\343\202\2424.png"
 create mode 100644 "System Update/shared/images/\343\202\242\343\202\246\343\203\210\343\203\255\343\203\274\343\202\267\343\203\247\343\203\203\343\203\210\343\202\254\343\203\263 - \343\203\206\343\202\243\343\202\2425.png"
 create mode 100644 "System Update/shared/images/\343\202\242\343\203\263\343\202\271\343\203\206\343\203\274\343\203\226\343\203\253 \343\203\250\343\202\244\343\203\263\343\202\257\343\203\273\343\202\267\343\203\247\343\203\203\343\203\210\343\202\254\343\203\263 - \343\203\206\343\202\243\343\202\2426.png"
 create mode 100644 "System Update/shared/images/\343\202\242\343\203\263\343\202\271\343\203\206\343\203\274\343\203\226\343\203\253 \343\203\264\343\202\251\343\203\253\343\203\206\343\203\274\343\202\270\343\203\273\343\203\220\343\203\274\343\202\271\343\203\210\343\203\224\343\202\271\343\203\210\343\203\253 - \343\203\206\343\202\243\343\202\2426.png"
 create mode 100644 "System Update/shared/images/\343\202\244\343\203\263\343\203\225\343\202\243\343\203\213\343\203\206\343\202\243\343\203\226\343\203\254\343\202\244\343\203\211 - \343\203\206\343\202\243\343\202\2427.png"
 create mode 100644 "System Update/shared/images/\343\202\250\343\203\251\343\203\207\343\202\243\343\202\261\343\203\274\343\202\277\343\203\274 O.X.R.\343\203\251\343\202\244\343\203\225\343\203\253 - \343\203\206\343\202\243\343\202\2426.png"
 create mode 100644 "System Update/shared/images/\343\202\250\343\203\251\343\203\207\343\202\243\343\202\261\343\203\274\343\202\277\343\203\274 \343\203\233\343\203\203\343\203\227\343\203\255\343\203\203\343\202\257\343\203\273\343\203\225\343\203\245\343\203\274\343\203\252\343\203\274 \343\202\242\343\202\265\343\203\253\343\203\210\343\203\251\343\202\244\343\203\225\343\203\253 - \343\203\206\343\202\243\343\202\2426.png"
 create mode 100644 "System Update/shared/images/\343\202\250\343\203\251\343\203\207\343\202\243\343\202\261\343\203\274\343\202\277\343\203\274 \343\203\236\343\203\274\343\202\257\343\202\271\343\203\236\343\203\263\343\203\273\343\203\254\343\203\203\343\202\253\343\203\274\343\203\252\343\203\234\343\203\253\343\203\220\343\203\274 - \343\203\206\343\202\243\343\202\2426.png"
 create mode 100644 "System Update/shared/images/\343\202\250\343\203\263\343\203\217\343\203\263\343\202\271\343\203\211 \343\202\244\343\203\263\343\203\225\343\202\243\343\203\253\343\203\210\343\203\254\343\203\274\343\202\277\343\203\274 \343\203\235\343\203\263\343\203\227\343\202\267\343\203\247\343\203\203\343\203\210\343\202\254\343\203\263 - \343\203\206\343\202\243\343\202\2427.png"
 create mode 100644 "System Update/shared/images/\343\202\250\343\203\263\343\203\217\343\203\263\343\202\271\343\203\211\343\203\217\343\203\234\343\203\203\343\202\257\343\202\267\343\203\247\343\203\203\343\203\210\343\202\254\343\203\263 - \343\203\206\343\202\243\343\202\2427.png"
 create mode 100644 "System Update/shared/images/\343\202\250\343\203\263\343\203\217\343\203\263\343\202\271\343\203\211\343\203\225\343\203\251\343\203\203\343\203\227\343\202\270\343\203\243\343\203\203\343\202\257\343\203\251\343\202\244\343\203\225\343\203\253 - \343\203\206\343\202\243\343\202\2427.png"
 create mode 100644 "System Update/shared/images/\343\202\250\343\203\263\343\203\217\343\203\263\343\202\271\343\203\211\343\203\273\343\202\263\343\203\251\343\203\206\343\203\251\343\203\253\343\203\200\343\203\241\343\203\274\343\202\270 \343\202\242\343\202\265\343\203\253\343\203\210\343\203\251\343\202\244\343\203\225\343\203\253 - \343\203\206\343\202\243\343\202\2427.png"
 create mode 100644 "System Update/shared/images/\343\202\252\343\203\213 \343\202\267\343\203\247\343\203\203\343\203\210\343\202\254\343\203\263 - \343\203\206\343\202\243\343\202\2422.png"
 create mode 100644 "System Update/shared/images/\343\202\252\343\203\213 \343\202\267\343\203\247\343\203\203\343\203\210\343\202\254\343\203\263 - \343\203\206\343\202\243\343\202\2423.png"
 create mode 100644 "System Update/shared/images/\343\202\252\343\203\213 \343\202\267\343\203\247\343\203\203\343\203\210\343\202\254\343\203\263 - \343\203\206\343\202\243\343\202\2424.png"
 create mode 100644 "System Update/shared/images/\343\202\252\343\203\213 \343\202\267\343\203\247\343\203\203\343\203\210\343\202\254\343\203\263 - \343\203\206\343\202\243\343\202\2425.png"
 create mode 100644 "System Update/shared/images/\343\202\252\343\203\274\343\202\267\343\203\243\343\203\263\343\201\256\343\203\220\343\203\274\343\202\271\343\203\210\343\202\242\343\202\265\343\203\253\343\203\210\343\203\251\343\202\244\343\203\225\343\203\253 - \343\203\206\343\202\243\343\202\2427.png"
 create mode 100644 "System Update/shared/images/\343\202\254\343\202\272\343\203\253\343\202\270\343\203\245\343\203\274\343\202\271 - \343\203\206\343\202\243\343\202\2422.png"
 create mode 100644 "System Update/shared/images/\343\202\255\343\203\203\343\203\210\343\201\256\343\203\201\343\203\243\343\203\274\343\202\270\343\202\267\343\203\247\343\203\203\343\203\210\343\202\254\343\203\263 - \343\203\206\343\202\243\343\202\2427.png"
 create mode 100644 "System Update/shared/images/\343\202\260\343\203\263\343\203\212\343\203\274\343\201\256\343\202\271\343\203\206\343\202\243\343\203\263\343\202\254\343\203\274\343\202\265\343\203\226\343\203\236\343\202\267\343\203\263\343\202\254\343\203\263 - \343\203\206\343\202\243\343\202\2427.png"
 create mode 100644 "System Update/shared/images/\343\202\263\343\203\251\343\203\206\343\203\251\343\203\253\343\203\200\343\203\241\343\203\274\343\202\270 \343\202\242\343\202\265\343\203\253\343\203\210\343\203\251\343\202\244\343\203\225\343\203\253 - \343\203\206\343\202\243\343\202\2422.png"
 create mode 100644 "System Update/shared/images/\343\202\263\343\203\251\343\203\206\343\203\251\343\203\253\343\203\200\343\203\241\343\203\274\343\202\270 \343\202\242\343\202\265\343\203\253\343\203\210\343\203\251\343\202\244\343\203\225\343\203\253 - \343\203\206\343\202\243\343\202\2423.png"
 create mode 100644 "System Update/shared/images/\343\202\263\343\203\251\343\203\206\343\203\251\343\203\253\343\203\200\343\203\241\343\203\274\343\202\270 \343\202\242\343\202\265\343\203\253\343\203\210\343\203\251\343\202\244\343\203\225\343\203\253 - \343\203\206\343\202\243\343\202\2424.png"
 create mode 100644 "System Update/shared/images/\343\202\263\343\203\251\343\203\206\343\203\251\343\203\253\343\203\200\343\203\241\343\203\274\343\202\270 \343\202\242\343\202\265\343\203\253\343\203\210\343\203\251\343\202\244\343\203\225\343\203\253 - \343\203\206\343\202\243\343\202\2425.png"
 create mode 100644 "System Update/shared/images/\343\202\265\343\202\244\343\203\254\343\203\263\343\202\265\343\203\274\344\273\230\343\201\215\343\203\224\343\202\271\343\203\210\343\203\253 - \343\203\206\343\202\243\343\202\2422.png"
 create mode 100644 "System Update/shared/images/\343\202\265\343\202\244\343\203\254\343\203\263\343\202\265\343\203\274\344\273\230\343\201\215\343\203\224\343\202\271\343\203\210\343\203\253 - \343\203\206\343\202\243\343\202\2423.png"
 create mode 100644 "System Update/shared/images/\343\202\265\343\202\244\343\203\254\343\203\263\343\202\265\343\203\274\344\273\230\343\201\215\343\203\224\343\202\271\343\203\210\343\203\253 - \343\203\206\343\202\243\343\202\2424.png"
 create mode 100644 "System Update/shared/images/\343\202\265\343\202\244\343\203\254\343\203\263\343\202\265\343\203\274\344\273\230\343\201\215\343\203\224\343\202\271\343\203\210\343\203\253 - \343\203\206\343\202\243\343\202\2425.png"
 create mode 100644 "System Update/shared/images/\343\202\265\343\202\244\343\203\254\343\203\263\343\202\265\343\203\274\344\273\230\343\201\215\343\203\224\343\202\271\343\203\210\343\203\253 - \343\203\206\343\202\243\343\202\2427.png"
 create mode 100644 "System Update/shared/images/\343\202\265\343\203\263\343\203\200\343\203\274\343\202\267\343\203\247\343\203\203\343\203\210\343\202\254\343\203\263 - \343\203\206\343\202\243\343\202\2422.png"
 create mode 100644 "System Update/shared/images/\343\202\265\343\203\263\343\203\200\343\203\274\343\202\267\343\203\247\343\203\203\343\203\210\343\202\254\343\203\263 - \343\203\206\343\202\243\343\202\2423.png"
 create mode 100644 "System Update/shared/images/\343\202\265\343\203\263\343\203\200\343\203\274\343\202\267\343\203\247\343\203\203\343\203\210\343\202\254\343\203\263 - \343\203\206\343\202\243\343\202\2424.png"
 create mode 100644 "System Update/shared/images/\343\202\265\343\203\263\343\203\200\343\203\274\343\202\267\343\203\247\343\203\203\343\203\210\343\202\254\343\203\263 - \343\203\206\343\202\243\343\202\2425.png"
 create mode 100644 "System Update/shared/images/\343\202\265\343\203\274\343\202\270\343\203\225\343\202\241\343\202\244\343\202\242SMG - \343\203\206\343\202\243\343\202\2422.png"
 create mode 100644 "System Update/shared/images/\343\202\265\343\203\274\343\202\270\343\203\225\343\202\241\343\202\244\343\202\242SMG - \343\203\206\343\202\243\343\202\2423.png"
 create mode 100644 "System Update/shared/images/\343\202\265\343\203\274\343\202\270\343\203\225\343\202\241\343\202\244\343\202\242SMG - \343\203\206\343\202\243\343\202\2424.png"
 create mode 100644 "System Update/shared/images/\343\202\265\343\203\274\343\202\270\343\203\225\343\202\241\343\202\244\343\202\242SMG - \343\203\206\343\202\243\343\202\2425.png"
 create mode 100644 "System Update/shared/images/\343\202\265\343\203\274\343\203\236\343\203\253\343\203\225\343\202\243\343\203\203\343\202\267\343\203\245 - \343\203\206\343\202\243\343\202\2425.png"
 create mode 100644 "System Update/shared/images/\343\202\267\343\203\243\343\203\211\343\203\274\343\203\210\343\203\251\343\203\203\343\202\253\343\203\274 - \343\203\206\343\202\243\343\202\2426.png"
 create mode 100644 "System Update/shared/images/\343\202\267\343\203\243\343\203\211\343\203\274\343\203\236\343\202\244\343\203\200\343\202\271\343\201\256\343\203\211\343\203\251\343\203\240\343\202\254\343\203\263 - \343\203\206\343\202\243\343\202\2427.png"
 create mode 100644 "System Update/shared/images/\343\202\267\343\203\274\343\203\253\343\203\211\343\203\220\343\203\226\343\203\253Jr. - \343\203\206\343\202\243\343\202\2422.png"
 create mode 100644 "System Update/shared/images/\343\202\270\343\203\245\343\203\274\343\203\253\343\202\272\343\201\256\343\203\211\343\203\251\343\203\240\343\202\254\343\203\263 - \343\203\206\343\202\243\343\202\2427.png"
 create mode 100644 "System Update/shared/images/\343\202\271\343\202\244\343\203\274\343\203\221\343\203\274\343\202\267\343\203\247\343\203\203\343\203\210\343\202\254\343\203\263 - \343\203\206\343\202\243\343\202\2422.png"
 create mode 100644 "System Update/shared/images/\343\202\271\343\202\244\343\203\274\343\203\221\343\203\274\343\202\267\343\203\247\343\203\203\343\203\210\343\202\254\343\203\263 - \343\203\206\343\202\243\343\202\2423.png"
 create mode 100644 "System Update/shared/images/\343\202\271\343\202\244\343\203\274\343\203\221\343\203\274\343\202\267\343\203\247\343\203\203\343\203\210\343\202\254\343\203\263 - \343\203\206\343\202\243\343\202\2424.png"
 create mode 100644 "System Update/shared/images/\343\202\271\343\202\244\343\203\274\343\203\221\343\203\274\343\202\267\343\203\247\343\203\203\343\203\210\343\202\254\343\203\263 - \343\203\206\343\202\243\343\202\2425.png"
 create mode 100644 "System Update/shared/images/\343\202\271\343\202\244\343\203\274\343\203\221\343\203\274\343\202\267\343\203\247\343\203\203\343\203\210\343\202\254\343\203\263 - \343\203\206\343\202\243\343\202\2427.png"
 create mode 100644 "System Update/shared/images/\343\202\271\343\202\253\343\202\244\343\201\256\343\202\242\343\202\265\343\203\253\343\203\210\343\203\251\343\202\244\343\203\225\343\203\253 - \343\203\206\343\202\243\343\202\2427.png"
 create mode 100644 "System Update/shared/images/\343\202\271\343\203\221\343\202\244\343\202\242\343\203\273\343\203\251\343\202\244\343\203\225\343\203\253 - \343\203\206\343\202\243\343\202\2422.png"
 create mode 100644 "System Update/shared/images/\343\202\271\343\203\221\343\202\244\343\202\242\343\203\273\343\203\251\343\202\244\343\203\225\343\203\253 - \343\203\206\343\202\243\343\202\2423.png"
 create mode 100644 "System Update/shared/images/\343\202\271\343\203\221\343\202\244\343\202\242\343\203\273\343\203\251\343\202\244\343\203\225\343\203\253 - \343\203\206\343\202\243\343\202\2424.png"
 create mode 100644 "System Update/shared/images/\343\202\271\343\203\221\343\202\244\343\202\242\343\203\273\343\203\251\343\202\244\343\203\225\343\203\253 - \343\203\206\343\202\243\343\202\2425.png"
 create mode 100644 "System Update/shared/images/\343\202\271\343\203\251\343\203\203\343\203\227\343\202\270\343\203\245\343\203\274\343\202\271 - \343\203\206\343\202\243\343\202\2423.png"
 create mode 100644 "System Update/shared/images/\343\202\271\343\203\251\343\203\203\343\203\227\343\203\273\343\202\271\343\203\227\343\203\251\343\203\203\343\202\267\343\203\245 - \343\203\206\343\202\243\343\202\2423.png"
 create mode 100644 "System Update/shared/images/\343\202\271\343\203\251\343\203\274\343\203\227\343\202\270\343\203\245\343\203\274\343\202\271 - \343\203\206\343\202\243\343\202\2425.png"
 create mode 100644 "System Update/shared/images/\343\202\273\343\203\263\343\203\201\343\203\215\343\203\253 \343\203\235\343\203\263\343\203\227\343\202\267\343\203\247\343\203\203\343\203\210\343\202\254\343\203\263 - \343\203\206\343\202\243\343\202\2422.png"
 create mode 100644 "System Update/shared/images/\343\202\273\343\203\263\343\203\201\343\203\215\343\203\253 \343\203\235\343\203\263\343\203\227\343\202\267\343\203\247\343\203\203\343\203\210\343\202\254\343\203\263 - \343\203\206\343\202\243\343\202\2423.png"
 create mode 100644 "System Update/shared/images/\343\202\273\343\203\263\343\203\201\343\203\215\343\203\253 \343\203\235\343\203\263\343\203\227\343\202\267\343\203\247\343\203\203\343\203\210\343\202\254\343\203\263 - \343\203\206\343\202\243\343\202\2424.png"
 create mode 100644 "System Update/shared/images/\343\202\273\343\203\263\343\203\201\343\203\215\343\203\253 \343\203\235\343\203\263\343\203\227\343\202\267\343\203\247\343\203\203\343\203\210\343\202\254\343\203\263 - \343\203\206\343\202\243\343\202\2425.png"
 create mode 100644 "System Update/shared/images/\343\203\200\343\203\226 - \343\203\206\343\202\243\343\202\2426.png"
 create mode 100644 "System Update/shared/images/\343\203\200\343\203\226\343\203\253 - \343\203\206\343\202\243\343\202\2426.png"
 create mode 100644 "System Update/shared/images/\343\203\204\343\202\244\343\203\263\343\203\225\343\202\241\343\202\244\343\202\242 \343\202\252\343\203\274\343\203\210\343\202\267\343\203\247\343\203\203\343\203\210\343\202\254\343\203\263 - \343\203\206\343\202\243\343\202\2422.png"
 create mode 100644 "System Update/shared/images/\343\203\204\343\202\244\343\203\263\343\203\225\343\202\241\343\202\244\343\202\242 \343\202\252\343\203\274\343\203\210\343\202\267\343\203\247\343\203\203\343\203\210\343\202\254\343\203\263 - \343\203\206\343\202\243\343\202\2423.png"
 create mode 100644 "System Update/shared/images/\343\203\204\343\202\244\343\203\263\343\203\225\343\202\241\343\202\244\343\202\242 \343\202\252\343\203\274\343\203\210\343\202\267\343\203\247\343\203\203\343\203\210\343\202\254\343\203\263 - \343\203\206\343\202\243\343\202\2424.png"
 create mode 100644 "System Update/shared/images/\343\203\204\343\202\244\343\203\263\343\203\225\343\202\241\343\202\244\343\202\242 \343\202\252\343\203\274\343\203\210\343\202\267\343\203\247\343\203\203\343\203\210\343\202\254\343\203\263 - \343\203\206\343\202\243\343\202\2425.png"
 create mode 100644 "System Update/shared/images/\343\203\204\343\202\244\343\203\263\343\203\236\343\202\260 \343\202\265\343\203\226\343\203\236\343\202\267\343\203\263\343\202\254\343\203\263 - \343\203\206\343\202\243\343\202\2422.png"
 create mode 100644 "System Update/shared/images/\343\203\204\343\202\244\343\203\263\343\203\236\343\202\260 \343\202\265\343\203\226\343\203\236\343\202\267\343\203\263\343\202\254\343\203\263 - \343\203\206\343\202\243\343\202\2423.png"
 create mode 100644 "System Update/shared/images/\343\203\204\343\202\244\343\203\263\343\203\236\343\202\260 \343\202\265\343\203\226\343\203\236\343\202\267\343\203\263\343\202\254\343\203\263 - \343\203\206\343\202\243\343\202\2424.png"
 create mode 100644 "System Update/shared/images/\343\203\204\343\202\244\343\203\263\343\203\236\343\202\260 \343\202\265\343\203\226\343\203\236\343\202\267\343\203\263\343\202\254\343\203\263 - \343\203\206\343\202\243\343\202\2425.png"
 create mode 100644 "System Update/shared/images/\343\203\210\343\203\251\343\203\226\343\203\253 - \343\203\206\343\202\243\343\202\2426.png"
 create mode 100644 "System Update/shared/images/\343\203\213\343\203\243\343\203\203\343\202\271\343\203\253\343\201\256\343\203\213\343\203\243\343\203\263\343\203\213\343\203\243\343\203\263\343\203\251\343\202\244\343\203\225\343\203\253 - \343\203\206\343\202\243\343\202\2427.png"
 create mode 100644 "System Update/shared/images/\343\203\217\343\202\244\343\202\253\343\203\274\343\203\211\343\201\256\343\203\217\343\203\234\343\203\203\343\202\257\343\202\265\343\202\244\343\203\254\343\203\263\343\202\265\343\203\274\344\273\230\343\201\215\343\203\251\343\202\244\343\203\225\343\203\253 - \343\203\206\343\202\243\343\202\2427.png"
 create mode 100644 "System Update/shared/images/\343\203\217\343\202\244\343\202\271\343\203\206\343\203\203\343\203\211\343\203\273\343\202\242\343\202\257\343\202\273\343\203\251\343\203\251\343\203\263\343\203\210\343\203\273\343\202\267\343\203\247\343\203\203\343\203\210\343\202\254\343\203\263 - \343\203\206\343\202\243\343\202\2426.png"
 create mode 100644 "System Update/shared/images/\343\203\217\343\202\244\343\202\271\343\203\206\343\203\203\343\203\211\343\203\273\343\203\226\343\203\252\343\203\263\343\202\257\343\203\236\343\202\260\343\203\273\343\202\265\343\203\226\343\203\236\343\202\267\343\203\263\343\202\254\343\203\263 - \343\203\206\343\202\243\343\202\2426.png"
 create mode 100644 "System Update/shared/images/\343\203\217\343\202\244\343\202\271\343\203\206\343\203\203\343\203\211\343\203\273\343\203\226\343\203\252\343\203\274\343\203\201\343\203\243\343\203\274\343\203\273\343\202\267\343\203\247\343\203\203\343\203\210\343\202\254\343\203\263 - \343\203\206\343\202\243\343\202\2426.png"
 create mode 100644 "System Update/shared/images/\343\203\217\343\202\244\343\202\271\343\203\206\343\203\203\343\203\211\343\203\273\343\203\251\343\203\263\343\203\273\343\202\242\343\203\263\343\203\211\343\203\273\343\202\254\343\203\263\343\203\273\343\202\265\343\203\226\343\203\236\343\202\267\343\203\263\343\202\254\343\203\263 - \343\203\206\343\202\243\343\202\2426.png"
 create mode 100644 "System Update/shared/images/\343\203\217\343\202\244\343\203\221\343\203\274\343\203\220\343\203\274\343\202\271\343\203\210\343\203\273\343\203\224\343\202\271\343\203\210\343\203\253 - \343\203\206\343\202\243\343\202\2422.png"
 create mode 100644 "System Update/shared/images/\343\203\217\343\202\244\343\203\221\343\203\274\343\203\220\343\203\274\343\202\271\343\203\210\343\203\273\343\203\224\343\202\271\343\203\210\343\203\253 - \343\203\206\343\202\243\343\202\2423.png"
 create mode 100644 "System Update/shared/images/\343\203\217\343\202\244\343\203\221\343\203\274\343\203\220\343\203\274\343\202\271\343\203\210\343\203\273\343\203\224\343\202\271\343\203\210\343\203\253 - \343\203\206\343\202\243\343\202\2424.png"
 create mode 100644 "System Update/shared/images/\343\203\217\343\202\244\343\203\221\343\203\274\343\203\220\343\203\274\343\202\271\343\203\210\343\203\273\343\203\224\343\202\271\343\203\210\343\203\253 - \343\203\206\343\202\243\343\202\2425.png"
 create mode 100644 "System Update/shared/images/\343\203\217\343\203\234\343\203\203\343\202\257\343\202\265\343\202\244\343\203\254\343\203\263\343\202\265\343\203\274\344\273\230\343\201\215\343\202\242\343\202\265\343\203\253\343\203\210\343\203\251\343\202\244\343\203\225\343\203\253 - \343\203\206\343\202\243\343\202\2422.png"
 create mode 100644 "System Update/shared/images/\343\203\217\343\203\234\343\203\203\343\202\257\343\202\265\343\202\244\343\203\254\343\203\263\343\202\265\343\203\274\344\273\230\343\201\215\343\202\242\343\202\265\343\203\253\343\203\210\343\203\251\343\202\244\343\203\225\343\203\253 - \343\203\206\343\202\243\343\202\2423.png"
 create mode 100644 "System Update/shared/images/\343\203\217\343\203\234\343\203\203\343\202\257\343\202\265\343\202\244\343\203\254\343\203\263\343\202\265\343\203\274\344\273\230\343\201\215\343\202\242\343\202\265\343\203\253\343\203\210\343\203\251\343\202\244\343\203\225\343\203\253 - \343\203\206\343\202\243\343\202\2424.png"
 create mode 100644 "System Update/shared/images/\343\203\217\343\203\234\343\203\203\343\202\257\343\202\265\343\202\244\343\203\254\343\203\263\343\202\265\343\203\274\344\273\230\343\201\215\343\202\242\343\202\265\343\203\253\343\203\210\343\203\251\343\202\244\343\203\225\343\203\253 - \343\203\206\343\202\243\343\202\2425.png"
 create mode 100644 "System Update/shared/images/\343\203\217\343\203\234\343\203\203\343\202\257\343\203\235\343\203\263\343\203\227\343\202\267\343\203\247\343\203\203\343\203\210\343\202\254\343\203\263 - \343\203\206\343\202\243\343\202\2422.png"
 create mode 100644 "System Update/shared/images/\343\203\217\343\203\234\343\203\203\343\202\257\343\203\235\343\203\263\343\203\227\343\202\267\343\203\247\343\203\203\343\203\210\343\202\254\343\203\263 - \343\203\206\343\202\243\343\202\2423.png"
 create mode 100644 "System Update/shared/images/\343\203\217\343\203\234\343\203\203\343\202\257\343\203\235\343\203\263\343\203\227\343\202\267\343\203\247\343\203\203\343\203\210\343\202\254\343\203\263 - \343\203\206\343\202\243\343\202\2424.png"
 create mode 100644 "System Update/shared/images/\343\203\217\343\203\234\343\203\203\343\202\257\343\203\235\343\203\263\343\203\227\343\202\267\343\203\247\343\203\203\343\203\210\343\202\254\343\203\263 - \343\203\206\343\202\243\343\202\2425.png"
 create mode 100644 "System Update/shared/images/\343\203\223\343\203\203\343\202\260\343\203\226\343\203\203\343\202\267\343\203\245\343\203\234\343\203\240 - \343\203\206\343\202\243\343\202\2423.png"
 create mode 100644 "System Update/shared/images/\343\203\225\343\203\245\343\203\274\343\203\252\343\203\274 \343\202\242\343\202\265\343\203\253\343\203\210\343\203\251\343\202\244\343\203\225\343\203\253 - \343\203\206\343\202\243\343\202\2422.png"
 create mode 100644 "System Update/shared/images/\343\203\225\343\203\245\343\203\274\343\203\252\343\203\274 \343\202\242\343\202\265\343\203\253\343\203\210\343\203\251\343\202\244\343\203\225\343\203\253 - \343\203\206\343\202\243\343\202\2423.png"
 create mode 100644 "System Update/shared/images/\343\203\225\343\203\245\343\203\274\343\203\252\343\203\274 \343\202\242\343\202\265\343\203\253\343\203\210\343\203\251\343\202\244\343\203\225\343\203\253 - \343\203\206\343\202\243\343\202\2424.png"
 create mode 100644 "System Update/shared/images/\343\203\225\343\203\245\343\203\274\343\203\252\343\203\274 \343\202\242\343\202\265\343\203\253\343\203\210\343\203\251\343\202\244\343\203\225\343\203\253 - \343\203\206\343\202\243\343\202\2425.png"
 create mode 100644 "System Update/shared/images/\343\203\225\343\203\251\343\203\203\343\203\227\343\202\270\343\203\243\343\203\203\343\202\257\343\203\251\343\202\244\343\203\225\343\203\253 - \343\203\206\343\202\243\343\202\2423.png"
 create mode 100644 "System Update/shared/images/\343\203\225\343\203\251\343\203\203\343\203\227\343\202\270\343\203\243\343\203\203\343\202\257\343\203\251\343\202\244\343\203\225\343\203\253 - \343\203\206\343\202\243\343\202\2424.png"
 create mode 100644 "System Update/shared/images/\343\203\225\343\203\251\343\203\203\343\203\227\343\202\270\343\203\243\343\203\203\343\202\257\343\203\251\343\202\244\343\203\225\343\203\253 - \343\203\206\343\202\243\343\202\2425.png"
 create mode 100644 "System Update/shared/images/\343\203\225\343\203\254\343\203\203\343\202\257\343\202\271 \343\202\265\343\203\226\343\203\236\343\202\267\343\203\263\343\202\254\343\203\263 - \343\203\206\343\202\243\343\202\2427.png"
 create mode 100644 "System Update/shared/images/\343\203\226\343\203\253\343\203\274\343\202\277\343\202\271\343\201\256\343\203\237\343\203\213\343\202\254\343\203\263 - \343\203\206\343\202\243\343\202\2427.png"
 create mode 100644 "System Update/shared/images/\343\203\233\343\203\203\343\203\227\343\203\255\343\203\203\343\202\257\343\203\207\343\203\245\343\202\242\343\203\252\343\203\274 - \343\203\206\343\202\243\343\202\2426.png"
 create mode 100644 "System Update/shared/images/\343\203\236\343\202\244\343\203\200\343\202\271\343\201\256\343\203\211\343\203\251\343\203\240\343\202\254\343\203\263 - \343\203\206\343\202\243\343\202\2427.png"
 create mode 100644 "System Update/shared/images/\343\203\237\343\202\267\343\203\203\343\202\257\343\202\264\343\203\274\343\203\253\343\203\211\343\203\225\343\202\243\343\203\203\343\202\267\343\203\245 - \343\203\206\343\202\243\343\202\2427.png"
 create mode 100644 "System Update/shared/images/\343\203\241\343\202\244\343\203\264\343\202\241\343\203\263 \343\202\252\343\203\274\343\203\210\343\202\267\343\203\247\343\203\203\343\203\210\343\202\254\343\203\263 - \343\203\206\343\202\243\343\202\2422.png"
 create mode 100644 "System Update/shared/images/\343\203\241\343\202\244\343\203\264\343\202\241\343\203\263 \343\202\252\343\203\274\343\203\210\343\202\267\343\203\247\343\203\203\343\203\210\343\202\254\343\203\263 - \343\203\206\343\202\243\343\202\2423.png"
 create mode 100644 "System Update/shared/images/\343\203\241\343\202\244\343\203\264\343\202\241\343\203\263 \343\202\252\343\203\274\343\203\210\343\202\267\343\203\247\343\203\203\343\203\210\343\202\254\343\203\263 - \343\203\206\343\202\243\343\202\2424.png"
 create mode 100644 "System Update/shared/images/\343\203\241\343\202\244\343\203\264\343\202\241\343\203\263 \343\202\252\343\203\274\343\203\210\343\202\267\343\203\247\343\203\203\343\203\210\343\202\254\343\203\263 - \343\203\206\343\202\243\343\202\2425.png"
 create mode 100644 "System Update/shared/images/\343\203\254\343\203\203\343\202\253\343\203\274\343\203\252\343\203\234\343\203\253\343\203\220\343\203\274 - \343\203\206\343\202\243\343\202\2422.png"
 create mode 100644 "System Update/shared/images/\343\203\254\343\203\203\343\202\253\343\203\274\343\203\252\343\203\234\343\203\253\343\203\220\343\203\274 - \343\203\206\343\202\243\343\202\2423.png"
 create mode 100644 "System Update/shared/images/\343\203\254\343\203\203\343\202\253\343\203\274\343\203\252\343\203\234\343\203\253\343\203\220\343\203\274 - \343\203\206\343\202\243\343\202\2424.png"
 create mode 100644 "System Update/shared/images/\343\203\254\343\203\203\343\202\253\343\203\274\343\203\252\343\203\234\343\203\253\343\203\220\343\203\274 - \343\203\206\343\202\243\343\202\2425.png"
 create mode 100644 "System Update/shared/images/\343\203\254\343\203\203\343\203\211\343\202\271\343\203\224\343\203\203\343\202\277\343\203\2743000 - \343\203\206\343\202\243\343\202\2424.png"
 create mode 100644 "System Update/shared/images/\343\203\254\343\203\203\343\203\211\343\202\271\343\203\224\343\203\203\343\202\277\343\203\2743000 - \343\203\206\343\202\243\343\202\2427.png"
 create mode 100644 "System Update/shared/images/\343\203\255\343\203\274\343\203\254\343\202\271 \343\202\271\343\203\251\343\203\203\343\203\227\343\202\270\343\203\243\343\202\260 - \343\203\206\343\202\243\343\202\2426.png"
 create mode 100644 "System Update/shared/images/\343\203\255\343\203\274\343\203\254\343\202\271 \343\203\204\343\202\244\343\203\263\343\203\225\343\202\241\343\202\244\343\202\242 \343\202\271\343\203\251\343\203\203\343\203\227\343\202\267\343\203\247\343\203\203\343\203\210\343\202\254\343\203\263 - \343\203\206\343\202\243\343\202\2426.png"
 create mode 100644 "System Update/shared/images/\343\203\255\343\203\274\343\203\254\343\202\271 \343\203\210\343\203\252\343\203\213\343\203\206\343\202\243\343\202\242\343\202\265\343\203\253\343\203\210\343\203\251\343\202\244\343\203\225\343\203\253 - \343\203\206\343\202\243\343\202\2426.png"
 create mode 100644 "System Update/shared/images/\345\274\267\345\214\226\345\236\213\343\202\242\343\202\246\343\203\210\343\203\255\343\203\274\343\202\267\343\203\247\343\203\203\343\203\210\343\202\254\343\203\263 - \343\203\206\343\202\243\343\202\2427.png"
 create mode 100644 "System Update/shared/images/\345\274\267\345\214\226\345\236\213\343\202\252\343\203\213 \343\202\267\343\203\247\343\203\203\343\203\210\343\202\254\343\203\263 - \343\203\206\343\202\243\343\202\2427.png"
 create mode 100644 "System Update/shared/images/\345\274\267\345\214\226\345\236\213\343\202\265\343\203\274\343\202\270\343\203\225\343\202\241\343\202\244\343\202\242SMG - \343\203\206\343\202\243\343\202\2427.png"
 create mode 100644 "System Update/shared/images/\345\274\267\345\214\226\345\236\213\343\202\271\343\203\221\343\202\244\343\202\242\343\203\273\343\203\251\343\202\244\343\203\225\343\203\253 - \343\203\206\343\202\243\343\202\2427.png"
 create mode 100644 "System Update/shared/images/\345\274\267\345\214\226\345\236\213\343\202\273\343\203\263\343\203\201\343\203\215\343\203\253 \343\203\235\343\203\263\343\203\227\343\202\267\343\203\247\343\203\203\343\203\210\343\202\254\343\203\263 - \343\203\206\343\202\243\343\202\2427.png"
 create mode 100644 "System Update/shared/images/\345\274\267\345\214\226\345\236\213\343\203\204\343\202\244\343\203\263\343\203\225\343\202\241\343\202\244\343\202\242 \343\202\252\343\203\274\343\203\210\343\202\267\343\203\247\343\203\203\343\203\210\343\202\254\343\203\263 - \343\203\206\343\202\243\343\202\2427.png"
 create mode 100644 "System Update/shared/images/\345\274\267\345\214\226\345\236\213\343\203\217\343\202\244\343\203\221\343\203\274\343\203\220\343\203\274\343\202\271\343\203\210\343\203\273\343\203\224\343\202\271\343\203\210\343\203\253 - \343\203\206\343\202\243\343\202\2427.png"
 create mode 100644 "System Update/shared/images/\345\274\267\345\214\226\345\236\213\343\203\225\343\203\245\343\203\274\343\203\252\343\203\274 \343\202\242\343\202\265\343\203\253\343\203\210\343\203\251\343\202\244\343\203\225\343\203\253 - \343\203\206\343\202\243\343\202\2427.png"
 create mode 100644 "System Update/shared/images/\345\274\267\345\214\226\345\236\213\343\203\254\343\203\203\343\202\253\343\203\274\343\203\252\343\203\234\343\203\253\343\203\220\343\203\274 - \343\203\206\343\202\243\343\202\2427.png"
 create mode 100644 "System Update/shared/images/\347\245\236\343\200\205\343\201\256\343\203\220\343\203\212\343\203\212 - \343\203\206\343\202\243\343\202\2425.png"
2026-01-22 22:33:45 | WARNING | git push stderr: To https://github.com/Greenfox0833/New-Loot.git
   fb73b08..46ebdde  main -> main
2026-01-22 22:33:45 | INFO | ✓ GitHub Push 完了
2026-01-22 22:33:45 | INFO | ===== ForbiddenFruit: pipeline end =====
