2026-02-19 19:19:06 | INFO | log file: E:\フォートナイト\Picture\Loot Pool\TEST4\New Loot\System Update\ForbiddenFruit\output\logs\pipeline_2026-02-19_19-19-06.log
2026-02-19 19:19:06 | INFO | ===== ForbiddenFruit: pipeline start =====
2026-02-19 19:19:06 | INFO | paths: lt=E:\フォートナイト\Picture\Loot Pool\TEST4\New Loot\System Update\ForbiddenFruit\input\AthenaLootTierData_Client__final.json lp=E:\フォートナイト\Picture\Loot Pool\TEST4\New Loot\System Update\ForbiddenFruit\input\AthenaLootPackages_Client__final.json minlist=E:\フォートナイト\Picture\Loot Pool\TEST4\New Loot\System Update\ForbiddenFruit\input\items_unique_min.json
2026-02-19 19:19:06 | INFO | output: summary=E:\フォートナイト\Picture\Loot Pool\TEST4\New Loot\System Update\ForbiddenFruit\output\summary lootdata=E:\フォートナイト\Picture\Loot Pool\TEST4\New Loot\System Update\戦利品データ\ForbiddenFruit
2026-02-19 19:19:06 | INFO | flags: hotfix=True prewarm=True image=True workers=8
2026-02-19 19:19:06 | INFO | hotfix start: E:\フォートナイト\Picture\Loot Pool\TEST4\New Loot\System Update\LootPackage.py
2026-02-19 19:19:06 | INFO | hotfix lp stdout: [STEP1-1] base E:\Fmodel\Exports\FortniteGame\Plugins\GameFeatures\ForbiddenFruitDataTables\Content\DataTables\ForbiddenFruitChapterLootPackages.json
[HOTFIX:SEASON1] target=/ForbiddenFruitDataTables/DataTables/ForbiddenFruitChapterLootPackages
[648] RowUpdate WorldList.BusGold.01.CountRange=(X=500,Y=500) -> OK
[649] RowUpdate WorldList.BusWeap.02.Weight=1.000000 -> OK
[650] RowUpdate WorldList.BusWeap.02.ItemDefinition=/FirePetalWeaponGameplay/Gameplay/FirePetal_SMG_Quirky/WID_SMG_FirePetal_Quirky_Athena_R.WID_SMG_FirePetal_Quirky_Athena_R -> OK
[651] RowUpdate WorldList.BusWeap.03.Weight=1.000000 -> OK
[652] RowUpdate WorldList.BusWeap.03.ItemDefinition=/TidalCraneWeaponGameplay/Gameplay/Weapons/MilitaryAR/WID_Assault_TidalCrane_Athena_R.WID_Assault_TidalCrane_Athena_R -> OK
[655] RowUpdate WorldList.BusAmmoRockets.01.Weight=1.000000 -> OK
[656] RowUpdate WorldList.BusAmmoRockets.01.CountRange=(X=12,Y=12) -> OK
[657] RowUpdate WorldList.BusWeap.02.Weight=1.000000 -> OK
[658] RowUpdate WorldList.BusWeap.02.ItemDefinition=/DragonCartWeaponGameplay/Gameplay/DragonCart_Pump/WID_Shotgun_Pump_DragonCart_Athena_UC.WID_Shotgun_Pump_DragonCart_Athena_UC -> OK
[659] RowUpdate WorldList.BusWeap.03.Weight=1.000000 -> OK
[660] RowUpdate WorldList.BusWeap.03.ItemDefinition=/TidalCraneWeaponGameplay/Gameplay/Weapons/MilitaryAR/WID_Assault_TidalCrane_Athena_UC.WID_Assault_TidalCrane_Athena_UC -> OK
[661] RowUpdate WorldList.BusWeap.04.Weight=1.000000 -> OK
[662] RowUpdate WorldList.BusWeap.04.ItemDefinition=/CrimsonMist/Gameplay/Weapons/SemiAuto_Shotgun/WID_CrimsonMist_TacSG_UC.WID_CrimsonMist_TacSG_UC -> OK
[663] RowUpdate WorldList.BusWeap.05.Weight=1.000000 -> OK
[664] RowUpdate WorldList.BusWeap.05.ItemDefinition=/FirePetalWeaponGameplay/Gameplay/FirePetal_SMG_Quirky/WID_SMG_FirePetal_Quirky_Athena_UC.WID_SMG_FirePetal_Quirky_Athena_UC -> OK
[665] RowUpdate WorldList.BusWeap.06.Weight=0.750000 -> OK
[666] RowUpdate WorldList.BusWeap.06.ItemDefinition=/SmartRifle/Gameplay/WID_Rifle_AutoAim_VR.WID_Rifle_AutoAim_VR -> OK
[667] RowUpdate WorldList.BusGrant.ItemSet.1.01.Weight=1.000000 -> OK
[668] RowUpdate WorldList.BusGrant.ItemSet.1.01.CountRange=(X=3,Y=3) -> OK
[669] RowUpdate WorldList.BusGrant.ItemSet.1.01.ItemDefinition=/FizzyCloudGameplay/Gameplay/WID_FizzyCloud.WID_FizzyCloud -> OK
[670] RowUpdate WorldList.AthenaBlitzLlama.StandardItem.01.Weight=1.000000 -> OK
[671] RowUpdate WorldList.AthenaBlitzLlama.StandardItem.01.ItemDefinition=/SmartRifle/Gameplay/WID_Rifle_AutoAim_SR.WID_Rifle_AutoAim_SR -> OK
[672] RowUpdate WorldList.AthenaBlitzLlama.StandardItem.02.Weight=2.000000 -> OK
[673] RowUpdate WorldList.AthenaBlitzLlama.StandardItem.02.ItemDefinition=/SmartRifle/Gameplay/WID_Rifle_AutoAim_VR.WID_Rifle_AutoAim_VR -> OK
[674] RowUpdate WorldList.AthenaBlitzLlama.MythicItem.01.Weight=1.000000 -> OK
[675] RowUpdate WorldList.AthenaBlitzLlama.MythicItem.01.ItemDefinition=/SmartRifle/Gameplay/WID_Rifle_AutoAim_SR.WID_Rifle_AutoAim_SR -> OK
[676] RowUpdate WorldList.GoldChest.Boons.01.Weight=1.000000 -> OK
[677] RowUpdate WorldList.GoldChest.Boons.01.CountRange=(X=3,Y=3) -> OK
[678] RowUpdate WorldList.GoldChest.Boons.01.ItemDefinition=/FizzyCloudGameplay/Gameplay/WID_FizzyCloud.WID_FizzyCloud -> OK
[679] RowUpdate WorldList.GoldChest.Boons.02.Weight=1.000000 -> OK
[680] RowUpdate WorldList.GoldChest.Boons.02.ItemDefinition=/SmartRifle/Gameplay/WID_Rifle_AutoAim_VR.WID_Rifle_AutoAim_VR -> OK
[681] RowUpdate WorldList.GoldLlama.Consumable.04.Weight=1.000000 -> OK
[682] RowUpdate WorldList.GoldLlama.Consumable.04.CountRange=(X=3,Y=3) -> OK
[683] RowUpdate WorldList.GoldLlama.Consumable.04.ItemDefinition=/FizzyCloudGameplay/Gameplay/WID_FizzyCloud.WID_FizzyCloud -> OK
[684] RowUpdate WorldList.AthenaSupplyDrop.Utility.01.CountRange=(X=1,Y=1) -> OK
[685] RowUpdate WorldList.AthenaSupplyDrop.Utility.01.ItemDefinition=/MilitiaExpire/Items/AID_MilitiaExpire_Medallion.AID_MilitiaExpire_Medallion -> OK
[686] RowUpdate WorldList.AthenaSupplyDrop.Heals.01.Weight=1.000000 -> OK
[687] RowUpdate WorldList.AthenaSupplyDrop.Heals.01.ItemDefinition=/FizzyCloudGameplay/Gameplay/WID_FizzyCloud.WID_FizzyCloud -> OK
[688] RowUpdate WorldList.AthenaSupplyDrop.Utility.01.Weight=0.750000 -> OK
[689] RowUpdate WorldList.AthenaSupplyDrop.Utility.01.CountRange=(X=1,Y=1) -> OK
[690] RowUpdate WorldList.AthenaSupplyDrop.Utility.01.ItemDefinition=/MilitiaExpire/Items/AID_MilitiaExpire_Medallion.AID_MilitiaExpire_Medallion -> OK
[691] RowUpdate WorldList.AthenaSupplyDrop.Sp.Weapon.01.Weight=1.000000 -> OK
[692] RowUpdate WorldList.AthenaSupplyDrop.Sp.Weapon.01.ItemDefinition=/SmartRifle/Gameplay/WID_Rifle_AutoAim_VR.WID_Rifle_AutoAim_VR -> OK
[693] RowUpdate WorldList.AthenaSupplyDrop.Sp.Weapon.02.Weight=0.660000 -> OK
[694] RowUpdate WorldList.AthenaSupplyDrop.Sp.Weapon.02.ItemDefinition=/SmartRifle/Gameplay/WID_Rifle_AutoAim_SR.WID_Rifle_AutoAim_SR -> OK
[HOTFIX:SEASON1] Addrow(TableUpdate) なし -> スキップ
[HOTFIX:SEASON1] done: applied=45, deleted=0, skipped=0
[STEP1-2] merge E:\Fmodel\Exports\FortniteGame\Plugins\GameFeatures\ForbiddenFruitDataTables\Content\DataTables\AthenaLootPackages_Client_ForbiddenFruitChapterOverride_NoBuild.json : replaced=20, added=9
[HOTFIX:SEASON2] target=/ForbiddenFruitDataTables/DataTables/AthenaLootTierData_Client_ForbiddenFruitChapterOverride_NoBuild
[HOTFIX:SEASON2] Addrow(TableUpdate) なし -> スキップ
[HOTFIX:SEASON2] done: applied=0, deleted=0, skipped=0
[WRITE] final -> E:\フォートナイト\Picture\Loot Pool\TEST4\New Loot\System Update\ForbiddenFruit\input\AthenaLootPackages_Client__final.json
[WRITE] per-input -> E:\フォートナイト\Picture\Loot Pool\TEST4\New Loot\System Update\ForbiddenFruit\input\ForbiddenFruitChapterLootPackages__final.json
[WRITE] per-input -> E:\フォートナイト\Picture\Loot Pool\TEST4\New Loot\System Update\ForbiddenFruit\input\AthenaLootPackages_Client_ForbiddenFruitChapterOverride_NoBuild__final.json
2026-02-19 19:19:06 | INFO | hotfix start: E:\フォートナイト\Picture\Loot Pool\TEST4\New Loot\System Update\LootTier.py
2026-02-19 19:19:06 | INFO | hotfix lt stdout: [STEP1-1] base E:\Fmodel\Exports\FortniteGame\Plugins\GameFeatures\ForbiddenFruitDataTables\Content\DataTables\ForbiddenFruitChapterLootTierData.json
[HOTFIX:SEASON1] target=/ForbiddenFruitDataTables/DataTables/ForbiddenFruitChapterLootTierData
[HOTFIX:SEASON1] done: applied=0, deleted=0, skipped=0
[STEP1-2] merge E:\Fmodel\Exports\FortniteGame\Plugins\GameFeatures\ForbiddenFruitDataTables\Content\DataTables\AthenaLootTierData_Client_ForbiddenFruitChapterOverride_NoBuild.json : replaced=0, added=0
[HOTFIX:SEASON2] target=/ForbiddenFruitDataTables/DataTables/AthenaLootTierData_Client_ForbiddenFruitChapterOverride_NoBuild
[HOTFIX:SEASON2] done: applied=0, deleted=0, skipped=0
[WRITE] final -> E:\フォートナイト\Picture\Loot Pool\TEST4\New Loot\System Update\ForbiddenFruit\input\AthenaLootTierData_Client__final.json
[WRITE] per-input -> E:\フォートナイト\Picture\Loot Pool\TEST4\New Loot\System Update\ForbiddenFruit\input\ForbiddenFruitChapterLootTierData__final.json
[WRITE] per-input -> E:\フォートナイト\Picture\Loot Pool\TEST4\New Loot\System Update\ForbiddenFruit\input\AthenaLootTierData_Client_ForbiddenFruitChapterOverride_NoBuild__final.json
2026-02-19 19:19:06 | INFO | ✓ Hotfix 適用完了 (0.64s)
2026-02-19 19:19:06 | INFO | load lt: E:\フォートナイト\Picture\Loot Pool\TEST4\New Loot\System Update\ForbiddenFruit\input\AthenaLootTierData_Client__final.json
2026-02-19 19:19:06 | INFO | load lp: E:\フォートナイト\Picture\Loot Pool\TEST4\New Loot\System Update\ForbiddenFruit\input\AthenaLootPackages_Client__final.json
2026-02-19 19:19:06 | INFO | load done (0.01s)
2026-02-19 19:19:06 | INFO | build summary start
2026-02-19 19:19:06 | INFO | build summary done (0.01s)
2026-02-19 19:19:06 | INFO | enrich summary with names start
2026-02-19 19:19:06 | INFO | enrich summary done (0.00s)
2026-02-19 19:19:06 | INFO | ✅ まとめJSONを作成: E:\フォートナイト\Picture\Loot Pool\TEST4\New Loot\System Update\ForbiddenFruit\output\summary\v39.30_2026-02-19_19-19.json
2026-02-19 19:19:06 | INFO | build BR_LootData start
2026-02-19 19:19:06 | INFO | build BR_LootData done (0.00s)
2026-02-19 19:19:06 | INFO | ✅ BR_LootData を作成: E:\フォートナイト\Picture\Loot Pool\TEST4\New Loot\System Update\戦利品データ\ForbiddenFruit\ForbiddenFruit_LootData_2026-02-19_19-19.json
2026-02-19 19:19:06 | INFO | ✅ Web LootPool を更新: E:\フォートナイト\Web\assets\data\Loot\Blitz_LootPool.json
2026-02-19 19:19:06 | INFO | LootSummary start: E:\フォートナイト\Picture\Loot Pool\TEST4\New Loot\System Update\ForbiddenFruit\scripts\LootSummary.py
2026-02-19 19:19:07 | INFO | LootSummary stdout: 🔎 抽出用: 最新ファイル = E:\フォートナイト\Picture\Loot Pool\TEST4\New Loot\System Update\ForbiddenFruit\output\summary\v39.30_2026-02-19_19-19.json
✅ 抽出件数: 157
💾 保存: E:\フォートナイト\Picture\Loot Pool\TEST4\New Loot\System Update\ForbiddenFruit\input\items_unique_min.json
🔎 比較用: base   = E:\フォートナイト\Picture\Loot Pool\TEST4\New Loot\System Update\ForbiddenFruit\output\summary\v39.30_2026-02-06_08-03.json
🔎 比較用: target = E:\フォートナイト\Picture\Loot Pool\TEST4\New Loot\System Update\ForbiddenFruit\output\summary\v39.30_2026-02-19_19-19.json
✅ 差分作成 完了
  追加   : 4 / 削除 : 6 / 変更 : 0 / 変化なし : 153
💾 差分: E:\フォートナイト\Picture\Loot Pool\TEST4\New Loot\System Update\ForbiddenFruit\output\history\BR_20260219_1919\items_unique_min_diff.json
2026-02-19 19:19:07 | WARNING | LootSummary stderr: E:\フォートナイト\Picture\Loot Pool\TEST4\New Loot\System Update\ForbiddenFruit\scripts\LootSummary.py:2: SyntaxWarning: invalid escape sequence '\B'
  """
2026-02-19 19:19:07 | INFO | ✅ LootSummary 実行完了（抽出→比較） (0.19s)
2026-02-19 19:19:07 | INFO | prewarm start
2026-02-19 19:19:23 | INFO | ✅ アイコンキャッシュ プリウォーム完了 (16.63s)
2026-02-19 19:19:23 | INFO | 画像化タスク数: 157
2026-02-19 19:19:23 | INFO | 画像生成 進捗: 1/157
2026-02-19 19:19:24 | INFO | 画像生成 進捗: 50/157
2026-02-19 19:19:24 | INFO | 画像生成 進捗: 100/157
2026-02-19 19:19:25 | INFO | 画像生成 進捗: 150/157
2026-02-19 19:19:25 | INFO | 画像生成 進捗: 157/157
2026-02-19 19:19:25 | INFO | ✅ 画像生成 完了（MinListベース）
2026-02-19 19:19:25 | INFO | ✅ Loot diff を作成: E:\フォートナイト\Web\assets\data\Loot\diff\Blitz_2026-02-19_19-19-25.json (added=10 removed=8 change=12)
2026-02-19 19:19:25 | INFO | ℹ️ BR_Discord が見つかりません: E:\フォートナイト\Picture\Loot Pool\TEST4\New Loot\System Update\ForbiddenFruit\scripts\BR_Discor.py
2026-02-19 19:19:25 | INFO | git add: E:\フォートナイト\Picture\Loot Pool\TEST4\New Loot
2026-02-19 19:19:31 | INFO | git commit stdout: [main e112127] ForbiddenFruit update 2026-02-19 19:19:28
 13 files changed, 22699 insertions(+), 219 deletions(-)
 create mode 100644 System Update/ForbiddenFruit/output/history/BR_20260219_1919/items_unique_min_diff.json
 create mode 100644 System Update/ForbiddenFruit/output/logs/pipeline_2026-02-19_19-19-06.log
 create mode 100644 System Update/ForbiddenFruit/output/summary/v39.30_2026-02-19_19-19.json
 create mode 100644 "System Update/shared/images/ForbiddenFruit/\343\203\225\343\203\255\343\203\274\343\203\231\343\203\252\343\203\274\343\203\237\343\202\271\343\203\210\343\202\260\343\203\254\343\203\215\343\203\274\343\203\211 - \343\203\206\343\202\243\343\202\2424.png"
 create mode 100644 "System Update/shared/images/ForbiddenFruit/\343\203\255\343\203\203\343\202\257\343\202\252\343\203\263\343\202\242\343\202\265\343\203\253\343\203\210\343\203\251\343\202\244\343\203\225\343\203\253 - \343\203\206\343\202\243\343\202\2424.png"
 create mode 100644 "System Update/shared/images/ForbiddenFruit/\343\203\255\343\203\203\343\202\257\343\202\252\343\203\263\343\202\242\343\202\265\343\203\253\343\203\210\343\203\251\343\202\244\343\203\225\343\203\253 - \343\203\206\343\202\243\343\202\2425.png"
 create mode 100644 "System Update/shared/images/ForbiddenFruit/\350\207\252\345\267\261\350\230\207\347\224\237\343\203\207\343\203\220\343\202\244\343\202\271 - \343\203\206\343\202\243\343\202\2425.png"
 create mode 100644 "System Update/\346\210\246\345\210\251\345\223\201\343\203\207\343\203\274\343\202\277/ForbiddenFruit/ForbiddenFruit_LootData_2026-02-19_19-19.json"
2026-02-19 19:19:33 | WARNING | git push stderr: To https://github.com/Greenfox0833/New-Loot.git
   998e7b3..e112127  main -> main
2026-02-19 19:19:33 | INFO | ✓ GitHub Push 完了
2026-02-19 19:19:33 | INFO | ===== ForbiddenFruit: pipeline end =====
