2026-02-05 18:54:42 | INFO | log file (BR_Comp): E:\フォートナイト\Picture\Loot Pool\TEST4\New Loot\System Update\BR_Comp\output\logs\pipeline_2026-02-05_18-54-42.log
2026-02-05 18:54:42 | INFO | ===== BR_Comp: pipeline start =====
2026-02-05 18:54:42 | INFO | paths: lt=E:\フォートナイト\Picture\Loot Pool\TEST4\New Loot\System Update\BR_Comp\input\AthenaLootTierData_Client__final.json lp=E:\フォートナイト\Picture\Loot Pool\TEST4\New Loot\System Update\BR_Comp\input\AthenaLootPackages_Client__final.json minlist=E:\フォートナイト\Picture\Loot Pool\TEST4\New Loot\System Update\BR_Comp\input\items_unique_min.json
2026-02-05 18:54:42 | INFO | output: summary=E:\フォートナイト\Picture\Loot Pool\TEST4\New Loot\System Update\BR_Comp\output\summary lootdata=E:\フォートナイト\Picture\Loot Pool\TEST4\New Loot\System Update\戦利品データ\BR_Comp
2026-02-05 18:54:42 | INFO | flags: hotfix=True prewarm=True image=True workers=8
2026-02-05 18:54:42 | INFO | hotfix start: E:\フォートナイト\Picture\Loot Pool\TEST4\New Loot\System Update\LootPackage.py
2026-02-05 18:54:43 | INFO | hotfix lp stdout: [STEP1-2] merge e:\Fmodel\Exports\FortniteGame\Plugins\GameFeatures\DragonCartLoot\Content\DataTables\DragonCartLootPackages_Client.json : replaced=438, added=794
[STEP1-3] merge E:\Fmodel\Exports\FortniteGame\Plugins\GameFeatures\DragonCartLoot\Content\DataTables\Comp\DragonCartLootPackages_Client_Comp.json : replaced=175, added=14
[STEP1-4] merge E:\Fmodel\Exports\FortniteGame\Plugins\GameFeatures\DragonCartLoot\Content\DataTables\Comp\DragonCartLootPackages_Client_Comp_Backup.json : replaced=2, added=0
[HOTFIX:SEASON1] target=/Game/Items/DataTables/AthenaLootPackages_Client
[HOTFIX:SEASON1] Addrow(TableUpdate) なし -> スキップ
[HOTFIX:SEASON1] done: applied=0, deleted=0, skipped=0
[HOTFIX:SEASON2] target=/DragonCartLoot/DataTables/DragonCartLootPackages_Client
[356] RowUpdate WorldList.AthenaHighConsumables.23.Weight=0.050000 -> OK
[357] RowUpdate WorldList.AthenaHighConsumablesRare.24.Weight=0.050000 -> OK
[358] RowUpdate WorldList.AthenaSupplyDropConsumables.23.Weight=0.050000 -> OK
[359] RowUpdate WorldList.AthenaConsumables.24.Weight=0.050000 -> OK
[366] RowUpdate PKG_ThemeParkCannon_Solo.01.Weight=0.250000 -> OK
[367] RowUpdate PKG_ThemeParkCannon_Solo.02.Weight=0.750000 -> OK
[368] RowUpdate PKG_ThemeParkCannon_Solo.02.LootPackageCall=WorldList.Weapons.Rarity.Epic -> OK
[369] RowUpdate PKG_ThemeParkCannon_Solo.04.Weight=0.000000 -> OK
[370] RowUpdate PKG_ThemeParkCannon_Duo.01.Weight=0.250000 -> OK
[371] RowUpdate PKG_ThemeParkCannon_Duo.02.Weight=0.750000 -> OK
[372] RowUpdate PKG_ThemeParkCannon_Duo.02.LootPackageCall=WorldList.Weapons.Rarity.Epic -> OK
[373] RowUpdate PKG_ThemeParkCannon_Duo.04.Weight=0.000000 -> OK
[374] RowUpdate PKG_ThemeParkCannon_Trio.01.Weight=0.250000 -> OK
[375] RowUpdate PKG_ThemeParkCannon_Trio.02.Weight=0.750000 -> OK
[376] RowUpdate PKG_ThemeParkCannon_Trio.02.LootPackageCall=WorldList.Weapons.Rarity.Epic -> OK
[377] RowUpdate PKG_ThemeParkCannon_Trio.04.Weight=0.000000 -> OK
[378] RowUpdate PKG_ThemeParkCannon_Squad.01.Weight=0.250000 -> OK
[379] RowUpdate PKG_ThemeParkCannon_Squad.02.Weight=0.750000 -> OK
[380] RowUpdate PKG_ThemeParkCannon_Squad.02.LootPackageCall=WorldList.Weapons.Rarity.Epic -> OK
[381] RowUpdate PKG_ThemeParkCannon_Squad.04.Weight=0.000000 -> OK
[382] RowUpdate LIST_ThemeParkCannon_Consumable.05.Weight=0.100000 -> OK
[383] RowUpdate LIST_ThemeParkCannon_Consumable.05.CountRange=(X=2,Y=2) -> OK
[384] RowUpdate LIST_ThemeParkCannon_Consumable.05.ItemDefinition=/PaprikaConsumables/Gameplay/ShieldRefresh/WID_Paprika_ShieldPot.WID_Paprika_ShieldPot -> OK
[385] RowUpdate LIST_ThemeParkCannon_Consumable.06.Weight=0.100000 -> OK
[386] RowUpdate LIST_ThemeParkCannon_Consumable.06.CountRange=(X=1,Y=1) -> OK
[387] RowUpdate LIST_ThemeParkCannon_Consumable.06.ItemDefinition=/PaprikaConsumables/Gameplay/MedRefresh/WID_Paprika_MedBox.WID_Paprika_MedBox -> OK
[451] RowUpdate WorldList.AthenaHighConsumables.19.Weight=0.040000 -> OK
[452] RowUpdate WorldList.AthenaConsumables.18.Weight=0.010000 -> OK
[453] RowUpdate WorldList.Weapons.Rarity.Legendary.20.Weight=1.000000 -> OK
[494] RowUpdate WorldList.AthenaHighConsumables.14.Weight=0.000000 -> OK
[495] RowUpdate WorldList.AthenaHighConsumablesRare.14.Weight=0.000000 -> OK
[496] RowUpdate WorldList.AthenaSupplyDropConsumables.13.Weight=0.000000 -> OK
[497] RowUpdate WorldList.AthenaConsumables.14.Weight=0.000000 -> OK
[578] RowUpdate WorldList.AthenaHighConsumables.21.CountRange=(X=2,Y=2) -> OK
[579] RowUpdate WorldList.AthenaHighConsumablesRare.22.CountRange=(X=2,Y=2) -> OK
[580] RowUpdate WorldList.AthenaSupplyDropConsumables.21.CountRange=(X=2,Y=2) -> OK
[581] RowUpdate WorldList.AthenaConsumables.22.CountRange=(X=2,Y=2) -> OK
[HOTFIX:SEASON2] Addrow(TableUpdate) なし -> スキップ
[HOTFIX:SEASON2] done: applied=37, deleted=0, skipped=0
[HOTFIX:SEASON3] target=/DragonCartLoot/DataTables/Comp/DragonCartLootPackages_Client_Comp
[HOTFIX:SEASON3] Addrow(TableUpdate) なし -> スキップ
[HOTFIX:SEASON3] done: applied=0, deleted=0, skipped=0
[HOTFIX:SEASON4] target=/DragonCartLoot/DataTables/Comp/DragonCartLootPackages_Client_Comp_Backup
[498] TableUpdate -> ADD WorldList.AthenaLoot.Weapon.Rocket.01
[498] TableUpdate -> ADD WorldList.AthenaLoot.Weapon.Rocket.02
[498] TableUpdate -> ADD WorldList.AthenaLoot.Weapon.HighRocket.01
[498] TableUpdate -> ADD WorldList.AthenaLoot.Weapon.HighRocket.02
[498] TableUpdate -> ADD WorldList.AthenaLoot.Weapon.HighRocket.03
[498] TableUpdate -> ADD WorldList.AthenaLoot.Weapon.HighRocket.04
[498] TableUpdate -> ADD WorldList.ApolloLoot.Weapon.Rocket.01
[498] TableUpdate -> ADD WorldList.ApolloLoot.Weapon.Rocket.02
[498] TableUpdate -> ADD WorldList.Weapons.Rarity.Uncommon.18
[498] TableUpdate -> ADD WorldList.Weapons.Rarity.Rare.18
[498] TableUpdate -> ADD WorldList.Weapons.Rarity.Epic.18
[498] TableUpdate -> ADD WorldList.Weapons.Rarity.Legendary.18
[498] TableUpdate -> ADD WorldList.AthenaSupplyDrop.Weapon.Rocket.01
[498] TableUpdate -> ADD WorldList.AthenaSupplyDrop.Weapon.Rocket.02
[498] TableUpdate -> ADD WorldList.GoldenPOI.DroneLoot.Wep.69
[498] TableUpdate -> ADD WorldList.GoldenPOI.DroneLoot.Wep.70
[498] TableUpdate -> ADD WorldList.GoldenPOI.DroneLoot.Wep.71
[498] TableUpdate -> ADD WorldList.GoldenPOI.DroneLoot.Wep.72
[498] TableUpdate -> ADD LIST_GoldenWaterfall_Consumable.01
[498] TableUpdate -> ADD LIST_Boss_Heal.01
[498] TableUpdate -> ADD WorldList.AthenaHighConsumablesRare.19
[498] TableUpdate -> ADD LIST_GoldenWaterfall_Item.02
[498] TableUpdate -> ADD AthenaSupplyDropConsumables.14
[498] TableUpdate -> ADD WorldList.AthenaSupplyDropConsumables.15
[498] TableUpdate -> ADD LIST_Vend_Item_Seasonal_3.01
[498] TableUpdate -> ADD LIST_CareDrop_Revive.01
[498] TableUpdate -> ADD WorldList.AthenaSupplyDropConsumables.14
[498] TableUpdate -> ADD LIST_Boss_Gamma_Weapon.02
[498] TableUpdate -> ADD WorldList.AthenaHighConsumables.19
[498] TableUpdate -> ADD WorldList.AthenaConsumables.18
[498] TableUpdate -> ADD WorldList.AthenaConsumables.14
[498] TableUpdate -> ADD WorldList.AthenaHighConsumables.14
[498] TableUpdate -> ADD WorldList.AthenaHighConsumablesRare.14
[498] TableUpdate -> ADD WorldList.AthenaSupplyDropConsumables.13
[586] TableUpdate -> ADD WorldList.AthenaHighConsumables.19
[586] TableUpdate -> ADD WorldList.AthenaConsumables.18
[586] TableUpdate -> ADD PKG_Kenny_1.02
[586] TableUpdate -> ADD PKG_Kenny_2.02
[586] TableUpdate -> ADD PKG_Kenny_3.02
[586] TableUpdate -> ADD WorldList.AthenaHighConsumables.25
[586] TableUpdate -> ADD WorldList.AthenaHighConsumablesRare.26
[586] TableUpdate -> ADD WorldList.AthenaSupplyDropConsumables.25
[586] TableUpdate -> ADD WorldList.AthenaConsumables.26
[586] TableUpdate -> ADD WorldList.FlopperDefault.Light.23
[586] TableUpdate -> ADD LIST_Vend_Item_Seasonal_1.01
[586] TableUpdate -> ADD LIST_HoneyFiber_Incident.01
[HOTFIX:SEASON4] done: applied=46, deleted=0, skipped=0
[WRITE] final -> E:\フォートナイト\Picture\Loot Pool\TEST4\New Loot\System Update\BR_Comp\input\AthenaLootPackages_Client__final.json
[WRITE] per-input -> E:\フォートナイト\Picture\Loot Pool\TEST4\New Loot\System Update\BR_Comp\input\DragonCartLootPackages_Client__final.json
[WRITE] per-input -> E:\フォートナイト\Picture\Loot Pool\TEST4\New Loot\System Update\BR_Comp\input\DragonCartLootPackages_Client_Comp__final.json
[WRITE] per-input -> E:\フォートナイト\Picture\Loot Pool\TEST4\New Loot\System Update\BR_Comp\input\DragonCartLootPackages_Client_Comp_Backup__final.json
2026-02-05 18:54:43 | INFO | hotfix start: E:\フォートナイト\Picture\Loot Pool\TEST4\New Loot\System Update\LootTier.py
2026-02-05 18:54:43 | INFO | hotfix lt stdout: [STEP1-2] merge e:\Fmodel\Exports\FortniteGame\Plugins\GameFeatures\DragonCartLoot\Content\DataTables\DragonCartLootTierData_Client.json : replaced=0, added=90
[STEP1-3] merge E:\Fmodel\Exports\FortniteGame\Plugins\GameFeatures\DragonCartLoot\Content\DataTables\Comp\DragonCartLootTierData_Client_Comp.json : replaced=0, added=5
[STEP1-4] merge E:\Fmodel\Exports\FortniteGame\Plugins\GameFeatures\DragonCartLoot\Content\DataTables\Comp\DragonCartLootTierData_Client_Comp_Backup.json : replaced=1, added=0
[HOTFIX:SEASON1] target=/Game/Items/DataTables/AthenaLootTierData_Client
[350] RowUpdate Loot_AthenaTreasure_04.Weight=0.050000 -> OK
[351] RowUpdate Loot_ApolloTreasure_Rare_04.Weight=0.150000 -> OK
[352] RowUpdate Loot_AthenaSupplyDrop_03.Weight=0.300000 -> OK
[HOTFIX:SEASON1] done: applied=3, deleted=0, skipped=0
[HOTFIX:SEASON2] target=/DragonCartLoot/DataTables/DragonCartLootTierData_Client
[582] RowUpdate LTG_Vend_Item_Pistol_Green.01.Weight=0.000000 -> OK
[583] RowUpdate LTG_Vend_Item_Shotgun_Green.01.Weight=0.000000 -> OK
[584] RowUpdate LTG_Vend_Item_SMG_Green.01.Weight=0.000000 -> OK
[585] RowUpdate LTG_Vend_Item_Assault_Green.01.Weight=0.000000 -> OK
[HOTFIX:SEASON2] done: applied=4, deleted=0, skipped=0
[HOTFIX:SEASON3] target=/DragonCartLoot/DataTables/Comp/DragonCartLootTierData_Client_Comp
[HOTFIX:SEASON3] done: applied=0, deleted=0, skipped=0
[HOTFIX:SEASON4] target=/DragonCartLoot/DataTables/Comp/DragonCartLootTierData_Client_Comp_Backup
[HOTFIX:SEASON4] done: applied=0, deleted=0, skipped=0
[WRITE] final -> E:\フォートナイト\Picture\Loot Pool\TEST4\New Loot\System Update\BR_Comp\input\AthenaLootTierData_Client__final.json
[WRITE] per-input -> E:\フォートナイト\Picture\Loot Pool\TEST4\New Loot\System Update\BR_Comp\input\DragonCartLootTierData_Client__final.json
[WRITE] per-input -> E:\フォートナイト\Picture\Loot Pool\TEST4\New Loot\System Update\BR_Comp\input\DragonCartLootTierData_Client_Comp__final.json
[WRITE] per-input -> E:\フォートナイト\Picture\Loot Pool\TEST4\New Loot\System Update\BR_Comp\input\DragonCartLootTierData_Client_Comp_Backup__final.json
2026-02-05 18:54:43 | INFO | ✓ Hotfix 適用完了 (1.21s)
2026-02-05 18:54:43 | INFO | load lt: E:\フォートナイト\Picture\Loot Pool\TEST4\New Loot\System Update\BR_Comp\input\AthenaLootTierData_Client__final.json
2026-02-05 18:54:43 | INFO | load lp: E:\フォートナイト\Picture\Loot Pool\TEST4\New Loot\System Update\BR_Comp\input\AthenaLootPackages_Client__final.json
2026-02-05 18:54:43 | INFO | load done (0.04s)
2026-02-05 18:54:43 | INFO | build summary start
