2026-02-06 06:55:18 | INFO | log file (BR_Comp): E:\フォートナイト\Picture\Loot Pool\TEST4\New Loot\System Update\BR_Comp\output\logs\pipeline_2026-02-06_06-55-18.log
2026-02-06 06:55:18 | INFO | ===== BR_Comp: pipeline start =====
2026-02-06 06:55:18 | INFO | paths: lt=E:\フォートナイト\Picture\Loot Pool\TEST4\New Loot\System Update\BR_Comp\input\AthenaLootTierData_Client__final.json lp=E:\フォートナイト\Picture\Loot Pool\TEST4\New Loot\System Update\BR_Comp\input\AthenaLootPackages_Client__final.json minlist=E:\フォートナイト\Picture\Loot Pool\TEST4\New Loot\System Update\BR_Comp\input\items_unique_min.json
2026-02-06 06:55:18 | INFO | output: summary=E:\フォートナイト\Picture\Loot Pool\TEST4\New Loot\System Update\BR_Comp\output\summary lootdata=E:\フォートナイト\Picture\Loot Pool\TEST4\New Loot\System Update\戦利品データ\BR_Comp
2026-02-06 06:55:18 | INFO | flags: hotfix=True prewarm=True image=True workers=8
2026-02-06 06:55:18 | INFO | hotfix start: E:\フォートナイト\Picture\Loot Pool\TEST4\New Loot\System Update\LootPackage.py
2026-02-06 06:55:19 | INFO | hotfix lp stdout: [STEP1-2] merge e:\Fmodel\Exports\FortniteGame\Plugins\GameFeatures\DragonCartLoot\Content\DataTables\DragonCartLootPackages_Client.json : replaced=438, added=794
[STEP1-3] merge E:\Fmodel\Exports\FortniteGame\Plugins\GameFeatures\DragonCartLoot\Content\DataTables\Comp\DragonCartLootPackages_Client_Comp.json : replaced=175, added=14
[STEP1-4] merge E:\Fmodel\Exports\FortniteGame\Plugins\GameFeatures\DragonCartLoot\Content\DataTables\Comp\DragonCartLootPackages_Client_Comp_Backup.json : replaced=2, added=0
[HOTFIX:SEASON1] target=/Game/Items/DataTables/AthenaLootPackages_Client
[HOTFIX:SEASON1] Addrow(TableUpdate) なし -> スキップ
[HOTFIX:SEASON1] done: applied=0, deleted=0, skipped=0
[HOTFIX:SEASON2] target=/DragonCartLoot/DataTables/DragonCartLootPackages_Client
[363] RowUpdate WorldList.AthenaHighConsumables.23.Weight=0.050000 -> OK
[364] RowUpdate WorldList.AthenaHighConsumablesRare.24.Weight=0.050000 -> OK
[365] RowUpdate WorldList.AthenaSupplyDropConsumables.23.Weight=0.050000 -> OK
[366] RowUpdate WorldList.AthenaConsumables.24.Weight=0.050000 -> OK
[373] RowUpdate PKG_ThemeParkCannon_Solo.01.Weight=0.250000 -> OK
[374] RowUpdate PKG_ThemeParkCannon_Solo.02.Weight=0.750000 -> OK
[375] RowUpdate PKG_ThemeParkCannon_Solo.02.LootPackageCall=WorldList.Weapons.Rarity.Epic -> OK
[376] RowUpdate PKG_ThemeParkCannon_Solo.04.Weight=0.000000 -> OK
[377] RowUpdate PKG_ThemeParkCannon_Duo.01.Weight=0.250000 -> OK
[378] RowUpdate PKG_ThemeParkCannon_Duo.02.Weight=0.750000 -> OK
[379] RowUpdate PKG_ThemeParkCannon_Duo.02.LootPackageCall=WorldList.Weapons.Rarity.Epic -> OK
[380] RowUpdate PKG_ThemeParkCannon_Duo.04.Weight=0.000000 -> OK
[381] RowUpdate PKG_ThemeParkCannon_Trio.01.Weight=0.250000 -> OK
[382] RowUpdate PKG_ThemeParkCannon_Trio.02.Weight=0.750000 -> OK
[383] RowUpdate PKG_ThemeParkCannon_Trio.02.LootPackageCall=WorldList.Weapons.Rarity.Epic -> OK
[384] RowUpdate PKG_ThemeParkCannon_Trio.04.Weight=0.000000 -> OK
[385] RowUpdate PKG_ThemeParkCannon_Squad.01.Weight=0.250000 -> OK
[386] RowUpdate PKG_ThemeParkCannon_Squad.02.Weight=0.750000 -> OK
[387] RowUpdate PKG_ThemeParkCannon_Squad.02.LootPackageCall=WorldList.Weapons.Rarity.Epic -> OK
[388] RowUpdate PKG_ThemeParkCannon_Squad.04.Weight=0.000000 -> OK
[389] RowUpdate LIST_ThemeParkCannon_Consumable.05.Weight=0.100000 -> OK
[390] RowUpdate LIST_ThemeParkCannon_Consumable.05.CountRange=(X=2,Y=2) -> OK
[391] RowUpdate LIST_ThemeParkCannon_Consumable.05.ItemDefinition=/PaprikaConsumables/Gameplay/ShieldRefresh/WID_Paprika_ShieldPot.WID_Paprika_ShieldPot -> OK
[392] RowUpdate LIST_ThemeParkCannon_Consumable.06.Weight=0.100000 -> OK
[393] RowUpdate LIST_ThemeParkCannon_Consumable.06.CountRange=(X=1,Y=1) -> OK
[394] RowUpdate LIST_ThemeParkCannon_Consumable.06.ItemDefinition=/PaprikaConsumables/Gameplay/MedRefresh/WID_Paprika_MedBox.WID_Paprika_MedBox -> OK
[441] RowUpdate WorldList.AthenaConsumables.18.Weight=0.010000 -> OK
[442] RowUpdate WorldList.Weapons.Rarity.Legendary.20.Weight=1.000000 -> OK
[443] RowUpdate WorldList.AthenaHighConsumables.19.Weight=0.000000 -> OK
[444] RowUpdate WorldList.AthenaHighConsumables.26.Weight=0.000000 -> OK
[445] RowUpdate WorldList.AthenaHighConsumablesRare.27.Weight=0.000000 -> OK
[446] RowUpdate WorldList.AthenaSupplyDropConsumables.25.Weight=0.000000 -> OK
[447] RowUpdate WorldList.AthenaConsumables.25.Weight=0.000000 -> OK
[448] RowUpdate LIST_Vend_Item_Seasonal_2.02.Weight=0.000000 -> OK
[449] RowUpdate LIST_ThemeParkCannon_Consumable.05.Weight=0.000000 -> OK
[490] RowUpdate WorldList.AthenaHighConsumables.14.Weight=0.200000 -> OK
[491] RowUpdate WorldList.AthenaHighConsumablesRare.14.Weight=0.200000 -> OK
[492] RowUpdate WorldList.AthenaSupplyDropConsumables.13.Weight=0.2500000 -> OK
[493] RowUpdate WorldList.AthenaConsumables.14.Weight=0.200000 -> OK
[574] RowUpdate WorldList.AthenaHighConsumables.21.CountRange=(X=2,Y=2) -> OK
[575] RowUpdate WorldList.AthenaHighConsumablesRare.22.CountRange=(X=2,Y=2) -> OK
[576] RowUpdate WorldList.AthenaSupplyDropConsumables.21.CountRange=(X=2,Y=2) -> OK
[577] RowUpdate WorldList.AthenaConsumables.22.CountRange=(X=2,Y=2) -> OK
[615] RowUpdate LIST_Vend_Item_Assault_Purple.01.Weight=0.000000 -> OK
[616] RowUpdate LIST_Vend_Item_Assault_Purple.02.Weight=0.000000 -> OK
[617] RowUpdate LIST_Vend_Item_Assault_Purple.03.Weight=0.000000 -> OK
[618] RowUpdate LIST_Vend_Item_Assault_Purple.05.Weight=0.000000 -> OK
[619] RowUpdate LIST_Vend_Item_Gold_3.01.Weight=0.000000 -> OK
[620] RowUpdate LIST_Vend_Item_Gold_3.02.Weight=0.000000 -> OK
[621] RowUpdate LIST_Vend_Item_Gold_3.04.Weight=0.000000 -> OK
[HOTFIX:SEASON2] Addrow(TableUpdate) なし -> スキップ
[HOTFIX:SEASON2] done: applied=50, deleted=0, skipped=0
[HOTFIX:SEASON3] target=/DragonCartLoot/DataTables/Comp/DragonCartLootPackages_Client_Comp
[HOTFIX:SEASON3] Addrow(TableUpdate) なし -> スキップ
[HOTFIX:SEASON3] done: applied=0, deleted=0, skipped=0
[HOTFIX:SEASON4] target=/DragonCartLoot/DataTables/Comp/DragonCartLootPackages_Client_Comp_Backup
[494] TableUpdate -> ADD WorldList.AthenaLoot.Weapon.Rocket.01
[494] TableUpdate -> ADD WorldList.AthenaLoot.Weapon.Rocket.02
[494] TableUpdate -> ADD WorldList.AthenaLoot.Weapon.HighRocket.01
[494] TableUpdate -> ADD WorldList.AthenaLoot.Weapon.HighRocket.02
[494] TableUpdate -> ADD WorldList.AthenaLoot.Weapon.HighRocket.03
[494] TableUpdate -> ADD WorldList.AthenaLoot.Weapon.HighRocket.04
[494] TableUpdate -> ADD WorldList.ApolloLoot.Weapon.Rocket.01
[494] TableUpdate -> ADD WorldList.ApolloLoot.Weapon.Rocket.02
[494] TableUpdate -> ADD WorldList.Weapons.Rarity.Uncommon.18
[494] TableUpdate -> ADD WorldList.Weapons.Rarity.Rare.18
[494] TableUpdate -> ADD WorldList.Weapons.Rarity.Epic.18
[494] TableUpdate -> ADD WorldList.Weapons.Rarity.Legendary.18
[494] TableUpdate -> ADD WorldList.AthenaSupplyDrop.Weapon.Rocket.01
[494] TableUpdate -> ADD WorldList.AthenaSupplyDrop.Weapon.Rocket.02
[494] TableUpdate -> ADD WorldList.GoldenPOI.DroneLoot.Wep.69
[494] TableUpdate -> ADD WorldList.GoldenPOI.DroneLoot.Wep.70
[494] TableUpdate -> ADD WorldList.GoldenPOI.DroneLoot.Wep.71
[494] TableUpdate -> ADD WorldList.GoldenPOI.DroneLoot.Wep.72
[494] TableUpdate -> ADD LIST_GoldenWaterfall_Consumable.01
[494] TableUpdate -> ADD LIST_Boss_Heal.01
[494] TableUpdate -> ADD WorldList.AthenaHighConsumablesRare.19
[494] TableUpdate -> ADD LIST_GoldenWaterfall_Item.02
[494] TableUpdate -> ADD AthenaSupplyDropConsumables.14
[494] TableUpdate -> ADD WorldList.AthenaSupplyDropConsumables.15
[494] TableUpdate -> ADD LIST_Vend_Item_Seasonal_3.01
[494] TableUpdate -> ADD LIST_CareDrop_Revive.01
[494] TableUpdate -> ADD WorldList.AthenaSupplyDropConsumables.14
[494] TableUpdate -> ADD LIST_Boss_Gamma_Weapon.02
[494] TableUpdate -> ADD WorldList.AthenaHighConsumables.19
[494] TableUpdate -> ADD WorldList.AthenaConsumables.18
[494] TableUpdate -> ADD WorldList.AthenaConsumables.14
[494] TableUpdate -> ADD WorldList.AthenaHighConsumables.14
[494] TableUpdate -> ADD WorldList.AthenaHighConsumablesRare.14
[494] TableUpdate -> ADD WorldList.AthenaSupplyDropConsumables.13
[582] TableUpdate -> ADD WorldList.AthenaHighConsumables.19
[582] TableUpdate -> ADD WorldList.AthenaConsumables.18
[582] TableUpdate -> ADD PKG_Kenny_1.02
[582] TableUpdate -> ADD PKG_Kenny_2.02
[582] TableUpdate -> ADD PKG_Kenny_3.02
[582] TableUpdate -> ADD WorldList.AthenaHighConsumables.25
[582] TableUpdate -> ADD WorldList.AthenaHighConsumablesRare.26
[582] TableUpdate -> ADD WorldList.AthenaSupplyDropConsumables.25
[582] TableUpdate -> ADD WorldList.AthenaConsumables.26
[582] TableUpdate -> ADD WorldList.FlopperDefault.Light.23
[582] TableUpdate -> ADD LIST_Vend_Item_Seasonal_1.01
[582] TableUpdate -> ADD LIST_HoneyFiber_Incident.01
[HOTFIX:SEASON4] done: applied=46, deleted=0, skipped=0
[WRITE] final -> E:\フォートナイト\Picture\Loot Pool\TEST4\New Loot\System Update\BR_Comp\input\AthenaLootPackages_Client__final.json
[WRITE] per-input -> E:\フォートナイト\Picture\Loot Pool\TEST4\New Loot\System Update\BR_Comp\input\DragonCartLootPackages_Client__final.json
[WRITE] per-input -> E:\フォートナイト\Picture\Loot Pool\TEST4\New Loot\System Update\BR_Comp\input\DragonCartLootPackages_Client_Comp__final.json
[WRITE] per-input -> E:\フォートナイト\Picture\Loot Pool\TEST4\New Loot\System Update\BR_Comp\input\DragonCartLootPackages_Client_Comp_Backup__final.json
2026-02-06 06:55:19 | INFO | hotfix start: E:\フォートナイト\Picture\Loot Pool\TEST4\New Loot\System Update\LootTier.py
2026-02-06 06:55:19 | INFO | hotfix lt stdout: [STEP1-2] merge e:\Fmodel\Exports\FortniteGame\Plugins\GameFeatures\DragonCartLoot\Content\DataTables\DragonCartLootTierData_Client.json : replaced=0, added=90
[STEP1-3] merge E:\Fmodel\Exports\FortniteGame\Plugins\GameFeatures\DragonCartLoot\Content\DataTables\Comp\DragonCartLootTierData_Client_Comp.json : replaced=0, added=5
[STEP1-4] merge E:\Fmodel\Exports\FortniteGame\Plugins\GameFeatures\DragonCartLoot\Content\DataTables\Comp\DragonCartLootTierData_Client_Comp_Backup.json : replaced=1, added=0
[HOTFIX:SEASON1] target=/Game/Items/DataTables/AthenaLootTierData_Client
[357] RowUpdate Loot_AthenaTreasure_04.Weight=0.050000 -> OK
[358] RowUpdate Loot_ApolloTreasure_Rare_04.Weight=0.150000 -> OK
[359] RowUpdate Loot_AthenaSupplyDrop_03.Weight=0.300000 -> OK
[HOTFIX:SEASON1] done: applied=3, deleted=0, skipped=0
[HOTFIX:SEASON2] target=/DragonCartLoot/DataTables/DragonCartLootTierData_Client
[578] RowUpdate LTG_Vend_Item_Pistol_Green.01.Weight=0.000000 -> OK
[579] RowUpdate LTG_Vend_Item_Shotgun_Green.01.Weight=0.000000 -> OK
[580] RowUpdate LTG_Vend_Item_SMG_Green.01.Weight=0.000000 -> OK
[581] RowUpdate LTG_Vend_Item_Assault_Green.01.Weight=0.000000 -> OK
[HOTFIX:SEASON2] done: applied=4, deleted=0, skipped=0
[HOTFIX:SEASON3] target=/DragonCartLoot/DataTables/Comp/DragonCartLootTierData_Client_Comp
[HOTFIX:SEASON3] done: applied=0, deleted=0, skipped=0
[HOTFIX:SEASON4] target=/DragonCartLoot/DataTables/Comp/DragonCartLootTierData_Client_Comp_Backup
[HOTFIX:SEASON4] done: applied=0, deleted=0, skipped=0
[WRITE] final -> E:\フォートナイト\Picture\Loot Pool\TEST4\New Loot\System Update\BR_Comp\input\AthenaLootTierData_Client__final.json
[WRITE] per-input -> E:\フォートナイト\Picture\Loot Pool\TEST4\New Loot\System Update\BR_Comp\input\DragonCartLootTierData_Client__final.json
[WRITE] per-input -> E:\フォートナイト\Picture\Loot Pool\TEST4\New Loot\System Update\BR_Comp\input\DragonCartLootTierData_Client_Comp__final.json
[WRITE] per-input -> E:\フォートナイト\Picture\Loot Pool\TEST4\New Loot\System Update\BR_Comp\input\DragonCartLootTierData_Client_Comp_Backup__final.json
2026-02-06 06:55:19 | INFO | ✓ Hotfix 適用完了 (0.85s)
2026-02-06 06:55:19 | INFO | load lt: E:\フォートナイト\Picture\Loot Pool\TEST4\New Loot\System Update\BR_Comp\input\AthenaLootTierData_Client__final.json
2026-02-06 06:55:19 | INFO | load lp: E:\フォートナイト\Picture\Loot Pool\TEST4\New Loot\System Update\BR_Comp\input\AthenaLootPackages_Client__final.json
2026-02-06 06:55:19 | INFO | load done (0.06s)
2026-02-06 06:55:19 | INFO | build summary start
2026-02-06 06:55:19 | INFO | build summary done (0.02s)
2026-02-06 06:55:19 | INFO | enrich summary with names start
2026-02-06 06:55:19 | INFO | enrich summary done (0.00s)
2026-02-06 06:55:19 | INFO | ✅ まとめJSONを作成: E:\フォートナイト\Picture\Loot Pool\TEST4\New Loot\System Update\BR_Comp\output\summary\v39.30_2026-02-06_06-55.json
2026-02-06 06:55:19 | INFO | build BR_LootData start
2026-02-06 06:55:19 | INFO | build BR_LootData done (0.00s)
2026-02-06 06:55:19 | INFO | ✅ BR_LootData を作成: E:\フォートナイト\Picture\Loot Pool\TEST4\New Loot\System Update\戦利品データ\BR_Comp\BR_Comp_LootData_2026-02-06_06-55.json
2026-02-06 06:55:19 | INFO | ✅ Web LootPool を更新: E:\フォートナイト\Web\assets\data\Loot\BR_Comp_LootPool.json
2026-02-06 06:55:19 | INFO | LootSummary start: E:\フォートナイト\Picture\Loot Pool\TEST4\New Loot\System Update\BR_Comp\scripts\LootSummary.py
2026-02-06 06:55:19 | INFO | LootSummary stdout: 🔎 抽出用: 最新ファイル = E:\フォートナイト\Picture\Loot Pool\TEST4\New Loot\System Update\BR_Comp\output\summary\v39.30_2026-02-06_06-55.json
✅ 抽出件数: 103
💾 保存: E:\フォートナイト\Picture\Loot Pool\TEST4\New Loot\System Update\BR_Comp\input\items_unique_min.json
🔎 比較用: base   = E:\フォートナイト\Picture\Loot Pool\TEST4\New Loot\System Update\BR_Comp\output\summary\v39.30_2026-02-05_18-54.json
🔎 比較用: target = E:\フォートナイト\Picture\Loot Pool\TEST4\New Loot\System Update\BR_Comp\output\summary\v39.30_2026-02-06_06-55.json
✅ 差分作成 完了
  追加   : 0 / 削除 : 0 / 変更 : 0 / 変化なし : 103
💾 差分: E:\フォートナイト\Picture\Loot Pool\TEST4\New Loot\System Update\BR_Comp\output\history\BR_20260206_0655\items_unique_min_diff.json
2026-02-06 06:55:19 | WARNING | LootSummary stderr: E:\フォートナイト\Picture\Loot Pool\TEST4\New Loot\System Update\BR_Comp\scripts\LootSummary.py:2: SyntaxWarning: invalid escape sequence '\B'
  """
2026-02-06 06:55:19 | INFO | ✅ LootSummary 実行完了（抽出→比較） (0.27s)
2026-02-06 06:55:19 | INFO | prewarm start
2026-02-06 06:55:39 | INFO | ✅ アイコンキャッシュ プリウォーム完了 (20.08s)
2026-02-06 06:55:39 | INFO | 画像化タスク数: 103
2026-02-06 06:55:40 | INFO | 画像生成 進捗: 1/103
2026-02-06 06:55:41 | INFO | 画像生成 進捗: 50/103
2026-02-06 06:55:43 | INFO | 画像生成 進捗: 100/103
2026-02-06 06:55:43 | INFO | 画像生成 進捗: 103/103
2026-02-06 06:55:43 | INFO | ✅ 画像生成 完了（MinListベース）
2026-02-06 06:55:43 | INFO | ✅ Loot diff を作成: E:\フォートナイト\Web\assets\data\Loot\diff\BR_Comp_2026-02-06_06-55-43.json (added=0 removed=0 change=11)
2026-02-06 06:55:43 | INFO | ℹ️ BR_Discord が見つかりません: E:\フォートナイト\Picture\Loot Pool\TEST4\New Loot\System Update\BR_Comp\scripts\BR_Discor.py
2026-02-06 06:55:43 | INFO | git add: E:\フォートナイト\Picture\Loot Pool\TEST4\New Loot
2026-02-06 06:55:44 | INFO | git commit stdout: [main 63aaf9f] BR_Comp update 2026-02-06 06:55:43
 9 files changed, 42037 insertions(+), 32 deletions(-)
 create mode 100644 System Update/BR_Comp/output/history/BR_20260206_0655/items_unique_min_diff.json
 create mode 100644 System Update/BR_Comp/output/logs/pipeline_2026-02-06_06-55-18.log
 create mode 100644 System Update/BR_Comp/output/summary/v39.30_2026-02-06_06-55.json
 create mode 100644 "System Update/\346\210\246\345\210\251\345\223\201\343\203\207\343\203\274\343\202\277/BR_Comp/BR_Comp_LootData_2026-02-06_06-55.json"
2026-02-06 06:55:46 | WARNING | git push stderr: To https://github.com/Greenfox0833/New-Loot.git
   758dafa..63aaf9f  main -> main
2026-02-06 06:55:46 | INFO | ✓ GitHub Push 完了
2026-02-06 06:55:46 | INFO | ===== BR_Comp: pipeline end =====
