2026-07-16 18:10:41 | INFO | log file (BR_Comp): E:\フォートナイト\Picture\Loot Pool\TEST4\New Loot\System Update\BR_Comp\output\logs\pipeline_2026-07-16_18-10-41.log
2026-07-16 18:10:41 | INFO | ===== BR_Comp: pipeline start =====
2026-07-16 18:10:41 | INFO | paths: lt=E:\フォートナイト\Picture\Loot Pool\TEST4\New Loot\System Update\BR_Comp\input\AthenaLootTierData_Client__final.json lp=E:\フォートナイト\Picture\Loot Pool\TEST4\New Loot\System Update\BR_Comp\input\AthenaLootPackages_Client__final.json minlist=E:\フォートナイト\Picture\Loot Pool\TEST4\New Loot\System Update\BR_Comp\input\items_unique_min.json
2026-07-16 18:10:41 | INFO | output: summary=E:\フォートナイト\Picture\Loot Pool\TEST4\New Loot\System Update\BR_Comp\output\summary lootdata=E:\フォートナイト\Picture\Loot Pool\TEST4\New Loot\System Update\戦利品データ\BR_Comp
2026-07-16 18:10:41 | INFO | flags: hotfix=True prewarm=True image=True workers=8
2026-07-16 18:10:41 | INFO | hotfix start: E:\フォートナイト\Picture\Loot Pool\TEST4\New Loot\System Update\LootPackage.py
2026-07-16 18:10:42 | INFO | hotfix lp stdout: [STEP1-1] base e:\Fmodel\Exports\FortniteGame\Content\Items\DataTables\AthenaLootPackages_Client.json
[HOTFIX:SEASON1] target=/Game/Items/DataTables/AthenaLootPackages_Client
[HOTFIX:SEASON1] Addrow(TableUpdate) なし -> スキップ
[HOTFIX:SEASON1] done: applied=0, deleted=0, skipped=0
[STEP1-2] merge e:\Fmodel\Exports\FortniteGame\Plugins\GameFeatures\OrangeRemoteLoot\Content\DataTables\OrangeRemoteLootPackages_Client.json : replaced=130, added=863
[HOTFIX:SEASON2] target=/OrangeRemoteLoot/DataTables/OrangeRemoteLootPackages_Client
[721] RowUpdate LIST_Weapons_Rare_Handgun_02.Weight=1.15 -> OK
[722] RowUpdate LIST_Weapons_Epic_Handgun_02.Weight=1.15 -> OK
[723] RowUpdate LIST_Weapons_Legendary_Handgun_02.Weight=1.15 -> OK
[755] RowUpdate LIST_FishingDefault_Consumables_Utility_02.Weight=0.070000 -> OK
[756] RowUpdate LIST_FishingHole_Consumables_Utility_02.Weight=0.070000 -> OK
[758] RowUpdate LIST_Chest_Consumables_Shielding_03.Weight=0.050000 -> OK
[759] RowUpdate LIST_RareChest_Consumables_Shielding_02.Weight=0.250000 -> OK
[787] RowUpdate LIST_Legendary_03.ItemDefinition=/SevenSlide/Gameplay/AGID_BoostSevenSlider.AGID_BoostSevenSlider -> OK
[807] RowUpdate LIST_Weapons_Uncommon_Shotgun_04.Weight=0.000 -> OK
[808] RowUpdate LIST_Weapons_Rare_Shotgun_04.Weight=0.000 -> OK
[809] RowUpdate LIST_Weapons_Epic_Shotgun_04.Weight=0.000 -> OK
[810] RowUpdate LIST_Weapons_Legendary_Shotgun_04.Weight=0.000 -> OK
[811] RowUpdate LIST_Weapons_Mythic_Shotgun_04.Weight=0.000 -> OK
[812] RowUpdate LIST_Weapons_Common_Assault_02.Weight=0.00 -> OK
[813] RowUpdate LIST_Weapons_Common_Assault_03.Weight=1.00 -> OK
[814] RowUpdate LIST_Weapons_Common_Assault_03.ItemDefinition=/SunRoseWeaponsGameplay/Items/Weapons/WarforgedAR/Hitscan/WID_Assault_SunRose_HS_Athena_C.WID_Assault_SunRose_HS_Athena_C -> OK
[815] RowUpdate LIST_Weapons_Uncommon_Assault_03.Weight=1.00 -> OK
[816] RowUpdate LIST_Weapons_Uncommon_Assault_03.ItemDefinition=/SunRoseWeaponsGameplay/Items/Weapons/WarforgedAR/Hitscan/WID_Assault_SunRose_HS_Athena_UC.WID_Assault_SunRose_HS_Athena_UC -> OK
[817] RowUpdate LIST_Weapons_Rare_Assault_03.Weight=1.00 -> OK
[818] RowUpdate LIST_Weapons_Rare_Assault_03.ItemDefinition=/SunRoseWeaponsGameplay/Items/Weapons/WarforgedAR/Hitscan/WID_Assault_SunRose_HS_Athena_R.WID_Assault_SunRose_HS_Athena_R -> OK
[819] RowUpdate LIST_Weapons_Epic_Assault_03.Weight=1.00 -> OK
[820] RowUpdate LIST_Weapons_Epic_Assault_03.ItemDefinition=/SunRoseWeaponsGameplay/Items/Weapons/WarforgedAR/Hitscan/WID_Assault_SunRose_HS_Athena_VR.WID_Assault_SunRose_HS_Athena_VR -> OK
[821] RowUpdate LIST_Weapons_Legendary_Assault_03.Weight=1.00 -> OK
[822] RowUpdate LIST_Weapons_Legendary_Assault_03.ItemDefinition=/SunRoseWeaponsGameplay/Items/Weapons/WarforgedAR/Hitscan/WID_Assault_SunRose_HS_Athena_SR.WID_Assault_SunRose_HS_Athena_SR -> OK
[1068] RowUpdate PKG_Boss_FossilMeal_Soup_12.LootPackageCall=LIST_Boss_FossilMealSprite -> OK
[1069] RowUpdate PKG_Boss_FossilMeal_Bread_12.LootPackageCall=LIST_Boss_FossilMealSprite -> OK
[1070] RowUpdate PKG_Boss_FossilMeal_Pasta_12.LootPackageCall=LIST_Boss_FossilMealSprite -> OK
[1071] AddRow -> ADD LIST_Boss_FossilMealSprite_01
[HOTFIX:SEASON2] done: applied=28, deleted=0, skipped=0
[STEP1-3] merge E:\Fmodel\Exports\FortniteGame\Plugins\GameFeatures\OrangeRemoteLoot\Content\DataTables\Comp\OrangeRemoteLootPackages_Client_Comp.json : replaced=178, added=28
[HOTFIX:SEASON3] target=/OrangeRemoteLoot/DataTables/Comp/OrangeRemoteLootPackages_Client_Comp
[HOTFIX:SEASON3] Addrow(TableUpdate) なし -> スキップ
[HOTFIX:SEASON3] done: applied=0, deleted=0, skipped=0
[STEP1-4] merge E:\Fmodel\Exports\FortniteGame\Plugins\GameFeatures\OrangeRemoteLoot\Content\DataTables\Comp\OrangeRemoteLootPackages_Client_Comp_Backup.json : replaced=0, added=1
[HOTFIX:SEASON4] target=/OrangeRemoteLoot/DataTables/Comp/OrangeRemoteLootPackages_Client_Comp_Backup
[922] TableUpdate -> ADD LIST_Chest_Consumables_Healing_04
[922] TableUpdate -> ADD LIST_Boss_Consumable_01
[922] TableUpdate -> ADD LIST_RareChest_Consumables_Healing_04
[922] TableUpdate -> ADD LIST_Chest_Consumables_Shielding_04
[922] TableUpdate -> ADD LIST_RareChest_Consumables_Shielding_03
[922] TableUpdate -> ADD LIST_Vend_Item_Mend_3_01
[922] TableUpdate -> ADD LIST_Vend_Item_Seasonal_4_02
[922] TableUpdate -> ADD LIST_SeasonalConsumable_02
[922] TableUpdate -> ADD LIST_FloorLoot_Consumables_Utility_12
[922] TableUpdate -> ADD LIST_Chest_Consumables_Utility_12
[922] TableUpdate -> ADD LIST_RareChest_Consumables_Utility_12
[922] TableUpdate -> ADD LIST_Vend_Item_Seasonal_3_02
[922] TableUpdate -> ADD LIST_SeasonalConsumable_03
[922] TableUpdate -> ADD LIST_Epic_04
[922] TableUpdate -> ADD LIST_ShockRock_01
[HOTFIX:SEASON4] done: applied=15, deleted=0, skipped=0
[WRITE] final -> E:\フォートナイト\Picture\Loot Pool\TEST4\New Loot\System Update\BR_Comp\input\AthenaLootPackages_Client__final.json
[WRITE] per-input -> E:\フォートナイト\Picture\Loot Pool\TEST4\New Loot\System Update\BR_Comp\input\OrangeRemoteLootPackages_Client__final.json
[WRITE] per-input -> E:\フォートナイト\Picture\Loot Pool\TEST4\New Loot\System Update\BR_Comp\input\OrangeRemoteLootPackages_Client_Comp__final.json
[WRITE] per-input -> E:\フォートナイト\Picture\Loot Pool\TEST4\New Loot\System Update\BR_Comp\input\OrangeRemoteLootPackages_Client_Comp_Backup__final.json
2026-07-16 18:10:42 | INFO | hotfix start: E:\フォートナイト\Picture\Loot Pool\TEST4\New Loot\System Update\LootTier.py
2026-07-16 18:10:42 | INFO | hotfix lt stdout: [STEP1-1] base e:\Fmodel\Exports\FortniteGame\Content\Items\DataTables\AthenaLootTierData_Client.json
[HOTFIX:SEASON1] target=/Game/Items/DataTables/AthenaLootTierData_Client
[HOTFIX:SEASON1] done: applied=0, deleted=0, skipped=0
[STEP1-2] merge e:\Fmodel\Exports\FortniteGame\Plugins\GameFeatures\OrangeRemoteLoot\Content\DataTables\OrangeRemoteLootTierData_Client.json : replaced=0, added=110
[HOTFIX:SEASON2] target=/OrangeRemoteLoot/DataTables/OrangeRemoteLootTierData_Client
[HOTFIX:SEASON2] done: applied=0, deleted=0, skipped=0
[STEP1-3] merge E:\Fmodel\Exports\FortniteGame\Plugins\GameFeatures\OrangeRemoteLoot\Content\DataTables\Comp\OrangeRemoteLootTierData_Client_Comp.json : replaced=2, added=5
[HOTFIX:SEASON3] target=/OrangeRemoteLoot/DataTables/Comp/OrangeRemoteLootTierData_Client_Comp
[HOTFIX:SEASON3] done: applied=0, deleted=0, skipped=0
[STEP1-4] merge E:\Fmodel\Exports\FortniteGame\Plugins\GameFeatures\OrangeRemoteLoot\Content\DataTables\Comp\OrangeRemoteLootTierData_Client_Comp_Backup.json : replaced=1, added=0
[HOTFIX:SEASON4] target=/OrangeRemoteLoot/DataTables/Comp/OrangeRemoteLootTierData_Client_Comp_Backup
[HOTFIX:SEASON4] done: applied=0, deleted=0, skipped=0
[WRITE] final -> E:\フォートナイト\Picture\Loot Pool\TEST4\New Loot\System Update\BR_Comp\input\AthenaLootTierData_Client__final.json
[WRITE] per-input -> E:\フォートナイト\Picture\Loot Pool\TEST4\New Loot\System Update\BR_Comp\input\OrangeRemoteLootTierData_Client__final.json
[WRITE] per-input -> E:\フォートナイト\Picture\Loot Pool\TEST4\New Loot\System Update\BR_Comp\input\OrangeRemoteLootTierData_Client_Comp__final.json
[WRITE] per-input -> E:\フォートナイト\Picture\Loot Pool\TEST4\New Loot\System Update\BR_Comp\input\OrangeRemoteLootTierData_Client_Comp_Backup__final.json
2026-07-16 18:10:42 | INFO | ✓ Hotfix 適用完了 (0.65s)
2026-07-16 18:10:42 | INFO | load lt: E:\フォートナイト\Picture\Loot Pool\TEST4\New Loot\System Update\BR_Comp\input\AthenaLootTierData_Client__final.json
2026-07-16 18:10:42 | INFO | load lp: E:\フォートナイト\Picture\Loot Pool\TEST4\New Loot\System Update\BR_Comp\input\AthenaLootPackages_Client__final.json
2026-07-16 18:10:42 | INFO | load done (0.03s)
2026-07-16 18:10:42 | INFO | build summary start
2026-07-16 18:10:45 | INFO | build summary done (2.51s)
2026-07-16 18:10:45 | INFO | enrich summary with names start
2026-07-16 18:10:47 | INFO | enrich summary done (1.87s)
2026-07-16 18:10:47 | INFO | ✅ まとめJSONを作成: E:\フォートナイト\Picture\Loot Pool\TEST4\New Loot\System Update\BR_Comp\output\summary\v39.30_2026-07-16_18-10.json
2026-07-16 18:10:47 | INFO | build item metadata start
2026-07-16 18:10:49 | INFO | ✅ アイテム名・説明・タグJSONを更新: E:\フォートナイト\Picture\Loot Pool\TEST4\New Loot\System Update\shared\cache\item_metadata.json (2.33s)
2026-07-16 18:10:49 | INFO | build BR_LootData start
2026-07-16 18:10:49 | INFO | build BR_LootData done (0.00s)
2026-07-16 18:10:49 | INFO | ✅ BR_LootData を作成: E:\フォートナイト\Picture\Loot Pool\TEST4\New Loot\System Update\戦利品データ\BR_Comp\BR_Comp_LootData_2026-07-16_18-10.json
2026-07-16 18:10:49 | INFO | ✅ Web LootPool を更新: E:\フォートナイト\Web\assets\data\Loot\BR_Comp_LootPool.json
2026-07-16 18:10:49 | INFO | LootSummary start: E:\フォートナイト\Picture\Loot Pool\TEST4\New Loot\System Update\BR_Comp\scripts\LootSummary.py
2026-07-16 18:10:49 | INFO | LootSummary stdout: 🔎 抽出用: 最新ファイル = E:\フォートナイト\Picture\Loot Pool\TEST4\New Loot\System Update\BR_Comp\output\summary\v39.30_2026-07-16_18-10.json
✅ 抽出件数: 112
💾 保存: E:\フォートナイト\Picture\Loot Pool\TEST4\New Loot\System Update\BR_Comp\input\items_unique_min.json
🔎 比較用: base   = E:\フォートナイト\Picture\Loot Pool\TEST4\New Loot\System Update\BR_Comp\output\summary\v39.30_2026-07-16_18-06.json
🔎 比較用: target = E:\フォートナイト\Picture\Loot Pool\TEST4\New Loot\System Update\BR_Comp\output\summary\v39.30_2026-07-16_18-10.json
✅ 差分作成 完了
  追加   : 19 / 削除 : 0 / 変更 : 0 / 変化なし : 93
💾 差分: E:\フォートナイト\Picture\Loot Pool\TEST4\New Loot\System Update\BR_Comp\output\history\BR_20260716_1810\items_unique_min_diff.json
2026-07-16 18:10:49 | WARNING | LootSummary stderr: E:\フォートナイト\Picture\Loot Pool\TEST4\New Loot\System Update\BR_Comp\scripts\LootSummary.py:2: SyntaxWarning: invalid escape sequence '\B'
  """
2026-07-16 18:10:49 | INFO | ✅ LootSummary 実行完了（抽出→比較） (0.18s)
2026-07-16 18:10:49 | INFO | prewarm start
2026-07-16 18:10:52 | INFO | ✅ アイコンキャッシュ プリウォーム完了 (2.43s)
2026-07-16 18:10:52 | INFO | 画像化タスク数: 112
2026-07-16 18:10:52 | INFO | 画像生成 進捗: 1/112
2026-07-16 18:10:52 | INFO | 画像生成 進捗: 50/112
2026-07-16 18:10:53 | INFO | 画像生成 進捗: 100/112
2026-07-16 18:10:53 | INFO | 画像生成 進捗: 112/112
2026-07-16 18:10:53 | INFO | ✅ 画像生成 完了（MinListベース）
2026-07-16 18:10:53 | INFO | ✅ Loot diff を作成: E:\フォートナイト\Web\assets\data\Loot\diff\BR_Comp_2026-07-16_18-10-53.json (added=26 removed=22 change=46)
2026-07-16 18:10:53 | INFO | ✅ AddedItems 画像を保存: E:\フォートナイト\Picture\Loot Pool\TEST4\New Loot\System Update\shared\images\BR_Comp\AddedItems\2026-07-16_18-10-53 (copied=26 missing=0)
2026-07-16 18:10:53 | INFO | git add: E:\フォートナイト\Picture\Loot Pool\TEST4\New Loot
2026-07-16 18:10:59 | INFO | git commit stdout: [main bea1ef7] BR_Comp update 2026-07-16 18:10:57
 62 files changed, 69751 insertions(+), 15244 deletions(-)
 create mode 100644 System Update/BR_Comp/output/history/BR_20260716_1810/items_unique_min_diff.json
 create mode 100644 System Update/BR_Comp/output/logs/pipeline_2026-07-16_18-10-41.log
 create mode 100644 System Update/BR_Comp/output/summary/v39.30_2026-07-16_18-10.json
 create mode 100644 System Update/shared/icon_cache/OrangeRemoteWeaponGameplay__Gameplay__RicochetPistol__Icons__T_Icon_Weapons_RicochetPistol_L.png
 create mode 100644 System Update/shared/icon_cache/SpriteLibrary_CH7S3__UI__T_Icon_BR_CokeParmesan_Default_L.png
 create mode 100644 System Update/shared/icon_cache/SpriteLibrary_CH7S3__UI__T_Icon_BR_CompanyStargazer_Default_L.png
 create mode 100644 System Update/shared/icon_cache/SpriteLibrary_CH7S3__UI__T_Icon_BR_FossilMeal_Default_L.png
 create mode 100644 "System Update/shared/images/BR_Comp/AddedItems/2026-07-16_18-10-53/\343\203\206\343\202\243\343\202\2421 - \343\202\264\343\203\274\343\203\253\343\203\211.png"
 create mode 100644 "System Update/shared/images/BR_Comp/AddedItems/2026-07-16_18-10-53/\343\203\206\343\202\243\343\202\2421 - \345\274\276\350\226\254_ \344\270\255\345\217\243\345\276\204\345\274\276.png"
 create mode 100644 "System Update/shared/images/BR_Comp/AddedItems/2026-07-16_18-10-53/\343\203\206\343\202\243\343\202\2421 - \345\274\276\350\226\254_ \345\260\217\345\217\243\345\276\204\345\274\276.png"
 create mode 100644 "System Update/shared/images/BR_Comp/AddedItems/2026-07-16_18-10-53/\343\203\206\343\202\243\343\202\2421 - \347\205\231\351\233\262 .png"
 create mode 100644 "System Update/shared/images/BR_Comp/AddedItems/2026-07-16_18-10-53/\343\203\206\343\202\243\343\202\2421 - \351\200\237\345\260\204\345\274\217\343\202\265\343\203\226\343\203\236\343\202\267\343\203\263\343\202\254\343\203\263.png"
 create mode 100644 "System Update/shared/images/BR_Comp/AddedItems/2026-07-16_18-10-53/\343\203\206\343\202\243\343\202\2422 - \343\202\257\343\203\251\343\203\203\343\202\267\343\203\245\343\203\221\343\203\203\343\203\211Jr..png"
 create mode 100644 "System Update/shared/images/BR_Comp/AddedItems/2026-07-16_18-10-53/\343\203\206\343\202\243\343\202\2422 - \343\203\237\343\203\213\343\202\267\343\203\274\343\203\253\343\203\211\343\203\235\343\203\274\343\202\267\343\203\247\343\203\263.png"
 create mode 100644 "System Update/shared/images/BR_Comp/AddedItems/2026-07-16_18-10-53/\343\203\206\343\202\243\343\202\2422 - \343\203\254\343\203\263\343\202\270\343\203\243\343\203\274\343\203\224\343\202\271\343\203\210\343\203\253.png"
 create mode 100644 "System Update/shared/images/BR_Comp/AddedItems/2026-07-16_18-10-53/\343\203\206\343\202\243\343\202\2422 - \351\200\237\345\260\204\345\274\217\343\202\265\343\203\226\343\203\236\343\202\267\343\203\263\343\202\254\343\203\263.png"
 create mode 100644 "System Update/shared/images/BR_Comp/AddedItems/2026-07-16_18-10-53/\343\203\206\343\202\243\343\202\2423 - \343\202\267\343\203\274\343\203\253\343\203\211\343\203\235\343\203\274\343\202\267\343\203\247\343\203\263.png"
 create mode 100644 "System Update/shared/images/BR_Comp/AddedItems/2026-07-16_18-10-53/\343\203\206\343\202\243\343\202\2423 - \343\203\201\343\203\243\343\202\260\343\202\271\343\203\227\343\203\251\343\203\203\343\202\267\343\203\245.png"
 create mode 100644 "System Update/shared/images/BR_Comp/AddedItems/2026-07-16_18-10-53/\343\203\206\343\202\243\343\202\2423 - \343\203\220\343\203\263\343\202\257\343\202\267\343\203\247\343\203\203\343\203\210 \343\203\224\343\202\271\343\203\210\343\203\253.png"
 create mode 100644 "System Update/shared/images/BR_Comp/AddedItems/2026-07-16_18-10-53/\343\203\206\343\202\243\343\202\2423 - \351\200\237\345\260\204\345\274\217\343\202\265\343\203\226\343\203\236\343\202\267\343\203\263\343\202\254\343\203\263.png"
 create mode 100644 "System Update/shared/images/BR_Comp/AddedItems/2026-07-16_18-10-53/\343\203\206\343\202\243\343\202\2424 - \343\203\220\343\203\263\343\202\257\343\202\267\343\203\247\343\203\203\343\203\210 \343\203\224\343\202\271\343\203\210\343\203\253.png"
 create mode 100644 "System Update/shared/images/BR_Comp/AddedItems/2026-07-16_18-10-53/\343\203\206\343\202\243\343\202\2424 - \343\203\221\343\203\253\343\202\271\343\203\273\343\202\271\343\202\255\343\203\243\343\203\212\343\203\274.png"
 create mode 100644 "System Update/shared/images/BR_Comp/AddedItems/2026-07-16_18-10-53/\343\203\206\343\202\243\343\202\2424 - \351\200\237\345\260\204\345\274\217\343\202\265\343\203\226\343\203\236\343\202\267\343\203\263\343\202\254\343\203\263.png"
 create mode 100644 "System Update/shared/images/BR_Comp/AddedItems/2026-07-16_18-10-53/\343\203\206\343\202\243\343\202\2425 - \343\203\201\343\203\243\343\202\260\343\202\270\343\203\243\343\202\260.png"
 create mode 100644 "System Update/shared/images/BR_Comp/AddedItems/2026-07-16_18-10-53/\343\203\206\343\202\243\343\202\2425 - \343\203\220\343\203\263\343\202\257\343\202\267\343\203\247\343\203\203\343\203\210 \343\203\224\343\202\271\343\203\210\343\203\253.png"
 create mode 100644 "System Update/shared/images/BR_Comp/AddedItems/2026-07-16_18-10-53/\343\203\206\343\202\243\343\202\2425 - \351\200\237\345\260\204\345\274\217\343\202\265\343\203\226\343\203\236\343\202\267\343\203\263\343\202\254\343\203\263.png"
 create mode 100644 "System Update/shared/images/BR_Comp/AddedItems/2026-07-16_18-10-53/\343\203\206\343\202\243\343\202\2427 - Pollo\343\201\256\347\262\276\351\234\212.png"
 create mode 100644 "System Update/shared/images/BR_Comp/AddedItems/2026-07-16_18-10-53/\343\203\206\343\202\243\343\202\2427 - Vini Jr.\343\201\256\347\262\276\351\234\212.png"
 create mode 100644 "System Update/shared/images/BR_Comp/AddedItems/2026-07-16_18-10-53/\343\203\206\343\202\243\343\202\2427 - \343\202\255\343\203\243\343\203\203\343\203\210\343\202\246\343\203\274\343\203\236\343\203\263\343\201\256\351\200\237\345\260\204\345\274\217\343\202\265\343\203\226\343\203\236\343\202\267\343\203\263\343\202\254\343\203\263.png"
 create mode 100644 "System Update/shared/images/BR_Comp/AddedItems/2026-07-16_18-10-53/\343\203\206\343\202\243\343\202\2427 - \343\203\217\343\203\274\343\203\254\343\202\244\343\203\273\343\202\257\343\202\244\343\203\263\343\201\256\343\202\246\343\202\251\343\203\274\343\203\225\343\202\251\343\203\274\343\202\270\343\203\211\343\203\273\343\202\242\343\202\265\343\203\253\343\203\210\343\203\251\343\202\244\343\203\225\343\203\253.png"
 create mode 100644 "System Update/shared/images/BR_Comp/AddedItems/2026-07-16_18-10-53/\343\203\206\343\202\243\343\202\2427 - \343\203\220\343\203\203\343\203\210\343\203\236\343\203\263\343\201\256\347\262\276\351\234\212.png"
 create mode 100644 "System Update/shared/images/BR_Comp/AddedItems/2026-07-16_18-10-53/\343\203\206\343\202\243\343\202\2427 - \343\203\220\343\203\263\343\202\257\343\202\267\343\203\247\343\203\203\343\203\210 \343\203\224\343\202\271\343\203\210\343\203\253.png"
 create mode 100644 "System Update/shared/images/BR_Comp/AddedItems/2026-07-16_18-10-53/\343\203\206\343\202\243\343\202\2427 - \343\203\235\343\202\244\343\202\272\343\203\263\357\275\245\343\202\242\343\202\244\343\203\223\343\203\274\343\201\256\343\203\254\343\203\263\343\202\270\343\203\243\343\203\274\343\203\224\343\202\271\343\203\210\343\203\253.png"
 create mode 100644 "System Update/shared/images/BR_Comp/Pollo\343\201\256\347\262\276\351\234\212 - \343\203\206\343\202\243\343\202\2427.png"
 create mode 100644 "System Update/shared/images/BR_Comp/Vini Jr.\343\201\256\347\262\276\351\234\212 - \343\203\206\343\202\243\343\202\2427.png"
 create mode 100644 "System Update/shared/images/BR_Comp/\343\202\255\343\203\243\343\203\203\343\203\210\343\202\246\343\203\274\343\203\236\343\203\263\343\201\256\351\200\237\345\260\204\345\274\217\343\202\265\343\203\226\343\203\236\343\202\267\343\203\263\343\202\254\343\203\263 - \343\203\206\343\202\243\343\202\2427.png"
 create mode 100644 "System Update/shared/images/BR_Comp/\343\203\217\343\203\274\343\203\254\343\202\244\343\203\273\343\202\257\343\202\244\343\203\263\343\201\256\343\202\246\343\202\251\343\203\274\343\203\225\343\202\251\343\203\274\343\202\270\343\203\211\343\203\273\343\202\242\343\202\265\343\203\253\343\203\210\343\203\251\343\202\244\343\203\225\343\203\253 - \343\203\206\343\202\243\343\202\2427.png"
 create mode 100644 "System Update/shared/images/BR_Comp/\343\203\220\343\203\203\343\203\210\343\203\236\343\203\263\343\201\256\347\262\276\351\234\212 - \343\203\206\343\202\243\343\202\2427.png"
 create mode 100644 "System Update/shared/images/BR_Comp/\343\203\220\343\203\263\343\202\257\343\202\267\343\203\247\343\203\203\343\203\210 \343\203\224\343\202\271\343\203\210\343\203\253 - \343\203\206\343\202\243\343\202\2423.png"
 create mode 100644 "System Update/shared/images/BR_Comp/\343\203\220\343\203\263\343\202\257\343\202\267\343\203\247\343\203\203\343\203\210 \343\203\224\343\202\271\343\203\210\343\203\253 - \343\203\206\343\202\243\343\202\2424.png"
 create mode 100644 "System Update/shared/images/BR_Comp/\343\203\220\343\203\263\343\202\257\343\202\267\343\203\247\343\203\203\343\203\210 \343\203\224\343\202\271\343\203\210\343\203\253 - \343\203\206\343\202\243\343\202\2425.png"
 create mode 100644 "System Update/shared/images/BR_Comp/\343\203\220\343\203\263\343\202\257\343\202\267\343\203\247\343\203\203\343\203\210 \343\203\224\343\202\271\343\203\210\343\203\253 - \343\203\206\343\202\243\343\202\2427.png"
 create mode 100644 "System Update/shared/images/BR_Comp/\343\203\235\343\202\244\343\202\272\343\203\263\357\275\245\343\202\242\343\202\244\343\203\223\343\203\274\343\201\256\343\203\254\343\203\263\343\202\270\343\203\243\343\203\274\343\203\224\343\202\271\343\203\210\343\203\253 - \343\203\206\343\202\243\343\202\2427.png"
 create mode 100644 "System Update/shared/images/BR_Comp/\347\205\231\351\233\262  - \343\203\206\343\202\243\343\202\2421.png"
 create mode 100644 "System Update/shared/images/BR_Comp/\351\200\237\345\260\204\345\274\217\343\202\265\343\203\226\343\203\236\343\202\267\343\203\263\343\202\254\343\203\263 - \343\203\206\343\202\243\343\202\2421.png"
 create mode 100644 "System Update/shared/images/BR_Comp/\351\200\237\345\260\204\345\274\217\343\202\265\343\203\226\343\203\236\343\202\267\343\203\263\343\202\254\343\203\263 - \343\203\206\343\202\243\343\202\2422.png"
 create mode 100644 "System Update/shared/images/BR_Comp/\351\200\237\345\260\204\345\274\217\343\202\265\343\203\226\343\203\236\343\202\267\343\203\263\343\202\254\343\203\263 - \343\203\206\343\202\243\343\202\2423.png"
 create mode 100644 "System Update/shared/images/BR_Comp/\351\200\237\345\260\204\345\274\217\343\202\265\343\203\226\343\203\236\343\202\267\343\203\263\343\202\254\343\203\263 - \343\203\206\343\202\243\343\202\2424.png"
 create mode 100644 "System Update/shared/images/BR_Comp/\351\200\237\345\260\204\345\274\217\343\202\265\343\203\226\343\203\236\343\202\267\343\203\263\343\202\254\343\203\263 - \343\203\206\343\202\243\343\202\2425.png"
 rename "System Update/\346\210\246\345\210\251\345\223\201\343\203\207\343\203\274\343\202\277/BR_Comp/BR_Comp_LootData_2026-07-16_18-06.json" => "System Update/\346\210\246\345\210\251\345\223\201\343\203\207\343\203\274\343\202\277/BR_Comp/BR_Comp_LootData_2026-07-16_18-10.json" (87%)
2026-07-16 18:11:03 | WARNING | git push stderr: To https://github.com/Greenfox0833/New-Loot.git
   6c78252..bea1ef7  main -> main
2026-07-16 18:11:03 | INFO | ✓ GitHub Push 完了
2026-07-16 18:11:03 | INFO | ===== BR_Comp: pipeline end =====
