2026-06-12 04:50:41 | INFO | log file (BR_Comp): E:\フォートナイト\Picture\Loot Pool\TEST4\New Loot\System Update\BR_Comp\output\logs\pipeline_2026-06-12_04-50-41.log
2026-06-12 04:50:41 | INFO | ===== BR_Comp: pipeline start =====
2026-06-12 04:50:41 | INFO | paths: lt=E:\フォートナイト\Picture\Loot Pool\TEST4\New Loot\System Update\BR_Comp\input\AthenaLootTierData_Client__final.json lp=E:\フォートナイト\Picture\Loot Pool\TEST4\New Loot\System Update\BR_Comp\input\AthenaLootPackages_Client__final.json minlist=E:\フォートナイト\Picture\Loot Pool\TEST4\New Loot\System Update\BR_Comp\input\items_unique_min.json
2026-06-12 04:50:41 | INFO | output: summary=E:\フォートナイト\Picture\Loot Pool\TEST4\New Loot\System Update\BR_Comp\output\summary lootdata=E:\フォートナイト\Picture\Loot Pool\TEST4\New Loot\System Update\戦利品データ\BR_Comp
2026-06-12 04:50:41 | INFO | flags: hotfix=True prewarm=True image=True workers=8
2026-06-12 04:50:41 | INFO | hotfix start: E:\フォートナイト\Picture\Loot Pool\TEST4\New Loot\System Update\LootPackage.py
2026-06-12 04:50:42 | INFO | hotfix lp stdout: [STEP1-1] base e:\Fmodel\Exports\FortniteGame\Content\Items\DataTables\AthenaLootPackages_Client.json
[HOTFIX:SEASON1] target=/Game/Items/DataTables/AthenaLootPackages_Client
[HOTFIX:SEASON1] Addrow(TableUpdate) なし -> スキップ
[HOTFIX:SEASON1] done: applied=0, deleted=0, skipped=0
[STEP1-2] merge e:\Fmodel\Exports\FortniteGame\Plugins\GameFeatures\OrangeRemoteLoot\Content\DataTables\OrangeRemoteLootPackages_Client.json : replaced=134, added=636
[HOTFIX:SEASON2] target=/OrangeRemoteLoot/DataTables/OrangeRemoteLootPackages_Client
[1004] RowUpdate LIST_Weapons_Rare_Handgun_02.Weight=1.15 -> OK
[1005] RowUpdate LIST_Weapons_Epic_Handgun_02.Weight=1.15 -> OK
[1006] RowUpdate LIST_Weapons_Legendary_Handgun_02.Weight=1.15 -> OK
[1097] RowUpdate LIST_Chest_Consumables_Utility_03.Weight=5.500000 -> OK
[1098] RowUpdate LIST_FloorLoot_Consumables_Utility_03.Weight=1.350000 -> OK
[1131] RowUpdate LIST_FishingDefault_Consumables_Utility_02.Weight=0.070000 -> OK
[1132] RowUpdate LIST_FishingHole_Consumables_Utility_02.Weight=0.070000 -> OK
[1134] RowUpdate LIST_Chest_Consumables_Shielding_03.Weight=0.050000 -> OK
[1135] RowUpdate LIST_RareChest_Consumables_Shielding_02.Weight=0.250000 -> OK
[1302] RowUpdate LIST_Legendary_03.ItemDefinition=/SevenSlide/Gameplay/AGID_BoostSevenSlider.AGID_BoostSevenSlider -> OK
[1322] RowUpdate LIST_Weapons_Uncommon_Shotgun_04.Weight=0.000 -> OK
[1323] RowUpdate LIST_Weapons_Rare_Shotgun_04.Weight=0.000 -> OK
[1324] RowUpdate LIST_Weapons_Epic_Shotgun_04.Weight=0.000 -> OK
[1325] RowUpdate LIST_Weapons_Legendary_Shotgun_04.Weight=0.000 -> OK
[1326] RowUpdate LIST_Weapons_Mythic_Shotgun_04.Weight=0.000 -> OK
[1327] RowUpdate LIST_Weapons_Common_Assault_02.Weight=0.00 -> OK
[1328] RowUpdate LIST_Weapons_Common_Assault_03.Weight=1.00 -> OK
[1329] RowUpdate LIST_Weapons_Common_Assault_03.ItemDefinition=/SunRoseWeaponsGameplay/Items/Weapons/WarforgedAR/Hitscan/WID_Assault_SunRose_HS_Athena_C.WID_Assault_SunRose_HS_Athena_C -> OK
[1330] RowUpdate LIST_Weapons_Uncommon_Assault_03.Weight=1.00 -> OK
[1331] RowUpdate LIST_Weapons_Uncommon_Assault_03.ItemDefinition=/SunRoseWeaponsGameplay/Items/Weapons/WarforgedAR/Hitscan/WID_Assault_SunRose_HS_Athena_UC.WID_Assault_SunRose_HS_Athena_UC -> OK
[1332] RowUpdate LIST_Weapons_Rare_Assault_03.Weight=1.00 -> OK
[1333] RowUpdate LIST_Weapons_Rare_Assault_03.ItemDefinition=/SunRoseWeaponsGameplay/Items/Weapons/WarforgedAR/Hitscan/WID_Assault_SunRose_HS_Athena_R.WID_Assault_SunRose_HS_Athena_R -> OK
[1334] RowUpdate LIST_Weapons_Epic_Assault_03.Weight=1.00 -> OK
[1335] RowUpdate LIST_Weapons_Epic_Assault_03.ItemDefinition=/SunRoseWeaponsGameplay/Items/Weapons/WarforgedAR/Hitscan/WID_Assault_SunRose_HS_Athena_VR.WID_Assault_SunRose_HS_Athena_VR -> OK
[1336] RowUpdate LIST_Weapons_Legendary_Assault_03.Weight=1.00 -> OK
[1337] RowUpdate LIST_Weapons_Legendary_Assault_03.ItemDefinition=/SunRoseWeaponsGameplay/Items/Weapons/WarforgedAR/Hitscan/WID_Assault_SunRose_HS_Athena_SR.WID_Assault_SunRose_HS_Athena_SR -> OK
[2295] RowUpdate LIST_Weapons_Rare_Handgun_02.Weight=1.15 -> OK
[2296] RowUpdate LIST_Weapons_Epic_Handgun_02.Weight=1.15 -> OK
[2297] RowUpdate LIST_Weapons_Legendary_Handgun_02.Weight=1.15 -> OK
[2388] RowUpdate LIST_Chest_Consumables_Utility_03.Weight=5.500000 -> OK
[2389] RowUpdate LIST_FloorLoot_Consumables_Utility_03.Weight=1.350000 -> OK
[2422] RowUpdate LIST_FishingDefault_Consumables_Utility_02.Weight=0.070000 -> OK
[2423] RowUpdate LIST_FishingHole_Consumables_Utility_02.Weight=0.070000 -> OK
[2425] RowUpdate LIST_Chest_Consumables_Shielding_03.Weight=0.050000 -> OK
[2426] RowUpdate LIST_RareChest_Consumables_Shielding_02.Weight=0.250000 -> OK
[2593] RowUpdate LIST_Legendary_03.ItemDefinition=/SevenSlide/Gameplay/AGID_BoostSevenSlider.AGID_BoostSevenSlider -> OK
[2613] RowUpdate LIST_Weapons_Uncommon_Shotgun_04.Weight=0.000 -> OK
[2614] RowUpdate LIST_Weapons_Rare_Shotgun_04.Weight=0.000 -> OK
[2615] RowUpdate LIST_Weapons_Epic_Shotgun_04.Weight=0.000 -> OK
[2616] RowUpdate LIST_Weapons_Legendary_Shotgun_04.Weight=0.000 -> OK
[2617] RowUpdate LIST_Weapons_Mythic_Shotgun_04.Weight=0.000 -> OK
[2618] RowUpdate LIST_Weapons_Common_Assault_02.Weight=0.00 -> OK
[2619] RowUpdate LIST_Weapons_Common_Assault_03.Weight=1.00 -> OK
[2620] RowUpdate LIST_Weapons_Common_Assault_03.ItemDefinition=/SunRoseWeaponsGameplay/Items/Weapons/WarforgedAR/Hitscan/WID_Assault_SunRose_HS_Athena_C.WID_Assault_SunRose_HS_Athena_C -> OK
[2621] RowUpdate LIST_Weapons_Uncommon_Assault_03.Weight=1.00 -> OK
[2622] RowUpdate LIST_Weapons_Uncommon_Assault_03.ItemDefinition=/SunRoseWeaponsGameplay/Items/Weapons/WarforgedAR/Hitscan/WID_Assault_SunRose_HS_Athena_UC.WID_Assault_SunRose_HS_Athena_UC -> OK
[2623] RowUpdate LIST_Weapons_Rare_Assault_03.Weight=1.00 -> OK
[2624] RowUpdate LIST_Weapons_Rare_Assault_03.ItemDefinition=/SunRoseWeaponsGameplay/Items/Weapons/WarforgedAR/Hitscan/WID_Assault_SunRose_HS_Athena_R.WID_Assault_SunRose_HS_Athena_R -> OK
[2625] RowUpdate LIST_Weapons_Epic_Assault_03.Weight=1.00 -> OK
[2626] RowUpdate LIST_Weapons_Epic_Assault_03.ItemDefinition=/SunRoseWeaponsGameplay/Items/Weapons/WarforgedAR/Hitscan/WID_Assault_SunRose_HS_Athena_VR.WID_Assault_SunRose_HS_Athena_VR -> OK
[2627] RowUpdate LIST_Weapons_Legendary_Assault_03.Weight=1.00 -> OK
[2628] RowUpdate LIST_Weapons_Legendary_Assault_03.ItemDefinition=/SunRoseWeaponsGameplay/Items/Weapons/WarforgedAR/Hitscan/WID_Assault_SunRose_HS_Athena_SR.WID_Assault_SunRose_HS_Athena_SR -> OK
[3321] RowUpdate LIST_Weapons_Rare_Handgun_02.Weight=1.15 -> OK
[3322] RowUpdate LIST_Weapons_Epic_Handgun_02.Weight=1.15 -> OK
[3323] RowUpdate LIST_Weapons_Legendary_Handgun_02.Weight=1.15 -> OK
[3414] RowUpdate LIST_Chest_Consumables_Utility_03.Weight=5.500000 -> OK
[3415] RowUpdate LIST_FloorLoot_Consumables_Utility_03.Weight=1.350000 -> OK
[3448] RowUpdate LIST_FishingDefault_Consumables_Utility_02.Weight=0.070000 -> OK
[3449] RowUpdate LIST_FishingHole_Consumables_Utility_02.Weight=0.070000 -> OK
[3451] RowUpdate LIST_Chest_Consumables_Shielding_03.Weight=0.050000 -> OK
[3452] RowUpdate LIST_RareChest_Consumables_Shielding_02.Weight=0.250000 -> OK
[3619] RowUpdate LIST_Legendary_03.ItemDefinition=/SevenSlide/Gameplay/AGID_BoostSevenSlider.AGID_BoostSevenSlider -> OK
[3639] RowUpdate LIST_Weapons_Uncommon_Shotgun_04.Weight=0.000 -> OK
[3640] RowUpdate LIST_Weapons_Rare_Shotgun_04.Weight=0.000 -> OK
[3641] RowUpdate LIST_Weapons_Epic_Shotgun_04.Weight=0.000 -> OK
[3642] RowUpdate LIST_Weapons_Legendary_Shotgun_04.Weight=0.000 -> OK
[3643] RowUpdate LIST_Weapons_Mythic_Shotgun_04.Weight=0.000 -> OK
[3644] RowUpdate LIST_Weapons_Common_Assault_02.Weight=0.00 -> OK
[3645] RowUpdate LIST_Weapons_Common_Assault_03.Weight=1.00 -> OK
[3646] RowUpdate LIST_Weapons_Common_Assault_03.ItemDefinition=/SunRoseWeaponsGameplay/Items/Weapons/WarforgedAR/Hitscan/WID_Assault_SunRose_HS_Athena_C.WID_Assault_SunRose_HS_Athena_C -> OK
[3647] RowUpdate LIST_Weapons_Uncommon_Assault_03.Weight=1.00 -> OK
[3648] RowUpdate LIST_Weapons_Uncommon_Assault_03.ItemDefinition=/SunRoseWeaponsGameplay/Items/Weapons/WarforgedAR/Hitscan/WID_Assault_SunRose_HS_Athena_UC.WID_Assault_SunRose_HS_Athena_UC -> OK
[3649] RowUpdate LIST_Weapons_Rare_Assault_03.Weight=1.00 -> OK
[3650] RowUpdate LIST_Weapons_Rare_Assault_03.ItemDefinition=/SunRoseWeaponsGameplay/Items/Weapons/WarforgedAR/Hitscan/WID_Assault_SunRose_HS_Athena_R.WID_Assault_SunRose_HS_Athena_R -> OK
[3651] RowUpdate LIST_Weapons_Epic_Assault_03.Weight=1.00 -> OK
[3652] RowUpdate LIST_Weapons_Epic_Assault_03.ItemDefinition=/SunRoseWeaponsGameplay/Items/Weapons/WarforgedAR/Hitscan/WID_Assault_SunRose_HS_Athena_VR.WID_Assault_SunRose_HS_Athena_VR -> OK
[3653] RowUpdate LIST_Weapons_Legendary_Assault_03.Weight=1.00 -> OK
[3654] RowUpdate LIST_Weapons_Legendary_Assault_03.ItemDefinition=/SunRoseWeaponsGameplay/Items/Weapons/WarforgedAR/Hitscan/WID_Assault_SunRose_HS_Athena_SR.WID_Assault_SunRose_HS_Athena_SR -> OK
[HOTFIX:SEASON2] Addrow(TableUpdate) なし -> スキップ
[HOTFIX:SEASON2] done: applied=78, deleted=0, skipped=0
[STEP1-3] merge E:\Fmodel\Exports\FortniteGame\Plugins\GameFeatures\OrangeRemoteLoot\Content\DataTables\Comp\OrangeRemoteLootPackages_Client_Comp.json : replaced=80, added=5
[HOTFIX:SEASON3] target=/OrangeRemoteLoot/DataTables/Comp/OrangeRemoteLootPackages_Client_Comp
[HOTFIX:SEASON3] Addrow(TableUpdate) なし -> スキップ
[HOTFIX:SEASON3] done: applied=0, deleted=0, skipped=0
[STEP1-4] merge E:\Fmodel\Exports\FortniteGame\Plugins\GameFeatures\OrangeRemoteLoot\Content\DataTables\Comp\OrangeRemoteLootPackages_Client_Comp_Backup.json : replaced=0, added=1
[HOTFIX:SEASON4] target=/OrangeRemoteLoot/DataTables/Comp/OrangeRemoteLootPackages_Client_Comp_Backup
[HOTFIX:SEASON4] Addrow(TableUpdate) なし -> スキップ
[HOTFIX:SEASON4] done: applied=0, deleted=0, skipped=0
[WRITE] final -> E:\フォートナイト\Picture\Loot Pool\TEST4\New Loot\System Update\BR_Comp\input\AthenaLootPackages_Client__final.json
[WRITE] per-input -> E:\フォートナイト\Picture\Loot Pool\TEST4\New Loot\System Update\BR_Comp\input\OrangeRemoteLootPackages_Client__final.json
[WRITE] per-input -> E:\フォートナイト\Picture\Loot Pool\TEST4\New Loot\System Update\BR_Comp\input\OrangeRemoteLootPackages_Client_Comp__final.json
[WRITE] per-input -> E:\フォートナイト\Picture\Loot Pool\TEST4\New Loot\System Update\BR_Comp\input\OrangeRemoteLootPackages_Client_Comp_Backup__final.json
2026-06-12 04:50:42 | INFO | hotfix start: E:\フォートナイト\Picture\Loot Pool\TEST4\New Loot\System Update\LootTier.py
2026-06-12 04:50:42 | INFO | hotfix lt stdout: [STEP1-1] base e:\Fmodel\Exports\FortniteGame\Content\Items\DataTables\AthenaLootTierData_Client.json
[HOTFIX:SEASON1] target=/Game/Items/DataTables/AthenaLootTierData_Client
[HOTFIX:SEASON1] done: applied=0, deleted=0, skipped=0
[STEP1-2] merge e:\Fmodel\Exports\FortniteGame\Plugins\GameFeatures\OrangeRemoteLoot\Content\DataTables\OrangeRemoteLootTierData_Client.json : replaced=0, added=101
[HOTFIX:SEASON2] target=/OrangeRemoteLoot/DataTables/OrangeRemoteLootTierData_Client
[HOTFIX:SEASON2] done: applied=0, deleted=0, skipped=0
[STEP1-3] merge E:\Fmodel\Exports\FortniteGame\Plugins\GameFeatures\OrangeRemoteLoot\Content\DataTables\Comp\OrangeRemoteLootTierData_Client_Comp.json : replaced=0, added=5
[HOTFIX:SEASON3] target=/OrangeRemoteLoot/DataTables/Comp/OrangeRemoteLootTierData_Client_Comp
[HOTFIX:SEASON3] done: applied=0, deleted=0, skipped=0
[STEP1-4] merge E:\Fmodel\Exports\FortniteGame\Plugins\GameFeatures\OrangeRemoteLoot\Content\DataTables\Comp\OrangeRemoteLootTierData_Client_Comp_Backup.json : replaced=1, added=0
[HOTFIX:SEASON4] target=/OrangeRemoteLoot/DataTables/Comp/OrangeRemoteLootTierData_Client_Comp_Backup
[HOTFIX:SEASON4] done: applied=0, deleted=0, skipped=0
[WRITE] final -> E:\フォートナイト\Picture\Loot Pool\TEST4\New Loot\System Update\BR_Comp\input\AthenaLootTierData_Client__final.json
[WRITE] per-input -> E:\フォートナイト\Picture\Loot Pool\TEST4\New Loot\System Update\BR_Comp\input\OrangeRemoteLootTierData_Client__final.json
[WRITE] per-input -> E:\フォートナイト\Picture\Loot Pool\TEST4\New Loot\System Update\BR_Comp\input\OrangeRemoteLootTierData_Client_Comp__final.json
[WRITE] per-input -> E:\フォートナイト\Picture\Loot Pool\TEST4\New Loot\System Update\BR_Comp\input\OrangeRemoteLootTierData_Client_Comp_Backup__final.json
2026-06-12 04:50:42 | INFO | ✓ Hotfix 適用完了 (0.94s)
2026-06-12 04:50:42 | INFO | load lt: E:\フォートナイト\Picture\Loot Pool\TEST4\New Loot\System Update\BR_Comp\input\AthenaLootTierData_Client__final.json
2026-06-12 04:50:42 | INFO | load lp: E:\フォートナイト\Picture\Loot Pool\TEST4\New Loot\System Update\BR_Comp\input\AthenaLootPackages_Client__final.json
2026-06-12 04:50:42 | INFO | load done (0.01s)
2026-06-12 04:50:42 | INFO | build summary start
2026-06-12 04:50:42 | INFO | build summary done (0.02s)
2026-06-12 04:50:42 | INFO | enrich summary with names start
2026-06-12 04:50:42 | INFO | enrich summary done (0.00s)
2026-06-12 04:50:42 | INFO | ✅ まとめJSONを作成: E:\フォートナイト\Picture\Loot Pool\TEST4\New Loot\System Update\BR_Comp\output\summary\v39.30_2026-06-12_04-50.json
2026-06-12 04:50:42 | INFO | build item metadata start
2026-06-12 04:50:42 | INFO | ✅ アイテム名・説明・タグJSONを更新: E:\フォートナイト\Picture\Loot Pool\TEST4\New Loot\System Update\shared\cache\item_metadata.json (0.02s)
2026-06-12 04:50:42 | INFO | build BR_LootData start
2026-06-12 04:50:42 | INFO | build BR_LootData done (0.00s)
2026-06-12 04:50:42 | INFO | ✅ BR_LootData を作成: E:\フォートナイト\Picture\Loot Pool\TEST4\New Loot\System Update\戦利品データ\BR_Comp\BR_Comp_LootData_2026-06-12_04-50.json
2026-06-12 04:50:42 | INFO | ✅ Web LootPool を更新: E:\フォートナイト\Web\assets\data\Loot\BR_Comp_LootPool.json
2026-06-12 04:50:42 | INFO | LootSummary start: E:\フォートナイト\Picture\Loot Pool\TEST4\New Loot\System Update\BR_Comp\scripts\LootSummary.py
2026-06-12 04:50:43 | INFO | LootSummary stdout: 🔎 抽出用: 最新ファイル = E:\フォートナイト\Picture\Loot Pool\TEST4\New Loot\System Update\BR_Comp\output\summary\v39.30_2026-06-12_04-50.json
✅ 抽出件数: 95
💾 保存: E:\フォートナイト\Picture\Loot Pool\TEST4\New Loot\System Update\BR_Comp\input\items_unique_min.json
🔎 比較用: base   = E:\フォートナイト\Picture\Loot Pool\TEST4\New Loot\System Update\BR_Comp\output\summary\v39.30_2026-06-07_06-37.json
🔎 比較用: target = E:\フォートナイト\Picture\Loot Pool\TEST4\New Loot\System Update\BR_Comp\output\summary\v39.30_2026-06-12_04-50.json
✅ 差分作成 完了
  追加   : 5 / 削除 : 5 / 変更 : 0 / 変化なし : 90
💾 差分: E:\フォートナイト\Picture\Loot Pool\TEST4\New Loot\System Update\BR_Comp\output\history\BR_20260612_0450\items_unique_min_diff.json
2026-06-12 04:50:43 | WARNING | LootSummary stderr: E:\フォートナイト\Picture\Loot Pool\TEST4\New Loot\System Update\BR_Comp\scripts\LootSummary.py:2: SyntaxWarning: invalid escape sequence '\B'
  """
2026-06-12 04:50:43 | INFO | ✅ LootSummary 実行完了（抽出→比較） (0.74s)
2026-06-12 04:50:43 | INFO | prewarm start
2026-06-12 04:50:43 | INFO | ✅ アイコンキャッシュ プリウォーム完了 (0.30s)
2026-06-12 04:50:43 | INFO | 画像化タスク数: 95
2026-06-12 04:50:43 | INFO | 画像生成 進捗: 1/95
2026-06-12 04:50:44 | INFO | 画像生成 進捗: 50/95
2026-06-12 04:50:44 | INFO | 画像生成 進捗: 95/95
2026-06-12 04:50:44 | INFO | ✅ 画像生成 完了（MinListベース）
2026-06-12 04:50:44 | INFO | ✅ Loot diff を作成: E:\フォートナイト\Web\assets\data\Loot\diff\BR_Comp_2026-06-12_04-50-44.json (added=6 removed=6 change=26)
2026-06-12 04:50:44 | INFO | ✅ AddedItems 画像を保存: E:\フォートナイト\Picture\Loot Pool\TEST4\New Loot\System Update\shared\images\BR_Comp\AddedItems\2026-06-12_04-50-44 (copied=6 missing=0)
2026-06-12 04:50:44 | INFO | git add: E:\フォートナイト\Picture\Loot Pool\TEST4\New Loot
2026-06-12 04:50:47 | INFO | git commit stdout: [main 7323a3e] BR_Comp update 2026-06-12 04:50:46
 26 files changed, 54583 insertions(+), 12495 deletions(-)
 create mode 100644 System Update/BR_Comp/output/history/BR_20260612_0450/items_unique_min_diff.json
 create mode 100644 System Update/BR_Comp/output/logs/pipeline_2026-06-12_04-50-41.log
 create mode 100644 System Update/BR_Comp/output/summary/v39.30_2026-06-12_04-50.json
 create mode 100644 "System Update/shared/images/BR_Comp/AddedItems/2026-06-12_04-50-44/\343\203\206\343\202\243\343\202\2421 - \343\202\246\343\202\251\343\203\274\343\203\225\343\202\251\343\203\274\343\202\270\343\203\211\343\203\273\343\202\242\343\202\265\343\203\253\343\203\210\343\203\251\343\202\244\343\203\225\343\203\253.png"
 create mode 100644 "System Update/shared/images/BR_Comp/AddedItems/2026-06-12_04-50-44/\343\203\206\343\202\243\343\202\2422 - \343\202\246\343\202\251\343\203\274\343\203\225\343\202\251\343\203\274\343\202\270\343\203\211\343\203\273\343\202\242\343\202\265\343\203\253\343\203\210\343\203\251\343\202\244\343\203\225\343\203\253.png"
 create mode 100644 "System Update/shared/images/BR_Comp/AddedItems/2026-06-12_04-50-44/\343\203\206\343\202\243\343\202\2423 - \343\202\246\343\202\251\343\203\274\343\203\225\343\202\251\343\203\274\343\202\270\343\203\211\343\203\273\343\202\242\343\202\265\343\203\253\343\203\210\343\203\251\343\202\244\343\203\225\343\203\253.png"
 create mode 100644 "System Update/shared/images/BR_Comp/AddedItems/2026-06-12_04-50-44/\343\203\206\343\202\243\343\202\2424 - \343\202\246\343\202\251\343\203\274\343\203\225\343\202\251\343\203\274\343\202\270\343\203\211\343\203\273\343\202\242\343\202\265\343\203\253\343\203\210\343\203\251\343\202\244\343\203\225\343\203\253.png"
 create mode 100644 "System Update/shared/images/BR_Comp/AddedItems/2026-06-12_04-50-44/\343\203\206\343\202\243\343\202\2424 - \343\202\273\343\203\226\343\203\263\343\202\271\343\203\251\343\202\244\343\203\200\343\203\274.png"
 create mode 100644 "System Update/shared/images/BR_Comp/AddedItems/2026-06-12_04-50-44/\343\203\206\343\202\243\343\202\2425 - \343\202\246\343\202\251\343\203\274\343\203\225\343\202\251\343\203\274\343\202\270\343\203\211\343\203\273\343\202\242\343\202\265\343\203\253\343\203\210\343\203\251\343\202\244\343\203\225\343\203\253.png"
 create mode 100644 "System Update/shared/images/BR_Comp/\343\202\246\343\202\251\343\203\274\343\203\225\343\202\251\343\203\274\343\202\270\343\203\211\343\203\273\343\202\242\343\202\265\343\203\253\343\203\210\343\203\251\343\202\244\343\203\225\343\203\253 - \343\203\206\343\202\243\343\202\2421.png"
 create mode 100644 "System Update/shared/images/BR_Comp/\343\202\246\343\202\251\343\203\274\343\203\225\343\202\251\343\203\274\343\202\270\343\203\211\343\203\273\343\202\242\343\202\265\343\203\253\343\203\210\343\203\251\343\202\244\343\203\225\343\203\253 - \343\203\206\343\202\243\343\202\2422.png"
 create mode 100644 "System Update/shared/images/BR_Comp/\343\202\246\343\202\251\343\203\274\343\203\225\343\202\251\343\203\274\343\202\270\343\203\211\343\203\273\343\202\242\343\202\265\343\203\253\343\203\210\343\203\251\343\202\244\343\203\225\343\203\253 - \343\203\206\343\202\243\343\202\2423.png"
 create mode 100644 "System Update/shared/images/BR_Comp/\343\202\246\343\202\251\343\203\274\343\203\225\343\202\251\343\203\274\343\202\270\343\203\211\343\203\273\343\202\242\343\202\265\343\203\253\343\203\210\343\203\251\343\202\244\343\203\225\343\203\253 - \343\203\206\343\202\243\343\202\2424.png"
 create mode 100644 "System Update/shared/images/BR_Comp/\343\202\246\343\202\251\343\203\274\343\203\225\343\202\251\343\203\274\343\202\270\343\203\211\343\203\273\343\202\242\343\202\265\343\203\253\343\203\210\343\203\251\343\202\244\343\203\225\343\203\253 - \343\203\206\343\202\243\343\202\2425.png"
 create mode 100644 "System Update/\346\210\246\345\210\251\345\223\201\343\203\207\343\203\274\343\202\277/BR_Comp/BR_Comp_LootData_2026-06-12_04-50.json"
2026-06-12 04:50:55 | WARNING | git push stderr: To https://github.com/Greenfox0833/New-Loot.git
   1464a5d..7323a3e  main -> main
2026-06-12 04:50:55 | INFO | ✓ GitHub Push 完了
2026-06-12 04:50:55 | INFO | ===== BR_Comp: pipeline end =====
