2026-06-06 12:48:10 | INFO | log file (BR_Comp): E:\フォートナイト\Picture\Loot Pool\TEST4\New Loot\System Update\BR_Comp\output\logs\pipeline_2026-06-06_12-48-10.log
2026-06-06 12:48:10 | INFO | ===== BR_Comp: pipeline start =====
2026-06-06 12:48:10 | INFO | paths: lt=E:\フォートナイト\Picture\Loot Pool\TEST4\New Loot\System Update\BR_Comp\input\AthenaLootTierData_Client__final.json lp=E:\フォートナイト\Picture\Loot Pool\TEST4\New Loot\System Update\BR_Comp\input\AthenaLootPackages_Client__final.json minlist=E:\フォートナイト\Picture\Loot Pool\TEST4\New Loot\System Update\BR_Comp\input\items_unique_min.json
2026-06-06 12:48:10 | INFO | output: summary=E:\フォートナイト\Picture\Loot Pool\TEST4\New Loot\System Update\BR_Comp\output\summary lootdata=E:\フォートナイト\Picture\Loot Pool\TEST4\New Loot\System Update\戦利品データ\BR_Comp
2026-06-06 12:48:10 | INFO | flags: hotfix=True prewarm=True image=True workers=8
2026-06-06 12:48:10 | INFO | hotfix start: E:\フォートナイト\Picture\Loot Pool\TEST4\New Loot\System Update\LootPackage.py
2026-06-06 12:48:11 | INFO | hotfix lp stdout: [STEP1-1] base e:\Fmodel\Exports\FortniteGame\Content\Items\DataTables\AthenaLootPackages_Client.json
[HOTFIX:SEASON1] target=/Game/Items/DataTables/AthenaLootPackages_Client
[HOTFIX:SEASON1] Addrow(TableUpdate) なし -> スキップ
[HOTFIX:SEASON1] done: applied=0, deleted=0, skipped=0
[STEP1-2] merge e:\Fmodel\Exports\FortniteGame\Plugins\GameFeatures\OrangeRemoteLoot\Content\DataTables\OrangeRemoteLootPackages_Client.json : replaced=134, added=636
[HOTFIX:SEASON2] target=/OrangeRemoteLoot/DataTables/OrangeRemoteLootPackages_Client
[HOTFIX:SEASON2] Addrow(TableUpdate) なし -> スキップ
[HOTFIX:SEASON2] done: applied=0, deleted=0, skipped=0
[STEP1-3] merge E:\Fmodel\Exports\FortniteGame\Plugins\GameFeatures\OrangeRemoteLoot\Content\DataTables\Comp\OrangeRemoteLootPackages_Client_Comp.json : replaced=80, added=5
[HOTFIX:SEASON3] target=/OrangeRemoteLoot/DataTables/Comp/OrangeRemoteLootPackages_Client_Comp
[HOTFIX:SEASON3] Addrow(TableUpdate) なし -> スキップ
[HOTFIX:SEASON3] done: applied=0, deleted=0, skipped=0
[STEP1-4] merge E:\Fmodel\Exports\FortniteGame\Plugins\GameFeatures\OrangeRemoteLoot\Content\DataTables\Comp\OrangeRemoteLootPackages_Client_Comp_Backup.json : replaced=0, added=1
[HOTFIX:SEASON4] target=/OrangeRemoteLoot/DataTables/Comp/OrangeRemoteLootPackages_Client_Comp_Backup
[HOTFIX:SEASON4] Addrow(TableUpdate) なし -> スキップ
[HOTFIX:SEASON4] done: applied=0, deleted=0, skipped=0
[WRITE] final -> E:\フォートナイト\Picture\Loot Pool\TEST4\New Loot\System Update\BR_Comp\input\AthenaLootPackages_Client__final.json
[WRITE] per-input -> E:\フォートナイト\Picture\Loot Pool\TEST4\New Loot\System Update\BR_Comp\input\OrangeRemoteLootPackages_Client__final.json
[WRITE] per-input -> E:\フォートナイト\Picture\Loot Pool\TEST4\New Loot\System Update\BR_Comp\input\OrangeRemoteLootPackages_Client_Comp__final.json
[WRITE] per-input -> E:\フォートナイト\Picture\Loot Pool\TEST4\New Loot\System Update\BR_Comp\input\OrangeRemoteLootPackages_Client_Comp_Backup__final.json
2026-06-06 12:48:11 | INFO | hotfix start: E:\フォートナイト\Picture\Loot Pool\TEST4\New Loot\System Update\LootTier.py
2026-06-06 12:48:11 | INFO | hotfix lt stdout: [STEP1-1] base e:\Fmodel\Exports\FortniteGame\Content\Items\DataTables\AthenaLootTierData_Client.json
[HOTFIX:SEASON1] target=/Game/Items/DataTables/AthenaLootTierData_Client
[HOTFIX:SEASON1] done: applied=0, deleted=0, skipped=0
[STEP1-2] merge e:\Fmodel\Exports\FortniteGame\Plugins\GameFeatures\OrangeRemoteLoot\Content\DataTables\OrangeRemoteLootTierData_Client.json : replaced=0, added=101
[HOTFIX:SEASON2] target=/OrangeRemoteLoot/DataTables/OrangeRemoteLootTierData_Client
[HOTFIX:SEASON2] done: applied=0, deleted=0, skipped=0
[STEP1-3] merge E:\Fmodel\Exports\FortniteGame\Plugins\GameFeatures\OrangeRemoteLoot\Content\DataTables\Comp\OrangeRemoteLootTierData_Client_Comp.json : replaced=0, added=5
[HOTFIX:SEASON3] target=/OrangeRemoteLoot/DataTables/Comp/OrangeRemoteLootTierData_Client_Comp
[HOTFIX:SEASON3] done: applied=0, deleted=0, skipped=0
[STEP1-4] merge E:\Fmodel\Exports\FortniteGame\Plugins\GameFeatures\OrangeRemoteLoot\Content\DataTables\Comp\OrangeRemoteLootTierData_Client_Comp_Backup.json : replaced=1, added=0
[HOTFIX:SEASON4] target=/OrangeRemoteLoot/DataTables/Comp/OrangeRemoteLootTierData_Client_Comp_Backup
[HOTFIX:SEASON4] done: applied=0, deleted=0, skipped=0
[WRITE] final -> E:\フォートナイト\Picture\Loot Pool\TEST4\New Loot\System Update\BR_Comp\input\AthenaLootTierData_Client__final.json
[WRITE] per-input -> E:\フォートナイト\Picture\Loot Pool\TEST4\New Loot\System Update\BR_Comp\input\OrangeRemoteLootTierData_Client__final.json
[WRITE] per-input -> E:\フォートナイト\Picture\Loot Pool\TEST4\New Loot\System Update\BR_Comp\input\OrangeRemoteLootTierData_Client_Comp__final.json
[WRITE] per-input -> E:\フォートナイト\Picture\Loot Pool\TEST4\New Loot\System Update\BR_Comp\input\OrangeRemoteLootTierData_Client_Comp_Backup__final.json
2026-06-06 12:48:11 | INFO | ✓ Hotfix 適用完了 (1.02s)
2026-06-06 12:48:11 | INFO | load lt: E:\フォートナイト\Picture\Loot Pool\TEST4\New Loot\System Update\BR_Comp\input\AthenaLootTierData_Client__final.json
2026-06-06 12:48:11 | INFO | load lp: E:\フォートナイト\Picture\Loot Pool\TEST4\New Loot\System Update\BR_Comp\input\AthenaLootPackages_Client__final.json
2026-06-06 12:48:11 | INFO | load done (0.01s)
2026-06-06 12:48:11 | INFO | build summary start
2026-06-06 12:48:11 | INFO | build summary done (0.03s)
2026-06-06 12:48:11 | INFO | enrich summary with names start
2026-06-06 12:48:11 | INFO | enrich summary done (0.00s)
2026-06-06 12:48:11 | INFO | ✅ まとめJSONを作成: E:\フォートナイト\Picture\Loot Pool\TEST4\New Loot\System Update\BR_Comp\output\summary\v39.30_2026-06-06_12-48.json
2026-06-06 12:48:11 | INFO | build item metadata start
2026-06-06 12:48:12 | INFO | ✅ アイテム名・説明・タグJSONを更新: E:\フォートナイト\Picture\Loot Pool\TEST4\New Loot\System Update\shared\cache\item_metadata.json (0.10s)
2026-06-06 12:48:12 | INFO | build BR_LootData start
2026-06-06 12:48:12 | INFO | build BR_LootData done (0.00s)
2026-06-06 12:48:12 | INFO | ✅ BR_LootData を作成: E:\フォートナイト\Picture\Loot Pool\TEST4\New Loot\System Update\戦利品データ\BR_Comp\BR_Comp_LootData_2026-06-06_12-48.json
2026-06-06 12:48:12 | INFO | ✅ Web LootPool を更新: E:\フォートナイト\Web\assets\data\Loot\BR_Comp_LootPool.json
2026-06-06 12:48:12 | INFO | LootSummary start: E:\フォートナイト\Picture\Loot Pool\TEST4\New Loot\System Update\BR_Comp\scripts\LootSummary.py
2026-06-06 12:48:12 | INFO | LootSummary stdout: 🔎 抽出用: 最新ファイル = E:\フォートナイト\Picture\Loot Pool\TEST4\New Loot\System Update\BR_Comp\output\summary\v39.30_2026-06-06_12-48.json
✅ 抽出件数: 95
💾 保存: E:\フォートナイト\Picture\Loot Pool\TEST4\New Loot\System Update\BR_Comp\input\items_unique_min.json
🔎 比較用: base   = E:\フォートナイト\Picture\Loot Pool\TEST4\New Loot\System Update\BR_Comp\output\summary\v39.30_2026-06-06_11-00.json
🔎 比較用: target = E:\フォートナイト\Picture\Loot Pool\TEST4\New Loot\System Update\BR_Comp\output\summary\v39.30_2026-06-06_12-48.json
✅ 差分作成 完了
  追加   : 0 / 削除 : 0 / 変更 : 0 / 変化なし : 95
💾 差分: E:\フォートナイト\Picture\Loot Pool\TEST4\New Loot\System Update\BR_Comp\output\history\BR_20260606_1248\items_unique_min_diff.json
2026-06-06 12:48:12 | WARNING | LootSummary stderr: E:\フォートナイト\Picture\Loot Pool\TEST4\New Loot\System Update\BR_Comp\scripts\LootSummary.py:2: SyntaxWarning: invalid escape sequence '\B'
  """
2026-06-06 12:48:12 | INFO | ✅ LootSummary 実行完了（抽出→比較） (0.58s)
2026-06-06 12:48:12 | INFO | prewarm start
2026-06-06 12:48:13 | INFO | ✅ アイコンキャッシュ プリウォーム完了 (1.14s)
2026-06-06 12:48:13 | INFO | 画像化タスク数: 95
2026-06-06 12:48:14 | INFO | 画像生成 進捗: 1/95
2026-06-06 12:48:14 | INFO | 画像生成 進捗: 50/95
2026-06-06 12:48:15 | INFO | 画像生成 進捗: 95/95
2026-06-06 12:48:15 | INFO | ✅ 画像生成 完了（MinListベース）
2026-06-06 12:48:15 | INFO | ✅ Loot diff: 変更なし（作成スキップ）
2026-06-06 12:48:15 | INFO | git add: E:\フォートナイト\Picture\Loot Pool\TEST4\New Loot
2026-06-06 12:48:26 | INFO | git commit stdout: [main c903e33] BR_Comp update 2026-06-06 12:48:23
 8 files changed, 30239 insertions(+), 46540 deletions(-)
 create mode 100644 System Update/BR_Comp/output/history/BR_20260606_1248/items_unique_min_diff.json
 create mode 100644 System Update/BR_Comp/output/logs/pipeline_2026-06-06_12-48-10.log
 create mode 100644 System Update/BR_Comp/output/summary/v39.30_2026-06-06_12-48.json
 delete mode 100644 "System Update/\346\210\246\345\210\251\345\223\201\343\203\207\343\203\274\343\202\277/BR/BR_LootData_2026-06-06_12-24.json"
 delete mode 100644 "System Update/\346\210\246\345\210\251\345\223\201\343\203\207\343\203\274\343\202\277/BR/BR_LootData_2026-06-06_12-27.json"
 rename "System Update/\346\210\246\345\210\251\345\223\201\343\203\207\343\203\274\343\202\277/BR/BR_LootData_2026-06-06_10-50.json" => "System Update/\346\210\246\345\210\251\345\223\201\343\203\207\343\203\274\343\202\277/BR_Comp/BR_Comp_LootData_2026-06-06_12-48.json" (90%)
2026-06-06 12:48:29 | WARNING | git push stderr: To https://github.com/Greenfox0833/New-Loot.git
   3c4f296..c903e33  main -> main
2026-06-06 12:48:29 | INFO | ✓ GitHub Push 完了
2026-06-06 12:48:29 | INFO | ===== BR_Comp: pipeline end =====
