2026-05-14 17:45:36 | INFO | log file (BR_Comp): E:\フォートナイト\Picture\Loot Pool\TEST4\New Loot\System Update\BR_Comp\output\logs\pipeline_2026-05-14_17-45-36.log
2026-05-14 17:45:36 | INFO | ===== BR_Comp: pipeline start =====
2026-05-14 17:45:36 | INFO | paths: lt=E:\フォートナイト\Picture\Loot Pool\TEST4\New Loot\System Update\BR_Comp\input\AthenaLootTierData_Client__final.json lp=E:\フォートナイト\Picture\Loot Pool\TEST4\New Loot\System Update\BR_Comp\input\AthenaLootPackages_Client__final.json minlist=E:\フォートナイト\Picture\Loot Pool\TEST4\New Loot\System Update\BR_Comp\input\items_unique_min.json
2026-05-14 17:45:36 | INFO | output: summary=E:\フォートナイト\Picture\Loot Pool\TEST4\New Loot\System Update\BR_Comp\output\summary lootdata=E:\フォートナイト\Picture\Loot Pool\TEST4\New Loot\System Update\戦利品データ\BR_Comp
2026-05-14 17:45:36 | INFO | flags: hotfix=True prewarm=True image=True workers=8
2026-05-14 17:45:36 | INFO | hotfix start: E:\フォートナイト\Picture\Loot Pool\TEST4\New Loot\System Update\LootPackage.py
2026-05-14 17:45:37 | INFO | hotfix lp stdout: [STEP1-1] base e:\Fmodel\Exports\FortniteGame\Content\Items\DataTables\AthenaLootPackages_Client.json
[HOTFIX:SEASON1] target=/Game/Items/DataTables/AthenaLootPackages_Client
[HOTFIX:SEASON1] Addrow(TableUpdate) なし -> スキップ
[HOTFIX:SEASON1] done: applied=0, deleted=0, skipped=0
[STEP1-2] merge e:\Fmodel\Exports\FortniteGame\Plugins\GameFeatures\TeaCakeLoot\Content\DataTables\TeaCakeLootPackages_Client.json : replaced=418, added=1121
[HOTFIX:SEASON2] target=/TeaCakeLoot/DataTables/TeaCakeLootPackages_Client
[490] RowUpdate WorldList.ApolloLoot.Weapon.Rocket.01.Weight=0.000010 -> OK
[491] RowUpdate WorldList.ApolloLoot.Weapon.Rocket.01.CountRange=(X=1,Y=1) -> OK
[492] RowUpdate WorldList.ApolloLoot.Weapon.Rocket.01.ItemDefinition=/WeaponsUpdated/Gameplay/CombatAR/Hitscan/WID_Assault_MoonFlax_CombatAR_HS_Athena_SR.WID_Assault_MoonFlax_CombatAR_HS_Athena_SR -> OK
[496] RowUpdate WorldList.AthenaLoot.Ammo.Medium.01.CountRange=(X=36,Y=36) -> OK
[497] RowUpdate LIST_PaV_04_Boss_Weapon.01.ItemDefinition=/TeaCakeIceGauntlets/Gameplay/WID_IceGauntlets_BigBomb.WID_IceGauntlets_BigBomb -> OK
[498] RowUpdate LIST_PaV_04_Boss_Ammo.03.Weight=1.000000 -> OK
[499] RowUpdate LIST_PaV_04_Boss_Ammo.03.CountRange=(X=36,Y=36) -> OK
[500] RowUpdate LIST_PaV_04_Boss_Consume.01.Weight=0.500000 -> OK
[501] RowUpdate LIST_PaV_04_Boss_Consume.02.Weight=0.500000 -> OK
[502] RowUpdate LIST_PaV_04_Boss_Consume.03.Weight=0.000000 -> OK
[503] RowUpdate LIST_PaV_04_Boss_Consume.04.Weight=0.000000 -> OK
[543] RowUpdate PKG_DragRace_Winner.04.LootPackageCall=LIST_DragRace -> OK
[544] RowUpdate PKG_GoldenWaterfall_Weapon.04.Weight=0.600000 -> OK
[545] RowUpdate PKG_GoldenWaterfall_Weapon.04.LootPackageCall=WorldList.Weapons.Rarity.Rare -> OK
[546] RowUpdate PKG_GoldenWaterfall_Weapon.05.Weight=0.400000 -> OK
[547] RowUpdate PKG_GoldenWaterfall_Weapon.05.LootPackageCall=WorldList.Weapons.Rarity.Epic -> OK
[548] RowUpdate LIST_IceKingLieutenant_Weapon.01.ItemDefinition=/WeaponsUpdated/Gameplay/Pistol/WID_Pistol_Auto_HighTier_Athena_SR.WID_Pistol_Auto_HighTier_Athena_SR -> OK
[549] RowUpdate LIST_IceKingLieutenant_Weapon.02.ItemDefinition=/WeaponsUpdated/Gameplay/Pistol/WID_Pistol_Auto_HighTier_Athena_UR.WID_Pistol_Auto_HighTier_Athena_UR -> OK
[550] RowUpdate LIST_DeadliftRecord_Mythic.01.ItemDefinition=/DragonCartWeaponGameplay/Gameplay/DragonCart_Pump/WID_Shotgun_Pump_DragonCart_Athena_UR.WID_Shotgun_Pump_DragonCart_Athena_UR -> OK
[551] AddRow -> ADD LIST_DragRace.01
[552] RowUpdate WorldList.AthenaWadStash.Small.01.CountRange=(X=150,Y=150) -> OK
[553] RowUpdate WorldList.AthenaWadStash.Small.02.CountRange=(X=200,Y=200) -> OK
[554] RowUpdate WorldList.AthenaWadStash.Small.03.CountRange=(X=275,Y=275) -> OK
[555] RowUpdate WorldList.AthenaWadStash.Small.04.CountRange=(X=400,Y=400) -> OK
[556] RowUpdate WorldList.AthenaWadStash.Large.01.CountRange=(X=750,Y=750) -> OK
[557] RowUpdate WorldList.AthenaWadChests.01.CountRange=(X=50,Y=50) -> OK
[558] RowUpdate WorldList.AthenaWadChests.02.CountRange=(X=80,Y=80) -> OK
[559] RowUpdate WorldList.AthenaWadChests.03.CountRange=(X=100,Y=100) -> OK
[560] RowUpdate WorldList.FlopperDefault.Light.01.CountRange=(X=150,Y=150) -> OK
[561] RowUpdate WorldList.FlopperHigh.Light.01.CountRange=(X=150,Y=150) -> OK
[562] RowUpdate WorldList.FlopperHigh.Consumables.03.CountRange=(X=150,Y=150) -> OK
[563] RowUpdate WorldList.FlopperBetter.Light.01.CountRange=(X=150,Y=150) -> OK
[564] RowUpdate WorldList.FlopperBetter.Shell.01.CountRange=(X=150,Y=150) -> OK
[565] RowUpdate WorldList.FlopperBetter.Medium.18.CountRange=(X=150,Y=150) -> OK
[566] RowUpdate LIST_BountyBoard_Gold.01.CountRange=(X=1000,Y=1000) -> OK
[579] RowUpdate WorldList.AthenaHighConsumables.Healing.08.Weight=0.040000 -> OK
[580] RowUpdate WorldList.AthenaConsumables.Healing.08.Weight=0.010000 -> OK
[698] RowUpdate WorldList.AthenaHighConsumables.14.Weight=0.000000 -> OK
[699] RowUpdate WorldList.AthenaHighConsumablesRare.14.Weight=0.000000 -> OK
[700] RowUpdate WorldList.AthenaSupplyDropConsumables.13.Weight=0.000000 -> OK
[701] RowUpdate WorldList.AthenaConsumables.14.Weight=0.000000 -> OK
[766] RowUpdate LIST_Boss_Zadie_Weapon.01.ItemDefinition=/PaprikaCoreWeapons/Items/Weapons/PaprikaAR_Heavy/HitscanWIDs/WID_Assault_Paprika_Heavy_Athena_HS_SR.WID_Assault_Paprika_Heavy_Athena_HS_SR -> SKIP(no row)
[767] RowUpdate LIST_Boss_Zadie_Weapon.02.ItemDefinition=/PaprikaCoreWeapons/Items/Weapons/PaprikaAR_Heavy/HitscanWIDs/WID_Assault_Paprika_Heavy_Athena_HS_UR.WID_Assault_Paprika_Heavy_Athena_HS_UR -> SKIP(no row)
[HOTFIX:SEASON2] done: applied=41, deleted=0, skipped=2
[STEP1-3] merge E:\Fmodel\Exports\FortniteGame\Plugins\GameFeatures\TeaCakeLoot\Content\DataTables\Comp\TeaCakeLootPackages_Client_Comp.json : replaced=190, added=7
[HOTFIX:SEASON3] target=/TeaCakeLoot/DataTables/Comp/TeaCakeLootPackages_Client_Comp
[703] RowUpdate WorldList.AthenaLoot.Weapon.Handgun.04.Weight=0.000000 -> OK
[704] RowUpdate WorldList.AthenaLoot.Weapon.Handgun.05.Weight=0.000000 -> OK
[705] RowUpdate WorldList.AthenaLoot.Weapon.HighHandgun.06.Weight=0.000000 -> OK
[706] RowUpdate WorldList.AthenaLoot.Weapon.HighHandgun.07.Weight=0.000000 -> OK
[707] RowUpdate WorldList.AthenaLoot.Weapon.HighHandgun.08.Weight=0.000000 -> OK
[708] RowUpdate WorldList.ApolloLoot.Weapon.HighHandgun.03.Weight=0.000000 -> OK
[709] RowUpdate WorldList.ApolloLoot.Weapon.HighHandgun.04.Weight=0.000000 -> OK
[710] RowUpdate WorldList.Weapons.Rarity.Uncommon.09.Weight=0.000000 -> OK
[711] RowUpdate WorldList.Weapons.Rarity.Epic.12.Weight=0.000000 -> OK
[712] RowUpdate WorldList.Weapons.Rarity.Legendary.12.Weight=0.000000 -> OK
[713] RowUpdate WorldList.AthenaSupplyDrop.Weapon.Handgun.03.Weight=0.000000 -> OK
[714] RowUpdate WorldList.AthenaSupplyDrop.Weapon.Handgun.04.Weight=0.000000 -> OK
[715] RowUpdate WorldList.GoldenPOI.DroneLoot.Wep.08.Weight=0.000000 -> OK
[716] RowUpdate WorldList.GoldenPOI.DroneLoot.Wep.09.Weight=0.000000 -> OK
[717] RowUpdate WorldList.GoldenPOI.DroneLoot.Wep.10.Weight=0.000000 -> OK
[718] RowUpdate WorldList.GoldenPOI.DroneLoot.Wep.11.Weight=0.000000 -> OK
[719] RowUpdate WorldList.FlopperHigh.Light.07.Weight=0.000000 -> OK
[720] RowUpdate WorldList.FlopperHigh.Light.08.Weight=0.000000 -> OK
[721] RowUpdate WorldList.FlopperHigh.Light.09.Weight=0.000000 -> OK
[722] RowUpdate WorldList.FlopperBetter.Light.09.Weight=0.000000 -> OK
[723] RowUpdate WorldList.FlopperBetter.Light.10.Weight=0.000000 -> OK
[724] RowUpdate LIST_PaV_03_Boss_Weapon.01.Weight=0.000000 -> OK
[725] RowUpdate LIST_PaV_03_Boss_Weapon.02.Weight=0.000000 -> OK
[726] RowUpdate PKG_TeaCakeShredder_NPC.01.Weight=0.000000 -> OK
[727] RowUpdate WorldList.AthenaLoot.Weapon.Shotgun.10.Weight=0.000000 -> OK
[728] RowUpdate WorldList.AthenaLoot.Weapon.Shotgun.11.Weight=0.000000 -> OK
[729] RowUpdate WorldList.AthenaLoot.Weapon.Shotgun.12.Weight=0.000000 -> OK
[730] RowUpdate WorldList.AthenaLoot.Weapon.HighShotgun.13.Weight=0.000000 -> OK
[731] RowUpdate WorldList.AthenaLoot.Weapon.HighShotgun.14.Weight=0.000000 -> OK
[732] RowUpdate WorldList.AthenaLoot.Weapon.HighShotgun.15.Weight=0.000000 -> OK
[733] RowUpdate WorldList.AthenaLoot.Weapon.HighShotgun.16.Weight=0.000000 -> OK
[734] RowUpdate WorldList.ApolloLoot.Weapon.HighShotgun.07.Weight=0.000000 -> OK
[735] RowUpdate WorldList.ApolloLoot.Weapon.HighShotgun.08.Weight=0.000000 -> OK
[736] RowUpdate WorldList.Weapons.Rarity.Common.09.Weight=0.000000 -> OK
[737] RowUpdate WorldList.Weapons.Rarity.Rare.14.Weight=0.000000 -> OK
[738] RowUpdate WorldList.Weapons.Rarity.Epic.15.Weight=0.000000 -> OK
[739] RowUpdate WorldList.AthenaSupplyDrop.Weapon.Shotgun.07.Weight=0.000000 -> OK
[740] RowUpdate WorldList.AthenaSupplyDrop.Weapon.Shotgun.08.Weight=0.000000 -> OK
[741] RowUpdate WorldList.FlopperDefault.Shell.03.Weight=0.000000 -> OK
[742] RowUpdate WorldList.FlopperHigh.Shell.13.Weight=0.000000 -> OK
[743] RowUpdate WorldList.FlopperHigh.Shell.14.Weight=0.000000 -> OK
[744] RowUpdate WorldList.FlopperHigh.Shell.15.Weight=0.000000 -> OK
[745] RowUpdate WorldList.FlopperBetter.Shell.14.Weight=0.000000 -> OK
[746] RowUpdate WorldList.FlopperBetter.Shell.15.Weight=0.000000 -> OK
[747] RowUpdate LIST_Vend_Item_Shotgun_Purple.04.Weight=0.000000 -> OK
[748] RowUpdate LIST_Vend_Item_Shotgun_Yellow.04.Weight=0.000000 -> OK
[749] RowUpdate LIST_RiftDrone_Weapon.06.Weight=0.000000 -> OK
[750] RowUpdate LIST_RiftDrone_Weapon.07.Weight=0.000000 -> OK
[751] RowUpdate LIST_TeaCakeShredder_NPC.01.Weight=0.000000 -> OK
[HOTFIX:SEASON3] Addrow(TableUpdate) なし -> スキップ
[HOTFIX:SEASON3] done: applied=49, deleted=0, skipped=0
[STEP1-4] merge E:\Fmodel\Exports\FortniteGame\Plugins\GameFeatures\TeaCakeLoot\Content\DataTables\Comp\TeaCakeLootPackages_Client_Comp_Backup.json : replaced=8, added=1
[HOTFIX:SEASON4] target=/TeaCakeLoot/DataTables/Comp/TeaCakeLootPackages_Client_Comp_Backup
[702] TableUpdate -> ADD WorldList.Weapons.Rarity.Legendary.14
[702] TableUpdate -> ADD WorldList.AthenaLoot.Weapon.HighHandgun.05
[702] TableUpdate -> ADD LIST_Boss_Zadie_Consumable.02
[702] TableUpdate -> ADD LIST_CareDrop_Revive.01
[702] TableUpdate -> ADD LIST_Llamanamoly.04
[HOTFIX:SEASON4] done: applied=5, deleted=0, skipped=0
[WRITE] final -> E:\フォートナイト\Picture\Loot Pool\TEST4\New Loot\System Update\BR_Comp\input\AthenaLootPackages_Client__final.json
[WRITE] per-input -> E:\フォートナイト\Picture\Loot Pool\TEST4\New Loot\System Update\BR_Comp\input\TeaCakeLootPackages_Client__final.json
[WRITE] per-input -> E:\フォートナイト\Picture\Loot Pool\TEST4\New Loot\System Update\BR_Comp\input\TeaCakeLootPackages_Client_Comp__final.json
[WRITE] per-input -> E:\フォートナイト\Picture\Loot Pool\TEST4\New Loot\System Update\BR_Comp\input\TeaCakeLootPackages_Client_Comp_Backup__final.json
2026-05-14 17:45:37 | INFO | hotfix start: E:\フォートナイト\Picture\Loot Pool\TEST4\New Loot\System Update\LootTier.py
2026-05-14 17:45:37 | INFO | hotfix lt stdout: [STEP1-1] base e:\Fmodel\Exports\FortniteGame\Content\Items\DataTables\AthenaLootTierData_Client.json
[HOTFIX:SEASON1] target=/Game/Items/DataTables/AthenaLootTierData_Client
[HOTFIX:SEASON1] done: applied=0, deleted=0, skipped=0
[STEP1-2] merge e:\Fmodel\Exports\FortniteGame\Plugins\GameFeatures\TeaCakeLoot\Content\DataTables\TeaCakeLootTierData_Client.json : replaced=1, added=134
[HOTFIX:SEASON2] target=/TeaCakeLoot/DataTables/TeaCakeLootTierData_Client
[HOTFIX:SEASON2] done: applied=0, deleted=0, skipped=0
[STEP1-3] merge E:\Fmodel\Exports\FortniteGame\Plugins\GameFeatures\TeaCakeLoot\Content\DataTables\Comp\TeaCakeLootTierData_Client_Comp.json : replaced=1, added=0
[HOTFIX:SEASON3] target=/TeaCakeLoot/DataTables/Comp/TeaCakeLootTierData_Client_Comp
[HOTFIX:SEASON3] done: applied=0, deleted=0, skipped=0
[STEP1-4] merge E:\Fmodel\Exports\FortniteGame\Plugins\GameFeatures\TeaCakeLoot\Content\DataTables\Comp\TeaCakeLootTierData_Client_Comp_Backup.json : replaced=1, added=0
[HOTFIX:SEASON4] target=/TeaCakeLoot/DataTables/Comp/TeaCakeLootTierData_Client_Comp_Backup
[HOTFIX:SEASON4] done: applied=0, deleted=0, skipped=0
[WRITE] final -> E:\フォートナイト\Picture\Loot Pool\TEST4\New Loot\System Update\BR_Comp\input\AthenaLootTierData_Client__final.json
[WRITE] per-input -> E:\フォートナイト\Picture\Loot Pool\TEST4\New Loot\System Update\BR_Comp\input\TeaCakeLootTierData_Client__final.json
[WRITE] per-input -> E:\フォートナイト\Picture\Loot Pool\TEST4\New Loot\System Update\BR_Comp\input\TeaCakeLootTierData_Client_Comp__final.json
[WRITE] per-input -> E:\フォートナイト\Picture\Loot Pool\TEST4\New Loot\System Update\BR_Comp\input\TeaCakeLootTierData_Client_Comp_Backup__final.json
2026-05-14 17:45:37 | INFO | ✓ Hotfix 適用完了 (0.85s)
2026-05-14 17:45:37 | INFO | load lt: E:\フォートナイト\Picture\Loot Pool\TEST4\New Loot\System Update\BR_Comp\input\AthenaLootTierData_Client__final.json
2026-05-14 17:45:37 | INFO | load lp: E:\フォートナイト\Picture\Loot Pool\TEST4\New Loot\System Update\BR_Comp\input\AthenaLootPackages_Client__final.json
2026-05-14 17:45:37 | INFO | load done (0.03s)
2026-05-14 17:45:37 | INFO | build summary start
2026-05-14 17:45:37 | INFO | build summary done (0.03s)
2026-05-14 17:45:37 | INFO | enrich summary with names start
2026-05-14 17:45:37 | INFO | enrich summary done (0.00s)
2026-05-14 17:45:37 | INFO | ✅ まとめJSONを作成: E:\フォートナイト\Picture\Loot Pool\TEST4\New Loot\System Update\BR_Comp\output\summary\v39.30_2026-05-14_17-45.json
2026-05-14 17:45:37 | INFO | build item metadata start
2026-05-14 17:45:37 | INFO | ✅ アイテム名・説明・タグJSONを更新: E:\フォートナイト\Picture\Loot Pool\TEST4\New Loot\System Update\shared\cache\item_metadata.json (0.02s)
2026-05-14 17:45:37 | INFO | build BR_LootData start
2026-05-14 17:45:37 | INFO | build BR_LootData done (0.00s)
2026-05-14 17:45:37 | INFO | ✅ BR_LootData を作成: E:\フォートナイト\Picture\Loot Pool\TEST4\New Loot\System Update\戦利品データ\BR_Comp\BR_Comp_LootData_2026-05-14_17-45.json
2026-05-14 17:45:37 | INFO | ✅ Web LootPool を更新: E:\フォートナイト\Web\assets\data\Loot\BR_Comp_LootPool.json
2026-05-14 17:45:37 | INFO | LootSummary start: E:\フォートナイト\Picture\Loot Pool\TEST4\New Loot\System Update\BR_Comp\scripts\LootSummary.py
2026-05-14 17:45:38 | INFO | LootSummary stdout: 🔎 抽出用: 最新ファイル = E:\フォートナイト\Picture\Loot Pool\TEST4\New Loot\System Update\BR_Comp\output\summary\v39.30_2026-05-14_17-45.json
✅ 抽出件数: 90
💾 保存: E:\フォートナイト\Picture\Loot Pool\TEST4\New Loot\System Update\BR_Comp\input\items_unique_min.json
🔎 比較用: base   = E:\フォートナイト\Picture\Loot Pool\TEST4\New Loot\System Update\BR_Comp\output\summary\v39.30_2026-05-06_22-03.json
🔎 比較用: target = E:\フォートナイト\Picture\Loot Pool\TEST4\New Loot\System Update\BR_Comp\output\summary\v39.30_2026-05-14_17-45.json
✅ 差分作成 完了
  追加   : 1 / 削除 : 1 / 変更 : 0 / 変化なし : 89
💾 差分: E:\フォートナイト\Picture\Loot Pool\TEST4\New Loot\System Update\BR_Comp\output\history\BR_20260514_1745\items_unique_min_diff.json
2026-05-14 17:45:38 | WARNING | LootSummary stderr: E:\フォートナイト\Picture\Loot Pool\TEST4\New Loot\System Update\BR_Comp\scripts\LootSummary.py:2: SyntaxWarning: invalid escape sequence '\B'
  """
2026-05-14 17:45:38 | INFO | ✅ LootSummary 実行完了（抽出→比較） (0.51s)
2026-05-14 17:45:38 | INFO | prewarm start
2026-05-14 17:45:38 | INFO | ✅ アイコンキャッシュ プリウォーム完了 (0.36s)
2026-05-14 17:45:38 | INFO | 画像化タスク数: 90
2026-05-14 17:45:38 | INFO | 画像生成 進捗: 1/90
2026-05-14 17:45:39 | INFO | 画像生成 進捗: 50/90
2026-05-14 17:45:39 | INFO | 画像生成 進捗: 90/90
2026-05-14 17:45:39 | INFO | ✅ 画像生成 完了（MinListベース）
2026-05-14 17:45:39 | INFO | ✅ Loot diff を作成: E:\フォートナイト\Web\assets\data\Loot\diff\BR_Comp_2026-05-14_17-45-39.json (added=48 removed=12 change=42)
2026-05-14 17:45:40 | INFO | ✅ AddedItems 画像を保存: E:\フォートナイト\Picture\Loot Pool\TEST4\New Loot\System Update\shared\images\BR_Comp\AddedItems\2026-05-14_17-45-39 (copied=48 missing=0)
2026-05-14 17:45:40 | INFO | git add: E:\フォートナイト\Picture\Loot Pool\TEST4\New Loot
2026-05-14 17:45:43 | INFO | git commit stdout: [main b11660d] BR_Comp update 2026-05-14 17:45:42
 68 files changed, 82260 insertions(+), 14154 deletions(-)
 create mode 100644 System Update/BR_Comp/output/history/BR_20260514_1745/items_unique_min_diff.json
 create mode 100644 System Update/BR_Comp/output/logs/pipeline_2026-05-14_17-45-36.log
 create mode 100644 System Update/BR_Comp/output/summary/v39.30_2026-05-14_17-45.json
 create mode 100644 "System Update/shared/images/BR_Comp/AddedItems/2026-05-14_17-45-39/\343\203\206\343\202\243\343\202\2421 - \343\202\264\343\203\274\343\203\253\343\203\211.png"
 create mode 100644 "System Update/shared/images/BR_Comp/AddedItems/2026-05-14_17-45-39/\343\203\206\343\202\243\343\202\2421 - \345\214\205\345\270\257.png"
 create mode 100644 "System Update/shared/images/BR_Comp/AddedItems/2026-05-14_17-45-39/\343\203\206\343\202\243\343\202\2421 - \345\274\276\350\226\254_ \344\270\255\345\217\243\345\276\204\345\274\276.png"
 create mode 100644 "System Update/shared/images/BR_Comp/AddedItems/2026-05-14_17-45-39/\343\203\206\343\202\243\343\202\2421 - \345\274\276\350\226\254_ \345\244\247\345\217\243\345\276\204\345\274\276.png"
 create mode 100644 "System Update/shared/images/BR_Comp/AddedItems/2026-05-14_17-45-39/\343\203\206\343\202\243\343\202\2421 - \345\274\276\350\226\254_ \345\260\217\345\217\243\345\276\204\345\274\276.png"
 create mode 100644 "System Update/shared/images/BR_Comp/AddedItems/2026-05-14_17-45-39/\343\203\206\343\202\243\343\202\2421 - \345\274\276\350\226\254_ \346\225\243\345\274\276.png"
 create mode 100644 "System Update/shared/images/BR_Comp/AddedItems/2026-05-14_17-45-39/\343\203\206\343\202\243\343\202\2421 - \346\234\250\346\235\220.png"
 create mode 100644 "System Update/shared/images/BR_Comp/AddedItems/2026-05-14_17-45-39/\343\203\206\343\202\243\343\202\2422 - \343\202\242\343\202\244\343\202\242\343\203\263\343\203\235\343\203\263\343\203\227\343\202\267\343\203\247\343\203\203\343\203\210\343\202\254\343\203\263.png"
 create mode 100644 "System Update/shared/images/BR_Comp/AddedItems/2026-05-14_17-45-39/\343\203\206\343\202\243\343\202\2422 - \343\202\253\343\202\252\343\202\271\343\203\252\343\203\255\343\203\274\343\203\200\343\203\274\343\202\267\343\203\247\343\203\203\343\203\210\343\202\254\343\203\263.png"
 create mode 100644 "System Update/shared/images/BR_Comp/AddedItems/2026-05-14_17-45-39/\343\203\206\343\202\243\343\202\2422 - \343\202\263\343\203\263\343\203\220\343\203\203\343\203\210\343\202\242\343\202\265\343\203\253\343\203\210\343\203\251\343\202\244\343\203\225\343\203\253.png"
 create mode 100644 "System Update/shared/images/BR_Comp/AddedItems/2026-05-14_17-45-39/\343\203\206\343\202\243\343\202\2422 - \343\202\265\343\203\263\343\203\200\343\203\274\343\203\220\343\203\274\343\202\271\343\203\210 \343\202\265\343\203\226\343\203\236\343\202\267\343\203\263\343\202\254\343\203\263.png"
 create mode 100644 "System Update/shared/images/BR_Comp/AddedItems/2026-05-14_17-45-39/\343\203\206\343\202\243\343\202\2422 - \343\203\204\343\202\244\343\203\263\343\203\217\343\203\263\343\203\236\343\203\274\343\202\267\343\203\247\343\203\203\343\203\210\343\202\254\343\203\263.png"
 create mode 100644 "System Update/shared/images/BR_Comp/AddedItems/2026-05-14_17-45-39/\343\203\206\343\202\243\343\202\2422 - \343\203\204\343\202\244\343\203\263\343\203\236\343\202\260 \343\202\265\343\203\226\343\203\236\343\202\267\343\203\263\343\202\254\343\203\263.png"
 create mode 100644 "System Update/shared/images/BR_Comp/AddedItems/2026-05-14_17-45-39/\343\203\206\343\202\243\343\202\2422 - \343\203\215\343\203\241\343\202\267\343\202\271 \343\202\242\343\202\265\343\203\253\343\203\210\343\203\251\343\202\244\343\203\225\343\203\253.png"
 create mode 100644 "System Update/shared/images/BR_Comp/AddedItems/2026-05-14_17-45-39/\343\203\206\343\202\243\343\202\2422 - \343\203\237\343\203\213\343\202\267\343\203\274\343\203\253\343\203\211\343\203\235\343\203\274\343\202\267\343\203\247\343\203\263.png"
 create mode 100644 "System Update/shared/images/BR_Comp/AddedItems/2026-05-14_17-45-39/\343\203\206\343\202\243\343\202\2422 - \345\214\273\347\231\202\343\202\255\343\203\203\343\203\210.png"
 create mode 100644 "System Update/shared/images/BR_Comp/AddedItems/2026-05-14_17-45-39/\343\203\206\343\202\243\343\202\2423 - \343\202\242\343\202\244\343\202\242\343\203\263\343\203\235\343\203\263\343\203\227\343\202\267\343\203\247\343\203\203\343\203\210\343\202\254\343\203\263.png"
 create mode 100644 "System Update/shared/images/BR_Comp/AddedItems/2026-05-14_17-45-39/\343\203\206\343\202\243\343\202\2423 - \343\202\252\343\203\274\343\203\220\343\203\274\343\203\211\343\203\251\343\202\244\343\203\226 \343\202\260\343\203\254\343\203\215\343\203\274\343\203\211.png"
 create mode 100644 "System Update/shared/images/BR_Comp/AddedItems/2026-05-14_17-45-39/\343\203\206\343\202\243\343\202\2423 - \343\202\253\343\202\252\343\202\271\343\203\252\343\203\255\343\203\274\343\203\200\343\203\274\343\202\267\343\203\247\343\203\203\343\203\210\343\202\254\343\203\263.png"
 create mode 100644 "System Update/shared/images/BR_Comp/AddedItems/2026-05-14_17-45-39/\343\203\206\343\202\243\343\202\2423 - \343\202\263\343\203\263\343\203\220\343\203\203\343\203\210\343\202\242\343\202\265\343\203\253\343\203\210\343\203\251\343\202\244\343\203\225\343\203\253.png"
 create mode 100644 "System Update/shared/images/BR_Comp/AddedItems/2026-05-14_17-45-39/\343\203\206\343\202\243\343\202\2423 - \343\202\265\343\203\263\343\203\200\343\203\274\343\203\220\343\203\274\343\202\271\343\203\210 \343\202\265\343\203\226\343\203\236\343\202\267\343\203\263\343\202\254\343\203\263.png"
 create mode 100644 "System Update/shared/images/BR_Comp/AddedItems/2026-05-14_17-45-39/\343\203\206\343\202\243\343\202\2423 - \343\202\267\343\203\274\343\203\253\343\203\211\343\203\235\343\203\274\343\202\267\343\203\247\343\203\263.png"
 create mode 100644 "System Update/shared/images/BR_Comp/AddedItems/2026-05-14_17-45-39/\343\203\206\343\202\243\343\202\2423 - \343\203\201\343\203\243\343\202\260\343\202\271\343\203\227\343\203\251\343\203\203\343\202\267\343\203\245.png"
 create mode 100644 "System Update/shared/images/BR_Comp/AddedItems/2026-05-14_17-45-39/\343\203\206\343\202\243\343\202\2423 - \343\203\204\343\202\244\343\203\263\343\203\217\343\203\263\343\203\236\343\203\274\343\202\267\343\203\247\343\203\203\343\203\210\343\202\254\343\203\263.png"
 create mode 100644 "System Update/shared/images/BR_Comp/AddedItems/2026-05-14_17-45-39/\343\203\206\343\202\243\343\202\2423 - \343\203\204\343\202\244\343\203\263\343\203\236\343\202\260 \343\202\265\343\203\226\343\203\236\343\202\267\343\203\263\343\202\254\343\203\263.png"
 create mode 100644 "System Update/shared/images/BR_Comp/AddedItems/2026-05-14_17-45-39/\343\203\206\343\202\243\343\202\2423 - \343\203\215\343\203\241\343\202\267\343\202\271 \343\202\242\343\202\265\343\203\253\343\203\210\343\203\251\343\202\244\343\203\225\343\203\253.png"
 create mode 100644 "System Update/shared/images/BR_Comp/AddedItems/2026-05-14_17-45-39/\343\203\206\343\202\243\343\202\2423 - \343\203\224\343\202\271\343\203\210\343\203\253.png"
 create mode 100644 "System Update/shared/images/BR_Comp/AddedItems/2026-05-14_17-45-39/\343\203\206\343\202\243\343\202\2423 - \343\203\231\343\202\257\343\202\277\343\203\2747 DMR.png"
 create mode 100644 "System Update/shared/images/BR_Comp/AddedItems/2026-05-14_17-45-39/\343\203\206\343\202\243\343\202\2424 - \343\202\242\343\202\244\343\202\242\343\203\263\343\203\235\343\203\263\343\203\227\343\202\267\343\203\247\343\203\203\343\203\210\343\202\254\343\203\263.png"
 create mode 100644 "System Update/shared/images/BR_Comp/AddedItems/2026-05-14_17-45-39/\343\203\206\343\202\243\343\202\2424 - \343\202\253\343\202\252\343\202\271\343\203\252\343\203\255\343\203\274\343\203\200\343\203\274\343\202\267\343\203\247\343\203\203\343\203\210\343\202\254\343\203\263.png"
 create mode 100644 "System Update/shared/images/BR_Comp/AddedItems/2026-05-14_17-45-39/\343\203\206\343\202\243\343\202\2424 - \343\202\263\343\203\263\343\203\220\343\203\203\343\203\210\343\202\242\343\202\265\343\203\253\343\203\210\343\203\251\343\202\244\343\203\225\343\203\253.png"
 create mode 100644 "System Update/shared/images/BR_Comp/AddedItems/2026-05-14_17-45-39/\343\203\206\343\202\243\343\202\2424 - \343\202\265\343\203\263\343\203\200\343\203\274\343\203\220\343\203\274\343\202\271\343\203\210 \343\202\265\343\203\226\343\203\236\343\202\267\343\203\263\343\202\254\343\203\263.png"
 create mode 100644 "System Update/shared/images/BR_Comp/AddedItems/2026-05-14_17-45-39/\343\203\206\343\202\243\343\202\2424 - \343\202\271\343\203\274\343\203\221\343\203\274\343\202\267\343\203\245\343\203\254\343\203\203\343\203\200\343\203\274  .png"
 create mode 100644 "System Update/shared/images/BR_Comp/AddedItems/2026-05-14_17-45-39/\343\203\206\343\202\243\343\202\2424 - \343\203\204\343\202\244\343\203\263\343\203\217\343\203\263\343\203\236\343\203\274\343\202\267\343\203\247\343\203\203\343\203\210\343\202\254\343\203\263.png"
 create mode 100644 "System Update/shared/images/BR_Comp/AddedItems/2026-05-14_17-45-39/\343\203\206\343\202\243\343\202\2424 - \343\203\204\343\202\244\343\203\263\343\203\236\343\202\260 \343\202\265\343\203\226\343\203\236\343\202\267\343\203\263\343\202\254\343\203\263.png"
 create mode 100644 "System Update/shared/images/BR_Comp/AddedItems/2026-05-14_17-45-39/\343\203\206\343\202\243\343\202\2424 - \343\203\215\343\203\241\343\202\267\343\202\271 \343\202\242\343\202\265\343\203\253\343\203\210\343\203\251\343\202\244\343\203\225\343\203\253.png"
 create mode 100644 "System Update/shared/images/BR_Comp/AddedItems/2026-05-14_17-45-39/\343\203\206\343\202\243\343\202\2424 - \343\203\224\343\202\271\343\203\210\343\203\253.png"
 create mode 100644 "System Update/shared/images/BR_Comp/AddedItems/2026-05-14_17-45-39/\343\203\206\343\202\243\343\202\2425 - \343\202\242\343\202\244\343\202\242\343\203\263\343\203\235\343\203\263\343\203\227\343\202\267\343\203\247\343\203\203\343\203\210\343\202\254\343\203\263.png"
 create mode 100644 "System Update/shared/images/BR_Comp/AddedItems/2026-05-14_17-45-39/\343\203\206\343\202\243\343\202\2425 - \343\202\253\343\202\252\343\202\271\343\203\252\343\203\255\343\203\274\343\203\200\343\203\274\343\202\267\343\203\247\343\203\203\343\203\210\343\202\254\343\203\263.png"
 create mode 100644 "System Update/shared/images/BR_Comp/AddedItems/2026-05-14_17-45-39/\343\203\206\343\202\243\343\202\2425 - \343\202\263\343\203\263\343\203\220\343\203\203\343\203\210\343\202\242\343\202\265\343\203\253\343\203\210\343\203\251\343\202\244\343\203\225\343\203\253.png"
 create mode 100644 "System Update/shared/images/BR_Comp/AddedItems/2026-05-14_17-45-39/\343\203\206\343\202\243\343\202\2425 - \343\202\265\343\203\263\343\203\200\343\203\274\343\203\220\343\203\274\343\202\271\343\203\210 \343\202\265\343\203\226\343\203\236\343\202\267\343\203\263\343\202\254\343\203\263.png"
 create mode 100644 "System Update/shared/images/BR_Comp/AddedItems/2026-05-14_17-45-39/\343\203\206\343\202\243\343\202\2425 - \343\202\271\343\203\251\343\203\203\343\203\232\343\203\255\343\203\274\343\203\213\343\203\273\343\203\224\343\202\266.png"
 create mode 100644 "System Update/shared/images/BR_Comp/AddedItems/2026-05-14_17-45-39/\343\203\206\343\202\243\343\202\2425 - \343\203\201\343\203\243\343\202\260\343\202\270\343\203\243\343\202\260.png"
 create mode 100644 "System Update/shared/images/BR_Comp/AddedItems/2026-05-14_17-45-39/\343\203\206\343\202\243\343\202\2425 - \343\203\204\343\202\244\343\203\263\343\203\217\343\203\263\343\203\236\343\203\274\343\202\267\343\203\247\343\203\203\343\203\210\343\202\254\343\203\263.png"
 create mode 100644 "System Update/shared/images/BR_Comp/AddedItems/2026-05-14_17-45-39/\343\203\206\343\202\243\343\202\2425 - \343\203\204\343\202\244\343\203\263\343\203\236\343\202\260 \343\202\265\343\203\226\343\203\236\343\202\267\343\203\263\343\202\254\343\203\263.png"
 create mode 100644 "System Update/shared/images/BR_Comp/AddedItems/2026-05-14_17-45-39/\343\203\206\343\202\243\343\202\2425 - \343\203\215\343\203\241\343\202\267\343\202\271 \343\202\242\343\202\265\343\203\253\343\203\210\343\203\251\343\202\244\343\203\225\343\203\253.png"
 create mode 100644 "System Update/shared/images/BR_Comp/AddedItems/2026-05-14_17-45-39/\343\203\206\343\202\243\343\202\2425 - \343\203\224\343\202\271\343\203\210\343\203\253.png"
 create mode 100644 "System Update/shared/images/BR_Comp/AddedItems/2026-05-14_17-45-39/\343\203\206\343\202\243\343\202\2425 - \343\203\231\343\202\257\343\202\277\343\203\2747 DMR.png"
 create mode 100644 "System Update/shared/images/BR_Comp/\343\202\271\343\203\274\343\203\221\343\203\274\343\202\267\343\203\245\343\203\254\343\203\203\343\203\200\343\203\274   - \343\203\206\343\202\243\343\202\2424.png"
 create mode 100644 "System Update/\346\210\246\345\210\251\345\223\201\343\203\207\343\203\274\343\202\277/BR_Comp/BR_Comp_LootData_2026-05-14_17-45.json"
2026-05-14 17:45:48 | WARNING | git push stderr: To https://github.com/Greenfox0833/New-Loot.git
   e8eb144..b11660d  main -> main
2026-05-14 17:45:48 | INFO | ✓ GitHub Push 完了
2026-05-14 17:45:48 | INFO | ===== BR_Comp: pipeline end =====
