2026-01-23 21:13:14 | INFO | log file (BR_Comp): E:\フォートナイト\Picture\Loot Pool\TEST4\New Loot\System Update\BR_Comp\output\logs\pipeline_2026-01-23_21-13-14.log
2026-01-23 21:13:14 | INFO | ===== BR_Comp: pipeline start =====
2026-01-23 21:13:14 | INFO | paths: lt=E:\フォートナイト\Picture\Loot Pool\TEST4\New Loot\System Update\BR_Comp\input\AthenaLootTierData_Client__final.json lp=E:\フォートナイト\Picture\Loot Pool\TEST4\New Loot\System Update\BR_Comp\input\AthenaLootPackages_Client__final.json minlist=E:\フォートナイト\Picture\Loot Pool\TEST4\New Loot\System Update\BR_Comp\input\items_unique_min.json
2026-01-23 21:13:14 | INFO | output: summary=E:\フォートナイト\Picture\Loot Pool\TEST4\New Loot\System Update\BR_Comp\output\summary lootdata=E:\フォートナイト\Picture\Loot Pool\TEST4\New Loot\System Update\戦利品データ\BR_Comp
2026-01-23 21:13:14 | INFO | flags: hotfix=True prewarm=True image=True workers=8
2026-01-23 21:13:14 | INFO | hotfix start: E:\フォートナイト\Picture\Loot Pool\TEST4\New Loot\System Update\LootPackage.py
2026-01-23 21:13:15 | INFO | hotfix lp stdout: [STEP1-2] merge e:\Fmodel\Exports\FortniteGame\Plugins\GameFeatures\DragonCartLoot\Content\DataTables\DragonCartLootPackages_Client.json : replaced=435, added=742
[STEP1-3] merge E:\Fmodel\Exports\FortniteGame\Plugins\GameFeatures\DragonCartLoot\Content\DataTables\Comp\DragonCartLootPackages_Client_Comp.json : replaced=82, added=14
[STEP1-4] merge E:\Fmodel\Exports\FortniteGame\Plugins\GameFeatures\DragonCartLoot\Content\DataTables\Comp\DragonCartLootPackages_Client_Comp_Backup.json : replaced=2, added=0
[HOTFIX:SEASON1] target=/Game/Items/DataTables/AthenaLootPackages_Client
[HOTFIX:SEASON1] Addrow(TableUpdate) なし -> スキップ
[HOTFIX:SEASON1] done: applied=0, deleted=0, skipped=0
[HOTFIX:SEASON2] target=/DragonCartLoot/DataTables/DragonCartLootPackages_Client
[332] AddRow -> ADD WorldPKG.Specialist.Supply.Extra.Loot.01
[336] RowUpdate WorldList.AthenaHighConsumables.23.Weight=0.050000 -> OK
[337] RowUpdate WorldList.AthenaHighConsumablesRare.24.Weight=0.050000 -> OK
[338] RowUpdate WorldList.AthenaSupplyDropConsumables.23.Weight=0.050000 -> OK
[339] RowUpdate WorldList.AthenaConsumables.24.Weight=0.050000 -> OK
[346] RowUpdate PKG_ThemeParkCannon_Solo.01.Weight=0.250000 -> OK
[347] RowUpdate PKG_ThemeParkCannon_Solo.02.Weight=0.750000 -> OK
[348] RowUpdate PKG_ThemeParkCannon_Solo.02.LootPackageCall=WorldList.Weapons.Rarity.Epic -> OK
[349] RowUpdate PKG_ThemeParkCannon_Solo.04.Weight=0.000000 -> OK
[350] RowUpdate PKG_ThemeParkCannon_Duo.01.Weight=0.250000 -> OK
[351] RowUpdate PKG_ThemeParkCannon_Duo.02.Weight=0.750000 -> OK
[352] RowUpdate PKG_ThemeParkCannon_Duo.02.LootPackageCall=WorldList.Weapons.Rarity.Epic -> OK
[353] RowUpdate PKG_ThemeParkCannon_Duo.04.Weight=0.000000 -> OK
[354] RowUpdate PKG_ThemeParkCannon_Trio.01.Weight=0.250000 -> OK
[355] RowUpdate PKG_ThemeParkCannon_Trio.02.Weight=0.750000 -> OK
[356] RowUpdate PKG_ThemeParkCannon_Trio.02.LootPackageCall=WorldList.Weapons.Rarity.Epic -> OK
[357] RowUpdate PKG_ThemeParkCannon_Trio.04.Weight=0.000000 -> OK
[358] RowUpdate PKG_ThemeParkCannon_Squad.01.Weight=0.250000 -> OK
[359] RowUpdate PKG_ThemeParkCannon_Squad.02.Weight=0.750000 -> OK
[360] RowUpdate PKG_ThemeParkCannon_Squad.02.LootPackageCall=WorldList.Weapons.Rarity.Epic -> OK
[361] RowUpdate PKG_ThemeParkCannon_Squad.04.Weight=0.000000 -> OK
[362] RowUpdate LIST_Vend_Item_Sniper_Ammo.01.CountRange=(X=10,Y=10) -> OK
[363] RowUpdate LIST_ThemeParkCannon_Consumable.05.Weight=0.100000 -> OK
[364] RowUpdate LIST_ThemeParkCannon_Consumable.05.CountRange=(X=2,Y=2) -> OK
[365] RowUpdate LIST_ThemeParkCannon_Consumable.05.ItemDefinition=/PaprikaConsumables/Gameplay/ShieldRefresh/WID_Paprika_ShieldPot.WID_Paprika_ShieldPot -> OK
[366] RowUpdate LIST_ThemeParkCannon_Consumable.06.Weight=0.100000 -> OK
[367] RowUpdate LIST_ThemeParkCannon_Consumable.06.CountRange=(X=1,Y=1) -> OK
[368] RowUpdate LIST_ThemeParkCannon_Consumable.06.ItemDefinition=/PaprikaConsumables/Gameplay/MedRefresh/WID_Paprika_MedBox.WID_Paprika_MedBox -> OK
[369] RowUpdate LIST_Vend_Item_Sniper_Ammo.01.CountRange=(X=10,Y=10) -> OK
[407] RowUpdate LIST_Vend_Item_Sniper_Ammo.01.CountRange=(X=10,Y=10) -> OK
[449] RowUpdate WorldList.AthenaHighConsumables.19.Weight=0.040000 -> OK
[450] RowUpdate WorldList.AthenaConsumables.18.Weight=0.010000 -> OK
[451] RowUpdate WorldList.Weapons.Rarity.Legendary.20.Weight=1.000000 -> OK
[492] RowUpdate WorldList.AthenaHighConsumables.20.CountRange=(X=2,Y=2) -> OK
[493] RowUpdate WorldList.AthenaHighConsumablesRare.20.CountRange=(X=2,Y=2) -> OK
[494] RowUpdate WorldList.AthenaSupplyDropConsumables.22.CountRange=(X=2,Y=2) -> OK
[495] RowUpdate WorldList.AthenaConsumables.20.CountRange=(X=2,Y=2) -> OK
[496] RowUpdate LIST_Boss_Gamma_Consumable.01.CountRange=(X=2,Y=2) -> OK
[497] RowUpdate LIST_Balloon_Item.02.CountRange=(X=2,Y=2) -> OK
[498] RowUpdate PKG_CareDrop.04.LootPackageCall=WorldList.AthenaHighConsumables -> OK
[515] RowUpdate WorldList.AthenaHighConsumables.14.Weight=0.000000 -> OK
[516] RowUpdate WorldList.AthenaHighConsumablesRare.14.Weight=0.000000 -> OK
[517] RowUpdate WorldList.AthenaSupplyDropConsumables.13.Weight=0.000000 -> OK
[518] RowUpdate WorldList.AthenaConsumables.14.Weight=0.000000 -> OK
[528] RowUpdate WorldList.AthenaHighConsumables.14.CountRange=(X=3,Y=3) -> OK
[531] RowUpdate WorldList.AthenaHighConsumables.20.Weight=0.150000 -> OK
[532] RowUpdate WorldList.AthenaHighConsumables.20.CountRange=(X=3,Y=3) -> OK
[533] RowUpdate WorldList.AthenaHighConsumablesRare.20.Weight=0.200000 -> OK
[534] RowUpdate WorldList.AthenaHighConsumablesRare.20.CountRange=(X=3,Y=3) -> OK
[535] RowUpdate WorldList.AthenaSupplyDropConsumables.22.Weight=0.200000 -> OK
[536] RowUpdate WorldList.AthenaSupplyDropConsumables.22.CountRange=(X=3,Y=3) -> OK
[537] RowUpdate WorldList.AthenaConsumables.20.CountRange=(X=3,Y=3) -> OK
[538] RowUpdate LIST_Boss_Gamma_Consumable.01.CountRange=(X=3,Y=3) -> OK
[539] RowUpdate LIST_Balloon_Item.02.CountRange=(X=3,Y=3) -> OK
[HOTFIX:SEASON2] done: applied=54, deleted=0, skipped=0
[HOTFIX:SEASON3] target=/DragonCartLoot/DataTables/Comp/DragonCartLootPackages_Client_Comp
[HOTFIX:SEASON3] Addrow(TableUpdate) なし -> スキップ
[HOTFIX:SEASON3] done: applied=0, deleted=0, skipped=0
[HOTFIX:SEASON4] target=/DragonCartLoot/DataTables/Comp/DragonCartLootPackages_Client_Comp_Backup
[519] TableUpdate -> ADD WorldList.AthenaLoot.Weapon.Rocket.01
[519] TableUpdate -> ADD WorldList.AthenaLoot.Weapon.Rocket.02
[519] TableUpdate -> ADD WorldList.AthenaLoot.Weapon.HighRocket.01
[519] TableUpdate -> ADD WorldList.AthenaLoot.Weapon.HighRocket.02
[519] TableUpdate -> ADD WorldList.AthenaLoot.Weapon.HighRocket.03
[519] TableUpdate -> ADD WorldList.AthenaLoot.Weapon.HighRocket.04
[519] TableUpdate -> ADD WorldList.ApolloLoot.Weapon.Rocket.01
[519] TableUpdate -> ADD WorldList.ApolloLoot.Weapon.Rocket.02
[519] TableUpdate -> ADD WorldList.Weapons.Rarity.Uncommon.18
[519] TableUpdate -> ADD WorldList.Weapons.Rarity.Rare.18
[519] TableUpdate -> ADD WorldList.Weapons.Rarity.Epic.18
[519] TableUpdate -> ADD WorldList.Weapons.Rarity.Legendary.18
[519] TableUpdate -> ADD WorldList.AthenaSupplyDrop.Weapon.Rocket.01
[519] TableUpdate -> ADD WorldList.AthenaSupplyDrop.Weapon.Rocket.02
[519] TableUpdate -> ADD WorldList.GoldenPOI.DroneLoot.Wep.69
[519] TableUpdate -> ADD WorldList.GoldenPOI.DroneLoot.Wep.70
[519] TableUpdate -> ADD WorldList.GoldenPOI.DroneLoot.Wep.71
[519] TableUpdate -> ADD WorldList.GoldenPOI.DroneLoot.Wep.72
[519] TableUpdate -> ADD LIST_GoldenWaterfall_Consumable.01
[519] TableUpdate -> ADD LIST_Boss_Heal.01
[519] TableUpdate -> ADD WorldList.AthenaHighConsumablesRare.19
[519] TableUpdate -> ADD LIST_GoldenWaterfall_Item.02
[519] TableUpdate -> ADD AthenaSupplyDropConsumables.14
[519] TableUpdate -> ADD WorldList.AthenaSupplyDropConsumables.15
[519] TableUpdate -> ADD LIST_Vend_Item_Seasonal_3.01
[519] TableUpdate -> ADD LIST_CareDrop_Revive.01
[519] TableUpdate -> ADD WorldList.AthenaSupplyDropConsumables.14
[519] TableUpdate -> ADD LIST_Boss_Gamma_Weapon.02
[519] TableUpdate -> ADD WorldList.AthenaHighConsumables.19
[519] TableUpdate -> ADD WorldList.AthenaConsumables.18
[519] TableUpdate -> ADD WorldList.AthenaConsumables.14
[519] TableUpdate -> ADD WorldList.AthenaHighConsumables.14
[519] TableUpdate -> ADD WorldList.AthenaHighConsumablesRare.14
[519] TableUpdate -> ADD WorldList.AthenaSupplyDropConsumables.13
[HOTFIX:SEASON4] done: applied=34, deleted=0, skipped=0
[WRITE] final -> E:\フォートナイト\Picture\Loot Pool\TEST4\New Loot\System Update\BR_Comp\input\AthenaLootPackages_Client__final.json
[WRITE] per-input -> E:\フォートナイト\Picture\Loot Pool\TEST4\New Loot\System Update\BR_Comp\input\DragonCartLootPackages_Client__final.json
[WRITE] per-input -> E:\フォートナイト\Picture\Loot Pool\TEST4\New Loot\System Update\BR_Comp\input\DragonCartLootPackages_Client_Comp__final.json
[WRITE] per-input -> E:\フォートナイト\Picture\Loot Pool\TEST4\New Loot\System Update\BR_Comp\input\DragonCartLootPackages_Client_Comp_Backup__final.json
2026-01-23 21:13:15 | INFO | hotfix start: E:\フォートナイト\Picture\Loot Pool\TEST4\New Loot\System Update\LootTier.py
2026-01-23 21:13:15 | INFO | hotfix lt stdout: [STEP1-2] merge e:\Fmodel\Exports\FortniteGame\Plugins\GameFeatures\DragonCartLoot\Content\DataTables\DragonCartLootTierData_Client.json : replaced=0, added=88
[STEP1-3] merge E:\Fmodel\Exports\FortniteGame\Plugins\GameFeatures\DragonCartLoot\Content\DataTables\Comp\DragonCartLootTierData_Client_Comp.json : replaced=0, added=5
[STEP1-4] merge E:\Fmodel\Exports\FortniteGame\Plugins\GameFeatures\DragonCartLoot\Content\DataTables\Comp\DragonCartLootTierData_Client_Comp_Backup.json : replaced=1, added=0
[HOTFIX:SEASON1] target=/Game/Items/DataTables/AthenaLootTierData_Client
[304] RowUpdate Loot_AthenaTreasure_04.Weight=0.050000 -> OK
[305] RowUpdate Loot_ApolloTreasure_Rare_04.Weight=0.150000 -> OK
[306] RowUpdate Loot_AthenaSupplyDrop_03.Weight=0.300000 -> OK
[372] RowUpdate Loot_AthenaFlopper_High_01.Weight=0.000000 -> OK
[373] RowUpdate Loot_AthenaFlopper_High_02.Weight=0.000000 -> OK
[374] RowUpdate Loot_AthenaFlopper_High_03.Weight=0.000000 -> OK
[HOTFIX:SEASON1] done: applied=6, deleted=0, skipped=0
[HOTFIX:SEASON2] target=/DragonCartLoot/DataTables/DragonCartLootTierData_Client
[331] AddRow -> ADD Loot_Specialist_Supply_Extra_01
[HOTFIX:SEASON2] done: applied=1, deleted=0, skipped=0
[HOTFIX:SEASON3] target=/DragonCartLoot/DataTables/Comp/DragonCartLootTierData_Client_Comp
[HOTFIX:SEASON3] done: applied=0, deleted=0, skipped=0
[HOTFIX:SEASON4] target=/DragonCartLoot/DataTables/Comp/DragonCartLootTierData_Client_Comp_Backup
[HOTFIX:SEASON4] done: applied=0, deleted=0, skipped=0
[WRITE] final -> E:\フォートナイト\Picture\Loot Pool\TEST4\New Loot\System Update\BR_Comp\input\AthenaLootTierData_Client__final.json
[WRITE] per-input -> E:\フォートナイト\Picture\Loot Pool\TEST4\New Loot\System Update\BR_Comp\input\DragonCartLootTierData_Client__final.json
[WRITE] per-input -> E:\フォートナイト\Picture\Loot Pool\TEST4\New Loot\System Update\BR_Comp\input\DragonCartLootTierData_Client_Comp__final.json
[WRITE] per-input -> E:\フォートナイト\Picture\Loot Pool\TEST4\New Loot\System Update\BR_Comp\input\DragonCartLootTierData_Client_Comp_Backup__final.json
2026-01-23 21:13:15 | INFO | ✓ Hotfix 適用完了 (1.57s)
2026-01-23 21:13:15 | INFO | load lt: E:\フォートナイト\Picture\Loot Pool\TEST4\New Loot\System Update\BR_Comp\input\AthenaLootTierData_Client__final.json
2026-01-23 21:13:15 | INFO | load lp: E:\フォートナイト\Picture\Loot Pool\TEST4\New Loot\System Update\BR_Comp\input\AthenaLootPackages_Client__final.json
2026-01-23 21:13:15 | INFO | load done (0.02s)
2026-01-23 21:13:15 | INFO | build summary start
2026-01-23 21:13:15 | INFO | build summary done (0.01s)
2026-01-23 21:13:15 | INFO | enrich summary with names start
2026-01-23 21:13:15 | INFO | enrich summary done (0.00s)
2026-01-23 21:13:15 | INFO | ✅ まとめJSONを作成: E:\フォートナイト\Picture\Loot Pool\TEST4\New Loot\System Update\BR_Comp\output\summary\v39.30_2026-01-23_21-13.json
2026-01-23 21:13:15 | INFO | build BR_LootData start
2026-01-23 21:13:15 | INFO | build BR_LootData done (0.00s)
2026-01-23 21:13:15 | INFO | ✅ BR_LootData を作成: E:\フォートナイト\Picture\Loot Pool\TEST4\New Loot\System Update\戦利品データ\BR_Comp\BR_Comp_LootData_2026-01-23_21-13.json
2026-01-23 21:13:15 | INFO | ✅ Web LootPool を更新: E:\フォートナイト\Web\assets\data\Loot\BR_Comp_LootPool.json
2026-01-23 21:13:15 | INFO | LootSummary start: E:\フォートナイト\Picture\Loot Pool\TEST4\New Loot\System Update\BR_Comp\scripts\LootSummary.py
2026-01-23 21:13:16 | INFO | LootSummary stdout: 🔎 抽出用: 最新ファイル = E:\フォートナイト\Picture\Loot Pool\TEST4\New Loot\System Update\BR_Comp\output\summary\v39.30_2026-01-23_21-13.json
✅ 抽出件数: 105
💾 保存: E:\フォートナイト\Picture\Loot Pool\TEST4\New Loot\System Update\BR_Comp\input\items_unique_min.json
🔎 比較用: base   = E:\フォートナイト\Picture\Loot Pool\TEST4\New Loot\System Update\BR_Comp\output\summary\v39.30_2026-01-22_22-18.json
🔎 比較用: target = E:\フォートナイト\Picture\Loot Pool\TEST4\New Loot\System Update\BR_Comp\output\summary\v39.30_2026-01-23_21-13.json
✅ 差分作成 完了
  追加   : 0 / 削除 : 0 / 変更 : 0 / 変化なし : 105
💾 差分: E:\フォートナイト\Picture\Loot Pool\TEST4\New Loot\System Update\BR_Comp\output\history\BR_20260123_2113\items_unique_min_diff.json
2026-01-23 21:13:16 | WARNING | LootSummary stderr: E:\フォートナイト\Picture\Loot Pool\TEST4\New Loot\System Update\BR_Comp\scripts\LootSummary.py:2: SyntaxWarning: invalid escape sequence '\B'
  """
2026-01-23 21:13:16 | INFO | ✅ LootSummary 実行完了（抽出→比較） (0.30s)
2026-01-23 21:13:16 | INFO | prewarm start
