2026-06-07 06:37:50 | INFO | log file (BR_Comp): E:\フォートナイト\Picture\Loot Pool\TEST4\New Loot\System Update\BR_Comp\output\logs\pipeline_2026-06-07_06-37-50.log
2026-06-07 06:37:50 | INFO | ===== BR_Comp: pipeline start =====
2026-06-07 06:37:50 | INFO | paths: lt=E:\フォートナイト\Picture\Loot Pool\TEST4\New Loot\System Update\BR_Comp\input\AthenaLootTierData_Client__final.json lp=E:\フォートナイト\Picture\Loot Pool\TEST4\New Loot\System Update\BR_Comp\input\AthenaLootPackages_Client__final.json minlist=E:\フォートナイト\Picture\Loot Pool\TEST4\New Loot\System Update\BR_Comp\input\items_unique_min.json
2026-06-07 06:37:50 | INFO | output: summary=E:\フォートナイト\Picture\Loot Pool\TEST4\New Loot\System Update\BR_Comp\output\summary lootdata=E:\フォートナイト\Picture\Loot Pool\TEST4\New Loot\System Update\戦利品データ\BR_Comp
2026-06-07 06:37:50 | INFO | flags: hotfix=True prewarm=True image=True workers=8
2026-06-07 06:37:50 | INFO | hotfix start: E:\フォートナイト\Picture\Loot Pool\TEST4\New Loot\System Update\LootPackage.py
2026-06-07 06:37:51 | INFO | hotfix lp stdout: [STEP1-1] base e:\Fmodel\Exports\FortniteGame\Content\Items\DataTables\AthenaLootPackages_Client.json
[HOTFIX:SEASON1] target=/Game/Items/DataTables/AthenaLootPackages_Client
[HOTFIX:SEASON1] Addrow(TableUpdate) なし -> スキップ
[HOTFIX:SEASON1] done: applied=0, deleted=0, skipped=0
[STEP1-2] merge e:\Fmodel\Exports\FortniteGame\Plugins\GameFeatures\OrangeRemoteLoot\Content\DataTables\OrangeRemoteLootPackages_Client.json : replaced=134, added=636
[HOTFIX:SEASON2] target=/OrangeRemoteLoot/DataTables/OrangeRemoteLootPackages_Client
[1014] RowUpdate LIST_Weapons_Rare_Handgun_02.Weight=1.15 -> OK
[1015] RowUpdate LIST_Weapons_Epic_Handgun_02.Weight=1.15 -> OK
[1016] RowUpdate LIST_Weapons_Legendary_Handgun_02.Weight=1.15 -> OK
[1107] RowUpdate LIST_RelicVaultKey_01.Weight=0.1625 -> OK
[1108] RowUpdate LIST_RelicVaultKey_02.Weight=0.0875 -> OK
[1109] RowUpdate LIST_Chest_Consumables_Utility_03.Weight=5.500000 -> OK
[1110] RowUpdate LIST_FloorLoot_Consumables_Utility_03.Weight=1.350000 -> OK
[HOTFIX:SEASON2] Addrow(TableUpdate) なし -> スキップ
[HOTFIX:SEASON2] done: applied=7, deleted=0, skipped=0
[STEP1-3] merge E:\Fmodel\Exports\FortniteGame\Plugins\GameFeatures\OrangeRemoteLoot\Content\DataTables\Comp\OrangeRemoteLootPackages_Client_Comp.json : replaced=80, added=5
[HOTFIX:SEASON3] target=/OrangeRemoteLoot/DataTables/Comp/OrangeRemoteLootPackages_Client_Comp
[HOTFIX:SEASON3] Addrow(TableUpdate) なし -> スキップ
[HOTFIX:SEASON3] done: applied=0, deleted=0, skipped=0
[STEP1-4] merge E:\Fmodel\Exports\FortniteGame\Plugins\GameFeatures\OrangeRemoteLoot\Content\DataTables\Comp\OrangeRemoteLootPackages_Client_Comp_Backup.json : replaced=0, added=1
[HOTFIX:SEASON4] target=/OrangeRemoteLoot/DataTables/Comp/OrangeRemoteLootPackages_Client_Comp_Backup
[HOTFIX:SEASON4] Addrow(TableUpdate) なし -> スキップ
[HOTFIX:SEASON4] done: applied=0, deleted=0, skipped=0
[WRITE] final -> E:\フォートナイト\Picture\Loot Pool\TEST4\New Loot\System Update\BR_Comp\input\AthenaLootPackages_Client__final.json
[WRITE] per-input -> E:\フォートナイト\Picture\Loot Pool\TEST4\New Loot\System Update\BR_Comp\input\OrangeRemoteLootPackages_Client__final.json
[WRITE] per-input -> E:\フォートナイト\Picture\Loot Pool\TEST4\New Loot\System Update\BR_Comp\input\OrangeRemoteLootPackages_Client_Comp__final.json
[WRITE] per-input -> E:\フォートナイト\Picture\Loot Pool\TEST4\New Loot\System Update\BR_Comp\input\OrangeRemoteLootPackages_Client_Comp_Backup__final.json
2026-06-07 06:37:51 | INFO | hotfix start: E:\フォートナイト\Picture\Loot Pool\TEST4\New Loot\System Update\LootTier.py
2026-06-07 06:37:51 | INFO | hotfix lt stdout: [STEP1-1] base e:\Fmodel\Exports\FortniteGame\Content\Items\DataTables\AthenaLootTierData_Client.json
[HOTFIX:SEASON1] target=/Game/Items/DataTables/AthenaLootTierData_Client
[HOTFIX:SEASON1] done: applied=0, deleted=0, skipped=0
[STEP1-2] merge e:\Fmodel\Exports\FortniteGame\Plugins\GameFeatures\OrangeRemoteLoot\Content\DataTables\OrangeRemoteLootTierData_Client.json : replaced=0, added=101
[HOTFIX:SEASON2] target=/OrangeRemoteLoot/DataTables/OrangeRemoteLootTierData_Client
[HOTFIX:SEASON2] done: applied=0, deleted=0, skipped=0
[STEP1-3] merge E:\Fmodel\Exports\FortniteGame\Plugins\GameFeatures\OrangeRemoteLoot\Content\DataTables\Comp\OrangeRemoteLootTierData_Client_Comp.json : replaced=0, added=5
[HOTFIX:SEASON3] target=/OrangeRemoteLoot/DataTables/Comp/OrangeRemoteLootTierData_Client_Comp
[HOTFIX:SEASON3] done: applied=0, deleted=0, skipped=0
[STEP1-4] merge E:\Fmodel\Exports\FortniteGame\Plugins\GameFeatures\OrangeRemoteLoot\Content\DataTables\Comp\OrangeRemoteLootTierData_Client_Comp_Backup.json : replaced=1, added=0
[HOTFIX:SEASON4] target=/OrangeRemoteLoot/DataTables/Comp/OrangeRemoteLootTierData_Client_Comp_Backup
[HOTFIX:SEASON4] done: applied=0, deleted=0, skipped=0
[WRITE] final -> E:\フォートナイト\Picture\Loot Pool\TEST4\New Loot\System Update\BR_Comp\input\AthenaLootTierData_Client__final.json
[WRITE] per-input -> E:\フォートナイト\Picture\Loot Pool\TEST4\New Loot\System Update\BR_Comp\input\OrangeRemoteLootTierData_Client__final.json
[WRITE] per-input -> E:\フォートナイト\Picture\Loot Pool\TEST4\New Loot\System Update\BR_Comp\input\OrangeRemoteLootTierData_Client_Comp__final.json
[WRITE] per-input -> E:\フォートナイト\Picture\Loot Pool\TEST4\New Loot\System Update\BR_Comp\input\OrangeRemoteLootTierData_Client_Comp_Backup__final.json
2026-06-07 06:37:51 | INFO | ✓ Hotfix 適用完了 (1.03s)
2026-06-07 06:37:51 | INFO | load lt: E:\フォートナイト\Picture\Loot Pool\TEST4\New Loot\System Update\BR_Comp\input\AthenaLootTierData_Client__final.json
2026-06-07 06:37:51 | INFO | load lp: E:\フォートナイト\Picture\Loot Pool\TEST4\New Loot\System Update\BR_Comp\input\AthenaLootPackages_Client__final.json
2026-06-07 06:37:52 | INFO | load done (0.02s)
2026-06-07 06:37:52 | INFO | build summary start
2026-06-07 06:37:52 | INFO | build summary done (0.05s)
2026-06-07 06:37:52 | INFO | enrich summary with names start
2026-06-07 06:37:52 | INFO | enrich summary done (0.00s)
2026-06-07 06:37:52 | INFO | ✅ まとめJSONを作成: E:\フォートナイト\Picture\Loot Pool\TEST4\New Loot\System Update\BR_Comp\output\summary\v39.30_2026-06-07_06-37.json
2026-06-07 06:37:52 | INFO | build item metadata start
2026-06-07 06:37:52 | INFO | ✅ アイテム名・説明・タグJSONを更新: E:\フォートナイト\Picture\Loot Pool\TEST4\New Loot\System Update\shared\cache\item_metadata.json (0.02s)
2026-06-07 06:37:52 | INFO | build BR_LootData start
2026-06-07 06:37:52 | INFO | build BR_LootData done (0.00s)
2026-06-07 06:37:52 | INFO | ✅ BR_LootData を作成: E:\フォートナイト\Picture\Loot Pool\TEST4\New Loot\System Update\戦利品データ\BR_Comp\BR_Comp_LootData_2026-06-07_06-37.json
2026-06-07 06:37:52 | INFO | ✅ Web LootPool を更新: E:\フォートナイト\Web\assets\data\Loot\BR_Comp_LootPool.json
2026-06-07 06:37:52 | INFO | LootSummary start: E:\フォートナイト\Picture\Loot Pool\TEST4\New Loot\System Update\BR_Comp\scripts\LootSummary.py
2026-06-07 06:37:52 | INFO | LootSummary stdout: 🔎 抽出用: 最新ファイル = E:\フォートナイト\Picture\Loot Pool\TEST4\New Loot\System Update\BR_Comp\output\summary\v39.30_2026-06-07_06-37.json
✅ 抽出件数: 95
💾 保存: E:\フォートナイト\Picture\Loot Pool\TEST4\New Loot\System Update\BR_Comp\input\items_unique_min.json
🔎 比較用: base   = E:\フォートナイト\Picture\Loot Pool\TEST4\New Loot\System Update\BR_Comp\output\summary\v39.30_2026-06-06_12-48.json
🔎 比較用: target = E:\フォートナイト\Picture\Loot Pool\TEST4\New Loot\System Update\BR_Comp\output\summary\v39.30_2026-06-07_06-37.json
✅ 差分作成 完了
  追加   : 0 / 削除 : 0 / 変更 : 0 / 変化なし : 95
💾 差分: E:\フォートナイト\Picture\Loot Pool\TEST4\New Loot\System Update\BR_Comp\output\history\BR_20260607_0637\items_unique_min_diff.json
2026-06-07 06:37:52 | WARNING | LootSummary stderr: E:\フォートナイト\Picture\Loot Pool\TEST4\New Loot\System Update\BR_Comp\scripts\LootSummary.py:2: SyntaxWarning: invalid escape sequence '\B'
  """
2026-06-07 06:37:52 | INFO | ✅ LootSummary 実行完了（抽出→比較） (0.68s)
2026-06-07 06:37:52 | INFO | prewarm start
2026-06-07 06:37:53 | INFO | ✅ アイコンキャッシュ プリウォーム完了 (0.53s)
2026-06-07 06:37:53 | INFO | 画像化タスク数: 95
2026-06-07 06:37:53 | INFO | 画像生成 進捗: 1/95
2026-06-07 06:37:54 | INFO | 画像生成 進捗: 50/95
2026-06-07 06:37:54 | INFO | 画像生成 進捗: 95/95
2026-06-07 06:37:54 | INFO | ✅ 画像生成 完了（MinListベース）
2026-06-07 06:37:55 | INFO | ✅ Loot diff を作成: E:\フォートナイト\Web\assets\data\Loot\diff\BR_Comp_2026-06-07_06-37-55.json (added=0 removed=0 change=9)
2026-06-07 06:37:55 | INFO | ℹ️ AddedItems 画像の追加対象なし (copied=0 missing=0)
2026-06-07 06:37:55 | INFO | git add: E:\フォートナイト\Picture\Loot Pool\TEST4\New Loot
2026-06-07 06:38:00 | INFO | git commit stdout: [main d59e7a4] BR_Comp update 2026-06-07 06:37:57
 12 files changed, 50695 insertions(+), 67 deletions(-)
 create mode 100644 System Update/BR_Comp/output/history/BR_20260607_0637/items_unique_min_diff.json
 create mode 100644 System Update/BR_Comp/output/logs/pipeline_2026-06-07_06-37-50.log
 create mode 100644 System Update/BR_Comp/output/summary/v39.30_2026-06-07_06-37.json
 create mode 100644 "System Update/\346\210\246\345\210\251\345\223\201\343\203\207\343\203\274\343\202\277/BR_Comp/BR_Comp_LootData_2026-06-07_06-37.json"
2026-06-07 06:38:10 | WARNING | git push stderr: To https://github.com/Greenfox0833/New-Loot.git
   e57cd84..d59e7a4  main -> main
2026-06-07 06:38:10 | INFO | ✓ GitHub Push 完了
2026-06-07 06:38:10 | INFO | ===== BR_Comp: pipeline end =====
