2026-03-21 22:32:56 | INFO | log file (BR_Comp): E:\フォートナイト\Picture\Loot Pool\TEST4\New Loot\System Update\BR_Comp\output\logs\pipeline_2026-03-21_22-32-56.log
2026-03-21 22:32:56 | INFO | ===== BR_Comp: pipeline start =====
2026-03-21 22:32:56 | INFO | paths: lt=E:\フォートナイト\Picture\Loot Pool\TEST4\New Loot\System Update\BR_Comp\input\AthenaLootTierData_Client__final.json lp=E:\フォートナイト\Picture\Loot Pool\TEST4\New Loot\System Update\BR_Comp\input\AthenaLootPackages_Client__final.json minlist=E:\フォートナイト\Picture\Loot Pool\TEST4\New Loot\System Update\BR_Comp\input\items_unique_min.json
2026-03-21 22:32:56 | INFO | output: summary=E:\フォートナイト\Picture\Loot Pool\TEST4\New Loot\System Update\BR_Comp\output\summary lootdata=E:\フォートナイト\Picture\Loot Pool\TEST4\New Loot\System Update\戦利品データ\BR_Comp
2026-03-21 22:32:56 | INFO | flags: hotfix=True prewarm=True image=True workers=8
2026-03-21 22:32:56 | INFO | hotfix start: E:\フォートナイト\Picture\Loot Pool\TEST4\New Loot\System Update\LootPackage.py
2026-03-21 22:32:57 | INFO | hotfix lp stdout: [STEP1-1] base e:\Fmodel\Exports\FortniteGame\Content\Items\DataTables\AthenaLootPackages_Client.json
[HOTFIX:SEASON1] target=/Game/Items/DataTables/AthenaLootPackages_Client
[HOTFIX:SEASON1] Addrow(TableUpdate) なし -> スキップ
[HOTFIX:SEASON1] done: applied=0, deleted=0, skipped=0
[STEP1-2] merge e:\Fmodel\Exports\FortniteGame\Plugins\GameFeatures\TeaCakeLoot\Content\DataTables\TeaCakeLootPackages_Client.json : replaced=427, added=1026
[HOTFIX:SEASON2] target=/TeaCakeLoot/DataTables/TeaCakeLootPackages_Client
[504] RowUpdate WorldList.AthenaHighConsumables.Utility.06.CountRange=(X=2,Y=2) -> OK
[505] RowUpdate WorldList.AthenaHighConsumablesRare.Utility.07.CountRange=(X=2,Y=2) -> OK
[506] RowUpdate WorldList.AthenaSupplyDropConsumables.Utility.07.CountRange=(X=2,Y=2) -> OK
[507] RowUpdate WorldList.AthenaConsumables.Utility.07.CountRange=(X=2,Y=2) -> OK
[508] RowUpdate LIST_GoldenWaterfall_Item.01.CountRange=(X=2,Y=2) -> OK
[509] RowUpdate WorldList.AthenaLoot.TowelCommittee.Consumable.06.CountRange=(X=2,Y=2) -> OK
[510] RowUpdate LIST_RiftDrone_Consume.03.CountRange=(X=4,Y=4) -> OK
[570] RowUpdate WorldList.ApolloLoot.Weapon.Rocket.01.Weight=0.000010 -> OK
[571] RowUpdate WorldList.ApolloLoot.Weapon.Rocket.01.CountRange=(X=1,Y=1) -> OK
[572] RowUpdate WorldList.ApolloLoot.Weapon.Rocket.01.ItemDefinition=/WeaponsUpdated/Gameplay/CombatAR/Hitscan/WID_Assault_MoonFlax_CombatAR_HS_Athena_SR.WID_Assault_MoonFlax_CombatAR_HS_Athena_SR -> OK
[580] RowUpdate WorldList.AthenaLoot.Ammo.Medium.01.CountRange=(X=36,Y=36) -> OK
[581] RowUpdate LIST_PaV_04_Boss_Weapon.01.ItemDefinition=/TeaCakeIceGauntlets/Gameplay/WID_IceGauntlets_BigBomb.WID_IceGauntlets_BigBomb -> OK
[582] RowUpdate LIST_PaV_04_Boss_Ammo.03.Weight=1.000000 -> OK
[583] RowUpdate LIST_PaV_04_Boss_Ammo.03.CountRange=(X=36,Y=36) -> OK
[584] RowUpdate LIST_PaV_04_Boss_Consume.01.Weight=0.500000 -> OK
[585] RowUpdate LIST_PaV_04_Boss_Consume.02.Weight=0.500000 -> OK
[586] RowUpdate LIST_PaV_04_Boss_Consume.03.Weight=0.000000 -> OK
[587] RowUpdate LIST_PaV_04_Boss_Consume.04.Weight=0.000000 -> OK
[HOTFIX:SEASON2] Addrow(TableUpdate) なし -> スキップ
[HOTFIX:SEASON2] done: applied=18, deleted=0, skipped=0
[STEP1-3] merge E:\Fmodel\Exports\FortniteGame\Plugins\GameFeatures\TeaCakeLoot\Content\DataTables\Comp\TeaCakeLootPackages_Client_Comp.json : replaced=107, added=2
[HOTFIX:SEASON3] target=/TeaCakeLoot/DataTables/Comp/TeaCakeLootPackages_Client_Comp
[HOTFIX:SEASON3] Addrow(TableUpdate) なし -> スキップ
[HOTFIX:SEASON3] done: applied=0, deleted=0, skipped=0
[STEP1-4] merge E:\Fmodel\Exports\FortniteGame\Plugins\GameFeatures\TeaCakeLoot\Content\DataTables\Comp\TeaCakeLootPackages_Client_Comp_Backup.json : replaced=8, added=1
[HOTFIX:SEASON4] target=/TeaCakeLoot/DataTables/Comp/TeaCakeLootPackages_Client_Comp_Backup
[HOTFIX:SEASON4] Addrow(TableUpdate) なし -> スキップ
[HOTFIX:SEASON4] done: applied=0, deleted=0, skipped=0
[STEP1-5] merge E:\Fmodel\Exports\FortniteGame\Plugins\GameFeatures\BRPlaylists\Content\Athena\Playlists\Showdown\Tournament\OverrideLootPackagesData.json : replaced=60, added=1
[HOTFIX:SEASON5] target=/BRPlaylists/Athena/Playlists/Showdown/Tournament/OverrideLootPackagesData
[HOTFIX:SEASON5] Addrow(TableUpdate) なし -> スキップ
[HOTFIX:SEASON5] done: applied=0, deleted=0, skipped=0
[STEP1-6] merge E:\Fmodel\Exports\FortniteGame\Content\Athena\Playlists\Showdown\Tournament\OverrideLootPackagesData_Backup.json : replaced=0, added=0
[HOTFIX:SEASON6] target=/Game/Athena/Playlists/Showdown/Tournament/OverrideLootPackagesData_Backup
[HOTFIX:SEASON6] Addrow(TableUpdate) なし -> スキップ
[HOTFIX:SEASON6] done: applied=0, deleted=0, skipped=0
[WRITE] final -> E:\フォートナイト\Picture\Loot Pool\TEST4\New Loot\System Update\BR_Comp\input\AthenaLootPackages_Client__final.json
[WRITE] per-input -> E:\フォートナイト\Picture\Loot Pool\TEST4\New Loot\System Update\BR_Comp\input\TeaCakeLootPackages_Client__final.json
[WRITE] per-input -> E:\フォートナイト\Picture\Loot Pool\TEST4\New Loot\System Update\BR_Comp\input\TeaCakeLootPackages_Client_Comp__final.json
[WRITE] per-input -> E:\フォートナイト\Picture\Loot Pool\TEST4\New Loot\System Update\BR_Comp\input\TeaCakeLootPackages_Client_Comp_Backup__final.json
[WRITE] per-input -> E:\フォートナイト\Picture\Loot Pool\TEST4\New Loot\System Update\BR_Comp\input\OverrideLootPackagesData__final.json
[WRITE] per-input -> E:\フォートナイト\Picture\Loot Pool\TEST4\New Loot\System Update\BR_Comp\input\OverrideLootPackagesData_Backup__final.json
2026-03-21 22:32:57 | INFO | hotfix start: E:\フォートナイト\Picture\Loot Pool\TEST4\New Loot\System Update\LootTier.py
2026-03-21 22:32:58 | INFO | hotfix lt stdout: [STEP1-1] base e:\Fmodel\Exports\FortniteGame\Content\Items\DataTables\AthenaLootTierData_Client.json
[HOTFIX:SEASON1] target=/Game/Items/DataTables/AthenaLootTierData_Client
[HOTFIX:SEASON1] done: applied=0, deleted=0, skipped=0
[STEP1-2] merge e:\Fmodel\Exports\FortniteGame\Plugins\GameFeatures\TeaCakeLoot\Content\DataTables\TeaCakeLootTierData_Client.json : replaced=1, added=121
[HOTFIX:SEASON2] target=/TeaCakeLoot/DataTables/TeaCakeLootTierData_Client
[HOTFIX:SEASON2] done: applied=0, deleted=0, skipped=0
[STEP1-3] merge E:\Fmodel\Exports\FortniteGame\Plugins\GameFeatures\TeaCakeLoot\Content\DataTables\Comp\TeaCakeLootTierData_Client_Comp.json : replaced=1, added=0
[HOTFIX:SEASON3] target=/TeaCakeLoot/DataTables/Comp/TeaCakeLootTierData_Client_Comp
[HOTFIX:SEASON3] done: applied=0, deleted=0, skipped=0
[STEP1-4] merge E:\Fmodel\Exports\FortniteGame\Plugins\GameFeatures\TeaCakeLoot\Content\DataTables\Comp\TeaCakeLootTierData_Client_Comp_Backup.json : replaced=1, added=0
[HOTFIX:SEASON4] target=/TeaCakeLoot/DataTables/Comp/TeaCakeLootTierData_Client_Comp_Backup
[HOTFIX:SEASON4] done: applied=0, deleted=0, skipped=0
[STEP1-5] merge E:\Fmodel\Exports\FortniteGame\Content\Athena\Playlists\Showdown\Tournament\OverrideLootTierData.json : replaced=26, added=0
[HOTFIX:SEASON5] target=/Game/Athena/Playlists/Showdown/Tournament/OverrideLootTierData
[HOTFIX:SEASON5] done: applied=0, deleted=0, skipped=0
[WRITE] final -> E:\フォートナイト\Picture\Loot Pool\TEST4\New Loot\System Update\BR_Comp\input\AthenaLootTierData_Client__final.json
[WRITE] per-input -> E:\フォートナイト\Picture\Loot Pool\TEST4\New Loot\System Update\BR_Comp\input\TeaCakeLootTierData_Client__final.json
[WRITE] per-input -> E:\フォートナイト\Picture\Loot Pool\TEST4\New Loot\System Update\BR_Comp\input\TeaCakeLootTierData_Client_Comp__final.json
[WRITE] per-input -> E:\フォートナイト\Picture\Loot Pool\TEST4\New Loot\System Update\BR_Comp\input\TeaCakeLootTierData_Client_Comp_Backup__final.json
[WRITE] per-input -> E:\フォートナイト\Picture\Loot Pool\TEST4\New Loot\System Update\BR_Comp\input\OverrideLootTierData__final.json
2026-03-21 22:32:58 | INFO | ✓ Hotfix 適用完了 (1.76s)
2026-03-21 22:32:58 | INFO | load lt: E:\フォートナイト\Picture\Loot Pool\TEST4\New Loot\System Update\BR_Comp\input\AthenaLootTierData_Client__final.json
2026-03-21 22:32:58 | INFO | load lp: E:\フォートナイト\Picture\Loot Pool\TEST4\New Loot\System Update\BR_Comp\input\AthenaLootPackages_Client__final.json
2026-03-21 22:32:58 | INFO | load done (0.04s)
2026-03-21 22:32:58 | INFO | build summary start
2026-03-21 22:32:58 | INFO | build summary done (0.04s)
2026-03-21 22:32:58 | INFO | enrich summary with names start
2026-03-21 22:32:58 | INFO | enrich summary done (0.00s)
2026-03-21 22:32:58 | INFO | ✅ まとめJSONを作成: E:\フォートナイト\Picture\Loot Pool\TEST4\New Loot\System Update\BR_Comp\output\summary\v39.30_2026-03-21_22-32.json
2026-03-21 22:32:58 | INFO | build BR_LootData start
2026-03-21 22:32:58 | INFO | build BR_LootData done (0.00s)
2026-03-21 22:32:58 | INFO | ✅ BR_LootData を作成: E:\フォートナイト\Picture\Loot Pool\TEST4\New Loot\System Update\戦利品データ\BR_Comp\BR_Comp_LootData_2026-03-21_22-32.json
2026-03-21 22:32:58 | INFO | ✅ Web LootPool を更新: E:\フォートナイト\Web\assets\data\Loot\BR_Comp_LootPool.json
2026-03-21 22:32:58 | INFO | LootSummary start: E:\フォートナイト\Picture\Loot Pool\TEST4\New Loot\System Update\BR_Comp\scripts\LootSummary.py
2026-03-21 22:32:59 | INFO | LootSummary stdout: 🔎 抽出用: 最新ファイル = E:\フォートナイト\Picture\Loot Pool\TEST4\New Loot\System Update\BR_Comp\output\summary\v39.30_2026-03-21_22-32.json
✅ 抽出件数: 93
💾 保存: E:\フォートナイト\Picture\Loot Pool\TEST4\New Loot\System Update\BR_Comp\input\items_unique_min.json
🔎 比較用: base   = E:\フォートナイト\Picture\Loot Pool\TEST4\New Loot\System Update\BR_Comp\output\summary\v39.30_2026-03-21_22-21.json
🔎 比較用: target = E:\フォートナイト\Picture\Loot Pool\TEST4\New Loot\System Update\BR_Comp\output\summary\v39.30_2026-03-21_22-32.json
✅ 差分作成 完了
  追加   : 0 / 削除 : 0 / 変更 : 0 / 変化なし : 93
💾 差分: E:\フォートナイト\Picture\Loot Pool\TEST4\New Loot\System Update\BR_Comp\output\history\BR_20260321_2232\items_unique_min_diff.json
2026-03-21 22:32:59 | WARNING | LootSummary stderr: E:\フォートナイト\Picture\Loot Pool\TEST4\New Loot\System Update\BR_Comp\scripts\LootSummary.py:2: SyntaxWarning: invalid escape sequence '\B'
  """
2026-03-21 22:32:59 | INFO | ✅ LootSummary 実行完了（抽出→比較） (0.67s)
2026-03-21 22:32:59 | INFO | prewarm start
