2026-03-21 07:35:57 | INFO | log file (BR_Comp): E:\フォートナイト\Picture\Loot Pool\TEST4\New Loot\System Update\BR_Comp\output\logs\pipeline_2026-03-21_07-35-57.log
2026-03-21 07:35:57 | INFO | ===== BR_Comp: pipeline start =====
2026-03-21 07:35:57 | INFO | paths: lt=E:\フォートナイト\Picture\Loot Pool\TEST4\New Loot\System Update\BR_Comp\input\AthenaLootTierData_Client__final.json lp=E:\フォートナイト\Picture\Loot Pool\TEST4\New Loot\System Update\BR_Comp\input\AthenaLootPackages_Client__final.json minlist=E:\フォートナイト\Picture\Loot Pool\TEST4\New Loot\System Update\BR_Comp\input\items_unique_min.json
2026-03-21 07:35:57 | INFO | output: summary=E:\フォートナイト\Picture\Loot Pool\TEST4\New Loot\System Update\BR_Comp\output\summary lootdata=E:\フォートナイト\Picture\Loot Pool\TEST4\New Loot\System Update\戦利品データ\BR_Comp
2026-03-21 07:35:57 | INFO | flags: hotfix=True prewarm=True image=True workers=8
2026-03-21 07:35:57 | INFO | hotfix start: E:\フォートナイト\Picture\Loot Pool\TEST4\New Loot\System Update\LootPackage.py
2026-03-21 07:35:58 | INFO | hotfix lp stdout: [STEP1-1] base e:\Fmodel\Exports\FortniteGame\Content\Items\DataTables\AthenaLootPackages_Client.json
[HOTFIX:SEASON1] target=/Game/Items/DataTables/AthenaLootPackages_Client
[HOTFIX:SEASON1] Addrow(TableUpdate) なし -> スキップ
[HOTFIX:SEASON1] done: applied=0, deleted=0, skipped=0
[STEP1-2] merge e:\Fmodel\Exports\FortniteGame\Plugins\GameFeatures\TeaCakeLoot\Content\DataTables\TeaCakeLootPackages_Client.json : replaced=427, added=1026
[HOTFIX:SEASON2] target=/TeaCakeLoot/DataTables/TeaCakeLootPackages_Client
[503] RowUpdate WorldList.AthenaHighConsumables.Utility.06.CountRange=(X=2,Y=2) -> OK
[504] RowUpdate WorldList.AthenaHighConsumablesRare.Utility.07.CountRange=(X=2,Y=2) -> OK
[505] RowUpdate WorldList.AthenaSupplyDropConsumables.Utility.07.CountRange=(X=2,Y=2) -> OK
[506] RowUpdate WorldList.AthenaConsumables.Utility.07.CountRange=(X=2,Y=2) -> OK
[507] RowUpdate LIST_GoldenWaterfall_Item.01.CountRange=(X=2,Y=2) -> OK
[508] RowUpdate WorldList.AthenaLoot.TowelCommittee.Consumable.06.CountRange=(X=2,Y=2) -> OK
[509] RowUpdate LIST_RiftDrone_Consume.03.CountRange=(X=4,Y=4) -> OK
[569] RowUpdate WorldList.ApolloLoot.Weapon.Rocket.01.Weight=0.000010 -> OK
[570] RowUpdate WorldList.ApolloLoot.Weapon.Rocket.01.CountRange=(X=1,Y=1) -> OK
[571] RowUpdate WorldList.ApolloLoot.Weapon.Rocket.01.ItemDefinition=/WeaponsUpdated/Gameplay/CombatAR/Hitscan/WID_Assault_MoonFlax_CombatAR_HS_Athena_SR.WID_Assault_MoonFlax_CombatAR_HS_Athena_SR -> OK
[579] RowUpdate WorldList.AthenaLoot.Ammo.Medium.01.CountRange=(X=36,Y=36) -> OK
[580] RowUpdate LIST_PaV_04_Boss_Weapon.01.ItemDefinition=/TeaCakeIceGauntlets/Gameplay/WID_IceGauntlets_BigBomb.WID_IceGauntlets_BigBomb -> OK
[581] RowUpdate LIST_PaV_04_Boss_Ammo.03.Weight=1.000000 -> OK
[582] RowUpdate LIST_PaV_04_Boss_Ammo.03.CountRange=(X=36,Y=36) -> OK
[583] RowUpdate LIST_PaV_04_Boss_Consume.01.Weight=0.500000 -> OK
[584] RowUpdate LIST_PaV_04_Boss_Consume.02.Weight=0.500000 -> OK
[585] RowUpdate LIST_PaV_04_Boss_Consume.03.Weight=0.000000 -> OK
[586] RowUpdate LIST_PaV_04_Boss_Consume.04.Weight=0.000000 -> OK
[HOTFIX:SEASON2] Addrow(TableUpdate) なし -> スキップ
[HOTFIX:SEASON2] done: applied=18, deleted=0, skipped=0
[STEP1-3] merge E:\Fmodel\Exports\FortniteGame\Plugins\GameFeatures\TeaCakeLoot\Content\DataTables\Comp\TeaCakeLootPackages_Client_Comp.json : replaced=107, added=2
[HOTFIX:SEASON3] target=/TeaCakeLoot/DataTables/Comp/TeaCakeLootPackages_Client_Comp
[HOTFIX:SEASON3] Addrow(TableUpdate) なし -> スキップ
[HOTFIX:SEASON3] done: applied=0, deleted=0, skipped=0
[STEP1-4] merge E:\Fmodel\Exports\FortniteGame\Plugins\GameFeatures\TeaCakeLoot\Content\DataTables\Comp\TeaCakeLootPackages_Client_Comp_Backup.json : replaced=8, added=1
[HOTFIX:SEASON4] target=/TeaCakeLoot/DataTables/Comp/TeaCakeLootPackages_Client_Comp_Backup
[HOTFIX:SEASON4] Addrow(TableUpdate) なし -> スキップ
[HOTFIX:SEASON4] done: applied=0, deleted=0, skipped=0
[WRITE] final -> E:\フォートナイト\Picture\Loot Pool\TEST4\New Loot\System Update\BR_Comp\input\AthenaLootPackages_Client__final.json
[WRITE] per-input -> E:\フォートナイト\Picture\Loot Pool\TEST4\New Loot\System Update\BR_Comp\input\TeaCakeLootPackages_Client__final.json
[WRITE] per-input -> E:\フォートナイト\Picture\Loot Pool\TEST4\New Loot\System Update\BR_Comp\input\TeaCakeLootPackages_Client_Comp__final.json
[WRITE] per-input -> E:\フォートナイト\Picture\Loot Pool\TEST4\New Loot\System Update\BR_Comp\input\TeaCakeLootPackages_Client_Comp_Backup__final.json
2026-03-21 07:35:58 | INFO | hotfix start: E:\フォートナイト\Picture\Loot Pool\TEST4\New Loot\System Update\LootTier.py
2026-03-21 07:35:59 | INFO | hotfix lt stdout: [STEP1-1] base e:\Fmodel\Exports\FortniteGame\Content\Items\DataTables\AthenaLootTierData_Client.json
[HOTFIX:SEASON1] target=/Game/Items/DataTables/AthenaLootTierData_Client
[HOTFIX:SEASON1] done: applied=0, deleted=0, skipped=0
[STEP1-2] merge e:\Fmodel\Exports\FortniteGame\Plugins\GameFeatures\TeaCakeLoot\Content\DataTables\TeaCakeLootTierData_Client.json : replaced=1, added=121
[HOTFIX:SEASON2] target=/TeaCakeLoot/DataTables/TeaCakeLootTierData_Client
[HOTFIX:SEASON2] done: applied=0, deleted=0, skipped=0
[STEP1-3] merge E:\Fmodel\Exports\FortniteGame\Plugins\GameFeatures\TeaCakeLoot\Content\DataTables\Comp\TeaCakeLootTierData_Client_Comp.json : replaced=1, added=0
[HOTFIX:SEASON3] target=/TeaCakeLoot/DataTables/Comp/TeaCakeLootTierData_Client_Comp
[HOTFIX:SEASON3] done: applied=0, deleted=0, skipped=0
[STEP1-4] merge E:\Fmodel\Exports\FortniteGame\Plugins\GameFeatures\TeaCakeLoot\Content\DataTables\Comp\TeaCakeLootTierData_Client_Comp_Backup.json : replaced=1, added=0
[HOTFIX:SEASON4] target=/TeaCakeLoot/DataTables/Comp/TeaCakeLootTierData_Client_Comp_Backup
[HOTFIX:SEASON4] done: applied=0, deleted=0, skipped=0
[WRITE] final -> E:\フォートナイト\Picture\Loot Pool\TEST4\New Loot\System Update\BR_Comp\input\AthenaLootTierData_Client__final.json
[WRITE] per-input -> E:\フォートナイト\Picture\Loot Pool\TEST4\New Loot\System Update\BR_Comp\input\TeaCakeLootTierData_Client__final.json
[WRITE] per-input -> E:\フォートナイト\Picture\Loot Pool\TEST4\New Loot\System Update\BR_Comp\input\TeaCakeLootTierData_Client_Comp__final.json
[WRITE] per-input -> E:\フォートナイト\Picture\Loot Pool\TEST4\New Loot\System Update\BR_Comp\input\TeaCakeLootTierData_Client_Comp_Backup__final.json
2026-03-21 07:35:59 | INFO | ✓ Hotfix 適用完了 (1.36s)
2026-03-21 07:35:59 | INFO | load lt: E:\フォートナイト\Picture\Loot Pool\TEST4\New Loot\System Update\BR_Comp\input\AthenaLootTierData_Client__final.json
2026-03-21 07:35:59 | INFO | load lp: E:\フォートナイト\Picture\Loot Pool\TEST4\New Loot\System Update\BR_Comp\input\AthenaLootPackages_Client__final.json
2026-03-21 07:35:59 | INFO | load done (0.13s)
2026-03-21 07:35:59 | INFO | build summary start
2026-03-21 07:35:59 | INFO | build summary done (0.02s)
2026-03-21 07:35:59 | INFO | enrich summary with names start
2026-03-21 07:35:59 | INFO | enrich summary done (0.00s)
2026-03-21 07:35:59 | INFO | ✅ まとめJSONを作成: E:\フォートナイト\Picture\Loot Pool\TEST4\New Loot\System Update\BR_Comp\output\summary\v39.30_2026-03-21_07-35.json
2026-03-21 07:35:59 | INFO | build BR_LootData start
2026-03-21 07:35:59 | INFO | build BR_LootData done (0.00s)
2026-03-21 07:35:59 | INFO | ✅ BR_LootData を作成: E:\フォートナイト\Picture\Loot Pool\TEST4\New Loot\System Update\戦利品データ\BR_Comp\BR_Comp_LootData_2026-03-21_07-35.json
2026-03-21 07:35:59 | INFO | ✅ Web LootPool を更新: E:\フォートナイト\Web\assets\data\Loot\BR_Comp_LootPool.json
2026-03-21 07:35:59 | INFO | LootSummary start: E:\フォートナイト\Picture\Loot Pool\TEST4\New Loot\System Update\BR_Comp\scripts\LootSummary.py
2026-03-21 07:36:00 | INFO | LootSummary stdout: 🔎 抽出用: 最新ファイル = E:\フォートナイト\Picture\Loot Pool\TEST4\New Loot\System Update\BR_Comp\output\summary\v39.30_2026-03-21_07-35.json
✅ 抽出件数: 92
💾 保存: E:\フォートナイト\Picture\Loot Pool\TEST4\New Loot\System Update\BR_Comp\input\items_unique_min.json
🔎 比較用: base   = E:\フォートナイト\Picture\Loot Pool\TEST4\New Loot\System Update\BR_Comp\output\summary\v39.30_2026-03-20_08-25.json
🔎 比較用: target = E:\フォートナイト\Picture\Loot Pool\TEST4\New Loot\System Update\BR_Comp\output\summary\v39.30_2026-03-21_07-35.json
✅ 差分作成 完了
  追加   : 0 / 削除 : 0 / 変更 : 1 / 変化なし : 91
💾 差分: E:\フォートナイト\Picture\Loot Pool\TEST4\New Loot\System Update\BR_Comp\output\history\BR_20260321_0736\items_unique_min_diff.json
2026-03-21 07:36:00 | WARNING | LootSummary stderr: E:\フォートナイト\Picture\Loot Pool\TEST4\New Loot\System Update\BR_Comp\scripts\LootSummary.py:2: SyntaxWarning: invalid escape sequence '\B'
  """
2026-03-21 07:36:00 | INFO | ✅ LootSummary 実行完了（抽出→比較） (0.72s)
2026-03-21 07:36:00 | INFO | prewarm start
2026-03-21 07:36:01 | INFO | ✅ アイコンキャッシュ プリウォーム完了 (1.15s)
2026-03-21 07:36:01 | INFO | 画像化タスク数: 92
2026-03-21 07:36:01 | INFO | 画像生成 進捗: 1/92
2026-03-21 07:36:02 | INFO | 画像生成 進捗: 50/92
2026-03-21 07:36:02 | INFO | 画像生成 進捗: 92/92
2026-03-21 07:36:02 | INFO | ✅ 画像生成 完了（MinListベース）
2026-03-21 07:36:02 | INFO | ✅ Loot diff: 変更なし（作成スキップ）
2026-03-21 07:36:02 | INFO | git add: E:\フォートナイト\Picture\Loot Pool\TEST4\New Loot
2026-03-21 07:36:13 | INFO | git commit stdout: [main 317e2c7] BR_Comp update 2026-03-21 07:36:09
 9 files changed, 60135 insertions(+), 8 deletions(-)
 create mode 100644 System Update/BR_Comp/output/history/BR_20260321_0736/items_unique_min_diff.json
 create mode 100644 System Update/BR_Comp/output/logs/pipeline_2026-03-21_07-35-57.log
 create mode 100644 System Update/BR_Comp/output/summary/v39.30_2026-03-21_07-35.json
 create mode 100644 "System Update/shared/images/BR_Comp/\343\202\271\343\202\257\343\202\244\343\203\226\343\203\252\343\203\274\343\201\256\343\202\263\343\203\263\343\203\220\343\203\203\343\203\210\343\202\242\343\202\265\343\203\253\343\203\210\343\203\251\343\202\244\343\203\225\343\203\253 - \343\203\206\343\202\243\343\202\2427.png"
 create mode 100644 "System Update/\346\210\246\345\210\251\345\223\201\343\203\207\343\203\274\343\202\277/BR_Comp/BR_Comp_LootData_2026-03-21_07-35.json"
2026-03-21 07:36:16 | WARNING | git push stderr: To https://github.com/Greenfox0833/New-Loot.git
   97c0f7a..317e2c7  main -> main
2026-03-21 07:36:16 | INFO | ✓ GitHub Push 完了
2026-03-21 07:36:16 | INFO | ===== BR_Comp: pipeline end =====
