2026-01-24 07:58:34 | INFO | log file (BR_Comp): E:\フォートナイト\Picture\Loot Pool\TEST4\New Loot\System Update\BR_Comp\output\logs\pipeline_2026-01-24_07-58-34.log
2026-01-24 07:58:34 | INFO | ===== BR_Comp: pipeline start =====
2026-01-24 07:58:34 | INFO | paths: lt=E:\フォートナイト\Picture\Loot Pool\TEST4\New Loot\System Update\BR_Comp\input\AthenaLootTierData_Client__final.json lp=E:\フォートナイト\Picture\Loot Pool\TEST4\New Loot\System Update\BR_Comp\input\AthenaLootPackages_Client__final.json minlist=E:\フォートナイト\Picture\Loot Pool\TEST4\New Loot\System Update\BR_Comp\input\items_unique_min.json
2026-01-24 07:58:34 | INFO | output: summary=E:\フォートナイト\Picture\Loot Pool\TEST4\New Loot\System Update\BR_Comp\output\summary lootdata=E:\フォートナイト\Picture\Loot Pool\TEST4\New Loot\System Update\戦利品データ\BR_Comp
2026-01-24 07:58:34 | INFO | flags: hotfix=True prewarm=True image=True workers=8
2026-01-24 07:58:34 | INFO | hotfix start: E:\フォートナイト\Picture\Loot Pool\TEST4\New Loot\System Update\LootPackage.py
2026-01-24 07:58:35 | INFO | hotfix lp stdout: [STEP1-2] merge e:\Fmodel\Exports\FortniteGame\Plugins\GameFeatures\DragonCartLoot\Content\DataTables\DragonCartLootPackages_Client.json : replaced=435, added=742
[STEP1-3] merge E:\Fmodel\Exports\FortniteGame\Plugins\GameFeatures\DragonCartLoot\Content\DataTables\Comp\DragonCartLootPackages_Client_Comp.json : replaced=82, added=14
[STEP1-4] merge E:\Fmodel\Exports\FortniteGame\Plugins\GameFeatures\DragonCartLoot\Content\DataTables\Comp\DragonCartLootPackages_Client_Comp_Backup.json : replaced=2, added=0
[HOTFIX:SEASON1] target=/Game/Items/DataTables/AthenaLootPackages_Client
[HOTFIX:SEASON1] Addrow(TableUpdate) なし -> スキップ
[HOTFIX:SEASON1] done: applied=0, deleted=0, skipped=0
[HOTFIX:SEASON2] target=/DragonCartLoot/DataTables/DragonCartLootPackages_Client
[341] AddRow -> ADD WorldPKG.Specialist.Supply.Extra.Loot.01
[345] RowUpdate WorldList.AthenaHighConsumables.23.Weight=0.050000 -> OK
[346] RowUpdate WorldList.AthenaHighConsumablesRare.24.Weight=0.050000 -> OK
[347] RowUpdate WorldList.AthenaSupplyDropConsumables.23.Weight=0.050000 -> OK
[348] RowUpdate WorldList.AthenaConsumables.24.Weight=0.050000 -> OK
[355] RowUpdate PKG_ThemeParkCannon_Solo.01.Weight=0.250000 -> OK
[356] RowUpdate PKG_ThemeParkCannon_Solo.02.Weight=0.750000 -> OK
[357] RowUpdate PKG_ThemeParkCannon_Solo.02.LootPackageCall=WorldList.Weapons.Rarity.Epic -> OK
[358] RowUpdate PKG_ThemeParkCannon_Solo.04.Weight=0.000000 -> OK
[359] RowUpdate PKG_ThemeParkCannon_Duo.01.Weight=0.250000 -> OK
[360] RowUpdate PKG_ThemeParkCannon_Duo.02.Weight=0.750000 -> OK
[361] RowUpdate PKG_ThemeParkCannon_Duo.02.LootPackageCall=WorldList.Weapons.Rarity.Epic -> OK
[362] RowUpdate PKG_ThemeParkCannon_Duo.04.Weight=0.000000 -> OK
[363] RowUpdate PKG_ThemeParkCannon_Trio.01.Weight=0.250000 -> OK
[364] RowUpdate PKG_ThemeParkCannon_Trio.02.Weight=0.750000 -> OK
[365] RowUpdate PKG_ThemeParkCannon_Trio.02.LootPackageCall=WorldList.Weapons.Rarity.Epic -> OK
[366] RowUpdate PKG_ThemeParkCannon_Trio.04.Weight=0.000000 -> OK
[367] RowUpdate PKG_ThemeParkCannon_Squad.01.Weight=0.250000 -> OK
[368] RowUpdate PKG_ThemeParkCannon_Squad.02.Weight=0.750000 -> OK
[369] RowUpdate PKG_ThemeParkCannon_Squad.02.LootPackageCall=WorldList.Weapons.Rarity.Epic -> OK
[370] RowUpdate PKG_ThemeParkCannon_Squad.04.Weight=0.000000 -> OK
[371] RowUpdate LIST_Vend_Item_Sniper_Ammo.01.CountRange=(X=10,Y=10) -> OK
[372] RowUpdate LIST_ThemeParkCannon_Consumable.05.Weight=0.100000 -> OK
[373] RowUpdate LIST_ThemeParkCannon_Consumable.05.CountRange=(X=2,Y=2) -> OK
[374] RowUpdate LIST_ThemeParkCannon_Consumable.05.ItemDefinition=/PaprikaConsumables/Gameplay/ShieldRefresh/WID_Paprika_ShieldPot.WID_Paprika_ShieldPot -> OK
[375] RowUpdate LIST_ThemeParkCannon_Consumable.06.Weight=0.100000 -> OK
[376] RowUpdate LIST_ThemeParkCannon_Consumable.06.CountRange=(X=1,Y=1) -> OK
[377] RowUpdate LIST_ThemeParkCannon_Consumable.06.ItemDefinition=/PaprikaConsumables/Gameplay/MedRefresh/WID_Paprika_MedBox.WID_Paprika_MedBox -> OK
[378] RowUpdate LIST_Vend_Item_Sniper_Ammo.01.CountRange=(X=10,Y=10) -> OK
[416] RowUpdate LIST_Vend_Item_Sniper_Ammo.01.CountRange=(X=10,Y=10) -> OK
[458] RowUpdate WorldList.AthenaHighConsumables.19.Weight=0.040000 -> OK
[459] RowUpdate WorldList.AthenaConsumables.18.Weight=0.010000 -> OK
[460] RowUpdate WorldList.Weapons.Rarity.Legendary.20.Weight=1.000000 -> OK
[501] RowUpdate WorldList.AthenaHighConsumables.20.CountRange=(X=2,Y=2) -> OK
[502] RowUpdate WorldList.AthenaHighConsumablesRare.20.CountRange=(X=2,Y=2) -> OK
[503] RowUpdate WorldList.AthenaSupplyDropConsumables.22.CountRange=(X=2,Y=2) -> OK
[504] RowUpdate WorldList.AthenaConsumables.20.CountRange=(X=2,Y=2) -> OK
[505] RowUpdate LIST_Boss_Gamma_Consumable.01.CountRange=(X=2,Y=2) -> OK
[506] RowUpdate LIST_Balloon_Item.02.CountRange=(X=2,Y=2) -> OK
[507] RowUpdate PKG_CareDrop.04.LootPackageCall=WorldList.AthenaHighConsumables -> OK
[524] RowUpdate WorldList.AthenaHighConsumables.14.Weight=0.000000 -> OK
[525] RowUpdate WorldList.AthenaHighConsumablesRare.14.Weight=0.000000 -> OK
[526] RowUpdate WorldList.AthenaSupplyDropConsumables.13.Weight=0.000000 -> OK
[527] RowUpdate WorldList.AthenaConsumables.14.Weight=0.000000 -> OK
[537] RowUpdate WorldList.AthenaHighConsumables.14.CountRange=(X=3,Y=3) -> OK
[540] RowUpdate WorldList.AthenaHighConsumables.20.Weight=0.150000 -> OK
[541] RowUpdate WorldList.AthenaHighConsumables.20.CountRange=(X=3,Y=3) -> OK
[542] RowUpdate WorldList.AthenaHighConsumablesRare.20.Weight=0.200000 -> OK
[543] RowUpdate WorldList.AthenaHighConsumablesRare.20.CountRange=(X=3,Y=3) -> OK
[544] RowUpdate WorldList.AthenaSupplyDropConsumables.22.Weight=0.200000 -> OK
[545] RowUpdate WorldList.AthenaSupplyDropConsumables.22.CountRange=(X=3,Y=3) -> OK
[546] RowUpdate WorldList.AthenaConsumables.20.CountRange=(X=3,Y=3) -> OK
[547] RowUpdate LIST_Boss_Gamma_Consumable.01.CountRange=(X=3,Y=3) -> OK
[548] RowUpdate LIST_Balloon_Item.02.CountRange=(X=3,Y=3) -> OK
[623] RowUpdate WorldList.AthenaHighConsumables.21.CountRange=(X=2,Y=2) -> OK
[624] RowUpdate WorldList.AthenaHighConsumablesRare.22.CountRange=(X=2,Y=2) -> OK
[625] RowUpdate WorldList.AthenaSupplyDropConsumables.21.CountRange=(X=2,Y=2) -> OK
[626] RowUpdate WorldList.AthenaConsumables.22.CountRange=(X=2,Y=2) -> OK
[HOTFIX:SEASON2] done: applied=58, deleted=0, skipped=0
[HOTFIX:SEASON3] target=/DragonCartLoot/DataTables/Comp/DragonCartLootPackages_Client_Comp
[HOTFIX:SEASON3] Addrow(TableUpdate) なし -> スキップ
[HOTFIX:SEASON3] done: applied=0, deleted=0, skipped=0
[HOTFIX:SEASON4] target=/DragonCartLoot/DataTables/Comp/DragonCartLootPackages_Client_Comp_Backup
[528] TableUpdate -> ADD WorldList.AthenaLoot.Weapon.Rocket.01
[528] TableUpdate -> ADD WorldList.AthenaLoot.Weapon.Rocket.02
[528] TableUpdate -> ADD WorldList.AthenaLoot.Weapon.HighRocket.01
[528] TableUpdate -> ADD WorldList.AthenaLoot.Weapon.HighRocket.02
[528] TableUpdate -> ADD WorldList.AthenaLoot.Weapon.HighRocket.03
[528] TableUpdate -> ADD WorldList.AthenaLoot.Weapon.HighRocket.04
[528] TableUpdate -> ADD WorldList.ApolloLoot.Weapon.Rocket.01
[528] TableUpdate -> ADD WorldList.ApolloLoot.Weapon.Rocket.02
[528] TableUpdate -> ADD WorldList.Weapons.Rarity.Uncommon.18
[528] TableUpdate -> ADD WorldList.Weapons.Rarity.Rare.18
[528] TableUpdate -> ADD WorldList.Weapons.Rarity.Epic.18
[528] TableUpdate -> ADD WorldList.Weapons.Rarity.Legendary.18
[528] TableUpdate -> ADD WorldList.AthenaSupplyDrop.Weapon.Rocket.01
[528] TableUpdate -> ADD WorldList.AthenaSupplyDrop.Weapon.Rocket.02
[528] TableUpdate -> ADD WorldList.GoldenPOI.DroneLoot.Wep.69
[528] TableUpdate -> ADD WorldList.GoldenPOI.DroneLoot.Wep.70
[528] TableUpdate -> ADD WorldList.GoldenPOI.DroneLoot.Wep.71
[528] TableUpdate -> ADD WorldList.GoldenPOI.DroneLoot.Wep.72
[528] TableUpdate -> ADD LIST_GoldenWaterfall_Consumable.01
[528] TableUpdate -> ADD LIST_Boss_Heal.01
[528] TableUpdate -> ADD WorldList.AthenaHighConsumablesRare.19
[528] TableUpdate -> ADD LIST_GoldenWaterfall_Item.02
[528] TableUpdate -> ADD AthenaSupplyDropConsumables.14
[528] TableUpdate -> ADD WorldList.AthenaSupplyDropConsumables.15
[528] TableUpdate -> ADD LIST_Vend_Item_Seasonal_3.01
[528] TableUpdate -> ADD LIST_CareDrop_Revive.01
[528] TableUpdate -> ADD WorldList.AthenaSupplyDropConsumables.14
[528] TableUpdate -> ADD LIST_Boss_Gamma_Weapon.02
[528] TableUpdate -> ADD WorldList.AthenaHighConsumables.19
[528] TableUpdate -> ADD WorldList.AthenaConsumables.18
[528] TableUpdate -> ADD WorldList.AthenaConsumables.14
[528] TableUpdate -> ADD WorldList.AthenaHighConsumables.14
[528] TableUpdate -> ADD WorldList.AthenaHighConsumablesRare.14
[528] TableUpdate -> ADD WorldList.AthenaSupplyDropConsumables.13
[633] TableUpdate -> ADD WorldList.AthenaHighConsumables.19
[633] TableUpdate -> ADD WorldList.AthenaConsumables.18
[633] TableUpdate -> ADD PKG_Kenny_1.02
[633] TableUpdate -> ADD PKG_Kenny_2.02
[633] TableUpdate -> ADD PKG_Kenny_3.02
[633] TableUpdate -> ADD WorldList.AthenaHighConsumables.25
[633] TableUpdate -> ADD WorldList.AthenaHighConsumablesRare.26
[633] TableUpdate -> ADD WorldList.AthenaSupplyDropConsumables.25
[633] TableUpdate -> ADD WorldList.AthenaConsumables.26
[633] TableUpdate -> ADD WorldList.FlopperDefault.Light.23
[633] TableUpdate -> ADD LIST_Vend_Item_Seasonal_1.01
[633] TableUpdate -> ADD LIST_HoneyFiber_Incident.01
[HOTFIX:SEASON4] done: applied=46, deleted=0, skipped=0
[WRITE] final -> E:\フォートナイト\Picture\Loot Pool\TEST4\New Loot\System Update\BR_Comp\input\AthenaLootPackages_Client__final.json
[WRITE] per-input -> E:\フォートナイト\Picture\Loot Pool\TEST4\New Loot\System Update\BR_Comp\input\DragonCartLootPackages_Client__final.json
[WRITE] per-input -> E:\フォートナイト\Picture\Loot Pool\TEST4\New Loot\System Update\BR_Comp\input\DragonCartLootPackages_Client_Comp__final.json
[WRITE] per-input -> E:\フォートナイト\Picture\Loot Pool\TEST4\New Loot\System Update\BR_Comp\input\DragonCartLootPackages_Client_Comp_Backup__final.json
2026-01-24 07:58:35 | INFO | hotfix start: E:\フォートナイト\Picture\Loot Pool\TEST4\New Loot\System Update\LootTier.py
2026-01-24 07:58:35 | INFO | hotfix lt stdout: [STEP1-2] merge e:\Fmodel\Exports\FortniteGame\Plugins\GameFeatures\DragonCartLoot\Content\DataTables\DragonCartLootTierData_Client.json : replaced=0, added=88
[STEP1-3] merge E:\Fmodel\Exports\FortniteGame\Plugins\GameFeatures\DragonCartLoot\Content\DataTables\Comp\DragonCartLootTierData_Client_Comp.json : replaced=0, added=5
[STEP1-4] merge E:\Fmodel\Exports\FortniteGame\Plugins\GameFeatures\DragonCartLoot\Content\DataTables\Comp\DragonCartLootTierData_Client_Comp_Backup.json : replaced=1, added=0
[HOTFIX:SEASON1] target=/Game/Items/DataTables/AthenaLootTierData_Client
[313] RowUpdate Loot_AthenaTreasure_04.Weight=0.050000 -> OK
[314] RowUpdate Loot_ApolloTreasure_Rare_04.Weight=0.150000 -> OK
[315] RowUpdate Loot_AthenaSupplyDrop_03.Weight=0.300000 -> OK
[381] RowUpdate Loot_AthenaFlopper_High_01.Weight=0.000000 -> OK
[382] RowUpdate Loot_AthenaFlopper_High_02.Weight=0.000000 -> OK
[383] RowUpdate Loot_AthenaFlopper_High_03.Weight=0.000000 -> OK
[HOTFIX:SEASON1] done: applied=6, deleted=0, skipped=0
[HOTFIX:SEASON2] target=/DragonCartLoot/DataTables/DragonCartLootTierData_Client
[340] AddRow -> ADD Loot_Specialist_Supply_Extra_01
[629] RowUpdate LTG_Vend_Item_Pistol_Green.01.Weight=0.000000 -> OK
[630] RowUpdate LTG_Vend_Item_Shotgun_Green.01.Weight=0.000000 -> OK
[631] RowUpdate LTG_Vend_Item_SMG_Green.01.Weight=0.000000 -> OK
[632] RowUpdate LTG_Vend_Item_Assault_Green.01.Weight=0.000000 -> OK
[HOTFIX:SEASON2] done: applied=5, deleted=0, skipped=0
[HOTFIX:SEASON3] target=/DragonCartLoot/DataTables/Comp/DragonCartLootTierData_Client_Comp
[HOTFIX:SEASON3] done: applied=0, deleted=0, skipped=0
[HOTFIX:SEASON4] target=/DragonCartLoot/DataTables/Comp/DragonCartLootTierData_Client_Comp_Backup
[HOTFIX:SEASON4] done: applied=0, deleted=0, skipped=0
[WRITE] final -> E:\フォートナイト\Picture\Loot Pool\TEST4\New Loot\System Update\BR_Comp\input\AthenaLootTierData_Client__final.json
[WRITE] per-input -> E:\フォートナイト\Picture\Loot Pool\TEST4\New Loot\System Update\BR_Comp\input\DragonCartLootTierData_Client__final.json
[WRITE] per-input -> E:\フォートナイト\Picture\Loot Pool\TEST4\New Loot\System Update\BR_Comp\input\DragonCartLootTierData_Client_Comp__final.json
[WRITE] per-input -> E:\フォートナイト\Picture\Loot Pool\TEST4\New Loot\System Update\BR_Comp\input\DragonCartLootTierData_Client_Comp_Backup__final.json
2026-01-24 07:58:35 | INFO | ✓ Hotfix 適用完了 (0.77s)
2026-01-24 07:58:35 | INFO | load lt: E:\フォートナイト\Picture\Loot Pool\TEST4\New Loot\System Update\BR_Comp\input\AthenaLootTierData_Client__final.json
2026-01-24 07:58:35 | INFO | load lp: E:\フォートナイト\Picture\Loot Pool\TEST4\New Loot\System Update\BR_Comp\input\AthenaLootPackages_Client__final.json
2026-01-24 07:58:35 | INFO | load done (0.02s)
2026-01-24 07:58:35 | INFO | build summary start
2026-01-24 07:58:35 | INFO | build summary done (0.02s)
2026-01-24 07:58:35 | INFO | enrich summary with names start
2026-01-24 07:58:35 | INFO | enrich summary done (0.00s)
2026-01-24 07:58:35 | INFO | ✅ まとめJSONを作成: E:\フォートナイト\Picture\Loot Pool\TEST4\New Loot\System Update\BR_Comp\output\summary\v39.30_2026-01-24_07-58.json
2026-01-24 07:58:35 | INFO | build BR_LootData start
2026-01-24 07:58:35 | INFO | build BR_LootData done (0.00s)
2026-01-24 07:58:35 | INFO | ✅ BR_LootData を作成: E:\フォートナイト\Picture\Loot Pool\TEST4\New Loot\System Update\戦利品データ\BR_Comp\BR_Comp_LootData_2026-01-24_07-58.json
2026-01-24 07:58:35 | INFO | ✅ Web LootPool を更新: E:\フォートナイト\Web\assets\data\Loot\BR_Comp_LootPool.json
2026-01-24 07:58:35 | INFO | LootSummary start: E:\フォートナイト\Picture\Loot Pool\TEST4\New Loot\System Update\BR_Comp\scripts\LootSummary.py
2026-01-24 07:58:35 | INFO | LootSummary stdout: 🔎 抽出用: 最新ファイル = E:\フォートナイト\Picture\Loot Pool\TEST4\New Loot\System Update\BR_Comp\output\summary\v39.30_2026-01-24_07-58.json
✅ 抽出件数: 104
💾 保存: E:\フォートナイト\Picture\Loot Pool\TEST4\New Loot\System Update\BR_Comp\input\items_unique_min.json
🔎 比較用: base   = E:\フォートナイト\Picture\Loot Pool\TEST4\New Loot\System Update\BR_Comp\output\summary\v39.30_2026-01-24_07-56.json
🔎 比較用: target = E:\フォートナイト\Picture\Loot Pool\TEST4\New Loot\System Update\BR_Comp\output\summary\v39.30_2026-01-24_07-58.json
✅ 差分作成 完了
  追加   : 0 / 削除 : 0 / 変更 : 0 / 変化なし : 104
💾 差分: E:\フォートナイト\Picture\Loot Pool\TEST4\New Loot\System Update\BR_Comp\output\history\BR_20260124_0758\items_unique_min_diff.json
2026-01-24 07:58:35 | WARNING | LootSummary stderr: E:\フォートナイト\Picture\Loot Pool\TEST4\New Loot\System Update\BR_Comp\scripts\LootSummary.py:2: SyntaxWarning: invalid escape sequence '\B'
  """
2026-01-24 07:58:35 | INFO | ✅ LootSummary 実行完了（抽出→比較） (0.14s)
2026-01-24 07:58:35 | INFO | prewarm start
