2026-01-22 21:57:37 | INFO | log file (BR_Comp): E:\フォートナイト\Picture\Loot Pool\TEST4\New Loot\System Update\BR_Comp\output\logs\pipeline_2026-01-22_21-57-37.log
2026-01-22 21:57:37 | INFO | ===== BR_Comp: pipeline start =====
2026-01-22 21:57:37 | INFO | paths: lt=E:\フォートナイト\Picture\Loot Pool\TEST4\New Loot\System Update\BR_Comp\input\AthenaLootTierData_Client__final.json lp=E:\フォートナイト\Picture\Loot Pool\TEST4\New Loot\System Update\BR_Comp\input\AthenaLootPackages_Client__final.json minlist=E:\フォートナイト\Picture\Loot Pool\TEST4\New Loot\System Update\BR_Comp\input\items_unique_min.json
2026-01-22 21:57:37 | INFO | output: summary=E:\フォートナイト\Picture\Loot Pool\TEST4\New Loot\System Update\BR_Comp\output\summary lootdata=E:\フォートナイト\Picture\Loot Pool\TEST4\New Loot\System Update\lootdata\BR_Comp\LootPercent
2026-01-22 21:57:37 | INFO | flags: hotfix=True prewarm=True image=True workers=8
2026-01-22 21:57:37 | INFO | hotfix start: E:\フォートナイト\Picture\Loot Pool\TEST4\New Loot\System Update\LootPackage変更.py
2026-01-22 21:57:37 | INFO | hotfix lp stdout: [STEP1-2] merge e:\Fmodel\Exports\FortniteGame\Plugins\GameFeatures\DragonCartLoot\Content\DataTables\DragonCartLootPackages_Client.json : replaced=435, added=742
[HOTFIX:SEASON1] target=/Game/Items/DataTables/AthenaLootPackages_Client
[HOTFIX:SEASON1] Addrow(TableUpdate) なし -> スキップ
[HOTFIX:SEASON1] done: applied=0, deleted=0, skipped=0
[HOTFIX:SEASON2] target=/DragonCartLoot/DataTables/DragonCartLootPackages_Client
[332] AddRow -> ADD WorldPKG.Specialist.Supply.Extra.Loot.01
[336] RowUpdate WorldList.AthenaHighConsumables.23.Weight=0.050000 -> OK
[337] RowUpdate WorldList.AthenaHighConsumablesRare.24.Weight=0.050000 -> OK
[338] RowUpdate WorldList.AthenaSupplyDropConsumables.23.Weight=0.050000 -> OK
[339] RowUpdate WorldList.AthenaConsumables.24.Weight=0.050000 -> OK
[346] RowUpdate PKG_ThemeParkCannon_Solo.01.Weight=0.250000 -> OK
[347] RowUpdate PKG_ThemeParkCannon_Solo.02.Weight=0.750000 -> OK
[348] RowUpdate PKG_ThemeParkCannon_Solo.02.LootPackageCall=WorldList.Weapons.Rarity.Epic -> OK
[349] RowUpdate PKG_ThemeParkCannon_Solo.04.Weight=0.000000 -> OK
[350] RowUpdate PKG_ThemeParkCannon_Duo.01.Weight=0.250000 -> OK
[351] RowUpdate PKG_ThemeParkCannon_Duo.02.Weight=0.750000 -> OK
[352] RowUpdate PKG_ThemeParkCannon_Duo.02.LootPackageCall=WorldList.Weapons.Rarity.Epic -> OK
[353] RowUpdate PKG_ThemeParkCannon_Duo.04.Weight=0.000000 -> OK
[354] RowUpdate PKG_ThemeParkCannon_Trio.01.Weight=0.250000 -> OK
[355] RowUpdate PKG_ThemeParkCannon_Trio.02.Weight=0.750000 -> OK
[356] RowUpdate PKG_ThemeParkCannon_Trio.02.LootPackageCall=WorldList.Weapons.Rarity.Epic -> OK
[357] RowUpdate PKG_ThemeParkCannon_Trio.04.Weight=0.000000 -> OK
[358] RowUpdate PKG_ThemeParkCannon_Squad.01.Weight=0.250000 -> OK
[359] RowUpdate PKG_ThemeParkCannon_Squad.02.Weight=0.750000 -> OK
[360] RowUpdate PKG_ThemeParkCannon_Squad.02.LootPackageCall=WorldList.Weapons.Rarity.Epic -> OK
[361] RowUpdate PKG_ThemeParkCannon_Squad.04.Weight=0.000000 -> OK
[362] RowUpdate LIST_Vend_Item_Sniper_Ammo.01.CountRange=(X=10,Y=10) -> OK
[363] RowUpdate LIST_ThemeParkCannon_Consumable.05.Weight=0.100000 -> OK
[364] RowUpdate LIST_ThemeParkCannon_Consumable.05.CountRange=(X=2,Y=2) -> OK
[365] RowUpdate LIST_ThemeParkCannon_Consumable.05.ItemDefinition=/PaprikaConsumables/Gameplay/ShieldRefresh/WID_Paprika_ShieldPot.WID_Paprika_ShieldPot -> OK
[366] RowUpdate LIST_ThemeParkCannon_Consumable.06.Weight=0.100000 -> OK
[367] RowUpdate LIST_ThemeParkCannon_Consumable.06.CountRange=(X=1,Y=1) -> OK
[368] RowUpdate LIST_ThemeParkCannon_Consumable.06.ItemDefinition=/PaprikaConsumables/Gameplay/MedRefresh/WID_Paprika_MedBox.WID_Paprika_MedBox -> OK
[369] RowUpdate LIST_Vend_Item_Sniper_Ammo.01.CountRange=(X=10,Y=10) -> OK
[407] RowUpdate LIST_Vend_Item_Sniper_Ammo.01.CountRange=(X=10,Y=10) -> OK
[449] RowUpdate WorldList.AthenaHighConsumables.19.Weight=0.040000 -> OK
[450] RowUpdate WorldList.AthenaConsumables.18.Weight=0.010000 -> OK
[451] RowUpdate WorldList.Weapons.Rarity.Legendary.20.Weight=1.000000 -> OK
[492] RowUpdate WorldList.AthenaHighConsumables.20.CountRange=(X=2,Y=2) -> OK
[493] RowUpdate WorldList.AthenaHighConsumablesRare.20.CountRange=(X=2,Y=2) -> OK
[494] RowUpdate WorldList.AthenaSupplyDropConsumables.22.CountRange=(X=2,Y=2) -> OK
[495] RowUpdate WorldList.AthenaConsumables.20.CountRange=(X=2,Y=2) -> OK
[496] RowUpdate LIST_Boss_Gamma_Consumable.01.CountRange=(X=2,Y=2) -> OK
[497] RowUpdate LIST_Balloon_Item.02.CountRange=(X=2,Y=2) -> OK
[498] RowUpdate PKG_CareDrop.04.LootPackageCall=WorldList.AthenaHighConsumables -> OK
[515] RowUpdate WorldList.AthenaHighConsumables.14.Weight=0.000000 -> OK
[516] RowUpdate WorldList.AthenaHighConsumablesRare.14.Weight=0.000000 -> OK
[517] RowUpdate WorldList.AthenaSupplyDropConsumables.13.Weight=0.000000 -> OK
[518] RowUpdate WorldList.AthenaConsumables.14.Weight=0.000000 -> OK
[528] RowUpdate WorldList.AthenaHighConsumables.14.CountRange=(X=3,Y=3) -> OK
[531] RowUpdate WorldList.AthenaHighConsumables.20.Weight=0.150000 -> OK
[532] RowUpdate WorldList.AthenaHighConsumables.20.CountRange=(X=3,Y=3) -> OK
[533] RowUpdate WorldList.AthenaHighConsumablesRare.20.Weight=0.200000 -> OK
[534] RowUpdate WorldList.AthenaHighConsumablesRare.20.CountRange=(X=3,Y=3) -> OK
[535] RowUpdate WorldList.AthenaSupplyDropConsumables.22.Weight=0.200000 -> OK
[536] RowUpdate WorldList.AthenaSupplyDropConsumables.22.CountRange=(X=3,Y=3) -> OK
[537] RowUpdate WorldList.AthenaConsumables.20.CountRange=(X=3,Y=3) -> OK
[538] RowUpdate LIST_Boss_Gamma_Consumable.01.CountRange=(X=3,Y=3) -> OK
[539] RowUpdate LIST_Balloon_Item.02.CountRange=(X=3,Y=3) -> OK
[HOTFIX:SEASON2] done: applied=54, deleted=0, skipped=0
[WRITE] final -> E:\フォートナイト\Picture\Loot Pool\TEST4\New Loot\System Update\BR\input\AthenaLootPackages_Client__final.json
2026-01-22 21:57:37 | INFO | hotfix start: E:\フォートナイト\Picture\Loot Pool\TEST4\New Loot\System Update\LootTier変更.py
2026-01-22 21:57:38 | INFO | hotfix lt stdout: [STEP1-2] merge e:\Fmodel\Exports\FortniteGame\Plugins\GameFeatures\DragonCartLoot\Content\DataTables\DragonCartLootTierData_Client.json : replaced=0, added=89
[HOTFIX:SEASON1] target=/Game/Items/DataTables/AthenaLootTierData_Client
[304] RowUpdate Loot_AthenaTreasure_04.Weight=0.050000 -> OK
[305] RowUpdate Loot_ApolloTreasure_Rare_04.Weight=0.150000 -> OK
[306] RowUpdate Loot_AthenaSupplyDrop_03.Weight=0.300000 -> OK
[372] RowUpdate Loot_AthenaFlopper_High_01.Weight=0.000000 -> OK
[373] RowUpdate Loot_AthenaFlopper_High_02.Weight=0.000000 -> OK
[374] RowUpdate Loot_AthenaFlopper_High_03.Weight=0.000000 -> OK
[HOTFIX:SEASON1] done: applied=6, deleted=0, skipped=0
[HOTFIX:SEASON2] target=/DragonCartLoot/DataTables/DragonCartLootTierData_Client
[331] AddRow -> ADD Loot_Specialist_Supply_Extra_01
[HOTFIX:SEASON2] done: applied=1, deleted=0, skipped=0
[WRITE] final -> E:\フォートナイト\Picture\Loot Pool\TEST4\New Loot\System Update\BR\input\AthenaLootTierData_Client__final.json
2026-01-22 21:57:38 | INFO | ✓ Hotfix 適用完了 (0.57s)
2026-01-22 21:57:38 | INFO | load lt: E:\フォートナイト\Picture\Loot Pool\TEST4\New Loot\System Update\BR_Comp\input\AthenaLootTierData_Client__final.json
2026-01-22 21:57:38 | ERROR | [!] main 内でエラー: [Errno 2] No such file or directory: 'E:\\フォートナイト\\Picture\\Loot Pool\\TEST4\\New Loot\\System Update\\BR_Comp\\input\\AthenaLootTierData_Client__final.json'
2026-01-22 21:57:38 | ERROR | Traceback (most recent call last):
  File "e:\フォートナイト\Picture\Loot Pool\TEST4\New Loot\System Update\BR_Comp\pipeline.py", line 120, in main
    rows_lt = load_rows(str(lt_json_path))
              ^^^^^^^^^^^^^^^^^^^^^^^^^^^^
  File "E:\フォートナイト\Picture\Loot Pool\TEST4\New Loot\System Update\summary.py", line 9, in load_rows
    with open(path, "r", encoding="utf-8") as f:
         ^^^^^^^^^^^^^^^^^^^^^^^^^^^^^^^^^
FileNotFoundError: [Errno 2] No such file or directory: 'E:\\フォートナイト\\Picture\\Loot Pool\\TEST4\\New Loot\\System Update\\BR_Comp\\input\\AthenaLootTierData_Client__final.json'
2026-01-22 21:57:38 | INFO | ℹ️ BR_Discord が見つかりません: E:\フォートナイト\Picture\Loot Pool\TEST4\New Loot\System Update\BR_Comp\scripts\BR_Discor.py
2026-01-22 21:57:38 | INFO | git add: E:\フォートナイト\Picture\Loot Pool\TEST4\New Loot
2026-01-22 21:57:39 | INFO | git commit stdout: [main e9219c0] BR_Comp update 2026-01-22 21:57:38
 67 files changed, 122965 insertions(+), 2275 deletions(-)
 delete mode 100644 "System Update/BR/LootPackage\345\244\211\346\233\264.py"
 delete mode 100644 "System Update/BR/LootTier\345\244\211\346\233\264.py"
 delete mode 100644 System Update/BR/input/Hotfix.ini
 create mode 100644 System Update/BR_Comp/__pycache__/config.cpython-312.pyc
 create mode 100644 System Update/BR_Comp/input/AthenaLootPackages_Client.json
 create mode 100644 System Update/BR_Comp/input/AthenaLootTierData_Client.json
 create mode 100644 System Update/BR_Comp/input/DragonCartLootPackages_Client.json
 create mode 100644 System Update/BR_Comp/input/DragonCartLootTierData_Client.json
 create mode 100644 System Update/BR_Comp/input/items_unique_min.json
 create mode 100644 System Update/BR_Comp/output/logs/pipeline_2026-01-22_21-57-37.log
 create mode 100644 System Update/BR_Comp/pipeline.py
 create mode 100644 System Update/BR_Comp/scripts/LootSummary.py
 rename System Update/{BR => shared}/assets/Ammo/T-Ammo-Light-L.png (100%)
 rename System Update/{BR => shared}/assets/Ammo/T-Icon-Ammo-Heavy-32.png (100%)
 rename System Update/{BR => shared}/assets/Ammo/T-Icon-Ammo-Medium-32.png (100%)
 rename System Update/{BR => shared}/assets/Ammo/T-Icon-Cell-32.png (100%)
 rename System Update/{BR => shared}/assets/Ammo/T-Icon-Shell-32.png (100%)
 rename System Update/{BR => shared}/assets/Ammo/T-Icon-Spear-32.png (100%)
 rename System Update/{BR => shared}/assets/Ammo/T-Icon-Special-32.png (100%)
 rename System Update/{BR => shared}/assets/Rarity/Common.png (100%)
 rename "System Update/BR/assets/Rarity/Create/Ch7S1_NewAssault - \343\203\206\343\202\243\343\202\2425.png" => "System Update/shared/assets/Rarity/Create/Ch7S1_NewAssault - \343\203\206\343\202\243\343\202\2425.png" (100%)
 rename "System Update/BR/assets/Rarity/Create/Ch7S1_NewGrenade - \343\203\206\343\202\243\343\202\2425.png" => "System Update/shared/assets/Rarity/Create/Ch7S1_NewGrenade - \343\203\206\343\202\243\343\202\2425.png" (100%)
 rename "System Update/BR/assets/Rarity/Create/Ch7S1_NewJetPack - \343\203\206\343\202\243\343\202\2425.png" => "System Update/shared/assets/Rarity/Create/Ch7S1_NewJetPack - \343\203\206\343\202\243\343\202\2425.png" (100%)
 rename "System Update/BR/assets/Rarity/Create/Ch7S1_NewShotgun - \343\203\206\343\202\243\343\202\2425.png" => "System Update/shared/assets/Rarity/Create/Ch7S1_NewShotgun - \343\203\206\343\202\243\343\202\2425.png" (100%)
 rename "System Update/BR/assets/Rarity/Create/Ch7S1_NewSniper - \343\203\206\343\202\243\343\202\2425.png" => "System Update/shared/assets/Rarity/Create/Ch7S1_NewSniper - \343\203\206\343\202\243\343\202\2425.png" (100%)
 rename "System Update/BR/assets/Rarity/Create/\343\202\242\343\202\265\343\203\253\343\203\210\343\203\251\343\202\244\343\203\225\343\203\253\357\274\210\343\203\255\343\203\274\343\203\206\343\202\243\343\202\242\357\274\211 - \343\203\206\343\202\243\343\202\2425.png" => "System Update/shared/assets/Rarity/Create/\343\202\242\343\202\265\343\203\253\343\203\210\343\203\251\343\202\244\343\203\225\343\203\253\357\274\210\343\203\255\343\203\274\343\203\206\343\202\243\343\202\242\357\274\211 - \343\203\206\343\202\243\343\202\2425.png" (100%)
 rename "System Update/BR/assets/Rarity/Create/\343\202\250\343\203\263\343\203\225\343\202\251\343\203\274\343\202\265\343\203\274 \343\202\242\343\202\265\343\203\253\343\203\210\343\203\251\343\202\244\343\203\225\343\203\253 - \343\203\206\343\202\243\343\202\2425.png" => "System Update/shared/assets/Rarity/Create/\343\202\250\343\203\263\343\203\225\343\202\251\343\203\274\343\202\265\343\203\274 \343\202\242\343\202\265\343\203\253\343\203\210\343\203\251\343\202\244\343\203\225\343\203\253 - \343\203\206\343\202\243\343\202\2425.png" (100%)
 rename "System Update/BR/assets/Rarity/Create/\343\202\265\343\202\244\343\203\254\343\203\263\343\202\265\343\203\274\344\273\230\343\201\215\343\202\242\343\202\265\343\203\253\343\203\210\343\203\251\343\202\244\343\203\225\343\203\253 - \343\203\206\343\202\243\343\202\2425.png" => "System Update/shared/assets/Rarity/Create/\343\202\265\343\202\244\343\203\254\343\203\263\343\202\265\343\203\274\344\273\230\343\201\215\343\202\242\343\202\265\343\203\253\343\203\210\343\203\251\343\202\244\343\203\225\343\203\253 - \343\203\206\343\202\243\343\202\2425.png" (100%)
 rename "System Update/BR/assets/Rarity/Create/\343\202\267\343\203\247\343\203\203\343\202\257\343\202\246\343\202\247\343\203\274\343\203\226\343\203\251\343\203\263\343\203\201\343\203\243\343\203\274 - \343\203\206\343\202\243\343\202\2425.png" => "System Update/shared/assets/Rarity/Create/\343\202\267\343\203\247\343\203\203\343\202\257\343\202\246\343\202\247\343\203\274\343\203\226\343\203\251\343\203\263\343\203\201\343\203\243\343\203\274 - \343\203\206\343\202\243\343\202\2425.png" (100%)
 rename "System Update/BR/assets/Rarity/Create/\343\202\270\343\202\247\343\203\203\343\203\210\343\203\221\343\203\203\343\202\257 - \343\203\206\343\202\243\343\202\2425.png" => "System Update/shared/assets/Rarity/Create/\343\202\270\343\202\247\343\203\203\343\203\210\343\203\221\343\203\203\343\202\257 - \343\203\206\343\202\243\343\202\2425.png" (100%)
 rename "System Update/BR/assets/Rarity/Create/\343\202\277\343\202\257\343\203\206\343\202\243\343\202\253\343\203\253\343\202\267\343\203\247\343\203\203\343\203\210\343\202\254\343\203\263 - \343\203\206\343\202\243\343\202\2425.png" => "System Update/shared/assets/Rarity/Create/\343\202\277\343\202\257\343\203\206\343\202\243\343\202\253\343\203\253\343\202\267\343\203\247\343\203\203\343\203\210\343\202\254\343\203\263 - \343\203\206\343\202\243\343\202\2425.png" (100%)
 rename "System Update/BR/assets/Rarity/Create/\343\202\277\343\202\257\343\203\206\343\202\243\343\202\253\343\203\253\343\203\224\343\202\271\343\203\210\343\203\253 - \343\203\206\343\202\243\343\202\2425.png" => "System Update/shared/assets/Rarity/Create/\343\202\277\343\202\257\343\203\206\343\202\243\343\202\253\343\203\253\343\203\224\343\202\271\343\203\210\343\203\253 - \343\203\206\343\202\243\343\202\2425.png" (100%)
 rename "System Update/BR/assets/Rarity/Create/\343\202\277\343\203\240\343\202\266\343\203\252\343\202\242\343\203\263 \343\203\204\343\202\244\343\203\263\343\203\236\343\202\260 \343\202\265\343\203\226\343\203\236\343\202\267\343\203\263\343\202\254\343\203\263 - \343\203\206\343\202\243\343\202\2427.png" => "System Update/shared/assets/Rarity/Create/\343\202\277\343\203\240\343\202\266\343\203\252\343\202\242\343\203\263 \343\203\204\343\202\244\343\203\263\343\203\236\343\202\260 \343\202\265\343\203\226\343\203\236\343\202\267\343\203\263\343\202\254\343\203\263 - \343\203\206\343\202\243\343\202\2427.png" (100%)
 rename "System Update/BR/assets/Rarity/Create/\343\203\207\343\203\245\343\202\242\343\203\253\343\203\236\343\202\244\343\202\257\343\203\255\343\202\265\343\203\226\343\203\236\343\202\267\343\203\263\343\202\254\343\203\263 - \343\203\206\343\202\243\343\202\2425.png" => "System Update/shared/assets/Rarity/Create/\343\203\207\343\203\245\343\202\242\343\203\253\343\203\236\343\202\244\343\202\257\343\203\255\343\202\265\343\203\226\343\203\236\343\202\267\343\203\263\343\202\254\343\203\263 - \343\203\206\343\202\243\343\202\2425.png" (100%)
 rename "System Update/BR/assets/Rarity/Create/\343\203\211\343\203\251\343\202\264\343\203\263\343\202\262\343\203\203\343\203\227\343\202\267\343\203\247\343\203\203\343\203\210\343\202\254\343\203\263 - \343\203\206\343\202\243\343\202\2427.png" => "System Update/shared/assets/Rarity/Create/\343\203\211\343\203\251\343\202\264\343\203\263\343\202\262\343\203\203\343\203\227\343\202\267\343\203\247\343\203\203\343\203\210\343\202\254\343\203\263 - \343\203\206\343\202\243\343\202\2427.png" (100%)
 rename "System Update/BR/assets/Rarity/Create/\343\203\217\343\203\234\343\203\203\343\202\257\343\202\265\343\202\244\343\203\254\343\203\263\343\202\265\343\203\274\344\273\230\343\201\215\343\202\242\343\202\265\343\203\253\343\203\210\343\203\251\343\202\244\343\203\225\343\203\253 - \343\203\206\343\202\243\343\202\2425.png" => "System Update/shared/assets/Rarity/Create/\343\203\217\343\203\234\343\203\203\343\202\257\343\202\265\343\202\244\343\203\254\343\203\263\343\202\265\343\203\274\344\273\230\343\201\215\343\202\242\343\202\265\343\203\253\343\203\210\343\203\251\343\202\244\343\203\225\343\203\253 - \343\203\206\343\202\243\343\202\2425.png" (100%)
 rename "System Update/BR/assets/Rarity/Create/\343\203\217\343\203\263\343\203\210\343\203\254\343\202\271DMR - \343\203\206\343\202\243\343\202\2425.png" => "System Update/shared/assets/Rarity/Create/\343\203\217\343\203\263\343\203\210\343\203\254\343\202\271DMR - \343\203\206\343\202\243\343\202\2425.png" (100%)
 rename "System Update/BR/assets/Rarity/Create/\343\203\217\343\203\263\343\203\236\343\203\274\343\203\235\343\203\263\343\203\227\343\202\267\343\203\247\343\203\203\343\203\210\343\202\254\343\203\263 - \343\203\206\343\202\243\343\202\2425.png" => "System Update/shared/assets/Rarity/Create/\343\203\217\343\203\263\343\203\236\343\203\274\343\203\235\343\203\263\343\203\227\343\202\267\343\203\247\343\203\203\343\203\210\343\202\254\343\203\263 - \343\203\206\343\202\243\343\202\2425.png" (100%)
 rename "System Update/BR/assets/Rarity/Create/\343\203\223\343\203\203\343\202\260\343\201\252\343\202\242\343\202\265\343\203\253\343\203\210\343\203\251\343\202\244\343\203\225\343\203\253 - \343\203\206\343\202\243\343\202\2427.png" => "System Update/shared/assets/Rarity/Create/\343\203\223\343\203\203\343\202\260\343\201\252\343\202\242\343\202\265\343\203\253\343\203\210\343\203\251\343\202\244\343\203\225\343\203\253 - \343\203\206\343\202\243\343\202\2427.png" (100%)
 rename "System Update/BR/assets/Rarity/Create/\343\203\226\343\202\256\343\203\274\343\203\234\343\203\240 - \343\203\206\343\202\243\343\202\2422.png" => "System Update/shared/assets/Rarity/Create/\343\203\226\343\202\256\343\203\274\343\203\234\343\203\240 - \343\203\206\343\202\243\343\202\2422.png" (100%)
 rename "System Update/BR/assets/Rarity/Create/\343\203\230\343\203\223\343\203\274\343\202\244\343\203\263\343\203\221\343\202\257\343\203\210\343\202\271\343\203\212\343\202\244\343\203\221\343\203\274\343\203\251\343\202\244\343\203\225\343\203\253 - \343\203\206\343\202\243\343\202\2425.png" => "System Update/shared/assets/Rarity/Create/\343\203\230\343\203\223\343\203\274\343\202\244\343\203\263\343\203\221\343\202\257\343\203\210\343\202\271\343\203\212\343\202\244\343\203\221\343\203\274\343\203\251\343\202\244\343\203\225\343\203\253 - \343\203\206\343\202\243\343\202\2425.png" (100%)
 rename "System Update/BR/assets/Rarity/Create/\343\203\235\343\203\263\343\203\227&\343\203\200\343\203\263\343\203\227 - \343\203\206\343\202\243\343\202\2425.png" => "System Update/shared/assets/Rarity/Create/\343\203\235\343\203\263\343\203\227&\343\203\200\343\203\263\343\203\227 - \343\203\206\343\202\243\343\202\2425.png" (100%)
 rename "System Update/BR/assets/Rarity/Create/\343\203\236\343\203\263\343\203\242\343\202\271\343\203\224\343\202\271\343\203\210\343\203\253 - \343\203\206\343\202\243\343\202\2425.png" => "System Update/shared/assets/Rarity/Create/\343\203\236\343\203\263\343\203\242\343\202\271\343\203\224\343\202\271\343\203\210\343\203\253 - \343\203\206\343\202\243\343\202\2425.png" (100%)
 rename "System Update/BR/assets/Rarity/Create/\343\203\252\343\203\274\343\203\221\343\203\274\343\202\271\343\203\212\343\202\244\343\203\221\343\203\274\343\203\251\343\202\244\343\203\225\343\203\253 - \343\203\206\343\202\243\343\202\2425.png" => "System Update/shared/assets/Rarity/Create/\343\203\252\343\203\274\343\203\221\343\203\274\343\202\271\343\203\212\343\202\244\343\203\221\343\203\274\343\203\251\343\202\244\343\203\225\343\203\253 - \343\203\206\343\202\243\343\202\2425.png" (100%)
 rename "System Update/BR/assets/Rarity/Create/\343\203\254\343\203\203\343\203\211\343\202\242\343\202\244 \343\202\253\343\203\251\343\203\263\343\203\220 \343\202\242\343\202\265\343\203\253\343\203\210\343\203\251\343\202\244\343\203\225\343\203\253 - \343\203\206\343\202\243\343\202\2427.png" => "System Update/shared/assets/Rarity/Create/\343\203\254\343\203\203\343\203\211\343\202\242\343\202\244 \343\202\253\343\203\251\343\203\263\343\203\220 \343\202\242\343\202\265\343\203\253\343\203\210\343\203\251\343\202\244\343\203\225\343\203\253 - \343\203\206\343\202\243\343\202\2427.png" (100%)
 rename "System Update/BR/assets/Rarity/Create/\343\203\254\343\203\203\343\203\211\343\202\242\343\202\244\343\203\273\343\202\265\343\203\226\343\203\236\343\202\267\343\203\263\343\202\254\343\203\263 - \343\203\206\343\202\243\343\202\2425.png" => "System Update/shared/assets/Rarity/Create/\343\203\254\343\203\203\343\203\211\343\202\242\343\202\244\343\203\273\343\202\265\343\203\226\343\203\236\343\202\267\343\203\263\343\202\254\343\203\263 - \343\203\206\343\202\243\343\202\2425.png" (100%)
 rename System Update/{BR => shared}/assets/Rarity/Epic.png (100%)
 rename System Update/{BR => shared}/assets/Rarity/Exotic.png (100%)
 rename System Update/{BR => shared}/assets/Rarity/Legend.png (100%)
 rename System Update/{BR => shared}/assets/Rarity/Mythic.png (100%)
 rename System Update/{BR => shared}/assets/Rarity/Rare.png (100%)
 rename System Update/{BR => shared}/assets/Rarity/Uncommon.png (100%)
 rename System Update/{BR => shared}/assets/Template.png (100%)
 rename System Update/{BR => shared}/assets/icon/Epic.png (100%)
 rename System Update/{BR => shared}/assets/icon/Exotic.png (100%)
 rename System Update/{BR => shared}/assets/icon/Legend.png (100%)
 rename System Update/{BR => shared}/assets/icon/Mythic.png (100%)
 rename System Update/{BR => shared}/assets/icon/Rare.png (100%)
 rename System Update/{BR => shared}/assets/icon/Uncommon.png (100%)
 rename System Update/{BR => shared}/assets/icon/common.png (100%)
2026-01-22 21:57:41 | WARNING | git push stderr: To https://github.com/Greenfox0833/New-Loot.git
   3efec59..e9219c0  main -> main
2026-01-22 21:57:41 | INFO | ✓ GitHub Push 完了
2026-01-22 21:57:41 | INFO | ===== BR_Comp: pipeline end =====
