2026-06-06 11:00:22 | INFO | log file (BR_Comp): E:\フォートナイト\Picture\Loot Pool\TEST4\New Loot\System Update\BR_Comp\output\logs\pipeline_2026-06-06_11-00-22.log
2026-06-06 11:00:22 | INFO | ===== BR_Comp: pipeline start =====
2026-06-06 11:00:22 | INFO | paths: lt=E:\フォートナイト\Picture\Loot Pool\TEST4\New Loot\System Update\BR_Comp\input\AthenaLootTierData_Client__final.json lp=E:\フォートナイト\Picture\Loot Pool\TEST4\New Loot\System Update\BR_Comp\input\AthenaLootPackages_Client__final.json minlist=E:\フォートナイト\Picture\Loot Pool\TEST4\New Loot\System Update\BR_Comp\input\items_unique_min.json
2026-06-06 11:00:22 | INFO | output: summary=E:\フォートナイト\Picture\Loot Pool\TEST4\New Loot\System Update\BR_Comp\output\summary lootdata=E:\フォートナイト\Picture\Loot Pool\TEST4\New Loot\System Update\戦利品データ\BR_Comp
2026-06-06 11:00:22 | INFO | flags: hotfix=True prewarm=True image=True workers=8
2026-06-06 11:00:22 | INFO | hotfix start: E:\フォートナイト\Picture\Loot Pool\TEST4\New Loot\System Update\LootPackage.py
2026-06-06 11:00:22 | INFO | hotfix lp stdout: [STEP1-1] base e:\Fmodel\Exports\FortniteGame\Content\Items\DataTables\AthenaLootPackages_Client.json
[HOTFIX:SEASON1] target=/Game/Items/DataTables/AthenaLootPackages_Client
[HOTFIX:SEASON1] Addrow(TableUpdate) なし -> スキップ
[HOTFIX:SEASON1] done: applied=0, deleted=0, skipped=0
[STEP1-2] merge e:\Fmodel\Exports\FortniteGame\Plugins\GameFeatures\OrangeRemoteLoot\Content\DataTables\OrangeRemoteLootPackages_Client.json : replaced=134, added=636
[HOTFIX:SEASON2] target=/OrangeRemoteLoot/DataTables/OrangeRemoteLootPackages_Client
[HOTFIX:SEASON2] Addrow(TableUpdate) なし -> スキップ
[HOTFIX:SEASON2] done: applied=0, deleted=0, skipped=0
[STEP1-3] merge E:\Fmodel\Exports\FortniteGame\Plugins\GameFeatures\OrangeRemoteLoot\Content\DataTables\Comp\OrangeRemoteLootPackages_Client_Comp.json : replaced=80, added=5
[HOTFIX:SEASON3] target=/OrangeRemoteLoot/DataTables/Comp/OrangeRemoteLootPackages_Client_Comp
[HOTFIX:SEASON3] Addrow(TableUpdate) なし -> スキップ
[HOTFIX:SEASON3] done: applied=0, deleted=0, skipped=0
[STEP1-4] merge E:\Fmodel\Exports\FortniteGame\Plugins\GameFeatures\OrangeRemoteLoot\Content\DataTables\Comp\OrangeRemoteLootPackages_Client_Comp_Backup.json : replaced=0, added=1
[HOTFIX:SEASON4] target=/OrangeRemoteLoot/DataTables/Comp/OrangeRemoteLootPackages_Client_Comp_Backup
[HOTFIX:SEASON4] Addrow(TableUpdate) なし -> スキップ
[HOTFIX:SEASON4] done: applied=0, deleted=0, skipped=0
[WRITE] final -> E:\フォートナイト\Picture\Loot Pool\TEST4\New Loot\System Update\BR_Comp\input\AthenaLootPackages_Client__final.json
[WRITE] per-input -> E:\フォートナイト\Picture\Loot Pool\TEST4\New Loot\System Update\BR_Comp\input\OrangeRemoteLootPackages_Client__final.json
[WRITE] per-input -> E:\フォートナイト\Picture\Loot Pool\TEST4\New Loot\System Update\BR_Comp\input\OrangeRemoteLootPackages_Client_Comp__final.json
[WRITE] per-input -> E:\フォートナイト\Picture\Loot Pool\TEST4\New Loot\System Update\BR_Comp\input\OrangeRemoteLootPackages_Client_Comp_Backup__final.json
2026-06-06 11:00:22 | INFO | hotfix start: E:\フォートナイト\Picture\Loot Pool\TEST4\New Loot\System Update\LootTier.py
2026-06-06 11:00:23 | INFO | hotfix lt stdout: [STEP1-1] base e:\Fmodel\Exports\FortniteGame\Content\Items\DataTables\AthenaLootTierData_Client.json
[HOTFIX:SEASON1] target=/Game/Items/DataTables/AthenaLootTierData_Client
[HOTFIX:SEASON1] done: applied=0, deleted=0, skipped=0
[STEP1-2] merge e:\Fmodel\Exports\FortniteGame\Plugins\GameFeatures\OrangeRemoteLoot\Content\DataTables\OrangeRemoteLootTierData_Client.json : replaced=0, added=101
[HOTFIX:SEASON2] target=/OrangeRemoteLoot/DataTables/OrangeRemoteLootTierData_Client
[HOTFIX:SEASON2] done: applied=0, deleted=0, skipped=0
[STEP1-3] merge E:\Fmodel\Exports\FortniteGame\Plugins\GameFeatures\OrangeRemoteLoot\Content\DataTables\Comp\OrangeRemoteLootTierData_Client_Comp.json : replaced=0, added=5
[HOTFIX:SEASON3] target=/OrangeRemoteLoot/DataTables/Comp/OrangeRemoteLootTierData_Client_Comp
[HOTFIX:SEASON3] done: applied=0, deleted=0, skipped=0
[STEP1-4] merge E:\Fmodel\Exports\FortniteGame\Plugins\GameFeatures\OrangeRemoteLoot\Content\DataTables\Comp\OrangeRemoteLootTierData_Client_Comp_Backup.json : replaced=1, added=0
[HOTFIX:SEASON4] target=/OrangeRemoteLoot/DataTables/Comp/OrangeRemoteLootTierData_Client_Comp_Backup
[HOTFIX:SEASON4] done: applied=0, deleted=0, skipped=0
[WRITE] final -> E:\フォートナイト\Picture\Loot Pool\TEST4\New Loot\System Update\BR_Comp\input\AthenaLootTierData_Client__final.json
[WRITE] per-input -> E:\フォートナイト\Picture\Loot Pool\TEST4\New Loot\System Update\BR_Comp\input\OrangeRemoteLootTierData_Client__final.json
[WRITE] per-input -> E:\フォートナイト\Picture\Loot Pool\TEST4\New Loot\System Update\BR_Comp\input\OrangeRemoteLootTierData_Client_Comp__final.json
[WRITE] per-input -> E:\フォートナイト\Picture\Loot Pool\TEST4\New Loot\System Update\BR_Comp\input\OrangeRemoteLootTierData_Client_Comp_Backup__final.json
2026-06-06 11:00:23 | INFO | ✓ Hotfix 適用完了 (1.06s)
2026-06-06 11:00:23 | INFO | load lt: E:\フォートナイト\Picture\Loot Pool\TEST4\New Loot\System Update\BR_Comp\input\AthenaLootTierData_Client__final.json
2026-06-06 11:00:23 | INFO | load lp: E:\フォートナイト\Picture\Loot Pool\TEST4\New Loot\System Update\BR_Comp\input\AthenaLootPackages_Client__final.json
2026-06-06 11:00:23 | INFO | load done (0.01s)
2026-06-06 11:00:23 | INFO | build summary start
2026-06-06 11:00:23 | INFO | build summary done (0.02s)
2026-06-06 11:00:23 | INFO | enrich summary with names start
2026-06-06 11:00:23 | INFO | enrich summary done (0.00s)
2026-06-06 11:00:23 | INFO | ✅ まとめJSONを作成: E:\フォートナイト\Picture\Loot Pool\TEST4\New Loot\System Update\BR_Comp\output\summary\v39.30_2026-06-06_11-00.json
2026-06-06 11:00:23 | INFO | build item metadata start
2026-06-06 11:00:23 | INFO | ✅ アイテム名・説明・タグJSONを更新: E:\フォートナイト\Picture\Loot Pool\TEST4\New Loot\System Update\shared\cache\item_metadata.json (0.16s)
2026-06-06 11:00:23 | INFO | build BR_LootData start
2026-06-06 11:00:23 | INFO | build BR_LootData done (0.00s)
2026-06-06 11:00:23 | INFO | ✅ BR_LootData を作成: E:\フォートナイト\Picture\Loot Pool\TEST4\New Loot\System Update\戦利品データ\BR_Comp\BR_Comp_LootData_2026-06-06_11-00.json
2026-06-06 11:00:23 | INFO | ✅ Web LootPool を更新: E:\フォートナイト\Web\assets\data\Loot\BR_Comp_LootPool.json
2026-06-06 11:00:23 | INFO | LootSummary start: E:\フォートナイト\Picture\Loot Pool\TEST4\New Loot\System Update\BR_Comp\scripts\LootSummary.py
2026-06-06 11:00:24 | INFO | LootSummary stdout: 🔎 抽出用: 最新ファイル = E:\フォートナイト\Picture\Loot Pool\TEST4\New Loot\System Update\BR_Comp\output\summary\v39.30_2026-06-06_11-00.json
✅ 抽出件数: 95
💾 保存: E:\フォートナイト\Picture\Loot Pool\TEST4\New Loot\System Update\BR_Comp\input\items_unique_min.json
🔎 比較用: base   = E:\フォートナイト\Picture\Loot Pool\TEST4\New Loot\System Update\BR_Comp\output\summary\v39.30_2026-05-30_04-36.json
🔎 比較用: target = E:\フォートナイト\Picture\Loot Pool\TEST4\New Loot\System Update\BR_Comp\output\summary\v39.30_2026-06-06_11-00.json
✅ 差分作成 完了
  追加   : 61 / 削除 : 56 / 変更 : 0 / 変化なし : 34
💾 差分: E:\フォートナイト\Picture\Loot Pool\TEST4\New Loot\System Update\BR_Comp\output\history\BR_20260606_1100\items_unique_min_diff.json
2026-06-06 11:00:24 | WARNING | LootSummary stderr: E:\フォートナイト\Picture\Loot Pool\TEST4\New Loot\System Update\BR_Comp\scripts\LootSummary.py:2: SyntaxWarning: invalid escape sequence '\B'
  """
2026-06-06 11:00:24 | INFO | ✅ LootSummary 実行完了（抽出→比較） (0.63s)
2026-06-06 11:00:24 | INFO | prewarm start
2026-06-06 11:00:25 | INFO | ✅ アイコンキャッシュ プリウォーム完了 (1.30s)
2026-06-06 11:00:25 | INFO | 画像化タスク数: 95
2026-06-06 11:00:25 | INFO | 画像生成 進捗: 1/95
2026-06-06 11:00:26 | INFO | 画像生成 進捗: 50/95
2026-06-06 11:00:27 | INFO | 画像生成 進捗: 95/95
2026-06-06 11:00:27 | INFO | ✅ 画像生成 完了（MinListベース）
2026-06-06 11:00:28 | INFO | ✅ Loot diff を作成: E:\フォートナイト\Web\assets\data\Loot\diff\BR_Comp_2026-06-06_11-00-27.json (added=87 removed=88 change=28)
2026-06-06 11:00:28 | INFO | ✅ AddedItems 画像を保存: E:\フォートナイト\Picture\Loot Pool\TEST4\New Loot\System Update\shared\images\BR_Comp\AddedItems\2026-06-06_11-00-28 (copied=87 missing=0)
2026-06-06 11:00:28 | INFO | git add: E:\フォートナイト\Picture\Loot Pool\TEST4\New Loot
2026-06-06 11:00:42 | INFO | git commit stdout: [main e34872e] BR_Comp update 2026-06-06 11:00:37
 157 files changed, 279259 insertions(+), 80132 deletions(-)
 create mode 100644 System Update/BR_Comp/input/OrangeRemoteLootPackages_Client_Comp_Backup__final.json
 create mode 100644 System Update/BR_Comp/input/OrangeRemoteLootPackages_Client_Comp__final.json
 create mode 100644 System Update/BR_Comp/input/OrangeRemoteLootPackages_Client__final.json
 create mode 100644 System Update/BR_Comp/input/OrangeRemoteLootTierData_Client_Comp_Backup__final.json
 create mode 100644 System Update/BR_Comp/input/OrangeRemoteLootTierData_Client_Comp__final.json
 create mode 100644 System Update/BR_Comp/input/OrangeRemoteLootTierData_Client__final.json
 create mode 100644 System Update/BR_Comp/output/history/BR_20260606_1100/items_unique_min_diff.json
 create mode 100644 System Update/BR_Comp/output/logs/pipeline_2026-06-06_11-00-22.log
 create mode 100644 System Update/BR_Comp/output/summary/v39.30_2026-06-06_11-00.json
 create mode 100644 "System Update/shared/images/BR_Comp/9mm \343\203\220\343\203\220\343\203\244\343\202\254 - \343\203\206\343\202\243\343\202\2427.png"
 create mode 100644 "System Update/shared/images/BR_Comp/AddedItems/2026-06-06_11-00-28/\343\203\206\343\202\243\343\202\2421 - \343\202\250\343\202\257\343\202\271\343\203\206\343\203\263\343\203\211 \343\203\225\343\202\251\343\203\274\343\202\253\343\202\271\343\202\267\343\203\247\343\203\203\343\203\210\343\202\254\343\203\263.png"
 create mode 100644 "System Update/shared/images/BR_Comp/AddedItems/2026-06-06_11-00-28/\343\203\206\343\202\243\343\202\2421 - \343\202\253\343\202\252\343\202\271 \343\202\250\343\202\257\343\202\271\343\203\227\343\203\255\343\203\274\343\203\200\343\203\274\343\203\251\343\202\244\343\203\225\343\203\253.png"
 create mode 100644 "System Update/shared/images/BR_Comp/AddedItems/2026-06-06_11-00-28/\343\203\206\343\202\243\343\202\2421 - \343\202\264\343\203\274\343\203\253\343\203\211.png"
 create mode 100644 "System Update/shared/images/BR_Comp/AddedItems/2026-06-06_11-00-28/\343\203\206\343\202\243\343\202\2421 - \343\202\265\343\203\274\343\202\270\343\202\253\343\203\253 \343\203\220\343\203\274\343\202\271\343\203\210\343\203\251\343\202\244\343\203\225\343\203\253.png"
 create mode 100644 "System Update/shared/images/BR_Comp/AddedItems/2026-06-06_11-00-28/\343\203\206\343\202\243\343\202\2421 - \343\202\271\343\203\206\343\202\243\343\203\263\343\202\254\343\203\274\343\202\265\343\203\226\343\203\236\343\202\267\343\203\263\343\202\254\343\203\263.png"
 create mode 100644 "System Update/shared/images/BR_Comp/AddedItems/2026-06-06_11-00-28/\343\203\206\343\202\243\343\202\2421 - \343\202\271\343\203\210\343\203\251\343\202\244\343\202\253\343\203\274\343\203\235\343\203\263\343\203\227\343\202\267\343\203\247\343\203\203\343\203\210\343\202\254\343\203\263.png"
 create mode 100644 "System Update/shared/images/BR_Comp/AddedItems/2026-06-06_11-00-28/\343\203\206\343\202\243\343\202\2421 - \343\202\271\343\203\242\343\203\274\343\203\253\343\203\225\343\202\243\343\203\203\343\202\267\343\203\245.png"
 create mode 100644 "System Update/shared/images/BR_Comp/AddedItems/2026-06-06_11-00-28/\343\203\206\343\202\243\343\202\2421 - \343\202\271\343\203\251\343\203\274\343\203\227\343\202\255\343\203\216\343\202\263.png"
 create mode 100644 "System Update/shared/images/BR_Comp/AddedItems/2026-06-06_11-00-28/\343\203\206\343\202\243\343\202\2421 - \343\203\225\343\203\254\343\203\203\343\202\257\343\202\271 \343\202\265\343\203\226\343\203\236\343\202\267\343\203\263\343\202\254\343\203\263.png"
 create mode 100644 "System Update/shared/images/BR_Comp/AddedItems/2026-06-06_11-00-28/\343\203\206\343\202\243\343\202\2421 - \343\203\241\343\202\244\343\203\264\343\202\241\343\203\263 \343\202\252\343\203\274\343\203\210\343\202\267\343\203\247\343\203\203\343\203\210\343\202\254\343\203\263.png"
 create mode 100644 "System Update/shared/images/BR_Comp/AddedItems/2026-06-06_11-00-28/\343\203\206\343\202\243\343\202\2421 - \343\203\252\343\203\263\343\202\264.png"
 create mode 100644 "System Update/shared/images/BR_Comp/AddedItems/2026-06-06_11-00-28/\343\203\206\343\202\243\343\202\2421 - \343\203\254\343\203\263\343\202\270\343\203\243\343\203\274\343\203\224\343\202\271\343\203\210\343\203\253.png"
 create mode 100644 "System Update/shared/images/BR_Comp/AddedItems/2026-06-06_11-00-28/\343\203\206\343\202\243\343\202\2421 - \345\214\205\345\270\257.png"
 create mode 100644 "System Update/shared/images/BR_Comp/AddedItems/2026-06-06_11-00-28/\343\203\206\343\202\243\343\202\2421 - \345\274\276\350\226\254_ \343\203\255\343\202\261\343\203\203\343\203\210\345\274\276.png"
 create mode 100644 "System Update/shared/images/BR_Comp/AddedItems/2026-06-06_11-00-28/\343\203\206\343\202\243\343\202\2421 - \345\274\276\350\226\254_ \344\270\255\345\217\243\345\276\204\345\274\276.png"
 create mode 100644 "System Update/shared/images/BR_Comp/AddedItems/2026-06-06_11-00-28/\343\203\206\343\202\243\343\202\2421 - \345\274\276\350\226\254_ \345\244\247\345\217\243\345\276\204\345\274\276.png"
 create mode 100644 "System Update/shared/images/BR_Comp/AddedItems/2026-06-06_11-00-28/\343\203\206\343\202\243\343\202\2421 - \345\274\276\350\226\254_ \345\260\217\345\217\243\345\276\204\345\274\276.png"
 create mode 100644 "System Update/shared/images/BR_Comp/AddedItems/2026-06-06_11-00-28/\343\203\206\343\202\243\343\202\2421 - \345\274\276\350\226\254_ \346\225\243\345\274\276.png"
 create mode 100644 "System Update/shared/images/BR_Comp/AddedItems/2026-06-06_11-00-28/\343\203\206\343\202\243\343\202\2421 - \346\234\250\346\235\220.png"
 create mode 100644 "System Update/shared/images/BR_Comp/AddedItems/2026-06-06_11-00-28/\343\203\206\343\202\243\343\202\2421 - \347\237\263\346\235\220.png"
 create mode 100644 "System Update/shared/images/BR_Comp/AddedItems/2026-06-06_11-00-28/\343\203\206\343\202\243\343\202\2421 - \351\207\221\345\261\236.png"
 create mode 100644 "System Update/shared/images/BR_Comp/AddedItems/2026-06-06_11-00-28/\343\203\206\343\202\243\343\202\2422 - \343\202\250\343\202\257\343\202\271\343\203\206\343\203\263\343\203\211 \343\203\225\343\202\251\343\203\274\343\202\253\343\202\271\343\202\267\343\203\247\343\203\203\343\203\210\343\202\254\343\203\263.png"
 create mode 100644 "System Update/shared/images/BR_Comp/AddedItems/2026-06-06_11-00-28/\343\203\206\343\202\243\343\202\2422 - \343\202\253\343\202\252\343\202\271 \343\202\250\343\202\257\343\202\271\343\203\227\343\203\255\343\203\274\343\203\200\343\203\274\343\203\251\343\202\244\343\203\225\343\203\253.png"
 create mode 100644 "System Update/shared/images/BR_Comp/AddedItems/2026-06-06_11-00-28/\343\203\206\343\202\243\343\202\2422 - \343\202\253\343\202\252\343\202\271\343\203\252\343\203\255\343\203\274\343\203\200\343\203\274\343\202\267\343\203\247\343\203\203\343\203\210\343\202\254\343\203\263.png"
 create mode 100644 "System Update/shared/images/BR_Comp/AddedItems/2026-06-06_11-00-28/\343\203\206\343\202\243\343\202\2422 - \343\202\254\343\202\272\343\203\253\343\202\270\343\203\245\343\203\274\343\202\271.png"
 create mode 100644 "System Update/shared/images/BR_Comp/AddedItems/2026-06-06_11-00-28/\343\203\206\343\202\243\343\202\2422 - \343\202\265\343\203\274\343\202\270\343\202\253\343\203\253 \343\203\220\343\203\274\343\202\271\343\203\210\343\203\251\343\202\244\343\203\225\343\203\253.png"
 create mode 100644 "System Update/shared/images/BR_Comp/AddedItems/2026-06-06_11-00-28/\343\203\206\343\202\243\343\202\2422 - \343\202\271\343\203\206\343\202\243\343\203\263\343\202\254\343\203\274\343\202\265\343\203\226\343\203\236\343\202\267\343\203\263\343\202\254\343\203\263.png"
 create mode 100644 "System Update/shared/images/BR_Comp/AddedItems/2026-06-06_11-00-28/\343\203\206\343\202\243\343\202\2422 - \343\202\271\343\203\210\343\203\251\343\202\244\343\202\253\343\203\274\343\203\235\343\203\263\343\203\227\343\202\267\343\203\247\343\203\203\343\203\210\343\202\254\343\203\263.png"
 create mode 100644 "System Update/shared/images/BR_Comp/AddedItems/2026-06-06_11-00-28/\343\203\206\343\202\243\343\202\2422 - \343\203\217\343\203\263\343\203\206\343\202\243\343\203\263\343\202\260\343\203\251\343\202\244\343\203\225\343\203\253.png"
 create mode 100644 "System Update/shared/images/BR_Comp/AddedItems/2026-06-06_11-00-28/\343\203\206\343\202\243\343\202\2422 - \343\203\225\343\203\254\343\203\203\343\202\257\343\202\271 \343\202\265\343\203\226\343\203\236\343\202\267\343\203\263\343\202\254\343\203\263.png"
 create mode 100644 "System Update/shared/images/BR_Comp/AddedItems/2026-06-06_11-00-28/\343\203\206\343\202\243\343\202\2422 - \343\203\225\343\203\255\343\203\203\343\203\221\343\203\274.png"
 create mode 100644 "System Update/shared/images/BR_Comp/AddedItems/2026-06-06_11-00-28/\343\203\206\343\202\243\343\202\2422 - \343\203\237\343\203\213\343\202\267\343\203\274\343\203\253\343\203\211\343\203\235\343\203\274\343\202\267\343\203\247\343\203\263.png"
 create mode 100644 "System Update/shared/images/BR_Comp/AddedItems/2026-06-06_11-00-28/\343\203\206\343\202\243\343\202\2422 - \343\203\241\343\202\244\343\203\264\343\202\241\343\203\263 \343\202\252\343\203\274\343\203\210\343\202\267\343\203\247\343\203\203\343\203\210\343\202\254\343\203\263.png"
 create mode 100644 "System Update/shared/images/BR_Comp/AddedItems/2026-06-06_11-00-28/\343\203\206\343\202\243\343\202\2422 - \343\203\254\343\203\263\343\202\270\343\203\243\343\203\274\343\203\224\343\202\271\343\203\210\343\203\253.png"
 create mode 100644 "System Update/shared/images/BR_Comp/AddedItems/2026-06-06_11-00-28/\343\203\206\343\202\243\343\202\2422 - \345\214\273\347\231\202\343\202\255\343\203\203\343\203\210.png"
 create mode 100644 "System Update/shared/images/BR_Comp/AddedItems/2026-06-06_11-00-28/\343\203\206\343\202\243\343\202\2423 - \343\202\250\343\202\257\343\202\271\343\203\206\343\203\263\343\203\211 \343\203\225\343\202\251\343\203\274\343\202\253\343\202\271\343\202\267\343\203\247\343\203\203\343\203\210\343\202\254\343\203\263.png"
 create mode 100644 "System Update/shared/images/BR_Comp/AddedItems/2026-06-06_11-00-28/\343\203\206\343\202\243\343\202\2423 - \343\202\252\343\203\274\343\203\220\343\203\274\343\203\211\343\203\251\343\202\244\343\203\226 \343\202\260\343\203\254\343\203\215\343\203\274\343\203\211.png"
 create mode 100644 "System Update/shared/images/BR_Comp/AddedItems/2026-06-06_11-00-28/\343\203\206\343\202\243\343\202\2423 - \343\202\253\343\202\252\343\202\271 \343\202\250\343\202\257\343\202\271\343\203\227\343\203\255\343\203\274\343\203\200\343\203\274\343\203\251\343\202\244\343\203\225\343\203\253.png"
 create mode 100644 "System Update/shared/images/BR_Comp/AddedItems/2026-06-06_11-00-28/\343\203\206\343\202\243\343\202\2423 - \343\202\253\343\202\252\343\202\271\343\203\252\343\203\255\343\203\274\343\203\200\343\203\274\343\202\267\343\203\247\343\203\203\343\203\210\343\202\254\343\203\263.png"
 create mode 100644 "System Update/shared/images/BR_Comp/AddedItems/2026-06-06_11-00-28/\343\203\206\343\202\243\343\202\2423 - \343\202\265\343\203\274\343\202\270\343\202\253\343\203\253 \343\203\220\343\203\274\343\202\271\343\203\210\343\203\251\343\202\244\343\203\225\343\203\253.png"
 create mode 100644 "System Update/shared/images/BR_Comp/AddedItems/2026-06-06_11-00-28/\343\203\206\343\202\243\343\202\2423 - \343\202\267\343\203\274\343\203\253\343\203\211\343\203\225\343\202\243\343\203\203\343\202\267\343\203\245.png"
 create mode 100644 "System Update/shared/images/BR_Comp/AddedItems/2026-06-06_11-00-28/\343\203\206\343\202\243\343\202\2423 - \343\202\267\343\203\274\343\203\253\343\203\211\343\203\226\343\203\254\343\202\244\343\202\253\343\203\274EMP.png"
 create mode 100644 "System Update/shared/images/BR_Comp/AddedItems/2026-06-06_11-00-28/\343\203\206\343\202\243\343\202\2423 - \343\202\267\343\203\274\343\203\253\343\203\211\343\203\235\343\203\274\343\202\267\343\203\247\343\203\263.png"
 create mode 100644 "System Update/shared/images/BR_Comp/AddedItems/2026-06-06_11-00-28/\343\203\206\343\202\243\343\202\2423 - \343\202\270\343\202\247\343\203\252\343\203\274\343\203\225\343\202\243\343\203\203\343\202\267\343\203\245.png"
 create mode 100644 "System Update/shared/images/BR_Comp/AddedItems/2026-06-06_11-00-28/\343\203\206\343\202\243\343\202\2423 - \343\202\271\343\203\206\343\202\243\343\203\263\343\202\254\343\203\274\343\202\265\343\203\226\343\203\236\343\202\267\343\203\263\343\202\254\343\203\263.png"
 create mode 100644 "System Update/shared/images/BR_Comp/AddedItems/2026-06-06_11-00-28/\343\203\206\343\202\243\343\202\2423 - \343\202\271\343\203\210\343\203\251\343\202\244\343\202\253\343\203\274\343\203\235\343\203\263\343\203\227\343\202\267\343\203\247\343\203\203\343\203\210\343\202\254\343\203\263.png"
 create mode 100644 "System Update/shared/images/BR_Comp/AddedItems/2026-06-06_11-00-28/\343\203\206\343\202\243\343\202\2423 - \343\202\271\343\203\221\343\202\244\343\202\267\343\203\274\343\203\225\343\202\243\343\203\203\343\202\267\343\203\245.png"
 create mode 100644 "System Update/shared/images/BR_Comp/AddedItems/2026-06-06_11-00-28/\343\203\206\343\202\243\343\202\2423 - \343\203\217\343\203\263\343\203\206\343\202\243\343\203\263\343\202\260\343\203\251\343\202\244\343\203\225\343\203\253.png"
 create mode 100644 "System Update/shared/images/BR_Comp/AddedItems/2026-06-06_11-00-28/\343\203\206\343\202\243\343\202\2423 - \343\203\225\343\203\254\343\203\203\343\202\257\343\202\271 \343\202\265\343\203\226\343\203\236\343\202\267\343\203\263\343\202\254\343\203\263.png"
 create mode 100644 "System Update/shared/images/BR_Comp/AddedItems/2026-06-06_11-00-28/\343\203\206\343\202\243\343\202\2423 - \343\203\241\343\202\244\343\203\264\343\202\241\343\203\263 \343\202\252\343\203\274\343\203\210\343\202\267\343\203\247\343\203\203\343\203\210\343\202\254\343\203\263.png"
 create mode 100644 "System Update/shared/images/BR_Comp/AddedItems/2026-06-06_11-00-28/\343\203\206\343\202\243\343\202\2423 - \343\203\251\343\203\263\343\202\271\343\203\230\343\203\203\343\203\211 \343\203\224\343\202\271\343\203\210\343\203\253.png"
 create mode 100644 "System Update/shared/images/BR_Comp/AddedItems/2026-06-06_11-00-28/\343\203\206\343\202\243\343\202\2423 - \343\203\254\343\203\263\343\202\270\343\203\243\343\203\274\343\203\224\343\202\271\343\203\210\343\203\253.png"
 create mode 100644 "System Update/shared/images/BR_Comp/AddedItems/2026-06-06_11-00-28/\343\203\206\343\202\243\343\202\2423 - \344\277\235\347\256\241\345\272\253\343\201\256\343\202\253\343\202\256.png"
 create mode 100644 "System Update/shared/images/BR_Comp/AddedItems/2026-06-06_11-00-28/\343\203\206\343\202\243\343\202\2424 - \343\202\250\343\202\257\343\202\271\343\203\206\343\203\263\343\203\211 \343\203\225\343\202\251\343\203\274\343\202\253\343\202\271\343\202\267\343\203\247\343\203\203\343\203\210\343\202\254\343\203\263.png"
 create mode 100644 "System Update/shared/images/BR_Comp/AddedItems/2026-06-06_11-00-28/\343\203\206\343\202\243\343\202\2424 - \343\202\253\343\202\252\343\202\271 \343\202\250\343\202\257\343\202\271\343\203\227\343\203\255\343\203\274\343\203\200\343\203\274\343\203\251\343\202\244\343\203\225\343\203\253.png"
 create mode 100644 "System Update/shared/images/BR_Comp/AddedItems/2026-06-06_11-00-28/\343\203\206\343\202\243\343\202\2424 - \343\202\253\343\202\252\343\202\271\343\203\252\343\203\255\343\203\274\343\203\200\343\203\274\343\202\267\343\203\247\343\203\203\343\203\210\343\202\254\343\203\263.png"
 create mode 100644 "System Update/shared/images/BR_Comp/AddedItems/2026-06-06_11-00-28/\343\203\206\343\202\243\343\202\2424 - \343\202\265\343\203\274\343\202\270\343\202\253\343\203\253 \343\203\220\343\203\274\343\202\271\343\203\210\343\203\251\343\202\244\343\203\225\343\203\253.png"
 create mode 100644 "System Update/shared/images/BR_Comp/AddedItems/2026-06-06_11-00-28/\343\203\206\343\202\243\343\202\2424 - \343\202\271\343\203\206\343\202\243\343\203\263\343\202\254\343\203\274\343\202\265\343\203\226\343\203\236\343\202\267\343\203\263\343\202\254\343\203\263.png"
 create mode 100644 "System Update/shared/images/BR_Comp/AddedItems/2026-06-06_11-00-28/\343\203\206\343\202\243\343\202\2424 - \343\202\271\343\203\210\343\203\251\343\202\244\343\202\253\343\203\274\343\203\235\343\203\263\343\203\227\343\202\267\343\203\247\343\203\203\343\203\210\343\202\254\343\203\263.png"
 create mode 100644 "System Update/shared/images/BR_Comp/AddedItems/2026-06-06_11-00-28/\343\203\206\343\202\243\343\202\2424 - \343\202\273\343\203\226\343\203\263\343\202\271\343\203\251\343\202\244\343\203\200\343\203\274.png"
 create mode 100644 "System Update/shared/images/BR_Comp/AddedItems/2026-06-06_11-00-28/\343\203\206\343\202\243\343\202\2424 - \343\203\217\343\203\263\343\203\206\343\202\243\343\203\263\343\202\260\343\203\251\343\202\244\343\203\225\343\203\253.png"
 create mode 100644 "System Update/shared/images/BR_Comp/AddedItems/2026-06-06_11-00-28/\343\203\206\343\202\243\343\202\2424 - \343\203\221\343\203\253\343\202\271\343\203\273\343\202\271\343\202\255\343\203\243\343\203\212\343\203\274.png"
 create mode 100644 "System Update/shared/images/BR_Comp/AddedItems/2026-06-06_11-00-28/\343\203\206\343\202\243\343\202\2424 - \343\203\225\343\203\254\343\203\203\343\202\257\343\202\271 \343\202\265\343\203\226\343\203\236\343\202\267\343\203\263\343\202\254\343\203\263.png"
 create mode 100644 "System Update/shared/images/BR_Comp/AddedItems/2026-06-06_11-00-28/\343\203\206\343\202\243\343\202\2424 - \343\203\241\343\202\244\343\203\264\343\202\241\343\203\263 \343\202\252\343\203\274\343\203\210\343\202\267\343\203\247\343\203\203\343\203\210\343\202\254\343\203\263.png"
 create mode 100644 "System Update/shared/images/BR_Comp/AddedItems/2026-06-06_11-00-28/\343\203\206\343\202\243\343\202\2424 - \343\203\251\343\203\263\343\202\271\343\203\230\343\203\203\343\203\211 \343\203\224\343\202\271\343\203\210\343\203\253.png"
 create mode 100644 "System Update/shared/images/BR_Comp/AddedItems/2026-06-06_11-00-28/\343\203\206\343\202\243\343\202\2424 - \343\203\254\343\203\263\343\202\270\343\203\243\343\203\274\343\203\224\343\202\271\343\203\210\343\203\253.png"
 create mode 100644 "System Update/shared/images/BR_Comp/AddedItems/2026-06-06_11-00-28/\343\203\206\343\202\243\343\202\2425 - \343\202\250\343\202\257\343\202\271\343\203\206\343\203\263\343\203\211 \343\203\225\343\202\251\343\203\274\343\202\253\343\202\271\343\202\267\343\203\247\343\203\203\343\203\210\343\202\254\343\203\263.png"
 create mode 100644 "System Update/shared/images/BR_Comp/AddedItems/2026-06-06_11-00-28/\343\203\206\343\202\243\343\202\2425 - \343\202\250\343\203\224\343\203\203\343\202\257\344\277\235\347\256\241\345\272\253\343\201\256\343\202\253\343\203\274\343\203\211\343\202\255\343\203\274.png"
 create mode 100644 "System Update/shared/images/BR_Comp/AddedItems/2026-06-06_11-00-28/\343\203\206\343\202\243\343\202\2425 - \343\202\253\343\202\252\343\202\271 \343\202\250\343\202\257\343\202\271\343\203\227\343\203\255\343\203\274\343\203\200\343\203\274\343\203\251\343\202\244\343\203\225\343\203\253.png"
 create mode 100644 "System Update/shared/images/BR_Comp/AddedItems/2026-06-06_11-00-28/\343\203\206\343\202\243\343\202\2425 - \343\202\253\343\202\252\343\202\271\343\203\252\343\203\255\343\203\274\343\203\200\343\203\274\343\202\267\343\203\247\343\203\203\343\203\210\343\202\254\343\203\263.png"
 create mode 100644 "System Update/shared/images/BR_Comp/AddedItems/2026-06-06_11-00-28/\343\203\206\343\202\243\343\202\2425 - \343\202\265\343\203\274\343\202\270\343\202\253\343\203\253 \343\203\220\343\203\274\343\202\271\343\203\210\343\203\251\343\202\244\343\203\225\343\203\253.png"
 create mode 100644 "System Update/shared/images/BR_Comp/AddedItems/2026-06-06_11-00-28/\343\203\206\343\202\243\343\202\2425 - \343\202\271\343\203\206\343\202\243\343\203\263\343\202\254\343\203\274\343\202\265\343\203\226\343\203\236\343\202\267\343\203\263\343\202\254\343\203\263.png"
 create mode 100644 "System Update/shared/images/BR_Comp/AddedItems/2026-06-06_11-00-28/\343\203\206\343\202\243\343\202\2425 - \343\202\271\343\203\210\343\203\251\343\202\244\343\202\253\343\203\274\343\203\235\343\203\263\343\203\227\343\202\267\343\203\247\343\203\203\343\203\210\343\202\254\343\203\263.png"
 create mode 100644 "System Update/shared/images/BR_Comp/AddedItems/2026-06-06_11-00-28/\343\203\206\343\202\243\343\202\2425 - \343\203\201\343\203\243\343\202\260\343\202\270\343\203\243\343\202\260.png"
 create mode 100644 "System Update/shared/images/BR_Comp/AddedItems/2026-06-06_11-00-28/\343\203\206\343\202\243\343\202\2425 - \343\203\217\343\203\263\343\203\206\343\202\243\343\203\263\343\202\260\343\203\251\343\202\244\343\203\225\343\203\253.png"
 create mode 100644 "System Update/shared/images/BR_Comp/AddedItems/2026-06-06_11-00-28/\343\203\206\343\202\243\343\202\2425 - \343\203\225\343\203\254\343\203\203\343\202\257\343\202\271 \343\202\265\343\203\226\343\203\236\343\202\267\343\203\263\343\202\254\343\203\263.png"
 create mode 100644 "System Update/shared/images/BR_Comp/AddedItems/2026-06-06_11-00-28/\343\203\206\343\202\243\343\202\2425 - \343\203\241\343\202\244\343\203\264\343\202\241\343\203\263 \343\202\252\343\203\274\343\203\210\343\202\267\343\203\247\343\203\203\343\203\210\343\202\254\343\203\263.png"
 create mode 100644 "System Update/shared/images/BR_Comp/AddedItems/2026-06-06_11-00-28/\343\203\206\343\202\243\343\202\2425 - \343\203\251\343\203\263\343\202\271\343\203\230\343\203\203\343\203\211 \343\203\224\343\202\271\343\203\210\343\203\253.png"
 create mode 100644 "System Update/shared/images/BR_Comp/AddedItems/2026-06-06_11-00-28/\343\203\206\343\202\243\343\202\2425 - \343\203\254\343\203\263\343\202\270\343\203\243\343\203\274\343\203\224\343\202\271\343\203\210\343\203\253.png"
 create mode 100644 "System Update/shared/images/BR_Comp/AddedItems/2026-06-06_11-00-28/\343\203\206\343\202\243\343\202\2427 - 9mm \343\203\220\343\203\220\343\203\244\343\202\254.png"
 create mode 100644 "System Update/shared/images/BR_Comp/AddedItems/2026-06-06_11-00-28/\343\203\206\343\202\243\343\202\2427 - \343\202\246\343\202\251\343\203\253\343\203\225\343\201\256\343\203\241\343\202\244\343\203\264\343\202\241\343\203\263 \343\202\252\343\203\274\343\203\210\343\202\267\343\203\247\343\203\203\343\203\210\343\202\254\343\203\263.png"
 create mode 100644 "System Update/shared/images/BR_Comp/AddedItems/2026-06-06_11-00-28/\343\203\206\343\202\243\343\202\2427 - \343\202\264\343\203\274\343\203\253\343\203\207\343\203\263\343\203\210\343\203\252\343\203\245\343\203\225.png"
 create mode 100644 "System Update/shared/images/BR_Comp/AddedItems/2026-06-06_11-00-28/\343\203\206\343\202\243\343\202\2427 - \343\202\271\343\203\210\343\203\251\343\202\244\343\202\253\343\203\274\343\203\235\343\203\263\343\203\227\343\202\267\343\203\247\343\203\203\343\203\210\343\202\254\343\203\263.png"
 create mode 100644 "System Update/shared/images/BR_Comp/AddedItems/2026-06-06_11-00-28/\343\203\206\343\202\243\343\202\2427 - \343\203\217\343\203\263\343\203\206\343\202\243\343\203\263\343\202\260\343\203\251\343\202\244\343\203\225\343\203\253.png"
 create mode 100644 "System Update/shared/images/BR_Comp/AddedItems/2026-06-06_11-00-28/\343\203\206\343\202\243\343\202\2427 - \343\203\252\343\203\237\343\203\203\343\203\210\343\203\254\343\202\271 \343\202\273\343\203\226\343\203\263\343\202\271\343\203\251\343\202\244\343\203\200\343\203\274.png"
 create mode 100644 "System Update/shared/images/BR_Comp/AddedItems/2026-06-06_11-00-28/\343\203\206\343\202\243\343\202\2427 - \343\203\252\343\203\274\343\203\201\343\203\243\343\203\274\343\203\273\343\202\250\343\202\257\343\202\271\343\203\206\343\203\263\343\203\211\343\203\273\343\202\267\343\203\247\343\203\203\343\203\210\343\202\254\343\203\263.png"
 create mode 100644 "System Update/shared/images/BR_Comp/AddedItems/2026-06-06_11-00-28/\343\203\206\343\202\243\343\202\2427 - \343\203\264\343\202\251\343\202\244\343\203\211\343\203\226\343\203\254\343\202\244\343\203\211\343\201\256\343\203\220\343\203\274\343\202\271\343\203\210\343\203\251\343\202\244\343\203\225\343\203\253.png"
 create mode 100644 "System Update/shared/images/BR_Comp/\343\202\246\343\202\251\343\203\253\343\203\225\343\201\256\343\203\241\343\202\244\343\203\264\343\202\241\343\203\263 \343\202\252\343\203\274\343\203\210\343\202\267\343\203\247\343\203\203\343\203\210\343\202\254\343\203\263 - \343\203\206\343\202\243\343\202\2427.png"
 create mode 100644 "System Update/shared/images/BR_Comp/\343\202\250\343\202\257\343\202\271\343\203\206\343\203\263\343\203\211 \343\203\225\343\202\251\343\203\274\343\202\253\343\202\271\343\202\267\343\203\247\343\203\203\343\203\210\343\202\254\343\203\263 - \343\203\206\343\202\243\343\202\2421.png"
 create mode 100644 "System Update/shared/images/BR_Comp/\343\202\250\343\202\257\343\202\271\343\203\206\343\203\263\343\203\211 \343\203\225\343\202\251\343\203\274\343\202\253\343\202\271\343\202\267\343\203\247\343\203\203\343\203\210\343\202\254\343\203\263 - \343\203\206\343\202\243\343\202\2422.png"
 create mode 100644 "System Update/shared/images/BR_Comp/\343\202\250\343\202\257\343\202\271\343\203\206\343\203\263\343\203\211 \343\203\225\343\202\251\343\203\274\343\202\253\343\202\271\343\202\267\343\203\247\343\203\203\343\203\210\343\202\254\343\203\263 - \343\203\206\343\202\243\343\202\2423.png"
 create mode 100644 "System Update/shared/images/BR_Comp/\343\202\250\343\202\257\343\202\271\343\203\206\343\203\263\343\203\211 \343\203\225\343\202\251\343\203\274\343\202\253\343\202\271\343\202\267\343\203\247\343\203\203\343\203\210\343\202\254\343\203\263 - \343\203\206\343\202\243\343\202\2424.png"
 create mode 100644 "System Update/shared/images/BR_Comp/\343\202\250\343\202\257\343\202\271\343\203\206\343\203\263\343\203\211 \343\203\225\343\202\251\343\203\274\343\202\253\343\202\271\343\202\267\343\203\247\343\203\203\343\203\210\343\202\254\343\203\263 - \343\203\206\343\202\243\343\202\2425.png"
 create mode 100644 "System Update/shared/images/BR_Comp/\343\202\250\343\203\224\343\203\203\343\202\257\344\277\235\347\256\241\345\272\253\343\201\256\343\202\253\343\203\274\343\203\211\343\202\255\343\203\274 - \343\203\206\343\202\243\343\202\2425.png"
 create mode 100644 "System Update/shared/images/BR_Comp/\343\202\253\343\202\252\343\202\271 \343\202\250\343\202\257\343\202\271\343\203\227\343\203\255\343\203\274\343\203\200\343\203\274\343\203\251\343\202\244\343\203\225\343\203\253 - \343\203\206\343\202\243\343\202\2421.png"
 create mode 100644 "System Update/shared/images/BR_Comp/\343\202\253\343\202\252\343\202\271 \343\202\250\343\202\257\343\202\271\343\203\227\343\203\255\343\203\274\343\203\200\343\203\274\343\203\251\343\202\244\343\203\225\343\203\253 - \343\203\206\343\202\243\343\202\2422.png"
 create mode 100644 "System Update/shared/images/BR_Comp/\343\202\253\343\202\252\343\202\271 \343\202\250\343\202\257\343\202\271\343\203\227\343\203\255\343\203\274\343\203\200\343\203\274\343\203\251\343\202\244\343\203\225\343\203\253 - \343\203\206\343\202\243\343\202\2423.png"
 create mode 100644 "System Update/shared/images/BR_Comp/\343\202\253\343\202\252\343\202\271 \343\202\250\343\202\257\343\202\271\343\203\227\343\203\255\343\203\274\343\203\200\343\203\274\343\203\251\343\202\244\343\203\225\343\203\253 - \343\203\206\343\202\243\343\202\2424.png"
 create mode 100644 "System Update/shared/images/BR_Comp/\343\202\253\343\202\252\343\202\271 \343\202\250\343\202\257\343\202\271\343\203\227\343\203\255\343\203\274\343\203\200\343\203\274\343\203\251\343\202\244\343\203\225\343\203\253 - \343\203\206\343\202\243\343\202\2425.png"
 create mode 100644 "System Update/shared/images/BR_Comp/\343\202\254\343\202\272\343\203\253\343\202\270\343\203\245\343\203\274\343\202\271 - \343\203\206\343\202\243\343\202\2422.png"
 create mode 100644 "System Update/shared/images/BR_Comp/\343\202\264\343\203\274\343\203\253\343\203\207\343\203\263\343\203\210\343\203\252\343\203\245\343\203\225 - \343\203\206\343\202\243\343\202\2427.png"
 create mode 100644 "System Update/shared/images/BR_Comp/\343\202\265\343\203\274\343\202\270\343\202\253\343\203\253 \343\203\220\343\203\274\343\202\271\343\203\210\343\203\251\343\202\244\343\203\225\343\203\253 - \343\203\206\343\202\243\343\202\2421.png"
 create mode 100644 "System Update/shared/images/BR_Comp/\343\202\265\343\203\274\343\202\270\343\202\253\343\203\253 \343\203\220\343\203\274\343\202\271\343\203\210\343\203\251\343\202\244\343\203\225\343\203\253 - \343\203\206\343\202\243\343\202\2422.png"
 create mode 100644 "System Update/shared/images/BR_Comp/\343\202\265\343\203\274\343\202\270\343\202\253\343\203\253 \343\203\220\343\203\274\343\202\271\343\203\210\343\203\251\343\202\244\343\203\225\343\203\253 - \343\203\206\343\202\243\343\202\2423.png"
 create mode 100644 "System Update/shared/images/BR_Comp/\343\202\265\343\203\274\343\202\270\343\202\253\343\203\253 \343\203\220\343\203\274\343\202\271\343\203\210\343\203\251\343\202\244\343\203\225\343\203\253 - \343\203\206\343\202\243\343\202\2424.png"
 create mode 100644 "System Update/shared/images/BR_Comp/\343\202\265\343\203\274\343\202\270\343\202\253\343\203\253 \343\203\220\343\203\274\343\202\271\343\203\210\343\203\251\343\202\244\343\203\225\343\203\253 - \343\203\206\343\202\243\343\202\2425.png"
 create mode 100644 "System Update/shared/images/BR_Comp/\343\202\267\343\203\274\343\203\253\343\203\211\343\203\226\343\203\254\343\202\244\343\202\253\343\203\274EMP - \343\203\206\343\202\243\343\202\2423.png"
 create mode 100644 "System Update/shared/images/BR_Comp/\343\202\271\343\203\206\343\202\243\343\203\263\343\202\254\343\203\274\343\202\265\343\203\226\343\203\236\343\202\267\343\203\263\343\202\254\343\203\263 - \343\203\206\343\202\243\343\202\2421.png"
 create mode 100644 "System Update/shared/images/BR_Comp/\343\202\271\343\203\206\343\202\243\343\203\263\343\202\254\343\203\274\343\202\265\343\203\226\343\203\236\343\202\267\343\203\263\343\202\254\343\203\263 - \343\203\206\343\202\243\343\202\2422.png"
 create mode 100644 "System Update/shared/images/BR_Comp/\343\202\271\343\203\206\343\202\243\343\203\263\343\202\254\343\203\274\343\202\265\343\203\226\343\203\236\343\202\267\343\203\263\343\202\254\343\203\263 - \343\203\206\343\202\243\343\202\2423.png"
 create mode 100644 "System Update/shared/images/BR_Comp/\343\202\271\343\203\206\343\202\243\343\203\263\343\202\254\343\203\274\343\202\265\343\203\226\343\203\236\343\202\267\343\203\263\343\202\254\343\203\263 - \343\203\206\343\202\243\343\202\2424.png"
 create mode 100644 "System Update/shared/images/BR_Comp/\343\202\271\343\203\206\343\202\243\343\203\263\343\202\254\343\203\274\343\202\265\343\203\226\343\203\236\343\202\267\343\203\263\343\202\254\343\203\263 - \343\203\206\343\202\243\343\202\2425.png"
 create mode 100644 "System Update/shared/images/BR_Comp/\343\202\271\343\203\210\343\203\251\343\202\244\343\202\253\343\203\274\343\203\235\343\203\263\343\203\227\343\202\267\343\203\247\343\203\203\343\203\210\343\202\254\343\203\263 - \343\203\206\343\202\243\343\202\2421.png"
 create mode 100644 "System Update/shared/images/BR_Comp/\343\202\271\343\203\210\343\203\251\343\202\244\343\202\253\343\203\274\343\203\235\343\203\263\343\203\227\343\202\267\343\203\247\343\203\203\343\203\210\343\202\254\343\203\263 - \343\203\206\343\202\243\343\202\2422.png"
 create mode 100644 "System Update/shared/images/BR_Comp/\343\202\271\343\203\210\343\203\251\343\202\244\343\202\253\343\203\274\343\203\235\343\203\263\343\203\227\343\202\267\343\203\247\343\203\203\343\203\210\343\202\254\343\203\263 - \343\203\206\343\202\243\343\202\2423.png"
 create mode 100644 "System Update/shared/images/BR_Comp/\343\202\271\343\203\210\343\203\251\343\202\244\343\202\253\343\203\274\343\203\235\343\203\263\343\203\227\343\202\267\343\203\247\343\203\203\343\203\210\343\202\254\343\203\263 - \343\203\206\343\202\243\343\202\2424.png"
 create mode 100644 "System Update/shared/images/BR_Comp/\343\202\271\343\203\210\343\203\251\343\202\244\343\202\253\343\203\274\343\203\235\343\203\263\343\203\227\343\202\267\343\203\247\343\203\203\343\203\210\343\202\254\343\203\263 - \343\203\206\343\202\243\343\202\2425.png"
 create mode 100644 "System Update/shared/images/BR_Comp/\343\202\271\343\203\210\343\203\251\343\202\244\343\202\253\343\203\274\343\203\235\343\203\263\343\203\227\343\202\267\343\203\247\343\203\203\343\203\210\343\202\254\343\203\263 - \343\203\206\343\202\243\343\202\2427.png"
 create mode 100644 "System Update/shared/images/BR_Comp/\343\202\273\343\203\226\343\203\263\343\202\271\343\203\251\343\202\244\343\203\200\343\203\274 - \343\203\206\343\202\243\343\202\2424.png"
 create mode 100644 "System Update/shared/images/BR_Comp/\343\203\217\343\203\263\343\203\206\343\202\243\343\203\263\343\202\260\343\203\251\343\202\244\343\203\225\343\203\253 - \343\203\206\343\202\243\343\202\2422.png"
 create mode 100644 "System Update/shared/images/BR_Comp/\343\203\217\343\203\263\343\203\206\343\202\243\343\203\263\343\202\260\343\203\251\343\202\244\343\203\225\343\203\253 - \343\203\206\343\202\243\343\202\2427.png"
 create mode 100644 "System Update/shared/images/BR_Comp/\343\203\221\343\203\253\343\202\271\343\203\273\343\202\271\343\202\255\343\203\243\343\203\212\343\203\274 - \343\203\206\343\202\243\343\202\2424.png"
 create mode 100644 "System Update/shared/images/BR_Comp/\343\203\241\343\202\244\343\203\264\343\202\241\343\203\263 \343\202\252\343\203\274\343\203\210\343\202\267\343\203\247\343\203\203\343\203\210\343\202\254\343\203\263 - \343\203\206\343\202\243\343\202\2421.png"
 create mode 100644 "System Update/shared/images/BR_Comp/\343\203\241\343\202\244\343\203\264\343\202\241\343\203\263 \343\202\252\343\203\274\343\203\210\343\202\267\343\203\247\343\203\203\343\203\210\343\202\254\343\203\263 - \343\203\206\343\202\243\343\202\2422.png"
 create mode 100644 "System Update/shared/images/BR_Comp/\343\203\241\343\202\244\343\203\264\343\202\241\343\203\263 \343\202\252\343\203\274\343\203\210\343\202\267\343\203\247\343\203\203\343\203\210\343\202\254\343\203\263 - \343\203\206\343\202\243\343\202\2423.png"
 create mode 100644 "System Update/shared/images/BR_Comp/\343\203\241\343\202\244\343\203\264\343\202\241\343\203\263 \343\202\252\343\203\274\343\203\210\343\202\267\343\203\247\343\203\203\343\203\210\343\202\254\343\203\263 - \343\203\206\343\202\243\343\202\2424.png"
 create mode 100644 "System Update/shared/images/BR_Comp/\343\203\241\343\202\244\343\203\264\343\202\241\343\203\263 \343\202\252\343\203\274\343\203\210\343\202\267\343\203\247\343\203\203\343\203\210\343\202\254\343\203\263 - \343\203\206\343\202\243\343\202\2425.png"
 create mode 100644 "System Update/shared/images/BR_Comp/\343\203\251\343\203\263\343\202\271\343\203\230\343\203\203\343\203\211 \343\203\224\343\202\271\343\203\210\343\203\253 - \343\203\206\343\202\243\343\202\2423.png"
 create mode 100644 "System Update/shared/images/BR_Comp/\343\203\251\343\203\263\343\202\271\343\203\230\343\203\203\343\203\211 \343\203\224\343\202\271\343\203\210\343\203\253 - \343\203\206\343\202\243\343\202\2424.png"
 create mode 100644 "System Update/shared/images/BR_Comp/\343\203\251\343\203\263\343\202\271\343\203\230\343\203\203\343\203\211 \343\203\224\343\202\271\343\203\210\343\203\253 - \343\203\206\343\202\243\343\202\2425.png"
 create mode 100644 "System Update/shared/images/BR_Comp/\343\203\252\343\203\237\343\203\203\343\203\210\343\203\254\343\202\271 \343\202\273\343\203\226\343\203\263\343\202\271\343\203\251\343\202\244\343\203\200\343\203\274 - \343\203\206\343\202\243\343\202\2427.png"
 create mode 100644 "System Update/shared/images/BR_Comp/\343\203\252\343\203\274\343\203\201\343\203\243\343\203\274\343\203\273\343\202\250\343\202\257\343\202\271\343\203\206\343\203\263\343\203\211\343\203\273\343\202\267\343\203\247\343\203\203\343\203\210\343\202\254\343\203\263 - \343\203\206\343\202\243\343\202\2427.png"
 create mode 100644 "System Update/shared/images/BR_Comp/\343\203\254\343\203\263\343\202\270\343\203\243\343\203\274\343\203\224\343\202\271\343\203\210\343\203\253 - \343\203\206\343\202\243\343\202\2421.png"
 create mode 100644 "System Update/shared/images/BR_Comp/\343\203\254\343\203\263\343\202\270\343\203\243\343\203\274\343\203\224\343\202\271\343\203\210\343\203\253 - \343\203\206\343\202\243\343\202\2422.png"
 create mode 100644 "System Update/shared/images/BR_Comp/\343\203\254\343\203\263\343\202\270\343\203\243\343\203\274\343\203\224\343\202\271\343\203\210\343\203\253 - \343\203\206\343\202\243\343\202\2423.png"
 create mode 100644 "System Update/shared/images/BR_Comp/\343\203\254\343\203\263\343\202\270\343\203\243\343\203\274\343\203\224\343\202\271\343\203\210\343\203\253 - \343\203\206\343\202\243\343\202\2424.png"
 create mode 100644 "System Update/shared/images/BR_Comp/\343\203\254\343\203\263\343\202\270\343\203\243\343\203\274\343\203\224\343\202\271\343\203\210\343\203\253 - \343\203\206\343\202\243\343\202\2425.png"
 create mode 100644 "System Update/shared/images/BR_Comp/\343\203\264\343\202\251\343\202\244\343\203\211\343\203\226\343\203\254\343\202\244\343\203\211\343\201\256\343\203\220\343\203\274\343\202\271\343\203\210\343\203\251\343\202\244\343\203\225\343\203\253 - \343\203\206\343\202\243\343\202\2427.png"
 create mode 100644 "System Update/shared/images/BR_Comp/\344\277\235\347\256\241\345\272\253\343\201\256\343\202\253\343\202\256 - \343\203\206\343\202\243\343\202\2423.png"
 create mode 100644 "System Update/\346\210\246\345\210\251\345\223\201\343\203\207\343\203\274\343\202\277/BR_Comp/BR_Comp_LootData_2026-06-06_11-00.json"
2026-06-06 11:00:48 | WARNING | git push stderr: To https://github.com/Greenfox0833/New-Loot.git
   8aac221..e34872e  main -> main
2026-06-06 11:00:48 | INFO | ✓ GitHub Push 完了
2026-06-06 11:00:48 | INFO | ===== BR_Comp: pipeline end =====
