2026-10-01 18:21:40 | INFO | log file: E:\フォートナイト\Picture\Loot Pool\TEST4\New Loot\System Update\Reload\PunchBerry\output\logs\pipeline_2026-10-01_18-21-40.log
2026-10-01 18:21:40 | INFO | ===== PunchBerry: pipeline start =====
2026-10-01 18:21:40 | INFO | paths: lt=E:\フォートナイト\Picture\Loot Pool\TEST4\New Loot\System Update\Reload\PunchBerry\input\AthenaLootTierData_Client__final.json lp=E:\フォートナイト\Picture\Loot Pool\TEST4\New Loot\System Update\Reload\PunchBerry\input\AthenaLootPackages_Client__final.json minlist=E:\フォートナイト\Picture\Loot Pool\TEST4\New Loot\System Update\Reload\PunchBerry\input\items_unique_min.json
2026-10-01 18:21:40 | INFO | output: summary=E:\フォートナイト\Picture\Loot Pool\TEST4\New Loot\System Update\Reload\PunchBerry\output\summary lootdata=E:\フォートナイト\Picture\Loot Pool\TEST4\New Loot\System Update\戦利品データ\Reload\PunchBerry
2026-10-01 18:21:40 | INFO | flags: hotfix=True prewarm=True image=True workers=8
2026-10-01 18:21:40 | INFO | hotfix start: E:\フォートナイト\Picture\Loot Pool\TEST4\New Loot\System Update\LootPackage.py
2026-10-01 18:21:44 | INFO | hotfix lp stdout: [STEP1-1] base http://localhost:3849/api/v1/export?path=FortniteGame/Content/Items/DataTables/AthenaLootPackages_Client.uasset
[STEP1-2] merge http://localhost:3849/api/v1/export?path=FortniteGame/Plugins/GameFeatures/BlastBerryLoot/Content/DataTables/BlastBerryLootPackages.uasset : replaced=0, added=2393
[STEP1-3] merge http://localhost:3849/api/v1/export?path=FortniteGame/Plugins/GameFeatures/BlastBerryLoot/Content/DataTables/AthenaLootPackages_Client_BlastBerryOverride.uasset : replaced=8, added=239
[STEP1-4] merge http://localhost:3849/api/v1/export?path=FortniteGame/Plugins/GameFeatures/BlastBerryLoot/Content/DataTables/BlastBerry_AthenaLootPackages_Unranked.uasset : replaced=0, added=16
[STEP1-5] merge http://localhost:3849/api/v1/export?path=FortniteGame/Plugins/GameFeatures/BlastBerryLoot/Content/DataTables/PunchBerry/PunchBerryLootPackages.uasset : replaced=3, added=180
[HOTFIX:SEASON1] target=/Game/Items/Datatables/AthenaLootPackages_Client
[915] RowUpdate PKG_Chest_Weapon_Shotgun_16.Weight=0.025000 -> OK
[916] RowUpdate PKG_Chest_Weapon_Handgun_16.Weight=0.025000 -> OK
[917] RowUpdate PKG_Chest_Weapon_SMG_16.Weight=0.025000 -> OK
[918] RowUpdate PKG_Chest_Weapon_Assault_16.Weight=0.025000 -> OK
[919] RowUpdate PKG_Chest_Weapon_Sniper_16.Weight=0.025000 -> OK
[920] RowUpdate PKG_RareChest_Weapon_Shotgun_14.Weight=0.060000 -> OK
[921] RowUpdate PKG_RareChest_Weapon_Handgun_14.Weight=0.060000 -> OK
[922] RowUpdate PKG_RareChest_Weapon_SMG_14.Weight=0.060000 -> OK
[923] RowUpdate PKG_RareChest_Weapon_Assault_14.Weight=0.060000 -> OK
[924] RowUpdate PKG_RareChest_Weapon_Sniper_14.Weight=0.060000 -> OK
[925] RowUpdate PKG_RareAmmoBox_09.Weight=0.000000 -> OK
[935] RowUpdate PKG_Chest_Weapon_Assault_08.Weight=0.0000 -> OK
[936] RowUpdate PKG_Chest_Weapon_Sniper_08.Weight=0.00000 -> OK
[937] RowUpdate PKG_RareChest_Weapon_Handgun_06.Weight=0.00000 -> OK
[938] RowUpdate PKG_RareChest_Weapon_SMG_06.Weight=0.00000 -> OK
[939] RowUpdate PKG_RareChest_Weapon_Assault_06.Weight=0.00000 -> OK
[940] RowUpdate PKG_RareChest_Weapon_Sniper_06.Weight=0.00000 -> OK
[941] RowUpdate PKG_Chest_Weapon_Shotgun_07.Weight=0.120000 -> OK
[942] RowUpdate PKG_Chest_Weapon_Handgun_07.Weight=0.120000 -> OK
[943] RowUpdate PKG_Chest_Weapon_SMG_07.Weight=0.120000 -> OK
[944] RowUpdate PKG_Chest_Weapon_Assault_07.Weight=0.120000 -> OK
[945] RowUpdate PKG_Chest_Weapon_Sniper_07.Weight=0.120000 -> OK
[946] RowUpdate PKG_Chest_Weapon_Launcher_07.Weight=0.120000 -> OK
[947] RowUpdate PKG_RareChest_Weapon_Shotgun_05.Weight=0.140000 -> OK
[948] RowUpdate PKG_RareChest_Weapon_Handgun_05.Weight=0.140000 -> OK
[949] RowUpdate PKG_RareChest_Weapon_SMG_05.Weight=0.140000 -> OK
[950] RowUpdate PKG_RareChest_Weapon_Assault_05.Weight=0.140000 -> OK
[951] RowUpdate PKG_RareChest_Weapon_Sniper_05.Weight=0.140000 -> OK
[952] RowUpdate PKG_RareChest_Weapon_Launcher_05.Weight=0.140000 -> OK
[1320] RowUpdate LIST_Gold_Small_01.CountRange=(X=150,Y=150) -> OK
[1321] RowUpdate LIST_Gold_Small_02.CountRange=(X=185,Y=185) -> OK
[1322] RowUpdate LIST_Gold_Small_03.CountRange=(X=260,Y=260) -> OK
[1323] RowUpdate LIST_Gold_Small_04.CountRange=(X=400,Y=400) -> OK
[1324] RowUpdate LIST_Gold_Small_05.CountRange=(X=550,Y=550) -> OK
[1325] RowUpdate LIST_Gold_Medium_01.CountRange=(X=375,Y=375) -> OK
[1326] RowUpdate LIST_Gold_Large_01.CountRange=(X=450,Y=450) -> OK
[1327] RowUpdate LIST_Gold_ExtraLarge_01.CountRange=(X=750,Y=750) -> OK
[1328] RowUpdate LIST_Gold_ExtraLarge_02.CountRange=(X=900,Y=900) -> OK
[1329] RowUpdate LIST_Gold_ExtraLarge_03.CountRange=(X=1125,Y=1125) -> OK
[1330] RowUpdate LIST_Gold_ExtraLarge_04.CountRange=(X=1300,Y=1300) -> OK
[1331] RowUpdate LIST_Gold_ExtraLarge_05.CountRange=(X=2250,Y=2250) -> OK
[1332] RowUpdate LIST_Gold_Register_01.CountRange=(X=150,Y=150) -> OK
[1333] RowUpdate LIST_Gold_Register_02.CountRange=(X=185,Y=185) -> OK
[1334] RowUpdate LIST_Gold_Register_03.CountRange=(X=260,Y=260) -> OK
[1335] RowUpdate LIST_Gold_Register_04.CountRange=(X=375,Y=375) -> OK
[1336] RowUpdate LIST_Gold_Register_05.CountRange=(X=560,Y=560) -> OK
[1337] RowUpdate LIST_Gold_Safe_01.CountRange=(X=150,Y=150) -> OK
[1338] RowUpdate LIST_Gold_Safe_02.CountRange=(X=185,Y=185) -> OK
[1339] RowUpdate LIST_Gold_Safe_03.CountRange=(X=260,Y=260) -> OK
[1340] RowUpdate LIST_Gold_Safe_04.CountRange=(X=375,Y=375) -> OK
[1341] RowUpdate LIST_Gold_Safe_05.CountRange=(X=560,Y=560) -> OK
[1342] RowUpdate LIST_Chest_Gold_01.CountRange=(X=55,Y=55) -> OK
[1343] RowUpdate LIST_Chest_Gold_02.CountRange=(X=70,Y=70) -> OK
[1344] RowUpdate LIST_Chest_Gold_03.CountRange=(X=85,Y=85) -> OK
[1345] RowUpdate LIST_Chest_Gold_04.CountRange=(X=110,Y=110) -> OK
[1346] RowUpdate LIST_Chest_Gold_05.CountRange=(X=225,Y=225) -> OK
[1347] RowUpdate LIST_RareChest_Gold_01.CountRange=(X=95,Y=95) -> OK
[1348] RowUpdate LIST_RareChest_Gold_02.CountRange=(X=115,Y=115) -> OK
[1349] RowUpdate LIST_RareChest_Gold_03.CountRange=(X=150,Y=150) -> OK
[1350] RowUpdate LIST_RareChest_Gold_04.CountRange=(X=240,Y=240) -> OK
[1351] RowUpdate LIST_RareChest_Gold_05.CountRange=(X=375,Y=375) -> OK
[1352] RowUpdate LIST_Fishing_Gold_01.CountRange=(X=375,Y=3753) -> OK
[1353] RowUpdate LIST_FishingHole_Gold_01.CountRange=(X=750,Y=750) -> OK
[1405] RowUpdate PKG_FishingDefault_Consumable_03.Weight=0.010000 -> OK
[1406] RowUpdate PKG_FishingHole_Consumable_03.Weight=0.010000 -> OK
[1439] RowUpdate PKG_FishingDefault_Light_05.Weight=0.000000 -> OK
[1440] RowUpdate PKG_FishingHole_Light_05.Weight=0.000000 -> OK
[1441] RowUpdate PKG_FishingDefault_Light_05.Weight=0.000000 -> OK
[1442] RowUpdate PKG_FishingHole_Light_05.Weight=0.000000 -> OK
[1450] RowUpdate PKG_FishingDefault_Consumable_03.Weight=0.008000 -> OK
[1492] RowUpdate LIST_RareRodBox_05.Weight=0.000000 -> OK
[1493] RowUpdate LIST_RareRodBox_Harpoon_01.Weight=0.000000 -> OK
[1871] RowUpdate PKG_FloorLoot_Consumable_09.Weight=0.250000 -> OK
[1872] RowUpdate PKG_Chest_Weapon_Shotgun_13.Weight=0.200000 -> OK
[1873] RowUpdate PKG_Chest_Weapon_Handgun_13.Weight=0.200000 -> OK
[1874] RowUpdate PKG_Chest_Weapon_SMG_13.Weight=0.200000 -> OK
[1875] RowUpdate PKG_Chest_Weapon_Assault_13.Weight=0.200000 -> OK
[1876] RowUpdate PKG_RareChest_Weapon_Shotgun_11.Weight=0.200000 -> OK
[1877] RowUpdate PKG_RareChest_Weapon_Handgun_11.Weight=0.200000 -> OK
[1878] RowUpdate PKG_RareChest_Weapon_SMG_11.Weight=0.200000 -> OK
[1879] RowUpdate PKG_RareChest_Weapon_Assault_11.Weight=0.200000 -> OK
[2283] RowUpdate PKG_FishingDefault_Consumable_01.Weight=0.030000 -> OK
[2284] RowUpdate PKG_FishingDefault_Consumable_02.Weight=0.000000 -> OK
[2285] RowUpdate PKG_FishingDefault_Consumable_03.Weight=0.000000 -> OK
[2286] RowUpdate PKG_FishingDefault_Consumable_07.Weight=0.970000 -> OK
[2287] RowUpdate PKG_FishingDefault_Consumable_07.LootPackageCall=LIST_Ammo_Random -> OK
[2296] RowUpdate PKG_FloorLoot_Consumable_09.Weight=0.000000 -> OK
[2297] RowUpdate PKG_Chest_Weapon_Shotgun_13.Weight=0.000000 -> OK
[2298] RowUpdate PKG_Chest_Weapon_Handgun_13.Weight=0.000000 -> OK
[2299] RowUpdate PKG_Chest_Weapon_SMG_13.Weight=0.000000 -> OK
[2300] RowUpdate PKG_Chest_Weapon_Assault_13.Weight=0.000000 -> OK
[2301] RowUpdate PKG_RareChest_Weapon_Shotgun_11.Weight=0.000000 -> OK
[2302] RowUpdate PKG_RareChest_Weapon_Handgun_11.Weight=0.000000 -> OK
[2303] RowUpdate PKG_RareChest_Weapon_SMG_11.Weight=0.000000 -> OK
[2304] RowUpdate PKG_RareChest_Weapon_Assault_11.Weight=0.000000 -> OK
[HOTFIX:SEASON1] Addrow(TableUpdate) なし -> スキップ
[HOTFIX:SEASON1] done: applied=95, deleted=0, skipped=0
[HOTFIX:SEASON2] target=/BlastBerryLoot/DataTables/BlastBerryLootPackages
[2063] RowUpdate WorldList.MythicRandom.02.Weight=1.000000 -> OK
[2064] RowUpdate WorldList.MythicRandom.02.ItemDefinition=/DaisyWeaponGameplay/Items/Weapons/Shotguns/TwoShotShotgun/WID_Shotgun_TwoShot_Pump_Athena_UR.WID_Shotgun_TwoShot_Pump_Athena_UR -> OK
[2085] RowUpdate WorldList.AthenaLoot.Weapon.Handgun.39.Weight=0.00000 -> OK
[2086] RowUpdate WorldList.AthenaLoot.Weapon.HighHandgun.59.Weight=0.00000 -> OK
[2087] RowUpdate WorldList.AthenaLoot.Weapon.SMG.15.Weight=0.000000 -> OK
[2088] RowUpdate WorldList.AthenaLoot.Weapon.SMG.16.Weight=0.00000 -> OK
[2089] RowUpdate WorldList.AthenaLoot.Weapon.SMG.17.Weight=0.00000 -> OK
[2090] RowUpdate WorldList.AthenaLoot.Weapon.HighSMG.21.Weight=0.00000 -> OK
[2091] RowUpdate WorldList.AthenaLoot.Weapon.HighSMG.22.Weight=0.00000 -> OK
[2092] RowUpdate WorldList.AthenaLoot.Weapon.HighSMG.23.Weight=0.0000 -> OK
[2093] RowUpdate WorldList.AthenaLoot.Weapon.HighSMG.24.Weight=0.00000 -> OK
[2094] RowUpdate WorldList.ApolloLoot.Weapon.SMG.11.Weight=0.0000 -> OK
[2095] RowUpdate WorldList.ApolloLoot.Weapon.SMG.12.Weight=0.0000 -> OK
[2096] RowUpdate WorldList.AthenaSupplyDrop.Weapon.Handgun.58.Weight=0.000 -> OK
[2097] RowUpdate WorldList.AthenaSupplyDrop.Weapon.SMG.22.Weight=0.000 -> OK
[2098] RowUpdate WorldList.AthenaSupplyDrop.Weapon.SMG.23.Weight=0.000 -> OK
[2099] RowUpdate WorldList.AthenaSupplyDrop.Weapon.SMG.24.Weight=0.0000 -> OK
[2100] RowUpdate WorldList.AthenaHighConsumables.Healing.34.Weight=0.0000 -> OK
[2101] RowUpdate WorldList.AthenaHighConsumablesRare.Healing.13.Weight=0.0000 -> OK
[2102] RowUpdate WorldList.AthenaSupplyDropConsumables.34.Weight=0.0000 -> OK
[2103] RowUpdate WorldList.AthenaSupplyDropHeals.13.Weight=0.0000 -> SKIP(no row)
[2104] RowUpdate WorldList.AthenaConsumables.Healing.14.Weight=0.0000 -> OK
[2106] RowUpdate WorldList.AthenaLoot.Weapon.Handgun.37.Weight=0.000000 -> OK
[2180] RowUpdate WorldList.AthenaHighConsumables.Utility.07.Weight=0.000000 -> OK
[2181] RowUpdate WorldList.AthenaHighConsumablesRare.Utility.07.Weight=0.000000 -> OK
[2182] RowUpdate WorldList.AthenaSupplyDropConsumables.12.Weight=0.000000 -> OK
[2183] RowUpdate WorldList.AthenaSupplyDropConsumables.Utility.07.Weight=0.000000 -> OK
[2184] RowUpdate WorldList.AthenaConsumables.Utility.07.Weight=0.000000 -> OK
[2212] RowUpdate WorldPKG.BlastBerrySupply.01.LootPackageCall=WorldList.AthenaSupplyDrop.Weapon.Shotgun -> OK
[2213] RowUpdate WorldPKG.BlastBerrySupply.02.LootPackageCall=WorldList.AthenaSupplyDrop.Weapon.SMG -> OK
[2214] RowUpdate WorldPKG.BlastBerrySupply.03.LootPackageCall=WorldList.AthenaSupplyDrop.Weapon.Assault -> OK
[2215] RowUpdate WorldPKG.BlastBerrySupply.04.LootPackageCall=WorldList.AthenaSupplyDrop.Weapon.Assault -> OK
[2216] RowUpdate WorldPKG.BlastBerrySupply.05.LootPackageCall=WorldList.AthenaSupplyDrop.Weapon.Handgun -> OK
[2217] RowUpdate WorldPKG.BlastBerrySupply.06.LootPackageCall=WorldList.AthenaSupplyDrop.Weapon.Sniper -> OK
[HOTFIX:SEASON2] Addrow(TableUpdate) なし -> スキップ
[HOTFIX:SEASON2] done: applied=33, deleted=0, skipped=1
[HOTFIX:SEASON3] target=/BlastBerryLoot/DataTables/AthenaLootPackages_Client_BlastBerryOverride
[2022] RowUpdate WorldPKG.AthenaLoot.Weapon.HighShotgun.04.LootPackageCall=WorldList.AthenaSupplyDropUtility -> OK
[2023] RowUpdate WorldPKG.AthenaLoot.Weapon.HighHandgun.04.LootPackageCall=WorldList.AthenaSupplyDropUtility -> OK
[2024] RowUpdate WorldPKG.AthenaLoot.Weapon.HighSMG.04.LootPackageCall=WorldList.AthenaSupplyDropUtility -> OK
[2025] RowUpdate WorldPKG.AthenaLoot.Weapon.HighAssaultAuto.04.LootPackageCall=WorldList.AthenaSupplyDropUtility -> OK
[2026] RowUpdate WorldPKG.AthenaLoot.Weapon.Sniper.04.LootPackageCall=WorldList.AthenaSupplyDropUtility -> OK
[2027] RowUpdate WorldPKG.AthenaLoot.Weapon.HighSniper.04.LootPackageCall=WorldList.AthenaSupplyDropUtility -> OK
[2028] RowUpdate WorldPKG.AthenaLoot.Weapon.HighRocket.04.LootPackageCall=WorldList.AthenaSupplyDropUtility -> OK
[2029] RowUpdate WorldPKG.ApolloLoot.Weapon.HighShotgun.04.LootPackageCall=WorldList.AthenaSupplyDropUtility -> OK
[2030] RowUpdate WorldPKG.ApolloLoot.Weapon.SMG.04.LootPackageCall=WorldList.AthenaSupplyDropUtility -> OK
[2031] RowUpdate WorldPKG.ApolloLoot.Weapon.AssaultAuto.04.LootPackageCall=WorldList.AthenaSupplyDropUtility -> OK
[2032] RowUpdate WorldPKG.ApolloLoot.Weapon.Sniper.04.LootPackageCall=WorldList.AthenaSupplyDropUtility -> OK
[2033] RowUpdate WorldPKG.ApolloLoot.Weapon.Rocket.04.LootPackageCall=WorldList.AthenaSupplyDropUtility -> OK
[2034] RowUpdate WorldPKG.ApolloLoot.Weapon.HighHandgun.04.LootPackageCall=WorldList.AthenaSupplyDropUtility -> OK
[2035] RowUpdate WorldPKG.AthenaSupplyDrop.Weapon.Assault.04.LootPackageCall=WorldList.AthenaSupplyDropUtility -> OK
[2036] RowUpdate WorldPKG.AthenaSupplyDrop.Weapon.Shotgun.04.LootPackageCall=WorldList.AthenaSupplyDropUtility -> OK
[2037] RowUpdate WorldPKG.AthenaSupplyDrop.Weapon.Sniper.04.LootPackageCall=WorldList.AthenaSupplyDropUtility -> OK
[2038] RowUpdate WorldPKG.AthenaSupplyDrop.Weapon.Rocket.04.LootPackageCall=WorldList.AthenaSupplyDropUtility -> OK
[2039] RowUpdate WorldPKG.AthenaSupplyDrop.Weapon.SMG.04.LootPackageCall=WorldList.AthenaSupplyDropUtility -> OK
[2040] RowUpdate WorldPKG.AthenaSupplyDrop.Weapon.Handgun.04.LootPackageCall=WorldList.AthenaSupplyDropUtility -> OK
[HOTFIX:SEASON3] Addrow(TableUpdate) なし -> スキップ
[HOTFIX:SEASON3] done: applied=19, deleted=0, skipped=0
[HOTFIX:SEASON4] target=/BlastBerryLoot/DataTables/BlastBerry_AthenaLootPackages_Unranked
[HOTFIX:SEASON4] Addrow(TableUpdate) なし -> スキップ
[HOTFIX:SEASON4] done: applied=0, deleted=0, skipped=0
[HOTFIX:SEASON5] target=/BlastBerryLoot/DataTables/PunchBerry/PunchBerryLootPackages
[HOTFIX:SEASON5] Addrow(TableUpdate) なし -> スキップ
[HOTFIX:SEASON5] done: applied=0, deleted=0, skipped=0
[WRITE] final -> E:\フォートナイト\Picture\Loot Pool\TEST4\New Loot\System Update\Reload\PunchBerry\input\AthenaLootPackages_Client__final.json
[WRITE] per-input -> E:\フォートナイト\Picture\Loot Pool\TEST4\New Loot\System Update\Reload\PunchBerry\input\BlastBerryLootPackages__final.json
[WRITE] per-input -> E:\フォートナイト\Picture\Loot Pool\TEST4\New Loot\System Update\Reload\PunchBerry\input\AthenaLootPackages_Client_BlastBerryOverride__final.json
[WRITE] per-input -> E:\フォートナイト\Picture\Loot Pool\TEST4\New Loot\System Update\Reload\PunchBerry\input\BlastBerry_AthenaLootPackages_Unranked__final.json
[WRITE] per-input -> E:\フォートナイト\Picture\Loot Pool\TEST4\New Loot\System Update\Reload\PunchBerry\input\PunchBerryLootPackages__final.json
2026-10-01 18:21:44 | INFO | hotfix start: E:\フォートナイト\Picture\Loot Pool\TEST4\New Loot\System Update\LootTier.py
2026-10-01 18:21:46 | INFO | hotfix lt stdout: [STEP1-1] base http://localhost:3849/api/v1/export?path=FortniteGame/Content/Items/DataTables/AthenaLootTierData_Client.uasset
[STEP1-2] merge http://localhost:3849/api/v1/export?path=FortniteGame/Plugins/GameFeatures/BlastBerryLoot/Content/DataTables/BlastBerryTierData.uasset : replaced=10, added=76
[STEP1-3] merge http://localhost:3849/api/v1/export?path=FortniteGame/Plugins/GameFeatures/BlastBerryLoot/Content/DataTables/AthenaLootTierData_Client_BlastBerryOverride.uasset : replaced=72, added=192
[HOTFIX:SEASON1] target=/Game/Items/Datatables/AthenaLootTierData_Client
[1164] RowUpdate Loot_AthenaFloorLoot_02.Weight=0.600000 -> OK
[1165] RowUpdate Loot_AthenaTreasure_02.Weight=0.120000 -> OK
[1166] RowUpdate Loot_ApolloTreasure_Rare_02.Weight=0.100000 -> OK
[1702] RowUpdate Loot_AthenaWadSafe_01.Weight=1.000000 -> OK
[1778] RowUpdate LTG_Vend_Item_Mend_1_01.NumLootPackageDropsRange=(X=4.000000,Y=4.000000) -> OK
[1779] RowUpdate LTG_Vend_Item_Mend_1_01.LootPackageCategoryMinArray=(4,0,0,0,0,0,0,0,0,0,0) -> OK
[1780] RowUpdate LTG_Vend_Item_Mend_2_01.NumLootPackageDropsRange=(X=8.000000,Y=8.000000) -> OK
[1781] RowUpdate LTG_Vend_Item_Mend_2_01.LootPackageCategoryMinArray=(8,0,0,0,0,0,0,0,0,0,0) -> OK
[1782] RowUpdate LTG_Vend_Item_Mend_3_01.NumLootPackageDropsRange=(X=2.000000,Y=2.000000) -> OK
[1783] RowUpdate LTG_Vend_Item_Mend_3_01.LootPackageCategoryMinArray=(2,0,0,0,0,0,0,0,0,0,0) -> OK
[1784] RowUpdate LTG_Vend_Item_Mend_4_01.NumLootPackageDropsRange=(X=4.000000,Y=4.000000) -> OK
[1785] RowUpdate LTG_Vend_Item_Mend_4_01.LootPackageCategoryMinArray=(4,0,0,0,0,0,0,0,0,0,0) -> OK
[1786] RowUpdate LTG_Vend_Weapon_Shotgun_1_01.NumLootPackageDropsRange=(X=4.000000,Y=4.000000) -> OK
[1787] RowUpdate LTG_Vend_Weapon_Shotgun_1_01.LootPackageCategoryMinArray=(4,1,0,0,0,0,0,0,0,0,0) -> OK
[1788] RowUpdate LTG_Vend_Weapon_Shotgun_2_01.NumLootPackageDropsRange=(X=4.000000,Y=4.000000) -> OK
[1789] RowUpdate LTG_Vend_Weapon_Shotgun_2_01.LootPackageCategoryMinArray=(4,1,0,0,0,0,0,0,0,0,0) -> OK
[1790] RowUpdate LTG_Vend_Weapon_Shotgun_3_01.NumLootPackageDropsRange=(X=4.000000,Y=4.000000) -> OK
[1791] RowUpdate LTG_Vend_Weapon_Shotgun_3_01.LootPackageCategoryMinArray=(4,1,0,0,0,0,0,0,0,0,0) -> OK
[1792] RowUpdate LTG_Vend_Weapon_Shotgun_3_02.NumLootPackageDropsRange=(X=1.000000,Y=1.000000) -> OK
[1793] RowUpdate LTG_Vend_Weapon_Shotgun_3_02.LootPackageCategoryMinArray=(1,1,0,0,0,0,0,0,0,0,0) -> OK
[1794] RowUpdate LTG_Vend_Weapon_Shotgun_4_01.NumLootPackageDropsRange=(X=4.000000,Y=4.000000) -> OK
[1795] RowUpdate LTG_Vend_Weapon_Shotgun_4_01.LootPackageCategoryMinArray=(4,1,0,0,0,0,0,0,0,0,0) -> OK
[1796] RowUpdate LTG_Vend_Weapon_Shotgun_4_02.NumLootPackageDropsRange=(X=1.000000,Y=1.000000) -> OK
[1797] RowUpdate LTG_Vend_Weapon_Shotgun_4_02.LootPackageCategoryMinArray=(1,1,0,0,0,0,0,0,0,0,0) -> OK
[1798] RowUpdate LTG_Vend_Weapon_Handgun_1_01.NumLootPackageDropsRange=(X=4.000000,Y=4.000000) -> OK
[1799] RowUpdate LTG_Vend_Weapon_Handgun_1_01.LootPackageCategoryMinArray=(4,1,0,0,0,0,0,0,0,0,0) -> OK
[1800] RowUpdate LTG_Vend_Weapon_Handgun_2_01.NumLootPackageDropsRange=(X=4.000000,Y=4.000000) -> OK
[1801] RowUpdate LTG_Vend_Weapon_Handgun_2_01.LootPackageCategoryMinArray=(4,1,0,0,0,0,0,0,0,0,0) -> OK
[1802] RowUpdate LTG_Vend_Weapon_Handgun_3_01.NumLootPackageDropsRange=(X=4.000000,Y=4.000000) -> OK
[1803] RowUpdate LTG_Vend_Weapon_Handgun_3_01.LootPackageCategoryMinArray=(4,1,0,0,0,0,0,0,0,0,0) -> OK
[1804] RowUpdate LTG_Vend_Weapon_Handgun_3_02.NumLootPackageDropsRange=(X=1.000000,Y=1.000000) -> OK
[1805] RowUpdate LTG_Vend_Weapon_Handgun_3_02.LootPackageCategoryMinArray=(1,1,0,0,0,0,0,0,0,0,0) -> OK
[1806] RowUpdate LTG_Vend_Weapon_Handgun_4_01.NumLootPackageDropsRange=(X=4.000000,Y=4.000000) -> OK
[1807] RowUpdate LTG_Vend_Weapon_Handgun_4_01.LootPackageCategoryMinArray=(4,1,0,0,0,0,0,0,0,0,0) -> OK
[1808] RowUpdate LTG_Vend_Weapon_Handgun_4_02.NumLootPackageDropsRange=(X=1.000000,Y=1.000000) -> OK
[1809] RowUpdate LTG_Vend_Weapon_Handgun_4_02.LootPackageCategoryMinArray=(1,1,0,0,0,0,0,0,0,0,0) -> OK
[1810] RowUpdate LTG_Vend_Weapon_SMG_1_01.NumLootPackageDropsRange=(X=4.000000,Y=4.000000) -> OK
[1811] RowUpdate LTG_Vend_Weapon_SMG_1_01.LootPackageCategoryMinArray=(4,1,0,0,0,0,0,0,0,0,0) -> OK
[1812] RowUpdate LTG_Vend_Weapon_SMG_2_01.NumLootPackageDropsRange=(X=4.000000,Y=4.000000) -> OK
[1813] RowUpdate LTG_Vend_Weapon_SMG_2_01.LootPackageCategoryMinArray=(4,1,0,0,0,0,0,0,0,0,0) -> OK
[1814] RowUpdate LTG_Vend_Weapon_SMG_3_01.NumLootPackageDropsRange=(X=4.000000,Y=4.000000) -> OK
[1815] RowUpdate LTG_Vend_Weapon_SMG_3_01.LootPackageCategoryMinArray=(4,1,0,0,0,0,0,0,0,0,0) -> OK
[1816] RowUpdate LTG_Vend_Weapon_SMG_3_02.NumLootPackageDropsRange=(X=1.000000,Y=1.000000) -> OK
[1817] RowUpdate LTG_Vend_Weapon_SMG_3_02.LootPackageCategoryMinArray=(1,1,0,0,0,0,0,0,0,0,0) -> OK
[1818] RowUpdate LTG_Vend_Weapon_SMG_4_01.NumLootPackageDropsRange=(X=4.000000,Y=4.000000) -> OK
[1819] RowUpdate LTG_Vend_Weapon_SMG_4_01.LootPackageCategoryMinArray=(4,1,0,0,0,0,0,0,0,0,0) -> OK
[1820] RowUpdate LTG_Vend_Weapon_SMG_4_02.NumLootPackageDropsRange=(X=1.000000,Y=1.000000) -> OK
[1821] RowUpdate LTG_Vend_Weapon_SMG_4_02.LootPackageCategoryMinArray=(1,1,0,0,0,0,0,0,0,0,0) -> OK
[1822] RowUpdate LTG_Vend_Weapon_Assault_1_01.NumLootPackageDropsRange=(X=4.000000,Y=4.000000) -> OK
[1823] RowUpdate LTG_Vend_Weapon_Assault_1_01.LootPackageCategoryMinArray=(4,1,0,0,0,0,0,0,0,0,0) -> OK
[1824] RowUpdate LTG_Vend_Weapon_Assault_2_01.NumLootPackageDropsRange=(X=4.000000,Y=4.000000) -> OK
[1825] RowUpdate LTG_Vend_Weapon_Assault_2_01.LootPackageCategoryMinArray=(4,1,0,0,0,0,0,0,0,0,0) -> OK
[1826] RowUpdate LTG_Vend_Weapon_Assault_3_01.NumLootPackageDropsRange=(X=4.000000,Y=4.000000) -> OK
[1827] RowUpdate LTG_Vend_Weapon_Assault_3_01.LootPackageCategoryMinArray=(4,1,0,0,0,0,0,0,0,0,0) -> OK
[1828] RowUpdate LTG_Vend_Weapon_Assault_3_02.NumLootPackageDropsRange=(X=1.000000,Y=1.000000) -> OK
[1829] RowUpdate LTG_Vend_Weapon_Assault_3_02.LootPackageCategoryMinArray=(1,1,0,0,0,0,0,0,0,0,0) -> OK
[1830] RowUpdate LTG_Vend_Weapon_Assault_4_01.NumLootPackageDropsRange=(X=4.000000,Y=4.000000) -> OK
[1831] RowUpdate LTG_Vend_Weapon_Assault_4_01.LootPackageCategoryMinArray=(4,1,0,0,0,0,0,0,0,0,0) -> OK
[1832] RowUpdate LTG_Vend_Weapon_Assault_4_02.NumLootPackageDropsRange=(X=1.000000,Y=1.000000) -> OK
[1833] RowUpdate LTG_Vend_Weapon_Assault_4_02.LootPackageCategoryMinArray=(1,1,0,0,0,0,0,0,0,0,0) -> OK
[1870] RowUpdate Loot_BirthdayPresents_01.Weight=1.000000 -> OK
[HOTFIX:SEASON1] done: applied=61, deleted=0, skipped=0
[HOTFIX:SEASON2] target=/BlastBerryLoot/DataTables/BlastBerryTierData
[HOTFIX:SEASON2] done: applied=0, deleted=0, skipped=0
[HOTFIX:SEASON3] target=/BlastBerryLoot/DataTables/AthenaLootTierData_Client_BlastBerryOverride
[HOTFIX:SEASON3] done: applied=0, deleted=0, skipped=0
[WRITE] final -> E:\フォートナイト\Picture\Loot Pool\TEST4\New Loot\System Update\Reload\PunchBerry\input\AthenaLootTierData_Client__final.json
[WRITE] per-input -> E:\フォートナイト\Picture\Loot Pool\TEST4\New Loot\System Update\Reload\PunchBerry\input\BlastBerryTierData__final.json
[WRITE] per-input -> E:\フォートナイト\Picture\Loot Pool\TEST4\New Loot\System Update\Reload\PunchBerry\input\AthenaLootTierData_Client_BlastBerryOverride__final.json
2026-10-01 18:21:46 | INFO | ✓ Hotfix 適用完了 (6.73s)
2026-10-01 18:21:46 | INFO | load lt: E:\フォートナイト\Picture\Loot Pool\TEST4\New Loot\System Update\Reload\PunchBerry\input\AthenaLootTierData_Client__final.json
2026-10-01 18:21:46 | INFO | load lp: E:\フォートナイト\Picture\Loot Pool\TEST4\New Loot\System Update\Reload\PunchBerry\input\AthenaLootPackages_Client__final.json
2026-10-01 18:21:46 | INFO | load done (0.04s)
2026-10-01 18:21:46 | INFO | build summary start
2026-10-01 18:21:46 | INFO | build summary done (0.08s)
2026-10-01 18:21:46 | INFO | enrich summary with names start
2026-10-01 18:21:47 | INFO | enrich summary done (0.37s)
2026-10-01 18:21:47 | INFO | ✅ まとめJSONを作成: E:\フォートナイト\Picture\Loot Pool\TEST4\New Loot\System Update\Reload\PunchBerry\output\summary\v39.30_2026-10-01_18-21.json
2026-10-01 18:21:47 | INFO | build item metadata start
2026-10-01 18:21:49 | INFO | ✅ アイテム名・説明・タグJSONを更新: E:\フォートナイト\Picture\Loot Pool\TEST4\New Loot\System Update\shared\cache\item_metadata.json (2.45s)
2026-10-01 18:21:49 | INFO | build BR_LootData start
2026-10-01 18:21:49 | ERROR | [!] main 内でエラー: schema v2検証で1件のエラーが見つかりました: [{"type": "invalid_quantity", "path": "lootTables.Loot_BirthdayPresents.lootGroups[0].packages[0].items[0]", "message": "quantityは0より大きい必要があります。"}]
2026-10-01 18:21:49 | ERROR | Traceback (most recent call last):
  File "e:\フォートナイト\Picture\Loot Pool\TEST4\New Loot\System Update\Reload\PunchBerry\pipeline.py", line 161, in main
    br_view = build_validated_schema_v2(summary, rows_lp, PROFILE_NAME)
              ^^^^^^^^^^^^^^^^^^^^^^^^^^^^^^^^^^^^^^^^^^^^^^^^^^^^^^^^^
  File "E:\フォートナイト\Picture\Loot Pool\TEST4\New Loot\System Update\summary.py", line 500, in build_validated_schema_v2
    raise ValueError(f"schema v2検証で{len(errors)}件のエラーが見つかりました: {preview}")
ValueError: schema v2検証で1件のエラーが見つかりました: [{"type": "invalid_quantity", "path": "lootTables.Loot_BirthdayPresents.lootGroups[0].packages[0].items[0]", "message": "quantityは0より大きい必要があります。"}]
2026-10-01 18:21:49 | INFO | git add: E:\フォートナイト\Picture\Loot Pool\TEST4\New Loot
2026-10-01 18:21:51 | INFO | git commit stdout: [main a4ad29a] PunchBerry update 2026-10-01 18:21:50
 13 files changed, 38710 insertions(+), 3175 deletions(-)
 create mode 100644 System Update/Reload/PunchBerry/output/logs/pipeline_2026-10-01_18-21-40.log
 create mode 100644 System Update/Reload/PunchBerry/output/summary/v39.30_2026-10-01_18-21.json
2026-10-01 18:21:56 | WARNING | git push stderr: To https://github.com/Greenfox0833/New-Loot.git
   c40984b..a4ad29a  main -> main
2026-10-01 18:21:56 | INFO | ✓ GitHub Push 完了
2026-10-01 18:21:56 | INFO | ===== PunchBerry: pipeline end =====
