2026-03-05 23:32:28 | INFO | log file: E:\フォートナイト\Picture\Loot Pool\TEST4\New Loot\System Update\Reload\PunchBerry\output\logs\pipeline_2026-03-05_23-32-28.log
2026-03-05 23:32:28 | INFO | ===== PunchBerry: pipeline start =====
2026-03-05 23:32:28 | INFO | paths: lt=E:\フォートナイト\Picture\Loot Pool\TEST4\New Loot\System Update\Reload\PunchBerry\input\AthenaLootTierData_Client__final.json lp=E:\フォートナイト\Picture\Loot Pool\TEST4\New Loot\System Update\Reload\PunchBerry\input\AthenaLootPackages_Client__final.json minlist=E:\フォートナイト\Picture\Loot Pool\TEST4\New Loot\System Update\Reload\PunchBerry\input\items_unique_min.json
2026-03-05 23:32:28 | INFO | output: summary=E:\フォートナイト\Picture\Loot Pool\TEST4\New Loot\System Update\Reload\PunchBerry\output\summary lootdata=E:\フォートナイト\Picture\Loot Pool\TEST4\New Loot\System Update\戦利品データ\Reload\PunchBerry
2026-03-05 23:32:28 | INFO | flags: hotfix=True prewarm=True image=True workers=8
2026-03-05 23:32:28 | INFO | hotfix start: E:\フォートナイト\Picture\Loot Pool\TEST4\New Loot\System Update\LootPackage.py
2026-03-05 23:32:29 | INFO | hotfix lp stdout: [STEP1-1] base e:\Fmodel\Exports\FortniteGame\Content\Items\DataTables\AthenaLootPackages_Client.json
[HOTFIX:SEASON1] target=/Game/Items/Datatables/AthenaLootPackages_Client
[HOTFIX:SEASON1] Addrow(TableUpdate) なし -> スキップ
[HOTFIX:SEASON1] done: applied=0, deleted=0, skipped=0
[STEP1-2] merge e:\Fmodel\Exports\FortniteGame\Plugins\GameFeatures\BlastBerryLoot\Content\DataTables\BlastBerryLootPackages.json : replaced=613, added=1443
[HOTFIX:SEASON2] target=/BlastBerryLoot/DataTables/BlastBerryLootPackages
[1379] RowUpdate WorldList.AthenaWadStash.Medium.01.CountRange=(X=100,Y=100) -> OK
[1380] RowUpdate WorldList.AthenaWadStash.Large.01.CountRange=(X=200,Y=200) -> OK
[1381] RowUpdate WorldList.AthenaWadSafe.01.CountRange=(X=300,Y=300) -> OK
[1382] RowUpdate WorldList.AthenaWadGoldBarStack.Small.01.CountRange=(X=50,Y=50) -> OK
[1383] RowUpdate WorldList.AthenaWadGoldBarStack.Medium.01.CountRange=(X=100,Y=100) -> OK
[1384] RowUpdate WorldList.AthenaWadGoldBarStack.Large.01.CountRange=(X=200,Y=200) -> OK
[1385] RowUpdate WorldList.AthenaWadChests.01.CountRange=(X=50,Y=50) -> OK
[1386] RowUpdate WorldList.AthenaWadChests.02.CountRange=(X=75,Y=75) -> OK
[1387] RowUpdate WorldList.AthenaWadChests.03.Weight=0.050000 -> OK
[1388] RowUpdate WorldList.AthenaWadChests.03.CountRange=(X=100,Y=100) -> OK
[1389] RowUpdate WorldList.ApolloWadChests.01.CountRange=(X=100,Y=100) -> OK
[1390] RowUpdate WorldList.ApolloWadChests.02.CountRange=(X=150,Y=150) -> OK
[1391] RowUpdate WorldList.ApolloWadChests.03.CountRange=(X=250,Y=250) -> OK
[1441] RowUpdate WorldList.AthenaLoot.Weapon.Shotgun.15.Weight=0.400000 -> OK
[1442] RowUpdate WorldList.AthenaLoot.Weapon.Shotgun.16.Weight=0.080000 -> OK
[1443] RowUpdate WorldList.AthenaLoot.Weapon.Shotgun.18.Weight=0.000000 -> OK
[1444] RowUpdate WorldList.AthenaLoot.Weapon.Shotgun.19.Weight=0.000000 -> OK
[1445] RowUpdate WorldList.AthenaLoot.Weapon.Shotgun.27.Weight=0.400000 -> OK
[1446] RowUpdate WorldList.AthenaLoot.Weapon.Shotgun.28.Weight=0.080000 -> OK
[1447] RowUpdate WorldList.AthenaLoot.Weapon.Shotgun.48.Weight=0.000000 -> OK
[1448] RowUpdate WorldList.AthenaLoot.Weapon.Shotgun.49.Weight=0.000000 -> OK
[1449] RowUpdate WorldList.AthenaLoot.Weapon.Shotgun.50.Weight=0.000000 -> OK
[1450] RowUpdate WorldList.AthenaLoot.Weapon.HighShotgun.20.Weight=0.400000 -> OK
[1451] RowUpdate WorldList.AthenaLoot.Weapon.HighShotgun.21.Weight=0.080000 -> OK
[1452] RowUpdate WorldList.AthenaLoot.Weapon.HighShotgun.22.Weight=0.016000 -> OK
[1453] RowUpdate WorldList.AthenaLoot.Weapon.HighShotgun.23.Weight=0.004000 -> OK
[1454] RowUpdate WorldList.AthenaLoot.Weapon.HighShotgun.24.Weight=0.000000 -> OK
[1455] RowUpdate WorldList.AthenaLoot.Weapon.HighShotgun.25.Weight=0.000000 -> OK
[1456] RowUpdate WorldList.AthenaLoot.Weapon.HighShotgun.26.Weight=0.000000 -> OK
[1457] RowUpdate WorldList.AthenaLoot.Weapon.HighShotgun.27.Weight=0.000000 -> OK
[1458] RowUpdate WorldList.AthenaLoot.Weapon.HighShotgun.36.Weight=0.400000 -> OK
[1459] RowUpdate WorldList.AthenaLoot.Weapon.HighShotgun.37.Weight=0.080000 -> OK
[1460] RowUpdate WorldList.AthenaLoot.Weapon.HighShotgun.38.Weight=0.016000 -> OK
[1461] RowUpdate WorldList.AthenaLoot.Weapon.HighShotgun.39.Weight=0.004000 -> OK
[1462] RowUpdate WorldList.AthenaLoot.Weapon.HighShotgun.73.Weight=0.000000 -> OK
[1463] RowUpdate WorldList.AthenaLoot.Weapon.HighShotgun.74.Weight=0.000000 -> OK
[1464] RowUpdate WorldList.AthenaLoot.Weapon.HighShotgun.75.Weight=0.000000 -> OK
[1465] RowUpdate WorldList.AthenaLoot.Weapon.HighShotgun.76.Weight=0.000000 -> OK
[1466] RowUpdate WorldList.AthenaLoot.Weapon.Handgun.11.Weight=1.000000 -> OK
[1467] RowUpdate WorldList.AthenaLoot.Weapon.Handgun.11.ItemDefinition=/MusterCoreWeapons/Items/Weapons/MusterPistol/WID_Pistol_Muster_Athena_C.WID_Pistol_Muster_Athena_C -> OK
[1468] RowUpdate WorldList.AthenaLoot.Weapon.Handgun.12.Weight=0.400000 -> OK
[1469] RowUpdate WorldList.AthenaLoot.Weapon.Handgun.12.ItemDefinition=/MusterCoreWeapons/Items/Weapons/MusterPistol/WID_Pistol_Muster_Athena_UC.WID_Pistol_Muster_Athena_UC -> OK
[1470] RowUpdate WorldList.AthenaLoot.Weapon.Handgun.13.Weight=0.080000 -> OK
[1471] RowUpdate WorldList.AthenaLoot.Weapon.Handgun.13.ItemDefinition=/MusterCoreWeapons/Items/Weapons/MusterPistol/WID_Pistol_Muster_Athena_R.WID_Pistol_Muster_Athena_R -> OK
[1472] RowUpdate WorldList.AthenaLoot.Weapon.Handgun.14.Weight=0.000000 -> OK
[1473] RowUpdate WorldList.AthenaLoot.Weapon.Handgun.15.Weight=0.000000 -> OK
[1474] RowUpdate WorldList.AthenaLoot.Weapon.Handgun.16.Weight=0.000000 -> OK
[1475] RowUpdate WorldList.AthenaLoot.Weapon.Handgun.34.Weight=0.400000 -> OK
[1476] RowUpdate WorldList.AthenaLoot.Weapon.Handgun.35.Weight=0.080000 -> OK
[1477] RowUpdate WorldList.AthenaLoot.Weapon.Handgun.36.Weight=0.000000 -> OK
[1478] RowUpdate WorldList.AthenaLoot.Weapon.HighHandgun.17.Weight=0.080000 -> OK
[1479] RowUpdate WorldList.AthenaLoot.Weapon.HighHandgun.17.ItemDefinition=/MusterCoreWeapons/Items/Weapons/MusterPistol/WID_Pistol_Muster_Athena_R.WID_Pistol_Muster_Athena_R -> OK
[1480] RowUpdate WorldList.AthenaLoot.Weapon.HighHandgun.18.Weight=0.016000 -> OK
[1481] RowUpdate WorldList.AthenaLoot.Weapon.HighHandgun.18.ItemDefinition=/MusterCoreWeapons/Items/Weapons/MusterPistol/WID_Pistol_Muster_Athena_VR.WID_Pistol_Muster_Athena_VR -> OK
[1482] RowUpdate WorldList.AthenaLoot.Weapon.HighHandgun.19.Weight=0.004000 -> OK
[1483] RowUpdate WorldList.AthenaLoot.Weapon.HighHandgun.19.ItemDefinition=/MusterCoreWeapons/Items/Weapons/MusterPistol/WID_Pistol_Muster_Athena_SR.WID_Pistol_Muster_Athena_SR -> OK
[1484] RowUpdate WorldList.AthenaLoot.Weapon.HighHandgun.21.Weight=0.000000 -> OK
[1485] RowUpdate WorldList.AthenaLoot.Weapon.HighHandgun.22.Weight=0.000000 -> OK
[1486] RowUpdate WorldList.AthenaLoot.Weapon.HighHandgun.23.Weight=0.000000 -> OK
[1487] RowUpdate WorldList.AthenaLoot.Weapon.HighHandgun.45.Weight=0.080000 -> OK
[1488] RowUpdate WorldList.AthenaLoot.Weapon.HighHandgun.46.Weight=0.016000 -> OK
[1489] RowUpdate WorldList.AthenaLoot.Weapon.HighHandgun.47.Weight=0.004000 -> OK
[1490] RowUpdate WorldList.AthenaLoot.Weapon.HighHandgun.52.Weight=0.000000 -> OK
[1491] RowUpdate WorldList.AthenaLoot.Weapon.HighHandgun.53.Weight=0.000000 -> OK
[1492] RowUpdate WorldList.AthenaLoot.Weapon.SMG.10.Weight=0.400000 -> OK
[1493] RowUpdate WorldList.AthenaLoot.Weapon.SMG.11.Weight=0.080000 -> OK
[1494] RowUpdate WorldList.AthenaLoot.Weapon.SMG.50.Weight=0.400000 -> OK
[1495] RowUpdate WorldList.AthenaLoot.Weapon.SMG.51.Weight=0.080000 -> OK
[1496] RowUpdate WorldList.AthenaLoot.Weapon.SMG.53.Weight=0.000000 -> OK
[1497] RowUpdate WorldList.AthenaLoot.Weapon.SMG.55.Weight=0.000000 -> OK
[1498] RowUpdate WorldList.AthenaLoot.Weapon.HighSMG.13.Weight=0.400000 -> OK
[1499] RowUpdate WorldList.AthenaLoot.Weapon.HighSMG.14.Weight=0.080000 -> OK
[1500] RowUpdate WorldList.AthenaLoot.Weapon.HighSMG.15.Weight=0.016000 -> OK
[1501] RowUpdate WorldList.AthenaLoot.Weapon.HighSMG.16.Weight=0.004000 -> OK
[1502] RowUpdate WorldList.AthenaLoot.Weapon.HighSMG.68.Weight=0.400000 -> OK
[1503] RowUpdate WorldList.AthenaLoot.Weapon.HighSMG.69.Weight=0.080000 -> OK
[1504] RowUpdate WorldList.AthenaLoot.Weapon.HighSMG.70.Weight=0.016000 -> OK
[1505] RowUpdate WorldList.AthenaLoot.Weapon.HighSMG.71.Weight=0.004000 -> OK
[1506] RowUpdate WorldList.AthenaLoot.Weapon.HighSMG.73.Weight=0.000000 -> OK
[1507] RowUpdate WorldList.AthenaLoot.Weapon.HighSMG.74.Weight=0.000000 -> OK
[1508] RowUpdate WorldList.AthenaLoot.Weapon.HighSMG.75.Weight=0.000000 -> OK
[1509] RowUpdate WorldList.AthenaLoot.Weapon.HighSMG.76.Weight=0.000000 -> OK
[1510] RowUpdate WorldList.AthenaLoot.Weapon.HighSMG.77.Weight=0.000000 -> OK
[1511] RowUpdate WorldList.AthenaLoot.Weapon.AssaultAuto.23.Weight=0.400000 -> OK
[1512] RowUpdate WorldList.AthenaLoot.Weapon.AssaultAuto.24.Weight=0.080000 -> OK
[1513] RowUpdate WorldList.AthenaLoot.Weapon.AssaultAuto.64.Weight=0.400000 -> OK
[1514] RowUpdate WorldList.AthenaLoot.Weapon.AssaultAuto.65.Weight=0.080000 -> OK
[1515] RowUpdate WorldList.AthenaLoot.Weapon.AssaultAuto.81.Weight=1.000000 -> OK
[1516] RowUpdate WorldList.AthenaLoot.Weapon.AssaultAuto.82.Weight=0.400000 -> OK
[1517] RowUpdate WorldList.AthenaLoot.Weapon.AssaultAuto.83.Weight=0.080000 -> OK
[1518] RowUpdate WorldList.AthenaLoot.Weapon.AssaultAuto.87.Weight=0.000000 -> OK
[1519] RowUpdate WorldList.AthenaLoot.Weapon.AssaultAuto.88.Weight=0.000000 -> OK
[1520] RowUpdate WorldList.AthenaLoot.Weapon.AssaultAuto.91.Weight=0.000000 -> OK
[1521] RowUpdate WorldList.AthenaLoot.Weapon.AssaultAuto.94.Weight=0.000000 -> OK
[1522] RowUpdate WorldList.AthenaLoot.Weapon.AssaultAuto.95.Weight=0.000000 -> OK
[1523] RowUpdate WorldList.AthenaLoot.Weapon.HighAssaultAuto.29.Weight=0.400000 -> OK
[1524] RowUpdate WorldList.AthenaLoot.Weapon.HighAssaultAuto.30.Weight=0.080000 -> OK
[1525] RowUpdate WorldList.AthenaLoot.Weapon.HighAssaultAuto.31.Weight=0.016000 -> OK
[1526] RowUpdate WorldList.AthenaLoot.Weapon.HighAssaultAuto.32.Weight=0.004000 -> OK
[1527] RowUpdate WorldList.AthenaLoot.Weapon.HighAssaultAuto.88.Weight=0.400000 -> OK
[1528] RowUpdate WorldList.AthenaLoot.Weapon.HighAssaultAuto.89.Weight=0.080000 -> OK
[1529] RowUpdate WorldList.AthenaLoot.Weapon.HighAssaultAuto.90.Weight=0.016000 -> OK
[1530] RowUpdate WorldList.AthenaLoot.Weapon.HighAssaultAuto.91.Weight=0.004000 -> OK
[1531] RowUpdate WorldList.AthenaLoot.Weapon.HighAssaultAuto.112.Weight=0.400000 -> OK
[1532] RowUpdate WorldList.AthenaLoot.Weapon.HighAssaultAuto.113.Weight=0.080000 -> OK
[1533] RowUpdate WorldList.AthenaLoot.Weapon.HighAssaultAuto.114.Weight=0.016000 -> OK
[1534] RowUpdate WorldList.AthenaLoot.Weapon.HighAssaultAuto.115.Weight=0.004000 -> OK
[1535] RowUpdate WorldList.AthenaLoot.Weapon.HighAssaultAuto.120.Weight=0.000000 -> OK
[1536] RowUpdate WorldList.AthenaLoot.Weapon.HighAssaultAuto.121.Weight=0.000000 -> OK
[1537] RowUpdate WorldList.AthenaLoot.Weapon.HighAssaultAuto.122.Weight=0.000000 -> OK
[1538] RowUpdate WorldList.AthenaLoot.Weapon.HighAssaultAuto.123.Weight=0.000000 -> OK
[1539] RowUpdate WorldList.AthenaLoot.Weapon.HighAssaultAuto.124.Weight=0.000000 -> OK
[1540] RowUpdate WorldList.AthenaLoot.Weapon.HighAssaultAuto.125.Weight=0.000000 -> OK
[1541] RowUpdate WorldList.AthenaLoot.Weapon.HighAssaultAuto.128.Weight=0.000000 -> OK
[1542] RowUpdate WorldList.AthenaLoot.Weapon.HighAssaultAuto.129.Weight=0.000000 -> OK
[1543] RowUpdate WorldList.AthenaLoot.Weapon.Sniper.03.Weight=0.400000 -> OK
[1544] RowUpdate WorldList.AthenaLoot.Weapon.Sniper.04.Weight=0.080000 -> OK
[1545] RowUpdate WorldList.AthenaLoot.Weapon.Sniper.24.Weight=0.000000 -> OK
[1546] RowUpdate WorldList.AthenaLoot.Weapon.Sniper.25.Weight=0.000000 -> OK
[1547] RowUpdate WorldList.AthenaLoot.Weapon.HighSniper.01.Weight=0.400000 -> OK
[1548] RowUpdate WorldList.AthenaLoot.Weapon.HighSniper.02.Weight=0.080000 -> OK
[1549] RowUpdate WorldList.AthenaLoot.Weapon.HighSniper.03.Weight=0.016000 -> OK
[1550] RowUpdate WorldList.AthenaLoot.Weapon.HighSniper.04.Weight=0.004000 -> OK
[1551] RowUpdate WorldList.AthenaLoot.Weapon.HighSniper.41.Weight=0.000000 -> OK
[1552] RowUpdate WorldList.AthenaLoot.Weapon.HighSniper.42.Weight=0.000000 -> OK
[1553] RowUpdate WorldList.AthenaLoot.Weapon.HighSniper.43.Weight=0.000000 -> OK
[1554] RowUpdate WorldList.AthenaLoot.Weapon.HighSniper.44.Weight=0.000000 -> OK
[1555] RowUpdate WorldList.AthenaLoot.Weapon.Rocket.02.Weight=0.080000 -> OK
[1556] RowUpdate WorldList.AthenaLoot.Weapon.Rocket.03.Weight=0.000000 -> OK
[1557] RowUpdate WorldList.AthenaLoot.Weapon.HighRocket.02.Weight=0.080000 -> OK
[1558] RowUpdate WorldList.AthenaLoot.Weapon.HighRocket.03.Weight=0.016000 -> OK
[1559] RowUpdate WorldList.AthenaLoot.Weapon.HighRocket.04.Weight=0.004000 -> OK
[1560] RowUpdate WorldList.AthenaLoot.Weapon.HighRocket.05.Weight=0.000000 -> OK
[1561] RowUpdate WorldList.AthenaLoot.Weapon.HighRocket.06.Weight=0.000000 -> OK
[1562] RowUpdate WorldList.AthenaLoot.Weapon.HighRocket.07.Weight=0.000000 -> OK
[1563] RowUpdate WorldList.ApolloLoot.Weapon.HighShotgun.11.Weight=0.750000 -> OK
[1564] RowUpdate WorldList.ApolloLoot.Weapon.HighShotgun.12.Weight=0.250000 -> OK
[1565] RowUpdate WorldList.ApolloLoot.Weapon.HighShotgun.13.Weight=0.000000 -> OK
[1566] RowUpdate WorldList.ApolloLoot.Weapon.HighShotgun.14.Weight=0.000000 -> OK
[1567] RowUpdate WorldList.ApolloLoot.Weapon.HighShotgun.19.Weight=0.750000 -> OK
[1568] RowUpdate WorldList.ApolloLoot.Weapon.HighShotgun.20.Weight=0.250000 -> OK
[1569] RowUpdate WorldList.ApolloLoot.Weapon.HighShotgun.39.Weight=0.000000 -> OK
[1570] RowUpdate WorldList.ApolloLoot.Weapon.HighShotgun.40.Weight=0.000000 -> OK
[1571] RowUpdate WorldList.ApolloLoot.Weapon.HighHandgun.09.Weight=0.750000 -> OK
[1572] RowUpdate WorldList.ApolloLoot.Weapon.HighHandgun.09.ItemDefinition=/MusterCoreWeapons/Items/Weapons/MusterPistol/WID_Pistol_Muster_Athena_VR.WID_Pistol_Muster_Athena_VR -> OK
[1573] RowUpdate WorldList.ApolloLoot.Weapon.HighHandgun.10.Weight=0.250000 -> OK
[1574] RowUpdate WorldList.ApolloLoot.Weapon.HighHandgun.10.ItemDefinition=/MusterCoreWeapons/Items/Weapons/MusterPistol/WID_Pistol_Muster_Athena_SR.WID_Pistol_Muster_Athena_SR -> OK
[1575] RowUpdate WorldList.ApolloLoot.Weapon.HighHandgun.11.Weight=0.000000 -> OK
[1576] RowUpdate WorldList.ApolloLoot.Weapon.HighHandgun.12.Weight=0.000000 -> OK
[1577] RowUpdate WorldList.ApolloLoot.Weapon.HighHandgun.24.Weight=0.750000 -> OK
[1578] RowUpdate WorldList.ApolloLoot.Weapon.HighHandgun.25.Weight=0.250000 -> OK
[1579] RowUpdate WorldList.ApolloLoot.Weapon.HighHandgun.28.Weight=0.000000 -> OK
[1580] RowUpdate WorldList.ApolloLoot.Weapon.SMG.09.Weight=0.750000 -> OK
[1581] RowUpdate WorldList.ApolloLoot.Weapon.SMG.10.Weight=0.250000 -> OK
[1582] RowUpdate WorldList.ApolloLoot.Weapon.SMG.35.Weight=0.750000 -> OK
[1583] RowUpdate WorldList.ApolloLoot.Weapon.SMG.36.Weight=0.250000 -> OK
[1584] RowUpdate WorldList.ApolloLoot.Weapon.SMG.37.Weight=0.000000 -> OK
[1585] RowUpdate WorldList.ApolloLoot.Weapon.SMG.38.Weight=0.000000 -> OK
[1586] RowUpdate WorldList.ApolloLoot.Weapon.SMG.39.Weight=0.000000 -> OK
[1587] RowUpdate WorldList.ApolloLoot.Weapon.AssaultAuto.15.Weight=0.750000 -> OK
[1588] RowUpdate WorldList.ApolloLoot.Weapon.AssaultAuto.16.Weight=0.250000 -> OK
[1589] RowUpdate WorldList.ApolloLoot.Weapon.AssaultAuto.57.Weight=0.750000 -> OK
[1590] RowUpdate WorldList.ApolloLoot.Weapon.AssaultAuto.58.Weight=0.250000 -> OK
[1591] RowUpdate WorldList.ApolloLoot.Weapon.AssaultAuto.61.Weight=0.000000 -> OK
[1592] RowUpdate WorldList.ApolloLoot.Weapon.AssaultAuto.62.Weight=0.000000 -> OK
[1593] RowUpdate WorldList.ApolloLoot.Weapon.AssaultAuto.63.Weight=0.000000 -> OK
[1594] RowUpdate WorldList.ApolloLoot.Weapon.AssaultAuto.65.Weight=0.000000 -> OK
[1595] RowUpdate WorldList.ApolloLoot.Weapon.Sniper.03.Weight=0.750000 -> OK
[1596] RowUpdate WorldList.ApolloLoot.Weapon.Sniper.04.Weight=0.250000 -> OK
[1597] RowUpdate WorldList.ApolloLoot.Weapon.Sniper.23.Weight=0.000000 -> OK
[1598] RowUpdate WorldList.ApolloLoot.Weapon.Sniper.24.Weight=0.000000 -> OK
[1599] RowUpdate WorldList.ApolloLoot.Weapon.Rocket.01.Weight=0.750000 -> OK
[1600] RowUpdate WorldList.ApolloLoot.Weapon.Rocket.02.Weight=0.250000 -> OK
[1601] RowUpdate WorldList.ApolloLoot.Weapon.Rocket.03.Weight=0.000000 -> OK
[1602] RowUpdate WorldList.ApolloLoot.Weapon.Rocket.04.Weight=0.000000 -> OK
[1603] RowUpdate WorldList.AthenaSupplyDrop.Weapon.Shotgun.21.Weight=0.250000 -> OK
[1604] RowUpdate WorldList.AthenaSupplyDrop.Weapon.Shotgun.22.Weight=0.125000 -> OK
[1605] RowUpdate WorldList.AthenaSupplyDrop.Weapon.Shotgun.23.Weight=0.025000 -> OK
[1606] RowUpdate WorldList.AthenaSupplyDrop.Weapon.Shotgun.25.Weight=0.000000 -> OK
[1607] RowUpdate WorldList.AthenaSupplyDrop.Weapon.Shotgun.26.Weight=0.000000 -> OK
[1608] RowUpdate WorldList.AthenaSupplyDrop.Weapon.Shotgun.27.Weight=0.000000 -> OK
[1609] RowUpdate WorldList.AthenaSupplyDrop.Weapon.Shotgun.37.Weight=0.250000 -> OK
[1610] RowUpdate WorldList.AthenaSupplyDrop.Weapon.Shotgun.38.Weight=0.125000 -> OK
[1611] RowUpdate WorldList.AthenaSupplyDrop.Weapon.Shotgun.39.Weight=0.025000 -> OK
[1612] RowUpdate WorldList.AthenaSupplyDrop.Weapon.Shotgun.76.Weight=0.000000 -> OK
[1613] RowUpdate WorldList.AthenaSupplyDrop.Weapon.Shotgun.77.Weight=0.000000 -> OK
[1614] RowUpdate WorldList.AthenaSupplyDrop.Weapon.Shotgun.78.Weight=0.000000 -> OK
[1615] RowUpdate WorldList.AthenaSupplyDrop.Weapon.Handgun.03.Weight=0.250000 -> OK
[1616] RowUpdate WorldList.AthenaSupplyDrop.Weapon.Handgun.04.Weight=0.250000 -> OK
[1617] RowUpdate WorldList.AthenaSupplyDrop.Weapon.Handgun.18.Weight=0.250000 -> OK
[1618] RowUpdate WorldList.AthenaSupplyDrop.Weapon.Handgun.18.ItemDefinition=/MusterCoreWeapons/Items/Weapons/MusterPistol/WID_Pistol_Muster_Athena_VR.WID_Pistol_Muster_Athena_VR -> OK
[1619] RowUpdate WorldList.AthenaSupplyDrop.Weapon.Handgun.19.Weight=0.250000 -> OK
[1620] RowUpdate WorldList.AthenaSupplyDrop.Weapon.Handgun.19.ItemDefinition=/MusterCoreWeapons/Items/Weapons/MusterPistol/WID_Pistol_Muster_Athena_SR.WID_Pistol_Muster_Athena_SR -> OK
[1621] RowUpdate WorldList.AthenaSupplyDrop.Weapon.Handgun.22.Weight=0.000000 -> OK
[1622] RowUpdate WorldList.AthenaSupplyDrop.Weapon.Handgun.23.Weight=0.000000 -> OK
[1623] RowUpdate WorldList.AthenaSupplyDrop.Weapon.Handgun.44.Weight=0.250000 -> OK
[1624] RowUpdate WorldList.AthenaSupplyDrop.Weapon.Handgun.45.Weight=0.125000 -> OK
[1625] RowUpdate WorldList.AthenaSupplyDrop.Weapon.Handgun.46.Weight=0.025000 -> OK
[1626] RowUpdate WorldList.AthenaSupplyDrop.Weapon.Handgun.51.Weight=0.000000 -> OK
[1627] RowUpdate WorldList.AthenaSupplyDrop.Weapon.SMG.14.Weight=0.250000 -> OK
[1628] RowUpdate WorldList.AthenaSupplyDrop.Weapon.SMG.15.Weight=0.125000 -> OK
[1629] RowUpdate WorldList.AthenaSupplyDrop.Weapon.SMG.16.Weight=0.025000 -> OK
[1630] RowUpdate WorldList.AthenaSupplyDrop.Weapon.SMG.67.Weight=0.250000 -> OK
[1631] RowUpdate WorldList.AthenaSupplyDrop.Weapon.SMG.68.Weight=0.125000 -> OK
[1632] RowUpdate WorldList.AthenaSupplyDrop.Weapon.SMG.69.Weight=0.025000 -> OK
[1633] RowUpdate WorldList.AthenaSupplyDrop.Weapon.SMG.71.Weight=0.000000 -> OK
[1634] RowUpdate WorldList.AthenaSupplyDrop.Weapon.SMG.72.Weight=0.000000 -> OK
[1635] RowUpdate WorldList.AthenaSupplyDrop.Weapon.SMG.73.Weight=0.000000 -> OK
[1636] RowUpdate WorldList.AthenaSupplyDrop.Weapon.SMG.74.Weight=0.000000 -> OK
[1637] RowUpdate WorldList.AthenaSupplyDrop.Weapon.SMG.75.Weight=0.000000 -> OK
[1638] RowUpdate WorldList.AthenaSupplyDrop.Weapon.Assault.30.Weight=0.250000 -> OK
[1639] RowUpdate WorldList.AthenaSupplyDrop.Weapon.Assault.31.Weight=0.125000 -> OK
[1640] RowUpdate WorldList.AthenaSupplyDrop.Weapon.Assault.32.Weight=0.025000 -> OK
[1641] RowUpdate WorldList.AthenaSupplyDrop.Weapon.Assault.89.Weight=0.250000 -> OK
[1642] RowUpdate WorldList.AthenaSupplyDrop.Weapon.Assault.90.Weight=0.125000 -> OK
[1643] RowUpdate WorldList.AthenaSupplyDrop.Weapon.Assault.91.Weight=0.025000 -> OK
[1644] RowUpdate WorldList.AthenaSupplyDrop.Weapon.Assault.113.Weight=0.250000 -> OK
[1645] RowUpdate WorldList.AthenaSupplyDrop.Weapon.Assault.114.Weight=0.125000 -> OK
[1646] RowUpdate WorldList.AthenaSupplyDrop.Weapon.Assault.115.Weight=0.025000 -> OK
[1647] RowUpdate WorldList.AthenaSupplyDrop.Weapon.Assault.121.Weight=0.000000 -> OK
[1648] RowUpdate WorldList.AthenaSupplyDrop.Weapon.Assault.122.Weight=0.000000 -> OK
[1649] RowUpdate WorldList.AthenaSupplyDrop.Weapon.Assault.123.Weight=0.000000 -> OK
[1650] RowUpdate WorldList.AthenaSupplyDrop.Weapon.Assault.124.Weight=0.000000 -> OK
[1651] RowUpdate WorldList.AthenaSupplyDrop.Weapon.Assault.125.Weight=0.000000 -> OK
[1652] RowUpdate WorldList.AthenaSupplyDrop.Weapon.Assault.128.Weight=0.000000 -> OK
[1653] RowUpdate WorldList.AthenaSupplyDrop.Weapon.Assault.129.Weight=0.000000 -> OK
[1654] RowUpdate WorldList.AthenaSupplyDrop.Weapon.Sniper.02.Weight=0.250000 -> OK
[1655] RowUpdate WorldList.AthenaSupplyDrop.Weapon.Sniper.03.Weight=0.125000 -> OK
[1656] RowUpdate WorldList.AthenaSupplyDrop.Weapon.Sniper.04.Weight=0.025000 -> OK
[1657] RowUpdate WorldList.AthenaSupplyDrop.Weapon.Sniper.42.Weight=0.000000 -> OK
[1658] RowUpdate WorldList.AthenaSupplyDrop.Weapon.Sniper.43.Weight=0.000000 -> OK
[1659] RowUpdate WorldList.AthenaSupplyDrop.Weapon.Sniper.44.Weight=0.000000 -> OK
[1660] RowUpdate WorldList.AthenaSupplyDrop.Weapon.Rocket.02.Weight=0.250000 -> OK
[1661] RowUpdate WorldList.AthenaSupplyDrop.Weapon.Rocket.03.Weight=0.125000 -> OK
[1662] RowUpdate WorldList.AthenaSupplyDrop.Weapon.Rocket.04.Weight=0.025000 -> OK
[1663] RowUpdate WorldList.AthenaSupplyDrop.Weapon.Rocket.05.Weight=0.000000 -> OK
[1664] RowUpdate WorldList.AthenaSupplyDrop.Weapon.Rocket.06.Weight=0.000000 -> OK
[1665] RowUpdate WorldList.AthenaSupplyDrop.Weapon.Rocket.07.Weight=0.000000 -> OK
[1666] RowUpdate WorldList.AthenaHighConsumables.37.Weight=0.000000 -> OK
[1667] RowUpdate WorldList.AthenaSupplyDropConsumables.34.Weight=0.000000 -> OK
[1668] RowUpdate WorldList.AthenaSupplyDropHeals.16.Weight=0.000000 -> OK
[1669] RowUpdate WorldList.AthenaConsumables.37.Weight=0.000000 -> OK
[1670] RowUpdate WorldList.ExoticRandom.14.Weight=0.000000 -> OK
[1671] RowUpdate WorldList.ExoticRandom.15.Weight=0.000000 -> OK
[1672] RowUpdate WorldList.MythicRandom.21.Weight=0.000000 -> OK
[1673] RowUpdate WorldList.MythicRandom.22.Weight=0.000000 -> OK
[1674] RowUpdate WorldList.MythicRandom.23.Weight=0.000000 -> OK
[1675] RowUpdate WorldList.MythicRandom.24.Weight=0.000000 -> OK
[1676] RowUpdate WorldList.MythicRandom.32.Weight=0.000000 -> OK
[1677] RowUpdate WorldList.MythicRandom.33.Weight=0.000000 -> OK
[1678] RowUpdate WorldList.MythicRandom.43.Weight=1.000000 -> OK
[1679] RowUpdate WorldList.MythicRandom.45.Weight=1.000000 -> OK
[1680] RowUpdate WorldList.MythicRandom.47.Weight=1.000000 -> OK
[1681] RowUpdate WorldList.MythicRandom.52.Weight=1.000000 -> OK
[1682] RowUpdate WorldList.MythicRandom.53.Weight=1.000000 -> OK
[1683] RowUpdate WorldList.MythicRandom.55.Weight=1.000000 -> OK
[HOTFIX:SEASON2] Addrow(TableUpdate) なし -> スキップ
[HOTFIX:SEASON2] done: applied=256, deleted=0, skipped=0
[STEP1-3] merge e:\Fmodel\Exports\FortniteGame\Plugins\GameFeatures\BlastBerryLoot\Content\DataTables\AthenaLootPackages_Client_BlastBerryOverride.json : replaced=32, added=0
[HOTFIX:SEASON3] target=/BlastBerryLoot/DataTables/AthenaLootPackages_Client_BlastBerryOverride
[HOTFIX:SEASON3] Addrow(TableUpdate) なし -> スキップ
[HOTFIX:SEASON3] done: applied=0, deleted=0, skipped=0
[STEP1-4] merge e:\Fmodel\Exports\FortniteGame\Plugins\GameFeatures\BlastBerryLoot\Content\DataTables\BlastBerry_AthenaLootPackages_Unranked.json : replaced=0, added=16
[HOTFIX:SEASON4] target=/BlastBerryLoot/DataTables/BlastBerry_AthenaLootPackages_Unranked
[HOTFIX:SEASON4] Addrow(TableUpdate) なし -> スキップ
[HOTFIX:SEASON4] done: applied=0, deleted=0, skipped=0
[STEP1-5] merge e:\Fmodel\Exports\FortniteGame\Plugins\GameFeatures\BlastBerryLoot\Content\DataTables\PunchBerry\PunchBerryLootPackages.json : replaced=3, added=180
[HOTFIX:SEASON5] target=/BlastBerryLoot/DataTables/PunchBerry/PunchBerryLootPackages
[HOTFIX:SEASON5] Addrow(TableUpdate) なし -> スキップ
[HOTFIX:SEASON5] done: applied=0, deleted=0, skipped=0
[WRITE] final -> E:\フォートナイト\Picture\Loot Pool\TEST4\New Loot\System Update\Reload\PunchBerry\input\AthenaLootPackages_Client__final.json
[WRITE] per-input -> E:\フォートナイト\Picture\Loot Pool\TEST4\New Loot\System Update\Reload\PunchBerry\input\BlastBerryLootPackages__final.json
[WRITE] per-input -> E:\フォートナイト\Picture\Loot Pool\TEST4\New Loot\System Update\Reload\PunchBerry\input\AthenaLootPackages_Client_BlastBerryOverride__final.json
[WRITE] per-input -> E:\フォートナイト\Picture\Loot Pool\TEST4\New Loot\System Update\Reload\PunchBerry\input\BlastBerry_AthenaLootPackages_Unranked__final.json
[WRITE] per-input -> E:\フォートナイト\Picture\Loot Pool\TEST4\New Loot\System Update\Reload\PunchBerry\input\PunchBerryLootPackages__final.json
2026-03-05 23:32:29 | INFO | hotfix start: E:\フォートナイト\Picture\Loot Pool\TEST4\New Loot\System Update\LootTier.py
2026-03-05 23:32:30 | INFO | hotfix lt stdout: [STEP1-1] base e:\Fmodel\Exports\FortniteGame\Content\Items\DataTables\AthenaLootTierData_Client.json
[HOTFIX:SEASON1] target=/Game/Items/Datatables/AthenaLootTierData_Client
[HOTFIX:SEASON1] done: applied=0, deleted=0, skipped=0
[STEP1-2] merge e:\Fmodel\Exports\FortniteGame\Plugins\GameFeatures\BlastBerryLoot\Content\DataTables\BlastBerryTierData.json : replaced=1, added=60
[HOTFIX:SEASON2] target=/BlastBerryLoot/DataTables/BlastBerryTierData
[HOTFIX:SEASON2] done: applied=0, deleted=0, skipped=0
[STEP1-3] merge e:\Fmodel\Exports\FortniteGame\Plugins\GameFeatures\BlastBerryLoot\Content\DataTables\AthenaLootTierData_Client_BlastBerryOverride.json : replaced=264, added=0
[HOTFIX:SEASON3] target=/BlastBerryLoot/DataTables/AthenaLootTierData_Client_BlastBerryOverride
[1378] RowUpdate Loot_AthenaCandyBucket_01.Weight=0.000000 -> OK
[1435] RowUpdate Loot_AthenaFloorLoot_02.Weight=0.700000 -> OK
[1436] RowUpdate Loot_AthenaFloorLoot_04.Weight=0.800000 -> OK
[1437] RowUpdate Loot_AthenaTreasure_01.Weight=0.500000 -> OK
[1438] RowUpdate Loot_AthenaTreasure_02.Weight=0.280000 -> OK
[1439] RowUpdate Loot_AthenaTreasure_08.Weight=0.250000 -> OK
[1440] RowUpdate Loot_ApolloTreasure_Rare_02.Weight=0.200000 -> OK
[HOTFIX:SEASON3] done: applied=7, deleted=0, skipped=0
[WRITE] final -> E:\フォートナイト\Picture\Loot Pool\TEST4\New Loot\System Update\Reload\PunchBerry\input\AthenaLootTierData_Client__final.json
[WRITE] per-input -> E:\フォートナイト\Picture\Loot Pool\TEST4\New Loot\System Update\Reload\PunchBerry\input\BlastBerryTierData__final.json
[WRITE] per-input -> E:\フォートナイト\Picture\Loot Pool\TEST4\New Loot\System Update\Reload\PunchBerry\input\AthenaLootTierData_Client_BlastBerryOverride__final.json
2026-03-05 23:32:30 | INFO | ✓ Hotfix 適用完了 (1.45s)
2026-03-05 23:32:30 | INFO | load lt: E:\フォートナイト\Picture\Loot Pool\TEST4\New Loot\System Update\Reload\PunchBerry\input\AthenaLootTierData_Client__final.json
2026-03-05 23:32:30 | INFO | load lp: E:\フォートナイト\Picture\Loot Pool\TEST4\New Loot\System Update\Reload\PunchBerry\input\AthenaLootPackages_Client__final.json
2026-03-05 23:32:30 | INFO | load done (0.04s)
2026-03-05 23:32:30 | INFO | build summary start
2026-03-05 23:32:30 | INFO | build summary done (0.03s)
2026-03-05 23:32:30 | INFO | enrich summary with names start
2026-03-05 23:32:30 | INFO | enrich summary done (0.00s)
2026-03-05 23:32:30 | INFO | ✅ まとめJSONを作成: E:\フォートナイト\Picture\Loot Pool\TEST4\New Loot\System Update\Reload\PunchBerry\output\summary\v39.30_2026-03-05_23-32.json
2026-03-05 23:32:30 | INFO | build BR_LootData start
2026-03-05 23:32:30 | INFO | build BR_LootData done (0.00s)
2026-03-05 23:32:30 | INFO | ✅ BR_LootData を作成: E:\フォートナイト\Picture\Loot Pool\TEST4\New Loot\System Update\戦利品データ\Reload\PunchBerry\PunchBerry_LootData_2026-03-05_23-32.json
2026-03-05 23:32:30 | INFO | ✅ Web LootPool を更新: E:\フォートナイト\Web\assets\data\Loot\PunchBerry_LootPool.json
2026-03-05 23:32:30 | INFO | LootSummary start: E:\フォートナイト\Picture\Loot Pool\TEST4\New Loot\System Update\Reload\PunchBerry\scripts\LootSummary.py
2026-03-05 23:32:30 | INFO | LootSummary stdout: 🔎 抽出用: 最新ファイル = E:\フォートナイト\Picture\Loot Pool\TEST4\New Loot\System Update\Reload\PunchBerry\output\summary\v39.30_2026-03-05_23-32.json
✅ 抽出件数: 170
💾 保存: E:\フォートナイト\Picture\Loot Pool\TEST4\New Loot\System Update\Reload\PunchBerry\input\items_unique_min.json
🔎 比較用: base   = E:\フォートナイト\Picture\Loot Pool\TEST4\New Loot\System Update\Reload\PunchBerry\output\summary\v39.30_2026-02-18_00-35.json
🔎 比較用: target = E:\フォートナイト\Picture\Loot Pool\TEST4\New Loot\System Update\Reload\PunchBerry\output\summary\v39.30_2026-03-05_23-32.json
✅ 差分作成 完了
  追加   : 47 / 削除 : 88 / 変更 : 0 / 変化なし : 123
💾 差分: E:\フォートナイト\Picture\Loot Pool\TEST4\New Loot\System Update\Reload\PunchBerry\output\history\BR_20260305_2332\items_unique_min_diff.json
2026-03-05 23:32:30 | WARNING | LootSummary stderr: E:\フォートナイト\Picture\Loot Pool\TEST4\New Loot\System Update\Reload\PunchBerry\scripts\LootSummary.py:2: SyntaxWarning: invalid escape sequence '\B'
  """
2026-03-05 23:32:30 | INFO | ✅ LootSummary 実行完了（抽出→比較） (0.40s)
2026-03-05 23:32:30 | INFO | prewarm start
