2026-04-29 07:35:28 | INFO | log file: E:\フォートナイト\Picture\Loot Pool\TEST4\New Loot\System Update\Reload\Sunflower\output\logs\pipeline_2026-04-29_07-35-28.log
2026-04-29 07:35:28 | INFO | ===== Sunflower: pipeline start =====
2026-04-29 07:35:28 | INFO | paths: lt=E:\フォートナイト\Picture\Loot Pool\TEST4\New Loot\System Update\Reload\Sunflower\input\AthenaLootTierData_Client__final.json lp=E:\フォートナイト\Picture\Loot Pool\TEST4\New Loot\System Update\Reload\Sunflower\input\AthenaLootPackages_Client__final.json minlist=E:\フォートナイト\Picture\Loot Pool\TEST4\New Loot\System Update\Reload\Sunflower\input\items_unique_min.json
2026-04-29 07:35:28 | INFO | output: summary=E:\フォートナイト\Picture\Loot Pool\TEST4\New Loot\System Update\Reload\Sunflower\output\summary lootdata=E:\フォートナイト\Picture\Loot Pool\TEST4\New Loot\System Update\戦利品データ\Reload\Sunflower
2026-04-29 07:35:28 | INFO | flags: hotfix=True prewarm=True image=True workers=8
2026-04-29 07:35:28 | INFO | hotfix start: E:\フォートナイト\Picture\Loot Pool\TEST4\New Loot\System Update\LootPackage.py
2026-04-29 07:35:29 | INFO | hotfix lp stdout: [STEP1-1] base e:\Fmodel\Exports\FortniteGame\Content\Items\DataTables\AthenaLootPackages_Client.json
[HOTFIX:SEASON1] target=/Game/Items/Datatables/AthenaLootPackages_Client
[559] RowUpdate WorldPKG.AthenaLoot.Weapon.HighShotgun.05.Weight=0.050000 -> OK
[560] RowUpdate WorldPKG.AthenaLoot.Weapon.HighHandgun.05.Weight=0.050000 -> OK
[561] RowUpdate WorldPKG.AthenaLoot.Weapon.HighSMG.05.Weight=0.050000 -> OK
[562] RowUpdate WorldPKG.AthenaLoot.Weapon.HighAssaultAuto.05.Weight=0.050000 -> OK
[563] RowUpdate WorldPKG.AthenaLoot.Weapon.HighSniper.05.Weight=0.050000 -> OK
[564] RowUpdate WorldPKG.AthenaLoot.Weapon.HighRocket.05.Weight=0.050000 -> OK
[HOTFIX:SEASON1] Addrow(TableUpdate) なし -> スキップ
[HOTFIX:SEASON1] done: applied=6, deleted=0, skipped=0
[STEP1-2] merge e:\Fmodel\Exports\FortniteGame\Plugins\GameFeatures\BlastBerryLoot\Content\DataTables\BlastBerryLootPackages.json : replaced=543, added=1647
[HOTFIX:SEASON2] target=/BlastBerryLoot/DataTables/BlastBerryLootPackages
[998] RowUpdate WorldList.AthenaWadStash.Medium.01.CountRange=(X=100,Y=100) -> OK
[999] RowUpdate WorldList.AthenaWadStash.Large.01.CountRange=(X=200,Y=200) -> OK
[1000] RowUpdate WorldList.AthenaWadSafe.01.CountRange=(X=300,Y=300) -> OK
[1001] RowUpdate WorldList.AthenaWadGoldBarStack.Small.01.CountRange=(X=50,Y=50) -> OK
[1002] RowUpdate WorldList.AthenaWadGoldBarStack.Medium.01.CountRange=(X=100,Y=100) -> OK
[1003] RowUpdate WorldList.AthenaWadGoldBarStack.Large.01.CountRange=(X=200,Y=200) -> OK
[1004] RowUpdate WorldList.AthenaWadChests.01.CountRange=(X=50,Y=50) -> OK
[1005] RowUpdate WorldList.AthenaWadChests.02.CountRange=(X=75,Y=75) -> OK
[1006] RowUpdate WorldList.AthenaWadChests.03.Weight=0.050000 -> OK
[1007] RowUpdate WorldList.AthenaWadChests.03.CountRange=(X=100,Y=100) -> OK
[1008] RowUpdate WorldList.ApolloWadChests.01.CountRange=(X=100,Y=100) -> OK
[1009] RowUpdate WorldList.ApolloWadChests.02.CountRange=(X=150,Y=150) -> OK
[1010] RowUpdate WorldList.ApolloWadChests.03.CountRange=(X=250,Y=250) -> OK
[1044] RowUpdate WorldList.AthenaLoot.Weapon.Shotgun.60.Weight=0.000000 -> OK
[1045] RowUpdate WorldList.AthenaLoot.Weapon.Shotgun.61.Weight=0.000000 -> OK
[1046] RowUpdate WorldList.AthenaLoot.Weapon.Shotgun.62.Weight=0.000000 -> OK
[1047] RowUpdate WorldList.AthenaLoot.Weapon.Shotgun.79.Weight=0.400000 -> OK
[1048] RowUpdate WorldList.AthenaLoot.Weapon.HighShotgun.87.Weight=0.000000 -> OK
[1049] RowUpdate WorldList.AthenaLoot.Weapon.HighShotgun.88.Weight=0.000000 -> OK
[1050] RowUpdate WorldList.AthenaLoot.Weapon.HighShotgun.89.Weight=0.000000 -> OK
[1051] RowUpdate WorldList.AthenaLoot.Weapon.HighShotgun.90.Weight=0.000000 -> OK
[1052] RowUpdate WorldList.AthenaLoot.Weapon.HighShotgun.111.Weight=0.400000 -> OK
[1053] RowUpdate WorldList.ApolloLoot.Weapon.HighShotgun.47.Weight=0.000000 -> OK
[1054] RowUpdate WorldList.ApolloLoot.Weapon.HighShotgun.48.Weight=0.000000 -> OK
[1055] RowUpdate WorldList.AthenaSupplyDrop.Weapon.Shotgun.88.Weight=0.000000 -> OK
[1056] RowUpdate WorldList.AthenaSupplyDrop.Weapon.Shotgun.89.Weight=0.000000 -> OK
[1057] RowUpdate WorldList.AthenaSupplyDrop.Weapon.Shotgun.90.Weight=0.000000 -> OK
[1058] RowUpdate WorldList.AthenaSupplyDrop.Weapon.Shotgun.111.Weight=0.250000 -> OK
[1066] RowUpdate WorldList.AthenaHighConsumables.Utility.07.Weight=0.170000 -> OK
[1067] RowUpdate WorldList.AthenaHighConsumables.Utility.07.ItemDefinition=/GrappleWeapon/Items/GrappleKnife/V2/WID_GrappleKnife_VR.WID_GrappleKnife_VR -> OK
[1068] RowUpdate WorldList.AthenaHighConsumablesRare.Utility.07.ItemDefinition=/GrappleWeapon/Items/GrappleKnife/V2/WID_GrappleKnife_VR.WID_GrappleKnife_VR -> OK
[1069] RowUpdate WorldList.AthenaSupplyDropConsumables.12.ItemDefinition=/GrappleWeapon/Items/GrappleKnife/V2/WID_GrappleKnife_VR.WID_GrappleKnife_VR -> OK
[1070] RowUpdate WorldList.AthenaSupplyDropUtility.07.Weight=0.180000 -> OK
[1071] RowUpdate WorldList.AthenaSupplyDropUtility.07.ItemDefinition=/GrappleWeapon/Items/GrappleKnife/V2/WID_GrappleKnife_VR.WID_GrappleKnife_VR -> OK
[1072] RowUpdate WorldList.AthenaConsumables.Utility.07.ItemDefinition=/GrappleWeapon/Items/GrappleKnife/V2/WID_GrappleKnife_VR.WID_GrappleKnife_VR -> OK
[HOTFIX:SEASON2] Addrow(TableUpdate) なし -> スキップ
[HOTFIX:SEASON2] done: applied=35, deleted=0, skipped=0
[STEP1-3] merge e:\Fmodel\Exports\FortniteGame\Plugins\GameFeatures\BlastBerryLoot\Content\DataTables\AthenaLootPackages_Client_BlastBerryOverride.json : replaced=244, added=0
[HOTFIX:SEASON3] target=/BlastBerryLoot/DataTables/AthenaLootPackages_Client_BlastBerryOverride
[957] RowUpdate WorldPKG.AthenaLoot.Weapon.HighShotgun.04.LootPackageCall=WorldList.AthenaSupplyDropUtility -> OK
[958] RowUpdate WorldPKG.AthenaLoot.Weapon.HighHandgun.04.LootPackageCall=WorldList.AthenaSupplyDropUtility -> OK
[959] RowUpdate WorldPKG.AthenaLoot.Weapon.HighSMG.04.LootPackageCall=WorldList.AthenaSupplyDropUtility -> OK
[960] RowUpdate WorldPKG.AthenaLoot.Weapon.HighAssaultAuto.04.LootPackageCall=WorldList.AthenaSupplyDropUtility -> OK
[961] RowUpdate WorldPKG.AthenaLoot.Weapon.Sniper.04.LootPackageCall=WorldList.AthenaSupplyDropUtility -> OK
[962] RowUpdate WorldPKG.AthenaLoot.Weapon.HighSniper.04.LootPackageCall=WorldList.AthenaSupplyDropUtility -> OK
[963] RowUpdate WorldPKG.AthenaLoot.Weapon.HighRocket.04.LootPackageCall=WorldList.AthenaSupplyDropUtility -> OK
[964] RowUpdate WorldPKG.ApolloLoot.Weapon.HighShotgun.04.LootPackageCall=WorldList.AthenaSupplyDropUtility -> OK
[965] RowUpdate WorldPKG.ApolloLoot.Weapon.SMG.04.LootPackageCall=WorldList.AthenaSupplyDropUtility -> OK
[966] RowUpdate WorldPKG.ApolloLoot.Weapon.AssaultAuto.04.LootPackageCall=WorldList.AthenaSupplyDropUtility -> OK
[967] RowUpdate WorldPKG.ApolloLoot.Weapon.Sniper.04.LootPackageCall=WorldList.AthenaSupplyDropUtility -> OK
[968] RowUpdate WorldPKG.ApolloLoot.Weapon.Rocket.04.LootPackageCall=WorldList.AthenaSupplyDropUtility -> OK
[969] RowUpdate WorldPKG.ApolloLoot.Weapon.HighHandgun.04.LootPackageCall=WorldList.AthenaSupplyDropUtility -> OK
[970] RowUpdate WorldPKG.AthenaSupplyDrop.Weapon.Assault.04.LootPackageCall=WorldList.AthenaSupplyDropUtility -> OK
[971] RowUpdate WorldPKG.AthenaSupplyDrop.Weapon.Shotgun.04.LootPackageCall=WorldList.AthenaSupplyDropUtility -> OK
[972] RowUpdate WorldPKG.AthenaSupplyDrop.Weapon.Sniper.04.LootPackageCall=WorldList.AthenaSupplyDropUtility -> OK
[973] RowUpdate WorldPKG.AthenaSupplyDrop.Weapon.Rocket.04.LootPackageCall=WorldList.AthenaSupplyDropUtility -> OK
[974] RowUpdate WorldPKG.AthenaSupplyDrop.Weapon.SMG.04.LootPackageCall=WorldList.AthenaSupplyDropUtility -> OK
[975] RowUpdate WorldPKG.AthenaSupplyDrop.Weapon.Handgun.04.LootPackageCall=WorldList.AthenaSupplyDropUtility -> OK
[HOTFIX:SEASON3] Addrow(TableUpdate) なし -> スキップ
[HOTFIX:SEASON3] done: applied=19, deleted=0, skipped=0
[STEP1-4] merge e:\Fmodel\Exports\FortniteGame\Plugins\GameFeatures\BlastBerryLoot\Content\DataTables\BlastBerry_AthenaLootPackages_Unranked.json : replaced=0, added=16
[HOTFIX:SEASON4] target=/BlastBerryLoot/DataTables/BlastBerry_AthenaLootPackages_Unranked
[HOTFIX:SEASON4] Addrow(TableUpdate) なし -> スキップ
[HOTFIX:SEASON4] done: applied=0, deleted=0, skipped=0
[STEP1-5] merge e:\Fmodel\Exports\FortniteGame\Plugins\GameFeatures\BlastBerryLoot\Content\DataTables\Sunflower\SunflowerLootPackages.json : replaced=3, added=180
[HOTFIX:SEASON5] target=/BlastBerryLoot/DataTables/Sunflower/SunflowerLootPackages
[HOTFIX:SEASON5] Addrow(TableUpdate) なし -> スキップ
[HOTFIX:SEASON5] done: applied=0, deleted=0, skipped=0
[WRITE] final -> E:\フォートナイト\Picture\Loot Pool\TEST4\New Loot\System Update\Reload\Sunflower\input\AthenaLootPackages_Client__final.json
[WRITE] per-input -> E:\フォートナイト\Picture\Loot Pool\TEST4\New Loot\System Update\Reload\Sunflower\input\BlastBerryLootPackages__final.json
[WRITE] per-input -> E:\フォートナイト\Picture\Loot Pool\TEST4\New Loot\System Update\Reload\Sunflower\input\AthenaLootPackages_Client_BlastBerryOverride__final.json
[WRITE] per-input -> E:\フォートナイト\Picture\Loot Pool\TEST4\New Loot\System Update\Reload\Sunflower\input\BlastBerry_AthenaLootPackages_Unranked__final.json
[WRITE] per-input -> E:\フォートナイト\Picture\Loot Pool\TEST4\New Loot\System Update\Reload\Sunflower\input\SunflowerLootPackages__final.json
2026-04-29 07:35:29 | INFO | hotfix start: E:\フォートナイト\Picture\Loot Pool\TEST4\New Loot\System Update\LootTier.py
2026-04-29 07:35:29 | INFO | hotfix lt stdout: [STEP1-1] base e:\Fmodel\Exports\FortniteGame\Content\Items\DataTables\AthenaLootTierData_Client.json
[HOTFIX:SEASON1] target=/Game/Items/Datatables/AthenaLootTierData_Client
[HOTFIX:SEASON1] done: applied=0, deleted=0, skipped=0
[STEP1-2] merge e:\Fmodel\Exports\FortniteGame\Plugins\GameFeatures\BlastBerryLoot\Content\DataTables\BlastBerryTierData.json : replaced=1, added=60
[HOTFIX:SEASON2] target=/BlastBerryLoot/DataTables/BlastBerryTierData
[HOTFIX:SEASON2] done: applied=0, deleted=0, skipped=0
[STEP1-3] merge e:\Fmodel\Exports\FortniteGame\Plugins\GameFeatures\BlastBerryLoot\Content\DataTables\AthenaLootTierData_Client_BlastBerryOverride.json : replaced=264, added=0
[HOTFIX:SEASON3] target=/BlastBerryLoot/DataTables/AthenaLootTierData_Client_BlastBerryOverride
[HOTFIX:SEASON3] done: applied=0, deleted=0, skipped=0
[WRITE] final -> E:\フォートナイト\Picture\Loot Pool\TEST4\New Loot\System Update\Reload\Sunflower\input\AthenaLootTierData_Client__final.json
[WRITE] per-input -> E:\フォートナイト\Picture\Loot Pool\TEST4\New Loot\System Update\Reload\Sunflower\input\BlastBerryTierData__final.json
[WRITE] per-input -> E:\フォートナイト\Picture\Loot Pool\TEST4\New Loot\System Update\Reload\Sunflower\input\AthenaLootTierData_Client_BlastBerryOverride__final.json
2026-04-29 07:35:29 | INFO | ✓ Hotfix 適用完了 (0.98s)
2026-04-29 07:35:29 | INFO | load lt: E:\フォートナイト\Picture\Loot Pool\TEST4\New Loot\System Update\Reload\Sunflower\input\AthenaLootTierData_Client__final.json
2026-04-29 07:35:29 | INFO | load lp: E:\フォートナイト\Picture\Loot Pool\TEST4\New Loot\System Update\Reload\Sunflower\input\AthenaLootPackages_Client__final.json
2026-04-29 07:35:30 | INFO | load done (0.03s)
2026-04-29 07:35:30 | INFO | build summary start
2026-04-29 07:35:30 | INFO | build summary done (0.04s)
2026-04-29 07:35:30 | INFO | enrich summary with names start
2026-04-29 07:35:30 | INFO | enrich summary done (0.00s)
2026-04-29 07:35:30 | INFO | ✅ まとめJSONを作成: E:\フォートナイト\Picture\Loot Pool\TEST4\New Loot\System Update\Reload\Sunflower\output\summary\v39.30_2026-04-29_07-35.json
2026-04-29 07:35:30 | INFO | build BR_LootData start
2026-04-29 07:35:30 | INFO | build BR_LootData done (0.00s)
2026-04-29 07:35:30 | INFO | ✅ BR_LootData を作成: E:\フォートナイト\Picture\Loot Pool\TEST4\New Loot\System Update\戦利品データ\Reload\Sunflower\Sunflower_LootData_2026-04-29_07-35.json
2026-04-29 07:35:30 | INFO | ✅ Web LootPool を更新: E:\フォートナイト\Web\assets\data\Loot\Sunflower_LootPool.json
2026-04-29 07:35:30 | INFO | LootSummary start: E:\フォートナイト\Picture\Loot Pool\TEST4\New Loot\System Update\Reload\Sunflower\scripts\LootSummary.py
2026-04-29 07:35:30 | INFO | LootSummary stdout: 🔎 抽出用: 最新ファイル = E:\フォートナイト\Picture\Loot Pool\TEST4\New Loot\System Update\Reload\Sunflower\output\summary\v39.30_2026-04-29_07-35.json
✅ 抽出件数: 176
💾 保存: E:\フォートナイト\Picture\Loot Pool\TEST4\New Loot\System Update\Reload\Sunflower\input\items_unique_min.json
🔎 比較用: base   = E:\フォートナイト\Picture\Loot Pool\TEST4\New Loot\System Update\Reload\Sunflower\output\summary\v39.30_2026-04-17_19-08.json
🔎 比較用: target = E:\フォートナイト\Picture\Loot Pool\TEST4\New Loot\System Update\Reload\Sunflower\output\summary\v39.30_2026-04-29_07-35.json
✅ 差分作成 完了
  追加   : 2 / 削除 : 11 / 変更 : 0 / 変化なし : 174
💾 差分: E:\フォートナイト\Picture\Loot Pool\TEST4\New Loot\System Update\Reload\Sunflower\output\history\BR_20260429_0735\items_unique_min_diff.json
2026-04-29 07:35:30 | WARNING | LootSummary stderr: E:\フォートナイト\Picture\Loot Pool\TEST4\New Loot\System Update\Reload\Sunflower\scripts\LootSummary.py:2: SyntaxWarning: invalid escape sequence '\B'
  """
2026-04-29 07:35:30 | INFO | ✅ LootSummary 実行完了（抽出→比較） (0.22s)
2026-04-29 07:35:30 | INFO | prewarm start
