2026-09-03 14:23:33 | INFO | log file: E:\フォートナイト\Picture\Loot Pool\TEST4\New Loot\System Update\Reload\Sunflower\output\logs\pipeline_2026-09-03_14-23-33.log
2026-09-03 14:23:33 | INFO | ===== Sunflower: pipeline start =====
2026-09-03 14:23:33 | INFO | paths: lt=E:\フォートナイト\Picture\Loot Pool\TEST4\New Loot\System Update\Reload\Sunflower\input\AthenaLootTierData_Client__final.json lp=E:\フォートナイト\Picture\Loot Pool\TEST4\New Loot\System Update\Reload\Sunflower\input\AthenaLootPackages_Client__final.json minlist=E:\フォートナイト\Picture\Loot Pool\TEST4\New Loot\System Update\Reload\Sunflower\input\items_unique_min.json
2026-09-03 14:23:33 | INFO | output: summary=E:\フォートナイト\Picture\Loot Pool\TEST4\New Loot\System Update\Reload\Sunflower\output\summary lootdata=E:\フォートナイト\Picture\Loot Pool\TEST4\New Loot\System Update\戦利品データ\Reload\Sunflower
2026-09-03 14:23:33 | INFO | flags: hotfix=True prewarm=True image=True workers=8
2026-09-03 14:23:33 | INFO | hotfix start: E:\フォートナイト\Picture\Loot Pool\TEST4\New Loot\System Update\LootPackage.py
2026-09-03 14:23:36 | INFO | hotfix lp stdout: [STEP1-1] base https://export-service.dillyapis.com/v1/export/?Path=FortniteGame/Content/Items/DataTables/AthenaLootPackages_Client.uasset
[HOTFIX:SEASON1] target=/Game/Items/Datatables/AthenaLootPackages_Client
[989] RowUpdate PKG_Chest_Weapon_Shotgun_16.Weight=0.025000 -> OK
[990] RowUpdate PKG_Chest_Weapon_Handgun_16.Weight=0.025000 -> OK
[991] RowUpdate PKG_Chest_Weapon_SMG_16.Weight=0.025000 -> OK
[992] RowUpdate PKG_Chest_Weapon_Assault_16.Weight=0.025000 -> OK
[993] RowUpdate PKG_Chest_Weapon_Sniper_16.Weight=0.025000 -> OK
[994] RowUpdate PKG_RareChest_Weapon_Shotgun_14.Weight=0.060000 -> OK
[995] RowUpdate PKG_RareChest_Weapon_Handgun_14.Weight=0.060000 -> OK
[996] RowUpdate PKG_RareChest_Weapon_SMG_14.Weight=0.060000 -> OK
[997] RowUpdate PKG_RareChest_Weapon_Assault_14.Weight=0.060000 -> OK
[998] RowUpdate PKG_RareChest_Weapon_Sniper_14.Weight=0.060000 -> OK
[999] RowUpdate PKG_RareAmmoBox_09.Weight=0.000000 -> OK
[1009] RowUpdate PKG_Chest_Weapon_Assault_08.Weight=0.0000 -> OK
[1010] RowUpdate PKG_Chest_Weapon_Sniper_08.Weight=0.00000 -> OK
[1011] RowUpdate PKG_RareChest_Weapon_Handgun_06.Weight=0.00000 -> OK
[1012] RowUpdate PKG_RareChest_Weapon_SMG_06.Weight=0.00000 -> OK
[1013] RowUpdate PKG_RareChest_Weapon_Assault_06.Weight=0.00000 -> OK
[1014] RowUpdate PKG_RareChest_Weapon_Sniper_06.Weight=0.00000 -> OK
[1015] RowUpdate PKG_Chest_Weapon_Shotgun_07.Weight=0.120000 -> OK
[1016] RowUpdate PKG_Chest_Weapon_Handgun_07.Weight=0.120000 -> OK
[1017] RowUpdate PKG_Chest_Weapon_SMG_07.Weight=0.120000 -> OK
[1018] RowUpdate PKG_Chest_Weapon_Assault_07.Weight=0.120000 -> OK
[1019] RowUpdate PKG_Chest_Weapon_Sniper_07.Weight=0.120000 -> OK
[1020] RowUpdate PKG_Chest_Weapon_Launcher_07.Weight=0.120000 -> OK
[1021] RowUpdate PKG_RareChest_Weapon_Shotgun_05.Weight=0.140000 -> OK
[1022] RowUpdate PKG_RareChest_Weapon_Handgun_05.Weight=0.140000 -> OK
[1023] RowUpdate PKG_RareChest_Weapon_SMG_05.Weight=0.140000 -> OK
[1024] RowUpdate PKG_RareChest_Weapon_Assault_05.Weight=0.140000 -> OK
[1025] RowUpdate PKG_RareChest_Weapon_Sniper_05.Weight=0.140000 -> OK
[1026] RowUpdate PKG_RareChest_Weapon_Launcher_05.Weight=0.140000 -> OK
[1816] RowUpdate LIST_Gold_Small_01.CountRange=(X=150,Y=150) -> OK
[1817] RowUpdate LIST_Gold_Small_02.CountRange=(X=185,Y=185) -> OK
[1818] RowUpdate LIST_Gold_Small_03.CountRange=(X=260,Y=260) -> OK
[1819] RowUpdate LIST_Gold_Small_04.CountRange=(X=400,Y=400) -> OK
[1820] RowUpdate LIST_Gold_Small_05.CountRange=(X=550,Y=550) -> OK
[1821] RowUpdate LIST_Gold_Medium_01.CountRange=(X=375,Y=375) -> OK
[1822] RowUpdate LIST_Gold_Large_01.CountRange=(X=450,Y=450) -> OK
[1823] RowUpdate LIST_Gold_ExtraLarge_01.CountRange=(X=750,Y=750) -> OK
[1824] RowUpdate LIST_Gold_ExtraLarge_02.CountRange=(X=900,Y=900) -> OK
[1825] RowUpdate LIST_Gold_ExtraLarge_03.CountRange=(X=1125,Y=1125) -> OK
[1826] RowUpdate LIST_Gold_ExtraLarge_04.CountRange=(X=1300,Y=1300) -> OK
[1827] RowUpdate LIST_Gold_ExtraLarge_05.CountRange=(X=2250,Y=2250) -> OK
[1828] RowUpdate LIST_Gold_Register_01.CountRange=(X=150,Y=150) -> OK
[1829] RowUpdate LIST_Gold_Register_02.CountRange=(X=185,Y=185) -> OK
[1830] RowUpdate LIST_Gold_Register_03.CountRange=(X=260,Y=260) -> OK
[1831] RowUpdate LIST_Gold_Register_04.CountRange=(X=375,Y=375) -> OK
[1832] RowUpdate LIST_Gold_Register_05.CountRange=(X=560,Y=560) -> OK
[1833] RowUpdate LIST_Gold_Safe_01.CountRange=(X=150,Y=150) -> OK
[1834] RowUpdate LIST_Gold_Safe_02.CountRange=(X=185,Y=185) -> OK
[1835] RowUpdate LIST_Gold_Safe_03.CountRange=(X=260,Y=260) -> OK
[1836] RowUpdate LIST_Gold_Safe_04.CountRange=(X=375,Y=375) -> OK
[1837] RowUpdate LIST_Gold_Safe_05.CountRange=(X=560,Y=560) -> OK
[1838] RowUpdate LIST_Chest_Gold_01.CountRange=(X=55,Y=55) -> OK
[1839] RowUpdate LIST_Chest_Gold_02.CountRange=(X=70,Y=70) -> OK
[1840] RowUpdate LIST_Chest_Gold_03.CountRange=(X=85,Y=85) -> OK
[1841] RowUpdate LIST_Chest_Gold_04.CountRange=(X=110,Y=110) -> OK
[1842] RowUpdate LIST_Chest_Gold_05.CountRange=(X=225,Y=225) -> OK
[1843] RowUpdate LIST_RareChest_Gold_01.CountRange=(X=95,Y=95) -> OK
[1844] RowUpdate LIST_RareChest_Gold_02.CountRange=(X=115,Y=115) -> OK
[1845] RowUpdate LIST_RareChest_Gold_03.CountRange=(X=150,Y=150) -> OK
[1846] RowUpdate LIST_RareChest_Gold_04.CountRange=(X=240,Y=240) -> OK
[1847] RowUpdate LIST_RareChest_Gold_05.CountRange=(X=375,Y=375) -> OK
[1848] RowUpdate LIST_Fishing_Gold_01.CountRange=(X=375,Y=3753) -> OK
[1849] RowUpdate LIST_FishingHole_Gold_01.CountRange=(X=750,Y=750) -> OK
[2021] RowUpdate PKG_FishingDefault_Light_05.Weight=0.000000 -> OK
[2022] RowUpdate PKG_FishingHole_Light_05.Weight=0.000000 -> OK
[2023] RowUpdate PKG_FishingDefault_Light_05.Weight=0.000000 -> OK
[2024] RowUpdate PKG_FishingHole_Light_05.Weight=0.000000 -> OK
[2039] RowUpdate PKG_FishingDefault_Consumable_03.Weight=0.008000 -> OK
[HOTFIX:SEASON1] Addrow(TableUpdate) なし -> スキップ
[HOTFIX:SEASON1] done: applied=68, deleted=0, skipped=0
[STEP1-2] merge https://export-service.dillyapis.com/v1/export/?Path=FortniteGame/Plugins/GameFeatures/BlastBerryLoot/Content/DataTables/BlastBerryLootPackages.uasset : replaced=0, added=2315
[HOTFIX:SEASON2] target=/BlastBerryLoot/DataTables/BlastBerryLootPackages
[2175] RowUpdate WorldList.MythicRandom.02.Weight=1.000000 -> OK
[2176] RowUpdate WorldList.MythicRandom.02.ItemDefinition=/DaisyWeaponGameplay/Items/Weapons/Shotguns/TwoShotShotgun/WID_Shotgun_TwoShot_Pump_Athena_UR.WID_Shotgun_TwoShot_Pump_Athena_UR -> OK
[2197] RowUpdate WorldList.AthenaLoot.Weapon.Handgun.39.Weight=0.00000 -> OK
[2198] RowUpdate WorldList.AthenaLoot.Weapon.HighHandgun.59.Weight=0.00000 -> OK
[2199] RowUpdate WorldList.AthenaLoot.Weapon.SMG.15.Weight=0.000000 -> OK
[2200] RowUpdate WorldList.AthenaLoot.Weapon.SMG.16.Weight=0.00000 -> OK
[2201] RowUpdate WorldList.AthenaLoot.Weapon.SMG.17.Weight=0.00000 -> OK
[2202] RowUpdate WorldList.AthenaLoot.Weapon.HighSMG.21.Weight=0.00000 -> OK
[2203] RowUpdate WorldList.AthenaLoot.Weapon.HighSMG.22.Weight=0.00000 -> OK
[2204] RowUpdate WorldList.AthenaLoot.Weapon.HighSMG.23.Weight=0.0000 -> OK
[2205] RowUpdate WorldList.AthenaLoot.Weapon.HighSMG.24.Weight=0.00000 -> OK
[2206] RowUpdate WorldList.ApolloLoot.Weapon.SMG.11.Weight=0.0000 -> OK
[2207] RowUpdate WorldList.ApolloLoot.Weapon.SMG.12.Weight=0.0000 -> OK
[2208] RowUpdate WorldList.AthenaSupplyDrop.Weapon.Handgun.58.Weight=0.000 -> OK
[2209] RowUpdate WorldList.AthenaSupplyDrop.Weapon.SMG.22.Weight=0.000 -> OK
[2210] RowUpdate WorldList.AthenaSupplyDrop.Weapon.SMG.23.Weight=0.000 -> OK
[2211] RowUpdate WorldList.AthenaSupplyDrop.Weapon.SMG.24.Weight=0.0000 -> OK
[2212] RowUpdate WorldList.AthenaHighConsumables.Healing.34.Weight=0.0000 -> OK
[2213] RowUpdate WorldList.AthenaHighConsumablesRare.Healing.13.Weight=0.0000 -> OK
[2214] RowUpdate WorldList.AthenaSupplyDropConsumables.34.Weight=0.0000 -> OK
[2215] RowUpdate WorldList.AthenaSupplyDropHeals.13.Weight=0.0000 -> OK
[2216] RowUpdate WorldList.AthenaConsumables.Healing.14.Weight=0.0000 -> OK
[2218] RowUpdate WorldList.AthenaLoot.Weapon.Handgun.37.Weight=0.000000 -> OK
[HOTFIX:SEASON2] Addrow(TableUpdate) なし -> スキップ
[HOTFIX:SEASON2] done: applied=23, deleted=0, skipped=0
[STEP1-3] merge https://export-service.dillyapis.com/v1/export/?Path=FortniteGame/Plugins/GameFeatures/BlastBerryLoot/Content/DataTables/AthenaLootPackages_Client_BlastBerryOverride.uasset : replaced=8, added=239
[HOTFIX:SEASON3] target=/BlastBerryLoot/DataTables/AthenaLootPackages_Client_BlastBerryOverride
[2134] RowUpdate WorldPKG.AthenaLoot.Weapon.HighShotgun.04.LootPackageCall=WorldList.AthenaSupplyDropUtility -> OK
[2135] RowUpdate WorldPKG.AthenaLoot.Weapon.HighHandgun.04.LootPackageCall=WorldList.AthenaSupplyDropUtility -> OK
[2136] RowUpdate WorldPKG.AthenaLoot.Weapon.HighSMG.04.LootPackageCall=WorldList.AthenaSupplyDropUtility -> OK
[2137] RowUpdate WorldPKG.AthenaLoot.Weapon.HighAssaultAuto.04.LootPackageCall=WorldList.AthenaSupplyDropUtility -> OK
[2138] RowUpdate WorldPKG.AthenaLoot.Weapon.Sniper.04.LootPackageCall=WorldList.AthenaSupplyDropUtility -> OK
[2139] RowUpdate WorldPKG.AthenaLoot.Weapon.HighSniper.04.LootPackageCall=WorldList.AthenaSupplyDropUtility -> OK
[2140] RowUpdate WorldPKG.AthenaLoot.Weapon.HighRocket.04.LootPackageCall=WorldList.AthenaSupplyDropUtility -> OK
[2141] RowUpdate WorldPKG.ApolloLoot.Weapon.HighShotgun.04.LootPackageCall=WorldList.AthenaSupplyDropUtility -> OK
[2142] RowUpdate WorldPKG.ApolloLoot.Weapon.SMG.04.LootPackageCall=WorldList.AthenaSupplyDropUtility -> OK
[2143] RowUpdate WorldPKG.ApolloLoot.Weapon.AssaultAuto.04.LootPackageCall=WorldList.AthenaSupplyDropUtility -> OK
[2144] RowUpdate WorldPKG.ApolloLoot.Weapon.Sniper.04.LootPackageCall=WorldList.AthenaSupplyDropUtility -> OK
[2145] RowUpdate WorldPKG.ApolloLoot.Weapon.Rocket.04.LootPackageCall=WorldList.AthenaSupplyDropUtility -> OK
[2146] RowUpdate WorldPKG.ApolloLoot.Weapon.HighHandgun.04.LootPackageCall=WorldList.AthenaSupplyDropUtility -> OK
[2147] RowUpdate WorldPKG.AthenaSupplyDrop.Weapon.Assault.04.LootPackageCall=WorldList.AthenaSupplyDropUtility -> OK
[2148] RowUpdate WorldPKG.AthenaSupplyDrop.Weapon.Shotgun.04.LootPackageCall=WorldList.AthenaSupplyDropUtility -> OK
[2149] RowUpdate WorldPKG.AthenaSupplyDrop.Weapon.Sniper.04.LootPackageCall=WorldList.AthenaSupplyDropUtility -> OK
[2150] RowUpdate WorldPKG.AthenaSupplyDrop.Weapon.Rocket.04.LootPackageCall=WorldList.AthenaSupplyDropUtility -> OK
[2151] RowUpdate WorldPKG.AthenaSupplyDrop.Weapon.SMG.04.LootPackageCall=WorldList.AthenaSupplyDropUtility -> OK
[2152] RowUpdate WorldPKG.AthenaSupplyDrop.Weapon.Handgun.04.LootPackageCall=WorldList.AthenaSupplyDropUtility -> OK
[HOTFIX:SEASON3] Addrow(TableUpdate) なし -> スキップ
[HOTFIX:SEASON3] done: applied=19, deleted=0, skipped=0
[STEP1-4] merge https://export-service.dillyapis.com/v1/export/?Path=FortniteGame/Plugins/GameFeatures/BlastBerryLoot/Content/DataTables/BlastBerry_AthenaLootPackages_Unranked.uasset : replaced=0, added=16
[HOTFIX:SEASON4] target=/BlastBerryLoot/DataTables/BlastBerry_AthenaLootPackages_Unranked
[HOTFIX:SEASON4] Addrow(TableUpdate) なし -> スキップ
[HOTFIX:SEASON4] done: applied=0, deleted=0, skipped=0
[STEP1-5] merge https://export-service.dillyapis.com/v1/export/?Path=FortniteGame/Plugins/GameFeatures/BlastBerryLoot/Content/DataTables/Sunflower/SunflowerLootPackages.uasset : replaced=3, added=180
[HOTFIX:SEASON5] target=/BlastBerryLoot/DataTables/Sunflower/SunflowerLootPackages
[HOTFIX:SEASON5] Addrow(TableUpdate) なし -> スキップ
[HOTFIX:SEASON5] done: applied=0, deleted=0, skipped=0
[WRITE] final -> E:\フォートナイト\Picture\Loot Pool\TEST4\New Loot\System Update\Reload\Sunflower\input\AthenaLootPackages_Client__final.json
[WRITE] per-input -> E:\フォートナイト\Picture\Loot Pool\TEST4\New Loot\System Update\Reload\Sunflower\input\BlastBerryLootPackages__final.json
[WRITE] per-input -> E:\フォートナイト\Picture\Loot Pool\TEST4\New Loot\System Update\Reload\Sunflower\input\AthenaLootPackages_Client_BlastBerryOverride__final.json
[WRITE] per-input -> E:\フォートナイト\Picture\Loot Pool\TEST4\New Loot\System Update\Reload\Sunflower\input\BlastBerry_AthenaLootPackages_Unranked__final.json
[WRITE] per-input -> E:\フォートナイト\Picture\Loot Pool\TEST4\New Loot\System Update\Reload\Sunflower\input\SunflowerLootPackages__final.json
2026-09-03 14:23:36 | INFO | hotfix start: E:\フォートナイト\Picture\Loot Pool\TEST4\New Loot\System Update\LootTier.py
2026-09-03 14:23:37 | INFO | hotfix lt stdout: [STEP1-1] base https://export-service.dillyapis.com/v1/export/?Path=FortniteGame/Content/Items/DataTables/AthenaLootTierData_Client.uasset
[HOTFIX:SEASON1] target=/Game/Items/Datatables/AthenaLootTierData_Client
[1238] RowUpdate Loot_AthenaFloorLoot_02.Weight=0.600000 -> OK
[1239] RowUpdate Loot_AthenaTreasure_02.Weight=0.120000 -> OK
[1240] RowUpdate Loot_ApolloTreasure_Rare_02.Weight=0.100000 -> OK
[1758] RowUpdate LTG_Vend_Item_Mend_1_01.NumLootPackageDropsRange=(X=4.000000,Y=4.000000) -> OK
[1759] RowUpdate LTG_Vend_Item_Mend_1_01.LootPackageCategoryMinArray=(4,0,0,0,0,0,0,0,0,0,0) -> OK
[1760] RowUpdate LTG_Vend_Item_Mend_2_01.NumLootPackageDropsRange=(X=8.000000,Y=8.000000) -> OK
[1761] RowUpdate LTG_Vend_Item_Mend_2_01.LootPackageCategoryMinArray=(8,0,0,0,0,0,0,0,0,0,0) -> OK
[1762] RowUpdate LTG_Vend_Item_Mend_3_01.NumLootPackageDropsRange=(X=2.000000,Y=2.000000) -> OK
[1763] RowUpdate LTG_Vend_Item_Mend_3_01.LootPackageCategoryMinArray=(2,0,0,0,0,0,0,0,0,0,0) -> OK
[1764] RowUpdate LTG_Vend_Item_Mend_4_01.NumLootPackageDropsRange=(X=4.000000,Y=4.000000) -> OK
[1765] RowUpdate LTG_Vend_Item_Mend_4_01.LootPackageCategoryMinArray=(4,0,0,0,0,0,0,0,0,0,0) -> OK
[1766] RowUpdate LTG_Vend_Weapon_Shotgun_1_01.NumLootPackageDropsRange=(X=4.000000,Y=4.000000) -> OK
[1767] RowUpdate LTG_Vend_Weapon_Shotgun_1_01.LootPackageCategoryMinArray=(4,1,0,0,0,0,0,0,0,0,0) -> OK
[1768] RowUpdate LTG_Vend_Weapon_Shotgun_2_01.NumLootPackageDropsRange=(X=4.000000,Y=4.000000) -> OK
[1769] RowUpdate LTG_Vend_Weapon_Shotgun_2_01.LootPackageCategoryMinArray=(4,1,0,0,0,0,0,0,0,0,0) -> OK
[1770] RowUpdate LTG_Vend_Weapon_Shotgun_3_01.NumLootPackageDropsRange=(X=4.000000,Y=4.000000) -> OK
[1771] RowUpdate LTG_Vend_Weapon_Shotgun_3_01.LootPackageCategoryMinArray=(4,1,0,0,0,0,0,0,0,0,0) -> OK
[1772] RowUpdate LTG_Vend_Weapon_Shotgun_3_02.NumLootPackageDropsRange=(X=1.000000,Y=1.000000) -> OK
[1773] RowUpdate LTG_Vend_Weapon_Shotgun_3_02.LootPackageCategoryMinArray=(1,1,0,0,0,0,0,0,0,0,0) -> OK
[1774] RowUpdate LTG_Vend_Weapon_Shotgun_4_01.NumLootPackageDropsRange=(X=4.000000,Y=4.000000) -> OK
[1775] RowUpdate LTG_Vend_Weapon_Shotgun_4_01.LootPackageCategoryMinArray=(4,1,0,0,0,0,0,0,0,0,0) -> OK
[1776] RowUpdate LTG_Vend_Weapon_Shotgun_4_02.NumLootPackageDropsRange=(X=1.000000,Y=1.000000) -> OK
[1777] RowUpdate LTG_Vend_Weapon_Shotgun_4_02.LootPackageCategoryMinArray=(1,1,0,0,0,0,0,0,0,0,0) -> OK
[1778] RowUpdate LTG_Vend_Weapon_Handgun_1_01.NumLootPackageDropsRange=(X=4.000000,Y=4.000000) -> OK
[1779] RowUpdate LTG_Vend_Weapon_Handgun_1_01.LootPackageCategoryMinArray=(4,1,0,0,0,0,0,0,0,0,0) -> OK
[1780] RowUpdate LTG_Vend_Weapon_Handgun_2_01.NumLootPackageDropsRange=(X=4.000000,Y=4.000000) -> OK
[1781] RowUpdate LTG_Vend_Weapon_Handgun_2_01.LootPackageCategoryMinArray=(4,1,0,0,0,0,0,0,0,0,0) -> OK
[1782] RowUpdate LTG_Vend_Weapon_Handgun_3_01.NumLootPackageDropsRange=(X=4.000000,Y=4.000000) -> OK
[1783] RowUpdate LTG_Vend_Weapon_Handgun_3_01.LootPackageCategoryMinArray=(4,1,0,0,0,0,0,0,0,0,0) -> OK
[1784] RowUpdate LTG_Vend_Weapon_Handgun_3_02.NumLootPackageDropsRange=(X=1.000000,Y=1.000000) -> OK
[1785] RowUpdate LTG_Vend_Weapon_Handgun_3_02.LootPackageCategoryMinArray=(1,1,0,0,0,0,0,0,0,0,0) -> OK
[1786] RowUpdate LTG_Vend_Weapon_Handgun_4_01.NumLootPackageDropsRange=(X=4.000000,Y=4.000000) -> OK
[1787] RowUpdate LTG_Vend_Weapon_Handgun_4_01.LootPackageCategoryMinArray=(4,1,0,0,0,0,0,0,0,0,0) -> OK
[1788] RowUpdate LTG_Vend_Weapon_Handgun_4_02.NumLootPackageDropsRange=(X=1.000000,Y=1.000000) -> OK
[1789] RowUpdate LTG_Vend_Weapon_Handgun_4_02.LootPackageCategoryMinArray=(1,1,0,0,0,0,0,0,0,0,0) -> OK
[1790] RowUpdate LTG_Vend_Weapon_SMG_1_01.NumLootPackageDropsRange=(X=4.000000,Y=4.000000) -> OK
[1791] RowUpdate LTG_Vend_Weapon_SMG_1_01.LootPackageCategoryMinArray=(4,1,0,0,0,0,0,0,0,0,0) -> OK
[1792] RowUpdate LTG_Vend_Weapon_SMG_2_01.NumLootPackageDropsRange=(X=4.000000,Y=4.000000) -> OK
[1793] RowUpdate LTG_Vend_Weapon_SMG_2_01.LootPackageCategoryMinArray=(4,1,0,0,0,0,0,0,0,0,0) -> OK
[1794] RowUpdate LTG_Vend_Weapon_SMG_3_01.NumLootPackageDropsRange=(X=4.000000,Y=4.000000) -> OK
[1795] RowUpdate LTG_Vend_Weapon_SMG_3_01.LootPackageCategoryMinArray=(4,1,0,0,0,0,0,0,0,0,0) -> OK
[1796] RowUpdate LTG_Vend_Weapon_SMG_3_02.NumLootPackageDropsRange=(X=1.000000,Y=1.000000) -> OK
[1797] RowUpdate LTG_Vend_Weapon_SMG_3_02.LootPackageCategoryMinArray=(1,1,0,0,0,0,0,0,0,0,0) -> OK
[1798] RowUpdate LTG_Vend_Weapon_SMG_4_01.NumLootPackageDropsRange=(X=4.000000,Y=4.000000) -> OK
[1799] RowUpdate LTG_Vend_Weapon_SMG_4_01.LootPackageCategoryMinArray=(4,1,0,0,0,0,0,0,0,0,0) -> OK
[1800] RowUpdate LTG_Vend_Weapon_SMG_4_02.NumLootPackageDropsRange=(X=1.000000,Y=1.000000) -> OK
[1801] RowUpdate LTG_Vend_Weapon_SMG_4_02.LootPackageCategoryMinArray=(1,1,0,0,0,0,0,0,0,0,0) -> OK
[1802] RowUpdate LTG_Vend_Weapon_Assault_1_01.NumLootPackageDropsRange=(X=4.000000,Y=4.000000) -> OK
[1803] RowUpdate LTG_Vend_Weapon_Assault_1_01.LootPackageCategoryMinArray=(4,1,0,0,0,0,0,0,0,0,0) -> OK
[1804] RowUpdate LTG_Vend_Weapon_Assault_2_01.NumLootPackageDropsRange=(X=4.000000,Y=4.000000) -> OK
[1805] RowUpdate LTG_Vend_Weapon_Assault_2_01.LootPackageCategoryMinArray=(4,1,0,0,0,0,0,0,0,0,0) -> OK
[1806] RowUpdate LTG_Vend_Weapon_Assault_3_01.NumLootPackageDropsRange=(X=4.000000,Y=4.000000) -> OK
[1807] RowUpdate LTG_Vend_Weapon_Assault_3_01.LootPackageCategoryMinArray=(4,1,0,0,0,0,0,0,0,0,0) -> OK
[1808] RowUpdate LTG_Vend_Weapon_Assault_3_02.NumLootPackageDropsRange=(X=1.000000,Y=1.000000) -> OK
[1809] RowUpdate LTG_Vend_Weapon_Assault_3_02.LootPackageCategoryMinArray=(1,1,0,0,0,0,0,0,0,0,0) -> OK
[1810] RowUpdate LTG_Vend_Weapon_Assault_4_01.NumLootPackageDropsRange=(X=4.000000,Y=4.000000) -> OK
[1811] RowUpdate LTG_Vend_Weapon_Assault_4_01.LootPackageCategoryMinArray=(4,1,0,0,0,0,0,0,0,0,0) -> OK
[1812] RowUpdate LTG_Vend_Weapon_Assault_4_02.NumLootPackageDropsRange=(X=1.000000,Y=1.000000) -> OK
[1813] RowUpdate LTG_Vend_Weapon_Assault_4_02.LootPackageCategoryMinArray=(1,1,0,0,0,0,0,0,0,0,0) -> OK
[HOTFIX:SEASON1] done: applied=59, deleted=0, skipped=0
[STEP1-2] merge https://export-service.dillyapis.com/v1/export/?Path=FortniteGame/Plugins/GameFeatures/BlastBerryLoot/Content/DataTables/BlastBerryTierData.uasset : replaced=5, added=71
[HOTFIX:SEASON2] target=/BlastBerryLoot/DataTables/BlastBerryTierData
[HOTFIX:SEASON2] done: applied=0, deleted=0, skipped=0
[STEP1-3] merge https://export-service.dillyapis.com/v1/export/?Path=FortniteGame/Plugins/GameFeatures/BlastBerryLoot/Content/DataTables/AthenaLootTierData_Client_BlastBerryOverride.uasset : replaced=72, added=192
[HOTFIX:SEASON3] target=/BlastBerryLoot/DataTables/AthenaLootTierData_Client_BlastBerryOverride
[HOTFIX:SEASON3] done: applied=0, deleted=0, skipped=0
[WRITE] final -> E:\フォートナイト\Picture\Loot Pool\TEST4\New Loot\System Update\Reload\Sunflower\input\AthenaLootTierData_Client__final.json
[WRITE] per-input -> E:\フォートナイト\Picture\Loot Pool\TEST4\New Loot\System Update\Reload\Sunflower\input\BlastBerryTierData__final.json
[WRITE] per-input -> E:\フォートナイト\Picture\Loot Pool\TEST4\New Loot\System Update\Reload\Sunflower\input\AthenaLootTierData_Client_BlastBerryOverride__final.json
2026-09-03 14:23:37 | INFO | ✓ Hotfix 適用完了 (4.59s)
2026-09-03 14:23:37 | INFO | load lt: E:\フォートナイト\Picture\Loot Pool\TEST4\New Loot\System Update\Reload\Sunflower\input\AthenaLootTierData_Client__final.json
2026-09-03 14:23:37 | INFO | load lp: E:\フォートナイト\Picture\Loot Pool\TEST4\New Loot\System Update\Reload\Sunflower\input\AthenaLootPackages_Client__final.json
2026-09-03 14:23:37 | INFO | load done (0.03s)
2026-09-03 14:23:37 | INFO | build summary start
2026-09-03 14:23:37 | INFO | build summary done (0.03s)
2026-09-03 14:23:37 | INFO | enrich summary with names start
2026-09-03 14:23:37 | INFO | enrich summary done (0.00s)
2026-09-03 14:23:37 | INFO | ✅ まとめJSONを作成: E:\フォートナイト\Picture\Loot Pool\TEST4\New Loot\System Update\Reload\Sunflower\output\summary\v39.30_2026-09-03_14-23.json
2026-09-03 14:23:37 | INFO | build item metadata start
2026-09-03 14:23:40 | INFO | ✅ アイテム名・説明・タグJSONを更新: E:\フォートナイト\Picture\Loot Pool\TEST4\New Loot\System Update\shared\cache\item_metadata.json (2.73s)
2026-09-03 14:23:40 | INFO | build BR_LootData start
2026-09-03 14:23:40 | INFO | build BR_LootData done (0.00s)
2026-09-03 14:23:40 | INFO | ✅ BR_LootData を作成: E:\フォートナイト\Picture\Loot Pool\TEST4\New Loot\System Update\戦利品データ\Reload\Sunflower\Sunflower_LootData_2026-09-03_14-23.json
2026-09-03 14:23:40 | INFO | ✅ Web LootPool を更新: E:\フォートナイト\Web\loot\data\Sunflower_LootPool.json
2026-09-03 14:23:40 | INFO | LootSummary start: E:\フォートナイト\Picture\Loot Pool\TEST4\New Loot\System Update\Reload\Sunflower\scripts\LootSummary.py
2026-09-03 14:23:40 | INFO | LootSummary stdout: 🔎 抽出用: 最新ファイル = E:\フォートナイト\Picture\Loot Pool\TEST4\New Loot\System Update\Reload\Sunflower\output\summary\v39.30_2026-09-03_14-23.json
✅ 抽出件数: 150
💾 保存: E:\フォートナイト\Picture\Loot Pool\TEST4\New Loot\System Update\Reload\Sunflower\input\items_unique_min.json
🔎 比較用: base   = E:\フォートナイト\Picture\Loot Pool\TEST4\New Loot\System Update\Reload\Sunflower\output\summary\v39.30_2026-05-29_09-41.json
🔎 比較用: target = E:\フォートナイト\Picture\Loot Pool\TEST4\New Loot\System Update\Reload\Sunflower\output\summary\v39.30_2026-09-03_14-23.json
✅ 差分作成 完了
  追加   : 36 / 削除 : 73 / 変更 : 0 / 変化なし : 114
💾 差分: E:\フォートナイト\Picture\Loot Pool\TEST4\New Loot\System Update\Reload\Sunflower\output\history\BR_20260903_1423\items_unique_min_diff.json
2026-09-03 14:23:40 | WARNING | LootSummary stderr: E:\フォートナイト\Picture\Loot Pool\TEST4\New Loot\System Update\Reload\Sunflower\scripts\LootSummary.py:2: SyntaxWarning: invalid escape sequence '\B'
  """
2026-09-03 14:23:40 | INFO | ✅ LootSummary 実行完了（抽出→比較） (0.24s)
2026-09-03 14:23:40 | INFO | prewarm start
2026-09-03 14:23:41 | INFO | ✅ アイコンキャッシュ プリウォーム完了 (0.77s)
2026-09-03 14:23:41 | INFO | 画像化タスク数: 150
2026-09-03 14:23:41 | INFO | 画像生成 進捗: 1/150
2026-09-03 14:23:42 | INFO | 画像生成 進捗: 50/150
2026-09-03 14:23:42 | INFO | 画像生成 進捗: 100/150
2026-09-03 14:23:43 | INFO | 画像生成 進捗: 150/150
2026-09-03 14:23:43 | INFO | ✅ 画像生成 完了（MinListベース）
2026-09-03 14:23:43 | INFO | ✅ Loot diff を作成: E:\フォートナイト\Web\loot\data\diff\Sunflower_2026-09-03_14-23-43.json (added=51 removed=96 change=110)
2026-09-03 14:23:43 | INFO | ✅ AddedItems 画像を保存: E:\フォートナイト\Picture\Loot Pool\TEST4\New Loot\System Update\shared\images\Sunflower\AddedItems\2026-09-03_14-23-43 (copied=51 missing=0)
2026-09-03 14:23:43 | INFO | git add: E:\フォートナイト\Picture\Loot Pool\TEST4\New Loot
2026-09-03 14:23:46 | INFO | git commit stdout: [main fd8a5b4] Sunflower update 2026-09-03 14:23:45
 91 files changed, 225601 insertions(+), 198549 deletions(-)
 create mode 100644 System Update/Reload/Sunflower/output/history/BR_20260903_1423/items_unique_min_diff.json
 create mode 100644 System Update/Reload/Sunflower/output/logs/pipeline_2026-09-03_14-23-33.log
 create mode 100644 System Update/Reload/Sunflower/output/summary/v39.30_2026-09-03_14-23.json
 create mode 100644 "System Update/shared/images/Sunflower/AddedItems/2026-09-03_14-23-43/\343\203\206\343\202\243\343\202\2421 - \343\202\242\343\202\265\343\203\253\343\203\210\343\203\251\343\202\244\343\203\225\343\203\253  .png"
 create mode 100644 "System Update/shared/images/Sunflower/AddedItems/2026-09-03_14-23-43/\343\203\206\343\202\243\343\202\2421 - \343\202\263\343\203\263\343\203\220\343\203\203\343\203\210\343\202\267\343\203\247\343\203\203\343\203\210\343\202\254\343\203\263.png"
 create mode 100644 "System Update/shared/images/Sunflower/AddedItems/2026-09-03_14-23-43/\343\203\206\343\202\243\343\202\2421 - \343\202\264\343\203\274\343\203\253\343\203\211.png"
 create mode 100644 "System Update/shared/images/Sunflower/AddedItems/2026-09-03_14-23-43/\343\203\206\343\202\243\343\202\2421 - \343\202\271\343\203\210\343\203\251\343\202\244\343\202\253\343\203\274\343\203\220\343\203\274\343\202\271\343\203\210\343\203\251\343\202\244\343\203\225\343\203\253.png"
 create mode 100644 "System Update/shared/images/Sunflower/AddedItems/2026-09-03_14-23-43/\343\203\206\343\202\243\343\202\2421 - \343\203\264\343\202\247\343\203\274\343\203\253\343\203\211 \343\203\227\343\203\254\343\202\267\343\202\270\343\203\247\343\203\263SMG.png"
 create mode 100644 "System Update/shared/images/Sunflower/AddedItems/2026-09-03_14-23-43/\343\203\206\343\202\243\343\202\2421 - \345\274\276\350\226\254_ \343\203\255\343\202\261\343\203\203\343\203\210\345\274\276.png"
 create mode 100644 "System Update/shared/images/Sunflower/AddedItems/2026-09-03_14-23-43/\343\203\206\343\202\243\343\202\2421 - \345\274\276\350\226\254_ \344\270\255\345\217\243\345\276\204\345\274\276.png"
 create mode 100644 "System Update/shared/images/Sunflower/AddedItems/2026-09-03_14-23-43/\343\203\206\343\202\243\343\202\2421 - \345\274\276\350\226\254_ \345\244\247\345\217\243\345\276\204\345\274\276.png"
 create mode 100644 "System Update/shared/images/Sunflower/AddedItems/2026-09-03_14-23-43/\343\203\206\343\202\243\343\202\2421 - \345\274\276\350\226\254_ \345\260\217\345\217\243\345\276\204\345\274\276.png"
 create mode 100644 "System Update/shared/images/Sunflower/AddedItems/2026-09-03_14-23-43/\343\203\206\343\202\243\343\202\2421 - \345\274\276\350\226\254_ \346\225\243\345\274\276.png"
 create mode 100644 "System Update/shared/images/Sunflower/AddedItems/2026-09-03_14-23-43/\343\203\206\343\202\243\343\202\2421 - \346\234\250\346\235\220.png"
 create mode 100644 "System Update/shared/images/Sunflower/AddedItems/2026-09-03_14-23-43/\343\203\206\343\202\243\343\202\2421 - \347\237\263\346\235\220.png"
 create mode 100644 "System Update/shared/images/Sunflower/AddedItems/2026-09-03_14-23-43/\343\203\206\343\202\243\343\202\2421 - \351\207\221\345\261\236.png"
 create mode 100644 "System Update/shared/images/Sunflower/AddedItems/2026-09-03_14-23-43/\343\203\206\343\202\243\343\202\2422 - \343\202\263\343\203\263\343\203\220\343\203\203\343\203\210\343\202\267\343\203\247\343\203\203\343\203\210\343\202\254\343\203\263.png"
 create mode 100644 "System Update/shared/images/Sunflower/AddedItems/2026-09-03_14-23-43/\343\203\206\343\202\243\343\202\2422 - \343\202\271\343\203\210\343\203\251\343\202\244\343\202\253\343\203\274\343\203\220\343\203\274\343\202\271\343\203\210\343\203\251\343\202\244\343\203\225\343\203\253.png"
 create mode 100644 "System Update/shared/images/Sunflower/AddedItems/2026-09-03_14-23-43/\343\203\206\343\202\243\343\202\2422 - \343\203\232\343\203\203\343\203\221\343\203\274.png"
 create mode 100644 "System Update/shared/images/Sunflower/AddedItems/2026-09-03_14-23-43/\343\203\206\343\202\243\343\202\2422 - \343\203\237\343\203\213\343\202\267\343\203\274\343\203\253\343\203\211\343\203\235\343\203\274\343\202\267\343\203\247\343\203\263.png"
 create mode 100644 "System Update/shared/images/Sunflower/AddedItems/2026-09-03_14-23-43/\343\203\206\343\202\243\343\202\2422 - \343\203\242\343\203\253\343\203\225\343\202\241\343\202\244\343\203\210\343\203\273\343\202\265\343\203\226\343\203\236\343\202\267\343\203\263\343\202\254\343\203\263.png"
 create mode 100644 "System Update/shared/images/Sunflower/AddedItems/2026-09-03_14-23-43/\343\203\206\343\202\243\343\202\2422 - \343\203\242\343\203\253\343\203\225\343\202\241\343\202\244\343\203\210\343\203\273\343\202\271\343\203\221\343\202\244\343\202\242\343\203\273\343\203\251\343\202\244\343\203\225\343\203\253.png"
 create mode 100644 "System Update/shared/images/Sunflower/AddedItems/2026-09-03_14-23-43/\343\203\206\343\202\243\343\202\2422 - \343\203\242\343\203\253\343\203\225\343\202\241\343\202\244\343\203\210\343\203\273\343\203\217\343\202\244\343\203\221\343\203\274\343\203\220\343\203\274\343\202\271\343\203\210\343\203\273\343\203\224\343\202\271\343\203\210\343\203\253.png"
 create mode 100644 "System Update/shared/images/Sunflower/AddedItems/2026-09-03_14-23-43/\343\203\206\343\202\243\343\202\2422 - \343\203\242\343\203\253\343\203\225\343\202\241\343\202\244\343\203\210\343\203\273\343\203\217\343\203\234\343\203\203\343\202\257\343\203\235\343\203\263\343\203\227\343\202\267\343\203\247\343\203\203\343\203\210\343\202\254\343\203\263.png"
 create mode 100644 "System Update/shared/images/Sunflower/AddedItems/2026-09-03_14-23-43/\343\203\206\343\202\243\343\202\2422 - \343\203\242\343\203\253\343\203\225\343\202\241\343\202\244\343\203\210\343\203\273\343\203\217\343\203\263\343\203\236\343\203\274\343\202\242\343\202\265\343\203\253\343\203\210\343\203\251\343\202\244\343\203\225\343\203\253.png"
 create mode 100644 "System Update/shared/images/Sunflower/AddedItems/2026-09-03_14-23-43/\343\203\206\343\202\243\343\202\2422 - \343\203\242\343\203\253\343\203\225\343\202\241\343\202\244\343\203\210\343\203\273\343\203\225\343\203\254\343\203\203\343\202\257\343\202\271\343\202\265\343\203\226\343\203\236\343\202\267\343\203\263\343\202\254\343\203\263.png"
 create mode 100644 "System Update/shared/images/Sunflower/AddedItems/2026-09-03_14-23-43/\343\203\206\343\202\243\343\202\2422 - \343\203\242\343\203\253\343\203\225\343\202\241\343\202\244\343\203\210\343\203\273\343\203\230\343\203\223\343\203\274\343\202\242\343\202\265\343\203\253\343\203\210\343\203\251\343\202\244\343\203\225\343\203\253.png"
 create mode 100644 "System Update/shared/images/Sunflower/AddedItems/2026-09-03_14-23-43/\343\203\206\343\202\243\343\202\2422 - \343\203\252\343\203\263\343\202\264.png"
 create mode 100644 "System Update/shared/images/Sunflower/AddedItems/2026-09-03_14-23-43/\343\203\206\343\202\243\343\202\2422 - \343\203\264\343\202\247\343\203\274\343\203\253\343\203\211 \343\203\227\343\203\254\343\202\267\343\202\270\343\203\247\343\203\263SMG.png"
 create mode 100644 "System Update/shared/images/Sunflower/AddedItems/2026-09-03_14-23-43/\343\203\206\343\202\243\343\202\2423 - \343\202\263\343\203\263\343\203\220\343\203\203\343\203\210\343\202\267\343\203\247\343\203\203\343\203\210\343\202\254\343\203\263.png"
 create mode 100644 "System Update/shared/images/Sunflower/AddedItems/2026-09-03_14-23-43/\343\203\206\343\202\243\343\202\2423 - \343\202\265\343\202\244\343\203\254\343\203\263\343\202\265\343\203\274\344\273\230\343\201\215\343\202\242\343\202\265\343\203\253\343\203\210\343\203\251\343\202\244\343\203\225\343\203\253.png"
 create mode 100644 "System Update/shared/images/Sunflower/AddedItems/2026-09-03_14-23-43/\343\203\206\343\202\243\343\202\2423 - \343\202\267\343\203\274\343\203\253\343\203\211\343\202\261\343\202\260.png"
 create mode 100644 "System Update/shared/images/Sunflower/AddedItems/2026-09-03_14-23-43/\343\203\206\343\202\243\343\202\2423 - \343\202\271\343\203\210\343\203\251\343\202\244\343\202\253\343\203\274\343\203\220\343\203\274\343\202\271\343\203\210\343\203\251\343\202\244\343\203\225\343\203\253.png"
 create mode 100644 "System Update/shared/images/Sunflower/AddedItems/2026-09-03_14-23-43/\343\203\206\343\202\243\343\202\2423 - \343\202\271\343\203\251\343\203\203\343\203\227\343\202\270\343\203\245\343\203\274\343\202\271.png"
 create mode 100644 "System Update/shared/images/Sunflower/AddedItems/2026-09-03_14-23-43/\343\203\206\343\202\243\343\202\2423 - \343\202\277\343\202\257\343\203\206\343\202\243\343\202\253\343\203\253\343\202\267\343\203\247\343\203\203\343\203\210\343\202\254\343\203\263.png"
 create mode 100644 "System Update/shared/images/Sunflower/AddedItems/2026-09-03_14-23-43/\343\203\206\343\202\243\343\202\2423 - \343\203\201\343\203\243\343\202\260\343\202\271\343\203\227\343\203\251\343\203\203\343\202\267\343\203\245.png"
 create mode 100644 "System Update/shared/images/Sunflower/AddedItems/2026-09-03_14-23-43/\343\203\206\343\202\243\343\202\2423 - \343\203\242\343\203\253\343\203\225\343\202\241\343\202\244\343\203\210\343\203\273\343\202\242\343\202\265\343\203\253\343\203\210\343\203\251\343\202\244\343\203\225\343\203\253.png"
 create mode 100644 "System Update/shared/images/Sunflower/AddedItems/2026-09-03_14-23-43/\343\203\206\343\202\243\343\202\2423 - \343\203\242\343\203\253\343\203\225\343\202\241\343\202\244\343\203\210\343\203\273\343\203\217\343\203\263\343\203\211\343\202\255\343\203\243\343\203\216\343\203\263.png"
 create mode 100644 "System Update/shared/images/Sunflower/AddedItems/2026-09-03_14-23-43/\343\203\206\343\202\243\343\202\2423 - \343\203\242\343\203\253\343\203\225\343\202\241\343\202\244\343\203\210\343\203\273\343\203\235\343\203\263\343\203\227\343\202\267\343\203\247\343\203\203\343\203\210\343\202\254\343\203\263.png"
 create mode 100644 "System Update/shared/images/Sunflower/AddedItems/2026-09-03_14-23-43/\343\203\206\343\202\243\343\202\2423 - \343\203\255\343\202\261\343\203\203\343\203\210\343\203\251\343\203\263\343\203\201\343\203\243\343\203\274   .png"
 create mode 100644 "System Update/shared/images/Sunflower/AddedItems/2026-09-03_14-23-43/\343\203\206\343\202\243\343\202\2423 - \343\203\264\343\202\247\343\203\274\343\203\253\343\203\211 \343\203\227\343\203\254\343\202\267\343\202\270\343\203\247\343\203\263SMG.png"
 create mode 100644 "System Update/shared/images/Sunflower/AddedItems/2026-09-03_14-23-43/\343\203\206\343\202\243\343\202\2424 - \343\202\255\343\203\253\343\202\271\343\202\244\343\203\203\343\203\201\343\203\273\343\203\252\343\203\234\343\203\253\343\203\220\343\203\274.png"
 create mode 100644 "System Update/shared/images/Sunflower/AddedItems/2026-09-03_14-23-43/\343\203\206\343\202\243\343\202\2424 - \343\202\263\343\203\263\343\203\220\343\203\203\343\203\210\343\202\267\343\203\247\343\203\203\343\203\210\343\202\254\343\203\263.png"
 create mode 100644 "System Update/shared/images/Sunflower/AddedItems/2026-09-03_14-23-43/\343\203\206\343\202\243\343\202\2424 - \343\202\265\343\202\244\343\203\254\343\203\263\343\202\265\343\203\274\344\273\230\343\201\215\343\202\242\343\202\265\343\203\253\343\203\210\343\203\251\343\202\244\343\203\225\343\203\253.png"
 create mode 100644 "System Update/shared/images/Sunflower/AddedItems/2026-09-03_14-23-43/\343\203\206\343\202\243\343\202\2424 - \343\202\271\343\203\251\343\203\274\343\203\227\343\203\225\343\202\243\343\203\203\343\202\267\343\203\245.png"
 create mode 100644 "System Update/shared/images/Sunflower/AddedItems/2026-09-03_14-23-43/\343\203\206\343\202\243\343\202\2424 - \343\203\255\343\202\261\343\203\203\343\203\210\343\203\251\343\203\263\343\203\201\343\203\243\343\203\274   .png"
 create mode 100644 "System Update/shared/images/Sunflower/AddedItems/2026-09-03_14-23-43/\343\203\206\343\202\243\343\202\2424 - \343\203\264\343\202\247\343\203\274\343\203\253\343\203\211 \343\203\227\343\203\254\343\202\267\343\202\270\343\203\247\343\203\263SMG.png"
 create mode 100644 "System Update/shared/images/Sunflower/AddedItems/2026-09-03_14-23-43/\343\203\206\343\202\243\343\202\2425 - \343\202\263\343\203\263\343\203\220\343\203\203\343\203\210\343\202\267\343\203\247\343\203\203\343\203\210\343\202\254\343\203\263.png"
 create mode 100644 "System Update/shared/images/Sunflower/AddedItems/2026-09-03_14-23-43/\343\203\206\343\202\243\343\202\2425 - \343\202\265\343\202\244\343\203\254\343\203\263\343\202\265\343\203\274\344\273\230\343\201\215\343\202\242\343\202\265\343\203\253\343\203\210\343\203\251\343\202\244\343\203\225\343\203\253.png"
 create mode 100644 "System Update/shared/images/Sunflower/AddedItems/2026-09-03_14-23-43/\343\203\206\343\202\243\343\202\2425 - \343\202\271\343\203\210\343\203\251\343\202\244\343\202\253\343\203\274\343\203\220\343\203\274\343\202\271\343\203\210\343\203\251\343\202\244\343\203\225\343\203\253.png"
 create mode 100644 "System Update/shared/images/Sunflower/AddedItems/2026-09-03_14-23-43/\343\203\206\343\202\243\343\202\2425 - \343\203\255\343\202\261\343\203\203\343\203\210\343\203\251\343\203\263\343\203\201\343\203\243\343\203\274   .png"
 create mode 100644 "System Update/shared/images/Sunflower/AddedItems/2026-09-03_14-23-43/\343\203\206\343\202\243\343\202\2425 - \343\203\264\343\202\247\343\203\274\343\203\253\343\203\211 \343\203\227\343\203\254\343\202\267\343\202\270\343\203\247\343\203\263SMG.png"
 create mode 100644 "System Update/shared/images/Sunflower/AddedItems/2026-09-03_14-23-43/\343\203\206\343\202\243\343\202\2426 - \351\207\221\343\201\256\343\203\252\343\203\263\343\202\264.png"
 create mode 100644 "System Update/shared/images/Sunflower/AddedItems/2026-09-03_14-23-43/\343\203\206\343\202\243\343\202\2427 - \343\203\204\343\203\274\343\203\273\343\202\267\343\203\247\343\203\203\343\203\210\343\202\267\343\203\247\343\203\203\343\203\210\343\202\254\343\203\263.png"
 create mode 100644 "System Update/shared/images/Sunflower/\343\202\263\343\203\263\343\203\220\343\203\203\343\203\210\343\202\267\343\203\247\343\203\203\343\203\210\343\202\254\343\203\263 - \343\203\206\343\202\243\343\202\2421.png"
 create mode 100644 "System Update/shared/images/Sunflower/\343\202\263\343\203\263\343\203\220\343\203\203\343\203\210\343\202\267\343\203\247\343\203\203\343\203\210\343\202\254\343\203\263 - \343\203\206\343\202\243\343\202\2422.png"
 create mode 100644 "System Update/shared/images/Sunflower/\343\202\263\343\203\263\343\203\220\343\203\203\343\203\210\343\202\267\343\203\247\343\203\203\343\203\210\343\202\254\343\203\263 - \343\203\206\343\202\243\343\202\2423.png"
 create mode 100644 "System Update/shared/images/Sunflower/\343\202\263\343\203\263\343\203\220\343\203\203\343\203\210\343\202\267\343\203\247\343\203\203\343\203\210\343\202\254\343\203\263 - \343\203\206\343\202\243\343\202\2424.png"
 create mode 100644 "System Update/shared/images/Sunflower/\343\202\263\343\203\263\343\203\220\343\203\203\343\203\210\343\202\267\343\203\247\343\203\203\343\203\210\343\202\254\343\203\263 - \343\203\206\343\202\243\343\202\2425.png"
 create mode 100644 "System Update/shared/images/Sunflower/\343\202\265\343\202\244\343\203\254\343\203\263\343\202\265\343\203\274\344\273\230\343\201\215\343\202\242\343\202\265\343\203\253\343\203\210\343\203\251\343\202\244\343\203\225\343\203\253 - \343\203\206\343\202\243\343\202\2423.png"
 create mode 100644 "System Update/shared/images/Sunflower/\343\202\265\343\202\244\343\203\254\343\203\263\343\202\265\343\203\274\344\273\230\343\201\215\343\202\242\343\202\265\343\203\253\343\203\210\343\203\251\343\202\244\343\203\225\343\203\253 - \343\203\206\343\202\243\343\202\2424.png"
 create mode 100644 "System Update/shared/images/Sunflower/\343\202\265\343\202\244\343\203\254\343\203\263\343\202\265\343\203\274\344\273\230\343\201\215\343\202\242\343\202\265\343\203\253\343\203\210\343\203\251\343\202\244\343\203\225\343\203\253 - \343\203\206\343\202\243\343\202\2425.png"
 create mode 100644 "System Update/shared/images/Sunflower/\343\202\267\343\203\274\343\203\253\343\203\211\343\202\261\343\202\260 - \343\203\206\343\202\243\343\202\2423.png"
 create mode 100644 "System Update/shared/images/Sunflower/\343\202\271\343\203\251\343\203\274\343\203\227\343\203\225\343\202\243\343\203\203\343\202\267\343\203\245 - \343\203\206\343\202\243\343\202\2424.png"
 create mode 100644 "System Update/shared/images/Sunflower/\343\202\277\343\202\257\343\203\206\343\202\243\343\202\253\343\203\253\343\202\267\343\203\247\343\203\203\343\203\210\343\202\254\343\203\263 - \343\203\206\343\202\243\343\202\2423.png"
 create mode 100644 "System Update/shared/images/Sunflower/\343\203\201\343\203\243\343\202\260\343\202\271\343\203\227\343\203\251\343\203\203\343\202\267\343\203\245 - \343\203\206\343\202\243\343\202\2423.png"
 create mode 100644 "System Update/shared/images/Sunflower/\343\203\204\343\203\274\343\203\273\343\202\267\343\203\247\343\203\203\343\203\210\343\202\267\343\203\247\343\203\203\343\203\210\343\202\254\343\203\263 - \343\203\206\343\202\243\343\202\2427.png"
 create mode 100644 "System Update/shared/images/Sunflower/\343\203\232\343\203\203\343\203\221\343\203\274 - \343\203\206\343\202\243\343\202\2422.png"
 create mode 100644 "System Update/shared/images/Sunflower/\343\203\242\343\203\253\343\203\225\343\202\241\343\202\244\343\203\210\343\203\273\343\202\271\343\203\221\343\202\244\343\202\242\343\203\273\343\203\251\343\202\244\343\203\225\343\203\253 - \343\203\206\343\202\243\343\202\2422.png"
 create mode 100644 "System Update/shared/images/Sunflower/\343\203\242\343\203\253\343\203\225\343\202\241\343\202\244\343\203\210\343\203\273\343\203\217\343\202\244\343\203\221\343\203\274\343\203\220\343\203\274\343\202\271\343\203\210\343\203\273\343\203\224\343\202\271\343\203\210\343\203\253 - \343\203\206\343\202\243\343\202\2422.png"
 create mode 100644 "System Update/shared/images/Sunflower/\343\203\242\343\203\253\343\203\225\343\202\241\343\202\244\343\203\210\343\203\273\343\203\217\343\203\234\343\203\203\343\202\257\343\203\235\343\203\263\343\203\227\343\202\267\343\203\247\343\203\203\343\203\210\343\202\254\343\203\263 - \343\203\206\343\202\243\343\202\2422.png"
 create mode 100644 "System Update/shared/images/Sunflower/\343\203\242\343\203\253\343\203\225\343\202\241\343\202\244\343\203\210\343\203\273\343\203\217\343\203\263\343\203\236\343\203\274\343\202\242\343\202\265\343\203\253\343\203\210\343\203\251\343\202\244\343\203\225\343\203\253 - \343\203\206\343\202\243\343\202\2422.png"
 create mode 100644 "System Update/shared/images/Sunflower/\343\203\242\343\203\253\343\203\225\343\202\241\343\202\244\343\203\210\343\203\273\343\203\225\343\203\254\343\203\203\343\202\257\343\202\271\343\202\265\343\203\226\343\203\236\343\202\267\343\203\263\343\202\254\343\203\263 - \343\203\206\343\202\243\343\202\2422.png"
 create mode 100644 "System Update/shared/images/Sunflower/\343\203\252\343\203\263\343\202\264 - \343\203\206\343\202\243\343\202\2422.png"
 create mode 100644 "System Update/shared/images/Sunflower/\343\203\264\343\202\247\343\203\274\343\203\253\343\203\211 \343\203\227\343\203\254\343\202\267\343\202\270\343\203\247\343\203\263SMG - \343\203\206\343\202\243\343\202\2421.png"
 create mode 100644 "System Update/shared/images/Sunflower/\351\207\221\343\201\256\343\203\252\343\203\263\343\202\264 - \343\203\206\343\202\243\343\202\2426.png"
 create mode 100644 "System Update/\346\210\246\345\210\251\345\223\201\343\203\207\343\203\274\343\202\277/Reload/Sunflower/Sunflower_LootData_2026-09-03_14-23.json"
2026-09-03 14:23:55 | WARNING | git push stderr: To https://github.com/Greenfox0833/New-Loot.git
   bd1ae33..fd8a5b4  main -> main
2026-09-03 14:23:55 | INFO | ✓ GitHub Push 完了
2026-09-03 14:23:55 | INFO | ===== Sunflower: pipeline end =====
