2026-09-02 14:46:57 | INFO | log file (NoBuild_Comp): E:\フォートナイト\Picture\Loot Pool\TEST4\New Loot\System Update\NoBuild_Comp\output\logs\pipeline_2026-09-02_14-46-57.log
2026-09-02 14:46:57 | INFO | ===== NoBuild_Comp: pipeline start =====
2026-09-02 14:46:57 | INFO | paths: lt=E:\フォートナイト\Picture\Loot Pool\TEST4\New Loot\System Update\NoBuild_Comp\input\AthenaLootTierData_Client__final.json lp=E:\フォートナイト\Picture\Loot Pool\TEST4\New Loot\System Update\NoBuild_Comp\input\AthenaLootPackages_Client__final.json minlist=E:\フォートナイト\Picture\Loot Pool\TEST4\New Loot\System Update\NoBuild_Comp\input\items_unique_min.json
2026-09-02 14:46:57 | INFO | output: summary=E:\フォートナイト\Picture\Loot Pool\TEST4\New Loot\System Update\NoBuild_Comp\output\summary lootdata=E:\フォートナイト\Picture\Loot Pool\TEST4\New Loot\System Update\戦利品データ\NoBuild_Comp
2026-09-02 14:46:57 | INFO | flags: hotfix=True prewarm=True image=True workers=8
2026-09-02 14:46:57 | INFO | hotfix start: E:\フォートナイト\Picture\Loot Pool\TEST4\New Loot\System Update\LootPackage.py
2026-09-02 14:47:00 | INFO | hotfix lp stdout: [STEP1-1] base https://export-service.dillyapis.com/v1/export/?Path=FortniteGame/Content/Items/DataTables/AthenaLootPackages_Client.uasset
[HOTFIX:SEASON1] target=/Game/Items/DataTables/AthenaLootPackages_Client
[1960] RowUpdate PKG_FishingDefault_Consumable_03.Weight=0.010000 -> OK
[1961] RowUpdate PKG_FishingHole_Consumable_03.Weight=0.010000 -> OK
[HOTFIX:SEASON1] Addrow(TableUpdate) なし -> スキップ
[HOTFIX:SEASON1] done: applied=2, deleted=0, skipped=0
[STEP1-2] merge https://export-service.dillyapis.com/v1/export/?Path=FortniteGame/Plugins/GameFeatures/CosmicThunderLoot/Content/DataTables/CosmicThunderLootPackages_Client.uasset : replaced=142, added=499
[HOTFIX:SEASON2] target=/CosmicThunderLoot/DataTables/CosmicThunderLootPackages_Client
[1814] RowUpdate LIST_Boss_Gold_01.CountRange=(X=750,Y=750) -> OK
[1815] RowUpdate LIST_LlamaSupply_Gold_01.CountRange=(X=750,Y=750) -> OK
[1887] RowUpdate LIST_Boss_SouthBalk_Weapon_01.Weight=2.000000 -> OK
[1888] RowUpdate LIST_Boss_SouthBalk_Weapon_01.ItemDefinition=/GoldenFAWeaponGameplay/Gameplay/WID_Pistol_Golden_Athena_UR.WID_Pistol_Golden_Athena_UR -> OK
[1924] RowUpdate LIST_Vend_Item_Seasonal_2_01.Weight=1.000000 -> OK
[1925] RowUpdate LIST_Vend_Item_Seasonal_2_01.CountRange=(X=3,Y=3) -> OK
[1926] RowUpdate LIST_Vend_Item_Seasonal_2_01.ItemDefinition=/ImpulseGrenade/Gameplay/StimpulseGrenade/Athena_Stimpulse.Athena_Stimpulse -> OK
[1962] RowUpdate LIST_FishingHole_Legendary_Consumable_04.Weight=0.5000 -> OK
[HOTFIX:SEASON2] Addrow(TableUpdate) なし -> スキップ
[HOTFIX:SEASON2] done: applied=8, deleted=0, skipped=0
[STEP1-3] merge https://export-service.dillyapis.com/v1/export/?Path=FortniteGame/Plugins/GameFeatures/CosmicThunderLoot/Content/DataTables/Comp/CosmicThunder_Override_LootPackages_Client_Comp.uasset : replaced=27, added=9
[HOTFIX:SEASON3] target=/CosmicThunderLoot/DataTables/Comp/CosmicThunder_Override_LootPackages_Client_Comp
[1738] RowUpdate LIST_FloorLoot_Consumables_Shielding_10.Weight=0.100000 -> OK
[1739] RowUpdate LIST_FloorLoot_Consumables_Shielding_10.CountRange=(X=2,Y=2) -> OK
[1740] RowUpdate LIST_FloorLoot_Consumables_Shielding_10.ItemDefinition=/Game/Athena/Items/Consumables/ChillBronco/Athena_ChillBronco.Athena_ChillBronco -> OK
[1741] RowUpdate LIST_RareChest_Consumables_Shielding_10.CountRange=(X=2,Y=2) -> OK
[1742] RowUpdate LIST_RareChest_Consumables_Shielding_10.ItemDefinition=/Game/Athena/Items/Consumables/ChillBronco/Athena_ChillBronco.Athena_ChillBronco -> OK
[1743] RowUpdate LIST_Chest_Consumables_Shielding_10.CountRange=(X=2,Y=2) -> OK
[1744] RowUpdate LIST_Chest_Consumables_Shielding_10.ItemDefinition=/Game/Athena/Items/Consumables/ChillBronco/Athena_ChillBronco.Athena_ChillBronco -> OK
[1983] RowUpdate LIST_Weapons_Legendary_SMG_10.Weight=0.000000 -> OK
[1984] RowUpdate LIST_Weapons_Rare_SMG_10.Weight=0.000000 -> OK
[1985] RowUpdate LIST_Weapons_Epic_SMG_10.Weight=0.000000 -> OK
[1986] RowUpdate LIST_FloorLoot_Consumables_Utility_Seasonal_03.Weight=0.160000 -> OK
[1987] RowUpdate LIST_FloorLoot_Consumables_Utility_Seasonal_03.CountRange=(X=3,Y=3) -> OK
[1988] RowUpdate LIST_FloorLoot_Consumables_Utility_Seasonal_03.ItemDefinition=/ImpulseGrenade/Gameplay/StimpulseGrenade/Athena_Stimpulse.Athena_Stimpulse -> OK
[1989] RowUpdate LIST_Chest_Consumables_Utility_Seasonal_03.Weight=0.160000 -> OK
[1990] RowUpdate LIST_Chest_Consumables_Utility_Seasonal_03.CountRange=(X=3,Y=3) -> OK
[1991] RowUpdate LIST_Chest_Consumables_Utility_Seasonal_03.ItemDefinition=/ImpulseGrenade/Gameplay/StimpulseGrenade/Athena_Stimpulse.Athena_Stimpulse -> OK
[HOTFIX:SEASON3] Addrow(TableUpdate) なし -> スキップ
[HOTFIX:SEASON3] done: applied=16, deleted=0, skipped=0
[STEP1-4] merge https://export-service.dillyapis.com/v1/export/?Path=FortniteGame/Plugins/GameFeatures/CosmicThunderLoot/Content/DataTables/Comp/CosmicThunder_Override_LootPackages_Comp_BACKUP.uasset : replaced=1, added=0
[HOTFIX:SEASON4] target=/CosmicThunderLoot/DataTables/Comp/CosmicThunder_Override_LootPackages_Comp_BACKUP
[1889] TableUpdate -> ADD LIST_Consumables_ZeroBuild_02
[1889] TableUpdate -> ADD LIST_Boss_SouthBalk_Weapon_01
[HOTFIX:SEASON4] done: applied=2, deleted=0, skipped=0
[STEP1-5] merge https://export-service.dillyapis.com/v1/export/?Path=FortniteGame/Plugins/GameFeatures/CosmicThunderLoot/Content/DataTables/NoBuildComp/CosmicThunder_Override_LootPackages_Client_Comp_NoBuild.uasset : replaced=21, added=0
[HOTFIX:SEASON5] target=/CosmicThunderLoot/DataTables/NoBuildComp/CosmicThunder_Override_LootPackages_Client_Comp_NoBuild
[HOTFIX:SEASON5] Addrow(TableUpdate) なし -> スキップ
[HOTFIX:SEASON5] done: applied=0, deleted=0, skipped=0
[STEP1-6] merge https://export-service.dillyapis.com/v1/export/?Path=FortniteGame/Plugins/GameFeatures/CosmicThunderLoot/Content/DataTables/NoBuildBR/CosmicThunder_Override_LootPackages_NoBuildBR.uasset : replaced=47, added=5
[HOTFIX:SEASON6] target=/CosmicThunderLoot/DataTables/NoBuildBR/CosmicThunder_Override_LootPackages_NoBuildBR
[1850] RowUpdate LIST_Consumables_ZeroBuild_03.Weight=0.04000 -> OK
[1851] RowUpdate LIST_Consumables_ZeroBuild_04.Weight=0.150000 -> OK
[1852] RowUpdate LIST_Consumables_ZeroBuild_05.Weight=0.170000 -> OK
[1853] RowUpdate LIST_Consumables_ZeroBuild_07.Weight=0.280000 -> OK
[1999] RowUpdate PKG_FloorLoot_Consumable_05.Weight=0.30000 -> OK
[2000] RowUpdate PKG_Chest_Weapon_Shotgun_10.Weight=0.40000 -> OK
[2001] RowUpdate PKG_Chest_Weapon_Handgun_10.Weight=0.40000 -> OK
[2002] RowUpdate PKG_Chest_Weapon_SMG_10.Weight=0.40000 -> OK
[2003] RowUpdate PKG_Chest_Weapon_Assault_10.Weight=0.40000 -> OK
[2004] RowUpdate PKG_Chest_Weapon_Sniper_10.Weight=0.40000 -> OK
[2005] RowUpdate PKG_Chest_Weapon_Bow_10.Weight=0.40000 -> OK
[2006] RowUpdate PKG_Chest_Weapon_Launcher_10.Weight=0.40000 -> OK
[2007] RowUpdate PKG_Chest_Weapon_Melee_10.Weight=0.40000 -> OK
[2008] RowUpdate LIST_Consumables_ZeroBuild_01.Weight=0.250000 -> OK
[2009] RowUpdate LIST_Consumables_ZeroBuild_01.CountRange=(X=2,Y=2) -> OK
[2010] RowUpdate LIST_Consumables_ZeroBuild_01.ItemDefinition=/ShieldBubble/Gameplay/ShieldBubbleJr/Athena_SilverBlazer_Mini_UC.Athena_SilverBlazer_Mini_UC -> OK
[2011] RowUpdate LIST_Consumables_ZeroBuild_02.Weight=0.100000 -> OK
[2012] RowUpdate LIST_Consumables_ZeroBuild_02.CountRange=(X=1,Y=1) -> OK
[2013] RowUpdate LIST_Consumables_ZeroBuild_03.Weight=0.000000 -> OK
[2014] RowUpdate LIST_Consumables_ZeroBuild_04.Weight=0.000000 -> OK
[2015] RowUpdate LIST_Consumables_ZeroBuild_05.Weight=0.100000 -> OK
[2016] RowUpdate LIST_Consumables_ZeroBuild_06.Weight=0.300000 -> OK
[2017] RowUpdate LIST_Consumables_ZeroBuild_07.Weight=0.300000 -> OK
[HOTFIX:SEASON6] Addrow(TableUpdate) なし -> スキップ
[HOTFIX:SEASON6] done: applied=23, deleted=0, skipped=0
[STEP1-7] merge https://export-service.dillyapis.com/v1/export/?Path=FortniteGame/Plugins/GameFeatures/CosmicThunderLoot/Content/DataTables/NoBuildComp/CosmicThunder_Override_LootPackages_Client_Comp_BACKUP.uasset : replaced=1, added=0
[HOTFIX:SEASON7] target=/CosmicThunderLoot/DataTables/NoBuildComp/CosmicThunder_Override_LootPackages_Client_Comp_BACKUP
[HOTFIX:SEASON7] Addrow(TableUpdate) なし -> スキップ
[HOTFIX:SEASON7] done: applied=0, deleted=0, skipped=0
[WRITE] final -> E:\フォートナイト\Picture\Loot Pool\TEST4\New Loot\System Update\NoBuild_Comp\input\AthenaLootPackages_Client__final.json
[WRITE] per-input -> E:\フォートナイト\Picture\Loot Pool\TEST4\New Loot\System Update\NoBuild_Comp\input\CosmicThunderLootPackages_Client__final.json
[WRITE] per-input -> E:\フォートナイト\Picture\Loot Pool\TEST4\New Loot\System Update\NoBuild_Comp\input\CosmicThunder_Override_LootPackages_Client_Comp__final.json
[WRITE] per-input -> E:\フォートナイト\Picture\Loot Pool\TEST4\New Loot\System Update\NoBuild_Comp\input\CosmicThunder_Override_LootPackages_Comp_BACKUP__final.json
[WRITE] per-input -> E:\フォートナイト\Picture\Loot Pool\TEST4\New Loot\System Update\NoBuild_Comp\input\CosmicThunder_Override_LootPackages_Client_Comp_NoBuild__final.json
[WRITE] per-input -> E:\フォートナイト\Picture\Loot Pool\TEST4\New Loot\System Update\NoBuild_Comp\input\CosmicThunder_Override_LootPackages_NoBuildBR__final.json
[WRITE] per-input -> E:\フォートナイト\Picture\Loot Pool\TEST4\New Loot\System Update\NoBuild_Comp\input\CosmicThunder_Override_LootPackages_Client_Comp_BACKUP__final.json
2026-09-02 14:47:00 | INFO | hotfix start: E:\フォートナイト\Picture\Loot Pool\TEST4\New Loot\System Update\LootTier.py
2026-09-02 14:47:01 | INFO | hotfix lt stdout: [STEP1-1] base https://export-service.dillyapis.com/v1/export/?Path=FortniteGame/Content/Items/DataTables/AthenaLootTierData_Client.uasset
[HOTFIX:SEASON1] target=/Game/Items/DataTables/AthenaLootTierData_Client
[1238] RowUpdate Loot_AthenaFloorLoot_02.Weight=0.600000 -> OK
[1239] RowUpdate Loot_AthenaTreasure_02.Weight=0.120000 -> OK
[1240] RowUpdate Loot_ApolloTreasure_Rare_02.Weight=0.100000 -> OK
[1758] RowUpdate LTG_Vend_Item_Mend_1_01.NumLootPackageDropsRange=(X=4.000000,Y=4.000000) -> OK
[1759] RowUpdate LTG_Vend_Item_Mend_1_01.LootPackageCategoryMinArray=(4,0,0,0,0,0,0,0,0,0,0) -> OK
[1760] RowUpdate LTG_Vend_Item_Mend_2_01.NumLootPackageDropsRange=(X=8.000000,Y=8.000000) -> OK
[1761] RowUpdate LTG_Vend_Item_Mend_2_01.LootPackageCategoryMinArray=(8,0,0,0,0,0,0,0,0,0,0) -> OK
[1762] RowUpdate LTG_Vend_Item_Mend_3_01.NumLootPackageDropsRange=(X=2.000000,Y=2.000000) -> OK
[1763] RowUpdate LTG_Vend_Item_Mend_3_01.LootPackageCategoryMinArray=(2,0,0,0,0,0,0,0,0,0,0) -> OK
[1764] RowUpdate LTG_Vend_Item_Mend_4_01.NumLootPackageDropsRange=(X=4.000000,Y=4.000000) -> OK
[1765] RowUpdate LTG_Vend_Item_Mend_4_01.LootPackageCategoryMinArray=(4,0,0,0,0,0,0,0,0,0,0) -> OK
[1766] RowUpdate LTG_Vend_Weapon_Shotgun_1_01.NumLootPackageDropsRange=(X=4.000000,Y=4.000000) -> OK
[1767] RowUpdate LTG_Vend_Weapon_Shotgun_1_01.LootPackageCategoryMinArray=(4,1,0,0,0,0,0,0,0,0,0) -> OK
[1768] RowUpdate LTG_Vend_Weapon_Shotgun_2_01.NumLootPackageDropsRange=(X=4.000000,Y=4.000000) -> OK
[1769] RowUpdate LTG_Vend_Weapon_Shotgun_2_01.LootPackageCategoryMinArray=(4,1,0,0,0,0,0,0,0,0,0) -> OK
[1770] RowUpdate LTG_Vend_Weapon_Shotgun_3_01.NumLootPackageDropsRange=(X=4.000000,Y=4.000000) -> OK
[1771] RowUpdate LTG_Vend_Weapon_Shotgun_3_01.LootPackageCategoryMinArray=(4,1,0,0,0,0,0,0,0,0,0) -> OK
[1772] RowUpdate LTG_Vend_Weapon_Shotgun_3_02.NumLootPackageDropsRange=(X=1.000000,Y=1.000000) -> OK
[1773] RowUpdate LTG_Vend_Weapon_Shotgun_3_02.LootPackageCategoryMinArray=(1,1,0,0,0,0,0,0,0,0,0) -> OK
[1774] RowUpdate LTG_Vend_Weapon_Shotgun_4_01.NumLootPackageDropsRange=(X=4.000000,Y=4.000000) -> OK
[1775] RowUpdate LTG_Vend_Weapon_Shotgun_4_01.LootPackageCategoryMinArray=(4,1,0,0,0,0,0,0,0,0,0) -> OK
[1776] RowUpdate LTG_Vend_Weapon_Shotgun_4_02.NumLootPackageDropsRange=(X=1.000000,Y=1.000000) -> OK
[1777] RowUpdate LTG_Vend_Weapon_Shotgun_4_02.LootPackageCategoryMinArray=(1,1,0,0,0,0,0,0,0,0,0) -> OK
[1778] RowUpdate LTG_Vend_Weapon_Handgun_1_01.NumLootPackageDropsRange=(X=4.000000,Y=4.000000) -> OK
[1779] RowUpdate LTG_Vend_Weapon_Handgun_1_01.LootPackageCategoryMinArray=(4,1,0,0,0,0,0,0,0,0,0) -> OK
[1780] RowUpdate LTG_Vend_Weapon_Handgun_2_01.NumLootPackageDropsRange=(X=4.000000,Y=4.000000) -> OK
[1781] RowUpdate LTG_Vend_Weapon_Handgun_2_01.LootPackageCategoryMinArray=(4,1,0,0,0,0,0,0,0,0,0) -> OK
[1782] RowUpdate LTG_Vend_Weapon_Handgun_3_01.NumLootPackageDropsRange=(X=4.000000,Y=4.000000) -> OK
[1783] RowUpdate LTG_Vend_Weapon_Handgun_3_01.LootPackageCategoryMinArray=(4,1,0,0,0,0,0,0,0,0,0) -> OK
[1784] RowUpdate LTG_Vend_Weapon_Handgun_3_02.NumLootPackageDropsRange=(X=1.000000,Y=1.000000) -> OK
[1785] RowUpdate LTG_Vend_Weapon_Handgun_3_02.LootPackageCategoryMinArray=(1,1,0,0,0,0,0,0,0,0,0) -> OK
[1786] RowUpdate LTG_Vend_Weapon_Handgun_4_01.NumLootPackageDropsRange=(X=4.000000,Y=4.000000) -> OK
[1787] RowUpdate LTG_Vend_Weapon_Handgun_4_01.LootPackageCategoryMinArray=(4,1,0,0,0,0,0,0,0,0,0) -> OK
[1788] RowUpdate LTG_Vend_Weapon_Handgun_4_02.NumLootPackageDropsRange=(X=1.000000,Y=1.000000) -> OK
[1789] RowUpdate LTG_Vend_Weapon_Handgun_4_02.LootPackageCategoryMinArray=(1,1,0,0,0,0,0,0,0,0,0) -> OK
[1790] RowUpdate LTG_Vend_Weapon_SMG_1_01.NumLootPackageDropsRange=(X=4.000000,Y=4.000000) -> OK
[1791] RowUpdate LTG_Vend_Weapon_SMG_1_01.LootPackageCategoryMinArray=(4,1,0,0,0,0,0,0,0,0,0) -> OK
[1792] RowUpdate LTG_Vend_Weapon_SMG_2_01.NumLootPackageDropsRange=(X=4.000000,Y=4.000000) -> OK
[1793] RowUpdate LTG_Vend_Weapon_SMG_2_01.LootPackageCategoryMinArray=(4,1,0,0,0,0,0,0,0,0,0) -> OK
[1794] RowUpdate LTG_Vend_Weapon_SMG_3_01.NumLootPackageDropsRange=(X=4.000000,Y=4.000000) -> OK
[1795] RowUpdate LTG_Vend_Weapon_SMG_3_01.LootPackageCategoryMinArray=(4,1,0,0,0,0,0,0,0,0,0) -> OK
[1796] RowUpdate LTG_Vend_Weapon_SMG_3_02.NumLootPackageDropsRange=(X=1.000000,Y=1.000000) -> OK
[1797] RowUpdate LTG_Vend_Weapon_SMG_3_02.LootPackageCategoryMinArray=(1,1,0,0,0,0,0,0,0,0,0) -> OK
[1798] RowUpdate LTG_Vend_Weapon_SMG_4_01.NumLootPackageDropsRange=(X=4.000000,Y=4.000000) -> OK
[1799] RowUpdate LTG_Vend_Weapon_SMG_4_01.LootPackageCategoryMinArray=(4,1,0,0,0,0,0,0,0,0,0) -> OK
[1800] RowUpdate LTG_Vend_Weapon_SMG_4_02.NumLootPackageDropsRange=(X=1.000000,Y=1.000000) -> OK
[1801] RowUpdate LTG_Vend_Weapon_SMG_4_02.LootPackageCategoryMinArray=(1,1,0,0,0,0,0,0,0,0,0) -> OK
[1802] RowUpdate LTG_Vend_Weapon_Assault_1_01.NumLootPackageDropsRange=(X=4.000000,Y=4.000000) -> OK
[1803] RowUpdate LTG_Vend_Weapon_Assault_1_01.LootPackageCategoryMinArray=(4,1,0,0,0,0,0,0,0,0,0) -> OK
[1804] RowUpdate LTG_Vend_Weapon_Assault_2_01.NumLootPackageDropsRange=(X=4.000000,Y=4.000000) -> OK
[1805] RowUpdate LTG_Vend_Weapon_Assault_2_01.LootPackageCategoryMinArray=(4,1,0,0,0,0,0,0,0,0,0) -> OK
[1806] RowUpdate LTG_Vend_Weapon_Assault_3_01.NumLootPackageDropsRange=(X=4.000000,Y=4.000000) -> OK
[1807] RowUpdate LTG_Vend_Weapon_Assault_3_01.LootPackageCategoryMinArray=(4,1,0,0,0,0,0,0,0,0,0) -> OK
[1808] RowUpdate LTG_Vend_Weapon_Assault_3_02.NumLootPackageDropsRange=(X=1.000000,Y=1.000000) -> OK
[1809] RowUpdate LTG_Vend_Weapon_Assault_3_02.LootPackageCategoryMinArray=(1,1,0,0,0,0,0,0,0,0,0) -> OK
[1810] RowUpdate LTG_Vend_Weapon_Assault_4_01.NumLootPackageDropsRange=(X=4.000000,Y=4.000000) -> OK
[1811] RowUpdate LTG_Vend_Weapon_Assault_4_01.LootPackageCategoryMinArray=(4,1,0,0,0,0,0,0,0,0,0) -> OK
[1812] RowUpdate LTG_Vend_Weapon_Assault_4_02.NumLootPackageDropsRange=(X=1.000000,Y=1.000000) -> OK
[1813] RowUpdate LTG_Vend_Weapon_Assault_4_02.LootPackageCategoryMinArray=(1,1,0,0,0,0,0,0,0,0,0) -> OK
[HOTFIX:SEASON1] done: applied=59, deleted=0, skipped=0
[STEP1-2] merge https://export-service.dillyapis.com/v1/export/?Path=FortniteGame/Plugins/GameFeatures/CosmicThunderLoot/Content/DataTables/CosmicThunderLootTiers_Client.uasset : replaced=1, added=33
[HOTFIX:SEASON2] target=/CosmicThunderLoot/DataTables/CosmicThunderLootTiers_Client
[HOTFIX:SEASON2] done: applied=0, deleted=0, skipped=0
[STEP1-3] merge https://export-service.dillyapis.com/v1/export/?Path=FortniteGame/Plugins/GameFeatures/CosmicThunderLoot/Content/DataTables/NoBuildBR/CosmicThunder_Override_LootTiers_NoBuildBR.uasset : replaced=1, added=0
[HOTFIX:SEASON3] target=/CosmicThunderLoot/DataTables/NoBuildBR/CosmicThunder_Override_LootTiers_NoBuildBR
[HOTFIX:SEASON3] done: applied=0, deleted=0, skipped=0
[WRITE] final -> E:\フォートナイト\Picture\Loot Pool\TEST4\New Loot\System Update\NoBuild_Comp\input\AthenaLootTierData_Client__final.json
[WRITE] per-input -> E:\フォートナイト\Picture\Loot Pool\TEST4\New Loot\System Update\NoBuild_Comp\input\CosmicThunderLootTiers_Client__final.json
[WRITE] per-input -> E:\フォートナイト\Picture\Loot Pool\TEST4\New Loot\System Update\NoBuild_Comp\input\CosmicThunder_Override_LootTiers_NoBuildBR__final.json
2026-09-02 14:47:01 | INFO | ✓ Hotfix 適用完了 (4.37s)
2026-09-02 14:47:01 | INFO | load lt: E:\フォートナイト\Picture\Loot Pool\TEST4\New Loot\System Update\NoBuild_Comp\input\AthenaLootTierData_Client__final.json
2026-09-02 14:47:01 | INFO | load lp: E:\フォートナイト\Picture\Loot Pool\TEST4\New Loot\System Update\NoBuild_Comp\input\AthenaLootPackages_Client__final.json
2026-09-02 14:47:01 | INFO | load done (0.01s)
2026-09-02 14:47:01 | INFO | build summary start
2026-09-02 14:47:01 | INFO | build summary done (0.03s)
2026-09-02 14:47:01 | INFO | enrich summary with names start
2026-09-02 14:47:01 | INFO | enrich summary done (0.00s)
2026-09-02 14:47:01 | INFO | ✅ まとめJSONを作成: E:\フォートナイト\Picture\Loot Pool\TEST4\New Loot\System Update\NoBuild_Comp\output\summary\v39.30_2026-09-02_14-47.json
2026-09-02 14:47:01 | INFO | build item metadata start
2026-09-02 14:47:02 | INFO | ✅ アイテム名・説明・タグJSONを更新: E:\フォートナイト\Picture\Loot Pool\TEST4\New Loot\System Update\shared\cache\item_metadata.json (0.48s)
2026-09-02 14:47:02 | INFO | build NoBuild_LootData start
2026-09-02 14:47:02 | INFO | build BR_LootData done (0.00s)
2026-09-02 14:47:02 | INFO | ✅ NoBuild_LootData を作成: E:\フォートナイト\Picture\Loot Pool\TEST4\New Loot\System Update\戦利品データ\NoBuild_Comp\NoBuild_Comp_LootData_2026-09-02_14-47.json
2026-09-02 14:47:02 | INFO | ✅ Web LootPool を更新: E:\フォートナイト\Web\loot\data\ZB_Comp_LootPool.json
2026-09-02 14:47:02 | INFO | LootSummary start: E:\フォートナイト\Picture\Loot Pool\TEST4\New Loot\System Update\NoBuild_Comp\scripts\LootSummary.py
2026-09-02 14:47:02 | INFO | LootSummary stdout: 🔎 抽出用: 最新ファイル = E:\フォートナイト\Picture\Loot Pool\TEST4\New Loot\System Update\NoBuild_Comp\output\summary\v39.30_2026-09-02_14-47.json
✅ 抽出件数: 70
💾 保存: E:\フォートナイト\Picture\Loot Pool\TEST4\New Loot\System Update\NoBuild_Comp\input\items_unique_min.json
🔎 比較用: base   = E:\フォートナイト\Picture\Loot Pool\TEST4\New Loot\System Update\NoBuild_Comp\output\summary\v39.30_2026-06-07_07-40.json
🔎 比較用: target = E:\フォートナイト\Picture\Loot Pool\TEST4\New Loot\System Update\NoBuild_Comp\output\summary\v39.30_2026-09-02_14-47.json
✅ 差分作成 完了
  追加   : 44 / 削除 : 108 / 変更 : 0 / 変化なし : 26
💾 差分: E:\フォートナイト\Picture\Loot Pool\TEST4\New Loot\System Update\NoBuild_Comp\output\history\BR_20260902_1447\items_unique_min_diff.json
2026-09-02 14:47:02 | WARNING | LootSummary stderr: E:\フォートナイト\Picture\Loot Pool\TEST4\New Loot\System Update\NoBuild_Comp\scripts\LootSummary.py:2: SyntaxWarning: invalid escape sequence '\B'
  """
2026-09-02 14:47:02 | INFO | ✅ LootSummary 実行完了（抽出→比較） (0.27s)
2026-09-02 14:47:02 | INFO | prewarm start
2026-09-02 14:47:02 | INFO | ✅ アイコンキャッシュ プリウォーム完了 (0.48s)
2026-09-02 14:47:02 | INFO | 画像化タスク数: 70
2026-09-02 14:47:03 | INFO | 画像生成 進捗: 1/70
2026-09-02 14:47:03 | INFO | 画像生成 進捗: 50/70
2026-09-02 14:47:04 | INFO | 画像生成 進捗: 70/70
2026-09-02 14:47:04 | INFO | ✅ 画像生成 完了（MinListベース）
2026-09-02 14:47:04 | INFO | ✅ Loot diff を作成: E:\フォートナイト\Web\loot\data\diff\NoBuild_Comp_2026-09-02_14-47-04.json (added=59 removed=130 change=19)
2026-09-02 14:47:05 | INFO | ✅ AddedItems 画像を保存: E:\フォートナイト\Picture\Loot Pool\TEST4\New Loot\System Update\shared\images\NoBuild_Comp\AddedItems\2026-09-02_14-47-04 (copied=59 missing=0)
2026-09-02 14:47:05 | INFO | git add: E:\フォートナイト\Picture\Loot Pool\TEST4\New Loot
2026-09-02 14:47:13 | INFO | git commit stdout: [main 25026c5] NoBuild_Comp update 2026-09-02 14:47:09
 108 files changed, 353162 insertions(+), 20139 deletions(-)
 create mode 100644 System Update/NoBuild_Comp/input/CosmicThunderLootPackages_Client__final.json
 create mode 100644 System Update/NoBuild_Comp/input/CosmicThunderLootTiers_Client__final.json
 create mode 100644 System Update/NoBuild_Comp/input/CosmicThunder_Override_LootPackages_Client_Comp_BACKUP__final.json
 create mode 100644 System Update/NoBuild_Comp/input/CosmicThunder_Override_LootPackages_Client_Comp_NoBuild__final.json
 create mode 100644 System Update/NoBuild_Comp/input/CosmicThunder_Override_LootPackages_Client_Comp__final.json
 create mode 100644 System Update/NoBuild_Comp/input/CosmicThunder_Override_LootPackages_Comp_BACKUP__final.json
 create mode 100644 System Update/NoBuild_Comp/input/CosmicThunder_Override_LootPackages_NoBuildBR__final.json
 create mode 100644 System Update/NoBuild_Comp/input/CosmicThunder_Override_LootTiers_NoBuildBR__final.json
 create mode 100644 System Update/NoBuild_Comp/output/history/BR_20260902_1447/items_unique_min_diff.json
 create mode 100644 System Update/NoBuild_Comp/output/logs/pipeline_2026-09-02_14-46-57.log
 create mode 100644 System Update/NoBuild_Comp/output/summary/v39.30_2026-09-02_14-47.json
 create mode 100644 "System Update/shared/images/NoBuild_Comp/8\343\203\223\343\203\203\343\203\210\343\202\267\343\203\247\343\203\203\343\203\210\343\202\254\343\203\263 - \343\203\206\343\202\243\343\202\2421.png"
 create mode 100644 "System Update/shared/images/NoBuild_Comp/8\343\203\223\343\203\203\343\203\210\343\202\267\343\203\247\343\203\203\343\203\210\343\202\254\343\203\263 - \343\203\206\343\202\243\343\202\2422.png"
 create mode 100644 "System Update/shared/images/NoBuild_Comp/8\343\203\223\343\203\203\343\203\210\343\202\267\343\203\247\343\203\203\343\203\210\343\202\254\343\203\263 - \343\203\206\343\202\243\343\202\2423.png"
 create mode 100644 "System Update/shared/images/NoBuild_Comp/8\343\203\223\343\203\203\343\203\210\343\202\267\343\203\247\343\203\203\343\203\210\343\202\254\343\203\263 - \343\203\206\343\202\243\343\202\2424.png"
 create mode 100644 "System Update/shared/images/NoBuild_Comp/8\343\203\223\343\203\203\343\203\210\343\202\267\343\203\247\343\203\203\343\203\210\343\202\254\343\203\263 - \343\203\206\343\202\243\343\202\2425.png"
 create mode 100644 "System Update/shared/images/NoBuild_Comp/AddedItems/2026-09-02_14-47-04/\343\203\206\343\202\243\343\202\2421 - 8\343\203\223\343\203\203\343\203\210\343\202\267\343\203\247\343\203\203\343\203\210\343\202\254\343\203\263.png"
 create mode 100644 "System Update/shared/images/NoBuild_Comp/AddedItems/2026-09-02_14-47-04/\343\203\206\343\202\243\343\202\2421 - \343\202\242\343\202\265\343\203\253\343\203\210\343\203\251\343\202\244\343\203\225\343\203\253  .png"
 create mode 100644 "System Update/shared/images/NoBuild_Comp/AddedItems/2026-09-02_14-47-04/\343\203\206\343\202\243\343\202\2421 - \343\202\263\343\202\263\343\203\212\343\203\203\343\203\204.png"
 create mode 100644 "System Update/shared/images/NoBuild_Comp/AddedItems/2026-09-02_14-47-04/\343\203\206\343\202\243\343\202\2421 - \343\202\264\343\203\274\343\203\253\343\203\211.png"
 create mode 100644 "System Update/shared/images/NoBuild_Comp/AddedItems/2026-09-02_14-47-04/\343\203\206\343\202\243\343\202\2421 - \343\202\277\343\202\257\343\203\206\343\202\243\343\202\253\343\203\253\343\203\224\343\202\271\343\203\210\343\203\253.png"
 create mode 100644 "System Update/shared/images/NoBuild_Comp/AddedItems/2026-09-02_14-47-04/\343\203\206\343\202\243\343\202\2421 - \343\203\211\343\203\251\343\203\240\343\202\254\343\203\263.png"
 create mode 100644 "System Update/shared/images/NoBuild_Comp/AddedItems/2026-09-02_14-47-04/\343\203\206\343\202\243\343\202\2421 - \343\203\235\343\203\263\343\203\227\343\202\267\343\203\247\343\203\203\343\203\210\343\202\254\343\203\263.png"
 create mode 100644 "System Update/shared/images/NoBuild_Comp/AddedItems/2026-09-02_14-47-04/\343\203\206\343\202\243\343\202\2421 - \343\203\254\343\203\263\343\202\270\343\203\243\343\203\274\343\202\242\343\202\265\343\203\253\343\203\210\343\203\251\343\202\244\343\203\225\343\203\253.png"
 create mode 100644 "System Update/shared/images/NoBuild_Comp/AddedItems/2026-09-02_14-47-04/\343\203\206\343\202\243\343\202\2421 - \345\274\276\350\226\254_ \344\270\255\345\217\243\345\276\204\345\274\276.png"
 create mode 100644 "System Update/shared/images/NoBuild_Comp/AddedItems/2026-09-02_14-47-04/\343\203\206\343\202\243\343\202\2421 - \345\274\276\350\226\254_ \345\244\247\345\217\243\345\276\204\345\274\276.png"
 create mode 100644 "System Update/shared/images/NoBuild_Comp/AddedItems/2026-09-02_14-47-04/\343\203\206\343\202\243\343\202\2421 - \345\274\276\350\226\254_ \345\260\217\345\217\243\345\276\204\345\274\276.png"
 create mode 100644 "System Update/shared/images/NoBuild_Comp/AddedItems/2026-09-02_14-47-04/\343\203\206\343\202\243\343\202\2421 - \345\274\276\350\226\254_ \346\225\243\345\274\276.png"
 create mode 100644 "System Update/shared/images/NoBuild_Comp/AddedItems/2026-09-02_14-47-04/\343\203\206\343\202\243\343\202\2422 - 8\343\203\223\343\203\203\343\203\210\343\202\267\343\203\247\343\203\203\343\203\210\343\202\254\343\203\263.png"
 create mode 100644 "System Update/shared/images/NoBuild_Comp/AddedItems/2026-09-02_14-47-04/\343\203\206\343\202\243\343\202\2422 - \343\202\242\343\202\265\343\203\253\343\203\210\343\203\251\343\202\244\343\203\225\343\203\253  .png"
 create mode 100644 "System Update/shared/images/NoBuild_Comp/AddedItems/2026-09-02_14-47-04/\343\203\206\343\202\243\343\202\2422 - \343\202\267\343\203\274\343\203\253\343\203\211\343\203\220\343\203\226\343\203\253Jr..png"
 create mode 100644 "System Update/shared/images/NoBuild_Comp/AddedItems/2026-09-02_14-47-04/\343\203\206\343\202\243\343\202\2422 - \343\202\277\343\202\257\343\203\206\343\202\243\343\202\253\343\203\253\343\203\224\343\202\271\343\203\210\343\203\253.png"
 create mode 100644 "System Update/shared/images/NoBuild_Comp/AddedItems/2026-09-02_14-47-04/\343\203\206\343\202\243\343\202\2422 - \343\203\211\343\203\251\343\203\240\343\202\254\343\203\263.png"
 create mode 100644 "System Update/shared/images/NoBuild_Comp/AddedItems/2026-09-02_14-47-04/\343\203\206\343\202\243\343\202\2422 - \343\203\232\343\203\203\343\203\221\343\203\274.png"
 create mode 100644 "System Update/shared/images/NoBuild_Comp/AddedItems/2026-09-02_14-47-04/\343\203\206\343\202\243\343\202\2422 - \343\203\235\343\202\261\343\203\203\343\203\210\343\203\220\343\203\263\343\202\253\343\203\274.png"
 create mode 100644 "System Update/shared/images/NoBuild_Comp/AddedItems/2026-09-02_14-47-04/\343\203\206\343\202\243\343\202\2422 - \343\203\235\343\203\263\343\203\227\343\202\267\343\203\247\343\203\203\343\203\210\343\202\254\343\203\263.png"
 create mode 100644 "System Update/shared/images/NoBuild_Comp/AddedItems/2026-09-02_14-47-04/\343\203\206\343\202\243\343\202\2422 - \343\203\237\343\203\213\343\202\267\343\203\274\343\203\253\343\203\211\343\203\235\343\203\274\343\202\267\343\203\247\343\203\263.png"
 create mode 100644 "System Update/shared/images/NoBuild_Comp/AddedItems/2026-09-02_14-47-04/\343\203\206\343\202\243\343\202\2422 - \343\203\252\343\203\263\343\202\264.png"
 create mode 100644 "System Update/shared/images/NoBuild_Comp/AddedItems/2026-09-02_14-47-04/\343\203\206\343\202\243\343\202\2422 - \343\203\254\343\203\263\343\202\270\343\203\243\343\203\274\343\202\242\343\202\265\343\203\253\343\203\210\343\203\251\343\202\244\343\203\225\343\203\253.png"
 create mode 100644 "System Update/shared/images/NoBuild_Comp/AddedItems/2026-09-02_14-47-04/\343\203\206\343\202\243\343\202\2422 - \345\214\273\347\231\202\343\202\255\343\203\203\343\203\210.png"
 create mode 100644 "System Update/shared/images/NoBuild_Comp/AddedItems/2026-09-02_14-47-04/\343\203\206\343\202\243\343\202\2423 - 8\343\203\223\343\203\203\343\203\210\343\202\267\343\203\247\343\203\203\343\203\210\343\202\254\343\203\263.png"
 create mode 100644 "System Update/shared/images/NoBuild_Comp/AddedItems/2026-09-02_14-47-04/\343\203\206\343\202\243\343\202\2423 - \343\202\242\343\202\265\343\203\253\343\203\210\343\203\251\343\202\244\343\203\225\343\203\253  .png"
 create mode 100644 "System Update/shared/images/NoBuild_Comp/AddedItems/2026-09-02_14-47-04/\343\203\206\343\202\243\343\202\2423 - \343\202\252\343\203\274\343\203\220\343\203\274\343\203\211\343\203\251\343\202\244\343\203\226 \343\202\260\343\203\254\343\203\215\343\203\274\343\203\211.png"
 create mode 100644 "System Update/shared/images/NoBuild_Comp/AddedItems/2026-09-02_14-47-04/\343\203\206\343\202\243\343\202\2423 - \343\202\267\343\203\274\343\203\253\343\203\211\343\203\225\343\202\243\343\203\203\343\202\267\343\203\245.png"
 create mode 100644 "System Update/shared/images/NoBuild_Comp/AddedItems/2026-09-02_14-47-04/\343\203\206\343\202\243\343\202\2423 - \343\202\267\343\203\274\343\203\253\343\203\211\343\203\235\343\203\274\343\202\267\343\203\247\343\203\263.png"
 create mode 100644 "System Update/shared/images/NoBuild_Comp/AddedItems/2026-09-02_14-47-04/\343\203\206\343\202\243\343\202\2423 - \343\202\270\343\202\247\343\203\252\343\203\274\343\203\225\343\202\243\343\203\203\343\202\267\343\203\245.png"
 create mode 100644 "System Update/shared/images/NoBuild_Comp/AddedItems/2026-09-02_14-47-04/\343\203\206\343\202\243\343\202\2423 - \343\202\277\343\202\257\343\203\206\343\202\243\343\202\253\343\203\253\343\203\224\343\202\271\343\203\210\343\203\253.png"
 create mode 100644 "System Update/shared/images/NoBuild_Comp/AddedItems/2026-09-02_14-47-04/\343\203\206\343\202\243\343\202\2423 - \343\203\201\343\203\243\343\202\260\343\202\271\343\203\227\343\203\251\343\203\203\343\202\267\343\203\245.png"
 create mode 100644 "System Update/shared/images/NoBuild_Comp/AddedItems/2026-09-02_14-47-04/\343\203\206\343\202\243\343\202\2423 - \343\203\211\343\203\251\343\203\240\343\202\254\343\203\263.png"
 create mode 100644 "System Update/shared/images/NoBuild_Comp/AddedItems/2026-09-02_14-47-04/\343\203\206\343\202\243\343\202\2423 - \343\203\235\343\203\263\343\203\227\343\202\267\343\203\247\343\203\203\343\203\210\343\202\254\343\203\263.png"
 create mode 100644 "System Update/shared/images/NoBuild_Comp/AddedItems/2026-09-02_14-47-04/\343\203\206\343\202\243\343\202\2423 - \343\203\254\343\203\263\343\202\270\343\203\243\343\203\274\343\202\242\343\202\265\343\203\253\343\203\210\343\203\251\343\202\244\343\203\225\343\203\253.png"
 create mode 100644 "System Update/shared/images/NoBuild_Comp/AddedItems/2026-09-02_14-47-04/\343\203\206\343\202\243\343\202\2424 - 8\343\203\223\343\203\203\343\203\210\343\202\267\343\203\247\343\203\203\343\203\210\343\202\254\343\203\263.png"
 create mode 100644 "System Update/shared/images/NoBuild_Comp/AddedItems/2026-09-02_14-47-04/\343\203\206\343\202\243\343\202\2424 - \343\202\242\343\202\265\343\203\253\343\203\210\343\203\251\343\202\244\343\203\225\343\203\253  .png"
 create mode 100644 "System Update/shared/images/NoBuild_Comp/AddedItems/2026-09-02_14-47-04/\343\203\206\343\202\243\343\202\2424 - \343\202\271\343\203\251\343\203\274\343\203\227\343\203\225\343\202\243\343\203\203\343\202\267\343\203\245.png"
 create mode 100644 "System Update/shared/images/NoBuild_Comp/AddedItems/2026-09-02_14-47-04/\343\203\206\343\202\243\343\202\2424 - \343\202\275\343\203\213\343\203\203\343\202\257 \343\203\221\343\203\257\343\203\274\343\202\271\343\203\213\343\203\274\343\202\253\343\203\274.png"
 create mode 100644 "System Update/shared/images/NoBuild_Comp/AddedItems/2026-09-02_14-47-04/\343\203\206\343\202\243\343\202\2424 - \343\202\277\343\202\257\343\203\206\343\202\243\343\202\253\343\203\253\343\203\224\343\202\271\343\203\210\343\203\253.png"
 create mode 100644 "System Update/shared/images/NoBuild_Comp/AddedItems/2026-09-02_14-47-04/\343\203\206\343\202\243\343\202\2424 - \343\203\206\343\203\210\343\203\252\343\202\271\343\203\252\343\203\225\343\203\210.png"
 create mode 100644 "System Update/shared/images/NoBuild_Comp/AddedItems/2026-09-02_14-47-04/\343\203\206\343\202\243\343\202\2424 - \343\203\211\343\203\251\343\203\240\343\202\254\343\203\263.png"
 create mode 100644 "System Update/shared/images/NoBuild_Comp/AddedItems/2026-09-02_14-47-04/\343\203\206\343\202\243\343\202\2424 - \343\203\235\343\203\263\343\203\227\343\202\267\343\203\247\343\203\203\343\203\210\343\202\254\343\203\263.png"
 create mode 100644 "System Update/shared/images/NoBuild_Comp/AddedItems/2026-09-02_14-47-04/\343\203\206\343\202\243\343\202\2424 - \343\203\254\343\203\263\343\202\270\343\203\243\343\203\274\343\202\242\343\202\265\343\203\253\343\203\210\343\203\251\343\202\244\343\203\225\343\203\253.png"
 create mode 100644 "System Update/shared/images/NoBuild_Comp/AddedItems/2026-09-02_14-47-04/\343\203\206\343\202\243\343\202\2425 - 8\343\203\223\343\203\203\343\203\210\343\202\267\343\203\247\343\203\203\343\203\210\343\202\254\343\203\263.png"
 create mode 100644 "System Update/shared/images/NoBuild_Comp/AddedItems/2026-09-02_14-47-04/\343\203\206\343\202\243\343\202\2425 - \343\202\242\343\202\265\343\203\253\343\203\210\343\203\251\343\202\244\343\203\225\343\203\253  .png"
 create mode 100644 "System Update/shared/images/NoBuild_Comp/AddedItems/2026-09-02_14-47-04/\343\203\206\343\202\243\343\202\2425 - \343\202\277\343\202\257\343\203\206\343\202\243\343\202\253\343\203\253\343\203\224\343\202\271\343\203\210\343\203\253.png"
 create mode 100644 "System Update/shared/images/NoBuild_Comp/AddedItems/2026-09-02_14-47-04/\343\203\206\343\202\243\343\202\2425 - \343\203\201\343\203\243\343\202\260\343\202\270\343\203\243\343\202\260.png"
 create mode 100644 "System Update/shared/images/NoBuild_Comp/AddedItems/2026-09-02_14-47-04/\343\203\206\343\202\243\343\202\2425 - \343\203\211\343\203\251\343\203\240\343\202\254\343\203\263.png"
 create mode 100644 "System Update/shared/images/NoBuild_Comp/AddedItems/2026-09-02_14-47-04/\343\203\206\343\202\243\343\202\2425 - \343\203\235\343\203\263\343\203\227\343\202\267\343\203\247\343\203\203\343\203\210\343\202\254\343\203\263.png"
 create mode 100644 "System Update/shared/images/NoBuild_Comp/AddedItems/2026-09-02_14-47-04/\343\203\206\343\202\243\343\202\2425 - \343\203\236\343\202\244\343\203\200\343\202\271\343\203\225\343\203\255\343\203\203\343\203\221\343\203\274.png"
 create mode 100644 "System Update/shared/images/NoBuild_Comp/AddedItems/2026-09-02_14-47-04/\343\203\206\343\202\243\343\202\2425 - \343\203\254\343\203\263\343\202\270\343\203\243\343\203\274\343\202\242\343\202\265\343\203\253\343\203\210\343\203\251\343\202\244\343\203\225\343\203\253.png"
 create mode 100644 "System Update/shared/images/NoBuild_Comp/AddedItems/2026-09-02_14-47-04/\343\203\206\343\202\243\343\202\2425 - \347\204\241\346\225\265\343\203\251\343\203\236.png"
 create mode 100644 "System Update/shared/images/NoBuild_Comp/AddedItems/2026-09-02_14-47-04/\343\203\206\343\202\243\343\202\2425 - \350\277\275\345\212\240\343\203\251\343\202\244\343\203\225\343\203\210\343\203\274\343\202\257\343\203\263.png"
 create mode 100644 "System Update/shared/images/NoBuild_Comp/AddedItems/2026-09-02_14-47-04/\343\203\206\343\202\243\343\202\2426 - \351\207\221\343\201\256\343\203\252\343\203\263\343\202\264.png"
 create mode 100644 "System Update/shared/images/NoBuild_Comp/AddedItems/2026-09-02_14-47-04/\343\203\206\343\202\243\343\202\2427 - \343\202\275\343\203\213\343\203\203\343\202\257 \343\203\221\343\203\257\343\203\274\343\202\271\343\203\213\343\203\274\343\202\253\343\203\274.png"
 create mode 100644 "System Update/shared/images/NoBuild_Comp/AddedItems/2026-09-02_14-47-04/\343\203\206\343\202\243\343\202\2427 - \343\203\236\343\202\244\343\203\200\343\202\271\343\201\256\345\202\221\344\275\234.png"
 create mode 100644 "System Update/shared/images/NoBuild_Comp/AddedItems/2026-09-02_14-47-04/\343\203\206\343\202\243\343\202\2427 - \343\203\255\343\203\234\343\203\210\343\203\213\343\203\203\343\202\257\343\201\2568\343\203\223\343\203\203\343\203\210 \343\202\267\343\203\247\343\203\203\343\203\210\343\202\254\343\203\263.png"
 create mode 100644 "System Update/shared/images/NoBuild_Comp/AddedItems/2026-09-02_14-47-04/\343\203\206\343\202\243\343\202\2427 - \345\274\267\345\214\226\345\236\213\343\202\242\343\202\265\343\203\253\343\203\210\343\203\251\343\202\244\343\203\225\343\203\253  .png"
 create mode 100644 "System Update/shared/images/NoBuild_Comp/\343\202\275\343\203\213\343\203\203\343\202\257 \343\203\221\343\203\257\343\203\274\343\202\271\343\203\213\343\203\274\343\202\253\343\203\274 - \343\203\206\343\202\243\343\202\2424.png"
 create mode 100644 "System Update/shared/images/NoBuild_Comp/\343\202\275\343\203\213\343\203\203\343\202\257 \343\203\221\343\203\257\343\203\274\343\202\271\343\203\213\343\203\274\343\202\253\343\203\274 - \343\203\206\343\202\243\343\202\2427.png"
 create mode 100644 "System Update/shared/images/NoBuild_Comp/\343\203\206\343\203\210\343\203\252\343\202\271\343\203\252\343\203\225\343\203\210 - \343\203\206\343\202\243\343\202\2424.png"
 create mode 100644 "System Update/shared/images/NoBuild_Comp/\343\203\211\343\203\251\343\203\240\343\202\254\343\203\263 - \343\203\206\343\202\243\343\202\2421.png"
 create mode 100644 "System Update/shared/images/NoBuild_Comp/\343\203\211\343\203\251\343\203\240\343\202\254\343\203\263 - \343\203\206\343\202\243\343\202\2422.png"
 create mode 100644 "System Update/shared/images/NoBuild_Comp/\343\203\211\343\203\251\343\203\240\343\202\254\343\203\263 - \343\203\206\343\202\243\343\202\2424.png"
 create mode 100644 "System Update/shared/images/NoBuild_Comp/\343\203\211\343\203\251\343\203\240\343\202\254\343\203\263 - \343\203\206\343\202\243\343\202\2425.png"
 create mode 100644 "System Update/shared/images/NoBuild_Comp/\343\203\232\343\203\203\343\203\221\343\203\274 - \343\203\206\343\202\243\343\202\2422.png"
 create mode 100644 "System Update/shared/images/NoBuild_Comp/\343\203\235\343\203\263\343\203\227\343\202\267\343\203\247\343\203\203\343\203\210\343\202\254\343\203\263 - \343\203\206\343\202\243\343\202\2421.png"
 create mode 100644 "System Update/shared/images/NoBuild_Comp/\343\203\235\343\203\263\343\203\227\343\202\267\343\203\247\343\203\203\343\203\210\343\202\254\343\203\263 - \343\203\206\343\202\243\343\202\2422.png"
 create mode 100644 "System Update/shared/images/NoBuild_Comp/\343\203\235\343\203\263\343\203\227\343\202\267\343\203\247\343\203\203\343\203\210\343\202\254\343\203\263 - \343\203\206\343\202\243\343\202\2423.png"
 create mode 100644 "System Update/shared/images/NoBuild_Comp/\343\203\236\343\202\244\343\203\200\343\202\271\343\201\256\345\202\221\344\275\234 - \343\203\206\343\202\243\343\202\2427.png"
 create mode 100644 "System Update/shared/images/NoBuild_Comp/\343\203\252\343\203\263\343\202\264 - \343\203\206\343\202\243\343\202\2422.png"
 create mode 100644 "System Update/shared/images/NoBuild_Comp/\343\203\254\343\203\263\343\202\270\343\203\243\343\203\274\343\202\242\343\202\265\343\203\253\343\203\210\343\203\251\343\202\244\343\203\225\343\203\253 - \343\203\206\343\202\243\343\202\2421.png"
 create mode 100644 "System Update/shared/images/NoBuild_Comp/\343\203\254\343\203\263\343\202\270\343\203\243\343\203\274\343\202\242\343\202\265\343\203\253\343\203\210\343\203\251\343\202\244\343\203\225\343\203\253 - \343\203\206\343\202\243\343\202\2422.png"
 create mode 100644 "System Update/shared/images/NoBuild_Comp/\343\203\254\343\203\263\343\202\270\343\203\243\343\203\274\343\202\242\343\202\265\343\203\253\343\203\210\343\203\251\343\202\244\343\203\225\343\203\253 - \343\203\206\343\202\243\343\202\2423.png"
 create mode 100644 "System Update/shared/images/NoBuild_Comp/\343\203\254\343\203\263\343\202\270\343\203\243\343\203\274\343\202\242\343\202\265\343\203\253\343\203\210\343\203\251\343\202\244\343\203\225\343\203\253 - \343\203\206\343\202\243\343\202\2424.png"
 create mode 100644 "System Update/shared/images/NoBuild_Comp/\343\203\254\343\203\263\343\202\270\343\203\243\343\203\274\343\202\242\343\202\265\343\203\253\343\203\210\343\203\251\343\202\244\343\203\225\343\203\253 - \343\203\206\343\202\243\343\202\2425.png"
 create mode 100644 "System Update/shared/images/NoBuild_Comp/\343\203\255\343\203\234\343\203\210\343\203\213\343\203\203\343\202\257\343\201\2568\343\203\223\343\203\203\343\203\210 \343\202\267\343\203\247\343\203\203\343\203\210\343\202\254\343\203\263 - \343\203\206\343\202\243\343\202\2427.png"
 create mode 100644 "System Update/shared/images/NoBuild_Comp/\345\274\267\345\214\226\345\236\213\343\202\242\343\202\265\343\203\253\343\203\210\343\203\251\343\202\244\343\203\225\343\203\253   - \343\203\206\343\202\243\343\202\2427.png"
 create mode 100644 "System Update/shared/images/NoBuild_Comp/\347\204\241\346\225\265\343\203\251\343\203\236 - \343\203\206\343\202\243\343\202\2425.png"
 create mode 100644 "System Update/shared/images/NoBuild_Comp/\350\277\275\345\212\240\343\203\251\343\202\244\343\203\225\343\203\210\343\203\274\343\202\257\343\203\263 - \343\203\206\343\202\243\343\202\2425.png"
 create mode 100644 "System Update/shared/images/NoBuild_Comp/\351\207\221\343\201\256\343\203\252\343\203\263\343\202\264 - \343\203\206\343\202\243\343\202\2426.png"
 create mode 100644 "System Update/\346\210\246\345\210\251\345\223\201\343\203\207\343\203\274\343\202\277/NoBuild_Comp/NoBuild_Comp_LootData_2026-09-02_14-47.json"
2026-09-02 14:47:22 | WARNING | git push stderr: To https://github.com/Greenfox0833/New-Loot.git
   9a5f932..25026c5  main -> main
2026-09-02 14:47:22 | INFO | ✓ GitHub Push 完了
2026-09-02 14:47:22 | INFO | ===== NoBuild_Comp: pipeline end =====
