2026-03-13 08:47:47 | INFO | log file (NoBuild_Comp): E:\フォートナイト\Picture\Loot Pool\TEST4\New Loot\System Update\NoBuild_Comp\output\logs\pipeline_2026-03-13_08-47-47.log
2026-03-13 08:47:47 | INFO | ===== NoBuild_Comp: pipeline start =====
2026-03-13 08:47:47 | INFO | paths: lt=E:\フォートナイト\Picture\Loot Pool\TEST4\New Loot\System Update\NoBuild_Comp\input\AthenaLootTierData_Client__final.json lp=E:\フォートナイト\Picture\Loot Pool\TEST4\New Loot\System Update\NoBuild_Comp\input\AthenaLootPackages_Client__final.json minlist=E:\フォートナイト\Picture\Loot Pool\TEST4\New Loot\System Update\NoBuild_Comp\input\items_unique_min.json
2026-03-13 08:47:47 | INFO | output: summary=E:\フォートナイト\Picture\Loot Pool\TEST4\New Loot\System Update\NoBuild_Comp\output\summary lootdata=E:\フォートナイト\Picture\Loot Pool\TEST4\New Loot\System Update\戦利品データ\NoBuild_Comp
2026-03-13 08:47:47 | INFO | flags: hotfix=True prewarm=True image=True workers=8
2026-03-13 08:47:47 | INFO | hotfix start: E:\フォートナイト\Picture\Loot Pool\TEST4\New Loot\System Update\LootPackage.py
2026-03-13 08:47:48 | INFO | hotfix lp stdout: [STEP1-1] base e:\Fmodel\Exports\FortniteGame\Content\Items\DataTables\AthenaLootPackages_Client.json
[HOTFIX:SEASON1] target=/Game/Items/DataTables/AthenaLootPackages_Client
[HOTFIX:SEASON1] Addrow(TableUpdate) なし -> スキップ
[HOTFIX:SEASON1] done: applied=0, deleted=0, skipped=0
[STEP1-2] merge e:\Fmodel\Exports\FortniteGame\Plugins\GameFeatures\DragonCartLoot\Content\DataTables\DragonCartLootPackages_Client.json : replaced=435, added=795
[HOTFIX:SEASON2] target=/DragonCartLoot/DataTables/DragonCartLootPackages_Client
[341] RowUpdate WorldList.AthenaHighConsumables.23.Weight=0.050000 -> OK
[342] RowUpdate WorldList.AthenaHighConsumablesRare.24.Weight=0.050000 -> OK
[343] RowUpdate WorldList.AthenaSupplyDropConsumables.23.Weight=0.050000 -> OK
[344] RowUpdate WorldList.AthenaConsumables.24.Weight=0.050000 -> OK
[351] RowUpdate PKG_ThemeParkCannon_Solo.01.Weight=0.250000 -> OK
[352] RowUpdate PKG_ThemeParkCannon_Solo.02.Weight=0.750000 -> OK
[353] RowUpdate PKG_ThemeParkCannon_Solo.02.LootPackageCall=WorldList.Weapons.Rarity.Epic -> OK
[354] RowUpdate PKG_ThemeParkCannon_Solo.04.Weight=0.000000 -> OK
[355] RowUpdate PKG_ThemeParkCannon_Duo.01.Weight=0.250000 -> OK
[356] RowUpdate PKG_ThemeParkCannon_Duo.02.Weight=0.750000 -> OK
[357] RowUpdate PKG_ThemeParkCannon_Duo.02.LootPackageCall=WorldList.Weapons.Rarity.Epic -> OK
[358] RowUpdate PKG_ThemeParkCannon_Duo.04.Weight=0.000000 -> OK
[359] RowUpdate PKG_ThemeParkCannon_Trio.01.Weight=0.250000 -> OK
[360] RowUpdate PKG_ThemeParkCannon_Trio.02.Weight=0.750000 -> OK
[361] RowUpdate PKG_ThemeParkCannon_Trio.02.LootPackageCall=WorldList.Weapons.Rarity.Epic -> OK
[362] RowUpdate PKG_ThemeParkCannon_Trio.04.Weight=0.000000 -> OK
[363] RowUpdate PKG_ThemeParkCannon_Squad.01.Weight=0.250000 -> OK
[364] RowUpdate PKG_ThemeParkCannon_Squad.02.Weight=0.750000 -> OK
[365] RowUpdate PKG_ThemeParkCannon_Squad.02.LootPackageCall=WorldList.Weapons.Rarity.Epic -> OK
[366] RowUpdate PKG_ThemeParkCannon_Squad.04.Weight=0.000000 -> OK
[367] RowUpdate LIST_ThemeParkCannon_Consumable.05.Weight=0.100000 -> OK
[368] RowUpdate LIST_ThemeParkCannon_Consumable.05.CountRange=(X=2,Y=2) -> OK
[369] RowUpdate LIST_ThemeParkCannon_Consumable.05.ItemDefinition=/PaprikaConsumables/Gameplay/ShieldRefresh/WID_Paprika_ShieldPot.WID_Paprika_ShieldPot -> OK
[370] RowUpdate LIST_ThemeParkCannon_Consumable.06.Weight=0.100000 -> OK
[371] RowUpdate LIST_ThemeParkCannon_Consumable.06.CountRange=(X=1,Y=1) -> OK
[372] RowUpdate LIST_ThemeParkCannon_Consumable.06.ItemDefinition=/PaprikaConsumables/Gameplay/MedRefresh/WID_Paprika_MedBox.WID_Paprika_MedBox -> OK
[403] RowUpdate WorldList.AthenaConsumables.18.Weight=0.010000 -> OK
[404] RowUpdate WorldList.Weapons.Rarity.Legendary.20.Weight=1.000000 -> OK
[405] RowUpdate WorldList.AthenaHighConsumables.19.Weight=0.000000 -> OK
[406] RowUpdate WorldList.AthenaHighConsumables.26.Weight=0.000000 -> OK
[407] RowUpdate WorldList.AthenaHighConsumablesRare.27.Weight=0.000000 -> OK
[408] RowUpdate WorldList.AthenaSupplyDropConsumables.25.Weight=0.000000 -> OK
[409] RowUpdate WorldList.AthenaConsumables.25.Weight=0.000000 -> OK
[410] RowUpdate LIST_Vend_Item_Seasonal_2.02.Weight=0.000000 -> SKIP(no row)
[411] RowUpdate LIST_ThemeParkCannon_Consumable.05.Weight=0.000000 -> OK
[452] RowUpdate WorldList.AthenaHighConsumables.14.Weight=0.200000 -> OK
[453] RowUpdate WorldList.AthenaHighConsumablesRare.14.Weight=0.200000 -> OK
[454] RowUpdate WorldList.AthenaSupplyDropConsumables.13.Weight=0.2500000 -> OK
[455] RowUpdate WorldList.AthenaConsumables.14.Weight=0.200000 -> OK
[459] RowUpdate WorldList.AthenaHighConsumables.21.CountRange=(X=2,Y=2) -> OK
[460] RowUpdate WorldList.AthenaHighConsumablesRare.22.CountRange=(X=2,Y=2) -> OK
[461] RowUpdate WorldList.AthenaSupplyDropConsumables.21.CountRange=(X=2,Y=2) -> OK
[462] RowUpdate WorldList.AthenaConsumables.22.CountRange=(X=2,Y=2) -> OK
[477] RowUpdate LIST_Vend_Item_Assault_Purple.01.Weight=0.000000 -> OK
[478] RowUpdate LIST_Vend_Item_Assault_Purple.02.Weight=0.000000 -> OK
[479] RowUpdate LIST_Vend_Item_Assault_Purple.03.Weight=0.000000 -> OK
[480] RowUpdate LIST_Vend_Item_Assault_Purple.05.Weight=0.000000 -> OK
[481] RowUpdate LIST_Vend_Item_Gold_3.01.Weight=0.000000 -> OK
[482] RowUpdate LIST_Vend_Item_Gold_3.02.Weight=0.000000 -> OK
[483] RowUpdate LIST_Vend_Item_Gold_3.04.Weight=0.000000 -> OK
[599] RowUpdate WorldList.AthenaHighConsumables.15.Weight=0.110000 -> OK
[600] RowUpdate WorldList.AthenaHighConsumables.15.CountRange=(X=1,Y=1) -> OK
[601] RowUpdate WorldList.AthenaHighConsumables.15.ItemDefinition=/Game/Athena/Items/Consumables/Bush/Athena_Bush.Athena_Bush -> OK
[602] RowUpdate WorldList.AthenaHighConsumables.16.Weight=0.000000 -> OK
[603] RowUpdate WorldList.AthenaHighConsumables.16.CountRange=(X=1,Y=1) -> OK
[604] RowUpdate WorldList.AthenaHighConsumables.16.ItemDefinition=/BigBushGrenade/Items/Athena_ShrubBomb.Athena_ShrubBomb -> OK
[605] RowUpdate WorldList.AthenaHighConsumables.17.Weight=0.000000 -> OK
[606] RowUpdate WorldList.AthenaHighConsumablesRare.17.Weight=0.000000 -> OK
[607] RowUpdate WorldList.AthenaSupplyDropConsumables.16.Weight=0.000000 -> OK
[608] RowUpdate WorldList.AthenaConsumables.15.Weight=0.000000 -> OK
[609] RowUpdate WorldList.AthenaConsumables.15.CountRange=(X=1,Y=1) -> OK
[610] RowUpdate WorldList.AthenaConsumables.15.ItemDefinition=/BigBushGrenade/Items/Athena_ShrubBomb.Athena_ShrubBomb -> OK
[611] RowUpdate WorldList.AthenaConsumables.16.Weight=0.100000 -> OK
[612] RowUpdate WorldList.AthenaConsumables.16.CountRange=(X=1,Y=1) -> OK
[613] RowUpdate WorldList.AthenaConsumables.16.ItemDefinition=/Game/Athena/Items/Consumables/Bush/Athena_Bush.Athena_Bush -> OK
[614] RowUpdate WorldList.AthenaConsumables.17.Weight=0.000000 -> OK
[615] RowUpdate LIST_GCDunmurry_Consumable_2_A.01.Weight=0.000000 -> SKIP(no row)
[777] RowUpdate WorldList.AthenaLoot.Weapon.Shotgun.07.ItemDefinition=/Game/Athena/Items/Weapons/WID_Shotgun_Combat_Athena_C_Ore_T03.WID_Shotgun_Combat_Athena_C_Ore_T03 -> OK
[778] RowUpdate WorldList.AthenaLoot.Weapon.Shotgun.07.List:WorldList.AthenaLoot.Weapon.Shotgun.C0=Item:WID_Shotgun_Combat_Athena_C -> NEW
[779] RowUpdate WorldList.AthenaLoot.Weapon.Shotgun.08.ItemDefinition=/Game/Athena/Items/Weapons/WID_Shotgun_Combat_Athena_UC_Ore_T03.WID_Shotgun_Combat_Athena_UC_Ore_T03 -> OK
[780] RowUpdate WorldList.AthenaLoot.Weapon.Shotgun.08.List:WorldList.AthenaLoot.Weapon.Shotgun.C0=Item:WID_Shotgun_Combat_Athena_UC -> NEW
[781] RowUpdate WorldList.AthenaLoot.Weapon.Shotgun.09.ItemDefinition=/Game/Athena/Items/Weapons/WID_Shotgun_Combat_Athena_R_Ore_T03.WID_Shotgun_Combat_Athena_R_Ore_T03 -> OK
[782] RowUpdate WorldList.AthenaLoot.Weapon.Shotgun.09.List:WorldList.AthenaLoot.Weapon.Shotgun.C0=Item:WID_Shotgun_Combat_Athena_R -> NEW
[783] RowUpdate WorldList.AthenaLoot.Weapon.HighShotgun.09.ItemDefinition=/Game/Athena/Items/Weapons/WID_Shotgun_Combat_Athena_UC_Ore_T03.WID_Shotgun_Combat_Athena_UC_Ore_T03 -> OK
[784] RowUpdate WorldList.AthenaLoot.Weapon.HighShotgun.09.List:WorldList.AthenaLoot.Weapon.HighShotgun.C0=Item:WID_Shotgun_Combat_Athena_UC -> NEW
[785] RowUpdate WorldList.AthenaLoot.Weapon.HighShotgun.10.ItemDefinition=/Game/Athena/Items/Weapons/WID_Shotgun_Combat_Athena_R_Ore_T03.WID_Shotgun_Combat_Athena_R_Ore_T03 -> OK
[786] RowUpdate WorldList.AthenaLoot.Weapon.HighShotgun.10.List:WorldList.AthenaLoot.Weapon.HighShotgun.C0=Item:WID_Shotgun_Combat_Athena_R -> NEW
[787] RowUpdate WorldList.AthenaLoot.Weapon.HighShotgun.11.ItemDefinition=/Game/Athena/Items/Weapons/WID_Shotgun_Combat_Athena_VR_Ore_T03.WID_Shotgun_Combat_Athena_VR_Ore_T03 -> OK
[788] RowUpdate WorldList.AthenaLoot.Weapon.HighShotgun.11.List:WorldList.AthenaLoot.Weapon.HighShotgun.C0=Item:WID_Shotgun_Combat_Athena_VR -> NEW
[789] RowUpdate WorldList.AthenaLoot.Weapon.HighShotgun.12.ItemDefinition=/Game/Athena/Items/Weapons/WID_Shotgun_Combat_Athena_SR_Ore_T03.WID_Shotgun_Combat_Athena_SR_Ore_T03 -> OK
[790] RowUpdate WorldList.AthenaLoot.Weapon.HighShotgun.12.List:WorldList.AthenaLoot.Weapon.HighShotgun.C0=Item:WID_Shotgun_Combat_Athena_SR -> NEW
[791] RowUpdate WorldList.AthenaLoot.Weapon.HighShotgun.15.Weight=0.015000 -> OK
[792] RowUpdate WorldList.AthenaLoot.Weapon.HighShotgun.15.CountRange=(X=1,Y=1) -> OK
[793] RowUpdate WorldList.AthenaLoot.Weapon.HighShotgun.15.ItemDefinition=/Game/Athena/Items/Weapons/WID_Shotgun_Standard_Athena_VR_Ore_T03.WID_Shotgun_Standard_Athena_VR_Ore_T03 -> OK
[794] RowUpdate WorldList.AthenaLoot.Weapon.HighShotgun.15.List:WorldList.AthenaLoot.Weapon.HighShotgun.C0=Item:WID_Shotgun_Standard_Athena_VR -> NEW
[795] RowUpdate WorldList.AthenaLoot.Weapon.HighShotgun.16.Weight=0.003500 -> OK
[796] RowUpdate WorldList.AthenaLoot.Weapon.HighShotgun.16.CountRange=(X=1,Y=1) -> OK
[797] RowUpdate WorldList.AthenaLoot.Weapon.HighShotgun.16.ItemDefinition=/Game/Athena/Items/Weapons/WID_Shotgun_Standard_Athena_SR_Ore_T03.WID_Shotgun_Standard_Athena_SR_Ore_T03 -> OK
[798] RowUpdate WorldList.AthenaLoot.Weapon.HighShotgun.16.List:WorldList.AthenaLoot.Weapon.HighShotgun.C0=Item:WID_Shotgun_Standard_Athena_SR -> NEW
[799] RowUpdate WorldList.ApolloLoot.Weapon.HighShotgun.05.ItemDefinition=/Game/Athena/Items/Weapons/WID_Shotgun_Combat_Athena_VR_Ore_T03.WID_Shotgun_Combat_Athena_VR_Ore_T03 -> OK
[800] RowUpdate WorldList.ApolloLoot.Weapon.HighShotgun.05.List:WorldList.ApolloLoot.Weapon.HighShotgun.C0=Item:WID_Shotgun_Combat_Athena_VR -> NEW
[801] RowUpdate WorldList.ApolloLoot.Weapon.HighShotgun.06.ItemDefinition=/Game/Athena/Items/Weapons/WID_Shotgun_Combat_Athena_SR_Ore_T03.WID_Shotgun_Combat_Athena_SR_Ore_T03 -> OK
[802] RowUpdate WorldList.ApolloLoot.Weapon.HighShotgun.06.List:WorldList.ApolloLoot.Weapon.HighShotgun.C0=Item:WID_Shotgun_Combat_Athena_SR -> NEW
[803] RowUpdate WorldList.ApolloLoot.Weapon.HighShotgun.07.Weight=0.750000 -> OK
[804] RowUpdate WorldList.ApolloLoot.Weapon.HighShotgun.07.CountRange=(X=1,Y=1) -> OK
[805] RowUpdate WorldList.ApolloLoot.Weapon.HighShotgun.07.ItemDefinition=/Game/Athena/Items/Weapons/WID_Shotgun_Standard_Athena_VR_Ore_T03.WID_Shotgun_Standard_Athena_VR_Ore_T03 -> OK
[806] RowUpdate WorldList.ApolloLoot.Weapon.HighShotgun.07.List:WorldList.ApolloLoot.Weapon.HighShotgun.C0=Item:WID_Shotgun_Standard_Athena_VR -> NEW
[807] RowUpdate WorldList.ApolloLoot.Weapon.HighShotgun.08.Weight=0.250000 -> OK
[808] RowUpdate WorldList.ApolloLoot.Weapon.HighShotgun.08.CountRange=(X=1,Y=1) -> OK
[809] RowUpdate WorldList.ApolloLoot.Weapon.HighShotgun.08.ItemDefinition=/Game/Athena/Items/Weapons/WID_Shotgun_Standard_Athena_SR_Ore_T03.WID_Shotgun_Standard_Athena_SR_Ore_T03 -> OK
[810] RowUpdate WorldList.ApolloLoot.Weapon.HighShotgun.08.List:WorldList.ApolloLoot.Weapon.HighShotgun.C0=Item:WID_Shotgun_Standard_Athena_SR -> NEW
[811] RowUpdate WorldList.AthenaLoot.Weapon.AssaultAuto.01.Weight=0.000000 -> OK
[812] RowUpdate WorldList.AthenaLoot.Weapon.AssaultAuto.02.Weight=0.000000 -> OK
[813] RowUpdate WorldList.AthenaLoot.Weapon.AssaultAuto.03.Weight=0.000000 -> OK
[814] RowUpdate WorldList.AthenaLoot.Weapon.HighAssaultAuto.01.Weight=0.000000 -> OK
[815] RowUpdate WorldList.AthenaLoot.Weapon.HighAssaultAuto.02.Weight=0.000000 -> OK
[816] RowUpdate WorldList.AthenaLoot.Weapon.HighAssaultAuto.03.Weight=0.000000 -> OK
[817] RowUpdate WorldList.AthenaLoot.Weapon.HighAssaultAuto.04.Weight=0.000000 -> OK
[818] RowUpdate WorldList.ApolloLoot.Weapon.AssaultAuto.01.Weight=0.000000 -> OK
[819] RowUpdate WorldList.ApolloLoot.Weapon.AssaultAuto.02.Weight=0.000000 -> OK
[820] RowUpdate WorldList.Weapons.Rarity.Common.06.ItemDefinition=/Game/Athena/Items/Weapons/WID_Shotgun_Combat_Athena_C_Ore_T03.WID_Shotgun_Combat_Athena_C_Ore_T03 -> OK
[821] RowUpdate WorldList.Weapons.Rarity.Common.06.List:WorldList.Weapons.Rarity.Common.C0=Item:WID_Shotgun_Combat_Athena_C -> NEW
[822] RowUpdate WorldList.Weapons.Rarity.Common.12.Weight=0.000000 -> OK
[823] RowUpdate WorldList.Weapons.Rarity.Uncommon.06.ItemDefinition=/Game/Athena/Items/Weapons/WID_Shotgun_Combat_Athena_UC_Ore_T03.WID_Shotgun_Combat_Athena_UC_Ore_T03 -> OK
[824] RowUpdate WorldList.Weapons.Rarity.Uncommon.06.List:WorldList.Weapons.Rarity.Uncommon.C0=Item:WID_Shotgun_Combat_Athena_UC -> NEW
[825] RowUpdate WorldList.Weapons.Rarity.Uncommon.12.Weight=0.000000 -> OK
[826] RowUpdate WorldList.Weapons.Rarity.Rare.06.ItemDefinition=/Game/Athena/Items/Weapons/WID_Shotgun_Combat_Athena_R_Ore_T03.WID_Shotgun_Combat_Athena_R_Ore_T03 -> OK
[827] RowUpdate WorldList.Weapons.Rarity.Rare.06.List:WorldList.Weapons.Rarity.Rare.C0=Item:WID_Shotgun_Combat_Athena_R -> NEW
[828] RowUpdate WorldList.Weapons.Rarity.Rare.12.Weight=0.000000 -> OK
[829] RowUpdate WorldList.Weapons.Rarity.Epic.06.ItemDefinition=/Game/Athena/Items/Weapons/WID_Shotgun_Combat_Athena_VR_Ore_T03.WID_Shotgun_Combat_Athena_VR_Ore_T03 -> OK
[830] RowUpdate WorldList.Weapons.Rarity.Epic.06.List:WorldList.Weapons.Rarity.Epic.C0=Item:WID_Shotgun_Combat_Athena_VR -> NEW
[831] RowUpdate WorldList.Weapons.Rarity.Epic.07.Weight=1.000000 -> OK
[832] RowUpdate WorldList.Weapons.Rarity.Epic.07.CountRange=(X=1,Y=1) -> OK
[833] RowUpdate WorldList.Weapons.Rarity.Epic.07.ItemDefinition=/Game/Athena/Items/Weapons/WID_Shotgun_Standard_Athena_VR_Ore_T03.WID_Shotgun_Standard_Athena_VR_Ore_T03 -> OK
[834] RowUpdate WorldList.Weapons.Rarity.Epic.07.List:WorldList.Weapons.Rarity.Epic.C0=Item:WID_Shotgun_Standard_Athena_VR -> NEW
[835] RowUpdate WorldList.Weapons.Rarity.Epic.12.Weight=0.000000 -> OK
[836] RowUpdate WorldList.Weapons.Rarity.Legendary.06.ItemDefinition=/Game/Athena/Items/Weapons/WID_Shotgun_Combat_Athena_SR_Ore_T03.WID_Shotgun_Combat_Athena_SR_Ore_T03 -> OK
[837] RowUpdate WorldList.Weapons.Rarity.Legendary.06.List:WorldList.Weapons.Rarity.Legendary.C0=Item:WID_Shotgun_Combat_Athena_SR -> NEW
[838] RowUpdate WorldList.Weapons.Rarity.Legendary.07.Weight=1.000000 -> OK
[839] RowUpdate WorldList.Weapons.Rarity.Legendary.07.CountRange=(X=1,Y=1) -> OK
[840] RowUpdate WorldList.Weapons.Rarity.Legendary.07.ItemDefinition=/Game/Athena/Items/Weapons/WID_Shotgun_Standard_Athena_SR_Ore_T03.WID_Shotgun_Standard_Athena_SR_Ore_T03 -> OK
[841] RowUpdate WorldList.Weapons.Rarity.Legendary.07.List:WorldList.Weapons.Rarity.Legendary.C0=Item:WID_Shotgun_Standard_Athena_SR -> NEW
[842] RowUpdate WorldList.Weapons.Rarity.Legendary.12.Weight=0.000000 -> OK
[843] RowUpdate WorldList.AthenaSupplyDrop.Weapon.Shotgun.05.ItemDefinition=/Game/Athena/Items/Weapons/WID_Shotgun_Combat_Athena_VR_Ore_T03.WID_Shotgun_Combat_Athena_VR_Ore_T03 -> OK
[844] RowUpdate WorldList.AthenaSupplyDrop.Weapon.Shotgun.05.List:WorldList.AthenaSupplyDrop.Weapon.Shotgun.C0=Item:WID_Shotgun_Combat_Athena_VR -> NEW
[845] RowUpdate WorldList.AthenaSupplyDrop.Weapon.Shotgun.06.ItemDefinition=/Game/Athena/Items/Weapons/WID_Shotgun_Combat_Athena_SR_Ore_T03.WID_Shotgun_Combat_Athena_SR_Ore_T03 -> OK
[846] RowUpdate WorldList.AthenaSupplyDrop.Weapon.Shotgun.06.List:WorldList.AthenaSupplyDrop.Weapon.Shotgun.C0=Item:WID_Shotgun_Combat_Athena_SR -> NEW
[847] RowUpdate WorldList.AthenaSupplyDrop.Weapon.Shotgun.07.Weight=0.600000 -> OK
[848] RowUpdate WorldList.AthenaSupplyDrop.Weapon.Shotgun.07.CountRange=(X=1,Y=1) -> OK
[849] RowUpdate WorldList.AthenaSupplyDrop.Weapon.Shotgun.07.ItemDefinition=/Game/Athena/Items/Weapons/WID_Shotgun_Standard_Athena_VR_Ore_T03.WID_Shotgun_Standard_Athena_VR_Ore_T03 -> OK
[850] RowUpdate WorldList.AthenaSupplyDrop.Weapon.Shotgun.07.List:WorldList.AthenaSupplyDrop.Weapon.Shotgun.C0=Item:WID_Shotgun_Standard_Athena_VR -> NEW
[851] RowUpdate WorldList.AthenaSupplyDrop.Weapon.Shotgun.08.Weight=0.400000 -> OK
[852] RowUpdate WorldList.AthenaSupplyDrop.Weapon.Shotgun.08.CountRange=(X=1,Y=1) -> OK
[853] RowUpdate WorldList.AthenaSupplyDrop.Weapon.Shotgun.08.ItemDefinition=/Game/Athena/Items/Weapons/WID_Shotgun_Standard_Athena_SR_Ore_T03.WID_Shotgun_Standard_Athena_SR_Ore_T03 -> OK
[854] RowUpdate WorldList.AthenaSupplyDrop.Weapon.Shotgun.08.List:WorldList.AthenaSupplyDrop.Weapon.Shotgun.C0=Item:WID_Shotgun_Standard_Athena_SR -> NEW
[855] RowUpdate WorldList.AthenaSupplyDrop.Weapon.Assault.01.Weight=0.000000 -> OK
[856] RowUpdate WorldList.AthenaSupplyDrop.Weapon.Assault.02.Weight=0.000000 -> OK
[857] RowUpdate WorldList.GoldenPOI.DroneLoot.Wep.21.ItemDefinition=/Game/Athena/Items/Weapons/WID_Shotgun_Combat_Athena_UC_Ore_T03.WID_Shotgun_Combat_Athena_UC_Ore_T03 -> OK
[858] RowUpdate WorldList.GoldenPOI.DroneLoot.Wep.21.List:WorldList.GoldenPOI.DroneLoot.Wep.C0=Item:WID_Shotgun_Combat_Athena_UC -> NEW
[859] RowUpdate WorldList.GoldenPOI.DroneLoot.Wep.22.ItemDefinition=/Game/Athena/Items/Weapons/WID_Shotgun_Combat_Athena_R_Ore_T03.WID_Shotgun_Combat_Athena_R_Ore_T03 -> OK
[860] RowUpdate WorldList.GoldenPOI.DroneLoot.Wep.22.List:WorldList.GoldenPOI.DroneLoot.Wep.C0=Item:WID_Shotgun_Combat_Athena_R -> NEW
[861] RowUpdate WorldList.GoldenPOI.DroneLoot.Wep.23.ItemDefinition=/Game/Athena/Items/Weapons/WID_Shotgun_Combat_Athena_VR_Ore_T03.WID_Shotgun_Combat_Athena_VR_Ore_T03 -> OK
[862] RowUpdate WorldList.GoldenPOI.DroneLoot.Wep.23.List:WorldList.GoldenPOI.DroneLoot.Wep.C0=Item:WID_Shotgun_Combat_Athena_VR -> NEW
[863] RowUpdate WorldList.GoldenPOI.DroneLoot.Wep.24.ItemDefinition=/Game/Athena/Items/Weapons/WID_Shotgun_Combat_Athena_SR_Ore_T03.WID_Shotgun_Combat_Athena_SR_Ore_T03 -> OK
[864] RowUpdate WorldList.GoldenPOI.DroneLoot.Wep.24.List:WorldList.GoldenPOI.DroneLoot.Wep.C0=Item:WID_Shotgun_Combat_Athena_SR -> NEW
[865] RowUpdate WorldList.GoldenPOI.DroneLoot.Wep.27.Weight=0.200000 -> OK
[866] RowUpdate WorldList.GoldenPOI.DroneLoot.Wep.27.CountRange=(X=1,Y=1) -> OK
[867] RowUpdate WorldList.GoldenPOI.DroneLoot.Wep.27.ItemDefinition=/Game/Athena/Items/Weapons/WID_Shotgun_Standard_Athena_VR_Ore_T03.WID_Shotgun_Standard_Athena_VR_Ore_T03 -> OK
[868] RowUpdate WorldList.GoldenPOI.DroneLoot.Wep.27.List:WorldList.GoldenPOI.DroneLoot.Wep.C0=Item:WID_Shotgun_Standard_Athena_VR -> NEW
[869] RowUpdate WorldList.GoldenPOI.DroneLoot.Wep.28.Weight=0.020000 -> OK
[870] RowUpdate WorldList.GoldenPOI.DroneLoot.Wep.28.CountRange=(X=1,Y=1) -> OK
[871] RowUpdate WorldList.GoldenPOI.DroneLoot.Wep.28.ItemDefinition=/Game/Athena/Items/Weapons/WID_Shotgun_Standard_Athena_SR_Ore_T03.WID_Shotgun_Standard_Athena_SR_Ore_T03 -> OK
[872] RowUpdate WorldList.GoldenPOI.DroneLoot.Wep.28.List:WorldList.GoldenPOI.DroneLoot.Wep.C0=Item:WID_Shotgun_Standard_Athena_SR -> NEW
[873] RowUpdate WorldList.GoldenPOI.DroneLoot.Wep.45.Weight=0.000000 -> OK
[874] RowUpdate WorldList.GoldenPOI.DroneLoot.Wep.46.Weight=0.000000 -> OK
[875] RowUpdate WorldList.GoldenPOI.DroneLoot.Wep.47.Weight=0.000000 -> OK
[876] RowUpdate WorldList.GoldenPOI.DroneLoot.Wep.48.Weight=0.000000 -> OK
[877] RowUpdate WorldList.FlopperDefault.Shell.09.ItemDefinition=/Game/Athena/Items/Weapons/WID_Shotgun_Combat_Athena_UC_Ore_T03.WID_Shotgun_Combat_Athena_UC_Ore_T03 -> OK
[878] RowUpdate WorldList.FlopperDefault.Shell.09.List:WorldList.FlopperDefault.Shell.C0=Item:WID_Shotgun_Combat_Athena_UC -> NEW
[879] RowUpdate WorldList.FlopperDefault.Shell.10.ItemDefinition=/Game/Athena/Items/Weapons/WID_Shotgun_Combat_Athena_R_Ore_T03.WID_Shotgun_Combat_Athena_R_Ore_T03 -> OK
[880] RowUpdate WorldList.FlopperDefault.Shell.10.List:WorldList.FlopperDefault.Shell.C0=Item:WID_Shotgun_Combat_Athena_R -> NEW
[881] RowUpdate WorldList.FlopperDefault.Shell.11.ItemDefinition=/Game/Athena/Items/Weapons/WID_Shotgun_Combat_Athena_VR_Ore_T03.WID_Shotgun_Combat_Athena_VR_Ore_T03 -> OK
[882] RowUpdate WorldList.FlopperDefault.Shell.11.List:WorldList.FlopperDefault.Shell.C0=Item:WID_Shotgun_Combat_Athena_VR -> NEW
[883] RowUpdate WorldList.FlopperDefault.Shell.12.ItemDefinition=/Game/Athena/Items/Weapons/WID_Shotgun_Combat_Athena_SR_Ore_T03.WID_Shotgun_Combat_Athena_SR_Ore_T03 -> OK
[884] RowUpdate WorldList.FlopperDefault.Shell.12.List:WorldList.FlopperDefault.Shell.C0=Item:WID_Shotgun_Combat_Athena_SR -> NEW
[885] RowUpdate WorldList.FlopperDefault.Medium.01.Weight=0.000000 -> OK
[886] RowUpdate WorldList.FlopperDefault.Medium.02.Weight=0.000000 -> OK
[887] RowUpdate WorldList.FlopperDefault.Medium.03.Weight=0.000000 -> OK
[888] RowUpdate WorldList.FlopperDefault.Medium.04.Weight=0.000000 -> OK
[889] RowUpdate WorldList.FlopperHigh.Shell.09.ItemDefinition=/Game/Athena/Items/Weapons/WID_Shotgun_Combat_Athena_UC_Ore_T03.WID_Shotgun_Combat_Athena_UC_Ore_T03 -> OK
[890] RowUpdate WorldList.FlopperHigh.Shell.09.List:WorldList.FlopperHigh.Shell.C0=Item:WID_Shotgun_Combat_Athena_UC -> NEW
[891] RowUpdate WorldList.FlopperHigh.Shell.10.ItemDefinition=/Game/Athena/Items/Weapons/WID_Shotgun_Combat_Athena_R_Ore_T03.WID_Shotgun_Combat_Athena_R_Ore_T03 -> OK
[892] RowUpdate WorldList.FlopperHigh.Shell.10.List:WorldList.FlopperHigh.Shell.C0=Item:WID_Shotgun_Combat_Athena_R -> NEW
[893] RowUpdate WorldList.FlopperHigh.Shell.11.ItemDefinition=/Game/Athena/Items/Weapons/WID_Shotgun_Combat_Athena_VR_Ore_T03.WID_Shotgun_Combat_Athena_VR_Ore_T03 -> OK
[894] RowUpdate WorldList.FlopperHigh.Shell.11.List:WorldList.FlopperHigh.Shell.C0=Item:WID_Shotgun_Combat_Athena_VR -> NEW
[895] RowUpdate WorldList.FlopperHigh.Shell.12.ItemDefinition=/Game/Athena/Items/Weapons/WID_Shotgun_Combat_Athena_SR_Ore_T03.WID_Shotgun_Combat_Athena_SR_Ore_T03 -> OK
[896] RowUpdate WorldList.FlopperHigh.Shell.12.List:WorldList.FlopperHigh.Shell.C0=Item:WID_Shotgun_Combat_Athena_SR -> NEW
[897] RowUpdate WorldList.FlopperHigh.Medium.01.Weight=0.000000 -> OK
[898] RowUpdate WorldList.FlopperHigh.Medium.02.Weight=0.000000 -> OK
[899] RowUpdate WorldList.FlopperHigh.Medium.03.Weight=0.000000 -> OK
[900] RowUpdate WorldList.FlopperHigh.Medium.04.Weight=0.000000 -> OK
[901] RowUpdate LIST_Vend_Item_Shotgun_Green.03.ItemDefinition=/Game/Athena/Items/Weapons/WID_Shotgun_Combat_Athena_UC_Ore_T03.WID_Shotgun_Combat_Athena_UC_Ore_T03 -> OK
[902] RowUpdate LIST_Vend_Item_Shotgun_Green.03.List:LIST_Vend_Item_Shotgun_Green.C0=Item:WID_Shotgun_Combat_Athena_UC -> NEW
[903] RowUpdate LIST_Vend_Item_Shotgun_Blue.03.ItemDefinition=/Game/Athena/Items/Weapons/WID_Shotgun_Combat_Athena_R_Ore_T03.WID_Shotgun_Combat_Athena_R_Ore_T03 -> OK
[904] RowUpdate LIST_Vend_Item_Shotgun_Blue.03.List:LIST_Vend_Item_Shotgun_Blue.C0=Item:WID_Shotgun_Combat_Athena_R -> NEW
[905] RowUpdate LIST_Vend_Item_Assault_Purple.01.Weight=0.000000 -> OK
[906] RowUpdate LIST_Vend_Item_Gold_3.01.Weight=0.000000 -> OK
[907] RowUpdate LIST_Boss_Beta_Weapon.01.ItemDefinition=/PaprikaCoreWeapons/Items/Weapons/PaprikaAR_Infantry/HitscanWIDs/WID_Assault_Paprika_Infantry_Athena_HS_UR.WID_Assault_Paprika_Infantry_Athena_HS_UR -> OK
[908] RowUpdate LIST_Boss_Beta_Weapon.01.List:LIST_Boss_Beta_Weapon.C0=Item:WID.Assault.Paprika.Infantry.Athena.HS.UR -> NEW
[1026] RowUpdate WorldList.FlopperDefault.Light.18.ItemDefinition=/MusterCoreWeapons/Items/Weapons/MusterPistol/Season39/WID_Pistol_Muster_S39_Athena_UR.WID_Pistol_Muster_S39_Athena_UR -> OK
[1027] RowUpdate WorldList.FlopperHigh.Light.18.ItemDefinition=/MusterCoreWeapons/Items/Weapons/MusterPistol/Season39/WID_Pistol_Muster_S39_Athena_UR.WID_Pistol_Muster_S39_Athena_UR -> OK
[1038] RowUpdate WorldList.AthenaWadStash.Small.01.CountRange=(X=750,Y=750) -> OK
[1039] RowUpdate WorldList.AthenaWadSafe.01.CountRange=(X=1500,Y=1500) -> OK
[1040] RowUpdate WorldList.AthenaWadGoldBarStack.Medium.01.CountRange=(X=200,Y=200) -> OK
[1041] RowUpdate WorldList.AthenaWadGoldBarStack.Large.01.CountRange=(X=300,Y=300) -> OK
[1042] RowUpdate WorldList.AthenaWadChests.01.CountRange=(X=150,Y=150) -> OK
[1043] RowUpdate WorldList.AthenaWadChests.02.CountRange=(X=200,Y=200) -> OK
[1044] RowUpdate WorldList.AthenaWadChests.03.CountRange=(X=300,Y=300) -> OK
[1045] RowUpdate WorldList.ApolloWadChests.01.CountRange=(X=250,Y=250) -> OK
[1046] RowUpdate WorldList.ApolloWadChests.02.CountRange=(X=300,Y=300) -> OK
[1047] RowUpdate WorldList.ApolloWadChests.03.CountRange=(X=350,Y=350) -> OK
[1048] RowUpdate WorldList.FlopperDefault.Consumables.04.CountRange=(X=150,Y=150) -> OK
[1049] RowUpdate WorldList.FlopperHigh.Consumables.03.CountRange=(X=600,Y=600) -> OK
[1050] RowUpdate LIST_JobBoard_Gold_BuriedTreasure.01.CountRange=(X=150,Y=150) -> OK
[1051] RowUpdate LIST_ShadowBriefing.01.CountRange=(X=3000,Y=3000) -> OK
[1052] RowUpdate LIST_ThemeParkCannon_Gold.01.CountRange=(X=400,Y=400) -> OK
[1053] RowUpdate LIST_Boss_Gold.01.CountRange=(X=1200,Y=1200) -> OK
[1054] RowUpdate LIST_Henchmen_Gold.01.CountRange=(X=100,Y=100) -> OK
[1057] RowUpdate LIST_Vend_Item_Gold_1.04.Weight=2.000000 -> OK
[1058] RowUpdate LIST_Vend_Item_Gold_2.04.Weight=1.500000 -> OK
[1059] RowUpdate LIST_Vend_Item_Gold_2.05.Weight=1.500000 -> OK
[1060] RowUpdate LIST_Vend_Item_Gold_3.05.Weight=2.000000 -> OK
[1061] RowUpdate LIST_Vend_Item_Gold_3.06.Weight=2.000000 -> OK
[1062] RowUpdate LIST_Vend_Item_Gold_4.01.Weight=1.000000 -> OK
[1064] RowUpdate LIST_Vend_Item_Gold_1.02.Weight=1.500000 -> OK
[1065] RowUpdate LIST_Vend_Item_Gold_1.02.ItemDefinition=/Game/Athena/Items/Weapons/WaffleTruck/WID_WaffleTruck_BoomSniper.WID_WaffleTruck_BoomSniper -> OK
[1067] RowUpdate LIST_Vend_Item_Gold_2.02.ItemDefinition=/Game/Athena/Items/Weapons/WaffleTruck/WID_WaffleTruck_HopRockDualies.WID_WaffleTruck_HopRockDualies -> OK
[HOTFIX:SEASON2] Addrow(TableUpdate) なし -> スキップ
[HOTFIX:SEASON2] done: applied=225, deleted=0, skipped=2
[STEP1-3] merge E:\Fmodel\Exports\FortniteGame\Plugins\GameFeatures\DragonCartLoot\Content\DataTables\NoBuildBR\OverrideLootPackagesData_NoBuildBR.json : replaced=9, added=21
[HOTFIX:SEASON3] target=/DragonCartLoot/DataTables/NoBuildBR/OverrideLootPackagesData_NoBuildBR
[HOTFIX:SEASON3] Addrow(TableUpdate) なし -> スキップ
[HOTFIX:SEASON3] done: applied=0, deleted=0, skipped=0
[STEP1-4] merge E:\Fmodel\Exports\FortniteGame\Plugins\GameFeatures\DragonCartLoot\Content\DataTables\NoBuildComp\DragonCartLootPackages_Client_Comp_NoBuild.json : replaced=64, added=4
[HOTFIX:SEASON4] target=/DragonCartLoot/DataTables/NoBuildComp/DragonCartLootPackages_Client_Comp_NoBuild
[HOTFIX:SEASON4] Addrow(TableUpdate) なし -> スキップ
[HOTFIX:SEASON4] done: applied=0, deleted=0, skipped=0
[STEP1-5] merge E:\Fmodel\Exports\FortniteGame\Plugins\GameFeatures\DragonCartLoot\Content\DataTables\NoBuildComp\DragonCartLootPackages_Client_Comp_Backup.json : replaced=1, added=0
[HOTFIX:SEASON5] target=/DragonCartLoot/DataTables/NoBuildComp/DragonCartLootPackages_Client_Comp_Backup
[471] TableUpdate -> ADD WorldList.AthenaHighConsumables.14
[471] TableUpdate -> ADD WorldList.AthenaHighConsumablesRare.14
[471] TableUpdate -> ADD WorldList.AthenaSupplyDropConsumables.13
[471] TableUpdate -> ADD WorldList.AthenaConsumables.14
[471] TableUpdate -> ADD LIST_Boss_Gamma_Consumable.01
[471] TableUpdate -> ADD LIST_Balloon_Item.02
[HOTFIX:SEASON5] done: applied=6, deleted=0, skipped=0
[WRITE] final -> E:\フォートナイト\Picture\Loot Pool\TEST4\New Loot\System Update\NoBuild_Comp\input\AthenaLootPackages_Client__final.json
[WRITE] per-input -> E:\フォートナイト\Picture\Loot Pool\TEST4\New Loot\System Update\NoBuild_Comp\input\DragonCartLootPackages_Client__final.json
[WRITE] per-input -> E:\フォートナイト\Picture\Loot Pool\TEST4\New Loot\System Update\NoBuild_Comp\input\OverrideLootPackagesData_NoBuildBR__final.json
[WRITE] per-input -> E:\フォートナイト\Picture\Loot Pool\TEST4\New Loot\System Update\NoBuild_Comp\input\DragonCartLootPackages_Client_Comp_NoBuild__final.json
[WRITE] per-input -> E:\フォートナイト\Picture\Loot Pool\TEST4\New Loot\System Update\NoBuild_Comp\input\DragonCartLootPackages_Client_Comp_Backup__final.json
2026-03-13 08:47:48 | INFO | hotfix start: E:\フォートナイト\Picture\Loot Pool\TEST4\New Loot\System Update\LootTier.py
2026-03-13 08:47:49 | INFO | hotfix lt stdout: [STEP1-1] base e:\Fmodel\Exports\FortniteGame\Content\Items\DataTables\AthenaLootTierData_Client.json
[HOTFIX:SEASON1] target=/Game/Items/DataTables/AthenaLootTierData_Client
[HOTFIX:SEASON1] done: applied=0, deleted=0, skipped=0
[STEP1-2] merge e:\Fmodel\Exports\FortniteGame\Plugins\GameFeatures\DragonCartLoot\Content\DataTables\DragonCartLootTierData_Client.json : replaced=0, added=89
[HOTFIX:SEASON2] target=/DragonCartLoot/DataTables/DragonCartLootTierData_Client
[463] RowUpdate LTG_Vend_Item_Pistol_Green.01.Weight=0.000000 -> OK
[464] RowUpdate LTG_Vend_Item_Shotgun_Green.01.Weight=0.000000 -> OK
[465] RowUpdate LTG_Vend_Item_SMG_Green.01.Weight=0.000000 -> OK
[466] RowUpdate LTG_Vend_Item_Assault_Green.01.Weight=0.000000 -> OK
[HOTFIX:SEASON2] done: applied=4, deleted=0, skipped=0
[STEP1-3] merge E:\Fmodel\Exports\FortniteGame\Plugins\GameFeatures\DragonCartLoot\Content\DataTables\NoBuildBR\OverrideLootTierData_NoBuildBR.json : replaced=0, added=0
[HOTFIX:SEASON3] target=/DragonCartLoot/DataTables/NoBuildBR/OverrideLootTierData_NoBuildBR
[HOTFIX:SEASON3] done: applied=0, deleted=0, skipped=0
[WRITE] final -> E:\フォートナイト\Picture\Loot Pool\TEST4\New Loot\System Update\NoBuild_Comp\input\AthenaLootTierData_Client__final.json
[WRITE] per-input -> E:\フォートナイト\Picture\Loot Pool\TEST4\New Loot\System Update\NoBuild_Comp\input\DragonCartLootTierData_Client__final.json
[WRITE] per-input -> E:\フォートナイト\Picture\Loot Pool\TEST4\New Loot\System Update\NoBuild_Comp\input\OverrideLootTierData_NoBuildBR__final.json
2026-03-13 08:47:49 | INFO | ✓ Hotfix 適用完了 (1.06s)
2026-03-13 08:47:49 | INFO | load lt: E:\フォートナイト\Picture\Loot Pool\TEST4\New Loot\System Update\NoBuild_Comp\input\AthenaLootTierData_Client__final.json
2026-03-13 08:47:49 | INFO | load lp: E:\フォートナイト\Picture\Loot Pool\TEST4\New Loot\System Update\NoBuild_Comp\input\AthenaLootPackages_Client__final.json
2026-03-13 08:47:49 | INFO | load done (0.03s)
2026-03-13 08:47:49 | INFO | build summary start
2026-03-13 08:47:49 | INFO | build summary done (0.02s)
2026-03-13 08:47:49 | INFO | enrich summary with names start
2026-03-13 08:47:49 | INFO | enrich summary done (0.00s)
2026-03-13 08:47:49 | INFO | ✅ まとめJSONを作成: E:\フォートナイト\Picture\Loot Pool\TEST4\New Loot\System Update\NoBuild_Comp\output\summary\v39.30_2026-03-13_08-47.json
2026-03-13 08:47:49 | INFO | build NoBuild_LootData start
2026-03-13 08:47:49 | INFO | build BR_LootData done (0.00s)
2026-03-13 08:47:49 | INFO | ✅ NoBuild_LootData を作成: E:\フォートナイト\Picture\Loot Pool\TEST4\New Loot\System Update\戦利品データ\NoBuild_Comp\NoBuild_Comp_LootData_2026-03-13_08-47.json
2026-03-13 08:47:49 | INFO | ✅ Web LootPool を更新: E:\フォートナイト\Web\assets\data\Loot\ZB_Comp_LootPool.json
2026-03-13 08:47:49 | INFO | LootSummary start: E:\フォートナイト\Picture\Loot Pool\TEST4\New Loot\System Update\NoBuild_Comp\scripts\LootSummary.py
2026-03-13 08:47:49 | INFO | LootSummary stdout: 🔎 抽出用: 最新ファイル = E:\フォートナイト\Picture\Loot Pool\TEST4\New Loot\System Update\NoBuild_Comp\output\summary\v39.30_2026-03-13_08-47.json
✅ 抽出件数: 102
💾 保存: E:\フォートナイト\Picture\Loot Pool\TEST4\New Loot\System Update\NoBuild_Comp\input\items_unique_min.json
🔎 比較用: base   = E:\フォートナイト\Picture\Loot Pool\TEST4\New Loot\System Update\NoBuild_Comp\output\summary\v39.30_2026-03-05_23-31.json
🔎 比較用: target = E:\フォートナイト\Picture\Loot Pool\TEST4\New Loot\System Update\NoBuild_Comp\output\summary\v39.30_2026-03-13_08-47.json
✅ 差分作成 完了
  追加   : 3 / 削除 : 0 / 変更 : 0 / 変化なし : 99
💾 差分: E:\フォートナイト\Picture\Loot Pool\TEST4\New Loot\System Update\NoBuild_Comp\output\history\BR_20260313_0847\items_unique_min_diff.json
2026-03-13 08:47:49 | WARNING | LootSummary stderr: E:\フォートナイト\Picture\Loot Pool\TEST4\New Loot\System Update\NoBuild_Comp\scripts\LootSummary.py:2: SyntaxWarning: invalid escape sequence '\B'
  """
2026-03-13 08:47:49 | INFO | ✅ LootSummary 実行完了（抽出→比較） (0.36s)
2026-03-13 08:47:49 | INFO | prewarm start
