2026-04-02 18:42:10 | INFO | log file (NoBuild_Comp): E:\フォートナイト\Picture\Loot Pool\TEST4\New Loot\System Update\NoBuild_Comp\output\logs\pipeline_2026-04-02_18-42-10.log
2026-04-02 18:42:10 | INFO | ===== NoBuild_Comp: pipeline start =====
2026-04-02 18:42:10 | INFO | paths: lt=E:\フォートナイト\Picture\Loot Pool\TEST4\New Loot\System Update\NoBuild_Comp\input\AthenaLootTierData_Client__final.json lp=E:\フォートナイト\Picture\Loot Pool\TEST4\New Loot\System Update\NoBuild_Comp\input\AthenaLootPackages_Client__final.json minlist=E:\フォートナイト\Picture\Loot Pool\TEST4\New Loot\System Update\NoBuild_Comp\input\items_unique_min.json
2026-04-02 18:42:10 | INFO | output: summary=E:\フォートナイト\Picture\Loot Pool\TEST4\New Loot\System Update\NoBuild_Comp\output\summary lootdata=E:\フォートナイト\Picture\Loot Pool\TEST4\New Loot\System Update\戦利品データ\NoBuild_Comp
2026-04-02 18:42:10 | INFO | flags: hotfix=True prewarm=True image=True workers=8
2026-04-02 18:42:10 | INFO | hotfix start: E:\フォートナイト\Picture\Loot Pool\TEST4\New Loot\System Update\LootPackage.py
2026-04-02 18:42:11 | INFO | hotfix lp stdout: [STEP1-1] base e:\Fmodel\Exports\FortniteGame\Content\Items\DataTables\AthenaLootPackages_Client.json
[HOTFIX:SEASON1] target=/Game/Items/DataTables/AthenaLootPackages_Client
[HOTFIX:SEASON1] Addrow(TableUpdate) なし -> スキップ
[HOTFIX:SEASON1] done: applied=0, deleted=0, skipped=0
[STEP1-2] merge e:\Fmodel\Exports\FortniteGame\Plugins\GameFeatures\TeaCakeLoot\Content\DataTables\TeaCakeLootPackages_Client.json : replaced=428, added=1071
[HOTFIX:SEASON2] target=/TeaCakeLoot/DataTables/TeaCakeLootPackages_Client
[341] RowUpdate WorldList.ApolloLoot.Weapon.Rocket.01.Weight=0.000010 -> OK
[342] RowUpdate WorldList.ApolloLoot.Weapon.Rocket.01.CountRange=(X=1,Y=1) -> OK
[343] RowUpdate WorldList.ApolloLoot.Weapon.Rocket.01.ItemDefinition=/WeaponsUpdated/Gameplay/CombatAR/Hitscan/WID_Assault_MoonFlax_CombatAR_HS_Athena_SR.WID_Assault_MoonFlax_CombatAR_HS_Athena_SR -> OK
[347] RowUpdate WorldList.AthenaLoot.Ammo.Medium.01.CountRange=(X=36,Y=36) -> OK
[348] RowUpdate LIST_PaV_04_Boss_Weapon.01.ItemDefinition=/TeaCakeIceGauntlets/Gameplay/WID_IceGauntlets_BigBomb.WID_IceGauntlets_BigBomb -> OK
[349] RowUpdate LIST_PaV_04_Boss_Ammo.03.Weight=1.000000 -> OK
[350] RowUpdate LIST_PaV_04_Boss_Ammo.03.CountRange=(X=36,Y=36) -> OK
[351] RowUpdate LIST_PaV_04_Boss_Consume.01.Weight=0.500000 -> OK
[352] RowUpdate LIST_PaV_04_Boss_Consume.02.Weight=0.500000 -> OK
[353] RowUpdate LIST_PaV_04_Boss_Consume.03.Weight=0.000000 -> OK
[354] RowUpdate LIST_PaV_04_Boss_Consume.04.Weight=0.000000 -> OK
[396] RowUpdate PKG_DragRace_Winner.04.LootPackageCall=LIST_DragRace -> OK
[397] RowUpdate PKG_GoldenWaterfall_Weapon.04.Weight=0.600000 -> OK
[398] RowUpdate PKG_GoldenWaterfall_Weapon.04.LootPackageCall=WorldList.Weapons.Rarity.Rare -> OK
[399] RowUpdate PKG_GoldenWaterfall_Weapon.05.Weight=0.400000 -> OK
[400] RowUpdate PKG_GoldenWaterfall_Weapon.05.LootPackageCall=WorldList.Weapons.Rarity.Epic -> OK
[401] RowUpdate LIST_IceKingLieutenant_Weapon.01.ItemDefinition=/WeaponsUpdated/Gameplay/Pistol/WID_Pistol_Auto_HighTier_Athena_SR.WID_Pistol_Auto_HighTier_Athena_SR -> OK
[402] RowUpdate LIST_IceKingLieutenant_Weapon.02.ItemDefinition=/WeaponsUpdated/Gameplay/Pistol/WID_Pistol_Auto_HighTier_Athena_UR.WID_Pistol_Auto_HighTier_Athena_UR -> OK
[403] RowUpdate LIST_DeadliftRecord_Mythic.01.ItemDefinition=/DragonCartWeaponGameplay/Gameplay/DragonCart_Pump/WID_Shotgun_Pump_DragonCart_Athena_UR.WID_Shotgun_Pump_DragonCart_Athena_UR -> OK
[404] AddRow -> ADD LIST_DragRace.01
[405] RowUpdate WorldList.AthenaWadStash.Small.01.CountRange=(X=150,Y=150) -> OK
[406] RowUpdate WorldList.AthenaWadStash.Small.02.CountRange=(X=200,Y=200) -> OK
[407] RowUpdate WorldList.AthenaWadStash.Small.03.CountRange=(X=275,Y=275) -> OK
[408] RowUpdate WorldList.AthenaWadStash.Small.04.CountRange=(X=400,Y=400) -> OK
[409] RowUpdate WorldList.AthenaWadStash.Large.01.CountRange=(X=750,Y=750) -> OK
[410] RowUpdate WorldList.AthenaWadChests.01.CountRange=(X=50,Y=50) -> OK
[411] RowUpdate WorldList.AthenaWadChests.02.CountRange=(X=80,Y=80) -> OK
[412] RowUpdate WorldList.AthenaWadChests.03.CountRange=(X=100,Y=100) -> OK
[413] RowUpdate WorldList.FlopperDefault.Light.01.CountRange=(X=150,Y=150) -> OK
[414] RowUpdate WorldList.FlopperHigh.Light.01.CountRange=(X=150,Y=150) -> OK
[415] RowUpdate WorldList.FlopperHigh.Consumables.03.CountRange=(X=150,Y=150) -> OK
[416] RowUpdate WorldList.FlopperBetter.Light.01.CountRange=(X=150,Y=150) -> OK
[417] RowUpdate WorldList.FlopperBetter.Shell.01.CountRange=(X=150,Y=150) -> OK
[418] RowUpdate WorldList.FlopperBetter.Medium.18.CountRange=(X=150,Y=150) -> OK
[419] RowUpdate LIST_BountyBoard_Gold.01.CountRange=(X=1000,Y=1000) -> OK
[613] RowUpdate WorldList.AthenaLoot.Weapon.Handgun.06.Weight=0.00000 -> OK
[708] RowUpdate WorldList.AthenaHighConsumables.Healing.08.Weight=0.040000 -> OK
[709] RowUpdate WorldList.AthenaConsumables.Healing.08.Weight=0.010000 -> OK
[HOTFIX:SEASON2] done: applied=38, deleted=0, skipped=0
[STEP1-3] merge e:\Fmodel\Exports\FortniteGame\Plugins\GameFeatures\TeaCakeLoot\Content\DataTables\Comp\TeaCakeLootPackages_Client_Comp.json : replaced=112, added=2
[HOTFIX:SEASON3] target=/TeaCakeLoot/DataTables/Comp/TeaCakeLootPackages_Client_Comp
[HOTFIX:SEASON3] Addrow(TableUpdate) なし -> スキップ
[HOTFIX:SEASON3] done: applied=0, deleted=0, skipped=0
[STEP1-4] merge E:\Fmodel\Exports\FortniteGame\Plugins\GameFeatures\TeaCakeLoot\Content\DataTables\NoBuildBR\TeaCakeLoot_OverrideLootPackagesData_NoBuildBR.json : replaced=51, added=20
[HOTFIX:SEASON4] target=/TeaCakeLoot/DataTables/NoBuildBR/TeaCakeLoot_OverrideLootPackagesData_NoBuildBR
[HOTFIX:SEASON4] Addrow(TableUpdate) なし -> スキップ
[HOTFIX:SEASON4] done: applied=0, deleted=0, skipped=0
[STEP1-5] merge E:\Fmodel\Exports\FortniteGame\Plugins\GameFeatures\TeaCakeLoot\Content\DataTables\NoBuildComp\TeaCakeLoot_OverrideLootPackagesData_NoBuildBR_Comp.json : replaced=28, added=2
[HOTFIX:SEASON5] target=/TeaCakeLoot/DataTables/NoBuildComp/TeaCakeLoot_OverrideLootPackagesData_NoBuildBR_Comp
[HOTFIX:SEASON5] Addrow(TableUpdate) なし -> スキップ
[HOTFIX:SEASON5] done: applied=0, deleted=0, skipped=0
[STEP1-6] merge E:\Fmodel\Exports\FortniteGame\Plugins\GameFeatures\TeaCakeLoot\Content\DataTables\NoBuildComp\TeaCakeLoot_OverrideLootPackagesData_NoBuildBR_Comp_Backup.json : replaced=30, added=0
[HOTFIX:SEASON6] target=/TeaCakeLoot/DataTables/NoBuildComp/TeaCakeLoot_OverrideLootPackagesData_NoBuildBR_Comp_Backup
[393] TableUpdate -> ADD WorldList.AthenaLoot.Resources.01
[393] TableUpdate -> ADD WorldList.AthenaLoot.Resources.02
[393] TableUpdate -> ADD WorldList.AthenaLoot.Resources.03
[393] TableUpdate -> ADD WorldPKG.AthenaSCM.Enchanced.07
[393] TableUpdate -> ADD WorldPKG.AthenaSCM.Enchanced.08
[393] TableUpdate -> ADD WorldPKG.AthenaSCM.Enchanced.09
[393] TableUpdate -> ADD WorldList.AthenaSCMEnchanced.Wood.01
[393] TableUpdate -> ADD WorldList.AthenaSCMEnchanced.Stone.01
[393] TableUpdate -> ADD WorldList.AthenaSCMEnchanced.Metal.01
[393] TableUpdate -> ADD WorldList.ClaimPOI.Reward.Resources.01
[393] TableUpdate -> ADD WorldList.ClaimPOI.Reward.Resources.02
[393] TableUpdate -> ADD WorldList.ClaimPOI.Reward.Resources.03
[393] TableUpdate -> ADD WorldList.MMO.ChestCache.Resources.01
[393] TableUpdate -> ADD WorldList.MMODrome.Resources.01
[393] TableUpdate -> ADD WorldList.MMODrome.Resources.02
[393] TableUpdate -> ADD WorldList.MMODrome.Resources.03
[393] TableUpdate -> ADD WorldList.Specialist.Supply.Agent.Resources.01
[393] TableUpdate -> ADD WorldList.Specialist.Supply.Agent.Resources.02
[393] TableUpdate -> ADD WorldList.Specialist.Supply.Agent.Resources.03
[393] TableUpdate -> ADD WorldList.Specialist.Supply.Extra.Resources.01
[393] TableUpdate -> ADD WorldList.Specialist.Supply.Extra.Resources.02
[393] TableUpdate -> ADD WorldList.Specialist.Supply.Extra.Resources.03
[393] TableUpdate -> ADD WorldList.AthenaConsumables.Utility.02
[393] TableUpdate -> ADD WorldList.AthenaHighConsumables.Utility.02
[393] TableUpdate -> ADD WorldList.AthenaHighConsumablesRare.Utility.02
[393] TableUpdate -> ADD WorldList.AthenaSupplyDropConsumables.Utility.02
[393] TableUpdate -> ADD WorldList.AthenaConsumables.Utility.01
[393] TableUpdate -> ADD WorldList.AthenaHighConsumables.Utility.01
[393] TableUpdate -> ADD WorldList.AthenaHighConsumablesRare.Utility.01
[393] TableUpdate -> ADD WorldList.AthenaSupplyDropConsumables.Utility.01
[HOTFIX:SEASON6] done: applied=30, deleted=0, skipped=0
[WRITE] final -> E:\フォートナイト\Picture\Loot Pool\TEST4\New Loot\System Update\NoBuild_Comp\input\AthenaLootPackages_Client__final.json
[WRITE] per-input -> E:\フォートナイト\Picture\Loot Pool\TEST4\New Loot\System Update\NoBuild_Comp\input\TeaCakeLootPackages_Client__final.json
[WRITE] per-input -> E:\フォートナイト\Picture\Loot Pool\TEST4\New Loot\System Update\NoBuild_Comp\input\TeaCakeLootPackages_Client_Comp__final.json
[WRITE] per-input -> E:\フォートナイト\Picture\Loot Pool\TEST4\New Loot\System Update\NoBuild_Comp\input\TeaCakeLoot_OverrideLootPackagesData_NoBuildBR__final.json
[WRITE] per-input -> E:\フォートナイト\Picture\Loot Pool\TEST4\New Loot\System Update\NoBuild_Comp\input\TeaCakeLoot_OverrideLootPackagesData_NoBuildBR_Comp__final.json
[WRITE] per-input -> E:\フォートナイト\Picture\Loot Pool\TEST4\New Loot\System Update\NoBuild_Comp\input\TeaCakeLoot_OverrideLootPackagesData_NoBuildBR_Comp_Backup__final.json
2026-04-02 18:42:11 | INFO | hotfix start: E:\フォートナイト\Picture\Loot Pool\TEST4\New Loot\System Update\LootTier.py
2026-04-02 18:42:11 | INFO | hotfix lt stdout: [STEP1-1] base e:\Fmodel\Exports\FortniteGame\Content\Items\DataTables\AthenaLootTierData_Client.json
[HOTFIX:SEASON1] target=/Game/Items/DataTables/AthenaLootTierData_Client
[HOTFIX:SEASON1] done: applied=0, deleted=0, skipped=0
[STEP1-2] merge e:\Fmodel\Exports\FortniteGame\Plugins\GameFeatures\TeaCakeLoot\Content\DataTables\TeaCakeLootTierData_Client.json : replaced=1, added=118
[HOTFIX:SEASON2] target=/TeaCakeLoot/DataTables/TeaCakeLootTierData_Client
[HOTFIX:SEASON2] done: applied=0, deleted=0, skipped=0
[STEP1-3] merge e:\Fmodel\Exports\FortniteGame\Plugins\GameFeatures\TeaCakeLoot\Content\DataTables\Comp\TeaCakeLootTierData_Client_Comp.json : replaced=1, added=0
[HOTFIX:SEASON3] target=/TeaCakeLoot/DataTables/Comp/TeaCakeLootTierData_Client_Comp
[HOTFIX:SEASON3] done: applied=0, deleted=0, skipped=0
[STEP1-4] merge e:\Fmodel\Exports\FortniteGame\Plugins\GameFeatures\TeaCakeLoot\Content\DataTables\NoBuildBR\TeaCakeLoot_OverrideLootTierData_NoBuildBR.json : replaced=0, added=0
[HOTFIX:SEASON4] target=/TeaCakeLoot/DataTables/NoBuildBR/TeaCakeLoot_OverrideLootTierData_NoBuildBR
[HOTFIX:SEASON4] done: applied=0, deleted=0, skipped=0
[STEP1-5] merge E:\Fmodel\Exports\FortniteGame\Plugins\GameFeatures\TeaCakeLoot\Content\DataTables\NoBuildComp\TeaCakeLoot_OverrideLootTierData_NoBuildBR_Comp.json : replaced=0, added=4
[HOTFIX:SEASON5] target=/TeaCakeLoot/DataTables/NoBuildComp/TeaCakeLoot_OverrideLootTierData_NoBuildBR_Comp
[HOTFIX:SEASON5] done: applied=0, deleted=0, skipped=0
[WRITE] final -> E:\フォートナイト\Picture\Loot Pool\TEST4\New Loot\System Update\NoBuild_Comp\input\AthenaLootTierData_Client__final.json
[WRITE] per-input -> E:\フォートナイト\Picture\Loot Pool\TEST4\New Loot\System Update\NoBuild_Comp\input\TeaCakeLootTierData_Client__final.json
[WRITE] per-input -> E:\フォートナイト\Picture\Loot Pool\TEST4\New Loot\System Update\NoBuild_Comp\input\TeaCakeLootTierData_Client_Comp__final.json
[WRITE] per-input -> E:\フォートナイト\Picture\Loot Pool\TEST4\New Loot\System Update\NoBuild_Comp\input\TeaCakeLoot_OverrideLootTierData_NoBuildBR__final.json
[WRITE] per-input -> E:\フォートナイト\Picture\Loot Pool\TEST4\New Loot\System Update\NoBuild_Comp\input\TeaCakeLoot_OverrideLootTierData_NoBuildBR_Comp__final.json
2026-04-02 18:42:11 | INFO | ✓ Hotfix 適用完了 (1.20s)
2026-04-02 18:42:11 | INFO | load lt: E:\フォートナイト\Picture\Loot Pool\TEST4\New Loot\System Update\NoBuild_Comp\input\AthenaLootTierData_Client__final.json
2026-04-02 18:42:11 | INFO | load lp: E:\フォートナイト\Picture\Loot Pool\TEST4\New Loot\System Update\NoBuild_Comp\input\AthenaLootPackages_Client__final.json
2026-04-02 18:42:11 | INFO | load done (0.03s)
2026-04-02 18:42:11 | INFO | build summary start
2026-04-02 18:42:11 | INFO | build summary done (0.03s)
2026-04-02 18:42:11 | INFO | enrich summary with names start
2026-04-02 18:42:12 | INFO | enrich summary done (1.00s)
2026-04-02 18:42:12 | INFO | ✅ まとめJSONを作成: E:\フォートナイト\Picture\Loot Pool\TEST4\New Loot\System Update\NoBuild_Comp\output\summary\v39.30_2026-04-02_18-42.json
2026-04-02 18:42:12 | INFO | build NoBuild_LootData start
2026-04-02 18:42:12 | INFO | build BR_LootData done (0.00s)
2026-04-02 18:42:12 | INFO | ✅ NoBuild_LootData を作成: E:\フォートナイト\Picture\Loot Pool\TEST4\New Loot\System Update\戦利品データ\NoBuild_Comp\NoBuild_Comp_LootData_2026-04-02_18-42.json
2026-04-02 18:42:12 | INFO | ✅ Web LootPool を更新: E:\フォートナイト\Web\assets\data\Loot\ZB_Comp_LootPool.json
2026-04-02 18:42:12 | INFO | LootSummary start: E:\フォートナイト\Picture\Loot Pool\TEST4\New Loot\System Update\NoBuild_Comp\scripts\LootSummary.py
2026-04-02 18:42:12 | INFO | LootSummary stdout: 🔎 抽出用: 最新ファイル = E:\フォートナイト\Picture\Loot Pool\TEST4\New Loot\System Update\NoBuild_Comp\output\summary\v39.30_2026-04-02_18-42.json
✅ 抽出件数: 96
💾 保存: E:\フォートナイト\Picture\Loot Pool\TEST4\New Loot\System Update\NoBuild_Comp\input\items_unique_min.json
🔎 比較用: base   = E:\フォートナイト\Picture\Loot Pool\TEST4\New Loot\System Update\NoBuild_Comp\output\summary\v39.30_2026-04-01_23-02.json
🔎 比較用: target = E:\フォートナイト\Picture\Loot Pool\TEST4\New Loot\System Update\NoBuild_Comp\output\summary\v39.30_2026-04-02_18-42.json
✅ 差分作成 完了
  追加   : 0 / 削除 : 4 / 変更 : 0 / 変化なし : 96
💾 差分: E:\フォートナイト\Picture\Loot Pool\TEST4\New Loot\System Update\NoBuild_Comp\output\history\BR_20260402_1842\items_unique_min_diff.json
2026-04-02 18:42:12 | WARNING | LootSummary stderr: E:\フォートナイト\Picture\Loot Pool\TEST4\New Loot\System Update\NoBuild_Comp\scripts\LootSummary.py:2: SyntaxWarning: invalid escape sequence '\B'
  """
2026-04-02 18:42:12 | INFO | ✅ LootSummary 実行完了（抽出→比較） (0.27s)
2026-04-02 18:42:12 | INFO | prewarm start
2026-04-02 18:42:13 | INFO | ✅ アイコンキャッシュ プリウォーム完了 (0.95s)
2026-04-02 18:42:13 | INFO | 画像化タスク数: 96
2026-04-02 18:42:14 | INFO | 画像生成 進捗: 1/96
2026-04-02 18:42:14 | INFO | 画像生成 進捗: 50/96
2026-04-02 18:42:15 | INFO | 画像生成 進捗: 96/96
2026-04-02 18:42:15 | INFO | ✅ 画像生成 完了（MinListベース）
2026-04-02 18:42:15 | INFO | ✅ Loot diff を作成: E:\フォートナイト\Web\assets\data\Loot\diff\NoBuild_Comp_2026-04-02_18-42-15.json (added=0 removed=4 change=43)
2026-04-02 18:42:15 | INFO | ℹ️ AddedItems 画像の追加対象なし (copied=0 missing=0)
2026-04-02 18:42:15 | INFO | git add: E:\フォートナイト\Picture\Loot Pool\TEST4\New Loot
2026-04-02 18:42:17 | INFO | git commit stdout: [main 3f7fe46] NoBuild_Comp update 2026-04-02 18:42:16
 13 files changed, 62547 insertions(+), 964 deletions(-)
 create mode 100644 System Update/NoBuild_Comp/output/history/BR_20260402_1842/items_unique_min_diff.json
 create mode 100644 System Update/NoBuild_Comp/output/logs/pipeline_2026-04-02_18-42-10.log
 create mode 100644 System Update/NoBuild_Comp/output/summary/v39.30_2026-04-02_18-42.json
 create mode 100644 "System Update/\346\210\246\345\210\251\345\223\201\343\203\207\343\203\274\343\202\277/NoBuild_Comp/NoBuild_Comp_LootData_2026-04-02_18-42.json"
2026-04-02 18:42:21 | WARNING | git push stderr: To https://github.com/Greenfox0833/New-Loot.git
   44e1c83..3f7fe46  main -> main
2026-04-02 18:42:21 | INFO | ✓ GitHub Push 完了
2026-04-02 18:42:21 | INFO | ===== NoBuild_Comp: pipeline end =====
