2026-02-06 08:08:41 | INFO | log file (NoBuild_Comp): E:\フォートナイト\Picture\Loot Pool\TEST4\New Loot\System Update\NoBuild_Comp\output\logs\pipeline_2026-02-06_08-08-41.log
2026-02-06 08:08:41 | INFO | ===== NoBuild_Comp: pipeline start =====
2026-02-06 08:08:41 | INFO | paths: lt=E:\フォートナイト\Picture\Loot Pool\TEST4\New Loot\System Update\NoBuild_Comp\input\AthenaLootTierData_Client__final.json lp=E:\フォートナイト\Picture\Loot Pool\TEST4\New Loot\System Update\NoBuild_Comp\input\AthenaLootPackages_Client__final.json minlist=E:\フォートナイト\Picture\Loot Pool\TEST4\New Loot\System Update\NoBuild_Comp\input\items_unique_min.json
2026-02-06 08:08:41 | INFO | output: summary=E:\フォートナイト\Picture\Loot Pool\TEST4\New Loot\System Update\NoBuild_Comp\output\summary lootdata=E:\フォートナイト\Picture\Loot Pool\TEST4\New Loot\System Update\戦利品データ\NoBuild_Comp
2026-02-06 08:08:41 | INFO | flags: hotfix=True prewarm=True image=True workers=8
2026-02-06 08:08:41 | INFO | hotfix start: E:\フォートナイト\Picture\Loot Pool\TEST4\New Loot\System Update\LootPackage.py
2026-02-06 08:08:41 | INFO | hotfix lp stdout: [STEP1-2] merge e:\Fmodel\Exports\FortniteGame\Plugins\GameFeatures\DragonCartLoot\Content\DataTables\DragonCartLootPackages_Client.json : replaced=438, added=794
[STEP1-3] merge E:\Fmodel\Exports\FortniteGame\Plugins\GameFeatures\DragonCartLoot\Content\DataTables\NoBuildBR\OverrideLootPackagesData_NoBuildBR.json : replaced=9, added=21
[STEP1-4] merge E:\Fmodel\Exports\FortniteGame\Plugins\GameFeatures\DragonCartLoot\Content\DataTables\NoBuildComp\DragonCartLootPackages_Client_Comp_NoBuild.json : replaced=64, added=4
[STEP1-5] merge E:\Fmodel\Exports\FortniteGame\Plugins\GameFeatures\DragonCartLoot\Content\DataTables\NoBuildComp\DragonCartLootPackages_Client_Comp_Backup.json : replaced=1, added=0
[HOTFIX:SEASON1] target=/Game/Items/DataTables/AthenaLootPackages_Client
[HOTFIX:SEASON1] Addrow(TableUpdate) なし -> スキップ
[HOTFIX:SEASON1] done: applied=0, deleted=0, skipped=0
[HOTFIX:SEASON2] target=/DragonCartLoot/DataTables/DragonCartLootPackages_Client
[363] RowUpdate WorldList.AthenaHighConsumables.23.Weight=0.050000 -> OK
[364] RowUpdate WorldList.AthenaHighConsumablesRare.24.Weight=0.050000 -> OK
[365] RowUpdate WorldList.AthenaSupplyDropConsumables.23.Weight=0.050000 -> OK
[366] RowUpdate WorldList.AthenaConsumables.24.Weight=0.050000 -> OK
[373] RowUpdate PKG_ThemeParkCannon_Solo.01.Weight=0.250000 -> OK
[374] RowUpdate PKG_ThemeParkCannon_Solo.02.Weight=0.750000 -> OK
[375] RowUpdate PKG_ThemeParkCannon_Solo.02.LootPackageCall=WorldList.Weapons.Rarity.Epic -> OK
[376] RowUpdate PKG_ThemeParkCannon_Solo.04.Weight=0.000000 -> OK
[377] RowUpdate PKG_ThemeParkCannon_Duo.01.Weight=0.250000 -> OK
[378] RowUpdate PKG_ThemeParkCannon_Duo.02.Weight=0.750000 -> OK
[379] RowUpdate PKG_ThemeParkCannon_Duo.02.LootPackageCall=WorldList.Weapons.Rarity.Epic -> OK
[380] RowUpdate PKG_ThemeParkCannon_Duo.04.Weight=0.000000 -> OK
[381] RowUpdate PKG_ThemeParkCannon_Trio.01.Weight=0.250000 -> OK
[382] RowUpdate PKG_ThemeParkCannon_Trio.02.Weight=0.750000 -> OK
[383] RowUpdate PKG_ThemeParkCannon_Trio.02.LootPackageCall=WorldList.Weapons.Rarity.Epic -> OK
[384] RowUpdate PKG_ThemeParkCannon_Trio.04.Weight=0.000000 -> OK
[385] RowUpdate PKG_ThemeParkCannon_Squad.01.Weight=0.250000 -> OK
[386] RowUpdate PKG_ThemeParkCannon_Squad.02.Weight=0.750000 -> OK
[387] RowUpdate PKG_ThemeParkCannon_Squad.02.LootPackageCall=WorldList.Weapons.Rarity.Epic -> OK
[388] RowUpdate PKG_ThemeParkCannon_Squad.04.Weight=0.000000 -> OK
[389] RowUpdate LIST_ThemeParkCannon_Consumable.05.Weight=0.100000 -> OK
[390] RowUpdate LIST_ThemeParkCannon_Consumable.05.CountRange=(X=2,Y=2) -> OK
[391] RowUpdate LIST_ThemeParkCannon_Consumable.05.ItemDefinition=/PaprikaConsumables/Gameplay/ShieldRefresh/WID_Paprika_ShieldPot.WID_Paprika_ShieldPot -> OK
[392] RowUpdate LIST_ThemeParkCannon_Consumable.06.Weight=0.100000 -> OK
[393] RowUpdate LIST_ThemeParkCannon_Consumable.06.CountRange=(X=1,Y=1) -> OK
[394] RowUpdate LIST_ThemeParkCannon_Consumable.06.ItemDefinition=/PaprikaConsumables/Gameplay/MedRefresh/WID_Paprika_MedBox.WID_Paprika_MedBox -> OK
[441] RowUpdate WorldList.AthenaConsumables.18.Weight=0.010000 -> OK
[442] RowUpdate WorldList.Weapons.Rarity.Legendary.20.Weight=1.000000 -> OK
[443] RowUpdate WorldList.AthenaHighConsumables.19.Weight=0.000000 -> OK
[444] RowUpdate WorldList.AthenaHighConsumables.26.Weight=0.000000 -> OK
[445] RowUpdate WorldList.AthenaHighConsumablesRare.27.Weight=0.000000 -> OK
[446] RowUpdate WorldList.AthenaSupplyDropConsumables.25.Weight=0.000000 -> OK
[447] RowUpdate WorldList.AthenaConsumables.25.Weight=0.000000 -> OK
[448] RowUpdate LIST_Vend_Item_Seasonal_2.02.Weight=0.000000 -> OK
[449] RowUpdate LIST_ThemeParkCannon_Consumable.05.Weight=0.000000 -> OK
[490] RowUpdate WorldList.AthenaHighConsumables.14.Weight=0.200000 -> OK
[491] RowUpdate WorldList.AthenaHighConsumablesRare.14.Weight=0.200000 -> OK
[492] RowUpdate WorldList.AthenaSupplyDropConsumables.13.Weight=0.2500000 -> OK
[493] RowUpdate WorldList.AthenaConsumables.14.Weight=0.200000 -> OK
[574] RowUpdate WorldList.AthenaHighConsumables.21.CountRange=(X=2,Y=2) -> OK
[575] RowUpdate WorldList.AthenaHighConsumablesRare.22.CountRange=(X=2,Y=2) -> OK
[576] RowUpdate WorldList.AthenaSupplyDropConsumables.21.CountRange=(X=2,Y=2) -> OK
[577] RowUpdate WorldList.AthenaConsumables.22.CountRange=(X=2,Y=2) -> OK
[615] RowUpdate LIST_Vend_Item_Assault_Purple.01.Weight=0.000000 -> OK
[616] RowUpdate LIST_Vend_Item_Assault_Purple.02.Weight=0.000000 -> OK
[617] RowUpdate LIST_Vend_Item_Assault_Purple.03.Weight=0.000000 -> OK
[618] RowUpdate LIST_Vend_Item_Assault_Purple.05.Weight=0.000000 -> OK
[619] RowUpdate LIST_Vend_Item_Gold_3.01.Weight=0.000000 -> OK
[620] RowUpdate LIST_Vend_Item_Gold_3.02.Weight=0.000000 -> OK
[621] RowUpdate LIST_Vend_Item_Gold_3.04.Weight=0.000000 -> OK
[HOTFIX:SEASON2] Addrow(TableUpdate) なし -> スキップ
[HOTFIX:SEASON2] done: applied=50, deleted=0, skipped=0
[HOTFIX:SEASON3] target=/DragonCartLoot/DataTables/NoBuildBR/OverrideLootPackagesData_NoBuildBR
[HOTFIX:SEASON3] Addrow(TableUpdate) なし -> スキップ
[HOTFIX:SEASON3] done: applied=0, deleted=0, skipped=0
[HOTFIX:SEASON4] target=/DragonCartLoot/DataTables/NoBuildComp/DragonCartLootPackages_Client_Comp_NoBuild
[HOTFIX:SEASON4] Addrow(TableUpdate) なし -> スキップ
[HOTFIX:SEASON4] done: applied=0, deleted=0, skipped=0
[HOTFIX:SEASON5] target=/DragonCartLoot/DataTables/NoBuildComp/DragonCartLootPackages_Client_Comp_Backup
[609] TableUpdate -> ADD WorldList.AthenaHighConsumables.14
[609] TableUpdate -> ADD WorldList.AthenaHighConsumablesRare.14
[609] TableUpdate -> ADD WorldList.AthenaSupplyDropConsumables.13
[609] TableUpdate -> ADD WorldList.AthenaConsumables.14
[609] TableUpdate -> ADD LIST_Boss_Gamma_Consumable.01
[609] TableUpdate -> ADD LIST_Balloon_Item.02
[HOTFIX:SEASON5] done: applied=6, deleted=0, skipped=0
[WRITE] final -> E:\フォートナイト\Picture\Loot Pool\TEST4\New Loot\System Update\NoBuild_Comp\input\AthenaLootPackages_Client__final.json
[WRITE] per-input -> E:\フォートナイト\Picture\Loot Pool\TEST4\New Loot\System Update\NoBuild_Comp\input\DragonCartLootPackages_Client__final.json
[WRITE] per-input -> E:\フォートナイト\Picture\Loot Pool\TEST4\New Loot\System Update\NoBuild_Comp\input\OverrideLootPackagesData_NoBuildBR__final.json
[WRITE] per-input -> E:\フォートナイト\Picture\Loot Pool\TEST4\New Loot\System Update\NoBuild_Comp\input\DragonCartLootPackages_Client_Comp_NoBuild__final.json
[WRITE] per-input -> E:\フォートナイト\Picture\Loot Pool\TEST4\New Loot\System Update\NoBuild_Comp\input\DragonCartLootPackages_Client_Comp_Backup__final.json
2026-02-06 08:08:41 | INFO | hotfix start: E:\フォートナイト\Picture\Loot Pool\TEST4\New Loot\System Update\LootTier.py
2026-02-06 08:08:42 | INFO | hotfix lt stdout: [STEP1-2] merge e:\Fmodel\Exports\FortniteGame\Plugins\GameFeatures\DragonCartLoot\Content\DataTables\DragonCartLootTierData_Client.json : replaced=0, added=90
[STEP1-3] merge E:\Fmodel\Exports\FortniteGame\Plugins\GameFeatures\DragonCartLoot\Content\DataTables\NoBuildBR\OverrideLootTierData_NoBuildBR.json : replaced=0, added=0
[HOTFIX:SEASON1] target=/Game/Items/DataTables/AthenaLootTierData_Client
[357] RowUpdate Loot_AthenaTreasure_04.Weight=0.050000 -> OK
[358] RowUpdate Loot_ApolloTreasure_Rare_04.Weight=0.150000 -> OK
[359] RowUpdate Loot_AthenaSupplyDrop_03.Weight=0.300000 -> OK
[HOTFIX:SEASON1] done: applied=3, deleted=0, skipped=0
[HOTFIX:SEASON2] target=/DragonCartLoot/DataTables/DragonCartLootTierData_Client
[578] RowUpdate LTG_Vend_Item_Pistol_Green.01.Weight=0.000000 -> OK
[579] RowUpdate LTG_Vend_Item_Shotgun_Green.01.Weight=0.000000 -> OK
[580] RowUpdate LTG_Vend_Item_SMG_Green.01.Weight=0.000000 -> OK
[581] RowUpdate LTG_Vend_Item_Assault_Green.01.Weight=0.000000 -> OK
[HOTFIX:SEASON2] done: applied=4, deleted=0, skipped=0
[HOTFIX:SEASON3] target=/DragonCartLoot/DataTables/NoBuildBR/OverrideLootTierData_NoBuildBR
[HOTFIX:SEASON3] done: applied=0, deleted=0, skipped=0
[WRITE] final -> E:\フォートナイト\Picture\Loot Pool\TEST4\New Loot\System Update\NoBuild_Comp\input\AthenaLootTierData_Client__final.json
[WRITE] per-input -> E:\フォートナイト\Picture\Loot Pool\TEST4\New Loot\System Update\NoBuild_Comp\input\DragonCartLootTierData_Client__final.json
[WRITE] per-input -> E:\フォートナイト\Picture\Loot Pool\TEST4\New Loot\System Update\NoBuild_Comp\input\OverrideLootTierData_NoBuildBR__final.json
2026-02-06 08:08:42 | INFO | ✓ Hotfix 適用完了 (0.76s)
2026-02-06 08:08:42 | INFO | load lt: E:\フォートナイト\Picture\Loot Pool\TEST4\New Loot\System Update\NoBuild_Comp\input\AthenaLootTierData_Client__final.json
2026-02-06 08:08:42 | INFO | load lp: E:\フォートナイト\Picture\Loot Pool\TEST4\New Loot\System Update\NoBuild_Comp\input\AthenaLootPackages_Client__final.json
2026-02-06 08:08:42 | INFO | load done (0.02s)
2026-02-06 08:08:42 | INFO | build summary start
2026-02-06 08:08:42 | INFO | build summary done (0.01s)
2026-02-06 08:08:42 | INFO | enrich summary with names start
2026-02-06 08:08:42 | INFO | enrich summary done (0.00s)
2026-02-06 08:08:42 | INFO | ✅ まとめJSONを作成: E:\フォートナイト\Picture\Loot Pool\TEST4\New Loot\System Update\NoBuild_Comp\output\summary\v39.30_2026-02-06_08-08.json
2026-02-06 08:08:42 | INFO | build NoBuild_LootData start
2026-02-06 08:08:42 | INFO | build BR_LootData done (0.00s)
2026-02-06 08:08:42 | INFO | ✅ NoBuild_LootData を作成: E:\フォートナイト\Picture\Loot Pool\TEST4\New Loot\System Update\戦利品データ\NoBuild_Comp\NoBuild_Comp_LootData_2026-02-06_08-08.json
2026-02-06 08:08:42 | INFO | ✅ Web LootPool を更新: E:\フォートナイト\Web\assets\data\Loot\ZB_Comp_LootPool.json
2026-02-06 08:08:42 | INFO | LootSummary start: E:\フォートナイト\Picture\Loot Pool\TEST4\New Loot\System Update\NoBuild_Comp\scripts\LootSummary.py
2026-02-06 08:08:42 | INFO | LootSummary stdout: 🔎 抽出用: 最新ファイル = E:\フォートナイト\Picture\Loot Pool\TEST4\New Loot\System Update\NoBuild_Comp\output\summary\v39.30_2026-02-06_08-08.json
✅ 抽出件数: 118
💾 保存: E:\フォートナイト\Picture\Loot Pool\TEST4\New Loot\System Update\NoBuild_Comp\input\items_unique_min.json
🔎 比較用: base   = E:\フォートナイト\Picture\Loot Pool\TEST4\New Loot\System Update\NoBuild_Comp\output\summary\v39.30_2026-02-05_18-57.json
🔎 比較用: target = E:\フォートナイト\Picture\Loot Pool\TEST4\New Loot\System Update\NoBuild_Comp\output\summary\v39.30_2026-02-06_08-08.json
✅ 差分作成 完了
  追加   : 0 / 削除 : 1 / 変更 : 0 / 変化なし : 118
💾 差分: E:\フォートナイト\Picture\Loot Pool\TEST4\New Loot\System Update\NoBuild_Comp\output\history\BR_20260206_0808\items_unique_min_diff.json
2026-02-06 08:08:42 | WARNING | LootSummary stderr: E:\フォートナイト\Picture\Loot Pool\TEST4\New Loot\System Update\NoBuild_Comp\scripts\LootSummary.py:2: SyntaxWarning: invalid escape sequence '\B'
  """
2026-02-06 08:08:42 | INFO | ✅ LootSummary 実行完了（抽出→比較） (0.18s)
2026-02-06 08:08:42 | INFO | prewarm start
2026-02-06 08:09:05 | INFO | ✅ アイコンキャッシュ プリウォーム完了 (22.87s)
2026-02-06 08:09:05 | INFO | 画像化タスク数: 118
2026-02-06 08:09:05 | INFO | 画像生成 進捗: 1/118
2026-02-06 08:09:06 | INFO | 画像生成 進捗: 50/118
2026-02-06 08:09:08 | INFO | 画像生成 進捗: 100/118
2026-02-06 08:09:08 | INFO | 画像生成 進捗: 118/118
2026-02-06 08:09:08 | INFO | ✅ 画像生成 完了（MinListベース）
2026-02-06 08:09:09 | INFO | ✅ Loot diff を作成: E:\フォートナイト\Web\assets\data\Loot\diff\NoBuild_Comp_2026-02-06_08-09-08.json (added=0 removed=8 change=16)
2026-02-06 08:09:09 | INFO | ℹ️ BR_Discord が見つかりません: E:\フォートナイト\Picture\Loot Pool\TEST4\New Loot\System Update\NoBuild_Comp\scripts\BR_Discor.py
2026-02-06 08:09:09 | INFO | git add: E:\フォートナイト\Picture\Loot Pool\TEST4\New Loot
2026-02-06 08:09:10 | INFO | git commit stdout: [main ffee02c] NoBuild_Comp update 2026-02-06 08:09:09
 11 files changed, 46268 insertions(+), 50 deletions(-)
 create mode 100644 System Update/NoBuild_Comp/output/history/BR_20260206_0808/items_unique_min_diff.json
 create mode 100644 System Update/NoBuild_Comp/output/logs/pipeline_2026-02-06_08-08-41.log
 create mode 100644 System Update/NoBuild_Comp/output/summary/v39.30_2026-02-06_08-08.json
 create mode 100644 "System Update/\346\210\246\345\210\251\345\223\201\343\203\207\343\203\274\343\202\277/NoBuild_Comp/NoBuild_Comp_LootData_2026-02-06_08-08.json"
2026-02-06 08:09:12 | WARNING | git push stderr: To https://github.com/Greenfox0833/New-Loot.git
   5f88474..ffee02c  main -> main
2026-02-06 08:09:12 | INFO | ✓ GitHub Push 完了
2026-02-06 08:09:12 | INFO | ===== NoBuild_Comp: pipeline end =====
